15:31:10 0, 52, N/A, 39.62, 0|1, 52, N/A, 43.07, 0|2, 53, N/A, 45.78, 0|3, 55, N/A, 41.56, 0|4, 53, N/A, 42.30, 0|5, 58, N/A, 42.58, 0|6, 38, N/A, 28.53, 0|
15:31:12 0, 52, N/A, 39.62, 0|1, 51, N/A, 43.56, 0|2, 52, N/A, 45.78, 0|3, 55, N/A, 41.56, 0|4, 53, N/A, 42.30, 0|5, 58, N/A, 42.58, 0|6, 39, N/A, 34.43, 0|
15:31:14 0, 52, N/A, 40.11, 58|1, 51, N/A, 42.82, 0|2, 52, N/A, 45.53, 0|3, 54, N/A, 41.07, 0|4, 53, N/A, 42.06, 0|5, 58, N/A, 42.58, 0|6, 39, N/A, 34.43, 0|
15:31:16 0, 52, N/A, 39.62, 0|1, 51, N/A, 43.07, 0|2, 52, N/A, 46.51, 56|3, 54, N/A, 41.81, 0|4, 52, N/A, 42.06, 0|5, 58, N/A, 42.33, 0|6, 39, N/A, 34.43, 0|
15:31:18 0, 51, N/A, 39.62, 0|1, 51, N/A, 43.31, 0|2, 51, N/A, 46.27, 0|3, 54, N/A, 41.07, 0|4, 52, N/A, 42.30, 28|5, 57, N/A, 42.82, 19|6, 39, N/A, 34.43, 0|
15:31:20 0, 51, N/A, 39.13, 0|1, 50, N/A, 43.07, 0|2, 51, N/A, 46.27, 0|3, 54, N/A, 41.07, 0|4, 52, N/A, 42.30, 0|5, 57, N/A, 42.33, 0|6, 39, N/A, 39.82, 57|
15:31:22 0, 51, N/A, 39.87, 0|1, 50, N/A, 43.81, 0|2, 51, N/A, 47.01, 0|3, 53, N/A, 41.32, 0|4, 52, N/A, 42.31, 0|5, 57, N/A, 42.58, 0|6, 39, N/A, 39.57, 0|
15:31:24 0, 51, N/A, 39.87, 0|1, 50, N/A, 43.81, 0|2, 51, N/A, 46.76, 0|3, 53, N/A, 41.07, 0|4, 51, N/A, 42.30, 0|5, 56, N/A, 42.08, 0|6, 39, N/A, 34.68, 0|
15:31:26 0, 51, N/A, 41.34, 14|1, 50, N/A, 45.03, 12|2, 51, N/A, 50.67, 15|3, 54, N/A, 44.98, 12|4, 52, N/A, 49.90, 14|5, 57, N/A, 55.56, 14|6, 40, N/A, 71.16, 19|
15:31:29 0, 51, N/A, 41.84, 14|1, 50, N/A, 46.05, 12|2, 51, N/A, 53.41, 15|3, 54, N/A, 48.45, 12|4, 52, N/A, 57.30, 14|5, 57, N/A, 69.57, 14|6, 40, N/A, 108.17, 19|
15:31:31 0, 52, N/A, 43.83, 14|1, 50, N/A, 49.01, 12|2, 52, N/A, 61.32, 15|3, 53, N/A, 58.78, 12|4, 52, N/A, 78.92, 14|5, 57, N/A, 112.23, 14|6, 40, N/A, 73.67, 19|
15:31:33 0, 52, N/A, 46.79, 14|1, 50, N/A, 53.69, 12|2, 52, N/A, 69.17, 14|3, 54, N/A, 66.86, 12|4, 52, N/A, 99.21, 14|5, 57, N/A, 108.74, 14|6, 40, N/A, 35.93, 19|
15:31:35 0, 52, N/A, 51.22, 14|1, 50, N/A, 57.62, 12|2, 52, N/A, 83.19, 14|3, 54, N/A, 86.73, 12|4, 52, N/A, 115.60, 14|5, 57, N/A, 57.59, 13|6, 40, N/A, 36.18, 19|
15:31:37 0, 52, N/A, 57.38, 14|1, 51, N/A, 70.15, 12|2, 52, N/A, 115.24, 15|3, 54, N/A, 100.97, 12|4, 52, N/A, 73.51, 14|5, 57, N/A, 43.10, 14|6, 40, N/A, 36.42, 19|
15:31:39 0, 52, N/A, 64.24, 14|1, 51, N/A, 79.49, 12|2, 52, N/A, 122.86, 15|3, 54, N/A, 95.82, 12|4, 52, N/A, 43.34, 14|5, 57, N/A, 43.34, 14|6, 41, N/A, 37.16, 19|
15:31:41 0, 52, N/A, 79.94, 14|1, 51, N/A, 105.40, 12|2, 52, N/A, 105.66, 15|3, 54, N/A, 42.08, 12|4, 52, N/A, 43.58, 14|5, 57, N/A, 44.33, 14|6, 41, N/A, 38.88, 19|
15:31:43 0, 52, N/A, 95.89, 14|1, 51, N/A, 107.12, 12|2, 52, N/A, 58.80, 15|3, 54, N/A, 42.11, 12|4, 52, N/A, 44.08, 14|5, 57, N/A, 38.44, 14|6, 41, N/A, 39.13, 19|
15:31:45 0, 52, N/A, 55.90, 15|1, 50, N/A, 72.86, 13|2, 52, N/A, 132.38, 13|3, 54, N/A, 46.76, 13|4, 53, N/A, 43.34, 13|5, 57, N/A, 37.95, 15|6, 41, N/A, 37.66, 15|
15:31:47 0, 52, N/A, 35.97, 15|1, 50, N/A, 39.42, 13|2, 51, N/A, 43.12, 16|3, 54, N/A, 39.62, 13|4, 53, N/A, 53.17, 14|5, 57, N/A, 53.44, 10|6, 41, N/A, 91.35, 19|
15:31:49 0, 52, N/A, 58.86, 15|1, 51, N/A, 79.00, 13|2, 52, N/A, 94.42, 16|3, 54, N/A, 35.95, 13|4, 52, N/A, 37.92, 14|5, 57, N/A, 38.19, 15|6, 42, N/A, 37.90, 17|
15:31:51 0, 52, N/A, 37.45, 15|1, 50, N/A, 42.38, 9|2, 52, N/A, 50.27, 16|3, 54, N/A, 49.72, 13|4, 52, N/A, 71.34, 15|5, 57, N/A, 104.92, 11|6, 42, N/A, 60.72, 19|
15:31:54 0, 52, N/A, 35.24, 15|1, 50, N/A, 38.69, 13|2, 51, N/A, 41.65, 12|3, 53, N/A, 37.43, 13|4, 52, N/A, 40.14, 9|5, 57, N/A, 43.12, 15|6, 42, N/A, 54.61, 15|
15:31:56 0, 52, N/A, 52.21, 15|1, 50, N/A, 67.68, 10|2, 51, N/A, 110.83, 16|3, 53, N/A, 53.13, 13|4, 52, N/A, 37.68, 15|5, 57, N/A, 37.95, 15|6, 42, N/A, 37.66, 19|
15:31:58 0, 52, N/A, 36.96, 15|1, 50, N/A, 41.15, 13|2, 52, N/A, 48.05, 11|3, 53, N/A, 47.26, 13|4, 52, N/A, 63.99, 15|5, 57, N/A, 91.71, 15|6, 42, N/A, 80.60, 13|
15:32:00 0, 52, N/A, 38.19, 13|1, 50, N/A, 38.69, 13|2, 51, N/A, 41.65, 16|3, 53, N/A, 36.94, 13|4, 52, N/A, 39.65, 15|5, 57, N/A, 42.14, 14|6, 43, N/A, 51.66, 19|
15:32:02 0, 52, N/A, 49.25, 15|1, 50, N/A, 62.80, 13|2, 51, N/A, 106.03, 10|3, 53, N/A, 69.08, 13|4, 52, N/A, 37.68, 15|5, 57, N/A, 37.70, 15|6, 43, N/A, 37.41, 18|
15:32:04 0, 52, N/A, 36.22, 13|1, 50, N/A, 40.16, 13|2, 51, N/A, 44.85, 16|3, 53, N/A, 41.84, 13|4, 53, N/A, 51.19, 15|5, 57, N/A, 65.96, 15|6, 43, N/A, 117.01, 19|
15:32:06 0, 52, N/A, 93.73, 15|1, 50, N/A, 49.77, 13|2, 51, N/A, 41.40, 16|3, 53, N/A, 36.45, 10|4, 52, N/A, 38.17, 15|5, 57, N/A, 39.18, 15|6, 43, N/A, 40.86, 19|
15:32:08 0, 52, N/A, 38.93, 9|1, 50, N/A, 44.85, 13|2, 52, N/A, 56.89, 16|3, 53, N/A, 61.49, 13|4, 52, N/A, 100.25, 15|5, 57, N/A, 76.21, 15|6, 43, N/A, 36.43, 19|
15:32:10 0, 52, N/A, 35.73, 15|1, 50, N/A, 39.42, 13|2, 52, N/A, 43.62, 16|3, 53, N/A, 39.89, 13|4, 52, N/A, 46.54, 15|5, 57, N/A, 55.66, 9|6, 43, N/A, 95.77, 19|
15:32:12 0, 52, N/A, 95.44, 15|1, 50, N/A, 65.22, 13|2, 51, N/A, 41.15, 16|3, 53, N/A, 36.45, 13|4, 52, N/A, 38.42, 13|5, 57, N/A, 38.93, 15|6, 44, N/A, 42.08, 15|
15:32:14 0, 52, N/A, 41.40, 15|1, 50, N/A, 49.03, 7|2, 51, N/A, 69.21, 16|3, 53, N/A, 79.40, 13|4, 52, N/A, 86.54, 15|5, 57, N/A, 37.46, 14|6, 43, N/A, 36.92, 19|
15:32:16 0, 52, N/A, 35.73, 15|1, 50, N/A, 39.18, 13|2, 51, N/A, 43.12, 9|3, 53, N/A, 38.66, 13|4, 52, N/A, 43.59, 12|5, 57, N/A, 50.73, 15|6, 44, N/A, 76.66, 13|
15:32:18 0, 52, N/A, 76.30, 12|1, 50, N/A, 89.79, 13|2, 51, N/A, 52.67, 16|3, 53, N/A, 36.45, 13|4, 52, N/A, 37.92, 15|5, 57, N/A, 38.44, 15|6, 44, N/A, 40.12, 19|
15:32:21 0, 52, N/A, 39.18, 15|1, 50, N/A, 45.34, 13|2, 52, N/A, 58.12, 16|3, 53, N/A, 63.46, 13|4, 52, N/A, 102.47, 15|5, 57, N/A, 65.23, 15|6, 44, N/A, 36.92, 18|
15:32:23 0, 52, N/A, 35.73, 10|1, 50, N/A, 39.18, 13|2, 52, N/A, 42.38, 16|3, 53, N/A, 38.17, 13|4, 52, N/A, 42.60, 15|5, 57, N/A, 48.03, 14|6, 44, N/A, 74.20, 19|
15:32:25 0, 52, N/A, 69.66, 15|1, 50, N/A, 96.92, 12|2, 51, N/A, 64.98, 16|3, 53, N/A, 36.20, 8|4, 52, N/A, 37.92, 15|5, 57, N/A, 38.19, 15|6, 44, N/A, 39.62, 19|
15:32:27 0, 52, N/A, 38.19, 12|1, 50, N/A, 43.37, 13|2, 52, N/A, 53.72, 16|3, 53, N/A, 55.13, 13|4, 52, N/A, 82.12, 12|5, 57, N/A, 88.51, 15|6, 44, N/A, 36.92, 19|
15:32:29 0, 52, N/A, 35.48, 15|1, 50, N/A, 38.93, 12|2, 51, N/A, 42.38, 16|3, 53, N/A, 38.17, 13|4, 53, N/A, 41.12, 15|5, 57, N/A, 44.82, 8|6, 45, N/A, 57.81, 19|
15:32:31 0, 52, N/A, 58.61, 15|1, 50, N/A, 77.29, 13|2, 51, N/A, 99.08, 15|3, 53, N/A, 36.20, 13|4, 52, N/A, 37.92, 11|5, 57, N/A, 37.95, 15|6, 45, N/A, 38.40, 13|
15:32:33 0, 52, N/A, 38.69, 15|1, 50, N/A, 44.35, 13|2, 51, N/A, 56.64, 16|3, 53, N/A, 58.79, 13|4, 52, N/A, 96.81, 15|5, 57, N/A, 75.23, 15|6, 45, N/A, 37.16, 19|
15:32:35 0, 52, N/A, 35.73, 15|1, 50, N/A, 38.93, 13|2, 51, N/A, 42.13, 14|3, 53, N/A, 37.18, 12|4, 52, N/A, 40.63, 15|5, 57, N/A, 43.59, 15|6, 45, N/A, 59.00, 19|
15:32:37 0, 52, N/A, 56.89, 8|1, 50, N/A, 75.07, 13|2, 51, N/A, 102.29, 16|3, 53, N/A, 36.20, 13|4, 52, N/A, 37.92, 15|5, 57, N/A, 37.95, 15|6, 45, N/A, 38.64, 19|
15:32:39 0, 52, N/A, 37.95, 15|1, 50, N/A, 42.38, 10|2, 52, N/A, 51.72, 16|3, 53, N/A, 52.42, 10|4, 52, N/A, 76.51, 15|5, 57, N/A, 98.48, 12|6, 45, N/A, 47.47, 19|
15:32:41 0, 52, N/A, 35.73, 15|1, 50, N/A, 39.18, 13|2, 52, N/A, 42.13, 16|3, 53, N/A, 38.17, 13|4, 53, N/A, 42.85, 14|5, 57, N/A, 48.27, 15|6, 45, N/A, 72.48, 16|
15:32:43 0, 52, N/A, 77.24, 15|1, 50, N/A, 87.08, 13|2, 51, N/A, 46.54, 16|3, 53, N/A, 36.20, 13|4, 52, N/A, 38.17, 15|5, 57, N/A, 38.44, 12|6, 45, N/A, 40.86, 19|
15:32:46 0, 52, N/A, 39.18, 15|1, 50, N/A, 45.34, 13|2, 52, N/A, 59.10, 15|3, 53, N/A, 62.72, 13|4, 52, N/A, 103.21, 11|5, 57, N/A, 71.83, 15|6, 45, N/A, 37.16, 14|
15:32:48 0, 52, N/A, 35.73, 15|1, 50, N/A, 38.93, 9|2, 51, N/A, 42.38, 16|3, 53, N/A, 38.17, 13|4, 52, N/A, 42.60, 15|5, 57, N/A, 48.03, 14|6, 45, N/A, 72.48, 19|
15:32:50 0, 52, N/A, 74.83, 15|1, 50, N/A, 96.43, 13|2, 51, N/A, 69.17, 9|3, 53, N/A, 35.95, 13|4, 52, N/A, 37.92, 15|5, 57, N/A, 38.44, 15|6, 46, N/A, 40.12, 17|
15:32:52 0, 52, N/A, 38.93, 14|1, 50, N/A, 43.86, 13|2, 52, N/A, 52.21, 16|3, 53, N/A, 53.40, 13|4, 52, N/A, 79.41, 15|5, 57, N/A, 94.66, 15|6, 46, N/A, 40.10, 19|
15:32:54 0, 52, N/A, 35.24, 0|1, 50, N/A, 37.72, 0|2, 51, N/A, 40.41, 8|3, 53, N/A, 35.71, 7|4, 52, N/A, 36.96, 8|5, 56, N/A, 37.21, 7|6, 46, N/A, 36.92, 19|
15:32:56 0, 52, N/A, 40.41, 0|1, 51, N/A, 44.08, 0|2, 53, N/A, 190.64, 100|3, 52, N/A, 35.46, 0|4, 52, N/A, 36.69, 0|5, 56, N/A, 36.71, 0|6, 45, N/A, 36.67, 0|
15:32:58 0, 54, N/A, 140.15, 100|1, 50, N/A, 43.37, 0|2, 51, N/A, 46.82, 0|3, 53, N/A, 40.85, 0|4, 52, N/A, 43.07, 0|5, 57, N/A, 42.85, 0|6, 47, N/A, 173.90, 100|
15:33:00 0, 54, N/A, 133.92, 12|1, 51, N/A, 44.10, 0|2, 54, N/A, 49.25, 100|3, 55, N/A, 166.98, 74|4, 53, N/A, 145.53, 20|5, 56, N/A, 42.33, 0|6, 46, N/A, 41.56, 0|
15:33:02 0, 54, N/A, 41.12, 0|1, 54, N/A, 171.34, 100|2, 53, N/A, 47.74, 0|3, 56, N/A, 171.29, 100|4, 53, N/A, 43.07, 0|5, 58, N/A, 43.07, 0|6, 47, N/A, 43.78, 69|
15:33:04 0, 55, N/A, 41.58, 0|1, 54, N/A, 198.55, 100|2, 54, N/A, 48.97, 0|3, 56, N/A, 172.40, 100|4, 54, N/A, 44.02, 0|5, 60, N/A, 174.14, 100|6, 47, N/A, 42.99, 0|
15:33:06 0, 56, N/A, 42.54, 100|1, 53, N/A, 170.74, 37|2, 55, N/A, 51.18, 80|3, 55, N/A, 138.80, 0|4, 56, N/A, 44.98, 38|5, 59, N/A, 151.79, 37|6, 47, N/A, 43.47, 0|
15:33:08 0, 57, N/A, 184.99, 100|1, 53, N/A, 45.49, 0|2, 56, N/A, 166.82, 100|3, 55, N/A, 42.25, 0|4, 57, N/A, 145.91, 100|5, 59, N/A, 43.50, 0|6, 49, N/A, 44.21, 56|
15:33:11 0, 56, N/A, 187.06, 5|1, 54, N/A, 46.23, 78|2, 56, N/A, 175.44, 100|3, 56, N/A, 42.49, 36|4, 57, N/A, 156.26, 19|5, 60, N/A, 43.99, 0|6, 49, N/A, 165.60, 100|
15:33:13 0, 56, N/A, 41.78, 0|1, 55, N/A, 157.50, 100|2, 55, N/A, 49.43, 0|3, 58, N/A, 144.09, 100|4, 55, N/A, 44.48, 0|5, 62, N/A, 146.07, 100|6, 48, N/A, 52.51, 0|
15:33:15 0, 57, N/A, 42.54, 83|1, 55, N/A, 177.01, 3|2, 56, N/A, 50.66, 0|3, 57, N/A, 149.39, 77|4, 57, N/A, 45.19, 76|5, 61, N/A, 173.54, 99|6, 48, N/A, 43.69, 0|
15:33:17 0, 59, N/A, 180.56, 100|1, 54, N/A, 45.98, 0|2, 58, N/A, 203.59, 100|3, 56, N/A, 42.49, 0|4, 58, N/A, 158.71, 100|5, 60, N/A, 43.75, 0|6, 49, N/A, 44.43, 93|
15:33:19 0, 57, N/A, 149.10, 1|1, 55, N/A, 45.98, 92|2, 57, N/A, 165.35, 0|3, 57, N/A, 43.23, 20|4, 58, N/A, 147.45, 31|5, 61, N/A, 44.48, 1|6, 50, N/A, 187.87, 99|
15:33:21 0, 57, N/A, 42.27, 0|1, 57, N/A, 176.01, 100|2, 56, N/A, 49.89, 0|3, 59, N/A, 158.09, 100|4, 57, N/A, 44.70, 0|5, 62, N/A, 196.40, 100|6, 49, N/A, 43.69, 0|
15:33:23 0, 59, N/A, 183.40, 100|1, 55, N/A, 46.20, 0|2, 59, N/A, 164.52, 100|3, 56, N/A, 42.73, 0|4, 59, N/A, 50.11, 100|5, 61, N/A, 170.59, 0|6, 50, N/A, 44.43, 0|
15:33:25 0, 59, N/A, 171.42, 100|1, 56, N/A, 46.96, 0|2, 58, N/A, 182.04, 100|3, 57, N/A, 43.45, 1|4, 59, N/A, 186.75, 100|5, 61, N/A, 44.70, 0|6, 52, N/A, 159.49, 100|
15:33:27 0, 58, N/A, 42.52, 0|1, 57, N/A, 161.67, 100|2, 57, N/A, 50.38, 0|3, 59, N/A, 169.34, 100|4, 58, N/A, 45.44, 0|5, 63, N/A, 201.56, 100|6, 50, N/A, 44.18, 0|
15:33:29 0, 60, N/A, 171.76, 100|1, 55, N/A, 46.72, 0|2, 60, N/A, 80.32, 100|3, 57, N/A, 126.80, 0|4, 60, N/A, 51.56, 100|5, 62, N/A, 178.32, 0|6, 51, N/A, 44.67, 0|
15:33:31 0, 59, N/A, 168.24, 76|1, 57, N/A, 47.43, 7|2, 59, N/A, 184.38, 77|3, 58, N/A, 43.93, 0|4, 60, N/A, 187.12, 94|5, 62, N/A, 44.70, 4|6, 52, N/A, 169.88, 100|
15:33:33 0, 57, N/A, 42.05, 0|1, 55, N/A, 46.23, 0|2, 58, N/A, 50.90, 0|3, 60, N/A, 137.00, 100|4, 59, N/A, 45.94, 0|5, 64, N/A, 184.31, 100|6, 50, N/A, 44.44, 0|
15:33:36 0, 59, N/A, 147.57, 100|1, 54, N/A, 45.77, 0|2, 56, N/A, 49.46, 0|3, 57, N/A, 42.77, 0|4, 58, N/A, 45.23, 0|5, 61, N/A, 44.27, 0|6, 51, N/A, 44.71, 0|
15:33:38 0, 56, N/A, 41.59, 0|1, 55, N/A, 45.77, 0|2, 57, N/A, 50.20, 0|3, 59, N/A, 186.23, 100|4, 57, N/A, 44.76, 0|5, 60, N/A, 43.78, 0|6, 50, N/A, 43.75, 0|
15:33:40 0, 56, N/A, 45.77, 13|1, 55, N/A, 51.19, 11|2, 56, N/A, 65.67, 14|3, 57, N/A, 64.85, 12|4, 57, N/A, 98.47, 14|5, 61, N/A, 118.89, 16|6, 51, N/A, 55.51, 6|
15:33:42 0, 56, N/A, 43.31, 15|1, 54, N/A, 47.00, 13|2, 56, N/A, 54.38, 16|3, 57, N/A, 47.19, 9|4, 57, N/A, 56.29, 11|5, 61, N/A, 64.65, 15|6, 50, N/A, 116.38, 19|
15:33:44 0, 56, N/A, 87.95, 15|1, 54, N/A, 45.80, 13|2, 56, N/A, 51.44, 16|3, 56, N/A, 43.28, 13|4, 57, N/A, 46.02, 16|5, 60, N/A, 46.51, 15|6, 51, N/A, 52.60, 13|
15:33:46 0, 56, N/A, 37.18, 16|1, 53, N/A, 41.12, 14|2, 55, N/A, 46.79, 10|3, 56, N/A, 43.53, 7|4, 57, N/A, 64.90, 11|5, 60, N/A, 85.50, 15|6, 50, N/A, 142.92, 19|
15:33:48 0, 55, N/A, 37.95, 16|1, 53, N/A, 42.63, 14|2, 55, N/A, 51.96, 9|3, 56, N/A, 52.14, 12|4, 56, N/A, 79.16, 8|5, 59, N/A, 100.01, 16|6, 50, N/A, 47.94, 16|
15:33:50 0, 55, N/A, 89.30, 16|1, 53, N/A, 79.70, 10|2, 55, N/A, 42.63, 17|3, 55, N/A, 36.94, 14|4, 56, N/A, 39.40, 16|5, 59, N/A, 39.42, 15|6, 50, N/A, 42.58, 20|
15:33:52 0, 55, N/A, 36.96, 11|1, 53, N/A, 40.90, 14|2, 55, N/A, 46.57, 17|3, 55, N/A, 43.56, 14|4, 55, N/A, 56.36, 17|5, 59, N/A, 76.01, 16|6, 49, N/A, 113.08, 20|
15:33:54 0, 55, N/A, 54.42, 16|1, 52, N/A, 73.35, 14|2, 54, N/A, 108.17, 9|3, 55, N/A, 40.11, 7|4, 55, N/A, 38.66, 13|5, 59, N/A, 38.44, 16|6, 49, N/A, 39.62, 10|
15:33:56 0, 54, N/A, 36.22, 16|1, 52, N/A, 39.67, 13|2, 54, N/A, 43.37, 17|3, 55, N/A, 38.41, 12|4, 55, N/A, 43.59, 8|5, 58, N/A, 49.25, 8|6, 49, N/A, 76.90, 20|
15:33:58 0, 54, N/A, 40.90, 8|1, 52, N/A, 48.51, 14|2, 54, N/A, 66.46, 17|3, 54, N/A, 67.39, 14|4, 55, N/A, 103.88, 17|5, 58, N/A, 70.60, 16|6, 49, N/A, 38.15, 20|
15:34:01 0, 54, N/A, 97.11, 15|1, 51, N/A, 50.27, 14|2, 53, N/A, 42.13, 15|3, 54, N/A, 36.69, 11|4, 55, N/A, 39.15, 17|5, 58, N/A, 39.67, 16|6, 49, N/A, 44.79, 16|
15:34:03 0, 54, N/A, 37.21, 16|1, 51, N/A, 40.66, 7|2, 53, N/A, 48.05, 17|3, 54, N/A, 46.51, 8|4, 54, N/A, 65.68, 16|5, 58, N/A, 97.06, 16|6, 49, N/A, 77.64, 20|
15:34:05 0, 54, N/A, 67.69, 10|1, 51, N/A, 93.48, 11|2, 53, N/A, 75.28, 17|3, 54, N/A, 36.20, 14|4, 54, N/A, 38.42, 17|5, 58, N/A, 38.44, 16|6, 49, N/A, 40.61, 16|
15:34:07 0, 53, N/A, 36.22, 16|1, 51, N/A, 39.67, 14|2, 53, N/A, 44.11, 9|3, 54, N/A, 40.14, 14|4, 54, N/A, 48.98, 16|5, 57, N/A, 56.85, 16|6, 49, N/A, 96.01, 13|
15:34:09 0, 53, N/A, 44.33, 16|1, 51, N/A, 54.67, 14|2, 52, N/A, 88.31, 16|3, 53, N/A, 92.62, 14|4, 54, N/A, 53.65, 8|5, 57, N/A, 37.70, 8|6, 49, N/A, 38.64, 20|
15:34:11 0, 53, N/A, 35.73, 15|1, 50, N/A, 38.71, 14|2, 52, N/A, 42.14, 17|3, 53, N/A, 36.94, 14|4, 54, N/A, 40.88, 17|5, 57, N/A, 43.62, 16|6, 49, N/A, 61.00, 14|
15:34:13 0, 53, N/A, 40.90, 16|1, 51, N/A, 48.29, 14|2, 52, N/A, 69.17, 9|3, 53, N/A, 81.61, 11|4, 53, N/A, 83.35, 14|5, 57, N/A, 37.46, 16|6, 49, N/A, 38.40, 20|
15:34:15 0, 53, N/A, 35.48, 8|1, 50, N/A, 38.69, 10|2, 52, N/A, 41.89, 17|3, 53, N/A, 36.94, 14|4, 53, N/A, 40.39, 17|5, 57, N/A, 43.10, 10|6, 49, N/A, 58.29, 20|
15:34:17 0, 52, N/A, 39.18, 16|1, 50, N/A, 45.34, 14|2, 52, N/A, 61.07, 16|3, 53, N/A, 53.40, 13|4, 53, N/A, 86.01, 17|5, 56, N/A, 88.75, 16|6, 48, N/A, 37.90, 14|
15:34:19 0, 52, N/A, 91.95, 16|1, 50, N/A, 38.69, 7|2, 51, N/A, 41.40, 17|3, 53, N/A, 36.20, 8|4, 53, N/A, 38.91, 9|5, 56, N/A, 39.43, 8|6, 49, N/A, 45.01, 21|
15:34:21 0, 52, N/A, 36.96, 8|1, 50, N/A, 40.90, 14|2, 52, N/A, 48.79, 17|3, 52, N/A, 47.74, 14|4, 53, N/A, 71.83, 17|5, 56, N/A, 106.64, 14|6, 48, N/A, 76.61, 21|
15:34:23 0, 52, N/A, 75.77, 16|1, 50, N/A, 92.00, 14|2, 51, N/A, 46.05, 14|3, 52, N/A, 35.95, 14|4, 52, N/A, 38.17, 17|5, 56, N/A, 38.19, 16|6, 49, N/A, 41.59, 18|
15:34:26 0, 52, N/A, 36.22, 16|1, 50, N/A, 39.92, 7|2, 52, N/A, 45.34, 17|3, 53, N/A, 43.07, 7|4, 53, N/A, 57.84, 17|5, 56, N/A, 80.44, 12|6, 48, N/A, 98.17, 20|
15:34:28 0, 52, N/A, 67.44, 11|1, 49, N/A, 101.84, 14|2, 51, N/A, 67.69, 17|3, 52, N/A, 35.71, 14|4, 53, N/A, 37.92, 17|5, 56, N/A, 37.95, 16|6, 49, N/A, 40.86, 10|
15:34:30 0, 52, N/A, 36.22, 16|1, 50, N/A, 39.67, 14|2, 52, N/A, 44.35, 10|3, 53, N/A, 41.35, 12|4, 53, N/A, 52.42, 9|5, 56, N/A, 68.67, 16|6, 49, N/A, 111.12, 21|
15:34:32 0, 52, N/A, 57.38, 16|1, 50, N/A, 78.76, 7|2, 51, N/A, 96.63, 17|3, 52, N/A, 35.95, 14|4, 53, N/A, 37.92, 16|5, 57, N/A, 37.95, 16|6, 49, N/A, 39.87, 19|
15:34:34 0, 52, N/A, 35.97, 16|1, 50, N/A, 39.42, 14|2, 52, N/A, 44.36, 9|3, 53, N/A, 41.12, 14|4, 53, N/A, 51.19, 17|5, 56, N/A, 67.68, 16|6, 49, N/A, 114.80, 14|
15:34:36 0, 52, N/A, 66.21, 16|1, 50, N/A, 95.45, 12|2, 51, N/A, 72.36, 17|3, 52, N/A, 35.71, 14|4, 53, N/A, 37.92, 10|5, 56, N/A, 37.95, 14|6, 49, N/A, 40.61, 20|
15:34:38 0, 52, N/A, 36.22, 11|1, 50, N/A, 40.16, 14|2, 52, N/A, 46.08, 16|3, 53, N/A, 43.81, 14|4, 53, N/A, 59.32, 17|5, 56, N/A, 85.56, 16|6, 49, N/A, 93.31, 16|
15:34:40 0, 52, N/A, 84.13, 16|1, 50, N/A, 82.90, 14|2, 51, N/A, 41.15, 12|3, 52, N/A, 35.95, 12|4, 53, N/A, 38.17, 8|5, 56, N/A, 38.44, 16|6, 49, N/A, 42.09, 21|
15:34:42 0, 52, N/A, 36.71, 16|1, 50, N/A, 40.90, 7|2, 52, N/A, 47.80, 17|3, 53, N/A, 47.50, 14|4, 53, N/A, 69.13, 17|5, 57, N/A, 96.57, 16|6, 49, N/A, 77.40, 20|
15:34:44 0, 52, N/A, 95.89, 16|1, 50, N/A, 69.65, 14|2, 51, N/A, 40.91, 9|3, 52, N/A, 36.20, 14|4, 53, N/A, 38.17, 13|5, 56, N/A, 38.19, 16|6, 49, N/A, 41.59, 10|
15:34:46 0, 52, N/A, 36.22, 16|1, 50, N/A, 39.92, 9|2, 52, N/A, 45.83, 17|3, 53, N/A, 43.81, 14|4, 53, N/A, 58.83, 13|5, 56, N/A, 74.54, 8|6, 49, N/A, 113.81, 21|
15:34:48 0, 52, N/A, 64.74, 10|1, 50, N/A, 93.23, 14|2, 51, N/A, 79.95, 17|3, 52, N/A, 35.95, 14|4, 53, N/A, 37.92, 17|5, 56, N/A, 37.95, 16|6, 49, N/A, 40.61, 13|
15:34:50 0, 52, N/A, 36.22, 16|1, 50, N/A, 39.92, 14|2, 52, N/A, 45.09, 9|3, 52, N/A, 42.33, 7|4, 53, N/A, 55.62, 8|5, 57, N/A, 77.74, 10|6, 49, N/A, 101.36, 21|
15:34:53 0, 52, N/A, 72.36, 8|1, 50, N/A, 101.84, 14|2, 51, N/A, 64.27, 17|3, 52, N/A, 35.71, 14|4, 53, N/A, 37.92, 17|5, 56, N/A, 38.19, 15|6, 50, N/A, 41.35, 20|
15:34:55 0, 52, N/A, 36.22, 16|1, 50, N/A, 39.92, 14|2, 52, N/A, 45.59, 11|3, 52, N/A, 42.85, 7|4, 53, N/A, 56.61, 17|5, 57, N/A, 79.46, 16|6, 49, N/A, 99.64, 21|
15:34:57 0, 52, N/A, 78.47, 14|1, 50, N/A, 88.31, 8|2, 51, N/A, 41.15, 17|3, 52, N/A, 35.95, 14|4, 53, N/A, 38.17, 17|5, 56, N/A, 38.19, 8|6, 50, N/A, 42.09, 20|
15:34:59 0, 52, N/A, 36.96, 14|1, 50, N/A, 41.40, 14|2, 52, N/A, 49.77, 15|3, 52, N/A, 49.22, 11|4, 53, N/A, 74.54, 17|5, 56, N/A, 104.13, 16|6, 50, N/A, 51.41, 20|
15:35:01 0, 52, N/A, 86.59, 16|1, 50, N/A, 38.44, 7|2, 51, N/A, 41.40, 17|3, 52, N/A, 36.20, 14|4, 53, N/A, 38.66, 17|5, 56, N/A, 39.43, 8|6, 50, N/A, 46.74, 21|
15:35:03 0, 52, N/A, 38.69, 9|1, 50, N/A, 44.60, 14|2, 51, N/A, 58.12, 17|3, 52, N/A, 62.97, 14|4, 53, N/A, 108.25, 17|5, 56, N/A, 54.67, 16|6, 50, N/A, 38.40, 12|
15:35:05 0, 52, N/A, 45.56, 16|1, 50, N/A, 38.44, 14|2, 51, N/A, 41.40, 17|3, 52, N/A, 36.45, 7|4, 53, N/A, 39.65, 10|5, 56, N/A, 40.91, 8|6, 50, N/A, 51.41, 21|
15:35:07 0, 52, N/A, 40.16, 8|1, 50, N/A, 46.32, 14|2, 51, N/A, 60.84, 17|3, 53, N/A, 66.65, 14|4, 53, N/A, 107.08, 17|5, 56, N/A, 63.25, 15|6, 50, N/A, 38.40, 20|
15:35:09 0, 52, N/A, 62.55, 16|1, 50, N/A, 38.44, 14|2, 51, N/A, 41.40, 17|3, 52, N/A, 36.20, 9|4, 53, N/A, 38.91, 14|5, 57, N/A, 40.17, 16|6, 50, N/A, 48.95, 21|
15:35:11 0, 52, N/A, 39.42, 16|1, 50, N/A, 45.58, 12|2, 52, N/A, 59.60, 17|3, 53, N/A, 64.93, 15|4, 53, N/A, 105.10, 17|5, 56, N/A, 47.51, 8|6, 50, N/A, 38.40, 21|
15:35:13 0, 52, N/A, 35.73, 11|1, 50, N/A, 38.44, 14|2, 52, N/A, 41.40, 17|3, 52, N/A, 36.45, 14|4, 53, N/A, 38.91, 17|5, 57, N/A, 40.17, 16|6, 50, N/A, 49.69, 21|
15:35:15 0, 52, N/A, 39.42, 16|1, 50, N/A, 45.58, 7|2, 52, N/A, 62.80, 17|3, 52, N/A, 71.04, 11|4, 53, N/A, 96.56, 17|5, 56, N/A, 37.21, 8|6, 50, N/A, 38.64, 21|
15:35:18 0, 56, N/A, 147.66, 100|1, 52, N/A, 49.00, 100|2, 51, N/A, 138.03, 0|3, 52, N/A, 35.46, 0|4, 52, N/A, 36.94, 0|5, 56, N/A, 36.71, 0|6, 49, N/A, 37.90, 0|
15:35:20 0, 54, N/A, 41.86, 16|1, 52, N/A, 147.24, 79|2, 52, N/A, 47.52, 0|3, 54, N/A, 42.08, 66|4, 56, N/A, 161.13, 100|5, 57, N/A, 167.25, 51|6, 49, N/A, 37.88, 0|
15:35:22 0, 56, N/A, 159.59, 100|1, 52, N/A, 44.81, 0|2, 55, N/A, 182.05, 100|3, 54, N/A, 41.34, 0|4, 56, N/A, 181.12, 100|5, 57, N/A, 42.60, 0|6, 51, N/A, 44.51, 0|
15:35:24 0, 55, N/A, 41.59, 0|1, 54, N/A, 151.07, 100|2, 54, N/A, 48.48, 0|3, 56, N/A, 172.74, 100|4, 55, N/A, 44.27, 0|5, 60, N/A, 149.45, 100|6, 50, N/A, 44.49, 0|
15:35:26 0, 57, N/A, 175.19, 100|1, 52, N/A, 45.00, 0|2, 56, N/A, 191.13, 100|3, 54, N/A, 41.53, 0|4, 58, N/A, 180.89, 100|5, 58, N/A, 43.28, 0|6, 52, N/A, 45.44, 0|
15:35:28 0, 55, N/A, 41.31, 0|1, 54, N/A, 50.41, 100|2, 55, N/A, 185.34, 7|3, 56, N/A, 42.76, 100|4, 56, N/A, 176.49, 0|5, 60, N/A, 44.76, 92|6, 52, N/A, 163.67, 0|
15:35:30 0, 57, N/A, 42.79, 72|1, 54, N/A, 183.14, 18|2, 56, N/A, 50.90, 100|3, 55, N/A, 148.26, 49|4, 57, N/A, 45.72, 69|5, 60, N/A, 144.20, 0|6, 52, N/A, 45.19, 0|
15:35:32 0, 57, N/A, 170.21, 13|1, 54, N/A, 45.98, 57|2, 57, N/A, 158.23, 100|3, 55, N/A, 42.24, 2|4, 58, N/A, 182.72, 63|5, 59, N/A, 43.99, 0|6, 54, N/A, 171.97, 100|
15:35:34 0, 57, N/A, 42.30, 0|1, 55, N/A, 188.02, 100|2, 56, N/A, 50.17, 19|3, 57, N/A, 152.17, 44|4, 57, N/A, 45.47, 0|5, 61, N/A, 143.38, 90|6, 52, N/A, 45.19, 0|
15:35:36 0, 58, N/A, 139.60, 95|1, 54, N/A, 45.98, 2|2, 58, N/A, 199.06, 100|3, 56, N/A, 42.24, 0|4, 59, N/A, 184.31, 100|5, 60, N/A, 43.97, 0|6, 54, N/A, 174.79, 100|
15:35:38 0, 56, N/A, 42.27, 0|1, 55, N/A, 172.58, 100|2, 56, N/A, 49.92, 0|3, 57, N/A, 151.33, 100|4, 57, N/A, 45.44, 0|5, 61, N/A, 183.70, 100|6, 52, N/A, 44.92, 0|
15:35:40 0, 58, N/A, 143.93, 100|1, 54, N/A, 46.22, 0|2, 58, N/A, 191.37, 100|3, 56, N/A, 42.47, 0|4, 59, N/A, 163.25, 100|5, 60, N/A, 43.72, 0|6, 55, N/A, 187.13, 100|
15:35:43 0, 57, N/A, 42.27, 0|1, 56, N/A, 182.29, 100|2, 56, N/A, 49.89, 0|3, 58, N/A, 165.43, 100|4, 57, N/A, 45.19, 0|5, 62, N/A, 176.84, 100|6, 52, N/A, 45.17, 0|
15:35:45 0, 59, N/A, 177.77, 100|1, 54, N/A, 45.73, 0|2, 58, N/A, 162.29, 100|3, 56, N/A, 42.47, 0|4, 60, N/A, 158.36, 100|5, 60, N/A, 43.99, 0|6, 55, N/A, 199.96, 100|
15:35:47 0, 57, N/A, 42.27, 0|1, 56, N/A, 175.68, 100|2, 57, N/A, 50.13, 0|3, 58, N/A, 142.78, 100|4, 57, N/A, 45.44, 0|5, 62, N/A, 172.45, 100|6, 52, N/A, 45.17, 0|
15:35:49 0, 59, N/A, 152.91, 100|1, 54, N/A, 46.20, 0|2, 59, N/A, 203.32, 100|3, 56, N/A, 42.46, 0|4, 60, N/A, 161.52, 100|5, 60, N/A, 43.97, 0|6, 55, N/A, 194.47, 100|
15:35:51 0, 57, N/A, 42.27, 0|1, 56, N/A, 178.21, 100|2, 57, N/A, 50.41, 0|3, 58, N/A, 139.69, 100|4, 58, N/A, 45.69, 0|5, 62, N/A, 185.41, 100|6, 53, N/A, 45.17, 0|
15:35:53 0, 59, N/A, 141.97, 100|1, 55, N/A, 46.44, 0|2, 59, N/A, 178.21, 100|3, 56, N/A, 42.95, 0|4, 60, N/A, 185.77, 100|5, 60, N/A, 44.45, 0|6, 55, N/A, 167.68, 100|
15:35:55 0, 57, N/A, 42.52, 29|1, 56, N/A, 174.79, 63|2, 57, N/A, 50.87, 0|3, 58, N/A, 149.62, 93|4, 58, N/A, 45.93, 0|5, 62, N/A, 160.08, 100|6, 53, N/A, 45.41, 0|
15:35:57 0, 58, N/A, 143.20, 72|1, 55, N/A, 47.18, 2|2, 58, N/A, 165.97, 87|3, 57, N/A, 43.20, 2|4, 60, N/A, 189.19, 100|5, 61, N/A, 44.70, 20|6, 55, N/A, 171.34, 100|
15:35:59 0, 58, N/A, 43.25, 100|1, 56, N/A, 186.43, 0|2, 58, N/A, 52.10, 43|3, 57, N/A, 143.75, 14|4, 59, N/A, 46.67, 100|5, 61, N/A, 159.20, 51|6, 53, N/A, 45.90, 0|
15:36:01 0, 56, N/A, 42.03, 0|1, 54, N/A, 45.74, 0|2, 58, N/A, 51.64, 5|3, 59, N/A, 167.63, 100|4, 59, N/A, 184.69, 31|5, 62, N/A, 45.44, 100|6, 54, N/A, 156.17, 0|
15:36:03 0, 55, N/A, 36.15, 0|1, 53, N/A, 38.63, 0|2, 56, N/A, 49.68, 0|3, 56, N/A, 42.03, 0|4, 58, N/A, 45.22, 0|5, 61, N/A, 44.51, 0|6, 56, N/A, 160.83, 100|
15:36:05 0, 56, N/A, 41.59, 0|1, 54, N/A, 45.28, 0|2, 58, N/A, 162.69, 100|3, 55, N/A, 36.40, 0|4, 57, N/A, 38.61, 0|5, 59, N/A, 43.56, 0|6, 52, N/A, 45.22, 0|
15:36:08 0, 55, N/A, 41.32, 0|1, 53, N/A, 44.54, 0|2, 55, N/A, 48.97, 0|3, 55, N/A, 42.03, 0|4, 58, N/A, 45.72, 0|5, 61, N/A, 148.14, 100|6, 52, N/A, 38.34, 0|
15:36:10 0, 55, N/A, 45.00, 16|1, 53, N/A, 50.45, 9|2, 56, N/A, 66.64, 17|3, 55, N/A, 68.00, 7|4, 57, N/A, 116.44, 9|5, 59, N/A, 102.08, 8|6, 53, N/A, 45.69, 20|
15:36:12 0, 55, N/A, 42.33, 8|1, 53, N/A, 45.53, 14|2, 55, N/A, 51.68, 18|3, 55, N/A, 44.49, 14|4, 57, N/A, 50.88, 17|5, 59, N/A, 55.83, 16|6, 53, N/A, 90.50, 16|
15:36:14 0, 55, N/A, 85.50, 16|1, 52, N/A, 127.62, 7|2, 55, N/A, 84.56, 18|3, 55, N/A, 42.30, 12|4, 56, N/A, 45.25, 17|5, 59, N/A, 44.79, 10|6, 53, N/A, 49.41, 20|
15:36:16 0, 55, N/A, 49.25, 16|1, 52, N/A, 59.06, 14|2, 55, N/A, 92.98, 17|3, 55, N/A, 106.01, 7|4, 56, N/A, 100.44, 17|5, 59, N/A, 43.59, 16|6, 52, N/A, 46.00, 20|
15:36:18 0, 55, N/A, 42.60, 16|1, 52, N/A, 46.32, 7|2, 55, N/A, 54.42, 18|3, 55, N/A, 49.22, 15|4, 56, N/A, 64.69, 16|5, 59, N/A, 85.80, 16|6, 52, N/A, 139.42, 20|
15:36:20 0, 55, N/A, 81.91, 16|1, 52, N/A, 45.09, 14|2, 55, N/A, 50.49, 9|3, 55, N/A, 42.82, 15|4, 56, N/A, 46.76, 10|5, 59, N/A, 47.77, 16|6, 53, N/A, 60.97, 20|
15:36:22 0, 55, N/A, 59.84, 8|1, 52, N/A, 71.37, 14|2, 55, N/A, 135.57, 15|3, 54, N/A, 88.94, 15|4, 56, N/A, 44.79, 17|5, 58, N/A, 43.83, 16|6, 52, N/A, 46.49, 10|
15:36:24 0, 55, N/A, 43.34, 16|1, 52, N/A, 46.82, 7|2, 55, N/A, 58.61, 18|3, 54, N/A, 55.83, 15|4, 56, N/A, 84.57, 15|5, 58, N/A, 125.74, 8|6, 52, N/A, 83.49, 20|
15:36:26 0, 54, N/A, 41.86, 15|1, 52, N/A, 45.09, 14|2, 54, N/A, 50.49, 16|3, 54, N/A, 43.07, 7|4, 56, N/A, 47.51, 17|5, 58, N/A, 49.99, 13|6, 52, N/A, 68.83, 20|
15:36:28 0, 54, N/A, 71.62, 8|1, 51, N/A, 102.02, 14|2, 54, N/A, 115.49, 18|3, 54, N/A, 41.86, 15|4, 55, N/A, 44.82, 17|5, 58, N/A, 44.08, 16|6, 52, N/A, 47.96, 17|
15:36:30 0, 54, N/A, 45.56, 16|1, 51, N/A, 52.70, 14|2, 54, N/A, 73.84, 10|3, 54, N/A, 82.35, 14|4, 55, N/A, 132.89, 9|5, 58, N/A, 57.84, 10|6, 52, N/A, 45.50, 20|
15:36:33 0, 54, N/A, 42.11, 15|1, 51, N/A, 45.34, 14|2, 54, N/A, 52.21, 12|3, 54, N/A, 46.27, 14|4, 56, N/A, 56.60, 17|5, 58, N/A, 70.36, 16|6, 52, N/A, 146.77, 13|
15:36:35 0, 54, N/A, 89.24, 16|1, 51, N/A, 44.60, 7|2, 54, N/A, 49.74, 18|3, 54, N/A, 42.33, 15|4, 55, N/A, 45.78, 17|5, 58, N/A, 46.54, 16|6, 52, N/A, 58.26, 12|
15:36:37 0, 54, N/A, 61.31, 16|1, 51, N/A, 69.15, 14|2, 53, N/A, 112.29, 9|3, 53, N/A, 117.06, 7|4, 55, N/A, 70.10, 9|5, 57, N/A, 43.34, 8|6, 52, N/A, 46.00, 20|
15:36:39 0, 54, N/A, 42.60, 8|1, 51, N/A, 46.57, 14|2, 53, N/A, 55.41, 18|3, 53, N/A, 51.65, 15|4, 55, N/A, 70.60, 17|5, 57, N/A, 102.46, 16|6, 52, N/A, 121.10, 11|
15:36:41 0, 53, N/A, 41.64, 16|1, 51, N/A, 44.60, 14|2, 53, N/A, 50.27, 18|3, 53, N/A, 43.56, 15|4, 55, N/A, 49.23, 9|5, 57, N/A, 54.64, 9|6, 52, N/A, 88.90, 20|
15:36:43 0, 53, N/A, 110.33, 16|1, 51, N/A, 99.33, 14|2, 53, N/A, 49.28, 12|3, 53, N/A, 41.62, 7|4, 54, N/A, 44.82, 17|5, 57, N/A, 44.60, 16|6, 52, N/A, 50.67, 20|
15:36:45 0, 54, N/A, 50.24, 11|1, 51, N/A, 61.32, 7|2, 53, N/A, 103.01, 18|3, 53, N/A, 117.80, 15|4, 54, N/A, 67.11, 17|5, 57, N/A, 43.10, 16|6, 52, N/A, 45.75, 11|
15:36:47 0, 53, N/A, 42.11, 16|1, 50, N/A, 45.83, 8|2, 53, N/A, 53.69, 16|3, 53, N/A, 48.97, 10|4, 54, N/A, 65.18, 10|5, 57, N/A, 88.26, 8|6, 52, N/A, 136.48, 20|
15:36:49 0, 53, N/A, 41.37, 16|1, 50, N/A, 38.44, 16|2, 52, N/A, 42.63, 12|3, 53, N/A, 44.30, 10|4, 54, N/A, 51.44, 15|5, 57, N/A, 59.32, 8|6, 51, N/A, 106.03, 20|
15:36:51 0, 53, N/A, 83.39, 9|1, 50, N/A, 82.66, 15|2, 52, N/A, 41.40, 19|3, 52, N/A, 35.95, 16|4, 54, N/A, 38.42, 19|5, 57, N/A, 38.44, 17|6, 52, N/A, 49.93, 11|
15:36:53 0, 53, N/A, 35.48, 9|1, 50, N/A, 38.21, 12|2, 52, N/A, 41.89, 19|3, 53, N/A, 36.69, 9|4, 54, N/A, 40.63, 19|5, 57, N/A, 43.37, 17|6, 51, N/A, 61.22, 14|
15:36:55 0, 53, N/A, 36.22, 14|1, 50, N/A, 38.93, 16|2, 52, N/A, 44.36, 10|3, 53, N/A, 41.35, 13|4, 54, N/A, 55.38, 12|5, 57, N/A, 76.51, 17|6, 51, N/A, 104.55, 11|
15:36:58 0, 53, N/A, 38.19, 11|1, 50, N/A, 43.86, 15|2, 52, N/A, 61.32, 10|3, 52, N/A, 70.84, 8|4, 54, N/A, 99.52, 15|5, 56, N/A, 37.21, 9|6, 51, N/A, 38.89, 22|
15:37:00 0, 53, N/A, 53.69, 9|1, 50, N/A, 75.56, 8|2, 52, N/A, 101.55, 16|3, 52, N/A, 35.95, 8|4, 54, N/A, 38.17, 10|5, 57, N/A, 37.70, 9|6, 51, N/A, 39.87, 22|
15:37:02 0, 52, N/A, 93.18, 17|1, 50, N/A, 49.99, 12|2, 52, N/A, 41.40, 12|3, 52, N/A, 35.95, 16|4, 54, N/A, 38.66, 9|5, 57, N/A, 38.93, 12|6, 52, N/A, 44.79, 22|
15:37:04 0, 53, N/A, 35.73, 17|1, 50, N/A, 38.19, 8|2, 52, N/A, 42.13, 19|3, 52, N/A, 37.18, 15|4, 54, N/A, 42.60, 19|5, 57, N/A, 48.27, 10|6, 52, N/A, 81.08, 22|
15:37:06 0, 53, N/A, 36.47, 11|1, 50, N/A, 39.92, 8|2, 52, N/A, 47.56, 19|3, 53, N/A, 47.26, 16|4, 54, N/A, 73.31, 19|5, 57, N/A, 100.50, 9|6, 51, N/A, 75.92, 11|
15:37:08 0, 53, N/A, 40.16, 15|1, 50, N/A, 47.28, 8|2, 52, N/A, 69.90, 17|3, 53, N/A, 77.68, 16|4, 53, N/A, 89.93, 19|5, 57, N/A, 37.21, 17|6, 52, N/A, 38.89, 11|
15:37:10 0, 53, N/A, 53.69, 9|1, 50, N/A, 73.10, 15|2, 52, N/A, 106.47, 19|3, 52, N/A, 35.73, 8|4, 53, N/A, 38.19, 19|5, 57, N/A, 37.46, 17|6, 52, N/A, 40.12, 22|
15:37:12 0, 52, N/A, 96.88, 9|1, 50, N/A, 46.54, 16|2, 52, N/A, 41.40, 10|3, 52, N/A, 35.95, 8|4, 54, N/A, 38.66, 19|5, 57, N/A, 38.69, 11|6, 52, N/A, 44.30, 22|
15:37:14 0, 53, N/A, 35.73, 17|1, 50, N/A, 38.19, 15|2, 52, N/A, 42.13, 10|3, 52, N/A, 36.69, 16|4, 54, N/A, 41.12, 9|5, 57, N/A, 44.33, 15|6, 52, N/A, 59.99, 22|
15:37:16 0, 53, N/A, 35.97, 17|1, 50, N/A, 38.44, 15|2, 52, N/A, 43.37, 19|3, 53, N/A, 39.40, 13|4, 54, N/A, 48.27, 9|5, 56, N/A, 62.27, 8|6, 52, N/A, 125.28, 22|
15:37:18 0, 53, N/A, 37.45, 17|1, 50, N/A, 41.64, 8|2, 52, N/A, 53.69, 19|3, 53, N/A, 58.05, 9|4, 54, N/A, 106.63, 15|5, 56, N/A, 71.33, 8|6, 52, N/A, 38.89, 22|
15:37:20 0, 53, N/A, 47.80, 17|1, 50, N/A, 61.56, 8|2, 52, N/A, 101.11, 18|3, 52, N/A, 76.94, 16|4, 53, N/A, 37.92, 12|5, 56, N/A, 37.21, 17|6, 52, N/A, 39.62, 17|
15:37:23 0, 52, N/A, 92.99, 9|1, 50, N/A, 84.62, 13|2, 52, N/A, 41.40, 19|3, 52, N/A, 35.95, 16|4, 54, N/A, 38.42, 19|5, 56, N/A, 38.19, 15|6, 52, N/A, 42.83, 20|
15:37:25 0, 52, N/A, 35.48, 9|1, 50, N/A, 37.97, 10|2, 52, N/A, 41.67, 19|3, 52, N/A, 36.45, 16|4, 54, N/A, 39.89, 19|5, 56, N/A, 41.40, 17|6, 52, N/A, 55.10, 11|
15:37:27 0, 53, N/A, 35.95, 15|1, 50, N/A, 38.69, 15|2, 52, N/A, 43.34, 10|3, 52, N/A, 38.64, 16|4, 54, N/A, 46.76, 11|5, 56, N/A, 59.31, 17|6, 52, N/A, 110.14, 11|
15:37:29 0, 53, N/A, 36.71, 12|1, 50, N/A, 41.15, 15|2, 52, N/A, 51.72, 14|3, 52, N/A, 53.90, 8|4, 54, N/A, 86.54, 15|5, 56, N/A, 92.14, 8|6, 52, N/A, 38.89, 22|
15:37:31 0, 53, N/A, 43.86, 17|1, 50, N/A, 54.92, 8|2, 52, N/A, 96.19, 10|3, 52, N/A, 80.88, 8|4, 53, N/A, 37.92, 9|5, 56, N/A, 37.21, 9|6, 52, N/A, 39.62, 22|
15:37:33 0, 53, N/A, 97.61, 17|1, 50, N/A, 43.61, 9|2, 52, N/A, 41.40, 10|3, 52, N/A, 35.71, 16|4, 53, N/A, 38.66, 9|5, 56, N/A, 38.93, 10|6, 52, N/A, 45.78, 19|
15:37:35 0, 53, N/A, 35.48, 17|1, 50, N/A, 38.19, 12|2, 52, N/A, 41.89, 19|3, 52, N/A, 36.69, 16|4, 54, N/A, 41.12, 19|5, 56, N/A, 45.07, 14|6, 52, N/A, 68.09, 21|
15:37:37 0, 53, N/A, 36.22, 10|1, 50, N/A, 39.45, 8|2, 52, N/A, 45.83, 19|3, 52, N/A, 43.81, 16|4, 54, N/A, 62.77, 19|5, 56, N/A, 94.90, 13|6, 52, N/A, 85.46, 11|
15:37:39 0, 53, N/A, 41.40, 16|1, 50, N/A, 49.50, 8|2, 52, N/A, 79.26, 11|3, 52, N/A, 95.76, 16|4, 53, N/A, 55.60, 19|5, 56, N/A, 37.21, 17|6, 52, N/A, 39.38, 11|
15:37:41 0, 53, N/A, 86.84, 9|1, 50, N/A, 81.67, 15|2, 52, N/A, 41.15, 13|3, 52, N/A, 35.71, 8|4, 54, N/A, 38.17, 19|5, 56, N/A, 38.19, 17|6, 52, N/A, 42.83, 11|
15:37:43 0, 52, N/A, 35.73, 9|1, 50, N/A, 38.19, 15|2, 52, N/A, 41.89, 14|3, 52, N/A, 36.94, 8|4, 54, N/A, 41.62, 19|5, 57, N/A, 45.80, 12|6, 52, N/A, 74.20, 22|
15:37:45 0, 53, N/A, 36.47, 17|1, 50, N/A, 39.67, 14|2, 52, N/A, 47.06, 11|3, 52, N/A, 46.27, 8|4, 54, N/A, 71.34, 9|5, 56, N/A, 108.79, 14|6, 52, N/A, 61.95, 20|
15:37:48 0, 53, N/A, 41.40, 17|1, 50, N/A, 48.76, 16|2, 52, N/A, 78.52, 10|3, 52, N/A, 97.23, 15|4, 53, N/A, 59.29, 9|5, 56, N/A, 37.45, 10|6, 52, N/A, 39.38, 22|
15:37:50 0, 53, N/A, 68.92, 12|1, 50, N/A, 101.54, 8|2, 52, N/A, 56.89, 19|3, 52, N/A, 35.71, 13|4, 53, N/A, 38.17, 19|5, 56, N/A, 37.70, 9|6, 52, N/A, 40.86, 22|
15:37:52 0, 55, N/A, 147.77, 100|1, 49, N/A, 37.70, 0|2, 51, N/A, 40.41, 0|3, 52, N/A, 35.46, 0|4, 53, N/A, 37.19, 0|5, 56, N/A, 36.96, 0|6, 52, N/A, 38.64, 0|
15:37:54 0, 53, N/A, 40.88, 0|1, 52, N/A, 44.32, 0|2, 55, N/A, 168.52, 100|3, 54, N/A, 143.80, 90|4, 53, N/A, 37.18, 0|5, 56, N/A, 36.94, 0|6, 51, N/A, 38.61, 0|
15:37:56 0, 55, N/A, 144.85, 22|1, 52, N/A, 44.81, 23|2, 55, N/A, 161.30, 69|3, 53, N/A, 41.29, 3|4, 57, N/A, 45.74, 96|5, 59, N/A, 174.00, 67|6, 53, N/A, 188.11, 100|
15:37:58 0, 56, N/A, 42.81, 100|1, 52, N/A, 172.71, 38|2, 57, N/A, 109.99, 100|3, 53, N/A, 91.21, 0|4, 57, N/A, 46.21, 65|5, 57, N/A, 147.14, 0|6, 52, N/A, 45.19, 0|
15:38:00 0, 55, N/A, 41.31, 0|1, 54, N/A, 170.25, 100|2, 54, N/A, 48.45, 0|3, 56, N/A, 53.30, 95|4, 56, N/A, 172.27, 0|5, 60, N/A, 159.30, 100|6, 52, N/A, 45.19, 0|
15:38:02 0, 57, N/A, 171.63, 100|1, 52, N/A, 44.51, 0|2, 57, N/A, 192.33, 100|3, 54, N/A, 41.78, 0|4, 58, N/A, 155.77, 100|5, 58, N/A, 43.01, 0|6, 54, N/A, 46.64, 100|
15:38:04 0, 56, N/A, 42.03, 0|1, 54, N/A, 186.43, 100|2, 56, N/A, 49.67, 0|3, 56, N/A, 151.10, 100|4, 57, N/A, 44.95, 0|5, 60, N/A, 182.23, 100|6, 53, N/A, 45.42, 0|
15:38:06 0, 58, N/A, 170.05, 34|1, 54, N/A, 45.73, 0|2, 57, N/A, 180.31, 100|3, 55, N/A, 42.73, 6|4, 59, N/A, 147.69, 65|5, 59, N/A, 43.99, 0|6, 56, N/A, 155.09, 100|
15:38:08 0, 59, N/A, 146.23, 100|1, 53, N/A, 44.76, 0|2, 58, N/A, 59.72, 100|3, 55, N/A, 172.18, 0|4, 60, N/A, 184.92, 100|5, 59, N/A, 43.26, 0|6, 55, N/A, 46.40, 0|
15:38:10 0, 56, N/A, 42.03, 0|1, 56, N/A, 157.99, 100|2, 56, N/A, 50.16, 0|3, 58, N/A, 146.69, 100|4, 57, N/A, 44.95, 0|5, 62, N/A, 156.51, 100|6, 54, N/A, 45.90, 0|
15:38:13 0, 59, N/A, 179.72, 100|1, 54, N/A, 45.49, 0|2, 59, N/A, 163.76, 100|3, 56, N/A, 42.71, 0|4, 60, N/A, 181.74, 100|5, 60, N/A, 43.96, 0|6, 57, N/A, 190.30, 100|
15:38:15 0, 58, N/A, 43.25, 98|1, 55, N/A, 185.71, 0|2, 58, N/A, 52.10, 100|3, 57, N/A, 171.95, 60|4, 59, N/A, 46.42, 54|5, 61, N/A, 170.12, 94|6, 55, N/A, 46.39, 0|
15:38:17 0, 57, N/A, 42.05, 0|1, 57, N/A, 85.72, 100|2, 57, N/A, 149.67, 0|3, 58, N/A, 149.72, 100|4, 58, N/A, 45.44, 0|5, 63, N/A, 81.46, 100|6, 55, N/A, 131.81, 0|
15:38:19 0, 59, N/A, 184.98, 100|1, 54, N/A, 46.20, 0|2, 60, N/A, 162.53, 100|3, 56, N/A, 42.71, 0|4, 61, N/A, 165.84, 100|5, 60, N/A, 43.96, 0|6, 57, N/A, 194.11, 100|
15:38:21 0, 58, N/A, 43.01, 0|1, 56, N/A, 159.70, 100|2, 58, N/A, 52.10, 21|3, 58, N/A, 175.12, 42|4, 59, N/A, 46.67, 0|5, 61, N/A, 178.83, 70|6, 55, N/A, 46.39, 0|
15:38:23 0, 57, N/A, 42.03, 0|1, 57, N/A, 80.32, 100|2, 57, N/A, 155.30, 0|3, 58, N/A, 49.83, 95|4, 59, N/A, 190.77, 0|5, 63, N/A, 76.55, 94|6, 54, N/A, 135.94, 0|
15:38:25 0, 59, N/A, 154.62, 100|1, 55, N/A, 46.44, 0|2, 60, N/A, 206.26, 100|3, 56, N/A, 42.71, 0|4, 61, N/A, 148.90, 100|5, 60, N/A, 44.21, 0|6, 58, N/A, 154.60, 100|
15:38:27 0, 58, N/A, 43.25, 45|1, 56, N/A, 179.44, 52|2, 59, N/A, 52.35, 50|3, 58, N/A, 175.12, 100|4, 60, N/A, 46.91, 47|5, 61, N/A, 156.74, 5|6, 55, N/A, 46.39, 0|
15:38:29 0, 57, N/A, 42.27, 0|1, 57, N/A, 159.21, 100|2, 58, N/A, 51.12, 0|3, 59, N/A, 150.86, 100|4, 58, N/A, 45.69, 0|5, 63, N/A, 106.36, 100|6, 55, N/A, 102.62, 0|
15:38:31 0, 60, N/A, 153.97, 100|1, 55, N/A, 46.47, 0|2, 60, N/A, 166.21, 100|3, 56, N/A, 42.95, 0|4, 61, N/A, 185.53, 100|5, 61, N/A, 44.45, 0|6, 57, N/A, 188.11, 100|
15:38:33 0, 60, N/A, 49.37, 100|1, 55, N/A, 185.36, 0|2, 60, N/A, 54.07, 62|3, 57, N/A, 144.98, 0|4, 61, N/A, 47.40, 100|5, 61, N/A, 149.16, 33|6, 55, N/A, 46.88, 0|
15:38:35 0, 58, N/A, 42.52, 0|1, 57, N/A, 186.69, 100|2, 58, N/A, 51.61, 0|3, 59, N/A, 176.10, 100|4, 59, N/A, 46.18, 0|5, 63, N/A, 182.25, 100|6, 55, N/A, 46.15, 0|
15:38:38 0, 59, N/A, 156.41, 36|1, 55, N/A, 47.18, 13|2, 60, N/A, 157.01, 78|3, 57, N/A, 43.20, 3|4, 61, N/A, 172.43, 100|5, 61, N/A, 44.95, 0|6, 57, N/A, 165.51, 100|
15:38:40 0, 61, N/A, 154.48, 100|1, 55, N/A, 46.23, 0|2, 61, N/A, 199.56, 100|3, 57, N/A, 42.73, 0|4, 62, N/A, 184.92, 100|5, 61, N/A, 43.99, 0|6, 56, N/A, 47.37, 72|
15:38:42 0, 58, N/A, 43.01, 0|1, 56, N/A, 156.50, 100|2, 59, N/A, 52.35, 0|3, 59, N/A, 177.30, 100|4, 60, N/A, 46.91, 0|5, 63, N/A, 187.97, 100|6, 55, N/A, 46.39, 0|
15:38:44 0, 58, N/A, 42.27, 0|1, 58, N/A, 82.04, 100|2, 58, N/A, 150.16, 0|3, 59, N/A, 46.42, 100|4, 60, N/A, 152.35, 20|5, 62, N/A, 45.96, 100|6, 56, N/A, 202.40, 0|
15:38:46 0, 60, N/A, 141.57, 100|1, 55, N/A, 46.72, 0|2, 61, N/A, 171.12, 100|3, 57, N/A, 43.20, 0|4, 62, N/A, 187.85, 100|5, 61, N/A, 44.70, 0|6, 58, N/A, 195.67, 100|
15:38:48 0, 61, N/A, 139.62, 100|1, 55, N/A, 49.40, 0|2, 61, N/A, 63.65, 100|3, 57, N/A, 158.01, 0|4, 62, N/A, 49.37, 72|5, 61, N/A, 143.53, 0|6, 56, N/A, 47.13, 0|
15:38:50 0, 58, N/A, 43.01, 0|1, 58, N/A, 189.38, 100|2, 59, N/A, 52.35, 0|3, 59, N/A, 173.98, 100|4, 60, N/A, 46.67, 0|5, 63, N/A, 157.73, 100|6, 55, N/A, 46.39, 0|
15:38:52 0, 58, N/A, 118.60, 11|1, 56, N/A, 47.92, 17|2, 60, N/A, 180.56, 68|3, 58, N/A, 44.21, 66|4, 62, N/A, 187.50, 3|5, 62, N/A, 45.69, 72|6, 56, N/A, 181.75, 4|
15:38:54 0, 60, N/A, 155.11, 100|1, 55, N/A, 46.94, 0|2, 61, N/A, 195.52, 100|3, 57, N/A, 43.20, 0|4, 63, N/A, 155.17, 100|5, 61, N/A, 44.45, 0|6, 58, N/A, 209.83, 100|
15:38:56 0, 60, N/A, 44.97, 100|1, 56, N/A, 162.55, 0|2, 61, N/A, 54.80, 63|3, 58, N/A, 151.99, 0|4, 63, N/A, 59.65, 100|5, 61, N/A, 172.80, 0|6, 56, N/A, 47.13, 0|
15:38:58 0, 58, N/A, 43.25, 0|1, 57, N/A, 182.29, 100|2, 60, N/A, 52.59, 0|3, 59, N/A, 150.35, 100|4, 60, N/A, 46.91, 0|5, 63, N/A, 160.91, 100|6, 55, N/A, 46.39, 0|
15:39:00 0, 58, N/A, 43.01, 0|1, 57, N/A, 48.17, 100|2, 61, N/A, 184.73, 74|3, 59, N/A, 44.92, 100|4, 61, N/A, 170.98, 0|5, 63, N/A, 45.71, 65|6, 56, N/A, 150.94, 14|
15:39:03 0, 61, N/A, 151.93, 100|1, 56, N/A, 46.96, 0|2, 62, N/A, 201.01, 100|3, 57, N/A, 43.20, 0|4, 63, N/A, 189.44, 100|5, 62, N/A, 44.94, 0|6, 58, N/A, 184.68, 100|
15:39:05 0, 61, N/A, 150.29, 100|1, 55, N/A, 46.44, 0|2, 63, N/A, 212.16, 100|3, 57, N/A, 42.96, 0|4, 64, N/A, 190.18, 100|5, 61, N/A, 44.24, 0|6, 56, N/A, 47.59, 0|
15:39:07 0, 59, N/A, 43.25, 0|1, 57, N/A, 169.40, 100|2, 60, N/A, 53.33, 0|3, 59, N/A, 170.71, 100|4, 61, N/A, 47.62, 0|5, 64, N/A, 184.92, 100|6, 56, N/A, 46.61, 0|
15:39:09 0, 58, N/A, 43.01, 0|1, 58, N/A, 163.77, 100|2, 60, N/A, 52.35, 0|3, 60, N/A, 176.33, 100|4, 60, N/A, 46.91, 0|5, 65, N/A, 158.95, 100|6, 55, N/A, 46.39, 0|
15:39:11 0, 60, N/A, 173.71, 96|1, 56, N/A, 47.43, 4|2, 62, N/A, 164.25, 100|3, 58, N/A, 43.94, 22|4, 63, N/A, 160.80, 100|5, 62, N/A, 45.44, 4|6, 58, N/A, 197.41, 87|
15:39:13 0, 61, N/A, 175.32, 100|1, 56, N/A, 46.94, 0|2, 62, N/A, 188.05, 100|3, 58, N/A, 43.44, 0|4, 64, N/A, 163.98, 100|5, 61, N/A, 44.94, 0|6, 59, N/A, 203.61, 100|
15:39:15 0, 60, N/A, 45.71, 100|1, 56, N/A, 146.95, 34|2, 62, N/A, 74.14, 100|3, 57, N/A, 135.77, 0|4, 64, N/A, 80.72, 100|5, 61, N/A, 129.99, 0|6, 56, N/A, 47.35, 0|
15:39:17 0, 59, N/A, 43.50, 0|1, 58, N/A, 147.93, 100|2, 60, N/A, 52.10, 0|3, 60, N/A, 168.12, 100|4, 61, N/A, 47.65, 0|5, 64, N/A, 149.17, 100|6, 56, N/A, 46.64, 0|
15:39:19 0, 59, N/A, 42.76, 0|1, 59, N/A, 163.77, 100|2, 60, N/A, 52.59, 0|3, 61, N/A, 178.77, 100|4, 61, N/A, 46.91, 0|5, 65, N/A, 159.20, 100|6, 56, N/A, 46.39, 0|
15:39:21 0, 60, N/A, 156.09, 54|1, 57, N/A, 47.67, 4|2, 62, N/A, 207.48, 100|3, 59, N/A, 43.93, 46|4, 63, N/A, 150.78, 100|5, 63, N/A, 45.44, 30|6, 58, N/A, 172.10, 100|
15:39:23 0, 61, N/A, 161.45, 100|1, 56, N/A, 46.94, 0|2, 63, N/A, 203.81, 100|3, 58, N/A, 43.44, 0|4, 64, N/A, 161.54, 100|5, 62, N/A, 44.94, 0|6, 59, N/A, 197.77, 100|
15:39:25 0, 62, N/A, 153.23, 100|1, 55, N/A, 46.45, 0|2, 63, N/A, 157.91, 100|3, 58, N/A, 43.23, 0|4, 65, N/A, 191.16, 100|5, 62, N/A, 44.48, 0|6, 57, N/A, 47.62, 0|
15:39:28 0, 60, N/A, 43.74, 30|1, 58, N/A, 151.94, 64|2, 61, N/A, 54.07, 0|3, 60, N/A, 151.50, 100|4, 62, N/A, 48.14, 27|5, 64, N/A, 184.45, 100|6, 56, N/A, 46.88, 0|
15:39:30 0, 59, N/A, 43.25, 0|1, 59, N/A, 175.68, 100|2, 61, N/A, 53.33, 0|3, 61, N/A, 178.05, 100|4, 61, N/A, 46.91, 0|5, 64, N/A, 180.26, 100|6, 56, N/A, 46.64, 0|
15:39:32 0, 58, N/A, 42.76, 0|1, 58, N/A, 48.66, 100|2, 62, N/A, 200.54, 52|3, 60, N/A, 45.17, 95|4, 62, N/A, 178.31, 0|5, 64, N/A, 46.69, 82|6, 57, N/A, 168.43, 0|
15:39:34 0, 60, N/A, 49.86, 97|1, 57, N/A, 171.98, 0|2, 62, N/A, 158.29, 100|3, 59, N/A, 43.69, 1|4, 64, N/A, 168.13, 100|5, 63, N/A, 45.47, 0|6, 58, N/A, 160.95, 100|
15:39:36 0, 58, N/A, 42.27, 0|1, 55, N/A, 46.23, 0|2, 60, N/A, 52.38, 0|3, 59, N/A, 43.72, 0|4, 64, N/A, 171.97, 100|5, 62, N/A, 44.95, 0|6, 59, N/A, 209.49, 100|
15:39:38 0, 57, N/A, 36.67, 3|1, 54, N/A, 38.88, 2|2, 59, N/A, 44.05, 0|3, 57, N/A, 43.01, 0|4, 61, N/A, 46.71, 2|5, 62, N/A, 44.76, 0|6, 58, N/A, 48.64, 100|
15:39:40 0, 58, N/A, 42.33, 0|1, 55, N/A, 46.51, 0|2, 60, N/A, 194.17, 100|3, 56, N/A, 36.89, 0|4, 59, N/A, 39.84, 0|5, 61, N/A, 40.85, 0|6, 55, N/A, 46.46, 0|
15:39:42 0, 57, N/A, 42.06, 0|1, 54, N/A, 45.03, 0|2, 59, N/A, 50.91, 0|3, 57, N/A, 43.01, 0|4, 63, N/A, 194.23, 100|5, 60, N/A, 38.37, 0|6, 55, N/A, 39.33, 0|
15:39:44 0, 57, N/A, 42.79, 11|1, 54, N/A, 47.74, 2|2, 59, N/A, 72.03, 2|3, 56, N/A, 126.64, 2|4, 59, N/A, 113.49, 2|5, 61, N/A, 44.27, 0|6, 56, N/A, 46.92, 25|
15:39:46 0, 57, N/A, 67.34, 9|1, 54, N/A, 97.96, 8|2, 58, N/A, 131.63, 11|3, 56, N/A, 43.01, 13|4, 60, N/A, 46.70, 14|5, 61, N/A, 44.76, 18|6, 56, N/A, 47.90, 18|
15:39:48 0, 57, N/A, 52.38, 9|1, 54, N/A, 68.37, 8|2, 58, N/A, 144.71, 22|3, 56, N/A, 105.69, 9|4, 59, N/A, 46.48, 21|5, 61, N/A, 44.29, 9|6, 55, N/A, 46.94, 23|
15:39:50 0, 56, N/A, 44.29, 18|1, 54, N/A, 49.71, 12|2, 58, N/A, 67.39, 22|3, 56, N/A, 72.22, 17|4, 59, N/A, 147.98, 11|5, 60, N/A, 75.67, 14|6, 55, N/A, 46.45, 12|
15:39:53 0, 56, N/A, 42.82, 19|1, 53, N/A, 46.76, 8|2, 58, N/A, 56.57, 11|3, 56, N/A, 51.61, 17|4, 59, N/A, 79.31, 11|5, 60, N/A, 126.32, 9|6, 55, N/A, 94.86, 11|
15:39:55 0, 56, N/A, 42.55, 9|1, 53, N/A, 45.77, 17|2, 57, N/A, 53.40, 19|3, 56, N/A, 45.47, 9|4, 59, N/A, 56.78, 21|5, 60, N/A, 68.05, 9|6, 55, N/A, 135.15, 23|
15:39:57 0, 56, N/A, 42.33, 10|1, 53, N/A, 45.30, 17|2, 57, N/A, 51.92, 11|3, 56, N/A, 43.28, 9|4, 59, N/A, 48.45, 17|5, 60, N/A, 50.42, 18|6, 55, N/A, 73.90, 16|
15:39:59 0, 56, N/A, 123.38, 9|1, 53, N/A, 49.19, 8|2, 57, N/A, 51.43, 11|3, 55, N/A, 42.52, 10|4, 58, N/A, 46.24, 16|5, 60, N/A, 45.03, 18|6, 55, N/A, 50.85, 16|
15:40:01 0, 56, N/A, 70.55, 9|1, 52, N/A, 108.76, 9|2, 56, N/A, 117.30, 22|3, 55, N/A, 42.30, 15|4, 58, N/A, 45.74, 20|5, 60, N/A, 44.29, 9|6, 55, N/A, 48.17, 20|
15:40:03 0, 56, N/A, 52.14, 18|1, 53, N/A, 67.63, 9|2, 57, N/A, 138.58, 22|3, 55, N/A, 110.36, 17|4, 58, N/A, 45.74, 11|5, 59, N/A, 44.05, 16|6, 54, N/A, 46.70, 12|
15:40:05 0, 56, N/A, 45.77, 18|1, 53, N/A, 51.92, 8|2, 57, N/A, 78.17, 11|3, 55, N/A, 94.23, 9|4, 57, N/A, 123.05, 11|5, 59, N/A, 43.56, 9|6, 54, N/A, 46.21, 11|
15:40:07 0, 55, N/A, 42.82, 9|1, 52, N/A, 47.03, 17|2, 56, N/A, 58.58, 20|3, 55, N/A, 56.04, 9|4, 58, N/A, 95.28, 21|5, 59, N/A, 140.40, 9|6, 54, N/A, 76.60, 23|
15:40:09 0, 55, N/A, 42.33, 14|1, 52, N/A, 45.53, 17|2, 56, N/A, 52.66, 12|3, 55, N/A, 45.25, 17|4, 58, N/A, 56.78, 21|5, 59, N/A, 71.00, 18|6, 54, N/A, 163.12, 21|
15:40:11 0, 55, N/A, 41.84, 9|1, 52, N/A, 45.06, 8|2, 56, N/A, 51.46, 22|3, 55, N/A, 43.53, 14|4, 57, N/A, 50.67, 12|5, 59, N/A, 58.05, 18|6, 54, N/A, 105.72, 15|
15:40:13 0, 54, N/A, 41.83, 9|1, 52, N/A, 45.06, 8|2, 56, N/A, 50.94, 22|3, 54, N/A, 43.04, 16|4, 57, N/A, 48.94, 21|5, 59, N/A, 53.37, 14|6, 54, N/A, 88.84, 12|
15:40:15 0, 55, N/A, 41.84, 18|1, 51, N/A, 44.82, 8|2, 56, N/A, 50.94, 11|3, 54, N/A, 42.55, 17|4, 57, N/A, 47.71, 11|5, 58, N/A, 50.20, 18|6, 54, N/A, 67.56, 12|
15:40:18 0, 54, N/A, 87.46, 9|1, 51, N/A, 44.57, 8|2, 55, N/A, 50.45, 16|3, 54, N/A, 42.30, 9|4, 57, N/A, 46.48, 21|5, 58, N/A, 47.01, 9|6, 54, N/A, 60.23, 23|
15:40:20 0, 54, N/A, 123.03, 11|1, 51, N/A, 44.57, 17|2, 55, N/A, 50.24, 11|3, 54, N/A, 42.08, 9|4, 57, N/A, 45.78, 16|5, 58, N/A, 45.31, 18|6, 54, N/A, 52.63, 16|
15:40:22 0, 55, N/A, 87.08, 9|1, 51, N/A, 127.76, 8|2, 55, N/A, 66.70, 11|3, 54, N/A, 41.86, 9|4, 56, N/A, 45.07, 17|5, 58, N/A, 43.86, 18|6, 53, N/A, 48.45, 16|
15:40:24 0, 53, N/A, 36.22, 10|1, 50, N/A, 38.44, 18|2, 55, N/A, 42.87, 12|3, 54, N/A, 42.33, 9|4, 56, N/A, 47.26, 20|5, 58, N/A, 50.24, 18|6, 53, N/A, 74.45, 21|
15:40:26 0, 53, N/A, 49.01, 20|1, 50, N/A, 69.90, 11|2, 54, N/A, 113.03, 17|3, 53, N/A, 35.95, 18|4, 56, N/A, 38.66, 11|5, 58, N/A, 43.34, 16|6, 53, N/A, 46.73, 12|
15:40:28 0, 53, N/A, 68.17, 10|1, 50, N/A, 103.19, 9|2, 54, N/A, 51.22, 19|3, 53, N/A, 36.20, 9|4, 55, N/A, 38.42, 12|5, 57, N/A, 37.95, 10|6, 53, N/A, 41.57, 12|
15:40:30 0, 53, N/A, 52.18, 20|1, 50, N/A, 38.19, 9|2, 54, N/A, 41.64, 12|3, 53, N/A, 36.20, 18|4, 55, N/A, 39.15, 12|5, 57, N/A, 40.16, 20|6, 53, N/A, 51.90, 12|
15:40:32 0, 53, N/A, 35.48, 10|1, 50, N/A, 38.19, 10|2, 53, N/A, 42.14, 23|3, 53, N/A, 37.43, 11|4, 55, N/A, 43.83, 22|5, 57, N/A, 53.69, 10|6, 52, N/A, 112.66, 12|
15:40:34 0, 53, N/A, 35.73, 10|1, 49, N/A, 38.69, 9|2, 53, N/A, 45.09, 14|3, 53, N/A, 43.81, 10|4, 55, N/A, 71.09, 12|5, 57, N/A, 110.76, 14|6, 52, N/A, 68.05, 13|
15:40:36 0, 52, N/A, 36.96, 20|1, 49, N/A, 41.40, 18|2, 53, N/A, 56.64, 15|3, 52, N/A, 68.83, 18|4, 54, N/A, 110.75, 12|5, 56, N/A, 48.27, 20|6, 52, N/A, 39.13, 12|
15:40:38 0, 53, N/A, 40.41, 10|1, 49, N/A, 49.74, 10|2, 52, N/A, 95.20, 23|3, 52, N/A, 93.55, 9|4, 54, N/A, 38.66, 23|5, 56, N/A, 37.21, 10|6, 52, N/A, 39.13, 23|
15:40:40 0, 52, N/A, 64.24, 10|1, 49, N/A, 108.60, 10|2, 53, N/A, 62.52, 12|3, 52, N/A, 35.46, 12|4, 54, N/A, 37.92, 12|5, 56, N/A, 37.45, 17|6, 52, N/A, 40.85, 12|
15:40:43 0, 52, N/A, 73.35, 10|1, 49, N/A, 37.70, 18|2, 52, N/A, 41.15, 22|3, 52, N/A, 35.71, 9|4, 54, N/A, 38.17, 23|5, 56, N/A, 38.44, 19|6, 52, N/A, 44.28, 24|
15:40:45 0, 52, N/A, 35.48, 10|1, 49, N/A, 37.70, 9|2, 52, N/A, 41.40, 12|3, 52, N/A, 36.44, 9|4, 54, N/A, 41.37, 18|5, 56, N/A, 46.54, 10|6, 52, N/A, 83.25, 24|
15:40:47 0, 52, N/A, 35.48, 18|1, 49, N/A, 38.19, 17|2, 53, N/A, 43.12, 12|3, 52, N/A, 40.39, 16|4, 54, N/A, 56.12, 12|5, 56, N/A, 88.02, 19|6, 52, N/A, 94.49, 12|
15:40:49 0, 52, N/A, 36.71, 10|1, 49, N/A, 40.66, 18|2, 53, N/A, 53.93, 21|3, 52, N/A, 62.23, 9|4, 54, N/A, 110.75, 23|5, 56, N/A, 36.96, 10|6, 52, N/A, 39.13, 23|
15:40:51 0, 52, N/A, 41.89, 20|1, 49, N/A, 53.19, 9|2, 52, N/A, 108.19, 12|3, 52, N/A, 72.03, 9|4, 54, N/A, 37.92, 11|5, 56, N/A, 37.21, 10|6, 52, N/A, 39.38, 23|
15:40:53 0, 52, N/A, 65.72, 18|1, 49, N/A, 105.46, 17|2, 52, N/A, 57.10, 12|3, 52, N/A, 35.46, 11|4, 54, N/A, 37.92, 12|5, 56, N/A, 37.45, 10|6, 52, N/A, 40.61, 12|
15:40:55 0, 52, N/A, 85.81, 10|1, 49, N/A, 37.70, 9|2, 52, N/A, 40.90, 14|3, 52, N/A, 35.95, 9|4, 54, N/A, 38.17, 11|5, 56, N/A, 38.69, 10|6, 52, N/A, 45.53, 24|
15:40:57 0, 52, N/A, 35.24, 20|1, 49, N/A, 37.95, 9|2, 52, N/A, 41.15, 12|3, 52, N/A, 36.20, 19|4, 54, N/A, 39.40, 12|5, 56, N/A, 41.37, 20|6, 52, N/A, 58.01, 12|
15:40:59 0, 52, N/A, 35.48, 10|1, 49, N/A, 37.95, 10|2, 52, N/A, 41.89, 23|3, 52, N/A, 37.68, 10|4, 54, N/A, 45.80, 22|5, 56, N/A, 60.79, 10|6, 52, N/A, 126.50, 12|
15:41:01 0, 52, N/A, 35.73, 10|1, 49, N/A, 38.93, 9|2, 53, N/A, 46.57, 12|3, 52, N/A, 47.99, 13|4, 54, N/A, 86.74, 11|5, 56, N/A, 91.90, 10|6, 52, N/A, 38.89, 12|
15:41:03 0, 52, N/A, 37.95, 20|1, 49, N/A, 44.35, 18|2, 53, N/A, 63.53, 23|3, 52, N/A, 83.58, 18|4, 54, N/A, 95.09, 11|5, 56, N/A, 36.96, 17|6, 52, N/A, 39.13, 12|
15:41:05 0, 52, N/A, 44.35, 10|1, 49, N/A, 59.35, 9|2, 52, N/A, 122.13, 21|3, 52, N/A, 49.96, 9|4, 54, N/A, 37.68, 12|5, 56, N/A, 36.96, 10|6, 52, N/A, 39.38, 20|
15:41:08 0, 52, N/A, 74.09, 17|1, 49, N/A, 96.68, 9|2, 52, N/A, 40.91, 12|3, 52, N/A, 35.46, 18|4, 54, N/A, 37.92, 11|5, 56, N/A, 37.46, 20|6, 52, N/A, 41.35, 12|
15:41:10 0, 52, N/A, 65.47, 10|1, 49, N/A, 37.70, 16|2, 52, N/A, 40.91, 23|3, 52, N/A, 35.71, 16|4, 54, N/A, 38.66, 23|5, 56, N/A, 39.92, 15|6, 52, N/A, 51.65, 24|
15:41:12 0, 52, N/A, 35.24, 10|1, 49, N/A, 37.70, 9|2, 52, N/A, 41.64, 20|3, 52, N/A, 36.94, 9|4, 54, N/A, 44.08, 11|5, 56, N/A, 54.15, 10|6, 52, N/A, 114.38, 19|
15:41:14 0, 52, N/A, 35.73, 13|1, 49, N/A, 38.69, 18|2, 52, N/A, 45.59, 12|3, 52, N/A, 45.04, 18|4, 54, N/A, 76.51, 17|5, 56, N/A, 106.15, 20|6, 52, N/A, 38.89, 12|
15:41:16 0, 52, N/A, 38.44, 10|1, 49, N/A, 46.08, 18|2, 52, N/A, 75.81, 22|3, 52, N/A, 101.90, 9|4, 54, N/A, 54.15, 23|5, 56, N/A, 36.96, 10|6, 52, N/A, 39.13, 24|
15:41:18 0, 52, N/A, 54.92, 20|1, 49, N/A, 84.18, 9|2, 52, N/A, 94.22, 12|3, 52, N/A, 35.46, 9|4, 54, N/A, 38.17, 11|5, 56, N/A, 37.21, 10|6, 52, N/A, 39.87, 23|
15:41:20 0, 52, N/A, 98.09, 17|1, 49, N/A, 37.70, 17|2, 52, N/A, 40.90, 12|3, 52, N/A, 35.46, 10|4, 54, N/A, 38.17, 13|5, 56, N/A, 38.44, 10|6, 52, N/A, 43.54, 12|
15:41:22 0, 52, N/A, 35.24, 10|1, 49, N/A, 37.72, 9|2, 52, N/A, 40.91, 15|3, 52, N/A, 35.95, 9|4, 54, N/A, 38.66, 23|5, 56, N/A, 40.41, 10|6, 52, N/A, 53.87, 24|
15:41:24 0, 52, N/A, 35.48, 10|1, 49, N/A, 37.95, 18|2, 52, N/A, 41.89, 17|3, 52, N/A, 37.67, 18|4, 54, N/A, 45.78, 23|5, 56, N/A, 60.05, 20|6, 52, N/A, 130.59, 12|
15:41:26 0, 52, N/A, 35.73, 10|1, 49, N/A, 38.69, 11|2, 52, N/A, 45.58, 23|3, 52, N/A, 46.02, 9|4, 54, N/A, 79.41, 16|5, 56, N/A, 101.48, 10|6, 52, N/A, 39.13, 23|
15:41:28 0, 52, N/A, 37.70, 20|1, 49, N/A, 43.37, 14|2, 53, N/A, 64.74, 12|3, 52, N/A, 86.23, 17|4, 54, N/A, 85.81, 13|5, 56, N/A, 36.96, 20|6, 52, N/A, 39.13, 12|
15:41:31 0, 52, N/A, 45.09, 10|1, 49, N/A, 62.30, 18|2, 52, N/A, 118.44, 20|3, 52, N/A, 39.15, 9|4, 54, N/A, 37.43, 23|5, 56, N/A, 37.21, 10|6, 52, N/A, 39.87, 23|
15:41:33 0, 52, N/A, 92.74, 10|1, 49, N/A, 79.74, 9|2, 52, N/A, 40.91, 12|3, 52, N/A, 35.46, 9|4, 54, N/A, 38.17, 16|5, 56, N/A, 37.95, 10|6, 53, N/A, 42.83, 25|
15:41:35 0, 52, N/A, 35.48, 18|1, 49, N/A, 37.72, 16|2, 52, N/A, 40.91, 12|3, 52, N/A, 35.95, 12|4, 54, N/A, 39.40, 12|5, 56, N/A, 41.65, 19|6, 53, N/A, 60.02, 12|
15:41:37 0, 52, N/A, 35.48, 10|1, 49, N/A, 38.19, 9|2, 52, N/A, 41.89, 16|3, 52, N/A, 37.43, 9|4, 54, N/A, 44.82, 23|5, 56, N/A, 56.85, 10|6, 52, N/A, 133.12, 22|
15:41:39 0, 52, N/A, 35.97, 20|1, 49, N/A, 38.93, 9|2, 53, N/A, 45.59, 12|3, 52, N/A, 46.02, 18|4, 54, N/A, 81.13, 11|5, 56, N/A, 101.48, 10|6, 52, N/A, 40.61, 12|
15:41:41 0, 52, N/A, 37.70, 20|1, 49, N/A, 43.12, 14|2, 52, N/A, 64.77, 23|3, 52, N/A, 83.29, 13|4, 54, N/A, 83.35, 11|5, 56, N/A, 36.96, 12|6, 52, N/A, 39.13, 12|
15:41:43 0, 52, N/A, 47.04, 10|1, 49, N/A, 67.19, 9|2, 52, N/A, 113.78, 18|3, 52, N/A, 35.46, 9|4, 54, N/A, 37.68, 12|5, 56, N/A, 37.21, 10|6, 53, N/A, 39.87, 16|
15:41:45 0, 52, N/A, 35.24, 0|1, 49, N/A, 37.46, 0|2, 52, N/A, 40.41, 0|3, 52, N/A, 35.22, 0|4, 53, N/A, 37.19, 0|5, 56, N/A, 36.96, 0|6, 52, N/A, 38.89, 0|
15:41:47 0, 57, N/A, 166.71, 100|1, 52, N/A, 179.85, 100|2, 51, N/A, 40.38, 0|3, 51, N/A, 35.21, 0|4, 53, N/A, 37.18, 0|5, 55, N/A, 36.71, 0|6, 52, N/A, 38.64, 0|
15:41:49 0, 54, N/A, 168.56, 13|1, 50, N/A, 43.83, 0|2, 57, N/A, 73.83, 100|3, 53, N/A, 132.84, 23|4, 56, N/A, 163.82, 62|5, 55, N/A, 36.69, 3|6, 52, N/A, 38.61, 4|
15:41:51 0, 57, N/A, 162.67, 100|1, 51, N/A, 44.29, 0|2, 57, N/A, 198.57, 100|3, 52, N/A, 40.55, 0|4, 56, N/A, 45.22, 0|5, 59, N/A, 182.11, 100|6, 54, N/A, 172.95, 100|
15:41:53 0, 58, N/A, 168.44, 100|1, 51, N/A, 44.02, 0|2, 57, N/A, 166.48, 100|3, 53, N/A, 41.04, 0|4, 58, N/A, 168.24, 100|5, 56, N/A, 42.30, 0|6, 53, N/A, 45.44, 0|
15:41:56 0, 57, N/A, 43.50, 78|1, 52, N/A, 162.64, 5|2, 57, N/A, 50.41, 79|3, 55, N/A, 169.34, 0|4, 59, N/A, 147.29, 100|5, 57, N/A, 42.52, 0|6, 54, N/A, 46.15, 0|
15:41:58 0, 56, N/A, 42.27, 0|1, 54, N/A, 153.09, 84|2, 56, N/A, 50.16, 3|3, 56, N/A, 170.07, 100|4, 57, N/A, 45.44, 0|5, 60, N/A, 181.26, 100|6, 54, N/A, 45.90, 0|
15:42:00 0, 55, N/A, 41.56, 0|1, 55, N/A, 169.90, 100|2, 56, N/A, 49.43, 0|3, 56, N/A, 156.40, 100|4, 57, N/A, 44.95, 0|5, 60, N/A, 173.77, 100|6, 54, N/A, 45.66, 0|
15:42:02 0, 55, N/A, 41.56, 0|1, 55, N/A, 179.22, 100|2, 56, N/A, 49.18, 0|3, 57, N/A, 136.82, 100|4, 57, N/A, 56.50, 0|5, 62, N/A, 156.12, 100|6, 54, N/A, 45.44, 0|
15:42:04 0, 57, N/A, 137.08, 0|1, 54, N/A, 46.44, 10|2, 58, N/A, 207.37, 92|3, 56, N/A, 42.47, 50|4, 60, N/A, 187.12, 35|5, 60, N/A, 44.24, 5|6, 57, N/A, 194.45, 63|
15:42:06 0, 59, N/A, 176.30, 100|1, 54, N/A, 45.71, 0|2, 59, N/A, 196.35, 100|3, 55, N/A, 42.46, 0|4, 60, N/A, 164.22, 100|5, 59, N/A, 43.96, 0|6, 57, N/A, 165.97, 100|
15:42:08 0, 59, N/A, 143.20, 100|1, 54, N/A, 45.73, 0|2, 60, N/A, 162.32, 100|3, 55, N/A, 42.22, 0|4, 61, N/A, 169.35, 100|5, 59, N/A, 43.47, 0|6, 58, N/A, 196.40, 100|
15:42:10 0, 60, N/A, 163.19, 100|1, 54, N/A, 45.22, 0|2, 60, N/A, 200.54, 100|3, 55, N/A, 42.24, 0|4, 61, N/A, 185.90, 100|5, 59, N/A, 43.50, 0|6, 56, N/A, 47.37, 0|
15:42:12 0, 59, N/A, 44.51, 100|1, 54, N/A, 161.43, 0|2, 60, N/A, 53.37, 100|3, 57, N/A, 156.24, 26|4, 63, N/A, 74.63, 100|5, 60, N/A, 134.90, 0|6, 56, N/A, 46.91, 0|
15:42:14 0, 58, N/A, 43.03, 0|1, 56, N/A, 198.93, 100|2, 59, N/A, 52.63, 0|3, 58, N/A, 175.95, 69|4, 60, N/A, 46.94, 0|5, 62, N/A, 184.31, 100|6, 56, N/A, 46.64, 0|
15:42:16 0, 58, N/A, 42.52, 0|1, 57, N/A, 188.40, 100|2, 59, N/A, 52.13, 0|3, 58, N/A, 165.20, 100|4, 60, N/A, 46.67, 0|5, 63, N/A, 145.18, 100|6, 56, N/A, 46.64, 0|
15:42:18 0, 58, N/A, 42.52, 0|1, 58, N/A, 148.75, 100|2, 59, N/A, 51.85, 0|3, 60, N/A, 177.79, 100|4, 60, N/A, 46.42, 0|5, 63, N/A, 183.71, 100|6, 56, N/A, 46.64, 0|
15:42:21 0, 57, N/A, 42.29, 0|1, 58, N/A, 181.40, 100|2, 59, N/A, 51.85, 0|3, 60, N/A, 156.24, 100|4, 60, N/A, 46.42, 0|5, 63, N/A, 50.63, 86|6, 56, N/A, 187.00, 0|
15:42:23 0, 58, N/A, 157.88, 26|1, 56, N/A, 47.45, 5|2, 61, N/A, 168.42, 100|3, 58, N/A, 43.96, 85|4, 62, N/A, 187.61, 0|5, 62, N/A, 45.47, 57|6, 58, N/A, 194.45, 10|
15:42:25 0, 59, N/A, 166.12, 71|1, 56, N/A, 47.18, 5|2, 61, N/A, 170.63, 100|3, 57, N/A, 43.20, 5|4, 62, N/A, 152.25, 100|5, 61, N/A, 44.45, 5|6, 59, N/A, 191.17, 100|
15:42:27 0, 60, N/A, 173.35, 100|1, 56, N/A, 46.94, 0|2, 62, N/A, 202.46, 100|3, 57, N/A, 43.20, 0|4, 63, N/A, 188.71, 100|5, 61, N/A, 44.45, 0|6, 59, N/A, 196.31, 100|
15:42:29 0, 60, N/A, 179.72, 100|1, 55, N/A, 46.47, 0|2, 62, N/A, 169.88, 100|3, 57, N/A, 42.98, 0|4, 64, N/A, 191.89, 100|5, 61, N/A, 44.48, 0|6, 60, N/A, 196.65, 100|
15:42:31 0, 61, N/A, 178.76, 100|1, 55, N/A, 46.45, 0|2, 62, N/A, 199.56, 100|3, 57, N/A, 42.73, 0|4, 63, N/A, 172.69, 100|5, 61, N/A, 44.24, 0|6, 58, N/A, 49.09, 100|
15:42:33 0, 61, N/A, 187.21, 100|1, 55, N/A, 46.45, 0|2, 63, N/A, 179.84, 100|3, 57, N/A, 42.98, 0|4, 64, N/A, 191.52, 100|5, 61, N/A, 44.24, 0|6, 57, N/A, 47.62, 0|
15:42:35 0, 60, N/A, 44.48, 100|1, 56, N/A, 176.17, 0|2, 62, N/A, 55.02, 100|3, 58, N/A, 171.79, 22|4, 64, N/A, 58.42, 100|5, 61, N/A, 181.15, 3|6, 57, N/A, 47.59, 0|
15:42:37 0, 59, N/A, 43.74, 0|1, 57, N/A, 188.63, 91|2, 61, N/A, 54.28, 25|3, 59, N/A, 176.82, 36|4, 62, N/A, 48.11, 0|5, 63, N/A, 183.44, 74|6, 57, N/A, 47.35, 0|
15:42:39 0, 59, N/A, 43.25, 0|1, 57, N/A, 187.67, 100|2, 61, N/A, 52.59, 0|3, 60, N/A, 173.40, 100|4, 62, N/A, 47.65, 0|5, 63, N/A, 184.68, 100|6, 56, N/A, 47.13, 0|
15:42:41 0, 59, N/A, 43.01, 0|1, 57, N/A, 178.13, 100|2, 60, N/A, 53.33, 0|3, 59, N/A, 155.24, 100|4, 61, N/A, 47.40, 0|5, 63, N/A, 179.27, 100|6, 56, N/A, 47.10, 0|
15:42:43 0, 58, N/A, 43.01, 0|1, 58, N/A, 190.35, 100|2, 60, N/A, 53.08, 0|3, 60, N/A, 177.06, 100|4, 61, N/A, 47.15, 0|5, 64, N/A, 170.59, 100|6, 56, N/A, 47.10, 0|
15:42:45 0, 58, N/A, 42.76, 0|1, 58, N/A, 189.84, 100|2, 60, N/A, 53.08, 0|3, 60, N/A, 179.52, 100|4, 61, N/A, 47.15, 0|5, 64, N/A, 186.63, 100|6, 56, N/A, 46.64, 0|
15:42:48 0, 58, N/A, 42.79, 0|1, 58, N/A, 158.49, 100|2, 60, N/A, 52.87, 0|3, 60, N/A, 144.83, 100|4, 61, N/A, 47.16, 0|5, 65, N/A, 181.99, 100|6, 56, N/A, 46.64, 0|
15:42:50 0, 58, N/A, 42.76, 0|1, 58, N/A, 53.08, 81|2, 61, N/A, 192.71, 12|3, 60, N/A, 52.04, 100|4, 61, N/A, 180.02, 0|5, 64, N/A, 50.11, 100|6, 57, N/A, 183.46, 0|
15:42:52 0, 58, N/A, 100.29, 0|1, 57, N/A, 48.66, 50|2, 62, N/A, 201.14, 43|3, 59, N/A, 44.67, 33|4, 63, N/A, 187.97, 48|5, 63, N/A, 46.17, 100|6, 58, N/A, 180.77, 55|
15:42:54 0, 59, N/A, 150.22, 0|1, 57, N/A, 47.92, 46|2, 62, N/A, 171.51, 100|3, 58, N/A, 44.18, 2|4, 64, N/A, 185.53, 79|5, 63, N/A, 45.93, 4|6, 58, N/A, 197.01, 55|
15:42:56 0, 60, N/A, 169.30, 96|1, 57, N/A, 47.70, 5|2, 63, N/A, 160.58, 100|3, 58, N/A, 43.69, 6|4, 64, N/A, 163.49, 100|5, 62, N/A, 45.44, 0|6, 59, N/A, 192.39, 100|
15:42:58 0, 61, N/A, 177.54, 94|1, 56, N/A, 47.43, 5|2, 63, N/A, 195.89, 100|3, 58, N/A, 43.69, 0|4, 64, N/A, 163.00, 100|5, 62, N/A, 45.19, 0|6, 59, N/A, 203.25, 100|
15:43:00 0, 61, N/A, 178.27, 100|1, 56, N/A, 47.21, 0|2, 63, N/A, 202.50, 100|3, 58, N/A, 43.45, 6|4, 64, N/A, 177.58, 100|5, 62, N/A, 44.95, 0|6, 59, N/A, 170.61, 100|
15:43:02 0, 61, N/A, 148.75, 100|1, 56, N/A, 47.18, 0|2, 64, N/A, 204.56, 100|3, 58, N/A, 43.44, 0|4, 65, N/A, 190.17, 100|5, 62, N/A, 44.94, 0|6, 59, N/A, 191.04, 100|
15:43:04 0, 61, N/A, 146.38, 100|1, 56, N/A, 47.21, 0|2, 64, N/A, 173.56, 100|3, 58, N/A, 43.47, 0|4, 65, N/A, 190.92, 100|5, 62, N/A, 44.97, 0|6, 60, N/A, 196.55, 100|
15:43:06 0, 61, N/A, 158.54, 100|1, 56, N/A, 46.96, 0|2, 64, N/A, 174.69, 100|3, 58, N/A, 43.45, 0|4, 65, N/A, 184.30, 100|5, 62, N/A, 44.94, 0|6, 60, N/A, 197.04, 100|
15:43:08 0, 61, N/A, 157.96, 100|1, 56, N/A, 46.94, 0|2, 64, N/A, 189.52, 100|3, 58, N/A, 43.44, 0|4, 65, N/A, 155.18, 100|5, 62, N/A, 44.95, 0|6, 60, N/A, 192.63, 100|
15:43:10 0, 61, N/A, 177.52, 100|1, 56, N/A, 46.69, 0|2, 64, N/A, 198.68, 100|3, 58, N/A, 43.20, 0|4, 65, N/A, 181.38, 100|5, 62, N/A, 44.46, 0|6, 60, N/A, 149.80, 100|
15:43:13 0, 61, N/A, 178.51, 100|1, 56, N/A, 46.69, 0|2, 63, N/A, 181.78, 100|3, 57, N/A, 42.98, 0|4, 65, N/A, 155.01, 100|5, 61, N/A, 44.46, 0|6, 60, N/A, 81.11, 100|
15:43:15 0, 62, N/A, 178.86, 100|1, 55, N/A, 46.72, 0|2, 63, N/A, 194.41, 100|3, 57, N/A, 42.98, 0|4, 64, N/A, 176.61, 100|5, 61, N/A, 44.48, 0|6, 58, N/A, 48.60, 63|
15:43:17 0, 61, N/A, 179.74, 100|1, 55, N/A, 46.45, 0|2, 63, N/A, 204.09, 100|3, 57, N/A, 42.98, 0|4, 64, N/A, 184.07, 100|5, 61, N/A, 44.24, 0|6, 57, N/A, 48.36, 100|
15:43:19 0, 61, N/A, 179.98, 100|1, 55, N/A, 46.20, 0|2, 63, N/A, 205.56, 100|3, 57, N/A, 42.98, 0|4, 64, N/A, 190.67, 100|5, 61, N/A, 44.24, 0|6, 57, N/A, 48.11, 48|
15:43:21 0, 61, N/A, 136.61, 100|1, 55, N/A, 46.20, 0|2, 63, N/A, 203.47, 100|3, 56, N/A, 42.73, 0|4, 64, N/A, 190.43, 100|5, 60, N/A, 44.24, 0|6, 57, N/A, 47.84, 56|
15:43:23 0, 60, N/A, 179.82, 100|1, 54, N/A, 45.96, 0|2, 63, N/A, 198.96, 100|3, 56, N/A, 42.73, 0|4, 64, N/A, 190.54, 100|5, 60, N/A, 43.99, 0|6, 56, N/A, 47.62, 1|
15:43:25 0, 61, N/A, 173.85, 100|1, 54, N/A, 45.71, 0|2, 63, N/A, 176.17, 100|3, 56, N/A, 42.49, 0|4, 64, N/A, 190.78, 100|5, 60, N/A, 43.99, 0|6, 56, N/A, 47.37, 46|
15:43:27 0, 60, N/A, 150.05, 100|1, 54, N/A, 45.98, 0|2, 63, N/A, 185.96, 100|3, 56, N/A, 42.49, 0|4, 64, N/A, 191.76, 100|5, 60, N/A, 43.99, 0|6, 56, N/A, 47.13, 0|
15:43:29 0, 60, N/A, 150.81, 100|1, 54, N/A, 45.74, 0|2, 62, N/A, 184.23, 100|3, 56, N/A, 42.49, 0|4, 64, N/A, 191.03, 100|5, 59, N/A, 43.74, 0|6, 56, N/A, 47.37, 27|
15:43:31 0, 60, N/A, 173.22, 100|1, 54, N/A, 45.49, 0|2, 62, N/A, 178.13, 100|3, 56, N/A, 42.24, 0|4, 64, N/A, 190.78, 100|5, 60, N/A, 43.99, 0|6, 56, N/A, 47.37, 0|
15:43:33 0, 60, N/A, 144.76, 100|1, 53, N/A, 45.74, 0|2, 62, N/A, 200.29, 100|3, 55, N/A, 42.24, 0|4, 63, N/A, 191.27, 100|5, 59, N/A, 43.74, 0|6, 55, N/A, 46.88, 15|
15:43:36 0, 60, N/A, 152.50, 100|1, 53, N/A, 45.74, 0|2, 62, N/A, 174.95, 100|3, 55, N/A, 42.24, 0|4, 63, N/A, 190.29, 100|5, 59, N/A, 43.50, 0|6, 55, N/A, 47.13, 0|
15:43:38 0, 60, N/A, 140.26, 100|1, 53, N/A, 45.47, 0|2, 62, N/A, 200.05, 100|3, 55, N/A, 42.24, 0|4, 63, N/A, 190.18, 100|5, 59, N/A, 43.74, 0|6, 55, N/A, 47.13, 46|
15:43:40 0, 60, N/A, 162.21, 100|1, 53, N/A, 45.49, 0|2, 62, N/A, 199.81, 100|3, 55, N/A, 42.24, 0|4, 62, N/A, 187.85, 100|5, 59, N/A, 43.50, 0|6, 55, N/A, 47.13, 0|
15:43:42 0, 60, N/A, 178.62, 100|1, 53, N/A, 45.22, 0|2, 61, N/A, 200.54, 100|3, 55, N/A, 42.00, 0|4, 62, N/A, 184.19, 100|5, 59, N/A, 43.50, 0|6, 55, N/A, 47.37, 85|
15:43:44 0, 60, N/A, 178.13, 100|1, 53, N/A, 45.25, 0|2, 61, N/A, 196.63, 100|3, 55, N/A, 42.00, 0|4, 62, N/A, 146.06, 100|5, 59, N/A, 43.50, 0|6, 55, N/A, 47.37, 41|
15:43:46 0, 59, N/A, 178.13, 100|1, 53, N/A, 45.25, 0|2, 60, N/A, 192.96, 100|3, 55, N/A, 42.00, 0|4, 62, N/A, 161.64, 100|5, 59, N/A, 43.50, 0|6, 55, N/A, 47.87, 100|
15:43:48 0, 59, N/A, 176.56, 100|1, 53, N/A, 45.49, 0|2, 60, N/A, 155.71, 100|3, 55, N/A, 42.22, 0|4, 62, N/A, 156.40, 100|5, 59, N/A, 43.50, 0|6, 57, N/A, 165.60, 100|
15:43:50 0, 59, N/A, 164.89, 100|1, 53, N/A, 45.46, 0|2, 61, N/A, 197.21, 100|3, 55, N/A, 42.22, 0|4, 63, N/A, 192.60, 100|5, 59, N/A, 43.47, 0|6, 57, N/A, 191.19, 100|
15:43:52 0, 59, N/A, 173.11, 100|1, 53, N/A, 45.71, 0|2, 61, N/A, 191.44, 100|3, 55, N/A, 42.22, 0|4, 63, N/A, 180.28, 100|5, 59, N/A, 43.72, 0|6, 57, N/A, 197.77, 100|
15:43:54 0, 59, N/A, 135.12, 100|1, 54, N/A, 45.49, 0|2, 61, N/A, 162.78, 100|3, 56, N/A, 42.46, 0|4, 63, N/A, 190.17, 100|5, 60, N/A, 43.96, 0|6, 57, N/A, 196.06, 100|
15:43:56 0, 59, N/A, 146.38, 100|1, 54, N/A, 45.98, 0|2, 61, N/A, 202.01, 100|3, 56, N/A, 42.46, 0|4, 63, N/A, 190.66, 100|5, 60, N/A, 43.96, 0|6, 56, N/A, 187.38, 100|
15:43:58 0, 59, N/A, 154.38, 100|1, 54, N/A, 46.20, 0|2, 61, N/A, 202.61, 100|3, 56, N/A, 42.71, 0|4, 62, N/A, 148.57, 100|5, 60, N/A, 43.96, 0|6, 57, N/A, 198.47, 100|
15:44:01 0, 59, N/A, 176.17, 100|1, 54, N/A, 46.23, 6|2, 61, N/A, 200.29, 100|3, 56, N/A, 42.98, 0|4, 62, N/A, 149.16, 100|5, 60, N/A, 44.48, 0|6, 57, N/A, 177.13, 100|
15:44:03 0, 58, N/A, 174.85, 100|1, 55, N/A, 46.69, 5|2, 61, N/A, 201.63, 100|3, 56, N/A, 42.98, 7|4, 63, N/A, 151.11, 100|5, 61, N/A, 44.48, 0|6, 57, N/A, 168.54, 100|
15:44:05 0, 58, N/A, 184.03, 38|1, 55, N/A, 46.72, 6|2, 61, N/A, 193.92, 100|3, 57, N/A, 43.44, 7|4, 63, N/A, 189.19, 100|5, 61, N/A, 44.94, 0|6, 57, N/A, 196.06, 100|
15:44:07 0, 56, N/A, 62.14, 3|1, 55, N/A, 47.21, 0|2, 61, N/A, 178.13, 100|3, 57, N/A, 43.69, 64|4, 62, N/A, 188.96, 25|5, 61, N/A, 45.19, 72|6, 55, N/A, 179.66, 3|
15:44:09 0, 57, N/A, 41.78, 0|1, 56, N/A, 47.95, 100|2, 60, N/A, 199.56, 0|3, 58, N/A, 44.21, 62|4, 61, N/A, 183.21, 26|5, 62, N/A, 46.45, 100|6, 55, N/A, 156.40, 9|
15:44:11 0, 57, N/A, 42.03, 0|1, 57, N/A, 54.80, 100|2, 60, N/A, 189.14, 0|3, 59, N/A, 148.15, 100|4, 60, N/A, 46.67, 0|5, 63, N/A, 167.66, 100|6, 54, N/A, 45.90, 0|
15:44:13 0, 57, N/A, 42.03, 0|1, 57, N/A, 157.97, 100|2, 59, N/A, 51.12, 0|3, 60, N/A, 140.89, 100|4, 60, N/A, 46.91, 0|5, 63, N/A, 185.42, 100|6, 54, N/A, 45.90, 0|
15:44:15 0, 57, N/A, 42.27, 0|1, 58, N/A, 187.91, 100|2, 60, N/A, 51.85, 0|3, 60, N/A, 177.32, 100|4, 61, N/A, 46.91, 0|5, 63, N/A, 185.15, 100|6, 55, N/A, 46.15, 0|
15:44:17 0, 57, N/A, 42.27, 0|1, 57, N/A, 189.87, 100|2, 60, N/A, 52.84, 0|3, 59, N/A, 135.04, 100|4, 61, N/A, 47.16, 0|5, 63, N/A, 183.70, 100|6, 55, N/A, 46.15, 0|
15:44:19 0, 58, N/A, 42.52, 0|1, 57, N/A, 179.70, 100|2, 60, N/A, 53.33, 0|3, 59, N/A, 154.04, 100|4, 62, N/A, 47.40, 0|5, 63, N/A, 180.52, 100|6, 55, N/A, 46.15, 0|
15:44:21 0, 58, N/A, 43.01, 0|1, 57, N/A, 164.51, 100|2, 61, N/A, 53.58, 0|3, 59, N/A, 181.12, 100|4, 62, N/A, 47.40, 0|5, 63, N/A, 185.15, 100|6, 55, N/A, 46.39, 0|
15:44:23 0, 58, N/A, 43.25, 27|1, 57, N/A, 188.65, 57|2, 62, N/A, 54.56, 85|3, 58, N/A, 177.07, 71|4, 62, N/A, 48.39, 36|5, 62, N/A, 181.03, 100|6, 55, N/A, 46.64, 0|
15:44:25 0, 59, N/A, 43.74, 42|1, 56, N/A, 188.65, 44|2, 63, N/A, 56.28, 100|3, 57, N/A, 149.72, 0|4, 65, N/A, 89.26, 100|5, 60, N/A, 120.03, 0|6, 56, N/A, 46.89, 0|
15:44:28 0, 61, N/A, 144.51, 100|1, 54, N/A, 45.98, 0|2, 64, N/A, 173.98, 100|3, 56, N/A, 42.74, 0|4, 65, N/A, 192.75, 100|5, 60, N/A, 43.99, 0|6, 56, N/A, 47.38, 7|
15:44:30 0, 61, N/A, 176.66, 100|1, 55, N/A, 45.98, 0|2, 64, N/A, 204.21, 100|3, 57, N/A, 42.49, 0|4, 65, N/A, 190.54, 100|5, 60, N/A, 44.02, 0|6, 57, N/A, 47.87, 23|
15:44:32 0, 61, N/A, 177.54, 100|1, 55, N/A, 46.22, 0|2, 63, N/A, 202.85, 100|3, 57, N/A, 42.98, 0|4, 65, N/A, 176.84, 100|5, 61, N/A, 43.99, 0|6, 59, N/A, 82.34, 100|
15:44:34 0, 60, N/A, 140.99, 100|1, 55, N/A, 46.47, 0|2, 64, N/A, 172.49, 100|3, 57, N/A, 42.95, 0|4, 65, N/A, 192.61, 100|5, 61, N/A, 44.45, 0|6, 58, N/A, 196.06, 100|
15:44:36 0, 61, N/A, 178.01, 100|1, 55, N/A, 46.69, 0|2, 64, N/A, 202.85, 100|3, 57, N/A, 43.20, 0|4, 65, N/A, 190.66, 100|5, 61, N/A, 44.94, 0|6, 58, N/A, 154.10, 100|
15:44:38 0, 60, N/A, 176.41, 100|1, 56, N/A, 46.97, 0|2, 63, N/A, 164.11, 100|3, 58, N/A, 43.72, 8|4, 65, N/A, 154.20, 100|5, 62, N/A, 45.19, 0|6, 58, N/A, 202.63, 100|
15:44:40 0, 57, N/A, 137.32, 0|1, 56, N/A, 47.92, 4|2, 63, N/A, 208.70, 91|3, 58, N/A, 44.18, 1|4, 64, N/A, 190.41, 85|5, 63, N/A, 45.68, 100|6, 56, N/A, 190.79, 61|
15:44:42 0, 58, N/A, 42.52, 0|1, 58, N/A, 64.64, 97|2, 61, N/A, 177.15, 0|3, 59, N/A, 46.88, 100|4, 62, N/A, 163.99, 0|5, 65, N/A, 178.90, 100|6, 55, N/A, 46.39, 0|
15:44:44 0, 58, N/A, 42.52, 0|1, 58, N/A, 181.55, 100|2, 61, N/A, 53.33, 0|3, 61, N/A, 179.03, 100|4, 62, N/A, 47.40, 0|5, 65, N/A, 187.38, 100|6, 55, N/A, 46.39, 0|
15:44:46 0, 58, N/A, 42.76, 0|1, 58, N/A, 190.61, 100|2, 61, N/A, 53.82, 0|3, 60, N/A, 174.63, 100|4, 62, N/A, 47.90, 0|5, 64, N/A, 168.64, 100|6, 55, N/A, 46.39, 0|
15:44:48 0, 59, N/A, 43.01, 0|1, 57, N/A, 190.84, 100|2, 62, N/A, 54.07, 0|3, 60, N/A, 152.31, 100|4, 63, N/A, 48.39, 0|5, 64, N/A, 176.23, 100|6, 56, N/A, 46.64, 0|
15:44:50 0, 59, N/A, 43.50, 2|1, 58, N/A, 186.68, 89|2, 63, N/A, 55.30, 69|3, 59, N/A, 177.07, 88|4, 64, N/A, 49.12, 21|5, 63, N/A, 182.49, 100|6, 56, N/A, 46.88, 0|
15:44:53 0, 60, N/A, 44.48, 62|1, 56, N/A, 186.45, 30|2, 64, N/A, 59.23, 100|3, 58, N/A, 152.31, 0|4, 66, N/A, 180.28, 100|5, 61, N/A, 44.24, 0|6, 56, N/A, 47.37, 0|
15:44:55 0, 62, N/A, 164.43, 100|1, 55, N/A, 46.44, 0|2, 65, N/A, 207.76, 100|3, 57, N/A, 42.98, 0|4, 66, N/A, 192.14, 100|5, 61, N/A, 44.24, 0|6, 57, N/A, 48.08, 59|
15:44:57 0, 62, N/A, 177.52, 100|1, 56, N/A, 46.44, 0|2, 64, N/A, 182.03, 100|3, 57, N/A, 43.20, 0|4, 66, N/A, 162.66, 100|5, 61, N/A, 44.45, 0|6, 59, N/A, 189.95, 100|
15:44:59 0, 61, N/A, 148.83, 100|1, 56, N/A, 46.94, 0|2, 65, N/A, 191.95, 100|3, 58, N/A, 43.44, 0|4, 66, N/A, 191.63, 100|5, 62, N/A, 44.70, 0|6, 59, N/A, 197.28, 100|
15:45:01 0, 60, N/A, 179.48, 100|1, 56, N/A, 46.94, 0|2, 64, N/A, 195.62, 100|3, 58, N/A, 43.69, 8|4, 65, N/A, 192.35, 100|5, 62, N/A, 45.19, 0|6, 58, N/A, 194.92, 100|
15:45:03 0, 58, N/A, 142.71, 0|1, 56, N/A, 47.92, 32|2, 63, N/A, 205.05, 62|3, 58, N/A, 43.93, 8|4, 64, N/A, 191.15, 100|5, 62, N/A, 45.68, 69|6, 57, N/A, 195.09, 89|
15:45:05 0, 57, N/A, 42.27, 0|1, 58, N/A, 61.93, 96|2, 61, N/A, 182.07, 1|3, 60, N/A, 147.42, 100|4, 62, N/A, 47.40, 0|5, 64, N/A, 160.65, 100|6, 55, N/A, 46.15, 0|
15:45:07 0, 57, N/A, 42.52, 0|1, 58, N/A, 181.29, 100|2, 61, N/A, 53.33, 0|3, 60, N/A, 178.54, 100|4, 62, N/A, 47.40, 0|5, 63, N/A, 180.29, 100|6, 55, N/A, 46.39, 0|
15:45:09 0, 58, N/A, 42.76, 0|1, 57, N/A, 198.16, 100|2, 61, N/A, 53.58, 0|3, 59, N/A, 151.58, 100|4, 62, N/A, 47.65, 0|5, 63, N/A, 153.10, 100|6, 55, N/A, 46.40, 0|
15:45:11 0, 58, N/A, 43.25, 0|1, 57, N/A, 185.70, 100|2, 62, N/A, 54.56, 12|3, 59, N/A, 175.35, 45|4, 62, N/A, 48.38, 0|5, 62, N/A, 183.20, 84|6, 55, N/A, 46.37, 0|
15:45:13 0, 59, N/A, 44.24, 100|1, 55, N/A, 172.50, 0|2, 64, N/A, 158.89, 100|3, 56, N/A, 61.33, 0|4, 65, N/A, 189.81, 100|5, 60, N/A, 43.74, 0|6, 55, N/A, 46.64, 0|
15:45:15 0, 61, N/A, 179.60, 100|1, 54, N/A, 45.74, 0|2, 63, N/A, 205.68, 100|3, 56, N/A, 42.49, 0|4, 64, N/A, 169.47, 100|5, 60, N/A, 43.99, 0|6, 56, N/A, 48.11, 54|
15:45:18 0, 59, N/A, 138.79, 100|1, 54, N/A, 45.95, 0|2, 63, N/A, 163.76, 100|3, 56, N/A, 42.47, 0|4, 65, N/A, 169.86, 100|5, 60, N/A, 43.97, 0|6, 57, N/A, 195.82, 100|
15:45:20 0, 59, N/A, 178.74, 100|1, 54, N/A, 46.20, 0|2, 62, N/A, 200.51, 100|3, 56, N/A, 42.71, 0|4, 63, N/A, 156.65, 100|5, 60, N/A, 44.21, 0|6, 56, N/A, 165.50, 100|
15:45:22 0, 57, N/A, 151.27, 0|1, 55, N/A, 46.96, 0|2, 62, N/A, 169.79, 100|3, 57, N/A, 43.72, 0|4, 63, N/A, 188.48, 100|5, 61, N/A, 44.95, 85|6, 55, N/A, 194.21, 80|
15:45:24 0, 56, N/A, 41.78, 0|1, 57, N/A, 188.40, 100|2, 59, N/A, 51.85, 0|3, 59, N/A, 180.72, 100|4, 60, N/A, 46.42, 0|5, 63, N/A, 184.92, 100|6, 53, N/A, 45.41, 0|
15:45:26 0, 56, N/A, 42.03, 0|1, 57, N/A, 190.85, 100|2, 59, N/A, 52.13, 0|3, 58, N/A, 176.59, 100|4, 60, N/A, 46.67, 0|5, 62, N/A, 180.05, 100|6, 53, N/A, 45.41, 0|
15:45:28 0, 56, N/A, 42.27, 0|1, 55, N/A, 148.94, 100|2, 60, N/A, 52.59, 0|3, 58, N/A, 142.14, 100|4, 61, N/A, 47.16, 0|5, 61, N/A, 182.09, 100|6, 53, N/A, 45.66, 0|
15:45:30 0, 57, N/A, 43.25, 44|1, 54, N/A, 187.16, 40|2, 60, N/A, 53.82, 57|3, 56, N/A, 172.92, 0|4, 62, N/A, 48.63, 58|5, 60, N/A, 164.48, 0|6, 54, N/A, 46.15, 0|
15:45:32 0, 59, N/A, 144.91, 100|1, 53, N/A, 45.22, 0|2, 62, N/A, 204.58, 100|3, 55, N/A, 41.97, 0|4, 63, N/A, 192.38, 100|5, 58, N/A, 43.23, 0|6, 54, N/A, 46.61, 39|
15:45:34 0, 58, N/A, 175.57, 100|1, 53, N/A, 45.24, 0|2, 61, N/A, 185.94, 100|3, 55, N/A, 42.00, 0|4, 63, N/A, 163.01, 100|5, 59, N/A, 43.47, 0|6, 57, N/A, 194.45, 100|
15:45:36 0, 58, N/A, 177.05, 100|1, 53, N/A, 45.49, 0|2, 61, N/A, 199.32, 100|3, 55, N/A, 42.24, 0|4, 62, N/A, 176.11, 100|5, 59, N/A, 43.72, 0|6, 56, N/A, 162.42, 100|
15:45:38 0, 56, N/A, 184.03, 53|1, 54, N/A, 46.47, 8|2, 60, N/A, 167.44, 100|3, 56, N/A, 42.96, 25|4, 62, N/A, 189.45, 100|5, 60, N/A, 44.46, 20|6, 55, N/A, 194.84, 100|
15:45:40 0, 55, N/A, 41.29, 0|1, 56, N/A, 172.83, 100|2, 58, N/A, 50.38, 0|3, 58, N/A, 163.22, 100|4, 59, N/A, 45.93, 0|5, 62, N/A, 197.77, 100|6, 52, N/A, 44.92, 0|
15:45:43 0, 55, N/A, 41.53, 0|1, 56, N/A, 189.12, 100|2, 58, N/A, 50.63, 0|3, 57, N/A, 174.86, 100|4, 59, N/A, 46.18, 0|5, 61, N/A, 170.35, 100|6, 52, N/A, 45.17, 0|
15:45:45 0, 56, N/A, 42.03, 0|1, 55, N/A, 176.17, 100|2, 58, N/A, 51.61, 0|3, 57, N/A, 177.56, 100|4, 60, N/A, 46.91, 0|5, 60, N/A, 182.98, 98|6, 53, N/A, 45.41, 0|
15:45:47 0, 57, N/A, 43.50, 100|1, 52, N/A, 171.25, 30|2, 61, N/A, 167.12, 100|3, 54, N/A, 41.75, 0|4, 63, N/A, 157.97, 100|5, 57, N/A, 46.91, 0|6, 53, N/A, 45.90, 0|
15:45:49 0, 59, N/A, 177.88, 100|1, 52, N/A, 45.00, 0|2, 61, N/A, 199.07, 100|3, 54, N/A, 41.75, 0|4, 62, N/A, 155.04, 100|5, 58, N/A, 43.01, 0|6, 55, N/A, 47.13, 88|
15:45:51 0, 58, N/A, 145.64, 100|1, 52, N/A, 45.22, 0|2, 61, N/A, 183.02, 100|3, 55, N/A, 41.97, 0|4, 62, N/A, 189.93, 100|5, 58, N/A, 43.47, 0|6, 55, N/A, 190.70, 100|
15:45:53 0, 57, N/A, 168.33, 79|1, 53, N/A, 45.71, 8|2, 60, N/A, 157.01, 100|3, 55, N/A, 42.46, 9|4, 62, N/A, 143.52, 100|5, 59, N/A, 43.96, 0|6, 55, N/A, 196.55, 100|
15:45:55 0, 55, N/A, 41.29, 0|1, 55, N/A, 47.46, 74|2, 59, N/A, 195.42, 25|3, 58, N/A, 145.23, 100|4, 59, N/A, 45.69, 0|5, 62, N/A, 103.67, 100|6, 52, N/A, 101.40, 0|
15:45:57 0, 55, N/A, 41.78, 0|1, 56, N/A, 191.57, 100|2, 58, N/A, 50.90, 0|3, 58, N/A, 176.10, 100|4, 60, N/A, 46.18, 0|5, 61, N/A, 142.65, 100|6, 53, N/A, 45.17, 0|
15:45:59 0, 56, N/A, 42.27, 0|1, 55, N/A, 181.29, 100|2, 59, N/A, 51.61, 0|3, 58, N/A, 151.10, 100|4, 60, N/A, 47.16, 0|5, 61, N/A, 184.93, 100|6, 53, N/A, 45.41, 0|
15:46:01 0, 58, N/A, 43.50, 95|1, 53, N/A, 179.35, 0|2, 62, N/A, 81.26, 100|3, 55, N/A, 125.01, 0|4, 64, N/A, 146.48, 100|5, 58, N/A, 55.51, 0|6, 54, N/A, 46.15, 0|
15:46:03 0, 59, N/A, 178.86, 100|1, 53, N/A, 45.25, 0|2, 62, N/A, 197.60, 100|3, 55, N/A, 42.00, 0|4, 63, N/A, 151.60, 100|5, 59, N/A, 43.50, 0|6, 56, N/A, 48.85, 100|
15:46:05 0, 59, N/A, 168.95, 100|1, 53, N/A, 45.71, 0|2, 62, N/A, 199.68, 100|3, 56, N/A, 42.46, 0|4, 63, N/A, 189.19, 100|5, 59, N/A, 43.72, 0|6, 56, N/A, 152.89, 100|
15:46:08 0, 57, N/A, 140.26, 0|1, 54, N/A, 46.47, 8|2, 61, N/A, 157.64, 100|3, 56, N/A, 42.96, 0|4, 63, N/A, 187.97, 100|5, 60, N/A, 44.70, 0|6, 56, N/A, 196.31, 78|
15:46:10 0, 56, N/A, 41.78, 0|1, 57, N/A, 181.06, 100|2, 59, N/A, 51.12, 0|3, 59, N/A, 174.37, 100|4, 60, N/A, 46.42, 0|5, 63, N/A, 156.27, 100|6, 53, N/A, 45.41, 0|
15:46:12 0, 56, N/A, 42.03, 0|1, 57, N/A, 190.85, 100|2, 59, N/A, 51.85, 0|3, 58, N/A, 144.99, 100|4, 61, N/A, 46.91, 0|5, 62, N/A, 149.50, 100|6, 54, N/A, 45.41, 0|
15:46:14 0, 55, N/A, 35.66, 0|1, 53, N/A, 45.25, 0|2, 61, N/A, 54.59, 46|3, 58, N/A, 176.70, 100|4, 62, N/A, 48.40, 18|5, 60, N/A, 163.69, 35|6, 54, N/A, 46.15, 0|
15:46:16 0, 54, N/A, 35.90, 0|1, 52, N/A, 38.63, 0|2, 58, N/A, 51.40, 0|3, 55, N/A, 42.00, 0|4, 65, N/A, 192.02, 100|5, 59, N/A, 43.50, 0|6, 55, N/A, 46.89, 53|
15:46:18 0, 54, N/A, 35.66, 0|1, 52, N/A, 37.90, 0|2, 57, N/A, 43.06, 0|3, 55, N/A, 36.13, 0|4, 60, N/A, 45.96, 0|5, 60, N/A, 43.78, 0|6, 58, N/A, 197.05, 100|
15:46:20 0, 55, N/A, 41.83, 0|1, 54, N/A, 184.62, 100|2, 57, N/A, 42.79, 0|3, 54, N/A, 36.15, 0|4, 59, N/A, 39.35, 0|5, 58, N/A, 37.90, 0|6, 53, N/A, 45.47, 0|
15:46:22 0, 54, N/A, 41.10, 0|1, 52, N/A, 44.30, 0|2, 60, N/A, 53.16, 95|3, 55, N/A, 139.13, 0|4, 58, N/A, 39.11, 0|5, 58, N/A, 37.65, 0|6, 53, N/A, 38.59, 0|
15:46:24 0, 54, N/A, 40.83, 0|1, 51, N/A, 44.05, 0|2, 57, N/A, 49.68, 0|3, 54, N/A, 41.78, 0|4, 62, N/A, 181.37, 100|5, 57, N/A, 37.14, 0|6, 52, N/A, 38.34, 0|
15:46:26 0, 53, N/A, 40.82, 0|1, 51, N/A, 43.80, 0|2, 56, N/A, 49.44, 0|3, 54, N/A, 41.54, 0|4, 59, N/A, 45.72, 0|5, 59, N/A, 43.28, 0|6, 55, N/A, 179.56, 100|
15:46:28 0, 54, N/A, 53.65, 12|1, 52, N/A, 82.60, 11|2, 57, N/A, 147.18, 24|3, 54, N/A, 41.81, 11|4, 59, N/A, 45.99, 15|5, 58, N/A, 43.31, 12|6, 53, N/A, 46.21, 15|
15:46:31 0, 54, N/A, 41.62, 12|1, 51, N/A, 44.57, 11|2, 57, N/A, 51.19, 15|3, 54, N/A, 42.08, 11|4, 59, N/A, 46.98, 15|5, 58, N/A, 47.99, 12|6, 53, N/A, 72.68, 20|
15:46:33 0, 53, N/A, 41.86, 12|1, 51, N/A, 44.85, 11|2, 57, N/A, 54.18, 15|3, 54, N/A, 49.47, 11|4, 59, N/A, 81.37, 15|5, 58, N/A, 143.99, 17|6, 53, N/A, 53.34, 14|
15:46:35 0, 54, N/A, 45.31, 12|1, 51, N/A, 57.13, 11|2, 56, N/A, 122.86, 15|3, 54, N/A, 111.42, 16|4, 58, N/A, 45.54, 15|5, 58, N/A, 43.34, 12|6, 53, N/A, 45.50, 14|
15:46:37 0, 53, N/A, 130.64, 12|1, 51, N/A, 44.35, 17|2, 56, N/A, 50.73, 22|3, 53, N/A, 41.84, 11|4, 58, N/A, 45.78, 15|5, 57, N/A, 44.57, 12|6, 53, N/A, 53.62, 14|
15:46:39 0, 53, N/A, 41.37, 12|1, 50, N/A, 44.57, 11|2, 56, N/A, 51.96, 15|3, 53, N/A, 45.03, 11|4, 58, N/A, 64.94, 15|5, 57, N/A, 109.04, 12|6, 53, N/A, 120.36, 20|
15:46:41 0, 53, N/A, 44.33, 12|1, 51, N/A, 54.18, 11|2, 56, N/A, 108.18, 15|3, 53, N/A, 121.16, 11|4, 57, N/A, 45.29, 15|5, 57, N/A, 43.10, 12|6, 53, N/A, 45.50, 14|
15:46:43 0, 53, N/A, 134.82, 18|1, 50, N/A, 44.11, 11|2, 55, N/A, 50.24, 15|3, 53, N/A, 41.59, 18|4, 57, N/A, 45.54, 15|5, 57, N/A, 44.08, 12|6, 53, N/A, 51.90, 14|
15:46:45 0, 53, N/A, 41.12, 12|1, 50, N/A, 44.35, 19|2, 55, N/A, 51.23, 16|3, 53, N/A, 43.56, 11|4, 58, N/A, 57.81, 21|5, 57, N/A, 89.49, 12|6, 52, N/A, 145.95, 14|
15:46:47 0, 53, N/A, 42.63, 12|1, 50, N/A, 48.79, 11|2, 56, N/A, 79.50, 18|3, 53, N/A, 120.25, 11|4, 57, N/A, 112.97, 15|5, 57, N/A, 42.85, 12|6, 52, N/A, 45.26, 23|
15:46:49 0, 53, N/A, 89.99, 12|1, 50, N/A, 127.52, 11|2, 55, N/A, 49.99, 15|3, 53, N/A, 41.37, 11|4, 57, N/A, 45.31, 15|5, 57, N/A, 43.37, 12|6, 52, N/A, 47.25, 14|
15:46:51 0, 53, N/A, 41.12, 16|1, 50, N/A, 44.11, 11|2, 55, N/A, 50.24, 15|3, 53, N/A, 41.84, 19|4, 57, N/A, 48.24, 15|5, 57, N/A, 54.39, 21|6, 52, N/A, 117.73, 14|
15:46:53 0, 53, N/A, 41.62, 12|1, 50, N/A, 45.34, 15|2, 56, N/A, 57.14, 15|3, 53, N/A, 59.52, 11|4, 57, N/A, 157.06, 24|5, 57, N/A, 73.51, 12|6, 52, N/A, 45.26, 14|
15:46:56 0, 53, N/A, 54.92, 12|1, 51, N/A, 86.83, 11|2, 55, N/A, 143.59, 24|3, 53, N/A, 41.37, 11|4, 57, N/A, 45.07, 15|5, 57, N/A, 42.87, 12|6, 53, N/A, 45.75, 14|
15:46:58 0, 53, N/A, 41.15, 12|1, 50, N/A, 44.11, 11|2, 55, N/A, 50.27, 15|3, 53, N/A, 41.59, 11|4, 57, N/A, 46.52, 15|5, 57, N/A, 48.27, 12|6, 53, N/A, 75.68, 14|
15:47:00 0, 53, N/A, 41.38, 12|1, 50, N/A, 44.85, 11|2, 55, N/A, 54.18, 15|3, 53, N/A, 51.41, 17|4, 57, N/A, 90.67, 15|5, 57, N/A, 134.91, 14|6, 52, N/A, 45.26, 14|
15:47:02 0, 53, N/A, 104.92, 16|1, 50, N/A, 72.85, 12|2, 55, N/A, 50.27, 15|3, 53, N/A, 41.37, 16|4, 57, N/A, 45.07, 15|5, 57, N/A, 43.61, 14|6, 53, N/A, 49.20, 14|
15:47:04 0, 53, N/A, 39.42, 13|1, 50, N/A, 52.45, 12|2, 55, N/A, 132.86, 16|3, 53, N/A, 48.94, 12|4, 57, N/A, 44.82, 15|5, 57, N/A, 42.85, 12|6, 53, N/A, 45.50, 14|
15:47:06 0, 53, N/A, 36.71, 13|1, 50, N/A, 42.63, 14|2, 55, N/A, 76.06, 21|3, 53, N/A, 106.81, 12|4, 57, N/A, 38.66, 16|5, 57, N/A, 36.72, 12|6, 53, N/A, 45.53, 14|
15:47:08 0, 53, N/A, 47.28, 13|1, 50, N/A, 81.43, 12|2, 55, N/A, 103.51, 16|3, 53, N/A, 35.95, 12|4, 57, N/A, 38.66, 16|5, 57, N/A, 37.45, 13|6, 53, N/A, 39.62, 15|
15:47:10 0, 53, N/A, 85.36, 13|1, 50, N/A, 37.95, 12|2, 55, N/A, 42.14, 16|3, 52, N/A, 35.71, 12|4, 56, N/A, 38.91, 16|5, 57, N/A, 37.95, 13|6, 53, N/A, 43.81, 15|
15:47:12 0, 52, N/A, 35.48, 13|1, 50, N/A, 37.95, 12|2, 55, N/A, 42.14, 18|3, 53, N/A, 36.20, 12|4, 57, N/A, 41.37, 16|5, 57, N/A, 49.26, 13|6, 52, N/A, 114.62, 15|
15:47:14 0, 52, N/A, 35.48, 13|1, 50, N/A, 38.19, 12|2, 55, N/A, 44.11, 16|3, 52, N/A, 42.08, 12|4, 56, N/A, 84.33, 16|5, 56, N/A, 101.67, 13|6, 52, N/A, 39.13, 15|
15:47:16 0, 53, N/A, 36.96, 13|1, 50, N/A, 43.37, 12|2, 55, N/A, 81.67, 16|3, 52, N/A, 99.93, 12|4, 56, N/A, 38.42, 16|5, 56, N/A, 37.21, 13|6, 52, N/A, 39.13, 15|
15:47:18 0, 53, N/A, 63.74, 13|1, 50, N/A, 110.57, 12|2, 55, N/A, 41.86, 19|3, 52, N/A, 35.71, 12|4, 56, N/A, 38.42, 16|5, 56, N/A, 37.45, 13|6, 53, N/A, 40.11, 17|
15:47:20 0, 52, N/A, 36.22, 13|1, 50, N/A, 37.95, 12|2, 54, N/A, 41.89, 16|3, 52, N/A, 35.95, 12|4, 56, N/A, 39.15, 16|5, 57, N/A, 40.17, 13|6, 53, N/A, 54.36, 15|
15:47:23 0, 52, N/A, 35.48, 16|1, 50, N/A, 37.95, 12|2, 55, N/A, 42.13, 16|3, 52, N/A, 36.67, 12|4, 57, N/A, 45.78, 16|5, 56, N/A, 61.78, 13|6, 52, N/A, 123.81, 15|
15:47:25 0, 52, N/A, 35.48, 13|1, 50, N/A, 38.69, 12|2, 55, N/A, 46.57, 17|3, 53, N/A, 49.71, 12|4, 56, N/A, 126.88, 16|5, 56, N/A, 52.18, 13|6, 52, N/A, 38.88, 15|
15:47:27 0, 53, N/A, 39.42, 13|1, 50, N/A, 51.96, 12|2, 55, N/A, 131.63, 16|3, 52, N/A, 50.70, 12|4, 56, N/A, 38.42, 16|5, 56, N/A, 37.21, 13|6, 52, N/A, 39.13, 15|
15:47:29 0, 52, N/A, 109.60, 14|1, 50, N/A, 68.18, 12|2, 54, N/A, 41.65, 16|3, 52, N/A, 35.46, 12|4, 56, N/A, 38.42, 16|5, 56, N/A, 37.46, 13|6, 53, N/A, 42.09, 15|
15:47:31 0, 52, N/A, 35.48, 13|1, 50, N/A, 37.95, 12|2, 54, N/A, 41.89, 19|3, 52, N/A, 36.20, 12|4, 56, N/A, 40.14, 16|5, 57, N/A, 44.33, 13|6, 53, N/A, 89.38, 15|
15:47:33 0, 52, N/A, 35.48, 13|1, 50, N/A, 38.19, 12|2, 54, N/A, 43.62, 16|3, 52, N/A, 40.63, 12|4, 56, N/A, 73.80, 16|5, 56, N/A, 110.76, 13|6, 52, N/A, 38.89, 15|
15:47:35 0, 53, N/A, 36.47, 16|1, 50, N/A, 42.13, 12|2, 55, N/A, 72.12, 16|3, 52, N/A, 107.06, 12|4, 56, N/A, 40.63, 16|5, 56, N/A, 36.96, 13|6, 52, N/A, 39.13, 15|
15:47:37 0, 53, N/A, 65.26, 13|1, 50, N/A, 109.65, 14|2, 54, N/A, 41.64, 18|3, 52, N/A, 35.46, 12|4, 56, N/A, 38.42, 16|5, 56, N/A, 37.46, 13|6, 53, N/A, 40.12, 15|
15:47:39 0, 52, N/A, 35.48, 13|1, 50, N/A, 37.95, 12|2, 54, N/A, 41.64, 16|3, 52, N/A, 35.95, 12|4, 56, N/A, 39.15, 16|5, 57, N/A, 39.67, 13|6, 53, N/A, 54.11, 15|
15:47:41 0, 52, N/A, 35.48, 15|1, 50, N/A, 37.70, 12|2, 54, N/A, 42.13, 16|3, 52, N/A, 36.94, 12|4, 56, N/A, 48.49, 16|5, 56, N/A, 79.21, 13|6, 52, N/A, 109.39, 15|
15:47:43 0, 52, N/A, 35.73, 13|1, 50, N/A, 38.93, 12|2, 55, N/A, 50.48, 19|3, 52, N/A, 64.20, 12|4, 56, N/A, 113.63, 16|5, 56, N/A, 37.21, 13|6, 52, N/A, 39.13, 15|
15:47:45 0, 53, N/A, 43.86, 13|1, 50, N/A, 70.88, 12|2, 54, N/A, 114.27, 16|3, 52, N/A, 35.46, 12|4, 56, N/A, 38.42, 16|5, 56, N/A, 36.96, 13|6, 52, N/A, 39.38, 15|
15:47:48 0, 52, N/A, 86.10, 15|1, 50, N/A, 37.70, 12|2, 54, N/A, 41.65, 16|3, 52, N/A, 35.46, 14|4, 56, N/A, 38.66, 16|5, 56, N/A, 38.44, 15|6, 53, N/A, 48.21, 15|
15:47:50 0, 52, N/A, 35.24, 13|1, 50, N/A, 37.95, 15|2, 54, N/A, 42.14, 16|3, 52, N/A, 36.69, 12|4, 56, N/A, 47.01, 17|5, 57, N/A, 72.07, 13|6, 52, N/A, 113.57, 15|
15:47:52 0, 52, N/A, 35.73, 13|1, 50, N/A, 39.18, 12|2, 54, N/A, 50.76, 16|3, 52, N/A, 65.43, 12|4, 55, N/A, 113.21, 16|5, 56, N/A, 37.21, 13|6, 52, N/A, 38.89, 17|
15:47:54 0, 52, N/A, 43.12, 13|1, 50, N/A, 66.45, 12|2, 54, N/A, 116.73, 16|3, 52, N/A, 35.46, 12|4, 56, N/A, 38.42, 16|5, 56, N/A, 37.21, 15|6, 52, N/A, 39.38, 15|
15:47:56 0, 52, N/A, 101.05, 13|1, 49, N/A, 37.72, 12|2, 54, N/A, 41.65, 16|3, 52, N/A, 35.71, 12|4, 55, N/A, 38.42, 18|5, 56, N/A, 37.95, 13|6, 53, N/A, 44.06, 15|
15:47:58 0, 52, N/A, 35.24, 13|1, 50, N/A, 37.70, 12|2, 54, N/A, 41.89, 16|3, 52, N/A, 36.20, 12|4, 56, N/A, 42.60, 16|5, 56, N/A, 54.89, 13|6, 52, N/A, 134.52, 18|
15:48:00 0, 52, N/A, 35.48, 13|1, 50, N/A, 38.44, 12|2, 54, N/A, 46.08, 16|3, 52, N/A, 49.47, 13|4, 56, N/A, 127.57, 16|5, 56, N/A, 53.90, 13|6, 52, N/A, 38.89, 15|
15:48:02 0, 52, N/A, 39.67, 13|1, 50, N/A, 50.48, 12|2, 54, N/A, 134.82, 16|3, 52, N/A, 54.85, 12|4, 55, N/A, 38.17, 16|5, 56, N/A, 37.21, 13|6, 52, N/A, 39.13, 15|
15:48:04 0, 52, N/A, 113.10, 13|1, 50, N/A, 66.70, 12|2, 54, N/A, 41.64, 19|3, 52, N/A, 35.46, 12|4, 55, N/A, 38.66, 16|5, 56, N/A, 37.46, 13|6, 53, N/A, 42.33, 17|
15:48:06 0, 52, N/A, 35.24, 13|1, 49, N/A, 37.97, 12|2, 54, N/A, 41.65, 16|3, 52, N/A, 36.20, 12|4, 56, N/A, 41.86, 16|5, 56, N/A, 52.46, 13|6, 53, N/A, 128.22, 15|
15:48:08 0, 52, N/A, 35.48, 16|1, 50, N/A, 38.19, 12|2, 54, N/A, 45.56, 16|3, 52, N/A, 48.48, 12|4, 56, N/A, 127.80, 17|5, 56, N/A, 64.69, 13|6, 52, N/A, 38.88, 15|
15:48:10 0, 52, N/A, 39.42, 13|1, 50, N/A, 53.44, 13|2, 54, N/A, 131.38, 18|3, 52, N/A, 40.85, 12|4, 55, N/A, 38.42, 16|5, 56, N/A, 37.21, 13|6, 52, N/A, 39.13, 15|
15:48:13 0, 52, N/A, 108.62, 13|1, 50, N/A, 37.70, 12|2, 54, N/A, 41.40, 16|3, 52, N/A, 35.71, 12|4, 55, N/A, 38.42, 16|5, 56, N/A, 37.95, 13|6, 53, N/A, 44.30, 15|
15:48:15 0, 52, N/A, 35.24, 14|1, 50, N/A, 37.95, 12|2, 54, N/A, 41.65, 16|3, 52, N/A, 36.20, 14|4, 55, N/A, 42.11, 16|5, 56, N/A, 51.23, 16|6, 53, N/A, 128.71, 15|
15:48:17 0, 52, N/A, 35.48, 13|1, 50, N/A, 38.44, 12|2, 54, N/A, 45.83, 16|3, 52, N/A, 48.48, 12|4, 55, N/A, 127.31, 18|5, 56, N/A, 58.58, 13|6, 52, N/A, 38.89, 15|
15:48:19 0, 52, N/A, 39.42, 13|1, 50, N/A, 51.72, 12|2, 54, N/A, 132.61, 16|3, 52, N/A, 66.86, 12|4, 55, N/A, 38.17, 16|5, 56, N/A, 36.96, 13|6, 53, N/A, 39.13, 18|
15:48:21 0, 52, N/A, 116.71, 13|1, 50, N/A, 61.56, 12|2, 53, N/A, 41.40, 16|3, 52, N/A, 35.46, 15|4, 55, N/A, 38.17, 16|5, 56, N/A, 37.46, 15|6, 53, N/A, 42.83, 15|
15:48:23 0, 52, N/A, 35.24, 13|1, 50, N/A, 37.70, 12|2, 53, N/A, 41.64, 16|3, 52, N/A, 36.18, 12|4, 55, N/A, 42.36, 18|5, 56, N/A, 52.95, 13|6, 53, N/A, 136.72, 15|
15:48:25 0, 52, N/A, 35.48, 13|1, 50, N/A, 38.69, 12|2, 53, N/A, 45.59, 17|3, 52, N/A, 49.47, 12|4, 55, N/A, 126.57, 16|5, 56, N/A, 50.98, 13|6, 53, N/A, 39.13, 18|
15:48:27 0, 53, N/A, 45.56, 13|1, 50, N/A, 75.81, 12|2, 53, N/A, 110.83, 16|3, 51, N/A, 35.46, 12|4, 55, N/A, 38.17, 16|5, 56, N/A, 37.21, 13|6, 53, N/A, 39.38, 15|
15:48:29 0, 52, N/A, 75.52, 14|1, 49, N/A, 37.70, 12|2, 53, N/A, 41.40, 16|3, 52, N/A, 35.71, 12|4, 55, N/A, 38.42, 16|5, 56, N/A, 38.19, 13|6, 53, N/A, 46.02, 15|
15:48:31 0, 52, N/A, 35.24, 13|1, 50, N/A, 37.70, 14|2, 53, N/A, 41.64, 19|3, 52, N/A, 36.42, 12|4, 55, N/A, 43.32, 16|5, 56, N/A, 58.08, 13|6, 53, N/A, 127.89, 15|
15:48:33 0, 52, N/A, 35.48, 13|1, 50, N/A, 38.46, 12|2, 54, N/A, 45.59, 16|3, 52, N/A, 48.73, 12|4, 55, N/A, 127.39, 16|5, 56, N/A, 54.15, 13|6, 52, N/A, 38.89, 17|
15:48:35 0, 52, N/A, 38.93, 13|1, 50, N/A, 51.22, 12|2, 54, N/A, 132.86, 16|3, 52, N/A, 56.08, 12|4, 55, N/A, 38.17, 16|5, 56, N/A, 36.96, 13|6, 53, N/A, 39.13, 15|
15:48:38 0, 52, N/A, 114.25, 13|1, 49, N/A, 51.47, 12|2, 53, N/A, 41.40, 16|3, 52, N/A, 35.46, 12|4, 55, N/A, 38.17, 18|5, 56, N/A, 37.46, 13|6, 53, N/A, 41.84, 15|
15:48:40 0, 52, N/A, 35.24, 13|1, 50, N/A, 37.70, 12|2, 53, N/A, 41.40, 16|3, 52, N/A, 35.95, 12|4, 55, N/A, 39.89, 16|5, 56, N/A, 44.33, 13|6, 53, N/A, 85.95, 15|
15:48:42 0, 52, N/A, 35.48, 13|1, 50, N/A, 37.95, 12|2, 53, N/A, 43.61, 16|3, 52, N/A, 42.33, 12|4, 55, N/A, 85.01, 16|5, 56, N/A, 99.27, 13|6, 53, N/A, 39.13, 15|
15:48:44 0, 52, N/A, 36.71, 15|1, 49, N/A, 42.87, 12|2, 54, N/A, 78.47, 16|3, 52, N/A, 102.64, 12|4, 55, N/A, 37.92, 16|5, 56, N/A, 36.96, 13|6, 53, N/A, 39.38, 15|
15:48:46 0, 52, N/A, 61.56, 13|1, 49, N/A, 113.03, 14|2, 53, N/A, 57.62, 18|3, 52, N/A, 35.46, 12|4, 55, N/A, 38.42, 16|5, 56, N/A, 36.96, 13|6, 53, N/A, 40.12, 15|
15:48:48 0, 52, N/A, 35.24, 13|1, 49, N/A, 37.70, 12|2, 53, N/A, 41.15, 16|3, 52, N/A, 35.46, 12|4, 55, N/A, 38.91, 16|5, 56, N/A, 39.42, 13|6, 53, N/A, 54.11, 17|
15:48:50 0, 52, N/A, 35.48, 13|1, 49, N/A, 37.95, 12|2, 53, N/A, 41.89, 16|3, 52, N/A, 37.68, 14|4, 55, N/A, 51.69, 16|5, 56, N/A, 93.18, 15|6, 53, N/A, 103.32, 15|
15:48:52 0, 52, N/A, 35.73, 13|1, 50, N/A, 39.92, 12|2, 54, N/A, 55.41, 16|3, 52, N/A, 80.09, 12|4, 55, N/A, 96.03, 18|5, 56, N/A, 36.96, 13|6, 52, N/A, 39.13, 15|
15:48:54 0, 52, N/A, 51.22, 13|1, 50, N/A, 94.41, 12|2, 53, N/A, 86.84, 16|3, 51, N/A, 35.46, 12|4, 55, N/A, 37.92, 16|5, 56, N/A, 36.96, 13|6, 53, N/A, 39.87, 15|
15:48:56 0, 52, N/A, 49.99, 13|1, 49, N/A, 37.70, 12|2, 53, N/A, 41.15, 16|3, 52, N/A, 35.46, 12|4, 55, N/A, 38.42, 16|5, 56, N/A, 38.93, 13|6, 53, N/A, 52.15, 15|
15:48:58 0, 52, N/A, 35.48, 15|1, 49, N/A, 37.97, 12|2, 53, N/A, 41.89, 16|3, 52, N/A, 37.19, 12|4, 55, N/A, 50.70, 16|5, 56, N/A, 80.69, 13|6, 53, N/A, 107.25, 15|
15:49:00 0, 52, N/A, 35.73, 13|1, 50, N/A, 39.92, 15|2, 54, N/A, 55.65, 19|3, 52, N/A, 80.38, 12|4, 55, N/A, 102.41, 16|5, 56, N/A, 36.96, 13|6, 52, N/A, 39.13, 15|
15:49:03 0, 52, N/A, 50.24, 13|1, 50, N/A, 93.48, 12|2, 53, N/A, 93.48, 16|3, 52, N/A, 35.46, 12|4, 54, N/A, 37.92, 16|5, 56, N/A, 36.96, 13|6, 53, N/A, 39.87, 17|
15:49:05 0, 52, N/A, 63.01, 13|1, 49, N/A, 37.70, 12|2, 53, N/A, 41.40, 16|3, 52, N/A, 35.46, 15|4, 55, N/A, 38.42, 16|5, 56, N/A, 39.18, 15|6, 53, N/A, 49.93, 15|
15:49:07 0, 52, N/A, 35.24, 13|1, 49, N/A, 37.70, 12|2, 53, N/A, 41.64, 16|3, 52, N/A, 36.69, 12|4, 55, N/A, 48.24, 18|5, 56, N/A, 79.21, 13|6, 52, N/A, 109.64, 15|
15:49:09 0, 52, N/A, 35.24, 0|1, 49, N/A, 37.45, 0|2, 53, N/A, 40.66, 0|3, 51, N/A, 35.22, 0|4, 54, N/A, 37.43, 0|5, 55, N/A, 36.47, 0|6, 52, N/A, 38.64, 0|
15:49:11 0, 51, N/A, 35.24, 0|1, 49, N/A, 37.45, 0|2, 52, N/A, 40.41, 0|3, 51, N/A, 34.97, 0|4, 54, N/A, 37.43, 0|5, 55, N/A, 36.47, 0|6, 52, N/A, 38.64, 0|
15:49:13 0, 51, N/A, 35.24, 0|1, 49, N/A, 37.45, 0|2, 53, N/A, 46.79, 0|3, 51, N/A, 34.97, 0|4, 54, N/A, 40.88, 0|5, 55, N/A, 38.69, 10|6, 52, N/A, 38.64, 18|
15:49:15 0, 52, N/A, 40.41, 0|1, 51, N/A, 178.97, 100|2, 52, N/A, 40.39, 0|3, 51, N/A, 35.21, 0|4, 54, N/A, 41.37, 0|5, 55, N/A, 36.71, 0|6, 52, N/A, 38.64, 0|
15:49:17 0, 52, N/A, 40.14, 0|1, 49, N/A, 43.09, 0|2, 53, N/A, 47.53, 0|3, 51, N/A, 40.36, 0|4, 55, N/A, 44.30, 0|5, 57, N/A, 139.99, 100|6, 52, N/A, 38.62, 0|
15:49:19 0, 52, N/A, 36.69, 15|1, 49, N/A, 39.42, 13|2, 54, N/A, 54.92, 15|3, 52, N/A, 41.10, 13|4, 55, N/A, 58.79, 14|5, 56, N/A, 68.14, 14|6, 53, N/A, 113.07, 16|
15:49:21 0, 52, N/A, 53.90, 15|1, 49, N/A, 37.95, 13|2, 54, N/A, 50.49, 15|3, 52, N/A, 36.20, 13|4, 55, N/A, 46.03, 14|5, 56, N/A, 46.54, 14|6, 53, N/A, 49.93, 19|
15:49:23 0, 52, N/A, 118.36, 23|1, 49, N/A, 37.70, 7|2, 53, N/A, 49.50, 7|3, 51, N/A, 35.46, 13|4, 55, N/A, 44.06, 10|5, 56, N/A, 42.36, 14|6, 52, N/A, 39.13, 10|
15:49:25 0, 53, N/A, 40.38, 0|1, 51, N/A, 44.08, 0|2, 57, N/A, 157.48, 100|3, 54, N/A, 136.28, 100|4, 54, N/A, 43.56, 0|5, 55, N/A, 42.11, 0|6, 52, N/A, 38.62, 0|
15:49:28 0, 52, N/A, 40.36, 0|1, 50, N/A, 44.07, 0|2, 54, N/A, 49.74, 0|3, 53, N/A, 40.80, 0|4, 57, N/A, 45.99, 100|5, 59, N/A, 170.09, 9|6, 55, N/A, 194.61, 100|
15:49:30 0, 53, N/A, 40.60, 0|1, 51, N/A, 44.54, 0|2, 56, N/A, 160.32, 100|3, 52, N/A, 40.58, 0|4, 55, N/A, 44.05, 0|5, 56, N/A, 42.33, 0|6, 53, N/A, 45.23, 0|
15:49:32 0, 52, N/A, 40.36, 0|1, 50, N/A, 43.58, 0|2, 54, N/A, 49.47, 0|3, 52, N/A, 40.33, 0|4, 55, N/A, 44.03, 0|5, 57, N/A, 43.07, 0|6, 55, N/A, 159.96, 56|
15:49:34 0, 53, N/A, 76.70, 14|1, 50, N/A, 100.24, 12|2, 54, N/A, 131.47, 15|3, 52, N/A, 48.42, 12|4, 55, N/A, 45.01, 14|5, 57, N/A, 43.56, 14|6, 53, N/A, 48.42, 18|
15:49:36 0, 53, N/A, 80.63, 14|1, 50, N/A, 102.69, 12|2, 54, N/A, 123.20, 15|3, 52, N/A, 41.59, 12|4, 55, N/A, 44.79, 14|5, 57, N/A, 43.81, 14|6, 54, N/A, 49.16, 18|
15:49:38 0, 56, N/A, 149.55, 100|1, 50, N/A, 43.83, 0|2, 54, N/A, 49.71, 0|3, 52, N/A, 41.07, 0|4, 55, N/A, 44.03, 0|5, 56, N/A, 42.58, 0|6, 53, N/A, 45.23, 0|
15:49:40 0, 56, N/A, 167.95, 100|1, 51, N/A, 44.29, 0|2, 56, N/A, 51.15, 0|3, 55, N/A, 156.89, 100|4, 58, N/A, 173.20, 100|5, 56, N/A, 42.27, 0|6, 53, N/A, 45.17, 0|
15:49:42 0, 56, N/A, 143.78, 97|1, 52, N/A, 45.49, 16|2, 57, N/A, 179.21, 92|3, 53, N/A, 42.00, 36|4, 58, N/A, 195.54, 100|5, 57, N/A, 42.77, 0|6, 54, N/A, 45.66, 0|
15:49:44 0, 55, N/A, 132.26, 0|1, 54, N/A, 48.17, 72|2, 57, N/A, 159.11, 0|3, 55, N/A, 42.71, 87|4, 58, N/A, 194.55, 5|5, 59, N/A, 43.96, 49|6, 55, N/A, 149.96, 7|
15:49:46 0, 55, N/A, 41.78, 0|1, 54, N/A, 184.24, 100|2, 56, N/A, 49.64, 0|3, 56, N/A, 183.55, 100|4, 57, N/A, 45.19, 0|5, 60, N/A, 176.37, 100|6, 54, N/A, 45.90, 0|
15:49:48 0, 56, N/A, 42.52, 96|1, 54, N/A, 158.88, 0|2, 57, N/A, 51.61, 87|3, 56, N/A, 152.07, 76|4, 58, N/A, 45.93, 14|5, 60, N/A, 181.99, 100|6, 54, N/A, 46.15, 0|
15:49:50 0, 58, N/A, 143.04, 100|1, 53, N/A, 45.49, 0|2, 59, N/A, 167.21, 100|3, 54, N/A, 42.00, 0|4, 60, N/A, 172.46, 100|5, 59, N/A, 43.25, 0|6, 55, N/A, 46.64, 0|
15:49:53 0, 58, N/A, 139.04, 73|1, 54, N/A, 46.22, 27|2, 59, N/A, 186.69, 76|3, 55, N/A, 42.71, 0|4, 60, N/A, 194.45, 100|5, 59, N/A, 43.72, 1|6, 57, N/A, 180.80, 100|
15:49:55 0, 56, N/A, 41.80, 0|1, 54, N/A, 45.99, 0|2, 60, N/A, 199.09, 100|3, 57, N/A, 95.32, 100|4, 58, N/A, 115.86, 0|5, 61, N/A, 48.42, 100|6, 55, N/A, 185.29, 0|
15:49:57 0, 57, N/A, 148.07, 22|1, 53, N/A, 45.03, 3|2, 57, N/A, 50.20, 3|3, 55, N/A, 41.54, 3|4, 58, N/A, 45.47, 3|5, 60, N/A, 44.02, 2|6, 56, N/A, 47.41, 13|
15:49:59 0, 55, N/A, 41.34, 0|1, 53, N/A, 45.28, 0|2, 57, N/A, 50.94, 0|3, 57, N/A, 144.20, 100|4, 57, N/A, 45.01, 0|5, 58, N/A, 43.04, 0|6, 55, N/A, 45.72, 0|
15:50:01 0, 56, N/A, 46.73, 7|1, 53, N/A, 53.12, 16|2, 57, N/A, 72.03, 22|3, 54, N/A, 71.69, 13|4, 58, N/A, 115.52, 8|5, 59, N/A, 98.64, 13|6, 56, N/A, 47.17, 23|
15:50:03 0, 56, N/A, 51.43, 15|1, 53, N/A, 75.50, 9|2, 56, N/A, 113.94, 10|3, 55, N/A, 78.57, 10|4, 58, N/A, 39.62, 16|5, 59, N/A, 44.05, 14|6, 56, N/A, 48.18, 19|
15:50:05 0, 55, N/A, 45.53, 15|1, 52, N/A, 55.12, 14|2, 56, N/A, 79.15, 17|3, 54, N/A, 92.75, 13|4, 57, N/A, 78.08, 16|5, 59, N/A, 43.81, 14|6, 56, N/A, 47.19, 19|
15:50:07 0, 55, N/A, 40.61, 19|1, 52, N/A, 43.31, 0|2, 56, N/A, 47.74, 0|3, 54, N/A, 40.83, 0|4, 57, N/A, 43.78, 0|5, 59, N/A, 43.07, 0|6, 55, N/A, 44.24, 13|
15:50:09 0, 54, N/A, 40.36, 0|1, 52, N/A, 43.31, 0|2, 56, N/A, 47.25, 0|3, 54, N/A, 40.58, 0|4, 57, N/A, 43.78, 0|5, 58, N/A, 42.58, 0|6, 54, N/A, 44.24, 0|
