15:10:50 0, 56, N/A, 40.90, 0|1, 54, N/A, 44.60, 0|2, 57, N/A, 49.26, 0|3, 57, N/A, 42.11, 0|4, 57, N/A, 44.08, 0|5, 42, N/A, 27.37, 0|6, 39, N/A, 28.57, 0|
15:10:52 0, 56, N/A, 40.90, 0|1, 54, N/A, 44.36, 0|2, 56, N/A, 49.01, 1|3, 56, N/A, 42.11, 1|4, 56, N/A, 43.83, 0|5, 42, N/A, 33.04, 0|6, 39, N/A, 28.57, 0|
15:10:54 0, 56, N/A, 40.66, 0|1, 53, N/A, 45.34, 97|2, 56, N/A, 48.76, 0|3, 56, N/A, 41.86, 0|4, 56, N/A, 43.83, 0|5, 42, N/A, 33.27, 0|6, 39, N/A, 28.57, 0|
15:10:56 0, 55, N/A, 40.66, 0|1, 53, N/A, 44.11, 0|2, 55, N/A, 48.52, 0|3, 56, N/A, 41.86, 58|4, 55, N/A, 44.33, 0|5, 42, N/A, 33.02, 0|6, 39, N/A, 28.57, 0|
15:10:59 0, 55, N/A, 45.58, 0|1, 53, N/A, 51.50, 0|2, 55, N/A, 56.40, 0|3, 56, N/A, 49.50, 0|4, 55, N/A, 48.24, 0|5, 42, N/A, 45.34, 0|6, 38, N/A, 28.32, 0|
15:11:01 0, 55, N/A, 41.40, 0|1, 53, N/A, 45.10, 0|2, 55, N/A, 49.28, 0|3, 55, N/A, 42.11, 0|4, 55, N/A, 44.08, 0|5, 43, N/A, 37.95, 0|6, 39, N/A, 28.32, 0|
15:11:03 0, 55, N/A, 43.83, 15|1, 53, N/A, 49.25, 15|2, 56, N/A, 59.84, 16|3, 57, N/A, 59.77, 16|4, 56, N/A, 80.64, 16|5, 43, N/A, 108.06, 23|6, 39, N/A, 28.30, 0|
15:11:05 0, 56, N/A, 45.81, 15|1, 54, N/A, 52.95, 15|2, 56, N/A, 66.00, 16|3, 57, N/A, 70.55, 16|4, 56, N/A, 105.35, 16|5, 44, N/A, 83.30, 23|6, 38, N/A, 28.57, 0|
15:11:07 0, 56, N/A, 48.51, 15|1, 54, N/A, 55.16, 15|2, 57, N/A, 74.83, 16|3, 56, N/A, 88.21, 16|4, 56, N/A, 130.33, 16|5, 44, N/A, 46.02, 23|6, 39, N/A, 28.32, 0|
15:11:09 0, 56, N/A, 51.22, 15|1, 54, N/A, 63.50, 15|2, 57, N/A, 95.21, 16|3, 56, N/A, 126.63, 16|4, 56, N/A, 82.31, 16|5, 44, N/A, 34.74, 23|6, 39, N/A, 28.56, 0|
15:11:11 0, 56, N/A, 61.07, 15|1, 54, N/A, 84.13, 15|2, 56, N/A, 141.47, 16|3, 56, N/A, 77.88, 16|4, 56, N/A, 45.07, 16|5, 44, N/A, 35.97, 23|6, 39, N/A, 28.57, 0|
15:11:13 0, 56, N/A, 85.11, 15|1, 54, N/A, 132.68, 15|2, 56, N/A, 88.56, 16|3, 57, N/A, 43.34, 16|4, 56, N/A, 46.05, 16|5, 45, N/A, 37.95, 23|6, 39, N/A, 28.56, 0|
15:11:15 0, 56, N/A, 123.84, 15|1, 54, N/A, 82.41, 15|2, 56, N/A, 51.96, 15|3, 57, N/A, 43.81, 16|4, 56, N/A, 46.54, 16|5, 45, N/A, 40.16, 23|6, 39, N/A, 28.57, 0|
15:11:17 0, 56, N/A, 94.42, 15|1, 54, N/A, 46.08, 15|2, 57, N/A, 52.73, 15|3, 57, N/A, 44.79, 16|4, 57, N/A, 48.98, 16|5, 46, N/A, 47.53, 23|6, 39, N/A, 28.57, 0|
15:11:19 0, 56, N/A, 42.63, 15|1, 54, N/A, 46.82, 15|2, 57, N/A, 53.22, 15|3, 57, N/A, 46.27, 16|4, 57, N/A, 52.18, 15|5, 46, N/A, 57.84, 23|6, 39, N/A, 28.57, 0|
15:11:21 0, 56, N/A, 43.12, 15|1, 54, N/A, 46.82, 15|2, 57, N/A, 54.18, 15|3, 57, N/A, 47.50, 16|4, 57, N/A, 54.39, 16|5, 46, N/A, 62.51, 23|6, 39, N/A, 28.55, 0|
15:11:24 0, 56, N/A, 45.07, 15|1, 54, N/A, 51.72, 15|2, 57, N/A, 65.75, 16|3, 57, N/A, 61.00, 17|4, 56, N/A, 112.72, 14|5, 46, N/A, 80.19, 23|6, 39, N/A, 28.57, 0|
15:11:26 0, 56, N/A, 43.12, 15|1, 54, N/A, 47.06, 15|2, 56, N/A, 45.58, 17|3, 57, N/A, 42.09, 17|4, 56, N/A, 51.44, 17|5, 46, N/A, 84.33, 23|6, 39, N/A, 28.32, 0|
15:11:28 0, 56, N/A, 40.90, 16|1, 54, N/A, 50.02, 16|2, 56, N/A, 64.03, 17|3, 56, N/A, 82.06, 17|4, 56, N/A, 93.86, 11|5, 46, N/A, 34.74, 23|6, 39, N/A, 28.57, 0|
15:11:30 0, 56, N/A, 36.71, 13|1, 54, N/A, 40.16, 16|2, 56, N/A, 44.36, 17|3, 56, N/A, 39.65, 17|4, 56, N/A, 44.82, 17|5, 47, N/A, 59.81, 19|6, 39, N/A, 28.57, 0|
15:11:32 0, 56, N/A, 47.28, 16|1, 54, N/A, 63.53, 16|2, 56, N/A, 104.75, 17|3, 56, N/A, 72.77, 17|4, 56, N/A, 38.91, 17|5, 46, N/A, 35.48, 23|6, 39, N/A, 28.57, 0|
15:11:34 0, 56, N/A, 36.96, 10|1, 54, N/A, 40.90, 16|2, 56, N/A, 45.83, 17|3, 56, N/A, 42.83, 17|4, 56, N/A, 52.67, 17|5, 47, N/A, 90.97, 18|6, 39, N/A, 28.57, 0|
15:11:36 0, 56, N/A, 55.41, 16|1, 53, N/A, 84.13, 16|2, 56, N/A, 102.53, 12|3, 56, N/A, 39.65, 17|4, 56, N/A, 39.15, 17|5, 47, N/A, 36.47, 23|6, 39, N/A, 28.57, 0|
15:11:38 0, 56, N/A, 37.45, 10|1, 54, N/A, 41.89, 16|2, 56, N/A, 48.29, 17|3, 56, N/A, 49.47, 17|4, 56, N/A, 67.40, 17|5, 47, N/A, 111.25, 18|6, 39, N/A, 28.57, 0|
15:11:40 0, 56, N/A, 99.32, 16|1, 53, N/A, 71.38, 16|2, 56, N/A, 43.37, 12|3, 56, N/A, 37.68, 17|4, 56, N/A, 40.39, 17|5, 47, N/A, 41.64, 23|6, 39, N/A, 28.57, 0|
15:11:42 0, 56, N/A, 39.18, 11|1, 54, N/A, 45.83, 16|2, 56, N/A, 56.90, 17|3, 56, N/A, 67.64, 17|4, 55, N/A, 111.75, 17|5, 47, N/A, 58.08, 23|6, 39, N/A, 28.57, 0|
15:11:44 0, 56, N/A, 41.37, 16|1, 53, N/A, 39.92, 16|2, 56, N/A, 43.86, 8|3, 56, N/A, 39.15, 17|4, 56, N/A, 43.83, 17|5, 48, N/A, 54.89, 23|6, 39, N/A, 28.57, 0|
15:11:46 0, 56, N/A, 46.79, 16|1, 54, N/A, 64.77, 11|2, 56, N/A, 103.02, 17|3, 56, N/A, 75.47, 16|4, 56, N/A, 38.66, 17|5, 48, N/A, 35.73, 19|6, 39, N/A, 28.57, 0|
15:11:49 0, 55, N/A, 36.94, 16|1, 53, N/A, 40.90, 16|2, 56, N/A, 46.05, 15|3, 56, N/A, 44.05, 17|4, 56, N/A, 54.85, 14|5, 48, N/A, 94.84, 23|6, 39, N/A, 28.55, 0|
15:11:51 0, 55, N/A, 68.43, 15|1, 53, N/A, 107.19, 11|2, 55, N/A, 64.45, 17|3, 56, N/A, 37.18, 14|4, 56, N/A, 39.65, 17|5, 48, N/A, 38.44, 18|6, 39, N/A, 28.55, 0|
15:11:53 0, 55, N/A, 38.19, 16|1, 53, N/A, 44.11, 16|2, 56, N/A, 54.19, 17|3, 56, N/A, 60.51, 17|4, 56, N/A, 99.76, 16|5, 48, N/A, 76.01, 23|6, 39, N/A, 28.57, 0|
15:11:55 0, 55, N/A, 63.26, 15|1, 53, N/A, 39.92, 16|2, 55, N/A, 43.86, 17|3, 56, N/A, 38.66, 17|4, 56, N/A, 42.60, 17|5, 48, N/A, 50.73, 16|6, 39, N/A, 28.57, 0|
15:11:57 0, 55, N/A, 43.86, 16|1, 54, N/A, 56.89, 16|2, 56, N/A, 84.67, 16|3, 56, N/A, 93.86, 17|4, 55, N/A, 40.14, 14|5, 48, N/A, 35.73, 23|6, 39, N/A, 28.57, 0|
15:11:59 0, 55, N/A, 36.71, 16|1, 53, N/A, 40.41, 15|2, 56, N/A, 44.85, 17|3, 56, N/A, 41.35, 14|4, 56, N/A, 48.24, 17|5, 49, N/A, 76.01, 17|6, 39, N/A, 28.57, 0|
15:12:01 0, 55, N/A, 60.55, 16|1, 53, N/A, 95.94, 16|2, 55, N/A, 85.12, 17|3, 56, N/A, 36.94, 17|4, 56, N/A, 39.15, 10|5, 49, N/A, 37.45, 23|6, 39, N/A, 28.55, 0|
15:12:03 0, 55, N/A, 37.70, 16|1, 53, N/A, 42.38, 11|2, 56, N/A, 49.74, 17|3, 56, N/A, 52.42, 11|4, 56, N/A, 77.44, 17|5, 49, N/A, 98.98, 19|6, 39, N/A, 28.55, 0|
15:12:05 0, 55, N/A, 96.62, 16|1, 53, N/A, 48.79, 16|2, 55, N/A, 43.12, 17|3, 56, N/A, 37.92, 17|4, 56, N/A, 40.63, 12|5, 49, N/A, 42.63, 23|6, 39, N/A, 28.57, 0|
15:12:07 0, 55, N/A, 42.87, 16|1, 53, N/A, 54.21, 15|2, 56, N/A, 79.26, 14|3, 56, N/A, 101.41, 17|4, 55, N/A, 59.57, 17|5, 49, N/A, 35.73, 14|6, 39, N/A, 28.57, 0|
15:12:09 0, 55, N/A, 36.71, 15|1, 53, N/A, 40.41, 16|2, 55, N/A, 44.60, 17|3, 56, N/A, 41.10, 17|4, 55, N/A, 48.24, 17|5, 49, N/A, 77.24, 23|6, 39, N/A, 28.55, 0|
15:12:11 0, 55, N/A, 55.90, 16|1, 53, N/A, 84.43, 16|2, 55, N/A, 100.32, 10|3, 56, N/A, 36.94, 17|4, 56, N/A, 38.91, 17|5, 49, N/A, 36.96, 17|6, 39, N/A, 28.57, 0|
15:12:14 0, 55, N/A, 37.21, 16|1, 53, N/A, 41.89, 16|2, 55, N/A, 48.54, 17|3, 56, N/A, 49.22, 17|4, 56, N/A, 68.63, 17|5, 49, N/A, 110.76, 23|6, 39, N/A, 28.57, 0|
15:12:16 0, 55, N/A, 102.27, 16|1, 53, N/A, 66.94, 15|2, 55, N/A, 43.12, 13|3, 56, N/A, 37.43, 12|4, 55, N/A, 40.14, 17|5, 50, N/A, 42.63, 21|6, 39, N/A, 28.57, 0|
15:12:18 0, 55, N/A, 39.92, 15|1, 53, N/A, 47.80, 16|2, 55, N/A, 62.55, 17|3, 56, N/A, 81.61, 17|4, 55, N/A, 92.39, 17|5, 50, N/A, 35.48, 23|6, 39, N/A, 28.55, 0|
15:12:20 0, 55, N/A, 36.47, 16|1, 53, N/A, 39.92, 16|2, 55, N/A, 43.86, 17|3, 56, N/A, 39.65, 14|4, 56, N/A, 45.07, 17|5, 50, N/A, 61.78, 23|6, 39, N/A, 28.57, 0|
15:12:22 0, 55, N/A, 47.04, 11|1, 53, N/A, 63.29, 16|2, 55, N/A, 103.02, 17|3, 56, N/A, 81.07, 17|4, 55, N/A, 38.66, 17|5, 50, N/A, 36.22, 23|6, 39, N/A, 28.57, 0|
15:12:24 0, 55, N/A, 36.71, 16|1, 53, N/A, 40.66, 16|2, 55, N/A, 44.60, 13|3, 56, N/A, 41.84, 17|4, 55, N/A, 50.21, 17|5, 50, N/A, 84.58, 23|6, 39, N/A, 28.57, 0|
15:12:26 0, 55, N/A, 62.55, 12|1, 53, N/A, 100.12, 16|2, 55, N/A, 79.95, 17|3, 56, N/A, 36.94, 17|4, 55, N/A, 39.40, 17|5, 50, N/A, 38.19, 22|6, 39, N/A, 28.57, 0|
15:12:28 0, 55, N/A, 37.95, 16|1, 53, N/A, 43.37, 16|2, 55, N/A, 52.45, 11|3, 56, N/A, 58.05, 17|4, 55, N/A, 84.08, 17|5, 50, N/A, 92.20, 23|6, 39, N/A, 28.57, 0|
15:12:30 0, 56, N/A, 41.86, 0|1, 55, N/A, 148.49, 100|2, 54, N/A, 41.62, 0|3, 55, N/A, 36.44, 0|4, 55, N/A, 37.43, 0|5, 49, N/A, 34.99, 0|6, 39, N/A, 28.56, 0|
15:12:32 0, 55, N/A, 41.12, 0|1, 53, N/A, 45.09, 0|2, 55, N/A, 48.79, 0|3, 56, N/A, 42.33, 0|4, 58, N/A, 145.13, 100|5, 49, N/A, 34.99, 0|6, 39, N/A, 28.55, 0|
15:12:34 0, 56, N/A, 41.86, 0|1, 56, N/A, 48.02, 100|2, 58, N/A, 194.33, 94|3, 56, N/A, 182.93, 37|4, 55, N/A, 43.81, 0|5, 50, N/A, 40.38, 0|6, 40, N/A, 28.55, 0|
15:12:37 0, 59, N/A, 142.59, 100|1, 55, N/A, 47.28, 69|2, 57, N/A, 156.66, 4|3, 56, N/A, 42.55, 0|4, 57, N/A, 45.28, 0|5, 53, N/A, 197.64, 100|6, 40, N/A, 28.55, 0|
15:12:39 0, 57, N/A, 43.09, 75|1, 56, N/A, 157.22, 0|2, 56, N/A, 50.23, 0|3, 60, N/A, 147.47, 100|4, 57, N/A, 45.04, 19|5, 53, N/A, 147.33, 75|6, 40, N/A, 28.55, 0|
15:12:41 0, 58, N/A, 142.99, 0|1, 55, N/A, 46.54, 0|2, 59, N/A, 205.21, 100|3, 57, N/A, 43.53, 0|4, 58, N/A, 195.68, 100|5, 51, N/A, 40.63, 0|6, 39, N/A, 28.55, 0|
15:12:43 0, 57, N/A, 42.35, 0|1, 58, N/A, 150.21, 100|2, 58, N/A, 51.46, 0|3, 59, N/A, 140.86, 100|4, 57, N/A, 44.79, 0|5, 53, N/A, 41.62, 48|6, 40, N/A, 28.55, 0|
15:12:45 0, 60, N/A, 147.40, 100|1, 57, N/A, 47.52, 0|2, 58, N/A, 178.36, 80|3, 57, N/A, 43.28, 0|4, 60, N/A, 49.68, 95|5, 52, N/A, 165.28, 0|6, 39, N/A, 28.53, 0|
15:12:47 0, 59, N/A, 43.34, 33|1, 57, N/A, 180.91, 37|2, 58, N/A, 51.22, 0|3, 61, N/A, 151.88, 100|4, 58, N/A, 45.78, 0|5, 54, N/A, 189.34, 100|6, 40, N/A, 28.55, 0|
15:12:49 0, 58, N/A, 174.79, 0|1, 56, N/A, 47.03, 0|2, 61, N/A, 201.31, 100|3, 59, N/A, 43.80, 0|4, 59, N/A, 148.97, 100|5, 52, N/A, 41.12, 0|6, 40, N/A, 28.55, 0|
15:12:51 0, 58, N/A, 42.85, 0|1, 59, N/A, 179.46, 100|2, 59, N/A, 52.67, 86|3, 60, N/A, 157.17, 13|4, 58, N/A, 45.78, 0|5, 54, N/A, 42.35, 99|6, 40, N/A, 28.55, 0|
15:12:53 0, 61, N/A, 141.02, 100|1, 58, N/A, 48.72, 55|2, 59, N/A, 184.49, 20|3, 59, N/A, 43.77, 0|4, 61, N/A, 191.30, 100|5, 53, N/A, 41.59, 0|6, 40, N/A, 28.53, 0|
15:12:55 0, 61, N/A, 156.80, 100|1, 57, N/A, 46.78, 0|2, 59, N/A, 52.20, 0|3, 61, N/A, 171.42, 100|4, 60, N/A, 46.95, 67|5, 54, N/A, 173.42, 20|6, 40, N/A, 28.51, 0|
15:12:57 0, 58, N/A, 42.82, 0|1, 58, N/A, 48.23, 0|2, 61, N/A, 192.74, 100|3, 61, N/A, 83.72, 100|4, 58, N/A, 119.39, 1|5, 54, N/A, 41.59, 0|6, 40, N/A, 28.53, 0|
15:12:59 0, 60, N/A, 43.77, 0|1, 59, N/A, 164.37, 82|2, 61, N/A, 174.82, 100|3, 59, N/A, 43.74, 0|4, 60, N/A, 46.48, 0|5, 56, N/A, 140.12, 100|6, 40, N/A, 28.75, 0|
15:13:02 0, 60, N/A, 138.88, 0|1, 59, N/A, 194.13, 100|2, 59, N/A, 50.90, 1|3, 60, N/A, 44.95, 3|4, 61, N/A, 174.60, 100|5, 56, N/A, 55.30, 97|6, 40, N/A, 28.51, 0|
15:13:04 0, 61, N/A, 141.34, 100|1, 58, N/A, 46.75, 0|2, 62, N/A, 56.81, 100|3, 61, N/A, 147.03, 1|4, 61, N/A, 194.23, 100|5, 54, N/A, 41.56, 0|6, 40, N/A, 28.51, 0|
15:13:06 0, 59, N/A, 43.28, 0|1, 60, N/A, 181.90, 100|2, 60, N/A, 53.37, 0|3, 61, N/A, 172.29, 100|4, 59, N/A, 45.96, 0|5, 55, N/A, 42.55, 0|6, 39, N/A, 28.51, 0|
15:13:08 0, 62, N/A, 151.62, 100|1, 59, N/A, 58.98, 100|2, 59, N/A, 181.67, 0|3, 60, N/A, 44.21, 0|4, 62, N/A, 160.42, 100|5, 55, N/A, 42.30, 0|6, 39, N/A, 28.51, 0|
15:13:10 0, 62, N/A, 150.56, 100|1, 57, N/A, 47.49, 0|2, 60, N/A, 53.12, 0|3, 62, N/A, 144.74, 100|4, 62, N/A, 137.59, 100|5, 54, N/A, 68.50, 0|6, 39, N/A, 28.49, 0|
15:13:12 0, 59, N/A, 43.04, 0|1, 59, N/A, 49.92, 72|2, 61, N/A, 196.64, 0|3, 62, N/A, 154.04, 100|4, 59, N/A, 45.96, 0|5, 55, N/A, 42.05, 0|6, 39, N/A, 28.51, 0|
15:13:14 0, 58, N/A, 42.79, 0|1, 58, N/A, 48.20, 0|2, 61, N/A, 184.99, 100|3, 60, N/A, 43.97, 0|4, 61, N/A, 51.12, 100|5, 56, N/A, 159.96, 0|6, 39, N/A, 28.51, 0|
15:13:16 0, 57, N/A, 37.16, 0|1, 56, N/A, 46.76, 0|2, 58, N/A, 51.19, 0|3, 59, N/A, 43.75, 0|4, 60, N/A, 46.46, 0|5, 57, N/A, 180.90, 100|6, 39, N/A, 28.51, 0|
15:13:18 0, 58, N/A, 42.57, 0|1, 57, N/A, 47.74, 0|2, 60, N/A, 149.94, 100|3, 58, N/A, 37.63, 0|4, 58, N/A, 45.50, 0|5, 54, N/A, 41.34, 0|6, 39, N/A, 28.53, 0|
15:13:20 0, 57, N/A, 42.08, 0|1, 56, N/A, 46.54, 0|2, 58, N/A, 50.94, 0|3, 59, N/A, 43.53, 0|4, 59, N/A, 46.24, 0|5, 56, N/A, 189.09, 100|6, 39, N/A, 28.53, 0|
15:13:22 0, 58, N/A, 44.29, 16|1, 56, N/A, 49.47, 16|2, 58, N/A, 60.04, 17|3, 59, N/A, 60.22, 17|4, 59, N/A, 82.02, 12|5, 55, N/A, 140.89, 23|6, 39, N/A, 28.53, 0|
15:13:24 0, 58, N/A, 43.56, 16|1, 56, N/A, 47.99, 16|2, 58, N/A, 55.13, 13|3, 59, N/A, 48.20, 17|4, 58, N/A, 56.05, 12|5, 55, N/A, 66.38, 24|6, 39, N/A, 28.53, 0|
15:13:27 0, 57, N/A, 43.31, 16|1, 56, N/A, 47.74, 16|2, 58, N/A, 54.85, 10|3, 59, N/A, 49.16, 17|4, 58, N/A, 58.26, 15|5, 55, N/A, 80.58, 24|6, 39, N/A, 28.53, 0|
15:13:29 0, 57, N/A, 43.31, 16|1, 55, N/A, 48.02, 16|2, 57, N/A, 55.62, 13|3, 58, N/A, 50.91, 17|4, 58, N/A, 61.70, 11|5, 54, N/A, 97.00, 24|6, 39, N/A, 28.53, 0|
15:13:31 0, 57, N/A, 43.58, 16|1, 55, N/A, 48.02, 16|2, 57, N/A, 55.41, 9|3, 58, N/A, 50.67, 17|4, 58, N/A, 57.81, 16|5, 54, N/A, 83.84, 24|6, 39, N/A, 28.55, 0|
15:13:33 0, 57, N/A, 43.37, 16|1, 55, N/A, 47.80, 13|2, 57, N/A, 55.16, 11|3, 58, N/A, 51.68, 17|4, 58, N/A, 62.98, 12|5, 54, N/A, 102.71, 24|6, 39, N/A, 28.55, 0|
15:13:35 0, 57, N/A, 43.34, 16|1, 55, N/A, 48.29, 16|2, 57, N/A, 56.64, 11|3, 58, N/A, 54.11, 16|4, 58, N/A, 69.37, 17|5, 54, N/A, 123.71, 23|6, 39, N/A, 28.57, 0|
15:13:37 0, 56, N/A, 43.59, 16|1, 55, N/A, 48.79, 10|2, 57, N/A, 57.87, 11|3, 58, N/A, 57.06, 17|4, 57, N/A, 77.21, 14|5, 54, N/A, 119.78, 24|6, 39, N/A, 28.55, 0|
15:13:39 0, 56, N/A, 43.58, 16|1, 55, N/A, 49.01, 9|2, 57, N/A, 58.86, 17|3, 58, N/A, 58.78, 15|4, 57, N/A, 79.90, 16|5, 54, N/A, 114.37, 21|6, 39, N/A, 28.55, 0|
15:13:41 0, 56, N/A, 44.08, 16|1, 54, N/A, 49.49, 13|2, 57, N/A, 60.30, 17|3, 57, N/A, 61.70, 17|4, 57, N/A, 86.99, 17|5, 54, N/A, 106.57, 21|6, 39, N/A, 28.30, 0|
15:13:43 0, 56, N/A, 44.57, 16|1, 54, N/A, 51.01, 9|2, 56, N/A, 64.52, 17|3, 57, N/A, 67.36, 10|4, 56, N/A, 91.90, 17|5, 54, N/A, 102.71, 17|6, 39, N/A, 28.55, 0|
15:13:45 0, 56, N/A, 44.60, 16|1, 54, N/A, 51.25, 14|2, 56, N/A, 66.00, 17|3, 57, N/A, 74.24, 9|4, 56, N/A, 120.77, 17|5, 54, N/A, 81.63, 16|6, 39, N/A, 28.57, 0|
15:13:47 0, 56, N/A, 45.31, 15|1, 54, N/A, 53.19, 10|2, 56, N/A, 70.15, 17|3, 57, N/A, 84.81, 13|4, 56, N/A, 138.36, 17|5, 53, N/A, 60.05, 18|6, 39, N/A, 28.57, 0|
15:13:49 0, 56, N/A, 49.25, 16|1, 54, N/A, 62.55, 11|2, 56, N/A, 94.23, 16|3, 57, N/A, 125.57, 12|4, 56, N/A, 85.76, 17|5, 54, N/A, 36.96, 19|6, 39, N/A, 28.57, 0|
15:13:52 0, 56, N/A, 55.16, 16|1, 54, N/A, 76.30, 11|2, 56, N/A, 116.72, 17|3, 56, N/A, 112.65, 10|4, 56, N/A, 44.82, 17|5, 53, N/A, 37.45, 15|6, 39, N/A, 28.55, 0|
15:13:54 0, 56, N/A, 60.55, 16|1, 54, N/A, 89.04, 9|2, 56, N/A, 149.24, 11|3, 57, N/A, 63.67, 17|4, 56, N/A, 45.04, 17|5, 54, N/A, 37.92, 15|6, 39, N/A, 28.55, 0|
15:13:56 0, 56, N/A, 84.12, 16|1, 54, N/A, 127.70, 16|2, 56, N/A, 96.86, 13|3, 57, N/A, 43.31, 15|4, 56, N/A, 45.31, 17|5, 54, N/A, 39.18, 19|6, 39, N/A, 28.55, 0|
15:13:58 0, 55, N/A, 106.45, 16|1, 54, N/A, 110.57, 14|2, 56, N/A, 51.47, 16|3, 57, N/A, 43.56, 17|4, 56, N/A, 46.03, 17|5, 54, N/A, 40.66, 17|6, 39, N/A, 28.55, 0|
15:14:00 0, 56, N/A, 128.94, 16|1, 54, N/A, 77.53, 16|2, 56, N/A, 51.47, 14|3, 57, N/A, 43.83, 17|4, 56, N/A, 46.79, 17|5, 54, N/A, 44.08, 23|6, 39, N/A, 28.57, 0|
15:14:02 0, 56, N/A, 43.10, 16|1, 54, N/A, 41.40, 18|2, 56, N/A, 47.56, 9|3, 57, N/A, 52.91, 17|4, 57, N/A, 68.39, 10|5, 54, N/A, 121.82, 24|6, 39, N/A, 28.57, 0|
15:14:04 0, 55, N/A, 38.19, 17|1, 54, N/A, 43.86, 18|2, 56, N/A, 53.19, 19|3, 57, N/A, 63.70, 19|4, 56, N/A, 105.12, 13|5, 54, N/A, 70.60, 24|6, 39, N/A, 28.57, 0|
15:14:06 0, 55, N/A, 76.51, 10|1, 53, N/A, 99.14, 18|2, 55, N/A, 42.88, 18|3, 56, N/A, 37.43, 19|4, 56, N/A, 39.65, 18|5, 54, N/A, 40.41, 24|6, 39, N/A, 28.57, 0|
15:14:08 0, 55, N/A, 36.71, 17|1, 53, N/A, 41.15, 9|2, 55, N/A, 46.57, 17|3, 57, N/A, 46.02, 19|4, 56, N/A, 61.01, 14|5, 54, N/A, 121.26, 19|6, 39, N/A, 28.55, 0|
15:14:10 0, 55, N/A, 49.74, 16|1, 53, N/A, 74.09, 18|2, 55, N/A, 114.51, 9|3, 56, N/A, 61.25, 19|4, 56, N/A, 38.91, 10|5, 54, N/A, 37.46, 24|6, 39, N/A, 28.57, 0|
15:14:12 0, 55, N/A, 36.47, 9|1, 53, N/A, 39.92, 18|2, 55, N/A, 43.62, 19|3, 56, N/A, 38.91, 9|4, 56, N/A, 43.59, 18|5, 55, N/A, 57.60, 16|6, 39, N/A, 28.57, 0|
15:14:14 0, 55, N/A, 38.93, 17|1, 54, N/A, 46.32, 18|2, 55, N/A, 61.32, 17|3, 57, N/A, 84.02, 16|4, 56, N/A, 92.39, 18|5, 54, N/A, 36.72, 20|6, 39, N/A, 28.57, 0|
15:14:17 0, 55, N/A, 94.42, 17|1, 53, N/A, 55.41, 18|2, 55, N/A, 43.12, 19|3, 56, N/A, 37.68, 19|4, 56, N/A, 40.39, 9|5, 55, N/A, 43.86, 24|6, 39, N/A, 28.57, 0|
15:14:19 0, 55, N/A, 37.70, 17|1, 53, N/A, 42.87, 9|2, 55, N/A, 51.01, 19|3, 56, N/A, 58.05, 10|4, 56, N/A, 93.38, 18|5, 54, N/A, 85.81, 13|6, 39, N/A, 28.55, 0|
15:14:21 0, 55, N/A, 78.72, 17|1, 53, N/A, 98.59, 17|2, 55, N/A, 42.87, 15|3, 56, N/A, 37.19, 19|4, 56, N/A, 39.65, 17|5, 55, N/A, 40.91, 24|6, 39, N/A, 28.57, 0|
15:14:23 0, 55, N/A, 36.94, 17|1, 53, N/A, 41.40, 18|2, 55, N/A, 46.57, 19|3, 56, N/A, 46.51, 19|4, 56, N/A, 62.73, 18|5, 54, N/A, 120.03, 24|6, 39, N/A, 28.55, 0|
15:14:25 0, 55, N/A, 51.47, 17|1, 53, N/A, 73.84, 9|2, 55, N/A, 115.01, 10|3, 56, N/A, 43.56, 19|4, 56, N/A, 39.15, 18|5, 55, N/A, 37.95, 24|6, 39, N/A, 28.55, 0|
15:14:27 0, 55, N/A, 36.47, 17|1, 53, N/A, 40.16, 18|2, 55, N/A, 44.11, 17|3, 56, N/A, 40.36, 19|4, 56, N/A, 46.52, 12|5, 55, N/A, 73.06, 24|6, 39, N/A, 28.55, 0|
15:14:29 0, 55, N/A, 41.86, 12|1, 53, N/A, 54.42, 18|2, 55, N/A, 83.39, 18|3, 56, N/A, 98.22, 11|4, 55, N/A, 38.66, 18|5, 55, N/A, 37.21, 24|6, 39, N/A, 28.55, 0|
15:14:31 0, 55, N/A, 47.06, 17|1, 53, N/A, 39.92, 18|2, 55, N/A, 43.37, 14|3, 56, N/A, 38.66, 19|4, 56, N/A, 42.36, 11|5, 55, N/A, 53.20, 22|6, 39, N/A, 28.57, 0|
15:14:33 0, 55, N/A, 38.93, 10|1, 53, N/A, 45.58, 18|2, 55, N/A, 59.35, 13|3, 56, N/A, 75.96, 15|4, 55, N/A, 100.75, 14|5, 55, N/A, 36.96, 24|6, 39, N/A, 28.57, 0|
15:14:35 0, 55, N/A, 99.57, 15|1, 53, N/A, 46.82, 12|2, 55, N/A, 42.87, 19|3, 56, N/A, 37.68, 10|4, 56, N/A, 40.39, 18|5, 55, N/A, 45.32, 12|6, 39, N/A, 28.57, 0|
15:14:37 0, 55, N/A, 37.95, 17|1, 53, N/A, 44.35, 18|2, 55, N/A, 53.94, 9|3, 56, N/A, 66.90, 19|4, 55, N/A, 113.45, 13|5, 55, N/A, 61.99, 24|6, 39, N/A, 28.57, 0|
15:14:39 0, 55, N/A, 92.19, 11|1, 53, N/A, 87.33, 18|2, 55, N/A, 42.87, 19|3, 56, N/A, 37.19, 14|4, 55, N/A, 39.65, 18|5, 55, N/A, 41.65, 19|6, 39, N/A, 28.57, 0|
15:14:42 0, 55, N/A, 37.21, 17|1, 53, N/A, 42.38, 13|2, 55, N/A, 49.99, 18|3, 56, N/A, 56.08, 15|4, 55, N/A, 86.25, 18|5, 55, N/A, 92.64, 19|6, 39, N/A, 28.55, 0|
15:14:44 0, 55, N/A, 79.21, 17|1, 53, N/A, 93.92, 18|2, 55, N/A, 42.63, 19|3, 56, N/A, 37.19, 19|4, 55, N/A, 39.65, 18|5, 55, N/A, 41.15, 24|6, 39, N/A, 28.57, 0|
15:14:46 0, 55, N/A, 36.96, 17|1, 53, N/A, 41.89, 9|2, 55, N/A, 49.03, 19|3, 56, N/A, 52.67, 9|4, 55, N/A, 79.90, 18|5, 55, N/A, 97.55, 12|6, 39, N/A, 28.55, 0|
15:14:48 0, 55, N/A, 77.24, 17|1, 53, N/A, 98.83, 18|2, 55, N/A, 54.64, 18|3, 56, N/A, 37.18, 19|4, 55, N/A, 39.40, 14|5, 55, N/A, 40.16, 24|6, 39, N/A, 28.55, 0|
15:14:50 0, 55, N/A, 36.71, 12|1, 53, N/A, 40.90, 16|2, 55, N/A, 46.05, 18|3, 56, N/A, 46.02, 15|4, 55, N/A, 61.75, 18|5, 55, N/A, 122.49, 24|6, 39, N/A, 28.55, 0|
15:14:52 0, 55, N/A, 54.42, 17|1, 53, N/A, 86.84, 11|2, 55, N/A, 96.63, 9|3, 56, N/A, 36.94, 19|4, 55, N/A, 38.66, 18|5, 55, N/A, 38.69, 24|6, 39, N/A, 28.57, 0|
15:14:54 0, 55, N/A, 36.47, 17|1, 53, N/A, 40.66, 18|2, 55, N/A, 45.10, 18|3, 56, N/A, 43.31, 19|4, 55, N/A, 55.13, 18|5, 55, N/A, 113.22, 24|6, 39, N/A, 28.57, 0|
15:14:56 0, 58, N/A, 145.78, 100|1, 55, N/A, 181.42, 100|2, 54, N/A, 41.62, 1|3, 55, N/A, 36.44, 0|4, 54, N/A, 37.92, 0|5, 54, N/A, 36.47, 0|6, 39, N/A, 28.55, 0|
15:14:58 0, 55, N/A, 164.73, 0|1, 54, N/A, 45.58, 0|2, 57, N/A, 50.72, 27|3, 59, N/A, 172.51, 100|4, 56, N/A, 158.75, 89|5, 54, N/A, 36.20, 0|6, 39, N/A, 28.53, 0|
15:15:00 0, 57, N/A, 42.35, 0|1, 57, N/A, 188.90, 100|2, 58, N/A, 184.88, 100|3, 56, N/A, 42.57, 0|4, 56, N/A, 44.54, 0|5, 57, N/A, 42.60, 57|6, 39, N/A, 28.55, 0|
15:15:02 0, 57, N/A, 151.74, 0|1, 57, N/A, 181.53, 100|2, 56, N/A, 49.24, 0|3, 58, N/A, 43.77, 45|4, 58, N/A, 173.74, 93|5, 58, N/A, 171.32, 100|6, 39, N/A, 28.53, 0|
15:15:05 0, 57, N/A, 168.22, 23|1, 55, N/A, 46.51, 0|2, 59, N/A, 186.60, 100|3, 58, N/A, 43.77, 1|4, 58, N/A, 178.30, 79|5, 56, N/A, 42.33, 0|6, 39, N/A, 28.53, 0|
15:15:07 0, 58, N/A, 42.57, 0|1, 58, N/A, 195.76, 100|2, 59, N/A, 165.85, 100|3, 57, N/A, 42.79, 0|4, 57, N/A, 45.25, 0|5, 59, N/A, 168.95, 100|6, 39, N/A, 28.53, 0|
15:15:09 0, 57, N/A, 42.82, 0|1, 57, N/A, 181.27, 100|2, 57, N/A, 50.45, 0|3, 59, N/A, 44.49, 5|4, 59, N/A, 176.10, 32|5, 59, N/A, 178.54, 100|6, 39, N/A, 28.51, 0|
15:15:11 0, 57, N/A, 171.65, 0|1, 56, N/A, 47.24, 1|2, 60, N/A, 191.63, 100|3, 59, N/A, 44.24, 29|4, 59, N/A, 177.81, 100|5, 57, N/A, 42.57, 1|6, 39, N/A, 28.53, 0|
15:15:13 0, 59, N/A, 43.31, 0|1, 58, N/A, 201.63, 100|2, 60, N/A, 190.16, 100|3, 58, N/A, 43.04, 0|4, 58, N/A, 45.74, 0|5, 60, N/A, 144.54, 100|6, 39, N/A, 28.53, 0|
15:15:15 0, 59, N/A, 43.06, 0|1, 58, N/A, 167.91, 82|2, 58, N/A, 51.19, 0|3, 61, N/A, 54.07, 100|4, 58, N/A, 166.16, 18|5, 59, N/A, 191.67, 100|6, 40, N/A, 28.53, 0|
15:15:17 0, 58, N/A, 42.35, 0|1, 57, N/A, 47.52, 0|2, 61, N/A, 167.21, 100|3, 60, N/A, 46.24, 100|4, 59, N/A, 140.63, 0|5, 58, N/A, 43.09, 0|6, 39, N/A, 28.55, 0|
15:15:19 0, 60, N/A, 45.28, 100|1, 58, N/A, 176.88, 0|2, 61, N/A, 169.53, 100|3, 59, N/A, 43.77, 0|4, 59, N/A, 46.72, 55|5, 60, N/A, 156.96, 100|6, 40, N/A, 28.53, 0|
15:15:21 0, 60, N/A, 44.51, 100|1, 58, N/A, 185.19, 17|2, 59, N/A, 52.13, 0|3, 62, N/A, 174.49, 100|4, 59, N/A, 46.45, 0|5, 60, N/A, 190.57, 98|6, 39, N/A, 28.51, 0|
15:15:23 0, 59, N/A, 42.79, 0|1, 59, N/A, 47.99, 73|2, 61, N/A, 175.81, 100|3, 62, N/A, 189.41, 100|4, 58, N/A, 45.72, 0|5, 59, N/A, 43.28, 0|6, 40, N/A, 28.53, 0|
15:15:25 0, 62, N/A, 166.72, 100|1, 59, N/A, 48.94, 13|2, 60, N/A, 196.25, 65|3, 60, N/A, 43.97, 0|4, 62, N/A, 160.66, 100|5, 59, N/A, 43.50, 0|6, 40, N/A, 28.49, 0|
15:15:27 0, 62, N/A, 165.52, 100|1, 58, N/A, 47.74, 0|2, 61, N/A, 53.61, 35|3, 62, N/A, 175.95, 100|4, 62, N/A, 149.01, 100|5, 58, N/A, 43.26, 0|6, 39, N/A, 28.51, 0|
15:15:30 0, 59, N/A, 43.28, 0|1, 61, N/A, 191.10, 100|2, 60, N/A, 53.33, 0|3, 62, N/A, 185.87, 99|4, 59, N/A, 45.96, 2|5, 61, N/A, 44.76, 53|6, 39, N/A, 28.51, 0|
15:15:32 0, 61, N/A, 152.52, 55|1, 61, N/A, 189.63, 100|2, 59, N/A, 51.86, 0|3, 61, N/A, 44.97, 0|4, 62, N/A, 159.76, 100|5, 60, N/A, 44.76, 100|6, 39, N/A, 28.51, 0|
15:15:34 0, 60, N/A, 143.14, 0|1, 58, N/A, 48.20, 2|2, 62, N/A, 192.09, 100|3, 61, N/A, 44.97, 3|4, 61, N/A, 152.93, 100|5, 59, N/A, 43.28, 2|6, 39, N/A, 28.51, 0|
15:15:36 0, 60, N/A, 44.26, 17|1, 60, N/A, 158.95, 54|2, 62, N/A, 167.46, 100|3, 60, N/A, 43.99, 0|4, 60, N/A, 46.94, 0|5, 62, N/A, 181.85, 100|6, 39, N/A, 28.51, 0|
15:15:38 0, 60, N/A, 44.26, 82|1, 59, N/A, 179.22, 89|2, 60, N/A, 52.63, 0|3, 63, N/A, 150.12, 100|4, 60, N/A, 46.94, 0|5, 61, N/A, 181.15, 100|6, 39, N/A, 28.51, 0|
15:15:40 0, 59, N/A, 42.79, 0|1, 60, N/A, 49.68, 68|2, 62, N/A, 210.83, 9|3, 62, N/A, 170.58, 100|4, 59, N/A, 45.72, 0|5, 60, N/A, 44.02, 0|6, 39, N/A, 28.51, 0|
15:15:42 0, 62, N/A, 147.70, 100|1, 60, N/A, 49.92, 44|2, 61, N/A, 198.11, 33|3, 60, N/A, 44.46, 0|4, 62, N/A, 153.16, 100|5, 60, N/A, 44.02, 0|6, 39, N/A, 28.49, 0|
15:15:44 0, 61, N/A, 154.73, 100|1, 58, N/A, 47.95, 0|2, 62, N/A, 55.58, 100|3, 61, N/A, 154.04, 0|4, 62, N/A, 187.13, 100|5, 59, N/A, 43.26, 0|6, 39, N/A, 28.49, 0|
15:15:46 0, 60, N/A, 43.77, 0|1, 61, N/A, 169.81, 100|2, 62, N/A, 82.98, 100|3, 60, N/A, 128.51, 0|4, 60, N/A, 46.42, 0|5, 62, N/A, 194.09, 100|6, 39, N/A, 28.49, 0|
15:15:48 0, 59, N/A, 43.04, 0|1, 59, N/A, 48.94, 37|2, 61, N/A, 170.26, 41|3, 64, N/A, 167.50, 100|4, 59, N/A, 46.45, 0|5, 61, N/A, 186.02, 100|6, 39, N/A, 28.51, 0|
15:15:50 0, 58, N/A, 119.51, 2|1, 57, N/A, 47.28, 0|2, 59, N/A, 51.68, 3|3, 60, N/A, 44.27, 1|4, 59, N/A, 46.24, 4|5, 61, N/A, 45.04, 28|6, 39, N/A, 28.53, 0|
15:15:52 0, 58, N/A, 42.60, 0|1, 58, N/A, 47.74, 0|2, 61, N/A, 157.88, 100|3, 59, N/A, 37.90, 0|4, 58, N/A, 39.38, 0|5, 59, N/A, 43.34, 0|6, 39, N/A, 28.55, 0|
15:15:55 0, 57, N/A, 42.38, 0|1, 56, N/A, 46.82, 0|2, 58, N/A, 50.51, 0|3, 60, N/A, 43.81, 0|4, 60, N/A, 47.01, 50|5, 59, N/A, 166.63, 45|6, 39, N/A, 28.55, 0|
15:15:57 0, 58, N/A, 44.32, 17|1, 57, N/A, 50.48, 9|2, 59, N/A, 61.32, 19|3, 60, N/A, 62.47, 13|4, 59, N/A, 90.92, 18|5, 59, N/A, 133.62, 16|6, 39, N/A, 28.55, 0|
15:15:59 0, 57, N/A, 130.89, 17|1, 56, N/A, 67.44, 18|2, 58, N/A, 52.45, 18|3, 59, N/A, 45.04, 19|4, 58, N/A, 47.51, 18|5, 60, N/A, 51.47, 25|6, 39, N/A, 28.56, 0|
15:16:01 0, 58, N/A, 47.77, 17|1, 56, N/A, 59.35, 14|2, 58, N/A, 88.32, 19|3, 59, N/A, 134.40, 10|4, 58, N/A, 87.71, 18|5, 59, N/A, 44.08, 12|6, 39, N/A, 28.55, 0|
15:16:03 0, 57, N/A, 43.12, 9|1, 56, N/A, 47.80, 18|2, 58, N/A, 53.93, 19|3, 59, N/A, 49.47, 19|4, 58, N/A, 59.07, 17|5, 60, N/A, 106.65, 24|6, 39, N/A, 28.57, 0|
15:16:05 0, 57, N/A, 77.98, 17|1, 56, N/A, 138.82, 18|2, 57, N/A, 110.82, 17|3, 59, N/A, 44.05, 13|4, 58, N/A, 46.05, 9|5, 59, N/A, 46.05, 15|6, 39, N/A, 28.57, 0|
15:16:07 0, 57, N/A, 44.57, 9|1, 56, N/A, 50.98, 18|2, 57, N/A, 65.26, 19|3, 59, N/A, 77.43, 14|4, 58, N/A, 133.53, 18|5, 59, N/A, 86.98, 25|6, 39, N/A, 28.55, 0|
15:16:09 0, 57, N/A, 80.19, 17|1, 55, N/A, 47.06, 18|2, 57, N/A, 52.24, 10|3, 59, N/A, 45.78, 19|4, 57, N/A, 49.72, 12|5, 59, N/A, 61.04, 25|6, 39, N/A, 28.56, 0|
15:16:11 0, 57, N/A, 54.42, 12|1, 56, N/A, 77.52, 9|2, 57, N/A, 141.71, 19|3, 58, N/A, 88.44, 10|4, 57, N/A, 45.31, 18|5, 59, N/A, 44.82, 25|6, 39, N/A, 28.55, 0|
15:16:13 0, 56, N/A, 43.34, 17|1, 55, N/A, 48.79, 18|2, 57, N/A, 58.36, 10|3, 58, N/A, 59.03, 19|4, 57, N/A, 83.83, 16|5, 59, N/A, 138.61, 25|6, 39, N/A, 28.55, 0|
15:16:15 0, 56, N/A, 128.45, 16|1, 55, N/A, 66.69, 9|2, 57, N/A, 51.47, 19|3, 58, N/A, 44.54, 19|4, 57, N/A, 47.26, 18|5, 59, N/A, 53.93, 14|6, 39, N/A, 28.56, 0|
15:16:17 0, 56, N/A, 47.52, 17|1, 55, N/A, 59.84, 18|2, 56, N/A, 82.91, 17|3, 58, N/A, 120.42, 19|4, 57, N/A, 94.30, 18|5, 58, N/A, 43.83, 25|6, 39, N/A, 28.55, 0|
15:16:20 0, 56, N/A, 42.60, 17|1, 55, N/A, 46.82, 16|2, 56, N/A, 52.70, 19|3, 58, N/A, 48.48, 9|4, 57, N/A, 56.36, 16|5, 59, N/A, 100.25, 15|6, 39, N/A, 28.55, 0|
15:16:22 0, 56, N/A, 81.17, 15|1, 55, N/A, 138.51, 10|2, 56, N/A, 74.09, 19|3, 57, N/A, 43.56, 19|4, 56, N/A, 45.80, 18|5, 58, N/A, 47.53, 20|6, 39, N/A, 28.56, 0|
15:16:24 0, 56, N/A, 45.56, 17|1, 55, N/A, 54.18, 18|2, 56, N/A, 74.33, 17|3, 57, N/A, 103.14, 17|4, 56, N/A, 118.55, 9|5, 58, N/A, 43.83, 24|6, 38, N/A, 28.30, 0|
15:16:26 0, 55, N/A, 42.63, 9|1, 54, N/A, 46.82, 12|2, 56, N/A, 53.47, 19|3, 57, N/A, 48.73, 10|4, 56, N/A, 57.10, 17|5, 58, N/A, 100.26, 12|6, 38, N/A, 28.30, 0|
15:16:28 0, 55, N/A, 78.47, 15|1, 54, N/A, 131.63, 18|2, 56, N/A, 96.37, 10|3, 57, N/A, 43.56, 19|4, 56, N/A, 45.31, 18|5, 58, N/A, 46.54, 25|6, 38, N/A, 28.32, 0|
15:16:30 0, 55, N/A, 44.33, 17|1, 54, N/A, 51.96, 12|2, 56, N/A, 67.69, 16|3, 57, N/A, 85.50, 19|4, 55, N/A, 135.91, 9|5, 58, N/A, 63.74, 20|6, 38, N/A, 28.55, 0|
15:16:32 0, 55, N/A, 42.11, 9|1, 54, N/A, 46.57, 13|2, 55, N/A, 51.96, 19|3, 57, N/A, 47.01, 19|4, 56, N/A, 53.90, 18|5, 58, N/A, 86.54, 25|6, 38, N/A, 28.30, 0|
15:16:34 0, 55, N/A, 77.28, 17|1, 53, N/A, 136.05, 18|2, 55, N/A, 86.78, 9|3, 57, N/A, 43.31, 19|4, 56, N/A, 45.04, 15|5, 58, N/A, 46.54, 25|6, 38, N/A, 28.30, 0|
15:16:36 0, 55, N/A, 44.57, 14|1, 54, N/A, 52.21, 9|2, 55, N/A, 69.90, 19|3, 57, N/A, 90.65, 11|4, 55, N/A, 128.86, 18|5, 58, N/A, 45.07, 17|6, 38, N/A, 28.30, 0|
15:16:38 0, 55, N/A, 41.62, 9|1, 53, N/A, 55.65, 16|2, 55, N/A, 110.57, 15|3, 56, N/A, 123.62, 10|4, 55, N/A, 38.42, 19|5, 58, N/A, 37.95, 13|6, 38, N/A, 28.30, 0|
15:16:40 0, 54, N/A, 40.41, 16|1, 53, N/A, 52.48, 10|2, 54, N/A, 83.15, 20|3, 56, N/A, 99.25, 20|4, 54, N/A, 38.42, 19|5, 57, N/A, 37.95, 16|6, 38, N/A, 28.32, 0|
15:16:42 0, 54, N/A, 52.45, 9|1, 53, N/A, 89.05, 17|2, 54, N/A, 97.86, 20|3, 56, N/A, 36.94, 10|4, 54, N/A, 38.42, 19|5, 57, N/A, 39.18, 22|6, 38, N/A, 28.32, 0|
15:16:45 0, 53, N/A, 103.76, 9|1, 52, N/A, 66.24, 10|2, 54, N/A, 42.38, 20|3, 56, N/A, 37.19, 10|4, 54, N/A, 39.40, 19|5, 58, N/A, 44.36, 13|6, 38, N/A, 28.32, 0|
15:16:47 0, 54, N/A, 35.97, 18|1, 52, N/A, 39.67, 10|2, 54, N/A, 42.63, 20|3, 56, N/A, 38.17, 20|4, 54, N/A, 41.37, 19|5, 58, N/A, 56.15, 13|6, 38, N/A, 28.32, 0|
15:16:49 0, 54, N/A, 36.22, 9|1, 52, N/A, 39.92, 20|2, 54, N/A, 44.11, 13|3, 56, N/A, 42.33, 14|4, 54, N/A, 52.42, 10|5, 58, N/A, 109.28, 23|6, 38, N/A, 28.32, 0|
15:16:51 0, 54, N/A, 36.71, 19|1, 52, N/A, 41.89, 15|2, 54, N/A, 50.02, 19|3, 56, N/A, 59.03, 10|4, 54, N/A, 83.35, 13|5, 57, N/A, 96.81, 13|6, 39, N/A, 28.30, 0|
15:16:53 0, 54, N/A, 38.91, 19|1, 52, N/A, 47.06, 20|2, 54, N/A, 66.46, 10|3, 56, N/A, 88.69, 21|4, 54, N/A, 84.52, 12|5, 57, N/A, 37.70, 26|6, 38, N/A, 28.30, 0|
15:16:55 0, 54, N/A, 43.12, 19|1, 52, N/A, 60.58, 20|2, 54, N/A, 110.40, 10|3, 56, N/A, 74.74, 21|4, 54, N/A, 38.19, 10|5, 57, N/A, 38.19, 26|6, 38, N/A, 28.32, 0|
15:16:57 0, 54, N/A, 69.86, 19|1, 52, N/A, 107.86, 15|2, 54, N/A, 41.86, 15|3, 55, N/A, 36.92, 21|4, 54, N/A, 38.66, 19|5, 57, N/A, 39.89, 26|6, 38, N/A, 28.30, 0|
15:16:59 0, 54, N/A, 96.13, 9|1, 52, N/A, 39.42, 20|2, 54, N/A, 42.14, 10|3, 55, N/A, 37.19, 21|4, 54, N/A, 39.65, 19|5, 58, N/A, 45.34, 26|6, 38, N/A, 28.57, 0|
15:17:01 0, 54, N/A, 35.97, 13|1, 52, N/A, 39.67, 20|2, 54, N/A, 42.87, 20|3, 56, N/A, 38.64, 18|4, 55, N/A, 43.56, 19|5, 57, N/A, 66.70, 13|6, 39, N/A, 28.55, 0|
15:17:03 0, 54, N/A, 36.22, 9|1, 52, N/A, 40.41, 12|2, 54, N/A, 45.34, 20|3, 56, N/A, 46.02, 21|4, 55, N/A, 64.70, 19|5, 57, N/A, 118.07, 19|6, 39, N/A, 28.55, 0|
15:17:05 0, 54, N/A, 37.21, 9|1, 53, N/A, 42.63, 19|2, 54, N/A, 53.23, 20|3, 55, N/A, 67.64, 10|4, 54, N/A, 114.14, 17|5, 57, N/A, 59.07, 15|6, 39, N/A, 28.30, 0|
15:17:08 0, 54, N/A, 38.91, 9|1, 53, N/A, 48.51, 10|2, 54, N/A, 70.15, 20|3, 55, N/A, 108.23, 10|4, 54, N/A, 55.60, 19|5, 58, N/A, 37.70, 13|6, 39, N/A, 28.55, 0|
15:17:10 0, 54, N/A, 49.01, 14|1, 52, N/A, 79.75, 10|2, 54, N/A, 110.08, 10|3, 56, N/A, 36.69, 17|4, 54, N/A, 38.42, 19|5, 58, N/A, 38.69, 26|6, 39, N/A, 28.57, 0|
15:17:12 0, 54, N/A, 82.85, 9|1, 52, N/A, 100.98, 19|2, 54, N/A, 41.86, 16|3, 56, N/A, 36.92, 11|4, 54, N/A, 38.64, 11|5, 58, N/A, 41.12, 18|6, 39, N/A, 28.55, 0|
15:17:14 0, 54, N/A, 62.51, 19|1, 52, N/A, 39.69, 13|2, 54, N/A, 42.38, 10|3, 55, N/A, 37.92, 21|4, 54, N/A, 40.88, 16|5, 58, N/A, 51.97, 13|6, 39, N/A, 28.57, 0|
15:17:16 0, 54, N/A, 36.22, 19|1, 52, N/A, 39.92, 20|2, 54, N/A, 43.61, 10|3, 56, N/A, 41.59, 21|4, 54, N/A, 51.93, 10|5, 58, N/A, 110.77, 26|6, 39, N/A, 28.55, 0|
15:17:18 0, 54, N/A, 36.71, 19|1, 53, N/A, 41.40, 20|2, 54, N/A, 48.30, 15|3, 56, N/A, 54.12, 21|4, 54, N/A, 75.23, 10|5, 58, N/A, 105.12, 25|6, 39, N/A, 28.55, 0|
15:17:20 0, 54, N/A, 38.19, 19|1, 52, N/A, 46.82, 16|2, 54, N/A, 65.01, 13|3, 56, N/A, 99.21, 21|4, 54, N/A, 76.95, 19|5, 58, N/A, 37.70, 26|6, 39, N/A, 28.55, 0|
15:17:22 0, 54, N/A, 46.82, 9|1, 52, N/A, 71.87, 20|2, 53, N/A, 115.50, 10|3, 55, N/A, 40.39, 21|4, 54, N/A, 38.17, 19|5, 58, N/A, 38.69, 26|6, 39, N/A, 28.57, 0|
15:17:24 0, 54, N/A, 95.15, 12|1, 52, N/A, 78.76, 10|2, 54, N/A, 42.14, 20|3, 55, N/A, 37.19, 16|4, 54, N/A, 39.15, 19|5, 58, N/A, 43.12, 13|6, 39, N/A, 28.57, 0|
15:17:26 0, 54, N/A, 35.73, 12|1, 52, N/A, 39.67, 11|2, 54, N/A, 42.38, 20|3, 56, N/A, 38.42, 21|4, 54, N/A, 42.60, 19|5, 58, N/A, 59.81, 16|6, 39, N/A, 28.57, 0|
15:17:28 0, 54, N/A, 36.22, 9|1, 52, N/A, 40.16, 14|2, 54, N/A, 44.11, 20|3, 56, N/A, 42.83, 10|4, 55, N/A, 53.65, 15|5, 58, N/A, 121.26, 19|6, 39, N/A, 28.57, 0|
15:17:30 0, 54, N/A, 36.96, 19|1, 53, N/A, 42.63, 10|2, 54, N/A, 51.96, 20|3, 56, N/A, 65.43, 10|4, 54, N/A, 102.47, 19|5, 58, N/A, 77.73, 16|6, 39, N/A, 28.57, 0|
15:17:33 0, 54, N/A, 38.93, 19|1, 53, N/A, 48.29, 20|2, 54, N/A, 71.38, 10|3, 55, N/A, 103.19, 21|4, 54, N/A, 70.60, 10|5, 58, N/A, 37.95, 26|6, 39, N/A, 28.57, 0|
15:17:35 0, 54, N/A, 48.29, 19|1, 53, N/A, 75.07, 20|2, 53, N/A, 113.29, 10|3, 55, N/A, 36.69, 20|4, 54, N/A, 38.19, 10|5, 58, N/A, 38.93, 26|6, 39, N/A, 28.57, 0|
15:17:37 0, 54, N/A, 99.07, 19|1, 52, N/A, 71.38, 20|2, 53, N/A, 41.89, 17|3, 55, N/A, 37.18, 21|4, 54, N/A, 39.15, 19|5, 58, N/A, 42.38, 26|6, 39, N/A, 28.57, 0|
15:17:39 0, 58, N/A, 150.61, 100|1, 54, N/A, 164.09, 100|2, 53, N/A, 40.88, 4|3, 55, N/A, 36.44, 0|4, 53, N/A, 37.67, 0|5, 57, N/A, 37.21, 0|6, 39, N/A, 28.55, 0|
15:17:41 0, 54, N/A, 41.12, 0|1, 54, N/A, 45.80, 0|2, 57, N/A, 194.81, 100|3, 58, N/A, 176.92, 100|4, 53, N/A, 37.18, 0|5, 57, N/A, 37.18, 0|6, 39, N/A, 28.55, 0|
15:17:43 0, 58, N/A, 176.02, 100|1, 55, N/A, 47.27, 65|2, 56, N/A, 195.30, 25|3, 56, N/A, 42.33, 0|4, 56, N/A, 44.79, 0|5, 61, N/A, 166.52, 100|6, 39, N/A, 28.55, 0|
15:17:45 0, 57, N/A, 173.80, 100|1, 54, N/A, 45.83, 0|2, 57, N/A, 51.22, 100|3, 58, N/A, 168.84, 66|4, 58, N/A, 182.59, 100|5, 58, N/A, 42.82, 0|6, 39, N/A, 28.53, 0|
15:17:47 0, 56, N/A, 42.10, 0|1, 57, N/A, 195.64, 100|2, 59, N/A, 194.55, 100|3, 56, N/A, 42.54, 0|4, 56, N/A, 44.54, 0|5, 61, N/A, 175.81, 100|6, 39, N/A, 28.55, 0|
15:17:49 0, 57, N/A, 42.57, 21|1, 56, N/A, 149.11, 31|2, 56, N/A, 49.95, 0|3, 60, N/A, 176.57, 100|4, 56, N/A, 45.01, 0|5, 61, N/A, 182.98, 100|6, 39, N/A, 28.53, 0|
15:17:51 0, 56, N/A, 41.83, 0|1, 57, N/A, 47.99, 34|2, 58, N/A, 196.05, 58|3, 60, N/A, 166.38, 100|4, 56, N/A, 44.29, 0|5, 60, N/A, 43.81, 0|6, 39, N/A, 28.55, 0|
15:17:53 0, 59, N/A, 176.77, 100|1, 58, N/A, 194.78, 100|2, 56, N/A, 49.71, 0|3, 58, N/A, 43.53, 0|4, 59, N/A, 182.96, 100|5, 61, N/A, 44.54, 51|6, 39, N/A, 28.53, 0|
15:17:55 0, 57, N/A, 166.59, 0|1, 56, N/A, 47.00, 3|2, 60, N/A, 199.71, 100|3, 59, N/A, 44.02, 4|4, 59, N/A, 183.70, 100|5, 60, N/A, 43.56, 2|6, 39, N/A, 28.53, 0|
15:17:58 0, 59, N/A, 43.55, 64|1, 58, N/A, 184.61, 0|2, 59, N/A, 179.97, 100|3, 58, N/A, 43.26, 4|4, 58, N/A, 45.74, 2|5, 62, N/A, 185.77, 84|6, 39, N/A, 28.53, 0|
15:18:00 0, 59, N/A, 158.26, 100|1, 55, N/A, 46.54, 0|2, 58, N/A, 51.43, 0|3, 61, N/A, 166.29, 100|4, 60, N/A, 62.64, 100|5, 59, N/A, 160.06, 0|6, 39, N/A, 28.51, 0|
15:18:02 0, 57, N/A, 42.33, 0|1, 59, N/A, 147.14, 100|2, 58, N/A, 52.38, 79|3, 59, N/A, 173.15, 3|4, 57, N/A, 45.01, 0|5, 62, N/A, 46.24, 100|6, 39, N/A, 28.53, 0|
15:18:04 0, 57, N/A, 42.54, 0|1, 58, N/A, 187.79, 100|2, 57, N/A, 50.44, 0|3, 61, N/A, 48.17, 100|4, 58, N/A, 154.16, 21|5, 62, N/A, 184.31, 100|6, 39, N/A, 28.51, 0|
15:18:06 0, 57, N/A, 42.08, 0|1, 58, N/A, 48.23, 6|2, 59, N/A, 177.37, 85|3, 61, N/A, 183.79, 100|4, 57, N/A, 44.76, 0|5, 60, N/A, 44.27, 0|6, 39, N/A, 28.53, 0|
15:18:08 0, 59, N/A, 154.34, 100|1, 59, N/A, 186.81, 100|2, 57, N/A, 50.17, 0|3, 59, N/A, 43.74, 0|4, 60, N/A, 186.75, 100|5, 61, N/A, 44.76, 0|6, 39, N/A, 28.51, 0|
15:18:10 0, 58, N/A, 152.35, 0|1, 57, N/A, 47.21, 2|2, 60, N/A, 196.02, 100|3, 59, N/A, 44.46, 28|4, 59, N/A, 186.26, 100|5, 60, N/A, 43.77, 2|6, 39, N/A, 28.51, 0|
15:18:12 0, 60, N/A, 86.17, 100|1, 57, N/A, 131.19, 0|2, 60, N/A, 198.84, 100|3, 59, N/A, 43.50, 0|4, 58, N/A, 46.20, 77|5, 62, N/A, 146.65, 100|6, 39, N/A, 28.51, 0|
15:18:14 0, 60, N/A, 173.59, 100|1, 56, N/A, 46.75, 0|2, 59, N/A, 52.38, 0|3, 61, N/A, 153.30, 90|4, 60, N/A, 165.08, 100|5, 60, N/A, 43.50, 0|6, 39, N/A, 28.49, 0|
15:18:16 0, 58, N/A, 42.79, 0|1, 59, N/A, 190.01, 100|2, 60, N/A, 194.93, 100|3, 58, N/A, 43.50, 0|4, 57, N/A, 45.47, 0|5, 63, N/A, 158.08, 100|6, 39, N/A, 28.51, 0|
15:18:18 0, 58, N/A, 43.50, 100|1, 58, N/A, 152.61, 54|2, 58, N/A, 51.15, 0|3, 62, N/A, 176.67, 100|4, 58, N/A, 45.69, 0|5, 62, N/A, 151.21, 100|6, 39, N/A, 28.49, 0|
15:18:20 0, 57, N/A, 42.30, 0|1, 60, N/A, 195.27, 100|2, 58, N/A, 51.64, 0|3, 61, N/A, 143.37, 100|4, 57, N/A, 45.22, 3|5, 62, N/A, 45.00, 0|6, 39, N/A, 28.51, 0|
15:18:23 0, 57, N/A, 42.30, 0|1, 59, N/A, 149.01, 100|2, 57, N/A, 50.90, 0|3, 60, N/A, 44.73, 68|4, 59, N/A, 188.58, 61|5, 64, N/A, 184.31, 100|6, 39, N/A, 28.51, 0|
15:18:25 0, 57, N/A, 42.08, 0|1, 58, N/A, 48.23, 7|2, 60, N/A, 169.29, 85|3, 62, N/A, 145.18, 100|4, 57, N/A, 44.76, 0|5, 61, N/A, 44.29, 0|6, 39, N/A, 28.53, 0|
15:18:27 0, 60, N/A, 145.59, 100|1, 60, N/A, 182.16, 100|2, 57, N/A, 50.94, 0|3, 60, N/A, 44.24, 0|4, 60, N/A, 169.33, 100|5, 61, N/A, 45.01, 0|6, 39, N/A, 28.53, 0|
15:18:29 0, 57, N/A, 157.52, 0|1, 57, N/A, 47.98, 0|2, 60, N/A, 204.24, 100|3, 60, N/A, 45.22, 72|4, 59, N/A, 180.76, 49|5, 61, N/A, 44.05, 0|6, 39, N/A, 28.53, 0|
15:18:31 0, 60, N/A, 150.00, 100|1, 58, N/A, 48.23, 0|2, 59, N/A, 159.07, 100|3, 59, N/A, 43.99, 6|4, 60, N/A, 70.46, 100|5, 61, N/A, 153.76, 0|6, 39, N/A, 28.26, 0|
15:18:33 0, 59, N/A, 174.33, 100|1, 57, N/A, 47.49, 0|2, 61, N/A, 65.42, 100|3, 60, N/A, 165.45, 0|4, 60, N/A, 181.86, 100|5, 61, N/A, 43.75, 0|6, 39, N/A, 28.51, 0|
15:18:35 0, 59, N/A, 43.77, 85|1, 59, N/A, 183.88, 69|2, 61, N/A, 191.37, 100|3, 59, N/A, 43.75, 0|4, 58, N/A, 45.99, 0|5, 63, N/A, 157.20, 100|6, 39, N/A, 28.28, 0|
15:18:37 0, 60, N/A, 161.20, 100|1, 57, N/A, 47.00, 0|2, 59, N/A, 52.66, 0|3, 62, N/A, 156.58, 100|4, 61, N/A, 147.88, 100|5, 60, N/A, 46.24, 0|6, 39, N/A, 28.26, 0|
15:18:39 0, 58, N/A, 43.03, 0|1, 60, N/A, 191.34, 100|2, 61, N/A, 191.11, 100|3, 59, N/A, 43.74, 0|4, 58, N/A, 45.72, 0|5, 64, N/A, 141.33, 100|6, 38, N/A, 28.26, 0|
15:18:41 0, 59, N/A, 44.27, 69|1, 58, N/A, 183.38, 0|2, 59, N/A, 51.89, 0|3, 63, N/A, 174.24, 100|4, 59, N/A, 46.45, 0|5, 63, N/A, 159.30, 86|6, 38, N/A, 28.26, 0|
15:18:43 0, 58, N/A, 42.55, 0|1, 60, N/A, 173.43, 100|2, 59, N/A, 52.88, 0|3, 61, N/A, 163.85, 100|4, 58, N/A, 45.22, 3|5, 64, N/A, 50.17, 100|6, 38, N/A, 28.26, 0|
15:18:45 0, 58, N/A, 43.28, 0|1, 59, N/A, 189.51, 100|2, 58, N/A, 51.64, 0|3, 63, N/A, 177.92, 100|4, 58, N/A, 45.72, 0|5, 64, N/A, 147.15, 100|6, 38, N/A, 28.26, 0|
15:18:48 0, 58, N/A, 42.30, 0|1, 61, N/A, 153.85, 100|2, 59, N/A, 51.89, 0|3, 62, N/A, 143.70, 100|4, 57, N/A, 45.25, 0|5, 62, N/A, 45.50, 0|6, 38, N/A, 28.26, 0|
15:18:50 0, 58, N/A, 42.76, 0|1, 60, N/A, 179.19, 100|2, 58, N/A, 51.40, 0|3, 62, N/A, 46.17, 100|4, 59, N/A, 192.74, 8|5, 64, N/A, 183.07, 100|6, 38, N/A, 28.25, 0|
15:18:52 0, 57, N/A, 42.30, 0|1, 59, N/A, 49.43, 97|2, 60, N/A, 200.18, 88|3, 62, N/A, 180.84, 100|4, 57, N/A, 44.98, 0|5, 62, N/A, 45.00, 0|6, 38, N/A, 28.26, 0|
15:18:54 0, 59, N/A, 174.72, 0|1, 60, N/A, 182.64, 100|2, 58, N/A, 51.15, 5|3, 61, N/A, 45.19, 0|4, 61, N/A, 187.87, 100|5, 63, N/A, 46.94, 100|6, 38, N/A, 28.26, 0|
15:18:56 0, 57, N/A, 42.30, 0|1, 59, N/A, 48.69, 0|2, 61, N/A, 203.96, 97|3, 62, N/A, 173.04, 100|4, 57, N/A, 44.98, 0|5, 62, N/A, 44.76, 0|6, 38, N/A, 28.26, 0|
15:18:58 0, 60, N/A, 177.16, 71|1, 61, N/A, 161.41, 100|2, 58, N/A, 51.12, 0|3, 61, N/A, 44.94, 0|4, 61, N/A, 182.46, 100|5, 62, N/A, 45.72, 21|6, 38, N/A, 28.25, 0|
15:19:00 0, 57, N/A, 42.30, 0|1, 58, N/A, 48.20, 0|2, 61, N/A, 200.10, 100|3, 64, N/A, 145.08, 100|4, 57, N/A, 44.98, 0|5, 62, N/A, 44.51, 0|6, 38, N/A, 28.26, 0|
15:19:02 0, 60, N/A, 153.01, 100|1, 60, N/A, 94.03, 100|2, 58, N/A, 114.34, 0|3, 60, N/A, 44.45, 0|4, 61, N/A, 182.74, 100|5, 62, N/A, 45.22, 0|6, 38, N/A, 28.25, 0|
15:19:04 0, 57, N/A, 42.30, 0|1, 58, N/A, 48.20, 0|2, 62, N/A, 214.25, 100|3, 62, N/A, 45.96, 100|4, 59, N/A, 164.83, 0|5, 62, N/A, 44.51, 0|6, 38, N/A, 28.26, 0|
15:19:06 0, 61, N/A, 152.28, 100|1, 59, N/A, 49.67, 40|2, 60, N/A, 199.33, 53|3, 61, N/A, 44.70, 0|4, 62, N/A, 186.39, 100|5, 62, N/A, 44.98, 0|6, 38, N/A, 28.26, 0|
15:19:08 0, 57, N/A, 164.67, 0|1, 58, N/A, 48.44, 0|2, 62, N/A, 168.93, 100|3, 61, N/A, 45.69, 67|4, 59, N/A, 183.09, 61|5, 62, N/A, 44.24, 0|6, 38, N/A, 28.26, 0|
15:19:10 0, 60, N/A, 163.46, 100|1, 59, N/A, 49.18, 0|2, 60, N/A, 192.48, 100|3, 61, N/A, 44.70, 0|4, 61, N/A, 180.86, 100|5, 62, N/A, 44.97, 0|6, 38, N/A, 28.25, 0|
15:19:13 0, 59, N/A, 172.27, 46|1, 58, N/A, 48.20, 5|2, 62, N/A, 169.09, 100|3, 61, N/A, 45.19, 14|4, 60, N/A, 187.13, 100|5, 62, N/A, 44.49, 4|6, 38, N/A, 28.25, 0|
15:19:15 0, 61, N/A, 176.66, 100|1, 59, N/A, 49.15, 37|2, 60, N/A, 210.92, 100|3, 60, N/A, 44.70, 0|4, 62, N/A, 150.39, 100|5, 62, N/A, 44.97, 0|6, 38, N/A, 28.25, 0|
15:19:17 0, 59, N/A, 153.33, 84|1, 58, N/A, 48.17, 6|2, 62, N/A, 197.38, 100|3, 61, N/A, 45.19, 0|4, 61, N/A, 181.35, 100|5, 62, N/A, 44.48, 4|6, 38, N/A, 28.26, 0|
15:19:19 0, 61, N/A, 177.88, 100|1, 59, N/A, 48.91, 12|2, 61, N/A, 163.05, 100|3, 61, N/A, 44.70, 7|4, 61, N/A, 185.16, 100|5, 62, N/A, 44.97, 0|6, 38, N/A, 28.24, 0|
15:19:21 0, 59, N/A, 149.41, 100|1, 58, N/A, 48.20, 5|2, 62, N/A, 174.83, 100|3, 61, N/A, 45.19, 6|4, 61, N/A, 173.29, 100|5, 62, N/A, 44.51, 4|6, 38, N/A, 28.26, 0|
15:19:23 0, 61, N/A, 177.88, 100|1, 59, N/A, 48.66, 0|2, 61, N/A, 173.82, 100|3, 61, N/A, 44.70, 7|4, 62, N/A, 172.06, 100|5, 62, N/A, 44.97, 0|6, 38, N/A, 28.24, 0|
15:19:25 0, 59, N/A, 176.89, 1|1, 58, N/A, 48.20, 6|2, 62, N/A, 208.35, 100|3, 61, N/A, 45.19, 6|4, 61, N/A, 177.69, 100|5, 62, N/A, 44.49, 4|6, 38, N/A, 28.26, 0|
15:19:27 0, 61, N/A, 177.15, 100|1, 59, N/A, 49.18, 12|2, 61, N/A, 175.21, 78|3, 61, N/A, 44.70, 7|4, 62, N/A, 152.34, 100|5, 62, N/A, 44.73, 0|6, 38, N/A, 28.25, 0|
15:19:29 0, 59, N/A, 143.78, 0|1, 58, N/A, 48.45, 6|2, 62, N/A, 158.26, 100|3, 62, N/A, 45.44, 2|4, 61, N/A, 185.29, 100|5, 62, N/A, 44.49, 4|6, 38, N/A, 28.26, 0|
15:19:31 0, 61, N/A, 138.64, 100|1, 59, N/A, 49.40, 29|2, 61, N/A, 165.50, 66|3, 61, N/A, 44.70, 0|4, 62, N/A, 147.04, 100|5, 62, N/A, 45.22, 0|6, 38, N/A, 28.25, 0|
15:19:33 0, 58, N/A, 140.11, 0|1, 58, N/A, 48.44, 6|2, 62, N/A, 170.15, 100|3, 62, N/A, 45.69, 7|4, 60, N/A, 186.75, 100|5, 62, N/A, 44.73, 4|6, 38, N/A, 28.26, 0|
15:19:35 0, 61, N/A, 162.07, 100|1, 60, N/A, 49.89, 67|2, 61, N/A, 200.29, 22|3, 61, N/A, 44.94, 0|4, 62, N/A, 190.05, 100|5, 62, N/A, 44.97, 0|6, 38, N/A, 28.25, 0|
15:19:38 0, 57, N/A, 42.30, 0|1, 59, N/A, 48.45, 0|2, 63, N/A, 180.36, 100|3, 62, N/A, 46.18, 53|4, 59, N/A, 171.58, 68|5, 62, N/A, 44.73, 0|6, 38, N/A, 28.25, 0|
15:19:40 0, 59, N/A, 43.25, 46|1, 61, N/A, 151.04, 100|2, 60, N/A, 194.91, 0|3, 61, N/A, 44.95, 0|4, 61, N/A, 169.86, 100|5, 63, N/A, 45.47, 0|6, 38, N/A, 28.26, 0|
15:19:42 0, 57, N/A, 42.05, 0|1, 57, N/A, 47.24, 0|2, 59, N/A, 51.89, 0|3, 64, N/A, 174.50, 100|4, 58, N/A, 144.86, 24|5, 62, N/A, 44.98, 0|6, 38, N/A, 28.26, 0|
15:19:44 0, 56, N/A, 36.67, 2|1, 56, N/A, 40.60, 0|2, 58, N/A, 43.31, 0|3, 60, N/A, 43.99, 0|4, 58, N/A, 45.48, 0|5, 65, N/A, 47.71, 100|6, 38, N/A, 28.26, 0|
15:19:46 0, 57, N/A, 42.08, 0|1, 59, N/A, 49.19, 71|2, 58, N/A, 138.75, 17|3, 59, N/A, 38.12, 0|4, 57, N/A, 38.61, 0|5, 61, N/A, 44.54, 0|6, 38, N/A, 28.28, 0|
15:19:48 0, 56, N/A, 41.83, 0|1, 56, N/A, 46.26, 0|2, 58, N/A, 50.45, 0|3, 63, N/A, 63.38, 100|4, 56, N/A, 117.23, 0|5, 61, N/A, 38.39, 0|6, 38, N/A, 28.28, 0|
15:19:50 0, 56, N/A, 42.08, 18|1, 56, N/A, 46.79, 17|2, 57, N/A, 50.94, 19|3, 60, N/A, 44.76, 21|4, 58, N/A, 48.45, 17|5, 64, N/A, 83.54, 1|6, 38, N/A, 28.28, 0|
15:19:52 0, 56, N/A, 127.78, 10|1, 56, N/A, 52.91, 22|2, 58, N/A, 51.92, 11|3, 60, N/A, 44.76, 23|4, 57, N/A, 46.73, 10|5, 62, N/A, 53.87, 28|6, 38, N/A, 28.28, 0|
15:19:54 0, 57, N/A, 72.06, 20|1, 56, N/A, 146.27, 11|2, 57, N/A, 94.10, 11|3, 59, N/A, 44.51, 23|4, 57, N/A, 45.50, 11|5, 62, N/A, 47.25, 28|6, 38, N/A, 28.28, 0|
15:19:56 0, 56, N/A, 49.71, 20|1, 56, N/A, 71.29, 11|2, 57, N/A, 139.59, 23|3, 59, N/A, 95.44, 12|4, 57, N/A, 45.01, 15|5, 61, N/A, 45.28, 14|6, 38, N/A, 28.28, 0|
15:19:58 0, 56, N/A, 43.56, 10|1, 56, N/A, 50.20, 20|2, 57, N/A, 68.63, 23|3, 59, N/A, 96.69, 12|4, 56, N/A, 125.77, 14|5, 61, N/A, 44.54, 14|6, 38, N/A, 28.28, 0|
15:20:01 0, 56, N/A, 42.60, 20|1, 56, N/A, 47.77, 16|2, 57, N/A, 54.39, 11|3, 59, N/A, 54.32, 23|4, 57, N/A, 73.70, 11|5, 61, N/A, 152.40, 25|6, 38, N/A, 28.28, 0|
15:20:03 0, 55, N/A, 42.11, 20|1, 55, N/A, 46.79, 13|2, 57, N/A, 51.72, 13|3, 59, N/A, 45.53, 23|4, 57, N/A, 49.47, 14|5, 62, N/A, 71.34, 20|6, 38, N/A, 28.30, 0|
15:20:05 0, 55, N/A, 102.03, 10|1, 55, N/A, 116.24, 13|2, 56, N/A, 51.01, 17|3, 58, N/A, 44.05, 12|4, 56, N/A, 45.56, 10|5, 61, N/A, 48.51, 17|6, 38, N/A, 28.32, 0|
15:20:07 0, 55, N/A, 53.93, 10|1, 55, N/A, 88.06, 14|2, 56, N/A, 154.88, 15|3, 58, N/A, 43.81, 12|4, 56, N/A, 44.79, 20|5, 61, N/A, 45.56, 18|6, 38, N/A, 28.30, 0|
15:20:09 0, 55, N/A, 44.57, 20|1, 55, N/A, 55.41, 11|2, 56, N/A, 84.37, 14|3, 58, N/A, 145.60, 23|4, 56, N/A, 74.49, 20|5, 61, N/A, 44.33, 20|6, 38, N/A, 28.30, 0|
15:20:11 0, 55, N/A, 42.36, 16|1, 55, N/A, 47.80, 21|2, 56, N/A, 56.40, 17|3, 58, N/A, 61.24, 20|4, 56, N/A, 97.74, 10|5, 61, N/A, 128.29, 16|6, 38, N/A, 28.30, 0|
15:20:13 0, 55, N/A, 42.11, 13|1, 54, N/A, 46.29, 22|2, 56, N/A, 52.21, 12|3, 58, N/A, 48.20, 14|4, 56, N/A, 57.81, 10|5, 61, N/A, 123.70, 26|6, 37, N/A, 28.30, 0|
15:20:15 0, 54, N/A, 87.03, 18|1, 54, N/A, 46.08, 11|2, 55, N/A, 50.98, 20|3, 58, N/A, 44.79, 17|4, 55, N/A, 48.00, 20|5, 61, N/A, 64.98, 14|6, 38, N/A, 28.30, 0|
15:20:17 0, 55, N/A, 98.84, 10|1, 54, N/A, 115.48, 11|2, 55, N/A, 50.49, 23|3, 57, N/A, 43.56, 15|4, 55, N/A, 45.29, 20|5, 61, N/A, 48.51, 14|6, 38, N/A, 28.32, 0|
15:20:19 0, 55, N/A, 64.24, 10|1, 54, N/A, 122.37, 22|2, 55, N/A, 110.08, 11|3, 57, N/A, 43.34, 16|4, 55, N/A, 44.57, 10|5, 60, N/A, 46.05, 28|6, 37, N/A, 28.32, 0|
15:20:21 0, 54, N/A, 48.51, 20|1, 54, N/A, 68.71, 21|2, 56, N/A, 130.72, 11|3, 57, N/A, 110.93, 21|4, 55, N/A, 44.33, 10|5, 60, N/A, 44.33, 28|6, 37, N/A, 28.30, 0|
15:20:23 0, 54, N/A, 42.85, 20|1, 54, N/A, 49.99, 11|2, 55, N/A, 66.21, 23|3, 57, N/A, 94.53, 12|4, 55, N/A, 128.72, 19|5, 60, N/A, 44.08, 14|6, 37, N/A, 28.30, 0|
15:20:26 0, 54, N/A, 42.11, 10|1, 54, N/A, 46.82, 13|2, 55, N/A, 54.42, 21|3, 57, N/A, 57.06, 12|4, 55, N/A, 85.06, 12|5, 60, N/A, 138.53, 17|6, 38, N/A, 28.30, 0|
15:20:28 0, 54, N/A, 36.22, 10|1, 53, N/A, 45.83, 15|2, 55, N/A, 50.73, 13|3, 57, N/A, 45.78, 23|4, 55, N/A, 50.21, 18|5, 60, N/A, 81.38, 24|6, 37, N/A, 28.30, 0|
15:20:30 0, 53, N/A, 35.97, 11|1, 53, N/A, 39.92, 12|2, 55, N/A, 44.85, 23|3, 57, N/A, 51.41, 12|4, 54, N/A, 66.42, 15|5, 60, N/A, 150.54, 14|6, 38, N/A, 28.30, 0|
15:20:32 0, 53, N/A, 68.67, 11|1, 52, N/A, 106.70, 21|2, 54, N/A, 41.64, 14|3, 56, N/A, 37.19, 13|4, 54, N/A, 37.92, 10|5, 60, N/A, 47.29, 20|6, 38, N/A, 28.32, 0|
15:20:34 0, 53, N/A, 63.50, 21|1, 53, N/A, 112.04, 12|2, 53, N/A, 41.37, 12|3, 56, N/A, 36.94, 22|4, 54, N/A, 38.17, 11|5, 59, N/A, 39.89, 30|6, 38, N/A, 28.32, 0|
15:20:36 0, 53, N/A, 107.12, 11|1, 52, N/A, 77.04, 20|2, 53, N/A, 41.40, 19|3, 56, N/A, 37.19, 13|4, 53, N/A, 38.42, 11|5, 59, N/A, 43.10, 15|6, 38, N/A, 28.30, 0|
15:20:38 0, 52, N/A, 71.33, 21|1, 52, N/A, 39.18, 12|2, 53, N/A, 41.64, 12|3, 56, N/A, 37.41, 25|4, 53, N/A, 39.62, 18|5, 59, N/A, 52.67, 28|6, 38, N/A, 28.30, 0|
15:20:40 0, 52, N/A, 35.46, 11|1, 52, N/A, 39.42, 24|2, 53, N/A, 41.89, 12|3, 55, N/A, 39.38, 16|4, 53, N/A, 45.78, 11|5, 59, N/A, 97.31, 23|6, 37, N/A, 28.30, 0|
15:20:42 0, 52, N/A, 35.48, 21|1, 51, N/A, 39.42, 14|2, 53, N/A, 42.60, 12|3, 55, N/A, 42.33, 18|4, 53, N/A, 55.59, 11|5, 58, N/A, 127.80, 24|6, 37, N/A, 28.30, 0|
15:20:44 0, 52, N/A, 35.71, 18|1, 51, N/A, 40.63, 19|2, 52, N/A, 47.28, 12|3, 55, N/A, 60.51, 23|4, 53, N/A, 113.88, 11|5, 58, N/A, 64.69, 29|6, 37, N/A, 28.30, 0|
15:20:46 0, 52, N/A, 36.69, 11|1, 51, N/A, 44.11, 20|2, 52, N/A, 60.80, 17|3, 55, N/A, 109.21, 15|4, 52, N/A, 64.21, 11|5, 58, N/A, 37.68, 15|6, 37, N/A, 28.30, 0|
15:20:48 0, 52, N/A, 38.91, 21|1, 51, N/A, 52.70, 14|2, 52, N/A, 94.66, 12|3, 55, N/A, 85.00, 25|4, 52, N/A, 37.19, 17|5, 58, N/A, 37.95, 29|6, 37, N/A, 28.30, 0|
15:20:51 0, 52, N/A, 47.04, 11|1, 51, N/A, 80.44, 24|2, 52, N/A, 108.37, 12|3, 54, N/A, 36.44, 13|4, 52, N/A, 37.19, 11|5, 58, N/A, 38.44, 24|6, 37, N/A, 28.06, 0|
15:20:53 0, 52, N/A, 61.53, 16|1, 51, N/A, 112.29, 12|2, 51, N/A, 44.57, 12|3, 54, N/A, 36.42, 19|4, 52, N/A, 37.16, 22|5, 58, N/A, 39.65, 18|6, 37, N/A, 28.30, 0|
15:20:55 0, 51, N/A, 102.69, 11|1, 50, N/A, 37.67, 21|2, 51, N/A, 40.63, 12|3, 54, N/A, 36.67, 12|4, 52, N/A, 38.15, 11|5, 58, N/A, 44.30, 30|6, 37, N/A, 28.30, 0|
15:20:57 0, 51, N/A, 59.76, 11|1, 50, N/A, 38.17, 12|2, 51, N/A, 40.63, 23|3, 54, N/A, 37.16, 12|4, 52, N/A, 39.62, 19|5, 58, N/A, 55.59, 15|6, 37, N/A, 28.28, 0|
15:20:59 0, 51, N/A, 35.21, 11|1, 50, N/A, 38.41, 12|2, 51, N/A, 41.12, 12|3, 54, N/A, 38.12, 25|4, 52, N/A, 43.53, 21|5, 57, N/A, 83.29, 25|6, 37, N/A, 28.28, 0|
15:21:01 0, 51, N/A, 35.21, 11|1, 50, N/A, 38.41, 12|2, 51, N/A, 42.11, 25|3, 54, N/A, 42.55, 13|4, 51, N/A, 58.26, 11|5, 57, N/A, 124.84, 15|6, 37, N/A, 28.28, 0|
15:21:03 0, 51, N/A, 35.46, 13|1, 50, N/A, 39.65, 12|2, 51, N/A, 46.05, 16|3, 54, N/A, 56.78, 15|4, 51, N/A, 106.26, 22|5, 57, N/A, 75.68, 17|6, 37, N/A, 28.28, 0|
15:21:05 0, 51, N/A, 36.44, 11|1, 50, N/A, 42.60, 24|2, 51, N/A, 59.07, 17|3, 54, N/A, 108.27, 12|4, 51, N/A, 69.82, 11|5, 57, N/A, 37.68, 15|6, 37, N/A, 28.05, 0|
15:21:07 0, 51, N/A, 39.40, 21|1, 51, N/A, 55.62, 12|2, 51, N/A, 107.56, 24|3, 54, N/A, 72.47, 12|4, 51, N/A, 37.16, 22|5, 57, N/A, 37.92, 15|6, 37, N/A, 28.28, 0|
15:21:09 0, 51, N/A, 50.69, 11|1, 50, N/A, 99.75, 15|2, 51, N/A, 85.79, 13|3, 54, N/A, 36.17, 13|4, 52, N/A, 37.65, 17|5, 57, N/A, 38.91, 17|6, 38, N/A, 28.28, 0|
15:21:11 0, 51, N/A, 85.80, 21|1, 50, N/A, 87.03, 12|2, 51, N/A, 40.39, 25|3, 54, N/A, 36.42, 13|4, 52, N/A, 37.90, 12|5, 58, N/A, 41.37, 15|6, 38, N/A, 28.30, 0|
15:21:13 0, 51, N/A, 96.37, 16|1, 50, N/A, 37.95, 12|2, 51, N/A, 40.41, 12|3, 54, N/A, 36.42, 19|4, 52, N/A, 38.17, 22|5, 58, N/A, 43.34, 28|6, 38, N/A, 28.30, 0|
15:21:16 0, 51, N/A, 50.98, 11|1, 50, N/A, 38.71, 13|2, 51, N/A, 40.68, 22|3, 54, N/A, 37.19, 12|4, 52, N/A, 39.89, 11|5, 58, N/A, 58.12, 15|6, 38, N/A, 28.32, 0|
15:21:18 0, 51, N/A, 35.24, 21|1, 50, N/A, 38.44, 12|2, 51, N/A, 41.40, 22|3, 54, N/A, 39.89, 25|4, 52, N/A, 45.80, 20|5, 57, N/A, 95.58, 30|6, 38, N/A, 28.32, 0|
15:21:20 0, 51, N/A, 35.24, 11|1, 50, N/A, 38.69, 24|2, 51, N/A, 42.38, 12|3, 54, N/A, 43.31, 12|4, 52, N/A, 59.53, 11|5, 57, N/A, 117.82, 21|6, 38, N/A, 28.32, 0|
15:21:22 0, 51, N/A, 35.73, 17|1, 50, N/A, 40.16, 12|2, 51, N/A, 48.79, 25|3, 54, N/A, 65.68, 20|4, 52, N/A, 111.01, 11|5, 57, N/A, 42.85, 15|6, 38, N/A, 28.32, 0|
15:21:24 0, 51, N/A, 36.96, 21|1, 51, N/A, 45.34, 24|2, 51, N/A, 68.18, 12|3, 54, N/A, 110.00, 25|4, 52, N/A, 36.94, 11|5, 58, N/A, 37.70, 30|6, 38, N/A, 28.32, 0|
15:21:26 0, 52, N/A, 41.89, 11|1, 50, N/A, 51.25, 15|2, 52, N/A, 90.28, 13|3, 54, N/A, 97.72, 12|4, 52, N/A, 36.94, 11|5, 58, N/A, 37.95, 15|6, 38, N/A, 28.32, 0|
15:21:28 0, 52, N/A, 43.12, 21|1, 50, N/A, 69.90, 17|2, 51, N/A, 116.24, 12|3, 54, N/A, 36.20, 25|4, 52, N/A, 36.96, 15|5, 58, N/A, 38.19, 30|6, 38, N/A, 28.32, 0|
15:21:30 0, 52, N/A, 67.20, 11|1, 50, N/A, 113.10, 24|2, 51, N/A, 43.62, 12|3, 54, N/A, 36.45, 13|4, 52, N/A, 37.19, 11|5, 58, N/A, 39.67, 25|6, 38, N/A, 28.32, 0|
15:21:32 0, 52, N/A, 100.01, 14|1, 50, N/A, 38.19, 12|2, 51, N/A, 40.41, 13|3, 54, N/A, 36.67, 18|4, 52, N/A, 38.17, 22|5, 58, N/A, 46.05, 17|6, 38, N/A, 28.30, 0|
15:21:34 0, 51, N/A, 35.24, 11|1, 50, N/A, 38.44, 21|2, 51, N/A, 40.91, 12|3, 54, N/A, 37.92, 25|4, 52, N/A, 42.11, 12|5, 58, N/A, 74.30, 30|6, 38, N/A, 28.32, 0|
15:21:36 0, 51, N/A, 35.24, 11|1, 50, N/A, 38.44, 12|2, 51, N/A, 41.64, 24|3, 54, N/A, 40.36, 13|4, 52, N/A, 49.72, 16|5, 58, N/A, 130.34, 15|6, 38, N/A, 28.32, 0|
15:21:39 0, 51, N/A, 35.24, 15|1, 50, N/A, 39.18, 12|2, 51, N/A, 44.35, 12|3, 54, N/A, 50.21, 20|4, 52, N/A, 82.36, 22|5, 58, N/A, 95.78, 19|6, 38, N/A, 28.30, 0|
15:21:41 0, 51, N/A, 36.22, 11|1, 51, N/A, 41.89, 23|2, 51, N/A, 55.41, 22|3, 54, N/A, 92.38, 12|4, 52, N/A, 83.29, 11|5, 58, N/A, 37.70, 15|6, 38, N/A, 28.30, 0|
15:21:43 0, 52, N/A, 39.18, 21|1, 51, N/A, 53.97, 12|2, 51, N/A, 102.83, 24|3, 54, N/A, 77.98, 12|4, 52, N/A, 36.94, 19|5, 58, N/A, 37.95, 15|6, 38, N/A, 28.32, 0|
15:21:45 0, 52, N/A, 44.08, 11|1, 50, N/A, 73.35, 12|2, 51, N/A, 115.00, 12|3, 54, N/A, 43.56, 13|4, 52, N/A, 36.94, 11|5, 58, N/A, 38.19, 23|6, 38, N/A, 28.32, 0|
15:21:47 0, 52, N/A, 59.35, 21|1, 50, N/A, 117.03, 12|2, 51, N/A, 63.26, 25|3, 54, N/A, 36.45, 12|4, 52, N/A, 37.45, 11|5, 58, N/A, 39.43, 15|6, 38, N/A, 28.32, 0|
15:21:49 0, 52, N/A, 102.29, 16|1, 50, N/A, 69.41, 12|2, 51, N/A, 40.41, 12|3, 54, N/A, 36.45, 25|4, 52, N/A, 37.92, 22|5, 58, N/A, 42.88, 27|6, 38, N/A, 28.32, 0|
15:21:51 0, 51, N/A, 34.99, 3|1, 50, N/A, 37.70, 0|2, 51, N/A, 40.17, 0|3, 54, N/A, 35.95, 0|4, 51, N/A, 36.69, 0|5, 58, N/A, 37.46, 0|6, 38, N/A, 28.32, 0|
15:21:53 0, 54, N/A, 41.62, 44|1, 54, N/A, 168.75, 100|2, 51, N/A, 111.74, 0|3, 53, N/A, 35.71, 0|4, 51, N/A, 36.69, 0|5, 57, N/A, 37.21, 0|6, 38, N/A, 28.30, 0|
15:21:55 0, 52, N/A, 40.38, 0|1, 52, N/A, 43.83, 0|2, 56, N/A, 166.07, 100|3, 58, N/A, 158.51, 100|4, 51, N/A, 36.69, 0|5, 57, N/A, 37.19, 0|6, 38, N/A, 28.30, 0|
15:21:57 0, 56, N/A, 164.49, 100|1, 56, N/A, 180.16, 100|2, 52, N/A, 47.28, 0|3, 55, N/A, 42.06, 0|4, 56, N/A, 47.47, 100|5, 61, N/A, 179.64, 100|6, 38, N/A, 28.30, 0|
15:21:59 0, 53, N/A, 40.63, 0|1, 54, N/A, 45.31, 0|2, 56, N/A, 174.08, 100|3, 58, N/A, 140.21, 100|4, 52, N/A, 43.07, 0|5, 58, N/A, 43.10, 0|6, 38, N/A, 28.30, 0|
15:22:01 0, 56, N/A, 148.53, 73|1, 56, N/A, 147.14, 100|2, 53, N/A, 47.74, 7|3, 56, N/A, 43.01, 0|4, 56, N/A, 170.46, 100|5, 62, N/A, 72.27, 100|6, 38, N/A, 28.28, 0|
15:22:04 0, 54, N/A, 40.85, 0|1, 55, N/A, 46.76, 0|2, 57, N/A, 201.42, 100|3, 59, N/A, 155.60, 100|4, 53, N/A, 43.28, 0|5, 60, N/A, 43.78, 0|6, 38, N/A, 28.28, 0|
15:22:06 0, 55, N/A, 41.31, 0|1, 57, N/A, 171.47, 100|2, 54, N/A, 48.20, 0|3, 58, N/A, 43.99, 99|4, 56, N/A, 148.76, 26|5, 62, N/A, 169.97, 100|6, 38, N/A, 28.49, 0|
15:22:08 0, 54, N/A, 41.31, 0|1, 57, N/A, 56.07, 91|2, 55, N/A, 192.10, 0|3, 59, N/A, 149.72, 100|4, 54, N/A, 43.50, 0|5, 61, N/A, 44.27, 0|6, 38, N/A, 28.26, 0|
15:22:10 0, 56, N/A, 42.05, 0|1, 56, N/A, 189.12, 100|2, 55, N/A, 48.69, 0|3, 61, N/A, 176.69, 100|4, 55, N/A, 44.24, 0|5, 63, N/A, 194.20, 100|6, 39, N/A, 28.25, 0|
15:22:12 0, 55, N/A, 41.56, 0|1, 58, N/A, 190.36, 100|2, 56, N/A, 50.17, 0|3, 59, N/A, 175.97, 100|4, 55, N/A, 43.99, 4|5, 62, N/A, 44.51, 50|6, 39, N/A, 28.51, 0|
15:22:14 0, 57, N/A, 42.79, 43|1, 56, N/A, 187.29, 30|2, 56, N/A, 49.18, 0|3, 60, N/A, 155.75, 100|4, 56, N/A, 44.97, 0|5, 62, N/A, 154.39, 100|6, 38, N/A, 28.25, 0|
15:22:16 0, 56, N/A, 41.80, 0|1, 58, N/A, 168.42, 100|2, 59, N/A, 82.04, 99|3, 57, N/A, 124.84, 0|4, 56, N/A, 43.99, 0|5, 64, N/A, 184.55, 100|6, 39, N/A, 28.49, 0|
15:22:18 0, 59, N/A, 150.07, 100|1, 55, N/A, 45.98, 0|2, 57, N/A, 49.92, 0|3, 60, N/A, 168.51, 100|4, 58, N/A, 46.67, 100|5, 61, N/A, 180.29, 0|6, 38, N/A, 28.25, 0|
15:22:20 0, 57, N/A, 42.29, 0|1, 58, N/A, 178.36, 100|2, 58, N/A, 192.48, 100|3, 57, N/A, 43.01, 0|4, 56, N/A, 44.48, 0|5, 64, N/A, 174.03, 100|6, 38, N/A, 28.51, 0|
15:22:22 0, 58, N/A, 182.20, 100|1, 55, N/A, 46.23, 0|2, 58, N/A, 51.89, 18|3, 60, N/A, 178.54, 58|4, 59, N/A, 177.36, 100|5, 60, N/A, 43.99, 0|6, 38, N/A, 28.25, 0|
15:22:24 0, 58, N/A, 46.45, 100|1, 57, N/A, 183.49, 0|2, 59, N/A, 199.07, 100|3, 58, N/A, 42.98, 0|4, 57, N/A, 45.44, 54|5, 63, N/A, 189.81, 100|6, 38, N/A, 28.49, 0|
15:22:26 0, 57, N/A, 174.70, 100|1, 56, N/A, 46.47, 3|2, 60, N/A, 184.03, 100|3, 59, N/A, 43.97, 8|4, 58, N/A, 189.32, 100|5, 61, N/A, 44.02, 0|6, 38, N/A, 28.25, 0|
15:22:29 0, 59, N/A, 177.39, 100|1, 57, N/A, 47.95, 47|2, 58, N/A, 178.89, 44|3, 58, N/A, 43.47, 0|4, 59, N/A, 160.66, 100|5, 61, N/A, 44.73, 0|6, 38, N/A, 28.24, 0|
15:22:31 0, 55, N/A, 41.31, 0|1, 56, N/A, 46.97, 0|2, 60, N/A, 163.32, 100|3, 61, N/A, 45.47, 100|4, 56, N/A, 155.63, 3|5, 61, N/A, 44.27, 0|6, 38, N/A, 28.26, 0|
15:22:33 0, 59, N/A, 176.53, 100|1, 59, N/A, 154.65, 100|2, 56, N/A, 49.92, 6|3, 59, N/A, 43.74, 0|4, 59, N/A, 151.46, 100|5, 62, N/A, 45.50, 0|6, 38, N/A, 28.26, 0|
15:22:35 0, 56, N/A, 41.56, 0|1, 57, N/A, 48.20, 0|2, 59, N/A, 208.87, 100|3, 61, N/A, 151.45, 100|4, 55, N/A, 44.24, 0|5, 62, N/A, 44.76, 0|6, 38, N/A, 28.26, 0|
15:22:37 0, 56, N/A, 42.05, 0|1, 59, N/A, 168.53, 100|2, 56, N/A, 50.17, 0|3, 60, N/A, 45.19, 21|4, 57, N/A, 182.83, 6|5, 64, N/A, 184.31, 100|6, 38, N/A, 28.25, 0|
15:22:39 0, 56, N/A, 41.81, 0|1, 60, N/A, 191.71, 100|2, 57, N/A, 51.16, 0|3, 61, N/A, 146.39, 100|4, 56, N/A, 44.49, 0|5, 63, N/A, 45.50, 0|6, 38, N/A, 28.26, 0|
15:22:41 0, 57, N/A, 42.52, 0|1, 58, N/A, 183.25, 86|2, 57, N/A, 50.65, 0|3, 62, N/A, 156.47, 100|4, 57, N/A, 44.95, 0|5, 64, N/A, 185.18, 100|6, 38, N/A, 28.24, 0|
15:22:43 0, 56, N/A, 42.05, 0|1, 59, N/A, 180.34, 100|2, 59, N/A, 54.84, 91|3, 59, N/A, 134.62, 0|4, 56, N/A, 44.48, 0|5, 65, N/A, 184.80, 100|6, 38, N/A, 28.25, 0|
15:22:45 0, 59, N/A, 144.54, 100|1, 56, N/A, 46.72, 0|2, 58, N/A, 51.40, 0|3, 61, N/A, 142.30, 100|4, 59, N/A, 54.99, 100|5, 61, N/A, 171.09, 0|6, 38, N/A, 28.25, 0|
15:22:47 0, 58, N/A, 43.03, 51|1, 59, N/A, 159.61, 100|2, 60, N/A, 172.84, 100|3, 58, N/A, 43.01, 0|4, 57, N/A, 45.47, 0|5, 64, N/A, 179.89, 100|6, 38, N/A, 28.26, 0|
15:22:49 0, 59, N/A, 154.82, 100|1, 56, N/A, 46.97, 0|2, 61, N/A, 135.62, 100|3, 59, N/A, 91.71, 0|4, 59, N/A, 164.59, 100|5, 61, N/A, 44.27, 0|6, 38, N/A, 28.26, 0|
15:22:51 0, 60, N/A, 177.88, 100|1, 58, N/A, 48.20, 0|2, 59, N/A, 191.00, 100|3, 59, N/A, 44.21, 0|4, 60, N/A, 165.07, 100|5, 62, N/A, 44.73, 0|6, 38, N/A, 28.25, 0|
15:22:54 0, 56, N/A, 41.56, 0|1, 57, N/A, 47.46, 0|2, 61, N/A, 180.71, 100|3, 61, N/A, 45.71, 100|4, 57, N/A, 194.69, 0|5, 62, N/A, 44.51, 0|6, 38, N/A, 28.26, 0|
15:22:56 0, 59, N/A, 176.43, 93|1, 60, N/A, 184.10, 100|2, 57, N/A, 50.41, 0|3, 60, N/A, 44.70, 0|4, 59, N/A, 182.34, 100|5, 63, N/A, 45.96, 19|6, 38, N/A, 28.26, 0|
15:22:58 0, 56, N/A, 41.81, 0|1, 59, N/A, 49.18, 38|2, 60, N/A, 200.20, 53|3, 62, N/A, 143.70, 100|4, 56, N/A, 44.49, 0|5, 63, N/A, 45.25, 0|6, 38, N/A, 28.26, 0|
15:23:00 0, 57, N/A, 42.27, 0|1, 59, N/A, 191.10, 100|2, 57, N/A, 50.87, 0|3, 63, N/A, 177.32, 100|4, 57, N/A, 44.70, 0|5, 65, N/A, 146.32, 100|6, 38, N/A, 28.25, 0|
15:23:02 0, 57, N/A, 42.05, 0|1, 60, N/A, 171.13, 100|2, 59, N/A, 52.63, 5|3, 61, N/A, 178.66, 71|4, 57, N/A, 44.73, 7|5, 66, N/A, 115.92, 100|6, 38, N/A, 28.26, 0|
15:23:04 0, 60, N/A, 156.21, 100|1, 56, N/A, 47.00, 0|2, 58, N/A, 51.67, 0|3, 62, N/A, 175.72, 100|4, 58, N/A, 46.21, 1|5, 64, N/A, 183.35, 96|6, 38, N/A, 28.25, 0|
15:23:06 0, 58, N/A, 43.03, 0|1, 60, N/A, 177.64, 100|2, 60, N/A, 179.12, 100|3, 59, N/A, 43.74, 0|4, 57, N/A, 45.47, 0|5, 65, N/A, 185.41, 100|6, 38, N/A, 28.26, 0|
15:23:08 0, 59, N/A, 140.20, 100|1, 57, N/A, 46.72, 0|2, 61, N/A, 120.66, 100|3, 60, N/A, 91.95, 0|4, 59, N/A, 176.72, 100|5, 62, N/A, 44.73, 0|6, 38, N/A, 28.26, 0|
15:23:10 0, 60, N/A, 178.63, 100|1, 58, N/A, 48.45, 0|2, 60, N/A, 171.65, 100|3, 60, N/A, 44.24, 0|4, 60, N/A, 173.52, 100|5, 62, N/A, 45.22, 0|6, 38, N/A, 28.26, 0|
15:23:12 0, 56, N/A, 41.81, 0|1, 58, N/A, 47.95, 0|2, 61, N/A, 202.27, 100|3, 62, N/A, 57.23, 94|4, 56, N/A, 173.38, 0|5, 62, N/A, 44.76, 0|6, 38, N/A, 28.26, 0|
15:23:14 0, 58, N/A, 160.60, 0|1, 60, N/A, 191.20, 100|2, 57, N/A, 50.90, 9|3, 61, N/A, 45.22, 0|4, 60, N/A, 188.22, 100|5, 65, N/A, 47.71, 100|6, 38, N/A, 28.26, 0|
15:23:17 0, 57, N/A, 42.05, 0|1, 61, N/A, 176.03, 100|2, 58, N/A, 51.65, 0|3, 63, N/A, 179.26, 100|4, 57, N/A, 44.76, 0|5, 63, N/A, 45.99, 0|6, 38, N/A, 28.28, 0|
15:23:19 0, 58, N/A, 42.79, 2|1, 59, N/A, 150.97, 100|2, 58, N/A, 51.40, 0|3, 63, N/A, 160.88, 100|4, 57, N/A, 45.47, 0|5, 65, N/A, 185.79, 100|6, 38, N/A, 28.26, 0|
15:23:21 0, 57, N/A, 42.29, 0|1, 60, N/A, 192.81, 100|2, 62, N/A, 183.04, 100|3, 59, N/A, 43.99, 0|4, 57, N/A, 45.22, 0|5, 65, N/A, 154.39, 100|6, 38, N/A, 28.26, 0|
15:23:23 0, 60, N/A, 176.92, 100|1, 57, N/A, 47.49, 0|2, 60, N/A, 53.40, 0|3, 63, N/A, 179.39, 100|4, 60, N/A, 168.75, 100|5, 62, N/A, 44.51, 0|6, 38, N/A, 28.26, 0|
15:23:25 0, 60, N/A, 171.13, 100|1, 58, N/A, 48.20, 0|2, 61, N/A, 199.94, 100|3, 60, N/A, 43.97, 10|4, 59, N/A, 46.94, 97|5, 65, N/A, 185.76, 0|6, 38, N/A, 28.26, 0|
15:23:27 0, 56, N/A, 134.06, 0|1, 58, N/A, 48.20, 10|2, 62, N/A, 159.71, 100|3, 61, N/A, 45.44, 8|4, 59, N/A, 185.77, 100|5, 62, N/A, 44.73, 5|6, 38, N/A, 28.26, 0|
15:23:29 0, 59, N/A, 176.90, 100|1, 61, N/A, 151.85, 100|2, 58, N/A, 50.87, 9|3, 61, N/A, 44.95, 0|4, 60, N/A, 149.00, 100|5, 64, N/A, 46.21, 40|6, 38, N/A, 28.25, 0|
15:23:31 0, 56, N/A, 41.81, 0|1, 60, N/A, 49.92, 32|2, 60, N/A, 199.09, 57|3, 63, N/A, 183.04, 100|4, 56, N/A, 44.73, 0|5, 63, N/A, 45.49, 0|6, 37, N/A, 28.26, 0|
15:23:33 0, 57, N/A, 42.27, 0|1, 59, N/A, 148.03, 100|2, 58, N/A, 51.12, 0|3, 63, N/A, 172.03, 100|4, 57, N/A, 44.95, 0|5, 65, N/A, 160.43, 100|6, 37, N/A, 28.25, 0|
15:23:35 0, 57, N/A, 42.30, 0|1, 60, N/A, 166.83, 100|2, 60, N/A, 54.08, 66|3, 60, N/A, 149.88, 11|4, 57, N/A, 44.73, 0|5, 65, N/A, 152.44, 100|6, 37, N/A, 28.25, 0|
15:23:37 0, 60, N/A, 177.90, 100|1, 56, N/A, 46.97, 0|2, 59, N/A, 52.62, 0|3, 62, N/A, 180.74, 87|4, 59, N/A, 192.25, 100|5, 61, N/A, 44.24, 0|6, 37, N/A, 28.25, 0|
15:23:39 0, 59, N/A, 150.07, 100|1, 57, N/A, 47.46, 0|2, 60, N/A, 199.81, 100|3, 59, N/A, 43.72, 0|4, 58, N/A, 46.18, 38|5, 63, N/A, 184.55, 58|6, 37, N/A, 28.25, 0|
15:23:42 0, 55, N/A, 50.88, 4|1, 57, N/A, 47.22, 0|2, 60, N/A, 197.36, 100|3, 60, N/A, 44.97, 48|4, 57, N/A, 179.66, 73|5, 61, N/A, 44.49, 0|6, 37, N/A, 28.26, 0|
15:23:44 0, 57, N/A, 158.29, 70|1, 59, N/A, 193.41, 100|2, 56, N/A, 50.13, 9|3, 60, N/A, 44.45, 0|4, 59, N/A, 174.89, 100|5, 63, N/A, 45.71, 4|6, 37, N/A, 28.24, 0|
15:23:46 0, 55, N/A, 41.56, 0|1, 60, N/A, 152.20, 100|2, 57, N/A, 50.90, 0|3, 61, N/A, 178.66, 100|4, 55, N/A, 44.24, 0|5, 62, N/A, 45.22, 0|6, 37, N/A, 28.02, 0|
15:23:48 0, 56, N/A, 42.30, 0|1, 57, N/A, 162.65, 100|2, 56, N/A, 50.41, 0|3, 61, N/A, 174.00, 100|4, 56, N/A, 44.74, 0|5, 63, N/A, 183.83, 100|6, 37, N/A, 28.02, 0|
15:23:50 0, 56, N/A, 42.05, 0|1, 58, N/A, 168.18, 100|2, 60, N/A, 191.99, 100|3, 58, N/A, 43.23, 0|4, 56, N/A, 44.48, 0|5, 64, N/A, 196.65, 100|6, 37, N/A, 28.02, 0|
15:23:52 0, 57, N/A, 173.74, 100|1, 55, N/A, 46.48, 0|2, 59, N/A, 55.58, 100|3, 59, N/A, 151.84, 24|4, 59, N/A, 186.89, 100|5, 60, N/A, 43.75, 0|6, 37, N/A, 28.00, 0|
15:23:54 0, 58, N/A, 175.19, 100|1, 56, N/A, 47.43, 0|2, 58, N/A, 169.90, 100|3, 58, N/A, 43.72, 0|4, 58, N/A, 183.93, 100|5, 60, N/A, 44.24, 0|6, 37, N/A, 28.24, 0|
15:23:56 0, 54, N/A, 41.07, 0|1, 56, N/A, 47.22, 0|2, 58, N/A, 194.95, 100|3, 61, N/A, 181.10, 100|4, 54, N/A, 43.50, 0|5, 60, N/A, 44.02, 0|6, 37, N/A, 28.02, 0|
15:23:58 0, 55, N/A, 41.29, 0|1, 58, N/A, 147.78, 100|2, 55, N/A, 49.68, 0|3, 60, N/A, 46.18, 100|4, 56, N/A, 146.31, 14|5, 63, N/A, 184.93, 100|6, 37, N/A, 28.00, 0|
15:24:00 0, 54, N/A, 41.06, 0|1, 58, N/A, 172.58, 100|2, 56, N/A, 50.90, 0|3, 60, N/A, 153.21, 100|4, 55, N/A, 43.97, 8|5, 64, N/A, 186.39, 100|6, 37, N/A, 28.00, 0|
15:24:02 0, 57, N/A, 168.44, 100|1, 54, N/A, 46.01, 0|2, 56, N/A, 50.41, 0|3, 60, N/A, 154.68, 100|4, 56, N/A, 45.44, 46|5, 61, N/A, 184.69, 51|6, 37, N/A, 28.00, 0|
15:24:04 0, 58, N/A, 54.07, 99|1, 55, N/A, 170.37, 0|2, 58, N/A, 209.22, 100|3, 57, N/A, 42.98, 0|4, 56, N/A, 44.73, 13|5, 62, N/A, 152.19, 81|6, 37, N/A, 28.02, 0|
15:24:07 0, 55, N/A, 157.42, 10|1, 55, N/A, 46.48, 0|2, 58, N/A, 191.75, 100|3, 58, N/A, 43.99, 10|4, 57, N/A, 185.77, 100|5, 59, N/A, 43.53, 6|6, 37, N/A, 28.02, 0|
15:24:09 0, 56, N/A, 170.79, 100|1, 58, N/A, 182.92, 100|2, 55, N/A, 49.15, 10|3, 58, N/A, 43.72, 0|4, 58, N/A, 178.08, 100|5, 61, N/A, 44.98, 29|6, 36, N/A, 28.00, 0|
15:24:11 0, 54, N/A, 41.07, 0|1, 58, N/A, 168.19, 100|2, 56, N/A, 49.92, 0|3, 61, N/A, 179.15, 100|4, 54, N/A, 43.50, 0|5, 61, N/A, 44.76, 0|6, 37, N/A, 28.02, 0|
15:24:13 0, 55, N/A, 42.03, 0|1, 57, N/A, 180.91, 100|2, 56, N/A, 49.92, 0|3, 61, N/A, 154.29, 100|4, 55, N/A, 44.48, 0|5, 62, N/A, 165.96, 100|6, 37, N/A, 28.00, 0|
15:24:15 0, 56, N/A, 42.05, 0|1, 57, N/A, 158.97, 100|2, 59, N/A, 200.56, 100|3, 57, N/A, 43.01, 0|4, 55, N/A, 44.48, 0|5, 63, N/A, 184.55, 100|6, 37, N/A, 28.02, 0|
15:24:17 0, 57, N/A, 154.82, 100|1, 55, N/A, 46.23, 0|2, 60, N/A, 201.29, 100|3, 58, N/A, 43.74, 0|4, 58, N/A, 162.86, 100|5, 60, N/A, 43.53, 0|6, 37, N/A, 28.02, 0|
15:24:19 0, 58, N/A, 148.36, 100|1, 57, N/A, 48.66, 86|2, 57, N/A, 197.36, 0|3, 58, N/A, 43.72, 0|4, 58, N/A, 184.92, 100|5, 61, N/A, 44.24, 0|6, 37, N/A, 28.00, 0|
15:24:21 0, 54, N/A, 41.07, 0|1, 57, N/A, 48.20, 2|2, 58, N/A, 199.33, 80|3, 61, N/A, 158.93, 100|4, 55, N/A, 43.75, 0|5, 61, N/A, 44.51, 0|6, 37, N/A, 28.02, 0|
15:24:23 0, 55, N/A, 41.80, 0|1, 57, N/A, 179.93, 100|2, 56, N/A, 50.17, 0|3, 61, N/A, 179.26, 100|4, 55, N/A, 44.21, 0|5, 64, N/A, 178.43, 100|6, 37, N/A, 28.00, 0|
15:24:25 0, 56, N/A, 41.80, 0|1, 58, N/A, 190.27, 100|2, 60, N/A, 190.42, 100|3, 58, N/A, 43.23, 0|4, 56, N/A, 44.48, 0|5, 64, N/A, 166.06, 100|6, 37, N/A, 28.02, 0|
15:24:27 0, 58, N/A, 151.79, 100|1, 55, N/A, 46.47, 0|2, 60, N/A, 77.86, 100|3, 59, N/A, 134.30, 0|4, 59, N/A, 188.83, 100|5, 60, N/A, 43.74, 0|6, 37, N/A, 28.00, 0|
15:24:29 0, 58, N/A, 186.58, 100|1, 57, N/A, 47.92, 17|2, 59, N/A, 204.34, 100|3, 59, N/A, 43.72, 0|4, 60, N/A, 188.83, 100|5, 61, N/A, 44.48, 0|6, 37, N/A, 28.00, 0|
15:24:32 0, 55, N/A, 41.07, 0|1, 57, N/A, 47.95, 0|2, 60, N/A, 209.59, 100|3, 62, N/A, 178.90, 100|4, 55, N/A, 43.75, 0|5, 61, N/A, 44.51, 0|6, 37, N/A, 28.02, 0|
15:24:34 0, 55, N/A, 41.78, 0|1, 59, N/A, 191.81, 100|2, 57, N/A, 50.38, 0|3, 62, N/A, 179.52, 100|4, 56, N/A, 44.21, 0|5, 64, N/A, 184.43, 100|6, 37, N/A, 28.00, 0|
15:24:36 0, 56, N/A, 41.78, 0|1, 59, N/A, 192.32, 100|2, 59, N/A, 53.58, 100|3, 59, N/A, 158.11, 0|4, 56, N/A, 44.46, 0|5, 64, N/A, 175.39, 100|6, 37, N/A, 28.00, 0|
15:24:38 0, 58, N/A, 173.72, 100|1, 56, N/A, 46.47, 0|2, 60, N/A, 54.34, 64|3, 60, N/A, 150.60, 16|4, 59, N/A, 180.77, 100|5, 61, N/A, 43.97, 0|6, 37, N/A, 27.98, 0|
15:24:40 0, 58, N/A, 155.22, 100|1, 57, N/A, 48.20, 0|2, 59, N/A, 200.77, 100|3, 59, N/A, 44.21, 0|4, 60, N/A, 172.09, 100|5, 61, N/A, 44.49, 0|6, 37, N/A, 28.00, 0|
15:24:42 0, 55, N/A, 41.31, 0|1, 58, N/A, 48.20, 0|2, 60, N/A, 179.97, 96|3, 63, N/A, 180.12, 100|4, 55, N/A, 44.24, 0|5, 62, N/A, 44.51, 0|6, 37, N/A, 28.02, 0|
15:24:44 0, 56, N/A, 41.78, 0|1, 59, N/A, 192.56, 100|2, 57, N/A, 50.63, 0|3, 63, N/A, 180.74, 100|4, 56, N/A, 44.46, 0|5, 64, N/A, 152.58, 100|6, 37, N/A, 28.00, 0|
15:24:46 0, 56, N/A, 41.81, 0|1, 60, N/A, 192.32, 100|2, 59, N/A, 53.61, 100|3, 60, N/A, 179.03, 48|4, 56, N/A, 44.48, 0|5, 64, N/A, 150.23, 100|6, 37, N/A, 28.02, 0|
15:24:48 0, 58, N/A, 169.09, 100|1, 56, N/A, 47.00, 0|2, 61, N/A, 58.78, 100|3, 60, N/A, 165.30, 0|4, 60, N/A, 162.65, 100|5, 61, N/A, 43.99, 0|6, 37, N/A, 28.00, 0|
15:24:50 0, 59, N/A, 140.35, 100|1, 58, N/A, 48.44, 0|2, 60, N/A, 158.48, 100|3, 60, N/A, 43.96, 0|4, 60, N/A, 190.07, 100|5, 62, N/A, 44.49, 0|6, 37, N/A, 28.00, 0|
15:24:52 0, 55, N/A, 41.31, 0|1, 58, N/A, 48.69, 0|2, 60, N/A, 200.08, 100|3, 63, N/A, 179.63, 100|4, 56, N/A, 44.24, 0|5, 62, N/A, 45.00, 0|6, 37, N/A, 28.02, 0|
15:24:54 0, 56, N/A, 42.03, 0|1, 59, N/A, 191.34, 100|2, 58, N/A, 51.12, 0|3, 63, N/A, 178.52, 100|4, 56, N/A, 44.46, 0|5, 64, N/A, 184.68, 100|6, 37, N/A, 28.00, 0|
15:24:57 0, 57, N/A, 42.29, 0|1, 59, N/A, 154.32, 100|2, 61, N/A, 127.28, 100|3, 59, N/A, 88.27, 0|4, 57, N/A, 44.73, 0|5, 65, N/A, 183.32, 100|6, 37, N/A, 28.02, 0|
15:24:59 0, 58, N/A, 176.89, 100|1, 57, N/A, 46.23, 0|2, 62, N/A, 187.43, 100|3, 60, N/A, 44.21, 0|4, 60, N/A, 187.85, 100|5, 61, N/A, 44.49, 0|6, 37, N/A, 28.25, 0|
15:25:01 0, 59, N/A, 148.94, 100|1, 59, N/A, 49.18, 0|2, 60, N/A, 200.31, 95|3, 60, N/A, 44.45, 0|4, 59, N/A, 168.16, 100|5, 62, N/A, 44.98, 0|6, 37, N/A, 28.25, 0|
15:25:03 0, 56, N/A, 41.81, 0|1, 60, N/A, 50.90, 100|2, 59, N/A, 173.84, 0|3, 63, N/A, 161.86, 100|4, 56, N/A, 44.49, 0|5, 63, N/A, 45.47, 0|6, 37, N/A, 28.26, 0|
15:25:05 0, 57, N/A, 42.29, 0|1, 59, N/A, 201.99, 100|2, 58, N/A, 51.36, 0|3, 64, N/A, 177.32, 100|4, 57, N/A, 44.95, 0|5, 65, N/A, 188.84, 100|6, 37, N/A, 28.00, 0|
15:25:07 0, 58, N/A, 42.76, 0|1, 60, N/A, 178.13, 97|2, 62, N/A, 203.36, 100|3, 60, N/A, 43.97, 0|4, 57, N/A, 45.47, 0|5, 64, N/A, 145.91, 100|6, 37, N/A, 28.02, 0|
15:25:09 0, 59, N/A, 176.92, 100|1, 57, N/A, 47.46, 4|2, 61, N/A, 189.29, 100|3, 61, N/A, 44.70, 0|4, 59, N/A, 147.77, 100|5, 62, N/A, 44.51, 0|6, 37, N/A, 28.02, 0|
15:25:11 0, 57, N/A, 177.87, 78|1, 61, N/A, 158.39, 100|2, 58, N/A, 50.87, 11|3, 61, N/A, 45.19, 0|4, 60, N/A, 188.83, 100|5, 63, N/A, 45.96, 9|6, 37, N/A, 28.00, 0|
15:25:13 0, 56, N/A, 41.81, 0|1, 61, N/A, 194.06, 100|2, 59, N/A, 51.89, 0|3, 63, N/A, 178.41, 100|4, 56, N/A, 44.49, 0|5, 64, N/A, 46.72, 43|6, 37, N/A, 28.26, 0|
15:25:15 0, 58, N/A, 43.50, 60|1, 58, N/A, 189.14, 25|2, 59, N/A, 51.61, 0|3, 63, N/A, 180.13, 100|4, 58, N/A, 45.69, 0|5, 64, N/A, 181.26, 100|6, 37, N/A, 28.00, 0|
15:25:17 0, 60, N/A, 155.46, 100|1, 58, N/A, 47.95, 0|2, 62, N/A, 164.27, 100|3, 60, N/A, 44.21, 0|4, 59, N/A, 46.67, 30|5, 64, N/A, 186.40, 67|6, 37, N/A, 28.25, 0|
15:25:19 0, 55, N/A, 42.05, 0|1, 58, N/A, 48.20, 0|2, 62, N/A, 202.27, 100|3, 62, N/A, 45.69, 51|4, 58, N/A, 181.13, 71|5, 62, N/A, 45.00, 0|6, 37, N/A, 28.02, 0|
15:25:22 0, 56, N/A, 41.78, 0|1, 60, N/A, 168.18, 100|2, 58, N/A, 51.12, 0|3, 64, N/A, 107.27, 100|4, 56, N/A, 96.82, 1|5, 66, N/A, 166.94, 100|6, 37, N/A, 28.00, 0|
15:25:24 0, 56, N/A, 42.03, 0|1, 61, N/A, 184.73, 100|2, 59, N/A, 52.59, 0|3, 62, N/A, 180.49, 100|4, 56, N/A, 44.46, 9|5, 65, N/A, 181.51, 100|6, 37, N/A, 28.00, 0|
15:25:26 0, 59, N/A, 178.39, 100|1, 56, N/A, 46.97, 0|2, 60, N/A, 54.34, 100|3, 61, N/A, 178.04, 42|4, 59, N/A, 188.46, 100|5, 61, N/A, 44.24, 0|6, 37, N/A, 28.00, 0|
15:25:28 0, 58, N/A, 144.76, 100|1, 58, N/A, 48.20, 0|2, 60, N/A, 181.90, 100|3, 59, N/A, 44.21, 0|4, 60, N/A, 189.33, 100|5, 62, N/A, 44.73, 0|6, 37, N/A, 28.00, 0|
15:25:30 0, 55, N/A, 41.31, 0|1, 58, N/A, 48.94, 56|2, 59, N/A, 197.49, 24|3, 62, N/A, 178.66, 100|4, 55, N/A, 43.99, 0|5, 62, N/A, 45.00, 0|6, 37, N/A, 28.02, 0|
15:25:32 0, 56, N/A, 42.03, 0|1, 58, N/A, 174.46, 100|2, 57, N/A, 50.87, 0|3, 63, N/A, 143.51, 100|4, 56, N/A, 44.46, 0|5, 64, N/A, 173.78, 100|6, 36, N/A, 28.00, 0|
15:25:34 0, 56, N/A, 42.54, 0|1, 58, N/A, 171.86, 98|2, 61, N/A, 203.72, 100|3, 58, N/A, 43.50, 0|4, 56, N/A, 44.73, 0|5, 63, N/A, 165.54, 100|6, 36, N/A, 28.02, 0|
15:25:36 0, 57, N/A, 176.66, 100|1, 56, N/A, 46.97, 2|2, 60, N/A, 157.74, 100|3, 59, N/A, 44.21, 0|4, 58, N/A, 147.21, 100|5, 60, N/A, 44.24, 0|6, 36, N/A, 28.00, 0|
15:25:38 0, 55, N/A, 134.72, 19|1, 59, N/A, 164.75, 100|2, 56, N/A, 49.89, 0|3, 60, N/A, 44.70, 23|4, 58, N/A, 186.63, 98|5, 62, N/A, 45.22, 36|6, 36, N/A, 28.00, 0|
15:25:40 0, 54, N/A, 41.06, 0|1, 59, N/A, 188.40, 100|2, 57, N/A, 50.90, 0|3, 61, N/A, 158.58, 100|4, 55, N/A, 43.97, 0|5, 64, N/A, 200.42, 100|6, 36, N/A, 28.00, 0|
15:25:42 0, 58, N/A, 141.98, 100|1, 55, N/A, 46.23, 0|2, 57, N/A, 51.64, 0|3, 61, N/A, 179.27, 100|4, 56, N/A, 45.44, 65|5, 62, N/A, 185.32, 32|6, 36, N/A, 28.00, 0|
15:25:44 0, 58, N/A, 177.64, 100|1, 56, N/A, 46.69, 0|2, 59, N/A, 200.54, 100|3, 58, N/A, 43.47, 0|4, 58, N/A, 147.53, 100|5, 60, N/A, 43.99, 0|6, 36, N/A, 27.75, 0|
15:25:47 0, 54, N/A, 41.07, 0|1, 57, N/A, 47.71, 0|2, 59, N/A, 176.79, 100|3, 62, N/A, 152.42, 100|4, 54, N/A, 43.50, 0|5, 61, N/A, 44.27, 0|6, 36, N/A, 28.02, 0|
15:25:49 0, 55, N/A, 41.53, 0|1, 59, N/A, 192.32, 100|2, 56, N/A, 50.41, 0|3, 61, N/A, 150.62, 100|4, 55, N/A, 43.99, 0|5, 64, N/A, 148.76, 100|6, 36, N/A, 28.00, 0|
15:25:51 0, 56, N/A, 42.05, 0|1, 58, N/A, 150.63, 100|2, 60, N/A, 175.45, 100|3, 58, N/A, 43.23, 0|4, 55, N/A, 44.48, 0|5, 64, N/A, 185.51, 100|6, 36, N/A, 28.02, 0|
15:25:53 0, 58, N/A, 148.92, 100|1, 56, N/A, 46.72, 0|2, 60, N/A, 187.93, 100|3, 59, N/A, 43.72, 0|4, 58, N/A, 144.84, 100|5, 60, N/A, 43.99, 0|6, 36, N/A, 28.02, 0|
15:25:55 0, 56, N/A, 138.15, 78|1, 59, N/A, 172.58, 100|2, 56, N/A, 49.92, 12|3, 60, N/A, 44.70, 0|4, 58, N/A, 187.62, 100|5, 62, N/A, 45.22, 9|6, 36, N/A, 28.02, 0|
15:25:57 0, 55, N/A, 41.56, 0|1, 59, N/A, 191.10, 100|2, 57, N/A, 50.90, 0|3, 61, N/A, 177.92, 100|4, 55, N/A, 43.99, 0|5, 64, N/A, 99.87, 98|6, 36, N/A, 28.02, 0|
15:25:59 0, 58, N/A, 175.19, 100|1, 56, N/A, 46.26, 0|2, 58, N/A, 52.13, 0|3, 62, N/A, 180.01, 100|4, 56, N/A, 45.44, 27|5, 63, N/A, 184.45, 80|6, 36, N/A, 28.00, 0|
15:26:01 0, 58, N/A, 176.90, 100|1, 57, N/A, 47.19, 0|2, 60, N/A, 201.03, 100|3, 59, N/A, 43.72, 0|4, 59, N/A, 157.73, 100|5, 61, N/A, 44.24, 0|6, 36, N/A, 28.00, 0|
15:26:03 0, 54, N/A, 41.07, 0|1, 58, N/A, 48.45, 0|2, 60, N/A, 200.80, 100|3, 63, N/A, 177.68, 100|4, 55, N/A, 43.99, 0|5, 62, N/A, 44.51, 0|6, 36, N/A, 28.02, 0|
15:26:05 0, 55, N/A, 41.81, 0|1, 59, N/A, 193.54, 100|2, 57, N/A, 50.90, 0|3, 62, N/A, 179.13, 100|4, 55, N/A, 44.24, 0|5, 64, N/A, 147.30, 100|6, 36, N/A, 28.00, 0|
15:26:07 0, 57, N/A, 42.54, 50|1, 59, N/A, 187.43, 100|2, 61, N/A, 174.72, 100|3, 59, N/A, 43.72, 0|4, 56, N/A, 44.73, 0|5, 64, N/A, 148.28, 100|6, 36, N/A, 27.77, 0|
15:26:10 0, 58, N/A, 176.90, 100|1, 57, N/A, 47.21, 0|2, 61, N/A, 192.73, 100|3, 60, N/A, 44.21, 0|4, 58, N/A, 157.97, 100|5, 61, N/A, 44.24, 0|6, 36, N/A, 28.00, 0|
15:26:12 0, 55, N/A, 41.29, 0|1, 61, N/A, 186.80, 100|2, 57, N/A, 50.63, 0|3, 61, N/A, 45.44, 61|4, 57, N/A, 185.41, 64|5, 63, N/A, 45.96, 13|6, 36, N/A, 28.00, 0|
15:26:14 0, 56, N/A, 41.56, 0|1, 60, N/A, 164.61, 100|2, 58, N/A, 51.89, 0|3, 62, N/A, 150.86, 100|4, 56, N/A, 44.24, 0|5, 65, N/A, 187.00, 100|6, 36, N/A, 28.00, 0|
15:26:16 0, 59, N/A, 164.68, 100|1, 56, N/A, 47.22, 0|2, 60, N/A, 55.09, 81|3, 60, N/A, 145.72, 0|4, 59, N/A, 71.40, 100|5, 61, N/A, 158.00, 0|6, 36, N/A, 28.00, 0|
15:26:18 0, 58, N/A, 144.27, 100|1, 58, N/A, 48.20, 0|2, 60, N/A, 163.65, 100|3, 60, N/A, 44.46, 0|4, 59, N/A, 185.91, 100|5, 62, N/A, 44.49, 0|6, 36, N/A, 27.77, 0|
15:26:20 0, 55, N/A, 41.56, 0|1, 61, N/A, 182.79, 100|2, 58, N/A, 50.90, 0|3, 63, N/A, 165.79, 100|4, 55, N/A, 44.24, 0|5, 63, N/A, 45.50, 0|6, 36, N/A, 27.77, 0|
15:26:22 0, 56, N/A, 42.27, 0|1, 59, N/A, 180.56, 100|2, 58, N/A, 51.85, 0|3, 62, N/A, 164.45, 100|4, 56, N/A, 44.95, 0|5, 65, N/A, 186.65, 100|6, 36, N/A, 28.00, 0|
15:26:24 0, 59, N/A, 139.62, 100|1, 57, N/A, 47.46, 0|2, 61, N/A, 159.62, 100|3, 60, N/A, 43.97, 0|4, 58, N/A, 46.18, 41|5, 63, N/A, 183.80, 53|6, 36, N/A, 28.00, 0|
15:26:26 0, 55, N/A, 42.05, 0|1, 58, N/A, 48.20, 0|2, 61, N/A, 180.82, 100|3, 61, N/A, 45.44, 45|4, 58, N/A, 183.09, 79|5, 62, N/A, 44.76, 0|6, 36, N/A, 28.02, 0|
15:26:28 0, 56, N/A, 41.56, 0|1, 60, N/A, 161.92, 100|2, 58, N/A, 51.15, 0|3, 63, N/A, 178.40, 100|4, 56, N/A, 44.24, 0|5, 66, N/A, 186.65, 100|6, 36, N/A, 28.02, 0|
15:26:30 0, 57, N/A, 42.29, 0|1, 59, N/A, 160.69, 100|2, 61, N/A, 54.56, 93|3, 61, N/A, 179.89, 0|4, 57, N/A, 44.70, 0|5, 65, N/A, 188.11, 100|6, 36, N/A, 28.00, 0|
15:26:32 0, 58, N/A, 141.82, 100|1, 57, N/A, 47.71, 0|2, 62, N/A, 193.94, 100|3, 60, N/A, 44.48, 0|4, 60, N/A, 187.00, 100|5, 62, N/A, 44.49, 0|6, 36, N/A, 28.02, 0|
15:26:35 0, 55, N/A, 42.05, 4|1, 61, N/A, 164.76, 100|2, 58, N/A, 50.14, 0|3, 62, N/A, 45.93, 35|4, 58, N/A, 184.55, 91|5, 63, N/A, 45.72, 4|6, 36, N/A, 27.77, 0|
15:26:37 0, 56, N/A, 41.78, 0|1, 61, N/A, 166.46, 100|2, 59, N/A, 52.13, 0|3, 62, N/A, 170.22, 100|4, 56, N/A, 44.70, 0|5, 66, N/A, 188.60, 100|6, 37, N/A, 28.00, 0|
15:26:39 0, 60, N/A, 136.92, 100|1, 57, N/A, 47.46, 0|2, 61, N/A, 56.07, 94|3, 61, N/A, 135.94, 0|4, 59, N/A, 48.39, 100|5, 63, N/A, 180.78, 0|6, 36, N/A, 28.00, 0|
15:26:41 0, 59, N/A, 154.82, 100|1, 59, N/A, 48.45, 0|2, 61, N/A, 161.10, 100|3, 61, N/A, 44.70, 0|4, 59, N/A, 171.08, 100|5, 62, N/A, 44.98, 0|6, 36, N/A, 28.02, 0|
15:26:43 0, 56, N/A, 41.83, 0|1, 62, N/A, 158.35, 100|2, 58, N/A, 51.65, 0|3, 63, N/A, 145.08, 100|4, 56, N/A, 44.51, 0|5, 64, N/A, 46.24, 0|6, 37, N/A, 28.03, 0|
15:26:45 0, 57, N/A, 42.57, 0|1, 60, N/A, 166.18, 100|2, 59, N/A, 52.38, 0|3, 63, N/A, 146.31, 100|4, 57, N/A, 45.22, 0|5, 65, N/A, 169.73, 100|6, 36, N/A, 28.02, 0|
15:26:47 0, 60, N/A, 179.47, 100|1, 58, N/A, 47.74, 0|2, 62, N/A, 163.40, 100|3, 60, N/A, 44.24, 0|4, 60, N/A, 151.54, 100|5, 62, N/A, 44.51, 0|6, 36, N/A, 28.02, 0|
15:26:49 0, 55, N/A, 41.34, 0|1, 59, N/A, 48.72, 0|2, 61, N/A, 198.97, 100|3, 63, N/A, 47.71, 100|4, 56, N/A, 142.50, 0|5, 63, N/A, 45.28, 0|6, 36, N/A, 28.03, 0|
15:26:51 0, 56, N/A, 41.81, 0|1, 60, N/A, 194.76, 100|2, 58, N/A, 51.40, 0|3, 63, N/A, 180.84, 100|4, 56, N/A, 44.49, 0|5, 65, N/A, 153.90, 100|6, 36, N/A, 28.02, 0|
15:26:53 0, 57, N/A, 43.28, 54|1, 58, N/A, 190.27, 39|2, 62, N/A, 198.58, 100|3, 59, N/A, 43.72, 0|4, 57, N/A, 45.22, 0|5, 64, N/A, 181.35, 100|6, 36, N/A, 28.00, 0|
15:26:55 0, 57, N/A, 175.70, 87|1, 57, N/A, 47.46, 12|2, 61, N/A, 203.49, 100|3, 60, N/A, 44.70, 13|4, 58, N/A, 152.12, 100|5, 61, N/A, 44.49, 0|6, 36, N/A, 28.02, 0|
15:26:57 0, 55, N/A, 41.29, 0|1, 60, N/A, 192.81, 100|2, 57, N/A, 50.63, 0|3, 63, N/A, 182.69, 100|4, 55, N/A, 43.74, 0|5, 65, N/A, 63.87, 100|6, 36, N/A, 28.02, 0|
15:27:00 0, 55, N/A, 42.03, 0|1, 59, N/A, 166.71, 100|2, 59, N/A, 52.35, 40|3, 61, N/A, 179.52, 100|4, 55, N/A, 44.46, 10|5, 65, N/A, 186.40, 100|6, 36, N/A, 28.00, 0|
15:27:02 0, 57, N/A, 141.57, 100|1, 56, N/A, 46.72, 0|2, 60, N/A, 195.65, 100|3, 59, N/A, 43.72, 0|4, 59, N/A, 188.11, 100|5, 61, N/A, 43.99, 0|6, 36, N/A, 28.00, 0|
15:27:04 0, 54, N/A, 96.18, 0|1, 59, N/A, 55.05, 100|2, 56, N/A, 188.42, 0|3, 60, N/A, 44.95, 0|4, 57, N/A, 185.18, 49|5, 62, N/A, 44.98, 10|6, 36, N/A, 28.02, 0|
15:27:06 0, 55, N/A, 41.29, 0|1, 59, N/A, 186.94, 100|2, 57, N/A, 50.88, 0|3, 61, N/A, 142.05, 100|4, 55, N/A, 43.97, 0|5, 64, N/A, 185.91, 100|6, 36, N/A, 28.00, 0|
15:27:08 0, 58, N/A, 158.23, 100|1, 55, N/A, 46.48, 0|2, 60, N/A, 177.52, 100|3, 58, N/A, 43.50, 0|4, 58, N/A, 53.79, 100|5, 61, N/A, 170.72, 0|6, 36, N/A, 28.02, 0|
15:27:10 0, 54, N/A, 41.58, 0|1, 57, N/A, 47.71, 0|2, 59, N/A, 166.99, 100|3, 59, N/A, 43.99, 0|4, 57, N/A, 157.66, 100|5, 61, N/A, 44.02, 0|6, 36, N/A, 28.02, 0|
15:27:12 0, 53, N/A, 35.44, 0|1, 55, N/A, 45.77, 0|2, 56, N/A, 50.70, 0|3, 62, N/A, 157.82, 100|4, 54, N/A, 43.78, 0|5, 62, N/A, 46.24, 43|6, 36, N/A, 28.03, 0|
15:27:14 0, 52, N/A, 35.19, 0|1, 53, N/A, 39.40, 0|2, 55, N/A, 42.08, 0|3, 58, N/A, 43.26, 0|4, 56, N/A, 44.76, 0|5, 63, N/A, 186.63, 100|6, 36, N/A, 28.03, 0|
15:27:16 0, 57, N/A, 178.50, 100|1, 53, N/A, 39.15, 0|2, 54, N/A, 41.83, 0|3, 57, N/A, 37.38, 0|4, 54, N/A, 43.53, 0|5, 60, N/A, 44.05, 0|6, 36, N/A, 28.03, 0|
15:27:18 0, 53, N/A, 40.60, 0|1, 56, N/A, 47.00, 0|2, 56, N/A, 187.84, 100|3, 57, N/A, 36.89, 0|4, 53, N/A, 37.16, 0|5, 59, N/A, 38.15, 0|6, 36, N/A, 28.03, 0|
15:27:20 0, 52, N/A, 40.36, 0|1, 54, N/A, 45.31, 0|2, 55, N/A, 48.98, 0|3, 61, N/A, 179.77, 100|4, 53, N/A, 36.91, 0|5, 59, N/A, 37.90, 0|6, 36, N/A, 28.03, 0|
15:27:22 0, 52, N/A, 40.36, 0|1, 53, N/A, 45.06, 0|2, 54, N/A, 48.51, 0|3, 57, N/A, 42.79, 0|4, 55, N/A, 44.76, 6|5, 61, N/A, 176.00, 90|6, 36, N/A, 27.79, 0|
15:27:25 0, 53, N/A, 70.84, 13|1, 53, N/A, 151.34, 15|2, 54, N/A, 49.74, 25|3, 57, N/A, 43.07, 16|4, 54, N/A, 43.81, 13|5, 61, N/A, 46.30, 18|6, 36, N/A, 27.81, 0|
15:27:27 0, 52, N/A, 40.88, 13|1, 53, N/A, 45.58, 15|2, 55, N/A, 49.99, 16|3, 57, N/A, 44.54, 21|4, 54, N/A, 48.24, 19|5, 61, N/A, 95.10, 18|6, 36, N/A, 28.05, 0|
15:27:29 0, 52, N/A, 41.37, 13|1, 53, N/A, 46.57, 17|2, 55, N/A, 56.15, 16|3, 57, N/A, 77.43, 17|4, 53, N/A, 146.37, 13|5, 60, N/A, 45.80, 27|6, 36, N/A, 27.81, 0|
15:27:31 0, 52, N/A, 46.30, 13|1, 53, N/A, 80.00, 16|2, 55, N/A, 160.94, 16|3, 57, N/A, 43.09, 16|4, 53, N/A, 43.34, 13|5, 60, N/A, 44.33, 18|6, 36, N/A, 27.81, 0|
15:27:33 0, 52, N/A, 136.23, 13|1, 53, N/A, 45.34, 15|2, 54, N/A, 49.53, 25|3, 57, N/A, 43.31, 16|4, 53, N/A, 44.33, 13|5, 60, N/A, 51.96, 18|6, 36, N/A, 28.07, 0|
15:27:35 0, 52, N/A, 40.88, 13|1, 53, N/A, 45.58, 15|2, 54, N/A, 50.49, 16|3, 57, N/A, 47.50, 19|4, 53, N/A, 61.25, 22|5, 59, N/A, 160.42, 18|6, 36, N/A, 28.05, 0|
15:27:37 0, 52, N/A, 41.64, 13|1, 53, N/A, 49.50, 22|2, 54, N/A, 76.06, 16|3, 57, N/A, 152.62, 19|4, 53, N/A, 74.24, 13|5, 59, N/A, 43.83, 27|6, 36, N/A, 28.06, 0|
15:27:39 0, 53, N/A, 60.06, 13|1, 53, N/A, 159.54, 16|2, 54, N/A, 84.62, 16|3, 56, N/A, 42.58, 16|4, 53, N/A, 43.34, 13|5, 59, N/A, 45.07, 18|6, 36, N/A, 28.07, 0|
15:27:41 0, 52, N/A, 54.88, 13|1, 52, N/A, 45.34, 15|2, 54, N/A, 49.50, 24|3, 56, N/A, 43.56, 16|4, 53, N/A, 46.02, 13|5, 60, N/A, 66.42, 18|6, 36, N/A, 28.05, 0|
15:27:43 0, 52, N/A, 40.90, 13|1, 53, N/A, 45.83, 15|2, 54, N/A, 52.45, 16|3, 56, N/A, 59.52, 18|4, 52, N/A, 113.89, 22|5, 59, N/A, 114.92, 18|6, 36, N/A, 28.05, 0|
15:27:45 0, 52, N/A, 42.85, 13|1, 53, N/A, 56.64, 21|2, 54, N/A, 118.19, 16|3, 56, N/A, 112.40, 17|4, 52, N/A, 43.10, 13|5, 59, N/A, 43.59, 28|6, 36, N/A, 28.05, 0|
15:27:48 0, 52, N/A, 82.40, 13|1, 52, N/A, 134.99, 16|2, 53, N/A, 49.01, 16|3, 56, N/A, 42.58, 16|4, 53, N/A, 43.34, 13|5, 59, N/A, 45.80, 18|6, 36, N/A, 27.81, 0|
15:27:50 0, 52, N/A, 40.63, 13|1, 52, N/A, 45.09, 15|2, 53, N/A, 49.53, 23|3, 56, N/A, 44.05, 16|4, 53, N/A, 49.47, 13|5, 59, N/A, 105.67, 18|6, 36, N/A, 28.05, 0|
15:27:52 0, 51, N/A, 40.88, 18|1, 52, N/A, 46.30, 15|2, 53, N/A, 58.12, 16|3, 56, N/A, 92.12, 25|4, 52, N/A, 133.38, 21|5, 59, N/A, 43.59, 18|6, 36, N/A, 28.05, 0|
15:27:54 0, 52, N/A, 48.51, 13|1, 52, N/A, 92.00, 25|2, 53, N/A, 146.29, 16|3, 55, N/A, 42.58, 16|4, 52, N/A, 43.07, 13|5, 59, N/A, 43.83, 28|6, 36, N/A, 28.05, 0|
15:27:56 0, 51, N/A, 132.86, 13|1, 52, N/A, 44.85, 15|2, 53, N/A, 48.79, 15|3, 55, N/A, 42.58, 16|4, 52, N/A, 43.58, 13|5, 59, N/A, 49.74, 18|6, 36, N/A, 27.83, 0|
15:27:58 0, 51, N/A, 35.24, 14|1, 52, N/A, 45.09, 15|2, 53, N/A, 50.98, 23|3, 55, N/A, 53.65, 16|4, 53, N/A, 90.43, 13|5, 58, N/A, 135.16, 18|6, 36, N/A, 28.05, 0|
15:28:00 0, 51, N/A, 88.56, 14|1, 51, N/A, 89.05, 16|2, 52, N/A, 41.40, 23|3, 55, N/A, 42.36, 16|4, 52, N/A, 43.10, 13|5, 58, N/A, 46.79, 18|6, 36, N/A, 28.07, 0|
15:28:02 0, 51, N/A, 39.92, 14|1, 51, N/A, 72.36, 18|2, 52, N/A, 116.24, 17|3, 55, N/A, 36.45, 17|4, 52, N/A, 42.85, 13|5, 58, N/A, 43.86, 19|6, 36, N/A, 28.07, 0|
15:28:04 0, 51, N/A, 41.89, 14|1, 51, N/A, 89.54, 16|2, 52, N/A, 101.98, 17|3, 54, N/A, 36.44, 17|4, 51, N/A, 37.19, 14|5, 58, N/A, 38.19, 20|6, 36, N/A, 28.07, 0|
15:28:06 0, 50, N/A, 97.60, 14|1, 50, N/A, 78.47, 19|2, 51, N/A, 40.66, 17|3, 54, N/A, 36.45, 17|4, 51, N/A, 37.19, 14|5, 58, N/A, 40.90, 22|6, 36, N/A, 28.07, 0|
15:28:08 0, 50, N/A, 34.74, 14|1, 50, N/A, 38.19, 16|2, 51, N/A, 40.66, 19|3, 54, N/A, 36.92, 17|4, 51, N/A, 39.89, 14|5, 58, N/A, 76.99, 20|6, 36, N/A, 27.81, 0|
15:28:10 0, 50, N/A, 34.99, 14|1, 50, N/A, 38.19, 16|2, 51, N/A, 41.65, 17|3, 54, N/A, 43.31, 17|4, 51, N/A, 70.85, 14|5, 57, N/A, 110.76, 19|6, 36, N/A, 28.07, 0|
15:28:13 0, 50, N/A, 35.24, 14|1, 50, N/A, 40.41, 19|2, 51, N/A, 55.17, 17|3, 54, N/A, 122.63, 17|4, 51, N/A, 46.76, 14|5, 57, N/A, 37.46, 22|6, 36, N/A, 28.07, 0|
15:28:15 0, 51, N/A, 38.93, 14|1, 50, N/A, 63.01, 16|2, 51, N/A, 123.78, 19|3, 54, N/A, 36.20, 17|4, 51, N/A, 36.69, 14|5, 57, N/A, 37.70, 20|6, 37, N/A, 28.06, 0|
15:28:17 0, 50, N/A, 78.97, 14|1, 50, N/A, 98.10, 16|2, 51, N/A, 40.41, 17|3, 54, N/A, 36.45, 17|4, 51, N/A, 37.19, 14|5, 57, N/A, 39.92, 20|6, 36, N/A, 28.07, 0|
15:28:19 0, 50, N/A, 34.74, 14|1, 50, N/A, 38.19, 19|2, 51, N/A, 40.41, 17|3, 54, N/A, 36.69, 17|4, 51, N/A, 39.40, 14|5, 58, N/A, 61.78, 22|6, 37, N/A, 27.81, 0|
15:28:21 0, 50, N/A, 34.99, 14|1, 50, N/A, 38.19, 16|2, 51, N/A, 41.40, 19|3, 54, N/A, 41.59, 17|4, 51, N/A, 61.01, 14|5, 57, N/A, 119.35, 20|6, 37, N/A, 28.06, 0|
15:28:23 0, 50, N/A, 34.99, 14|1, 50, N/A, 39.43, 16|2, 51, N/A, 50.02, 17|3, 54, N/A, 99.44, 17|4, 51, N/A, 84.08, 17|5, 57, N/A, 37.46, 20|6, 37, N/A, 28.07, 0|
15:28:25 0, 50, N/A, 36.96, 14|1, 51, N/A, 53.44, 19|2, 51, N/A, 130.91, 17|3, 54, N/A, 49.47, 17|4, 51, N/A, 36.94, 14|5, 57, N/A, 37.45, 22|6, 37, N/A, 28.06, 0|
15:28:27 0, 51, N/A, 60.58, 14|1, 50, N/A, 117.03, 16|2, 51, N/A, 40.41, 19|3, 54, N/A, 36.20, 17|4, 51, N/A, 36.69, 14|5, 58, N/A, 38.69, 19|6, 37, N/A, 28.07, 0|
15:28:29 0, 50, N/A, 66.46, 14|1, 50, N/A, 38.19, 16|2, 51, N/A, 40.41, 16|3, 54, N/A, 36.69, 18|4, 51, N/A, 37.92, 17|5, 58, N/A, 50.98, 20|6, 37, N/A, 28.07, 0|
15:28:31 0, 50, N/A, 34.99, 14|1, 50, N/A, 38.19, 16|2, 51, N/A, 40.91, 17|3, 54, N/A, 39.87, 17|4, 51, N/A, 53.41, 14|5, 57, N/A, 127.08, 23|6, 37, N/A, 28.30, 0|
15:28:33 0, 50, N/A, 34.99, 14|1, 50, N/A, 39.18, 16|2, 51, N/A, 47.81, 17|3, 54, N/A, 84.76, 17|4, 51, N/A, 95.58, 14|5, 57, N/A, 37.46, 19|6, 37, N/A, 28.07, 0|
15:28:35 0, 51, N/A, 36.47, 17|1, 51, N/A, 48.29, 16|2, 51, N/A, 97.12, 17|3, 54, N/A, 87.71, 20|4, 51, N/A, 36.69, 17|5, 57, N/A, 37.70, 20|6, 37, N/A, 28.32, 0|
15:28:38 0, 51, N/A, 48.76, 14|1, 51, N/A, 120.88, 16|2, 51, N/A, 73.31, 17|3, 54, N/A, 36.20, 17|4, 51, N/A, 36.69, 14|5, 57, N/A, 38.19, 20|6, 37, N/A, 28.07, 0|
15:28:40 0, 50, N/A, 103.21, 14|1, 50, N/A, 38.19, 16|2, 51, N/A, 40.41, 17|3, 54, N/A, 36.45, 17|4, 51, N/A, 37.43, 14|5, 58, N/A, 45.32, 20|6, 37, N/A, 28.32, 0|
15:28:42 0, 50, N/A, 34.99, 16|1, 50, N/A, 38.19, 16|2, 51, N/A, 40.66, 17|3, 54, N/A, 38.88, 19|4, 51, N/A, 48.98, 14|5, 58, N/A, 136.15, 20|6, 37, N/A, 28.32, 0|
15:28:44 0, 50, N/A, 34.99, 14|1, 51, N/A, 38.93, 16|2, 52, N/A, 45.80, 17|3, 54, N/A, 70.31, 17|4, 51, N/A, 108.97, 14|5, 57, N/A, 37.45, 20|6, 37, N/A, 28.30, 0|
15:28:46 0, 51, N/A, 36.47, 14|1, 51, N/A, 49.04, 16|2, 51, N/A, 117.78, 19|3, 54, N/A, 71.79, 17|4, 51, N/A, 36.71, 14|5, 58, N/A, 37.70, 20|6, 37, N/A, 28.32, 0|
15:28:48 0, 51, N/A, 52.45, 14|1, 51, N/A, 124.09, 16|2, 51, N/A, 40.41, 17|3, 54, N/A, 36.20, 19|4, 51, N/A, 36.69, 14|5, 58, N/A, 38.44, 20|6, 37, N/A, 28.32, 0|
15:28:50 0, 50, N/A, 84.62, 14|1, 50, N/A, 38.19, 16|2, 51, N/A, 40.41, 17|3, 54, N/A, 36.45, 17|4, 51, N/A, 37.43, 14|5, 58, N/A, 48.03, 20|6, 37, N/A, 28.32, 0|
15:28:52 0, 51, N/A, 34.99, 14|1, 51, N/A, 38.44, 16|2, 51, N/A, 40.90, 17|3, 54, N/A, 39.15, 17|4, 51, N/A, 50.46, 14|5, 58, N/A, 130.26, 20|6, 37, N/A, 28.30, 0|
15:28:54 0, 51, N/A, 35.24, 14|1, 51, N/A, 39.20, 16|2, 52, N/A, 47.81, 17|3, 54, N/A, 84.81, 18|4, 51, N/A, 104.18, 16|5, 58, N/A, 37.46, 19|6, 37, N/A, 28.32, 0|
15:28:56 0, 51, N/A, 37.21, 14|1, 51, N/A, 54.18, 16|2, 51, N/A, 131.15, 17|3, 54, N/A, 61.74, 17|4, 51, N/A, 36.71, 14|5, 58, N/A, 37.95, 20|6, 37, N/A, 28.32, 0|
15:28:58 0, 51, N/A, 57.38, 14|1, 51, N/A, 118.93, 16|2, 51, N/A, 40.41, 19|3, 54, N/A, 36.20, 17|4, 51, N/A, 36.69, 14|5, 58, N/A, 38.69, 19|6, 37, N/A, 28.32, 0|
15:29:00 0, 51, N/A, 80.69, 14|1, 50, N/A, 38.19, 16|2, 51, N/A, 40.41, 17|3, 54, N/A, 36.45, 17|4, 51, N/A, 37.92, 17|5, 58, N/A, 50.49, 20|6, 37, N/A, 28.32, 0|
15:29:03 0, 51, N/A, 34.99, 14|1, 51, N/A, 38.19, 19|2, 51, N/A, 40.91, 17|3, 54, N/A, 38.91, 17|4, 51, N/A, 50.46, 14|5, 58, N/A, 130.76, 22|6, 38, N/A, 28.30, 0|
15:29:05 0, 51, N/A, 34.99, 14|1, 51, N/A, 38.93, 16|2, 51, N/A, 46.08, 19|3, 54, N/A, 72.03, 17|4, 51, N/A, 110.50, 14|5, 58, N/A, 37.70, 20|6, 38, N/A, 28.30, 0|
15:29:07 0, 51, N/A, 36.47, 14|1, 51, N/A, 48.27, 16|2, 51, N/A, 109.15, 17|3, 54, N/A, 81.12, 18|4, 51, N/A, 36.94, 17|5, 58, N/A, 37.70, 20|6, 38, N/A, 28.32, 0|
15:29:09 0, 51, N/A, 52.45, 14|1, 51, N/A, 123.35, 19|2, 51, N/A, 48.76, 17|3, 54, N/A, 36.20, 17|4, 51, N/A, 36.71, 14|5, 58, N/A, 38.44, 22|6, 38, N/A, 28.32, 0|
15:29:11 0, 51, N/A, 86.59, 14|1, 50, N/A, 38.22, 16|2, 51, N/A, 40.66, 19|3, 54, N/A, 36.45, 17|4, 51, N/A, 37.92, 14|5, 58, N/A, 49.75, 20|6, 38, N/A, 28.32, 0|
15:29:13 0, 51, N/A, 34.99, 14|1, 51, N/A, 38.21, 16|2, 51, N/A, 40.91, 17|3, 54, N/A, 38.66, 17|4, 52, N/A, 47.99, 17|5, 58, N/A, 132.72, 20|6, 38, N/A, 28.32, 0|
15:29:15 0, 51, N/A, 34.99, 14|1, 51, N/A, 39.18, 19|2, 51, N/A, 47.07, 17|3, 54, N/A, 76.94, 17|4, 51, N/A, 104.37, 14|5, 58, N/A, 37.70, 22|6, 38, N/A, 28.32, 0|
15:29:17 0, 51, N/A, 36.96, 14|1, 51, N/A, 51.72, 16|2, 51, N/A, 132.13, 19|3, 54, N/A, 51.93, 17|4, 51, N/A, 36.69, 14|5, 58, N/A, 37.70, 20|6, 38, N/A, 28.32, 0|
15:29:19 0, 51, N/A, 68.92, 14|1, 51, N/A, 105.23, 16|2, 51, N/A, 40.41, 17|3, 54, N/A, 36.20, 17|4, 51, N/A, 36.94, 16|5, 58, N/A, 39.18, 20|6, 38, N/A, 28.32, 0|
15:29:21 0, 51, N/A, 56.12, 14|1, 51, N/A, 38.19, 19|2, 51, N/A, 40.41, 17|3, 54, N/A, 36.69, 17|4, 51, N/A, 38.42, 14|5, 58, N/A, 54.88, 22|6, 38, N/A, 28.30, 0|
15:29:23 0, 51, N/A, 34.99, 14|1, 51, N/A, 38.44, 16|2, 51, N/A, 41.40, 19|3, 54, N/A, 42.58, 17|4, 51, N/A, 67.40, 14|5, 58, N/A, 115.11, 20|6, 38, N/A, 28.32, 0|
15:29:25 0, 51, N/A, 35.48, 14|1, 51, N/A, 40.66, 16|2, 52, N/A, 57.13, 17|3, 54, N/A, 121.40, 17|4, 51, N/A, 58.05, 14|5, 58, N/A, 37.70, 20|6, 38, N/A, 28.32, 0|
15:29:28 0, 51, N/A, 39.92, 16|1, 51, N/A, 74.58, 16|2, 51, N/A, 114.57, 17|3, 54, N/A, 36.20, 18|4, 51, N/A, 36.69, 14|5, 58, N/A, 38.19, 20|6, 38, N/A, 28.32, 0|
15:29:30 0, 51, N/A, 114.25, 14|1, 51, N/A, 68.92, 16|2, 51, N/A, 40.41, 17|3, 54, N/A, 36.20, 17|4, 51, N/A, 36.94, 14|5, 58, N/A, 41.15, 20|6, 38, N/A, 28.32, 0|
15:29:32 0, 51, N/A, 34.99, 14|1, 51, N/A, 38.44, 16|2, 51, N/A, 40.66, 17|3, 54, N/A, 37.90, 17|4, 51, N/A, 43.81, 14|5, 58, N/A, 107.81, 20|6, 38, N/A, 28.30, 0|
15:29:34 0, 51, N/A, 35.24, 16|1, 51, N/A, 38.93, 16|2, 52, N/A, 44.11, 17|3, 54, N/A, 59.03, 20|4, 51, N/A, 118.72, 14|5, 58, N/A, 41.13, 20|6, 38, N/A, 28.30, 0|
15:29:36 0, 51, N/A, 36.47, 14|1, 51, N/A, 47.06, 16|2, 52, N/A, 100.86, 17|3, 54, N/A, 80.39, 17|4, 51, N/A, 36.94, 14|5, 58, N/A, 37.95, 21|6, 38, N/A, 28.32, 0|
15:29:38 0, 51, N/A, 58.61, 14|1, 51, N/A, 117.77, 16|2, 51, N/A, 40.41, 17|3, 54, N/A, 36.20, 17|4, 51, N/A, 36.96, 14|5, 58, N/A, 38.93, 20|6, 38, N/A, 28.32, 0|
15:29:40 0, 51, N/A, 47.04, 14|1, 51, N/A, 38.19, 16|2, 51, N/A, 40.41, 17|3, 54, N/A, 36.69, 17|4, 51, N/A, 38.42, 14|5, 59, N/A, 59.81, 19|6, 38, N/A, 28.32, 0|
15:29:42 0, 51, N/A, 34.99, 14|1, 51, N/A, 38.44, 19|2, 52, N/A, 41.65, 17|3, 54, N/A, 44.05, 17|4, 51, N/A, 73.27, 14|5, 58, N/A, 109.53, 22|6, 38, N/A, 28.32, 0|
15:29:44 0, 51, N/A, 35.48, 14|1, 51, N/A, 41.40, 16|2, 52, N/A, 61.07, 19|3, 54, N/A, 118.53, 17|4, 51, N/A, 36.69, 14|5, 58, N/A, 37.95, 20|6, 38, N/A, 28.30, 0|
15:29:46 0, 51, N/A, 44.11, 14|1, 51, N/A, 94.71, 16|2, 51, N/A, 91.71, 17|3, 54, N/A, 36.20, 17|4, 51, N/A, 36.94, 17|5, 58, N/A, 37.95, 20|6, 38, N/A, 28.32, 0|
15:29:48 0, 51, N/A, 116.16, 14|1, 51, N/A, 54.67, 19|2, 51, N/A, 40.41, 17|3, 54, N/A, 36.45, 17|4, 52, N/A, 37.68, 14|5, 58, N/A, 42.63, 22|6, 38, N/A, 28.30, 0|
15:29:51 0, 51, N/A, 34.99, 14|1, 51, N/A, 38.44, 16|2, 51, N/A, 40.66, 19|3, 54, N/A, 37.68, 17|4, 52, N/A, 43.59, 14|5, 58, N/A, 120.83, 20|6, 38, N/A, 28.32, 0|
15:29:53 0, 51, N/A, 34.99, 14|1, 51, N/A, 38.96, 16|2, 52, N/A, 45.34, 17|3, 54, N/A, 67.15, 17|4, 51, N/A, 113.96, 16|5, 58, N/A, 37.46, 20|6, 38, N/A, 28.32, 0|
15:29:55 0, 51, N/A, 36.96, 16|1, 51, N/A, 51.22, 16|2, 51, N/A, 129.44, 17|3, 54, N/A, 58.29, 18|4, 51, N/A, 36.94, 14|5, 58, N/A, 37.95, 20|6, 38, N/A, 28.32, 0|
15:29:57 0, 51, N/A, 68.18, 14|1, 51, N/A, 107.93, 16|2, 51, N/A, 40.41, 17|3, 54, N/A, 36.20, 17|4, 51, N/A, 36.94, 14|5, 58, N/A, 39.43, 20|6, 38, N/A, 28.32, 0|
15:29:59 0, 51, N/A, 34.99, 14|1, 51, N/A, 38.19, 16|2, 51, N/A, 40.66, 17|3, 54, N/A, 36.69, 17|4, 52, N/A, 38.66, 15|5, 58, N/A, 59.81, 20|6, 38, N/A, 28.30, 0|
15:30:01 0, 51, N/A, 35.24, 16|1, 51, N/A, 38.44, 16|2, 51, N/A, 41.40, 17|3, 54, N/A, 42.83, 19|4, 52, N/A, 67.16, 14|5, 58, N/A, 112.97, 20|6, 38, N/A, 28.30, 0|
15:30:03 0, 51, N/A, 35.48, 14|1, 51, N/A, 40.66, 16|2, 52, N/A, 54.42, 17|3, 54, N/A, 121.72, 17|4, 51, N/A, 52.67, 14|5, 58, N/A, 37.70, 20|6, 38, N/A, 28.32, 0|
15:30:05 0, 51, N/A, 34.99, 0|1, 50, N/A, 37.97, 0|2, 51, N/A, 40.17, 0|3, 54, N/A, 35.95, 0|4, 51, N/A, 36.45, 0|5, 58, N/A, 37.21, 0|6, 38, N/A, 28.32, 0|
15:30:07 0, 50, N/A, 34.74, 0|1, 50, N/A, 37.70, 0|2, 50, N/A, 39.92, 0|3, 53, N/A, 35.95, 0|4, 51, N/A, 36.45, 0|5, 57, N/A, 37.21, 0|6, 38, N/A, 28.55, 0|
15:30:09 0, 51, N/A, 111.30, 8|1, 50, N/A, 40.38, 8|2, 51, N/A, 47.77, 16|3, 54, N/A, 41.59, 3|4, 51, N/A, 36.67, 17|5, 58, N/A, 39.65, 4|6, 38, N/A, 28.30, 0|
15:30:11 0, 51, N/A, 40.14, 0|1, 51, N/A, 44.08, 0|2, 53, N/A, 49.00, 3|3, 55, N/A, 168.68, 67|4, 51, N/A, 36.42, 0|5, 57, N/A, 37.19, 0|6, 39, N/A, 28.30, 0|
15:30:13 0, 51, N/A, 35.69, 16|1, 51, N/A, 40.14, 16|2, 52, N/A, 52.42, 14|3, 54, N/A, 49.68, 16|4, 52, N/A, 59.49, 14|5, 59, N/A, 107.00, 21|6, 39, N/A, 28.53, 0|
15:30:16 0, 51, N/A, 99.27, 16|1, 51, N/A, 66.41, 15|2, 51, N/A, 41.37, 17|3, 54, N/A, 43.07, 16|4, 52, N/A, 39.13, 17|5, 59, N/A, 52.42, 21|6, 39, N/A, 28.30, 0|
15:30:18 0, 51, N/A, 99.32, 16|1, 51, N/A, 62.51, 12|2, 51, N/A, 41.40, 17|3, 54, N/A, 43.07, 16|4, 52, N/A, 39.40, 17|5, 59, N/A, 51.47, 21|6, 39, N/A, 28.55, 0|
15:30:20 0, 55, N/A, 150.61, 100|1, 53, N/A, 159.92, 100|2, 51, N/A, 40.14, 0|3, 54, N/A, 41.59, 0|4, 51, N/A, 36.67, 0|5, 58, N/A, 42.85, 0|6, 39, N/A, 28.30, 0|
15:30:22 0, 54, N/A, 42.33, 90|1, 53, N/A, 182.52, 1|2, 53, N/A, 47.99, 0|3, 57, N/A, 51.61, 100|4, 54, N/A, 181.97, 100|5, 58, N/A, 175.46, 0|6, 39, N/A, 28.28, 0|
15:30:24 0, 52, N/A, 158.37, 0|1, 51, N/A, 44.32, 0|2, 52, N/A, 47.77, 2|3, 55, N/A, 42.06, 0|4, 53, N/A, 43.78, 0|5, 60, N/A, 45.28, 83|6, 39, N/A, 28.28, 0|
15:30:26 0, 52, N/A, 40.36, 0|1, 52, N/A, 44.79, 0|2, 53, N/A, 48.97, 44|3, 56, N/A, 152.68, 34|4, 52, N/A, 42.79, 0|5, 58, N/A, 43.04, 0|6, 39, N/A, 28.53, 0|
15:30:28 0, 52, N/A, 47.47, 15|1, 52, N/A, 57.55, 15|2, 52, N/A, 80.63, 16|3, 55, N/A, 94.96, 16|4, 53, N/A, 120.54, 16|5, 60, N/A, 48.20, 21|6, 39, N/A, 28.53, 0|
15:30:30 0, 53, N/A, 44.05, 15|1, 52, N/A, 51.43, 15|2, 53, N/A, 64.69, 16|3, 55, N/A, 72.42, 16|4, 53, N/A, 112.08, 16|5, 59, N/A, 104.79, 21|6, 39, N/A, 28.53, 0|
15:30:32 0, 52, N/A, 43.09, 15|1, 52, N/A, 49.00, 15|2, 53, N/A, 59.56, 16|3, 55, N/A, 61.70, 16|4, 53, N/A, 87.22, 16|5, 59, N/A, 131.88, 21|6, 39, N/A, 28.53, 0|
15:30:34 0, 56, N/A, 171.50, 100|1, 54, N/A, 187.18, 100|2, 52, N/A, 48.72, 0|3, 54, N/A, 41.83, 0|4, 52, N/A, 42.82, 0|5, 59, N/A, 43.09, 0|6, 39, N/A, 28.55, 0|
15:30:36 0, 56, N/A, 69.07, 100|1, 52, N/A, 137.90, 0|2, 53, N/A, 49.46, 0|3, 57, N/A, 43.28, 23|4, 56, N/A, 153.77, 97|5, 60, N/A, 153.77, 99|6, 39, N/A, 28.28, 0|
15:30:38 0, 54, N/A, 147.23, 22|1, 53, N/A, 45.74, 0|2, 57, N/A, 208.63, 100|3, 56, N/A, 43.25, 51|4, 55, N/A, 184.19, 92|5, 59, N/A, 43.28, 0|6, 39, N/A, 28.51, 0|
15:30:41 0, 54, N/A, 40.82, 0|1, 56, N/A, 173.82, 100|2, 55, N/A, 50.90, 60|3, 57, N/A, 179.13, 100|4, 54, N/A, 43.75, 0|5, 60, N/A, 44.51, 0|6, 39, N/A, 28.51, 0|
15:30:43 0, 57, N/A, 166.72, 100|1, 55, N/A, 46.48, 0|2, 56, N/A, 199.32, 92|3, 56, N/A, 42.49, 0|4, 56, N/A, 45.22, 69|5, 61, N/A, 188.19, 6|6, 39, N/A, 28.51, 0|
15:30:45 0, 56, N/A, 42.05, 34|1, 55, N/A, 151.63, 50|2, 55, N/A, 48.20, 0|3, 59, N/A, 45.19, 75|4, 56, N/A, 142.65, 0|5, 62, N/A, 147.38, 100|6, 39, N/A, 28.49, 0|
15:30:47 0, 56, N/A, 154.58, 8|1, 55, N/A, 46.01, 0|2, 58, N/A, 80.13, 100|3, 57, N/A, 130.48, 0|4, 57, N/A, 155.63, 100|5, 60, N/A, 43.75, 0|6, 39, N/A, 28.51, 0|
15:30:49 0, 55, N/A, 41.59, 0|1, 57, N/A, 163.99, 100|2, 56, N/A, 50.20, 7|3, 59, N/A, 168.49, 100|4, 55, N/A, 44.02, 0|5, 61, N/A, 45.01, 42|6, 39, N/A, 28.53, 0|
15:30:51 0, 58, N/A, 150.64, 100|1, 56, N/A, 47.21, 0|2, 57, N/A, 192.33, 100|3, 57, N/A, 43.23, 0|4, 57, N/A, 46.69, 71|5, 62, N/A, 148.03, 0|6, 39, N/A, 28.51, 0|
15:30:53 0, 56, N/A, 42.05, 0|1, 57, N/A, 193.30, 100|2, 56, N/A, 49.92, 0|3, 60, N/A, 176.21, 100|4, 56, N/A, 44.73, 0|5, 63, N/A, 147.05, 96|6, 39, N/A, 28.51, 0|
15:30:55 0, 55, N/A, 157.54, 1|1, 54, N/A, 45.53, 0|2, 55, N/A, 49.22, 2|3, 57, N/A, 42.77, 2|4, 56, N/A, 44.27, 2|5, 62, N/A, 45.01, 36|6, 39, N/A, 28.51, 0|
15:30:57 0, 54, N/A, 41.34, 0|1, 55, N/A, 45.77, 0|2, 56, N/A, 50.94, 61|3, 58, N/A, 141.83, 8|4, 55, N/A, 43.28, 0|5, 60, N/A, 43.29, 0|6, 39, N/A, 28.28, 0|
15:30:59 0, 54, N/A, 41.10, 19|1, 54, N/A, 49.46, 15|2, 55, N/A, 82.35, 16|3, 57, N/A, 111.58, 24|4, 55, N/A, 103.25, 17|5, 61, N/A, 45.25, 27|6, 39, N/A, 28.53, 0|
15:31:01 0, 54, N/A, 36.17, 17|1, 54, N/A, 40.11, 14|2, 54, N/A, 43.56, 18|3, 57, N/A, 45.72, 10|4, 55, N/A, 43.78, 17|5, 60, N/A, 70.80, 14|6, 39, N/A, 28.53, 0|
15:31:03 0, 54, N/A, 83.52, 17|1, 53, N/A, 39.87, 17|2, 54, N/A, 42.82, 18|3, 57, N/A, 44.73, 16|4, 55, N/A, 41.32, 16|5, 61, N/A, 57.55, 15|6, 39, N/A, 28.53, 0|
15:31:06 0, 53, N/A, 39.87, 0|1, 53, N/A, 43.56, 0|2, 54, N/A, 46.27, 0|3, 56, N/A, 42.30, 0|4, 54, N/A, 42.56, 0|5, 60, N/A, 43.56, 0|6, 39, N/A, 28.53, 0|
15:31:08 0, 53, N/A, 39.87, 0|1, 52, N/A, 43.31, 0|2, 53, N/A, 46.02, 0|3, 55, N/A, 41.81, 0|4, 53, N/A, 42.33, 0|5, 59, N/A, 42.82, 0|6, 39, N/A, 28.53, 0|
