=== 2026-08-16T23:56:59+09:00 before-bench ===
--- aws-gpu01 ---
0, 11906 MiB, 16384 MiB
1, 15516 MiB, 16384 MiB
2, 11690 MiB, 16384 MiB
3, 15516 MiB, 16384 MiB
4, 11906 MiB, 16384 MiB
5, 15516 MiB, 16384 MiB
6, 8616 MiB, 16384 MiB
--- aws-gpu02 ---
0, 15450 MiB, 16384 MiB
1, 15654 MiB, 16384 MiB
2, 12044 MiB, 16384 MiB
3, 11828 MiB, 12288 MiB
4, 12044 MiB, 16384 MiB
5, 11828 MiB, 12288 MiB
=== 2026-08-17T00:09:31+09:00 after-bench ===
--- aws-gpu01 ---
0, 12042 MiB, 16384 MiB
1, 15652 MiB, 16384 MiB
2, 11826 MiB, 16384 MiB
3, 15652 MiB, 16384 MiB
4, 12042 MiB, 16384 MiB
5, 15652 MiB, 16384 MiB
6, 8752 MiB, 16384 MiB
--- aws-gpu02 ---
0, 15450 MiB, 16384 MiB
1, 15654 MiB, 16384 MiB
2, 12044 MiB, 16384 MiB
3, 11828 MiB, 12288 MiB
4, 12044 MiB, 16384 MiB
5, 11828 MiB, 12288 MiB
