=== 2026-08-16T22:51:19+09:00 before-bench ===
--- aws-gpu01 ---
0, 11434 MiB, 16384 MiB
1, 14848 MiB, 16384 MiB
2, 11230 MiB, 16384 MiB
3, 14848 MiB, 16384 MiB
4, 11434 MiB, 16384 MiB
5, 14848 MiB, 16384 MiB
6, 8350 MiB, 16384 MiB
--- aws-gpu02 ---
0, 14666 MiB, 16384 MiB
1, 14848 MiB, 16384 MiB
2, 11434 MiB, 16384 MiB
3, 11230 MiB, 12288 MiB
4, 11434 MiB, 16384 MiB
5, 11230 MiB, 12288 MiB
=== 2026-08-16T23:03:02+09:00 after-bench ===
--- aws-gpu01 ---
0, 11434 MiB, 16384 MiB
1, 14848 MiB, 16384 MiB
2, 11230 MiB, 16384 MiB
3, 14848 MiB, 16384 MiB
4, 11434 MiB, 16384 MiB
5, 14848 MiB, 16384 MiB
6, 8350 MiB, 16384 MiB
--- aws-gpu02 ---
0, 14666 MiB, 16384 MiB
1, 14848 MiB, 16384 MiB
2, 11434 MiB, 16384 MiB
3, 11230 MiB, 12288 MiB
4, 11434 MiB, 16384 MiB
5, 11230 MiB, 12288 MiB
