12:07:27 0, 65, N/A, 33.91, 0|1, 60, N/A, 34.14, 0|2, 59, N/A, 36.14, 0|3, 56, N/A, 30.76, 0|
12:07:29 0, 65, N/A, 40.69, 0|1, 60, N/A, 40.94, 0|2, 58, N/A, 35.87, 0|3, 55, N/A, 30.52, 0|
12:07:31 0, 64, N/A, 40.45, 0|1, 59, N/A, 41.67, 39|2, 57, N/A, 35.38, 0|3, 55, N/A, 30.27, 0|
12:07:33 0, 64, N/A, 40.23, 2|1, 58, N/A, 40.73, 2|2, 57, N/A, 35.16, 0|3, 54, N/A, 30.05, 0|
12:07:35 0, 64, N/A, 45.63, 0|1, 58, N/A, 46.62, 0|2, 56, N/A, 34.96, 0|3, 53, N/A, 29.83, 0|
12:07:38 0, 64, N/A, 45.60, 0|1, 58, N/A, 45.86, 0|2, 56, N/A, 34.69, 0|3, 53, N/A, 30.05, 0|
12:07:40 0, 66, N/A, 176.43, 47|1, 61, N/A, 58.51, 54|2, 55, N/A, 34.56, 0|3, 52, N/A, 29.69, 0|
12:07:42 0, 68, N/A, 158.48, 100|1, 59, N/A, 47.40, 0|2, 55, N/A, 34.36, 0|3, 52, N/A, 29.73, 0|
12:07:44 0, 67, N/A, 175.08, 0|1, 62, N/A, 161.96, 100|2, 55, N/A, 33.98, 0|3, 52, N/A, 29.61, 0|
12:07:46 0, 68, N/A, 49.58, 0|1, 63, N/A, 161.05, 100|2, 54, N/A, 34.11, 0|3, 51, N/A, 29.49, 0|
12:07:48 0, 70, N/A, 177.60, 100|1, 61, N/A, 48.86, 0|2, 54, N/A, 33.87, 0|3, 51, N/A, 29.49, 0|
12:07:50 0, 71, N/A, 192.09, 100|1, 63, N/A, 51.02, 100|2, 54, N/A, 33.87, 0|3, 51, N/A, 29.24, 0|
12:07:52 0, 71, N/A, 168.91, 100|1, 65, N/A, 179.58, 100|2, 53, N/A, 33.76, 0|3, 50, N/A, 29.15, 0|
12:07:54 0, 71, N/A, 157.57, 100|1, 65, N/A, 165.46, 100|2, 53, N/A, 33.78, 0|3, 50, N/A, 29.15, 0|
12:07:56 0, 69, N/A, 50.31, 0|1, 65, N/A, 187.30, 100|2, 53, N/A, 33.62, 0|3, 50, N/A, 29.24, 0|
12:07:58 0, 73, N/A, 165.64, 100|1, 63, N/A, 49.84, 0|2, 53, N/A, 33.63, 0|3, 50, N/A, 29.24, 0|
12:08:00 0, 73, N/A, 182.57, 100|1, 64, N/A, 51.26, 1|2, 53, N/A, 33.62, 0|3, 50, N/A, 29.24, 0|
12:08:03 0, 73, N/A, 174.46, 100|1, 66, N/A, 160.76, 100|2, 53, N/A, 33.54, 0|3, 51, N/A, 29.16, 0|
12:08:05 0, 72, N/A, 183.14, 100|1, 66, N/A, 156.16, 100|2, 53, N/A, 33.50, 0|3, 50, N/A, 29.15, 0|
12:08:07 0, 71, N/A, 51.01, 0|1, 65, N/A, 190.29, 100|2, 53, N/A, 33.34, 0|3, 50, N/A, 29.20, 0|
12:08:09 0, 74, N/A, 168.27, 100|1, 63, N/A, 49.83, 0|2, 53, N/A, 33.38, 0|3, 50, N/A, 29.22, 0|
12:08:11 0, 74, N/A, 156.05, 100|1, 65, N/A, 55.39, 100|2, 53, N/A, 33.36, 0|3, 50, N/A, 29.22, 0|
12:08:13 0, 73, N/A, 193.35, 100|1, 65, N/A, 158.09, 100|2, 53, N/A, 33.27, 0|3, 50, N/A, 29.14, 0|
12:08:15 0, 71, N/A, 189.68, 0|1, 65, N/A, 154.82, 100|2, 53, N/A, 33.28, 0|3, 50, N/A, 29.15, 0|
12:08:17 0, 73, N/A, 54.17, 100|1, 63, N/A, 150.26, 5|2, 53, N/A, 33.36, 0|3, 50, N/A, 29.22, 0|
12:08:19 0, 71, N/A, 52.22, 0|1, 65, N/A, 169.63, 100|2, 53, N/A, 33.36, 0|3, 50, N/A, 29.24, 0|
12:08:21 0, 74, N/A, 175.07, 100|1, 61, N/A, 48.83, 0|2, 53, N/A, 33.38, 0|3, 50, N/A, 29.24, 0|
12:08:23 0, 70, N/A, 50.79, 0|1, 64, N/A, 177.51, 100|2, 53, N/A, 33.36, 0|3, 50, N/A, 29.22, 0|
12:08:25 0, 72, N/A, 75.21, 45|1, 63, N/A, 174.97, 52|2, 53, N/A, 33.34, 0|3, 50, N/A, 29.22, 0|
12:08:27 0, 70, N/A, 140.61, 10|1, 61, N/A, 48.86, 0|2, 53, N/A, 33.14, 0|3, 50, N/A, 29.22, 0|
12:08:30 0, 74, N/A, 176.63, 100|1, 60, N/A, 48.37, 0|2, 53, N/A, 33.14, 0|3, 50, N/A, 29.24, 0|
12:08:32 0, 73, N/A, 193.52, 100|1, 64, N/A, 164.65, 100|2, 53, N/A, 32.99, 0|3, 50, N/A, 29.11, 0|
12:08:34 0, 73, N/A, 196.16, 73|1, 64, N/A, 150.48, 100|2, 53, N/A, 33.03, 0|3, 50, N/A, 29.15, 0|
12:08:36 0, 72, N/A, 53.41, 0|1, 63, N/A, 176.44, 100|2, 52, N/A, 33.12, 0|3, 50, N/A, 29.22, 0|
12:08:38 0, 75, N/A, 184.83, 100|1, 61, N/A, 48.83, 0|2, 53, N/A, 33.10, 0|3, 50, N/A, 29.20, 0|
12:08:40 0, 75, N/A, 165.13, 100|1, 62, N/A, 50.29, 30|2, 52, N/A, 33.12, 0|3, 50, N/A, 29.22, 0|
12:08:42 0, 74, N/A, 185.58, 100|1, 64, N/A, 157.03, 100|2, 52, N/A, 33.03, 0|3, 50, N/A, 29.13, 0|
12:08:44 0, 74, N/A, 186.77, 100|1, 64, N/A, 155.38, 100|2, 52, N/A, 33.03, 0|3, 50, N/A, 29.15, 0|
12:08:46 0, 72, N/A, 53.47, 0|1, 63, N/A, 163.13, 100|2, 52, N/A, 33.36, 0|3, 50, N/A, 29.22, 0|
12:08:48 0, 76, N/A, 179.08, 100|1, 61, N/A, 48.58, 0|2, 52, N/A, 33.36, 0|3, 50, N/A, 29.22, 0|
12:08:50 0, 76, N/A, 185.10, 100|1, 62, N/A, 50.04, 39|2, 52, N/A, 33.36, 0|3, 50, N/A, 29.22, 0|
12:08:52 0, 76, N/A, 163.03, 100|1, 64, N/A, 204.09, 100|2, 52, N/A, 33.49, 0|3, 50, N/A, 29.13, 0|
12:08:54 0, 75, N/A, 161.56, 100|1, 64, N/A, 160.77, 100|2, 52, N/A, 33.03, 0|3, 50, N/A, 29.15, 0|
12:08:57 0, 74, N/A, 54.62, 0|1, 63, N/A, 199.09, 100|2, 52, N/A, 33.10, 0|3, 50, N/A, 29.22, 0|
12:08:59 0, 77, N/A, 168.51, 100|1, 61, N/A, 48.86, 0|2, 52, N/A, 33.14, 0|3, 50, N/A, 29.24, 0|
12:09:01 0, 76, N/A, 161.62, 100|1, 63, N/A, 53.93, 72|2, 52, N/A, 33.12, 0|3, 50, N/A, 29.22, 0|
12:09:03 0, 76, N/A, 199.68, 100|1, 64, N/A, 148.15, 100|2, 52, N/A, 33.03, 0|3, 50, N/A, 29.15, 0|
12:09:05 0, 74, N/A, 197.70, 0|1, 64, N/A, 166.78, 100|2, 52, N/A, 33.03, 0|3, 50, N/A, 29.15, 0|
12:09:07 0, 75, N/A, 54.65, 0|1, 65, N/A, 197.42, 100|2, 52, N/A, 33.10, 0|3, 50, N/A, 29.20, 0|
12:09:09 0, 77, N/A, 180.96, 100|1, 61, N/A, 48.34, 0|2, 52, N/A, 33.12, 0|3, 50, N/A, 29.20, 0|
12:09:11 0, 73, N/A, 53.69, 0|1, 64, N/A, 167.22, 100|2, 52, N/A, 33.12, 0|3, 50, N/A, 29.22, 0|
12:09:13 0, 75, N/A, 156.97, 45|1, 63, N/A, 81.92, 52|2, 52, N/A, 32.85, 0|3, 50, N/A, 29.20, 0|
12:09:15 0, 75, N/A, 190.28, 47|1, 63, N/A, 57.99, 55|2, 52, N/A, 33.10, 0|3, 50, N/A, 29.20, 0|
12:09:17 0, 74, N/A, 57.23, 38|1, 61, N/A, 52.12, 51|2, 52, N/A, 33.20, 0|3, 50, N/A, 29.30, 0|
12:09:19 0, 72, N/A, 51.00, 0|1, 59, N/A, 46.86, 0|2, 51, N/A, 33.01, 0|3, 50, N/A, 29.09, 0|
