12:05:03 0, 42, N/A, 27.40, 0|1, 37, N/A, 27.87, 0|2, 40, N/A, 29.87, 0|3, 40, N/A, 27.17, 0|
12:05:06 0, 42, N/A, 33.23, 0|1, 38, N/A, 33.72, 0|2, 40, N/A, 34.49, 0|3, 41, N/A, 32.78, 0|
12:05:08 0, 42, N/A, 33.22, 0|1, 38, N/A, 33.72, 0|2, 40, N/A, 35.69, 27|3, 41, N/A, 32.76, 0|
12:05:10 0, 43, N/A, 39.29, 0|1, 38, N/A, 39.78, 0|2, 40, N/A, 39.61, 0|3, 41, N/A, 37.65, 0|
12:05:12 0, 43, N/A, 33.27, 0|1, 38, N/A, 33.50, 0|2, 40, N/A, 35.01, 0|3, 41, N/A, 32.80, 0|
12:05:14 0, 43, N/A, 33.25, 0|1, 38, N/A, 33.50, 0|2, 40, N/A, 34.99, 0|3, 41, N/A, 32.78, 0|
12:05:16 0, 44, N/A, 106.08, 25|1, 39, N/A, 34.61, 24|2, 42, N/A, 38.80, 25|3, 42, N/A, 43.16, 25|
12:05:18 0, 45, N/A, 137.23, 43|1, 39, N/A, 33.85, 0|2, 41, N/A, 37.06, 2|3, 42, N/A, 33.16, 2|
12:05:20 0, 44, N/A, 38.45, 0|1, 40, N/A, 39.92, 0|2, 44, N/A, 166.80, 100|3, 41, N/A, 33.16, 0|
12:05:22 0, 48, N/A, 161.59, 100|1, 42, N/A, 172.21, 100|2, 42, N/A, 41.34, 0|3, 43, N/A, 38.18, 0|
12:05:24 0, 47, N/A, 168.48, 100|1, 41, N/A, 39.95, 0|2, 47, N/A, 143.10, 100|3, 46, N/A, 142.63, 100|
12:05:26 0, 48, N/A, 39.56, 0|1, 44, N/A, 180.66, 100|2, 46, N/A, 182.36, 100|3, 44, N/A, 38.38, 0|
12:05:28 0, 50, N/A, 130.98, 100|1, 41, N/A, 96.59, 0|2, 45, N/A, 42.69, 0|3, 48, N/A, 180.59, 100|
12:05:30 0, 48, N/A, 39.33, 0|1, 44, N/A, 41.51, 35|2, 49, N/A, 167.24, 90|3, 46, N/A, 144.45, 63|
12:05:33 0, 52, N/A, 176.80, 100|1, 46, N/A, 146.73, 100|2, 45, N/A, 42.50, 0|3, 46, N/A, 39.35, 0|
12:05:35 0, 51, N/A, 153.64, 100|1, 44, N/A, 40.51, 0|2, 50, N/A, 160.69, 100|3, 47, N/A, 40.32, 82|
12:05:37 0, 50, N/A, 41.04, 0|1, 47, N/A, 151.75, 100|2, 49, N/A, 141.28, 100|3, 45, N/A, 38.89, 0|
12:05:39 0, 52, N/A, 166.94, 75|1, 45, N/A, 169.69, 40|2, 48, N/A, 43.58, 0|3, 49, N/A, 162.02, 100|
12:05:41 0, 50, N/A, 40.05, 0|1, 47, N/A, 42.48, 73|2, 50, N/A, 164.58, 71|3, 48, N/A, 151.92, 51|
12:05:43 0, 52, N/A, 41.83, 51|1, 49, N/A, 173.03, 100|2, 48, N/A, 43.56, 0|3, 48, N/A, 39.94, 0|
12:05:45 0, 50, N/A, 40.18, 0|1, 46, N/A, 41.13, 0|2, 49, N/A, 44.84, 17|3, 50, N/A, 148.13, 100|
12:05:47 0, 52, N/A, 40.88, 0|1, 48, N/A, 148.21, 100|2, 48, N/A, 43.59, 0|3, 46, N/A, 39.21, 0|
12:05:49 0, 51, N/A, 40.16, 0|1, 46, N/A, 41.13, 0|2, 49, N/A, 44.35, 0|3, 49, N/A, 150.80, 100|
12:05:51 0, 52, N/A, 46.69, 24|1, 47, N/A, 60.50, 23|2, 49, N/A, 119.88, 25|3, 48, N/A, 107.82, 27|
12:05:53 0, 51, N/A, 47.15, 15|1, 46, N/A, 44.25, 18|2, 49, N/A, 55.00, 16|3, 48, N/A, 95.73, 18|
12:05:55 0, 55, N/A, 185.93, 100|1, 49, N/A, 179.17, 100|2, 48, N/A, 45.18, 0|3, 47, N/A, 40.32, 0|
12:05:58 0, 53, N/A, 138.82, 0|1, 48, N/A, 42.59, 0|2, 52, N/A, 139.62, 100|3, 50, N/A, 193.95, 100|
12:06:00 0, 55, N/A, 43.18, 93|1, 51, N/A, 153.61, 50|2, 51, N/A, 151.79, 71|3, 48, N/A, 40.59, 0|
12:06:02 0, 56, N/A, 138.79, 100|1, 48, N/A, 42.24, 0|2, 51, N/A, 45.91, 0|3, 51, N/A, 147.90, 100|
12:06:04 0, 54, N/A, 41.97, 0|1, 52, N/A, 48.52, 100|2, 53, N/A, 166.76, 100|3, 49, N/A, 161.66, 0|
12:06:06 0, 58, N/A, 148.90, 100|1, 52, N/A, 181.62, 100|2, 51, N/A, 45.18, 0|3, 50, N/A, 41.75, 0|
12:06:08 0, 57, N/A, 170.92, 100|1, 50, N/A, 43.34, 0|2, 55, N/A, 147.45, 100|3, 53, N/A, 91.43, 100|
12:06:10 0, 56, N/A, 43.63, 0|1, 54, N/A, 159.97, 100|2, 54, N/A, 164.48, 100|3, 50, N/A, 40.08, 0|
12:06:12 0, 58, N/A, 64.94, 100|1, 51, N/A, 137.82, 0|2, 53, N/A, 46.60, 0|3, 53, N/A, 150.20, 100|
12:06:14 0, 56, N/A, 42.93, 0|1, 53, N/A, 45.34, 100|2, 55, N/A, 168.34, 100|3, 51, N/A, 145.23, 0|
12:06:16 0, 60, N/A, 154.68, 100|1, 54, N/A, 155.57, 100|2, 52, N/A, 46.15, 0|3, 52, N/A, 41.27, 0|
12:06:18 0, 59, N/A, 170.65, 69|1, 52, N/A, 43.98, 0|2, 56, N/A, 146.05, 100|3, 54, N/A, 157.43, 100|
12:06:20 0, 57, N/A, 43.26, 0|1, 52, N/A, 43.75, 0|2, 55, N/A, 47.91, 0|3, 54, N/A, 191.20, 100|
12:06:23 0, 57, N/A, 43.75, 0|1, 55, N/A, 171.73, 100|2, 52, N/A, 46.00, 0|3, 50, N/A, 40.40, 0|
12:06:25 0, 57, N/A, 42.80, 0|1, 52, N/A, 43.54, 0|2, 53, N/A, 46.73, 0|3, 53, N/A, 152.39, 100|
12:06:27 0, 58, N/A, 45.18, 24|1, 53, N/A, 48.83, 23|2, 54, N/A, 65.87, 23|3, 52, N/A, 150.13, 27|
12:06:29 0, 58, N/A, 122.62, 24|1, 53, N/A, 45.67, 21|2, 54, N/A, 52.54, 25|3, 53, N/A, 64.91, 30|
12:06:31 0, 57, N/A, 43.40, 82|1, 52, N/A, 43.90, 68|2, 53, N/A, 48.10, 91|3, 51, N/A, 41.75, 95|
12:06:33 0, 57, N/A, 42.73, 0|1, 52, N/A, 42.22, 0|2, 53, N/A, 44.96, 0|3, 50, N/A, 40.07, 0|
