12:06:35 0, 56, N/A, 30.07, 0|1, 51, N/A, 30.81, 0|2, 52, N/A, 33.27, 0|3, 49, N/A, 28.87, 0|
12:06:37 0, 56, N/A, 37.33, 4|1, 51, N/A, 37.82, 13|2, 52, N/A, 39.34, 8|3, 49, N/A, 35.43, 0|
12:06:39 0, 56, N/A, 37.11, 9|1, 51, N/A, 37.82, 9|2, 52, N/A, 39.34, 9|3, 49, N/A, 35.43, 9|
12:06:41 0, 56, N/A, 36.87, 0|1, 51, N/A, 37.58, 0|2, 51, N/A, 39.09, 0|3, 49, N/A, 35.18, 0|
12:06:43 0, 56, N/A, 37.14, 0|1, 51, N/A, 42.99, 0|2, 52, N/A, 44.49, 0|3, 49, N/A, 39.85, 0|
12:06:45 0, 56, N/A, 36.87, 0|1, 51, N/A, 42.96, 0|2, 52, N/A, 44.23, 0|3, 49, N/A, 39.83, 0|
12:06:48 0, 57, N/A, 45.73, 2|1, 52, N/A, 80.34, 3|2, 53, N/A, 119.41, 3|3, 50, N/A, 127.01, 3|
12:06:50 0, 62, N/A, 165.97, 91|1, 57, N/A, 164.82, 91|2, 58, N/A, 178.38, 91|3, 56, N/A, 171.02, 90|
12:06:52 0, 63, N/A, 167.38, 100|1, 58, N/A, 179.62, 100|2, 59, N/A, 167.70, 100|3, 57, N/A, 178.98, 100|
12:06:54 0, 64, N/A, 164.43, 100|1, 59, N/A, 166.81, 100|2, 60, N/A, 177.63, 100|3, 58, N/A, 175.53, 100|
12:06:56 0, 64, N/A, 163.98, 100|1, 60, N/A, 172.99, 100|2, 60, N/A, 169.50, 100|3, 59, N/A, 181.48, 100|
12:06:58 0, 65, N/A, 165.27, 100|1, 60, N/A, 169.85, 100|2, 61, N/A, 180.33, 100|3, 59, N/A, 165.20, 100|
12:07:00 0, 66, N/A, 179.52, 97|1, 61, N/A, 168.20, 100|2, 62, N/A, 170.74, 100|3, 60, N/A, 166.55, 100|
12:07:02 0, 66, N/A, 166.62, 100|1, 62, N/A, 178.23, 100|2, 63, N/A, 182.86, 100|3, 61, N/A, 169.14, 100|
12:07:04 0, 63, N/A, 46.55, 0|1, 59, N/A, 47.28, 0|2, 60, N/A, 52.70, 0|3, 58, N/A, 46.12, 0|
12:07:06 0, 66, N/A, 147.29, 100|1, 61, N/A, 152.81, 100|2, 63, N/A, 170.42, 100|3, 61, N/A, 173.76, 100|
12:07:08 0, 68, N/A, 168.54, 100|1, 63, N/A, 170.58, 91|2, 64, N/A, 185.27, 91|3, 62, N/A, 190.64, 90|
12:07:10 0, 68, N/A, 169.01, 100|1, 63, N/A, 168.93, 100|2, 64, N/A, 174.23, 100|3, 63, N/A, 187.36, 100|
12:07:13 0, 69, N/A, 181.74, 100|1, 64, N/A, 172.80, 100|2, 64, N/A, 182.55, 100|3, 63, N/A, 181.12, 100|
12:07:15 0, 70, N/A, 184.57, 100|1, 65, N/A, 173.95, 100|2, 65, N/A, 180.80, 100|3, 63, N/A, 184.60, 100|
12:07:17 0, 70, N/A, 174.51, 100|1, 65, N/A, 176.37, 100|2, 65, N/A, 186.29, 100|3, 63, N/A, 185.31, 100|
12:07:19 0, 70, N/A, 162.23, 100|1, 65, N/A, 159.24, 100|2, 65, N/A, 177.73, 100|3, 63, N/A, 166.88, 100|
12:07:21 0, 70, N/A, 132.58, 55|1, 65, N/A, 135.71, 62|2, 64, N/A, 142.46, 48|3, 62, N/A, 137.91, 49|
12:07:23 0, 70, N/A, 141.52, 96|1, 65, N/A, 137.88, 96|2, 64, N/A, 147.87, 96|3, 62, N/A, 142.69, 96|
12:07:25 0, 66, N/A, 47.97, 0|1, 61, N/A, 48.44, 0|2, 60, N/A, 53.86, 0|3, 58, N/A, 43.16, 0|
