09:44:58 0, 52, N/A, 39.70, 0|1, 50, N/A, 43.15, 0|2, 48, N/A, 32.06, 0|3, 50, N/A, 29.08, 0|4, 51, N/A, 30.08, 0|5, 53, N/A, 29.10, 0|6, 49, N/A, 30.54, 0|
09:45:00 0, 52, N/A, 39.70, 0|1, 50, N/A, 43.15, 0|2, 48, N/A, 39.20, 0|3, 50, N/A, 34.74, 1|4, 51, N/A, 36.47, 0|5, 53, N/A, 35.75, 1|6, 49, N/A, 37.68, 0|
09:45:02 0, 52, N/A, 40.44, 69|1, 50, N/A, 43.12, 0|2, 48, N/A, 39.20, 0|3, 50, N/A, 34.74, 0|4, 51, N/A, 36.47, 0|5, 53, N/A, 35.75, 0|6, 50, N/A, 37.68, 0|
09:45:04 0, 52, N/A, 39.70, 0|1, 50, N/A, 43.15, 0|2, 49, N/A, 44.85, 0|3, 50, N/A, 40.16, 70|4, 51, N/A, 36.47, 0|5, 53, N/A, 35.75, 0|6, 50, N/A, 37.68, 0|
09:45:06 0, 52, N/A, 39.70, 0|1, 50, N/A, 37.48, 0|2, 49, N/A, 40.19, 0|3, 50, N/A, 39.18, 0|4, 51, N/A, 41.89, 0|5, 53, N/A, 41.18, 0|6, 50, N/A, 43.34, 71|
09:45:08 0, 52, N/A, 40.41, 0|1, 50, N/A, 38.22, 0|2, 49, N/A, 39.20, 0|3, 50, N/A, 34.74, 0|4, 51, N/A, 36.47, 0|5, 53, N/A, 41.15, 0|6, 50, N/A, 44.31, 0|
09:45:10 0, 52, N/A, 40.44, 0|1, 50, N/A, 37.97, 0|2, 49, N/A, 39.21, 0|3, 50, N/A, 34.74, 0|4, 51, N/A, 36.47, 0|5, 53, N/A, 35.75, 0|6, 50, N/A, 37.68, 0|
09:45:12 0, 52, N/A, 40.41, 0|1, 50, N/A, 37.97, 0|2, 49, N/A, 39.21, 0|3, 50, N/A, 34.74, 0|4, 51, N/A, 36.47, 0|5, 53, N/A, 36.00, 0|6, 50, N/A, 37.68, 0|
09:45:14 0, 53, N/A, 43.61, 10|1, 50, N/A, 41.42, 11|2, 49, N/A, 47.56, 11|3, 51, N/A, 47.28, 8|4, 52, N/A, 64.24, 15|5, 54, N/A, 93.18, 14|6, 50, N/A, 75.19, 19|
09:45:16 0, 53, N/A, 64.53, 14|1, 50, N/A, 68.43, 13|2, 49, N/A, 107.94, 16|3, 51, N/A, 52.18, 13|4, 52, N/A, 36.96, 14|5, 54, N/A, 36.74, 14|6, 51, N/A, 39.87, 19|
09:45:19 0, 53, N/A, 94.17, 14|1, 51, N/A, 63.53, 13|2, 49, N/A, 39.94, 16|3, 51, N/A, 36.20, 13|4, 52, N/A, 38.44, 15|5, 54, N/A, 38.71, 14|6, 51, N/A, 46.27, 19|
09:45:21 0, 53, N/A, 42.63, 12|1, 51, N/A, 39.70, 13|2, 50, N/A, 42.41, 16|3, 51, N/A, 39.40, 9|4, 52, N/A, 47.53, 15|5, 54, N/A, 53.20, 12|6, 51, N/A, 95.53, 14|
09:45:23 0, 54, N/A, 45.83, 14|1, 51, N/A, 43.40, 13|2, 50, N/A, 51.75, 13|3, 51, N/A, 50.73, 13|4, 52, N/A, 74.30, 11|5, 54, N/A, 101.00, 15|6, 51, N/A, 55.84, 19|
09:45:25 0, 54, N/A, 76.80, 14|1, 51, N/A, 84.18, 13|2, 50, N/A, 85.41, 16|3, 51, N/A, 35.48, 13|4, 52, N/A, 37.95, 15|5, 54, N/A, 37.48, 14|6, 51, N/A, 41.59, 19|
09:45:27 0, 54, N/A, 42.14, 14|1, 51, N/A, 38.96, 13|2, 50, N/A, 41.18, 16|3, 51, N/A, 37.43, 13|4, 52, N/A, 42.14, 15|5, 55, N/A, 46.08, 14|6, 51, N/A, 68.38, 16|
09:45:29 0, 54, N/A, 44.36, 11|1, 51, N/A, 42.65, 13|2, 50, N/A, 50.02, 16|3, 51, N/A, 49.96, 13|4, 53, N/A, 74.29, 15|5, 54, N/A, 101.19, 15|6, 51, N/A, 56.08, 19|
09:45:31 0, 54, N/A, 72.61, 14|1, 51, N/A, 81.72, 13|2, 50, N/A, 89.54, 16|3, 51, N/A, 35.48, 13|4, 53, N/A, 37.92, 15|5, 55, N/A, 37.21, 15|6, 52, N/A, 41.35, 19|
09:45:33 0, 54, N/A, 41.89, 14|1, 51, N/A, 39.45, 13|2, 50, N/A, 41.18, 16|3, 52, N/A, 37.19, 13|4, 53, N/A, 41.12, 15|5, 55, N/A, 43.37, 15|6, 52, N/A, 61.99, 19|
09:45:35 0, 55, N/A, 44.85, 14|1, 51, N/A, 42.41, 13|2, 51, N/A, 49.28, 16|3, 52, N/A, 49.01, 13|4, 52, N/A, 54.92, 15|5, 55, N/A, 71.13, 9|6, 52, N/A, 107.75, 19|
09:45:37 0, 54, N/A, 77.29, 14|1, 51, N/A, 88.61, 13|2, 50, N/A, 80.49, 11|3, 52, N/A, 35.73, 13|4, 53, N/A, 37.95, 12|5, 55, N/A, 37.48, 15|6, 52, N/A, 41.84, 19|
09:45:39 0, 55, N/A, 42.14, 14|1, 51, N/A, 39.45, 13|2, 50, N/A, 43.89, 16|3, 52, N/A, 37.68, 13|4, 53, N/A, 42.36, 15|5, 55, N/A, 46.33, 15|6, 52, N/A, 72.78, 19|
09:45:42 0, 55, N/A, 47.07, 14|1, 51, N/A, 45.61, 13|2, 51, N/A, 57.17, 16|3, 52, N/A, 55.38, 13|4, 53, N/A, 87.58, 15|5, 55, N/A, 99.09, 15|6, 52, N/A, 55.10, 19|
09:45:44 0, 55, N/A, 80.49, 14|1, 51, N/A, 90.82, 9|2, 51, N/A, 75.08, 16|3, 52, N/A, 35.73, 10|4, 53, N/A, 38.19, 15|5, 55, N/A, 37.70, 15|6, 53, N/A, 41.84, 17|
09:45:46 0, 55, N/A, 36.96, 15|1, 51, N/A, 39.94, 13|2, 51, N/A, 42.88, 16|3, 52, N/A, 39.40, 13|4, 53, N/A, 46.79, 15|5, 55, N/A, 55.41, 15|6, 53, N/A, 105.61, 19|
09:45:48 0, 55, N/A, 80.73, 13|1, 51, N/A, 89.30, 12|2, 51, N/A, 44.60, 16|3, 52, N/A, 35.95, 8|4, 53, N/A, 38.19, 15|5, 55, N/A, 37.70, 15|6, 53, N/A, 42.58, 14|
09:45:50 0, 55, N/A, 37.95, 15|1, 52, N/A, 42.41, 13|2, 51, N/A, 46.57, 16|3, 52, N/A, 45.31, 13|4, 53, N/A, 60.05, 15|5, 55, N/A, 83.89, 15|6, 53, N/A, 92.83, 19|
09:45:52 0, 54, N/A, 72.61, 11|1, 51, N/A, 39.20, 11|2, 51, N/A, 40.93, 16|3, 52, N/A, 36.22, 13|4, 53, N/A, 39.18, 15|5, 55, N/A, 38.96, 15|6, 53, N/A, 46.27, 19|
09:45:54 0, 55, N/A, 41.65, 15|1, 52, N/A, 46.35, 13|2, 51, N/A, 59.14, 16|3, 52, N/A, 63.25, 13|4, 53, N/A, 106.35, 15|5, 55, N/A, 87.04, 15|6, 53, N/A, 57.07, 19|
09:45:56 0, 55, N/A, 36.47, 15|1, 52, N/A, 39.45, 8|2, 51, N/A, 41.15, 12|3, 52, N/A, 36.69, 13|4, 53, N/A, 40.63, 12|5, 56, N/A, 42.63, 15|6, 53, N/A, 55.10, 18|
09:45:58 0, 55, N/A, 51.26, 15|1, 52, N/A, 64.04, 13|2, 51, N/A, 104.55, 16|3, 52, N/A, 62.72, 13|4, 53, N/A, 37.95, 15|5, 56, N/A, 37.46, 15|6, 53, N/A, 41.10, 19|
09:46:00 0, 55, N/A, 37.21, 15|1, 52, N/A, 40.93, 13|2, 52, N/A, 43.86, 14|3, 53, N/A, 40.88, 13|4, 54, N/A, 49.75, 8|5, 56, N/A, 60.58, 15|6, 53, N/A, 125.10, 19|
09:46:02 0, 55, N/A, 97.42, 13|1, 52, N/A, 55.69, 13|2, 51, N/A, 40.68, 16|3, 52, N/A, 35.97, 13|4, 54, N/A, 38.93, 15|5, 56, N/A, 38.96, 10|6, 54, N/A, 45.29, 13|
09:46:04 0, 55, N/A, 41.15, 15|1, 52, N/A, 45.59, 13|2, 52, N/A, 56.40, 16|3, 53, N/A, 60.55, 13|4, 54, N/A, 98.53, 15|5, 56, N/A, 73.35, 15|6, 54, N/A, 40.12, 19|
09:46:07 0, 55, N/A, 36.74, 11|1, 52, N/A, 39.70, 13|2, 52, N/A, 41.18, 15|3, 53, N/A, 36.94, 9|4, 54, N/A, 40.64, 15|5, 56, N/A, 42.63, 14|6, 54, N/A, 56.33, 18|
09:46:09 0, 55, N/A, 49.53, 15|1, 52, N/A, 62.31, 13|2, 52, N/A, 90.59, 16|3, 52, N/A, 80.39, 13|4, 54, N/A, 38.19, 15|5, 56, N/A, 37.48, 15|6, 54, N/A, 40.86, 19|
09:46:11 0, 55, N/A, 37.21, 15|1, 52, N/A, 40.93, 8|2, 52, N/A, 44.87, 13|3, 53, N/A, 42.60, 13|4, 54, N/A, 51.47, 9|5, 56, N/A, 60.80, 15|6, 54, N/A, 123.64, 19|
09:46:13 0, 55, N/A, 98.15, 15|1, 52, N/A, 80.49, 13|2, 52, N/A, 40.93, 16|3, 53, N/A, 35.97, 13|4, 54, N/A, 38.93, 15|5, 56, N/A, 38.46, 12|6, 54, N/A, 44.55, 19|
09:46:15 0, 55, N/A, 41.40, 15|1, 52, N/A, 48.30, 11|2, 52, N/A, 58.15, 14|3, 53, N/A, 62.27, 13|4, 54, N/A, 99.77, 15|5, 56, N/A, 66.92, 15|6, 54, N/A, 40.12, 19|
09:46:17 0, 55, N/A, 36.74, 15|1, 52, N/A, 39.70, 13|2, 52, N/A, 41.67, 16|3, 53, N/A, 37.19, 12|4, 54, N/A, 41.12, 15|5, 56, N/A, 43.62, 12|6, 54, N/A, 60.02, 19|
09:46:19 0, 56, N/A, 52.49, 15|1, 52, N/A, 66.99, 13|2, 52, N/A, 110.89, 16|3, 53, N/A, 57.84, 13|4, 54, N/A, 38.19, 15|5, 56, N/A, 37.48, 15|6, 54, N/A, 41.37, 19|
09:46:21 0, 55, N/A, 37.95, 8|1, 52, N/A, 42.16, 10|2, 52, N/A, 47.32, 16|3, 53, N/A, 45.80, 7|4, 54, N/A, 61.53, 15|5, 56, N/A, 81.68, 14|6, 54, N/A, 97.74, 10|
09:46:23 0, 55, N/A, 74.83, 15|1, 52, N/A, 39.45, 13|2, 52, N/A, 41.18, 16|3, 53, N/A, 36.47, 13|4, 54, N/A, 39.67, 15|5, 57, N/A, 40.17, 14|6, 55, N/A, 49.96, 19|
09:46:25 0, 55, N/A, 47.56, 15|1, 52, N/A, 58.65, 12|2, 52, N/A, 92.80, 9|3, 53, N/A, 81.86, 13|4, 54, N/A, 38.17, 14|5, 56, N/A, 37.46, 15|6, 54, N/A, 41.10, 19|
09:46:27 0, 55, N/A, 37.21, 15|1, 52, N/A, 41.18, 13|2, 52, N/A, 44.87, 16|3, 53, N/A, 41.86, 13|4, 55, N/A, 47.53, 15|5, 56, N/A, 55.91, 14|6, 55, N/A, 102.41, 18|
09:46:29 0, 55, N/A, 94.71, 15|1, 52, N/A, 68.93, 13|2, 52, N/A, 41.18, 14|3, 53, N/A, 36.22, 13|4, 54, N/A, 39.18, 12|5, 57, N/A, 38.71, 15|6, 55, N/A, 45.78, 19|
09:46:32 0, 56, N/A, 40.91, 8|1, 53, N/A, 46.82, 13|2, 53, N/A, 60.13, 16|3, 53, N/A, 63.99, 13|4, 54, N/A, 105.66, 15|5, 57, N/A, 68.67, 9|6, 55, N/A, 40.36, 17|
09:46:34 0, 55, N/A, 36.96, 15|1, 52, N/A, 40.19, 13|2, 52, N/A, 41.92, 16|3, 53, N/A, 37.68, 13|4, 55, N/A, 42.61, 15|5, 57, N/A, 46.33, 15|6, 55, N/A, 71.05, 19|
09:46:36 0, 56, N/A, 64.77, 8|1, 53, N/A, 88.12, 13|2, 52, N/A, 80.73, 16|3, 53, N/A, 35.97, 8|4, 54, N/A, 38.44, 15|5, 57, N/A, 37.97, 15|6, 55, N/A, 42.33, 14|
09:46:38 0, 56, N/A, 38.19, 15|1, 53, N/A, 42.16, 13|2, 53, N/A, 47.81, 16|3, 54, N/A, 46.54, 13|4, 55, N/A, 63.01, 15|5, 57, N/A, 88.52, 15|6, 55, N/A, 90.62, 19|
09:46:40 0, 55, N/A, 44.36, 15|1, 53, N/A, 39.70, 7|2, 53, N/A, 41.42, 14|3, 53, N/A, 36.69, 13|4, 55, N/A, 40.17, 12|5, 57, N/A, 41.15, 15|6, 55, N/A, 53.13, 17|
09:46:42 0, 56, N/A, 45.83, 15|1, 53, N/A, 54.95, 13|2, 52, N/A, 80.25, 16|3, 53, N/A, 91.94, 13|4, 55, N/A, 59.82, 15|5, 57, N/A, 37.46, 12|6, 55, N/A, 41.10, 19|
09:46:44 0, 57, N/A, 42.38, 0|1, 54, N/A, 165.09, 100|2, 52, N/A, 40.41, 0|3, 53, N/A, 35.73, 0|4, 54, N/A, 37.70, 0|5, 57, N/A, 36.96, 0|6, 54, N/A, 39.89, 0|
09:46:46 0, 55, N/A, 41.40, 0|1, 53, N/A, 44.60, 0|2, 53, N/A, 47.31, 0|3, 54, N/A, 40.88, 0|4, 56, N/A, 44.82, 27|5, 58, N/A, 143.51, 7|6, 54, N/A, 39.62, 0|
09:46:48 0, 57, N/A, 42.37, 0|1, 56, N/A, 105.22, 100|2, 56, N/A, 161.32, 100|3, 53, N/A, 87.95, 0|4, 55, N/A, 44.08, 0|5, 57, N/A, 42.63, 0|6, 55, N/A, 45.78, 0|
09:46:50 0, 59, N/A, 148.73, 100|1, 54, N/A, 46.32, 0|2, 56, N/A, 163.86, 100|3, 54, N/A, 41.35, 0|4, 56, N/A, 44.79, 0|5, 60, N/A, 164.90, 100|6, 56, N/A, 47.47, 88|
09:46:52 0, 59, N/A, 160.57, 14|1, 55, N/A, 47.06, 0|2, 57, N/A, 177.99, 62|3, 55, N/A, 42.08, 7|4, 58, N/A, 157.93, 70|5, 59, N/A, 43.58, 0|6, 57, N/A, 180.87, 100|
09:46:55 0, 58, N/A, 42.84, 0|1, 57, N/A, 174.05, 100|2, 55, N/A, 49.49, 0|3, 57, N/A, 57.30, 100|4, 57, N/A, 161.61, 4|5, 60, N/A, 44.57, 100|6, 57, N/A, 167.78, 42|
09:46:57 0, 59, N/A, 43.33, 16|1, 57, N/A, 168.75, 100|2, 56, N/A, 50.23, 0|3, 57, N/A, 156.93, 100|4, 58, N/A, 45.53, 0|5, 61, N/A, 146.35, 100|6, 56, N/A, 47.22, 0|
09:46:59 0, 60, N/A, 45.03, 100|1, 56, N/A, 167.91, 0|2, 58, N/A, 52.66, 93|3, 57, N/A, 140.36, 0|4, 59, N/A, 46.73, 40|5, 61, N/A, 141.45, 0|6, 57, N/A, 46.46, 0|
09:47:01 0, 61, N/A, 148.80, 100|1, 56, N/A, 47.27, 0|2, 59, N/A, 184.74, 100|3, 56, N/A, 42.79, 0|4, 60, N/A, 178.05, 100|5, 60, N/A, 44.05, 0|6, 58, N/A, 49.65, 100|
09:47:03 0, 60, N/A, 150.03, 25|1, 58, N/A, 48.48, 91|2, 58, N/A, 170.60, 60|3, 57, N/A, 43.28, 87|4, 60, N/A, 162.48, 85|5, 61, N/A, 44.76, 56|6, 59, N/A, 194.58, 100|
09:47:05 0, 60, N/A, 43.80, 0|1, 59, N/A, 175.26, 100|2, 57, N/A, 50.97, 0|3, 59, N/A, 184.87, 100|4, 59, N/A, 46.02, 0|5, 63, N/A, 175.23, 100|6, 57, N/A, 47.44, 0|
09:47:07 0, 62, N/A, 46.54, 100|1, 58, N/A, 150.18, 0|2, 59, N/A, 52.69, 74|3, 58, N/A, 155.22, 0|4, 60, N/A, 47.49, 100|5, 61, N/A, 169.85, 0|6, 58, N/A, 48.18, 0|
09:47:09 0, 62, N/A, 165.24, 100|1, 58, N/A, 48.29, 0|2, 60, N/A, 169.01, 100|3, 57, N/A, 43.31, 0|4, 62, N/A, 157.79, 100|5, 61, N/A, 44.33, 0|6, 60, N/A, 75.67, 100|
09:47:11 0, 60, N/A, 43.58, 0|1, 60, N/A, 148.47, 100|2, 58, N/A, 56.12, 0|3, 59, N/A, 48.94, 100|4, 60, N/A, 181.60, 0|5, 63, N/A, 48.48, 100|6, 58, N/A, 177.34, 18|
09:47:13 0, 61, N/A, 44.32, 66|1, 59, N/A, 153.13, 100|2, 59, N/A, 52.45, 56|3, 59, N/A, 137.50, 100|4, 60, N/A, 47.01, 8|5, 63, N/A, 167.99, 100|6, 58, N/A, 47.96, 0|
09:47:15 0, 62, N/A, 170.89, 100|1, 58, N/A, 48.04, 0|2, 60, N/A, 164.84, 100|3, 58, N/A, 43.31, 0|4, 62, N/A, 162.20, 100|5, 61, N/A, 44.57, 0|6, 59, N/A, 49.93, 73|
09:47:17 0, 61, N/A, 133.50, 0|1, 59, N/A, 50.23, 73|2, 60, N/A, 181.65, 0|3, 59, N/A, 45.74, 76|4, 61, N/A, 143.57, 0|5, 62, N/A, 45.78, 46|6, 59, N/A, 174.52, 15|
09:47:20 0, 61, N/A, 44.57, 16|1, 59, N/A, 173.17, 52|2, 59, N/A, 52.69, 0|3, 60, N/A, 154.97, 77|4, 61, N/A, 47.26, 38|5, 63, N/A, 153.12, 91|6, 58, N/A, 48.18, 0|
09:47:22 0, 60, N/A, 43.58, 0|1, 58, N/A, 48.04, 0|2, 61, N/A, 190.41, 100|3, 58, N/A, 43.56, 0|4, 63, N/A, 192.04, 100|5, 62, N/A, 44.82, 0|6, 60, N/A, 52.63, 100|
09:47:24 0, 59, N/A, 43.12, 0|1, 57, N/A, 47.09, 0|2, 58, N/A, 50.77, 0|3, 57, N/A, 42.85, 0|4, 60, N/A, 46.30, 0|5, 63, N/A, 45.34, 18|6, 60, N/A, 161.63, 100|
09:47:26 0, 60, N/A, 43.12, 0|1, 57, N/A, 47.77, 0|2, 60, N/A, 187.23, 100|3, 57, N/A, 42.85, 0|4, 59, N/A, 46.05, 0|5, 61, N/A, 44.11, 0|6, 58, N/A, 47.50, 0|
09:47:28 0, 59, N/A, 42.87, 0|1, 56, N/A, 46.82, 0|2, 57, N/A, 50.51, 0|3, 57, N/A, 42.82, 0|4, 60, N/A, 46.30, 0|5, 62, N/A, 45.31, 74|6, 59, N/A, 186.42, 91|
09:47:30 0, 60, N/A, 80.98, 15|1, 57, N/A, 108.92, 13|2, 58, N/A, 109.35, 16|3, 57, N/A, 43.34, 13|4, 60, N/A, 47.04, 11|5, 61, N/A, 45.83, 15|6, 58, N/A, 51.16, 19|
09:47:32 0, 60, N/A, 50.27, 9|1, 57, N/A, 56.67, 13|2, 58, N/A, 78.52, 10|3, 58, N/A, 80.14, 13|4, 59, N/A, 137.38, 16|5, 61, N/A, 81.67, 15|6, 58, N/A, 48.49, 19|
09:47:34 0, 59, N/A, 44.60, 14|1, 56, N/A, 53.47, 14|2, 57, N/A, 71.92, 13|3, 57, N/A, 90.46, 12|4, 59, N/A, 123.21, 16|5, 61, N/A, 48.27, 15|6, 58, N/A, 48.24, 13|
09:47:36 0, 58, N/A, 38.19, 16|1, 56, N/A, 41.67, 14|2, 57, N/A, 44.38, 17|3, 57, N/A, 39.40, 14|4, 59, N/A, 45.56, 17|5, 61, N/A, 50.76, 10|6, 58, N/A, 84.58, 10|
09:47:38 0, 58, N/A, 41.65, 8|1, 56, N/A, 48.54, 11|2, 57, N/A, 59.85, 9|3, 57, N/A, 61.25, 7|4, 58, N/A, 104.92, 17|5, 60, N/A, 74.78, 16|6, 57, N/A, 41.35, 18|
09:47:40 0, 58, N/A, 97.42, 16|1, 55, N/A, 46.82, 9|2, 56, N/A, 43.15, 17|3, 56, N/A, 37.45, 14|4, 58, N/A, 40.39, 17|5, 60, N/A, 39.92, 16|6, 57, N/A, 46.27, 20|
09:47:43 0, 58, N/A, 37.95, 16|1, 55, N/A, 41.92, 14|2, 56, N/A, 45.83, 17|3, 56, N/A, 42.36, 14|4, 58, N/A, 53.65, 17|5, 60, N/A, 68.43, 8|6, 57, N/A, 118.72, 11|
09:47:45 0, 58, N/A, 47.31, 15|1, 55, N/A, 59.85, 12|2, 56, N/A, 94.71, 16|3, 56, N/A, 83.34, 13|4, 58, N/A, 39.67, 17|5, 60, N/A, 38.44, 16|6, 57, N/A, 41.84, 20|
09:47:47 0, 58, N/A, 37.21, 16|1, 55, N/A, 40.68, 14|2, 56, N/A, 42.88, 17|3, 56, N/A, 37.43, 14|4, 58, N/A, 40.88, 12|5, 60, N/A, 41.40, 16|6, 57, N/A, 51.69, 20|
09:47:49 0, 58, N/A, 38.44, 9|1, 54, N/A, 42.65, 14|2, 56, N/A, 48.79, 15|3, 56, N/A, 46.79, 14|4, 58, N/A, 64.74, 17|5, 60, N/A, 93.18, 8|6, 56, N/A, 84.77, 17|
09:47:51 0, 57, N/A, 63.05, 13|1, 54, N/A, 90.83, 7|2, 55, N/A, 95.65, 9|3, 56, N/A, 39.15, 7|4, 57, N/A, 39.67, 13|5, 59, N/A, 38.71, 16|6, 56, N/A, 42.58, 20|
09:47:53 0, 57, N/A, 37.23, 16|1, 54, N/A, 40.68, 14|2, 55, N/A, 43.64, 17|3, 56, N/A, 38.91, 14|4, 57, N/A, 44.58, 12|5, 60, N/A, 49.28, 16|6, 56, N/A, 67.40, 19|
09:47:55 0, 57, N/A, 39.67, 15|1, 54, N/A, 45.10, 13|2, 55, N/A, 56.68, 16|3, 55, N/A, 58.82, 13|4, 57, N/A, 95.89, 17|5, 59, N/A, 81.14, 16|6, 56, N/A, 41.10, 10|
09:47:57 0, 57, N/A, 96.68, 16|1, 54, N/A, 74.08, 7|2, 55, N/A, 42.38, 17|3, 55, N/A, 36.69, 7|4, 57, N/A, 39.89, 13|5, 59, N/A, 39.67, 16|6, 56, N/A, 45.29, 20|
09:47:59 0, 57, N/A, 37.95, 16|1, 54, N/A, 41.89, 14|2, 55, N/A, 44.85, 17|3, 55, N/A, 40.63, 14|4, 57, N/A, 50.70, 17|5, 59, N/A, 62.52, 8|6, 56, N/A, 129.03, 16|
09:48:01 0, 57, N/A, 54.70, 12|1, 53, N/A, 73.39, 14|2, 55, N/A, 106.47, 15|3, 55, N/A, 36.69, 9|4, 57, N/A, 39.43, 17|5, 59, N/A, 38.44, 16|6, 56, N/A, 42.33, 20|
09:48:03 0, 57, N/A, 37.21, 16|1, 54, N/A, 40.68, 14|2, 55, N/A, 43.86, 17|3, 55, N/A, 39.65, 10|4, 57, N/A, 47.28, 17|5, 59, N/A, 53.44, 16|6, 56, N/A, 98.24, 20|
09:48:06 0, 57, N/A, 48.05, 8|1, 53, N/A, 61.56, 14|2, 54, N/A, 100.37, 9|3, 55, N/A, 74.53, 14|4, 56, N/A, 70.60, 17|5, 58, N/A, 38.19, 8|6, 56, N/A, 41.10, 20|
09:48:08 0, 56, N/A, 36.72, 16|1, 53, N/A, 39.94, 13|2, 54, N/A, 42.41, 17|3, 55, N/A, 37.43, 9|4, 56, N/A, 41.38, 8|5, 59, N/A, 43.62, 16|6, 56, N/A, 60.51, 21|
09:48:10 0, 57, N/A, 40.91, 16|1, 53, N/A, 47.56, 14|2, 54, N/A, 66.01, 17|3, 54, N/A, 71.33, 14|4, 56, N/A, 100.21, 17|5, 58, N/A, 54.92, 14|6, 56, N/A, 40.61, 20|
09:48:12 0, 56, N/A, 80.20, 8|1, 53, N/A, 39.67, 7|2, 54, N/A, 42.14, 9|3, 54, N/A, 36.69, 14|4, 56, N/A, 40.16, 17|5, 58, N/A, 40.66, 10|6, 56, N/A, 50.21, 21|
09:48:14 0, 56, N/A, 38.44, 16|1, 53, N/A, 43.12, 14|2, 54, N/A, 51.01, 17|3, 54, N/A, 50.95, 14|4, 56, N/A, 75.52, 8|5, 58, N/A, 102.73, 16|6, 55, N/A, 52.89, 21|
09:48:16 0, 56, N/A, 92.25, 11|1, 53, N/A, 75.32, 14|2, 54, N/A, 41.67, 16|3, 54, N/A, 36.45, 14|4, 56, N/A, 39.43, 17|5, 58, N/A, 39.18, 8|6, 55, N/A, 45.29, 10|
09:48:18 0, 56, N/A, 37.46, 16|1, 53, N/A, 41.18, 7|2, 54, N/A, 46.33, 11|3, 54, N/A, 43.83, 9|4, 56, N/A, 58.08, 11|5, 58, N/A, 80.94, 16|6, 55, N/A, 102.10, 20|
09:48:20 0, 56, N/A, 59.10, 16|1, 53, N/A, 80.98, 14|2, 54, N/A, 91.77, 17|3, 54, N/A, 36.22, 14|4, 56, N/A, 38.93, 17|5, 58, N/A, 38.22, 16|6, 55, N/A, 41.86, 17|
09:48:22 0, 56, N/A, 36.96, 12|1, 53, N/A, 40.19, 14|2, 53, N/A, 44.13, 9|3, 54, N/A, 40.63, 7|4, 56, N/A, 50.49, 17|5, 58, N/A, 63.54, 16|6, 55, N/A, 127.07, 14|
09:48:24 0, 56, N/A, 63.54, 16|1, 52, N/A, 91.81, 9|2, 53, N/A, 82.71, 17|3, 54, N/A, 36.22, 14|4, 56, N/A, 38.93, 17|5, 58, N/A, 38.46, 16|6, 55, N/A, 42.83, 20|
09:48:26 0, 55, N/A, 36.96, 16|1, 52, N/A, 40.68, 14|2, 53, N/A, 44.11, 15|3, 54, N/A, 40.88, 14|4, 56, N/A, 50.98, 17|5, 57, N/A, 63.50, 9|6, 55, N/A, 123.39, 10|
09:48:29 0, 55, N/A, 37.21, 16|1, 52, N/A, 40.91, 7|2, 53, N/A, 45.83, 17|3, 54, N/A, 43.59, 7|4, 56, N/A, 58.82, 10|5, 58, N/A, 81.92, 16|6, 55, N/A, 113.38, 21|
09:48:31 0, 55, N/A, 40.90, 8|1, 52, N/A, 47.56, 14|2, 53, N/A, 65.52, 12|3, 54, N/A, 75.02, 14|4, 55, N/A, 90.67, 17|5, 58, N/A, 37.70, 8|6, 55, N/A, 40.36, 19|
09:48:33 0, 55, N/A, 60.58, 16|1, 52, N/A, 39.45, 13|2, 53, N/A, 41.42, 16|3, 54, N/A, 36.69, 10|4, 55, N/A, 40.14, 8|5, 58, N/A, 41.15, 16|6, 55, N/A, 50.95, 21|
09:48:35 0, 55, N/A, 39.43, 14|1, 52, N/A, 44.36, 14|2, 53, N/A, 54.21, 17|3, 54, N/A, 57.59, 14|4, 55, N/A, 95.15, 16|5, 57, N/A, 80.65, 10|6, 55, N/A, 40.36, 12|
09:48:37 0, 55, N/A, 72.36, 12|1, 52, N/A, 39.45, 7|2, 53, N/A, 41.42, 9|3, 53, N/A, 36.47, 14|4, 55, N/A, 39.67, 17|5, 57, N/A, 40.41, 16|6, 55, N/A, 49.22, 20|
09:48:39 0, 55, N/A, 38.69, 16|1, 52, N/A, 44.13, 14|2, 53, N/A, 54.46, 17|3, 54, N/A, 57.59, 14|4, 55, N/A, 99.53, 8|5, 57, N/A, 74.78, 16|6, 55, N/A, 40.12, 21|
09:48:41 0, 55, N/A, 83.69, 8|1, 51, N/A, 39.20, 14|2, 53, N/A, 41.18, 13|3, 53, N/A, 36.45, 14|4, 55, N/A, 39.67, 17|5, 57, N/A, 39.92, 8|6, 55, N/A, 48.49, 17|
09:48:43 0, 55, N/A, 38.19, 16|1, 51, N/A, 41.89, 9|2, 53, N/A, 49.28, 12|3, 54, N/A, 49.50, 12|4, 55, N/A, 74.78, 8|5, 57, N/A, 104.93, 16|6, 54, N/A, 55.35, 21|
09:48:45 0, 54, N/A, 99.38, 16|1, 51, N/A, 66.98, 14|2, 52, N/A, 41.15, 17|3, 53, N/A, 36.20, 14|4, 55, N/A, 39.18, 17|5, 57, N/A, 38.93, 14|6, 55, N/A, 44.79, 10|
09:48:47 0, 55, N/A, 37.21, 16|1, 52, N/A, 41.18, 7|2, 53, N/A, 47.07, 9|3, 53, N/A, 45.80, 8|4, 55, N/A, 64.99, 12|5, 57, N/A, 96.39, 16|6, 55, N/A, 83.79, 21|
09:48:49 0, 55, N/A, 100.37, 16|1, 52, N/A, 66.74, 14|2, 53, N/A, 41.18, 17|3, 54, N/A, 36.22, 14|4, 55, N/A, 39.18, 17|5, 57, N/A, 38.96, 16|6, 55, N/A, 45.53, 10|
09:48:51 0, 55, N/A, 37.46, 16|1, 52, N/A, 41.42, 7|2, 53, N/A, 46.57, 9|3, 54, N/A, 44.57, 7|4, 55, N/A, 61.78, 16|5, 57, N/A, 83.40, 16|6, 55, N/A, 114.07, 21|
09:48:54 0, 55, N/A, 67.69, 16|1, 52, N/A, 96.19, 14|2, 53, N/A, 71.87, 17|3, 54, N/A, 36.22, 14|4, 55, N/A, 38.93, 17|5, 58, N/A, 38.44, 16|6, 55, N/A, 43.07, 10|
09:48:56 0, 55, N/A, 37.21, 16|1, 52, N/A, 40.93, 7|2, 53, N/A, 46.11, 9|3, 54, N/A, 44.08, 8|4, 55, N/A, 60.31, 17|5, 58, N/A, 84.88, 16|6, 55, N/A, 104.37, 21|
09:48:58 0, 55, N/A, 68.21, 16|1, 52, N/A, 100.12, 14|2, 53, N/A, 69.66, 17|3, 54, N/A, 36.22, 12|4, 55, N/A, 38.93, 17|5, 58, N/A, 38.19, 16|6, 55, N/A, 43.07, 16|
09:49:00 0, 55, N/A, 36.96, 16|1, 52, N/A, 40.68, 11|2, 53, N/A, 45.61, 13|3, 54, N/A, 43.59, 15|4, 55, N/A, 58.09, 17|5, 58, N/A, 80.20, 16|6, 55, N/A, 107.76, 13|
09:49:02 0, 55, N/A, 67.97, 16|1, 52, N/A, 83.69, 9|2, 53, N/A, 103.02, 17|3, 54, N/A, 36.22, 8|4, 55, N/A, 38.69, 14|5, 57, N/A, 38.22, 16|6, 55, N/A, 41.59, 21|
09:49:04 0, 55, N/A, 36.72, 15|1, 52, N/A, 40.44, 14|2, 53, N/A, 43.37, 17|3, 54, N/A, 39.65, 14|4, 56, N/A, 47.77, 17|5, 58, N/A, 57.63, 14|6, 56, N/A, 109.97, 10|
09:49:06 0, 59, N/A, 139.65, 100|1, 54, N/A, 149.96, 88|2, 53, N/A, 40.90, 0|3, 54, N/A, 35.95, 0|4, 55, N/A, 37.92, 0|5, 57, N/A, 37.21, 0|6, 55, N/A, 40.11, 0|
09:49:08 0, 58, N/A, 176.51, 100|1, 53, N/A, 45.09, 0|2, 55, N/A, 49.03, 0|3, 57, N/A, 157.93, 100|4, 58, N/A, 150.70, 100|5, 57, N/A, 37.19, 0|6, 55, N/A, 39.85, 0|
09:49:10 0, 57, N/A, 42.35, 0|1, 56, N/A, 156.49, 100|2, 55, N/A, 48.76, 0|3, 57, N/A, 143.56, 100|4, 56, N/A, 44.54, 0|5, 59, N/A, 43.59, 0|6, 57, N/A, 48.21, 25|
09:49:12 0, 60, N/A, 49.22, 100|1, 55, N/A, 179.34, 13|2, 57, N/A, 50.94, 100|3, 56, N/A, 183.06, 57|4, 59, N/A, 47.47, 100|5, 59, N/A, 147.00, 31|6, 57, N/A, 47.19, 0|
09:49:14 0, 59, N/A, 161.69, 87|1, 56, N/A, 47.03, 43|2, 58, N/A, 187.41, 100|3, 57, N/A, 43.04, 10|4, 60, N/A, 166.30, 54|5, 60, N/A, 44.54, 1|6, 58, N/A, 199.72, 82|
09:49:16 0, 59, N/A, 43.31, 18|1, 57, N/A, 163.01, 100|2, 57, N/A, 50.94, 0|3, 58, N/A, 176.80, 90|4, 59, N/A, 46.24, 0|5, 62, N/A, 175.36, 100|6, 57, N/A, 47.19, 0|
09:49:19 0, 61, N/A, 145.36, 100|1, 56, N/A, 46.78, 0|2, 59, N/A, 187.68, 100|3, 57, N/A, 42.79, 0|4, 61, N/A, 158.89, 100|5, 60, N/A, 44.29, 0|6, 59, N/A, 61.66, 100|
09:49:21 0, 59, N/A, 43.31, 0|1, 58, N/A, 177.87, 100|2, 57, N/A, 50.94, 0|3, 59, N/A, 150.31, 100|4, 59, N/A, 46.24, 0|5, 63, N/A, 180.77, 100|6, 57, N/A, 47.65, 0|
09:49:23 0, 62, N/A, 144.36, 100|1, 56, N/A, 46.26, 0|2, 60, N/A, 194.19, 100|3, 57, N/A, 43.01, 0|4, 62, N/A, 176.59, 100|5, 61, N/A, 44.51, 0|6, 59, N/A, 48.63, 0|
09:49:25 0, 59, N/A, 43.31, 0|1, 59, N/A, 150.58, 100|2, 58, N/A, 50.94, 0|3, 60, N/A, 52.60, 83|4, 60, N/A, 170.96, 0|5, 63, N/A, 63.91, 96|6, 58, N/A, 150.49, 0|
09:49:27 0, 62, N/A, 95.26, 100|1, 57, N/A, 115.81, 0|2, 61, N/A, 185.01, 100|3, 58, N/A, 43.01, 0|4, 62, N/A, 55.06, 100|5, 62, N/A, 190.42, 0|6, 59, N/A, 48.39, 0|
09:49:29 0, 60, N/A, 107.64, 0|1, 58, N/A, 49.43, 53|2, 60, N/A, 175.78, 6|3, 59, N/A, 44.70, 36|4, 62, N/A, 185.65, 35|5, 63, N/A, 45.96, 36|6, 60, N/A, 155.41, 16|
09:49:31 0, 62, N/A, 45.98, 83|1, 58, N/A, 168.78, 0|2, 61, N/A, 57.76, 100|3, 59, N/A, 160.16, 0|4, 62, N/A, 48.66, 100|5, 63, N/A, 181.99, 4|6, 59, N/A, 48.60, 0|
09:49:33 0, 61, N/A, 166.87, 0|1, 59, N/A, 49.43, 36|2, 61, N/A, 166.72, 23|3, 60, N/A, 44.70, 100|4, 63, N/A, 172.07, 60|5, 64, N/A, 46.20, 100|6, 60, N/A, 187.99, 32|
09:49:35 0, 62, N/A, 45.49, 71|1, 58, N/A, 182.90, 0|2, 62, N/A, 59.27, 100|3, 59, N/A, 166.52, 0|4, 63, N/A, 49.16, 100|5, 63, N/A, 157.99, 4|6, 60, N/A, 48.63, 0|
09:49:37 0, 61, N/A, 117.70, 0|1, 59, N/A, 49.92, 48|2, 61, N/A, 193.53, 12|3, 60, N/A, 44.94, 100|4, 63, N/A, 181.49, 57|5, 64, N/A, 46.45, 100|6, 60, N/A, 180.79, 34|
09:49:39 0, 63, N/A, 54.80, 95|1, 58, N/A, 171.36, 0|2, 63, N/A, 181.08, 100|3, 59, N/A, 43.74, 0|4, 64, N/A, 60.67, 100|5, 63, N/A, 167.77, 0|6, 60, N/A, 49.12, 0|
09:49:42 0, 61, N/A, 44.02, 0|1, 60, N/A, 55.57, 100|2, 61, N/A, 191.83, 0|3, 61, N/A, 45.44, 100|4, 63, N/A, 181.86, 27|5, 65, N/A, 48.42, 100|6, 60, N/A, 154.71, 2|
09:49:44 0, 64, N/A, 148.43, 100|1, 58, N/A, 48.20, 0|2, 63, N/A, 207.61, 100|3, 59, N/A, 43.72, 0|4, 65, N/A, 186.63, 100|5, 63, N/A, 44.98, 0|6, 60, N/A, 49.34, 39|
09:49:46 0, 61, N/A, 44.24, 0|1, 60, N/A, 185.56, 100|2, 61, N/A, 52.87, 0|3, 62, N/A, 151.10, 100|4, 62, N/A, 47.68, 0|5, 66, N/A, 157.50, 100|6, 59, N/A, 48.36, 0|
09:49:48 0, 64, N/A, 178.13, 100|1, 59, N/A, 48.69, 0|2, 63, N/A, 167.95, 100|3, 59, N/A, 44.21, 0|4, 65, N/A, 167.51, 100|5, 63, N/A, 45.72, 0|6, 60, N/A, 50.08, 100|
09:49:50 0, 61, N/A, 44.02, 0|1, 59, N/A, 48.69, 0|2, 64, N/A, 199.20, 100|3, 62, N/A, 175.24, 100|4, 63, N/A, 48.17, 0|5, 66, N/A, 152.19, 100|6, 59, N/A, 48.63, 0|
09:49:52 0, 60, N/A, 37.88, 0|1, 57, N/A, 47.49, 0|2, 60, N/A, 52.14, 0|3, 59, N/A, 43.75, 0|4, 63, N/A, 47.68, 0|5, 66, N/A, 47.47, 84|6, 62, N/A, 195.59, 100|
09:49:54 0, 60, N/A, 43.81, 0|1, 58, N/A, 48.97, 74|2, 61, N/A, 145.22, 87|3, 58, N/A, 37.65, 0|4, 61, N/A, 41.10, 0|5, 63, N/A, 45.06, 0|6, 59, N/A, 48.18, 0|
09:49:56 0, 60, N/A, 43.34, 0|1, 57, N/A, 47.28, 0|2, 59, N/A, 51.22, 0|3, 59, N/A, 43.81, 0|4, 65, N/A, 124.85, 100|5, 62, N/A, 70.06, 0|6, 58, N/A, 41.08, 0|
09:49:58 0, 60, N/A, 58.79, 16|1, 57, N/A, 47.52, 14|2, 59, N/A, 53.41, 18|3, 59, N/A, 44.76, 14|4, 61, N/A, 49.93, 17|5, 63, N/A, 49.71, 16|6, 59, N/A, 64.12, 10|
09:50:00 0, 60, N/A, 55.91, 14|1, 57, N/A, 70.15, 7|2, 60, N/A, 121.39, 9|3, 59, N/A, 105.59, 7|4, 61, N/A, 47.28, 17|5, 62, N/A, 45.34, 16|6, 59, N/A, 49.69, 20|
09:50:02 0, 60, N/A, 44.85, 8|1, 57, N/A, 48.79, 14|2, 59, N/A, 56.15, 18|3, 59, N/A, 49.22, 14|4, 61, N/A, 61.78, 17|5, 63, N/A, 77.98, 8|6, 59, N/A, 159.17, 20|
09:50:05 0, 60, N/A, 84.13, 16|1, 57, N/A, 47.56, 14|2, 59, N/A, 53.22, 17|3, 58, N/A, 44.33, 15|4, 61, N/A, 49.25, 9|5, 63, N/A, 49.53, 16|6, 59, N/A, 64.45, 20|
09:50:07 0, 60, N/A, 63.29, 9|1, 57, N/A, 84.62, 13|2, 59, N/A, 149.73, 9|3, 58, N/A, 65.43, 11|4, 61, N/A, 47.28, 17|5, 62, N/A, 45.34, 16|6, 59, N/A, 49.69, 20|
09:50:09 0, 59, N/A, 45.58, 16|1, 56, N/A, 50.51, 14|2, 59, N/A, 62.55, 18|3, 59, N/A, 59.77, 15|4, 61, N/A, 89.69, 17|5, 62, N/A, 134.93, 8|6, 59, N/A, 123.39, 11|
09:50:11 0, 59, N/A, 107.13, 16|1, 56, N/A, 47.31, 9|2, 59, N/A, 52.73, 18|3, 58, N/A, 44.32, 12|4, 61, N/A, 48.52, 14|5, 62, N/A, 48.30, 16|6, 59, N/A, 60.26, 18|
09:50:13 0, 59, N/A, 53.93, 9|1, 56, N/A, 62.55, 8|2, 59, N/A, 98.41, 18|3, 58, N/A, 115.66, 7|4, 60, N/A, 90.23, 17|5, 62, N/A, 44.85, 15|6, 59, N/A, 48.95, 20|
09:50:15 0, 59, N/A, 44.35, 16|1, 56, N/A, 48.54, 14|2, 59, N/A, 57.41, 18|3, 58, N/A, 50.21, 15|4, 60, N/A, 66.46, 12|5, 62, N/A, 86.35, 16|6, 58, N/A, 143.84, 10|
09:50:17 0, 59, N/A, 72.61, 14|1, 56, N/A, 47.09, 13|2, 58, N/A, 53.22, 9|3, 58, N/A, 44.33, 14|4, 60, N/A, 49.01, 10|5, 62, N/A, 50.02, 16|6, 59, N/A, 66.17, 20|
09:50:19 0, 59, N/A, 63.04, 8|1, 56, N/A, 83.93, 14|2, 58, N/A, 149.73, 18|3, 58, N/A, 65.18, 14|4, 60, N/A, 47.04, 17|5, 62, N/A, 45.34, 8|6, 58, N/A, 49.72, 20|
09:50:21 0, 59, N/A, 46.08, 16|1, 56, N/A, 51.50, 14|2, 58, N/A, 64.27, 18|3, 58, N/A, 62.72, 9|4, 60, N/A, 77.24, 13|5, 62, N/A, 108.86, 15|6, 58, N/A, 111.18, 19|
09:50:23 0, 59, N/A, 43.61, 16|1, 56, N/A, 47.06, 10|2, 58, N/A, 52.73, 18|3, 58, N/A, 44.33, 9|4, 60, N/A, 49.25, 17|5, 62, N/A, 50.24, 16|6, 58, N/A, 69.09, 20|
09:50:25 0, 59, N/A, 61.56, 16|1, 56, N/A, 81.47, 14|2, 58, N/A, 146.13, 18|3, 57, N/A, 81.37, 14|4, 60, N/A, 46.79, 17|5, 61, N/A, 45.10, 16|6, 58, N/A, 49.69, 12|
09:50:27 0, 59, N/A, 45.09, 16|1, 56, N/A, 50.02, 11|2, 58, N/A, 61.81, 9|3, 58, N/A, 58.33, 13|4, 60, N/A, 88.52, 12|5, 61, N/A, 113.71, 16|6, 58, N/A, 106.28, 20|
09:50:30 0, 58, N/A, 43.61, 8|1, 55, N/A, 47.06, 14|2, 58, N/A, 53.22, 14|3, 58, N/A, 45.07, 15|4, 60, N/A, 51.69, 17|5, 61, N/A, 56.64, 11|6, 58, N/A, 90.86, 20|
09:50:32 0, 59, N/A, 87.82, 14|1, 55, N/A, 127.79, 14|2, 58, N/A, 81.47, 18|3, 57, N/A, 43.34, 14|4, 60, N/A, 46.79, 17|5, 61, N/A, 45.58, 8|6, 58, N/A, 52.18, 10|
09:50:34 0, 58, N/A, 49.50, 16|1, 55, N/A, 58.36, 7|2, 58, N/A, 87.34, 11|3, 57, N/A, 100.25, 7|4, 59, N/A, 113.46, 9|5, 61, N/A, 44.60, 16|6, 58, N/A, 48.46, 20|
09:50:36 0, 58, N/A, 43.86, 13|1, 55, N/A, 47.56, 10|2, 58, N/A, 54.92, 18|3, 57, N/A, 47.99, 8|4, 60, N/A, 59.32, 17|5, 61, N/A, 72.57, 13|6, 58, N/A, 133.38, 15|
09:50:38 0, 58, N/A, 105.71, 16|1, 55, N/A, 46.57, 14|2, 57, N/A, 43.61, 19|3, 57, N/A, 43.58, 14|4, 59, N/A, 47.53, 17|5, 61, N/A, 46.82, 16|6, 58, N/A, 56.83, 10|
09:50:40 0, 58, N/A, 38.19, 12|1, 55, N/A, 42.38, 8|2, 57, N/A, 50.52, 19|3, 57, N/A, 49.96, 8|4, 59, N/A, 77.74, 19|5, 61, N/A, 103.46, 13|6, 58, N/A, 52.64, 11|
09:50:42 0, 57, N/A, 42.14, 10|1, 54, N/A, 49.78, 10|2, 56, N/A, 75.32, 14|3, 56, N/A, 84.82, 8|4, 58, N/A, 86.79, 9|5, 60, N/A, 38.44, 9|6, 57, N/A, 41.35, 22|
09:50:44 0, 57, N/A, 55.42, 9|1, 54, N/A, 78.32, 11|2, 56, N/A, 106.03, 18|3, 56, N/A, 37.21, 13|4, 58, N/A, 39.67, 9|5, 60, N/A, 38.93, 17|6, 57, N/A, 42.33, 22|
09:50:46 0, 57, N/A, 85.36, 17|1, 54, N/A, 40.44, 8|2, 56, N/A, 42.88, 10|3, 56, N/A, 37.43, 12|4, 58, N/A, 40.16, 19|5, 60, N/A, 40.91, 17|6, 58, N/A, 50.70, 15|
09:50:48 0, 57, N/A, 36.98, 17|1, 54, N/A, 40.44, 15|2, 56, N/A, 43.62, 10|3, 56, N/A, 38.42, 16|4, 58, N/A, 42.85, 16|5, 60, N/A, 47.81, 11|6, 57, N/A, 76.95, 18|
09:50:50 0, 57, N/A, 37.70, 11|1, 54, N/A, 41.40, 15|2, 56, N/A, 47.56, 19|3, 56, N/A, 43.83, 16|4, 58, N/A, 60.55, 11|5, 60, N/A, 88.03, 17|6, 57, N/A, 97.00, 11|
09:50:52 0, 57, N/A, 40.90, 17|1, 54, N/A, 48.05, 15|2, 56, N/A, 67.97, 19|3, 56, N/A, 70.84, 13|4, 58, N/A, 101.97, 19|5, 60, N/A, 38.44, 9|6, 57, N/A, 41.35, 11|
09:50:55 0, 57, N/A, 56.39, 9|1, 54, N/A, 77.28, 15|2, 55, N/A, 101.79, 13|3, 56, N/A, 36.71, 13|4, 58, N/A, 39.40, 19|5, 60, N/A, 38.69, 9|6, 57, N/A, 41.84, 22|
09:50:57 0, 56, N/A, 104.01, 9|1, 53, N/A, 69.45, 8|2, 55, N/A, 42.38, 16|3, 55, N/A, 36.96, 9|4, 58, N/A, 39.67, 13|5, 60, N/A, 39.45, 17|6, 57, N/A, 45.78, 22|
09:50:59 0, 56, N/A, 36.72, 17|1, 53, N/A, 39.94, 8|2, 55, N/A, 43.15, 18|3, 56, N/A, 38.17, 8|4, 57, N/A, 43.35, 15|5, 60, N/A, 49.04, 17|6, 57, N/A, 83.59, 18|
09:51:01 0, 56, N/A, 37.46, 17|1, 53, N/A, 41.18, 15|2, 55, N/A, 46.33, 10|3, 56, N/A, 44.08, 16|4, 57, N/A, 60.31, 11|5, 59, N/A, 90.98, 16|6, 56, N/A, 90.63, 22|
09:51:03 0, 56, N/A, 41.40, 17|1, 53, N/A, 48.54, 15|2, 55, N/A, 67.97, 10|3, 55, N/A, 83.82, 16|4, 57, N/A, 87.77, 9|5, 59, N/A, 38.44, 17|6, 56, N/A, 41.10, 22|
09:51:05 0, 56, N/A, 65.52, 17|1, 53, N/A, 97.22, 13|2, 55, N/A, 72.86, 19|3, 55, N/A, 36.71, 16|4, 57, N/A, 38.93, 19|5, 59, N/A, 38.71, 17|6, 56, N/A, 43.07, 11|
09:51:07 0, 56, N/A, 45.59, 9|1, 53, N/A, 39.45, 15|2, 55, N/A, 42.38, 19|3, 55, N/A, 37.19, 12|4, 57, N/A, 39.89, 19|5, 59, N/A, 41.15, 9|6, 56, N/A, 52.64, 11|
09:51:09 0, 56, N/A, 36.96, 9|1, 53, N/A, 39.94, 15|2, 55, N/A, 44.11, 19|3, 55, N/A, 40.14, 13|4, 57, N/A, 49.25, 11|5, 59, N/A, 63.51, 9|6, 56, N/A, 127.56, 22|
09:51:11 0, 56, N/A, 38.44, 17|1, 53, N/A, 42.41, 8|2, 55, N/A, 52.49, 19|3, 55, N/A, 55.13, 8|4, 57, N/A, 96.87, 13|5, 59, N/A, 82.66, 17|6, 56, N/A, 40.88, 22|
09:51:13 0, 56, N/A, 47.56, 17|1, 53, N/A, 61.56, 8|2, 54, N/A, 115.07, 10|3, 55, N/A, 66.17, 8|4, 56, N/A, 38.69, 10|5, 59, N/A, 38.19, 17|6, 56, N/A, 41.59, 22|
09:51:15 0, 55, N/A, 99.38, 17|1, 52, N/A, 46.08, 15|2, 54, N/A, 41.92, 10|3, 55, N/A, 36.71, 16|4, 56, N/A, 39.18, 9|5, 59, N/A, 39.70, 17|6, 56, N/A, 47.01, 22|
09:51:17 0, 55, N/A, 36.47, 17|1, 52, N/A, 39.45, 15|2, 54, N/A, 42.38, 19|3, 55, N/A, 37.68, 16|4, 57, N/A, 42.36, 19|5, 59, N/A, 47.07, 17|6, 56, N/A, 61.99, 11|
09:51:20 0, 55, N/A, 36.96, 17|1, 52, N/A, 39.94, 15|2, 54, N/A, 45.10, 19|3, 55, N/A, 42.11, 16|4, 56, N/A, 55.87, 19|5, 59, N/A, 78.48, 9|6, 56, N/A, 108.48, 11|
09:51:22 0, 55, N/A, 42.13, 9|1, 52, N/A, 50.51, 16|2, 54, N/A, 79.75, 16|3, 54, N/A, 92.38, 15|4, 56, N/A, 75.48, 19|5, 58, N/A, 37.95, 9|6, 56, N/A, 40.86, 22|
09:51:24 0, 55, N/A, 65.27, 9|1, 52, N/A, 84.92, 8|2, 54, N/A, 87.84, 16|3, 54, N/A, 36.47, 8|4, 56, N/A, 38.69, 13|5, 58, N/A, 38.46, 17|6, 56, N/A, 42.33, 22|
09:51:26 0, 55, N/A, 53.20, 17|1, 52, N/A, 38.96, 8|2, 54, N/A, 41.67, 10|3, 54, N/A, 36.69, 8|4, 56, N/A, 40.14, 14|5, 58, N/A, 41.65, 17|6, 56, N/A, 55.59, 22|
09:51:28 0, 55, N/A, 36.74, 17|1, 52, N/A, 39.70, 16|2, 54, N/A, 43.64, 10|3, 54, N/A, 39.40, 16|4, 56, N/A, 47.78, 13|5, 58, N/A, 54.18, 13|6, 55, N/A, 95.78, 22|
09:51:30 0, 55, N/A, 37.95, 14|1, 52, N/A, 41.42, 16|2, 54, N/A, 49.28, 10|3, 54, N/A, 50.21, 16|4, 56, N/A, 82.16, 11|5, 58, N/A, 100.57, 14|6, 55, N/A, 40.86, 11|
09:51:32 0, 55, N/A, 45.34, 16|1, 52, N/A, 57.38, 8|2, 53, N/A, 102.58, 19|3, 54, N/A, 77.19, 8|4, 56, N/A, 38.44, 19|5, 58, N/A, 37.95, 10|6, 55, N/A, 41.10, 11|
09:51:34 0, 55, N/A, 66.74, 10|1, 52, N/A, 87.63, 9|2, 53, N/A, 101.35, 13|3, 54, N/A, 36.22, 8|4, 56, N/A, 38.44, 19|5, 58, N/A, 37.95, 9|6, 55, N/A, 41.35, 22|
09:51:36 0, 55, N/A, 87.33, 9|1, 51, N/A, 38.71, 10|2, 53, N/A, 41.40, 14|3, 54, N/A, 36.45, 10|4, 56, N/A, 39.15, 9|5, 58, N/A, 39.43, 17|6, 55, N/A, 46.52, 22|
09:51:38 0, 55, N/A, 36.47, 17|1, 51, N/A, 38.96, 8|2, 53, N/A, 42.88, 19|3, 54, N/A, 37.68, 9|4, 56, N/A, 42.36, 13|5, 58, N/A, 47.31, 17|6, 55, N/A, 77.69, 13|
09:51:40 0, 55, N/A, 115.98, 8|1, 51, N/A, 38.46, 4|2, 53, N/A, 40.93, 6|3, 53, N/A, 35.97, 2|4, 55, N/A, 38.19, 4|5, 57, N/A, 37.23, 2|6, 54, N/A, 39.89, 4|
09:51:43 0, 56, N/A, 41.89, 0|1, 54, N/A, 47.06, 96|2, 56, N/A, 169.68, 100|3, 53, N/A, 91.88, 0|4, 55, N/A, 37.68, 0|5, 57, N/A, 37.45, 0|6, 54, N/A, 39.87, 0|
09:51:45 0, 56, N/A, 41.86, 0|1, 55, N/A, 162.48, 100|2, 54, N/A, 48.05, 0|3, 55, N/A, 42.08, 0|4, 59, N/A, 159.51, 100|5, 60, N/A, 168.72, 100|6, 54, N/A, 39.85, 2|
09:51:47 0, 59, N/A, 175.54, 100|1, 53, N/A, 45.58, 0|2, 57, N/A, 161.90, 100|3, 55, N/A, 42.08, 0|4, 59, N/A, 154.85, 100|5, 58, N/A, 43.09, 0|6, 55, N/A, 46.73, 0|
09:51:49 0, 57, N/A, 42.60, 0|1, 55, N/A, 171.94, 100|2, 55, N/A, 49.77, 0|3, 57, N/A, 161.59, 100|4, 57, N/A, 45.53, 0|5, 61, N/A, 151.67, 100|6, 55, N/A, 46.73, 0|
09:51:51 0, 59, N/A, 174.80, 100|1, 55, N/A, 46.81, 0|2, 57, N/A, 162.55, 97|3, 56, N/A, 42.79, 0|4, 59, N/A, 146.99, 100|5, 60, N/A, 44.05, 0|6, 57, N/A, 192.02, 100|
09:51:53 0, 59, N/A, 44.08, 100|1, 54, N/A, 171.21, 0|2, 57, N/A, 51.50, 47|3, 57, N/A, 135.55, 0|4, 60, N/A, 47.50, 76|5, 60, N/A, 156.32, 0|6, 56, N/A, 47.22, 0|
09:51:55 0, 57, N/A, 42.35, 0|1, 56, N/A, 187.16, 100|2, 56, N/A, 49.74, 0|3, 58, N/A, 175.58, 100|4, 58, N/A, 45.53, 0|5, 62, N/A, 48.97, 100|6, 56, N/A, 181.15, 0|
09:51:57 0, 59, N/A, 177.13, 100|1, 55, N/A, 46.32, 0|2, 59, N/A, 170.73, 100|3, 56, N/A, 42.82, 0|4, 61, N/A, 173.39, 100|5, 60, N/A, 44.08, 0|6, 59, N/A, 65.15, 100|
09:51:59 0, 58, N/A, 43.09, 0|1, 56, N/A, 187.27, 100|2, 57, N/A, 51.22, 0|3, 58, N/A, 169.09, 100|4, 59, N/A, 46.26, 0|5, 62, N/A, 180.39, 100|6, 56, N/A, 47.22, 0|
09:52:01 0, 59, N/A, 165.12, 6|1, 56, N/A, 47.52, 66|2, 59, N/A, 158.44, 100|3, 58, N/A, 43.28, 69|4, 61, N/A, 185.39, 99|5, 61, N/A, 45.03, 58|6, 58, N/A, 195.96, 95|
09:52:03 0, 61, N/A, 145.70, 100|1, 55, N/A, 46.57, 0|2, 61, N/A, 187.21, 100|3, 57, N/A, 42.82, 0|4, 62, N/A, 188.22, 100|5, 60, N/A, 44.08, 0|6, 58, N/A, 48.45, 61|
09:52:05 0, 59, N/A, 42.60, 0|1, 58, N/A, 189.02, 100|2, 58, N/A, 51.22, 0|3, 59, N/A, 153.59, 100|4, 60, N/A, 46.27, 0|5, 63, N/A, 178.43, 100|6, 57, N/A, 47.22, 0|
09:52:08 0, 60, N/A, 149.54, 24|1, 56, N/A, 47.79, 3|2, 60, N/A, 165.58, 100|3, 58, N/A, 43.80, 3|4, 61, N/A, 167.73, 100|5, 62, N/A, 45.04, 0|6, 59, N/A, 204.62, 100|
09:52:10 0, 61, N/A, 156.72, 100|1, 55, N/A, 46.79, 0|2, 61, N/A, 170.86, 100|3, 57, N/A, 43.06, 0|4, 63, N/A, 184.69, 100|5, 61, N/A, 44.32, 0|6, 58, N/A, 48.20, 0|
09:52:12 0, 59, N/A, 43.31, 0|1, 58, N/A, 172.58, 100|2, 58, N/A, 51.71, 0|3, 60, N/A, 177.31, 100|4, 60, N/A, 46.73, 0|5, 63, N/A, 148.47, 100|6, 57, N/A, 47.44, 0|
09:52:14 0, 61, N/A, 178.01, 100|1, 57, N/A, 47.24, 3|2, 60, N/A, 193.41, 88|3, 58, N/A, 43.74, 3|4, 62, N/A, 186.00, 91|5, 62, N/A, 45.00, 0|6, 59, N/A, 206.44, 100|
09:52:16 0, 62, N/A, 151.74, 100|1, 56, N/A, 46.51, 0|2, 62, N/A, 187.65, 100|3, 58, N/A, 43.04, 0|4, 64, N/A, 188.59, 100|5, 61, N/A, 44.29, 0|6, 58, N/A, 48.42, 1|
09:52:18 0, 60, N/A, 43.56, 0|1, 58, N/A, 189.63, 100|2, 59, N/A, 52.17, 0|3, 60, N/A, 171.52, 100|4, 61, N/A, 47.22, 0|5, 64, N/A, 146.02, 100|6, 57, N/A, 47.44, 0|
09:52:20 0, 61, N/A, 166.10, 24|1, 57, N/A, 48.26, 3|2, 61, N/A, 162.04, 100|3, 59, N/A, 44.27, 62|4, 63, N/A, 163.96, 100|5, 63, N/A, 45.53, 0|6, 60, N/A, 158.23, 100|
09:52:22 0, 63, N/A, 163.28, 100|1, 57, N/A, 47.27, 0|2, 63, N/A, 201.78, 100|3, 58, N/A, 43.28, 0|4, 64, N/A, 188.11, 100|5, 62, N/A, 44.79, 0|6, 59, N/A, 49.16, 100|
09:52:24 0, 60, N/A, 44.08, 0|1, 59, N/A, 184.99, 100|2, 60, N/A, 53.19, 0|3, 61, N/A, 151.63, 100|4, 62, N/A, 47.74, 0|5, 64, N/A, 169.95, 100|6, 58, N/A, 47.96, 0|
09:52:26 0, 60, N/A, 43.31, 0|1, 58, N/A, 49.49, 95|2, 61, N/A, 199.82, 0|3, 60, N/A, 45.00, 78|4, 63, N/A, 186.38, 0|5, 64, N/A, 46.51, 84|6, 59, N/A, 196.43, 0|
09:52:28 0, 62, N/A, 157.13, 100|1, 57, N/A, 48.01, 0|2, 63, N/A, 175.26, 100|3, 59, N/A, 44.02, 0|4, 65, N/A, 165.17, 100|5, 63, N/A, 45.28, 0|6, 61, N/A, 189.81, 100|
09:52:30 0, 62, N/A, 44.79, 26|1, 58, N/A, 190.12, 40|2, 62, N/A, 54.63, 78|3, 60, N/A, 171.28, 54|4, 63, N/A, 49.43, 100|5, 64, N/A, 148.46, 40|6, 58, N/A, 48.42, 0|
09:52:33 0, 61, N/A, 43.80, 0|1, 60, N/A, 162.61, 100|2, 61, N/A, 53.19, 0|3, 62, N/A, 144.53, 100|4, 62, N/A, 47.71, 0|5, 66, N/A, 186.89, 100|6, 58, N/A, 47.93, 0|
09:52:35 0, 62, N/A, 176.30, 100|1, 58, N/A, 48.72, 3|2, 63, N/A, 208.99, 100|3, 60, N/A, 44.51, 2|4, 64, N/A, 156.68, 100|5, 64, N/A, 46.02, 0|6, 61, N/A, 162.39, 100|
09:52:37 0, 63, N/A, 179.59, 100|1, 57, N/A, 48.01, 0|2, 64, N/A, 204.72, 100|3, 59, N/A, 44.02, 0|4, 65, N/A, 182.70, 100|5, 63, N/A, 45.28, 0|6, 60, N/A, 49.65, 55|
09:52:39 0, 61, N/A, 44.54, 0|1, 59, N/A, 153.79, 100|2, 62, N/A, 54.67, 12|3, 62, N/A, 173.38, 100|4, 63, N/A, 48.70, 0|5, 66, N/A, 168.14, 100|6, 59, N/A, 48.42, 0|
09:52:41 0, 61, N/A, 43.80, 0|1, 60, N/A, 174.52, 100|2, 61, N/A, 53.40, 0|3, 62, N/A, 155.38, 100|4, 63, N/A, 47.96, 0|5, 67, N/A, 145.04, 100|6, 59, N/A, 48.18, 0|
09:52:43 0, 63, N/A, 179.24, 73|1, 59, N/A, 49.00, 0|2, 63, N/A, 181.77, 100|3, 60, N/A, 44.51, 0|4, 65, N/A, 196.77, 100|5, 64, N/A, 46.02, 0|6, 61, N/A, 160.92, 100|
09:52:45 0, 64, N/A, 160.08, 100|1, 58, N/A, 48.26, 0|2, 65, N/A, 204.72, 100|3, 60, N/A, 44.27, 0|4, 66, N/A, 172.28, 100|5, 63, N/A, 45.53, 0|6, 60, N/A, 49.65, 18|
09:52:47 0, 62, N/A, 45.03, 47|1, 60, N/A, 160.89, 100|2, 63, N/A, 54.88, 0|3, 62, N/A, 172.16, 100|4, 64, N/A, 49.19, 0|5, 66, N/A, 186.89, 100|6, 59, N/A, 48.66, 0|
09:52:49 0, 61, N/A, 44.05, 0|1, 61, N/A, 190.85, 100|2, 62, N/A, 53.89, 0|3, 63, N/A, 142.00, 100|4, 63, N/A, 48.20, 0|5, 67, N/A, 191.43, 100|6, 59, N/A, 48.42, 0|
09:52:51 0, 63, N/A, 143.14, 22|1, 59, N/A, 49.24, 4|2, 64, N/A, 172.96, 100|3, 61, N/A, 44.76, 4|4, 65, N/A, 183.33, 100|5, 65, N/A, 46.48, 0|6, 61, N/A, 164.98, 100|
09:52:53 0, 64, N/A, 178.50, 100|1, 58, N/A, 48.23, 0|2, 65, N/A, 175.16, 100|3, 60, N/A, 44.27, 0|4, 66, N/A, 157.69, 100|5, 64, N/A, 45.53, 0|6, 61, N/A, 50.85, 68|
09:52:55 0, 62, N/A, 45.53, 85|1, 59, N/A, 190.35, 78|2, 63, N/A, 55.86, 47|3, 61, N/A, 169.47, 0|4, 65, N/A, 50.14, 70|5, 64, N/A, 164.21, 0|6, 59, N/A, 48.66, 0|
09:52:58 0, 61, N/A, 44.54, 0|1, 60, N/A, 191.59, 100|2, 62, N/A, 53.89, 0|3, 62, N/A, 176.82, 100|4, 63, N/A, 48.70, 0|5, 66, N/A, 189.95, 100|6, 59, N/A, 48.17, 0|
09:53:00 0, 60, N/A, 89.91, 0|1, 59, N/A, 50.47, 44|2, 63, N/A, 202.52, 43|3, 61, N/A, 46.23, 100|4, 63, N/A, 172.37, 17|5, 65, N/A, 46.97, 100|6, 60, N/A, 176.00, 33|
09:53:02 0, 63, N/A, 174.83, 100|1, 58, N/A, 48.26, 0|2, 64, N/A, 204.48, 100|3, 60, N/A, 44.51, 0|4, 66, N/A, 190.68, 100|5, 64, N/A, 45.74, 0|6, 60, N/A, 195.31, 100|
09:53:04 0, 63, N/A, 141.92, 100|1, 57, N/A, 47.99, 0|2, 64, N/A, 204.85, 100|3, 59, N/A, 44.02, 0|4, 66, N/A, 191.41, 100|5, 63, N/A, 45.28, 0|6, 59, N/A, 49.40, 31|
09:53:06 0, 61, N/A, 44.82, 0|1, 59, N/A, 178.07, 91|2, 62, N/A, 54.91, 40|3, 62, N/A, 177.91, 97|4, 64, N/A, 49.22, 66|5, 64, N/A, 148.64, 70|6, 58, N/A, 48.20, 0|
09:53:08 0, 61, N/A, 44.07, 0|1, 60, N/A, 192.32, 100|2, 61, N/A, 53.68, 0|3, 62, N/A, 179.61, 100|4, 63, N/A, 48.45, 0|5, 65, N/A, 180.62, 100|6, 58, N/A, 47.93, 0|
09:53:10 0, 60, N/A, 44.05, 0|1, 59, N/A, 49.49, 73|2, 63, N/A, 202.27, 7|3, 61, N/A, 46.23, 92|4, 63, N/A, 165.93, 0|5, 65, N/A, 46.76, 59|6, 59, N/A, 176.24, 0|
09:53:12 0, 62, N/A, 179.24, 100|1, 58, N/A, 48.50, 4|2, 64, N/A, 203.49, 100|3, 60, N/A, 44.24, 4|4, 65, N/A, 178.54, 100|5, 64, N/A, 45.77, 0|6, 60, N/A, 168.99, 100|
09:53:14 0, 63, N/A, 180.32, 100|1, 57, N/A, 47.77, 0|2, 64, N/A, 184.01, 100|3, 59, N/A, 44.02, 0|4, 65, N/A, 182.23, 100|5, 63, N/A, 45.28, 0|6, 59, N/A, 49.65, 100|
09:53:16 0, 62, N/A, 45.03, 82|1, 58, N/A, 188.65, 0|2, 63, N/A, 55.61, 47|3, 60, N/A, 174.85, 0|4, 65, N/A, 50.42, 66|5, 63, N/A, 156.71, 0|6, 58, N/A, 48.42, 0|
09:53:18 0, 61, N/A, 44.29, 0|1, 59, N/A, 161.78, 100|2, 61, N/A, 53.65, 0|3, 61, N/A, 162.70, 100|4, 63, N/A, 48.45, 0|5, 65, N/A, 189.46, 100|6, 58, N/A, 47.93, 0|
09:53:21 0, 60, N/A, 43.56, 0|1, 60, N/A, 188.30, 100|2, 60, N/A, 53.15, 0|3, 62, N/A, 141.74, 100|4, 62, N/A, 47.71, 0|5, 66, N/A, 160.38, 100|6, 57, N/A, 47.44, 0|
09:53:23 0, 61, N/A, 156.05, 0|1, 58, N/A, 48.72, 1|2, 63, N/A, 205.43, 87|3, 60, N/A, 44.73, 1|4, 64, N/A, 187.97, 67|5, 64, N/A, 46.23, 10|6, 59, N/A, 197.05, 43|
09:53:25 0, 58, N/A, 42.82, 0|1, 56, N/A, 46.57, 0|2, 60, N/A, 52.45, 0|3, 60, N/A, 44.51, 0|4, 65, N/A, 191.29, 100|5, 63, N/A, 45.53, 0|6, 60, N/A, 182.63, 100|
09:53:27 0, 58, N/A, 36.96, 0|1, 55, N/A, 39.92, 0|2, 59, N/A, 43.86, 0|3, 58, N/A, 43.07, 0|4, 61, N/A, 47.04, 0|5, 63, N/A, 45.31, 0|6, 60, N/A, 158.85, 100|
09:53:29 0, 58, N/A, 42.63, 0|1, 56, N/A, 47.77, 40|2, 60, N/A, 165.26, 45|3, 57, N/A, 37.18, 0|4, 60, N/A, 40.14, 0|5, 61, N/A, 44.35, 0|6, 56, N/A, 47.01, 0|
09:53:31 0, 57, N/A, 42.38, 0|1, 55, N/A, 46.08, 0|2, 58, N/A, 51.25, 0|3, 58, N/A, 43.34, 0|4, 63, N/A, 188.85, 100|5, 60, N/A, 38.44, 0|6, 56, N/A, 39.87, 0|
09:53:33 0, 57, N/A, 42.14, 0|1, 54, N/A, 45.86, 0|2, 57, N/A, 50.52, 0|3, 57, N/A, 42.60, 0|4, 60, N/A, 46.30, 0|5, 61, N/A, 44.36, 0|6, 58, N/A, 48.98, 76|
09:53:35 0, 57, N/A, 50.27, 19|1, 54, N/A, 62.80, 8|2, 58, N/A, 116.06, 11|3, 57, N/A, 113.20, 9|4, 60, N/A, 46.79, 21|5, 61, N/A, 44.60, 9|6, 56, N/A, 47.75, 12|
09:53:37 0, 57, N/A, 45.09, 14|1, 54, N/A, 51.01, 17|2, 58, N/A, 71.66, 18|3, 57, N/A, 80.38, 17|4, 60, N/A, 137.62, 11|5, 60, N/A, 44.36, 12|6, 56, N/A, 47.26, 12|
09:53:39 0, 57, N/A, 43.37, 15|1, 54, N/A, 47.31, 17|2, 57, N/A, 57.17, 11|3, 57, N/A, 53.65, 17|4, 60, N/A, 84.83, 11|5, 60, N/A, 136.98, 9|6, 56, N/A, 80.80, 19|
09:53:41 0, 57, N/A, 43.12, 18|1, 54, N/A, 46.32, 8|2, 57, N/A, 52.98, 22|3, 57, N/A, 46.27, 9|4, 60, N/A, 57.60, 16|5, 60, N/A, 72.82, 18|6, 56, N/A, 163.01, 16|
09:53:43 0, 57, N/A, 42.87, 9|1, 54, N/A, 45.86, 8|2, 57, N/A, 51.75, 22|3, 57, N/A, 43.59, 17|4, 59, N/A, 49.25, 11|5, 61, N/A, 51.97, 18|6, 56, N/A, 70.32, 17|
09:53:46 0, 57, N/A, 120.33, 9|1, 54, N/A, 45.86, 12|2, 57, N/A, 51.25, 11|3, 56, N/A, 43.10, 16|4, 59, N/A, 47.04, 21|5, 60, N/A, 45.83, 9|6, 56, N/A, 53.65, 23|
09:53:48 0, 57, N/A, 78.27, 18|1, 54, N/A, 122.45, 8|2, 57, N/A, 94.46, 11|3, 56, N/A, 42.85, 11|4, 59, N/A, 46.30, 21|5, 60, N/A, 44.60, 9|6, 56, N/A, 49.22, 12|
09:53:50 0, 57, N/A, 51.01, 13|1, 53, N/A, 64.77, 17|2, 57, N/A, 119.98, 15|3, 56, N/A, 114.37, 17|4, 59, N/A, 46.05, 11|5, 60, N/A, 44.11, 16|6, 56, N/A, 47.25, 12|
09:53:52 0, 57, N/A, 44.60, 12|1, 54, N/A, 50.51, 17|2, 57, N/A, 68.71, 11|3, 56, N/A, 77.24, 9|4, 59, N/A, 144.90, 11|5, 60, N/A, 58.33, 9|6, 56, N/A, 47.01, 22|
09:53:54 0, 57, N/A, 43.37, 18|1, 53, N/A, 47.31, 8|2, 57, N/A, 57.87, 22|3, 57, N/A, 55.87, 9|4, 59, N/A, 91.21, 21|5, 60, N/A, 134.45, 18|6, 56, N/A, 58.75, 14|
09:53:56 0, 57, N/A, 42.63, 9|1, 53, N/A, 46.32, 17|2, 57, N/A, 52.98, 22|3, 56, N/A, 45.78, 17|4, 59, N/A, 55.63, 14|5, 60, N/A, 66.46, 9|6, 56, N/A, 136.06, 20|
09:53:58 0, 56, N/A, 42.63, 9|1, 53, N/A, 45.86, 17|2, 57, N/A, 51.51, 11|3, 56, N/A, 43.59, 13|4, 59, N/A, 49.26, 18|5, 60, N/A, 51.26, 9|6, 56, N/A, 76.71, 12|
09:54:00 0, 56, N/A, 117.22, 18|1, 53, N/A, 45.61, 9|2, 57, N/A, 51.01, 11|3, 56, N/A, 42.85, 14|4, 58, N/A, 47.04, 21|5, 60, N/A, 46.57, 18|6, 56, N/A, 57.32, 12|
09:54:02 0, 56, N/A, 126.99, 13|1, 53, N/A, 83.19, 17|2, 56, N/A, 50.76, 18|3, 56, N/A, 42.85, 17|4, 59, N/A, 46.30, 11|5, 60, N/A, 45.34, 15|6, 56, N/A, 53.41, 23|
09:54:04 0, 56, N/A, 77.29, 18|1, 53, N/A, 123.85, 8|2, 56, N/A, 108.67, 11|3, 56, N/A, 42.60, 9|4, 58, N/A, 46.05, 11|5, 60, N/A, 44.60, 11|6, 56, N/A, 48.98, 23|
09:54:06 0, 57, N/A, 55.66, 18|1, 53, N/A, 75.32, 8|2, 57, N/A, 160.29, 22|3, 56, N/A, 64.93, 9|4, 58, N/A, 45.80, 13|5, 60, N/A, 44.11, 18|6, 56, N/A, 48.00, 13|
09:54:08 0, 56, N/A, 47.56, 9|1, 53, N/A, 56.39, 16|2, 56, N/A, 94.47, 11|3, 56, N/A, 110.99, 17|4, 58, N/A, 101.49, 11|5, 60, N/A, 43.86, 9|6, 56, N/A, 47.26, 22|
09:54:11 0, 56, N/A, 44.60, 18|1, 53, N/A, 50.02, 9|2, 57, N/A, 68.47, 11|3, 56, N/A, 61.78, 9|4, 58, N/A, 113.72, 21|5, 60, N/A, 113.22, 9|6, 56, N/A, 47.01, 12|
09:54:13 0, 56, N/A, 42.14, 10|1, 53, N/A, 52.98, 18|2, 56, N/A, 101.84, 11|3, 56, N/A, 100.93, 17|4, 58, N/A, 45.80, 11|5, 60, N/A, 43.86, 9|6, 56, N/A, 47.26, 21|
09:54:15 0, 56, N/A, 36.72, 10|1, 52, N/A, 39.45, 18|2, 56, N/A, 44.60, 12|3, 56, N/A, 40.39, 18|4, 58, N/A, 51.22, 11|5, 60, N/A, 79.46, 9|6, 56, N/A, 153.57, 22|
09:54:17 0, 56, N/A, 36.72, 20|1, 52, N/A, 39.45, 9|2, 55, N/A, 43.62, 23|3, 55, N/A, 39.40, 9|4, 58, N/A, 49.99, 14|5, 59, N/A, 68.19, 20|6, 56, N/A, 118.24, 12|
09:54:19 0, 55, N/A, 36.96, 10|1, 52, N/A, 40.68, 18|2, 55, N/A, 49.04, 12|3, 55, N/A, 51.93, 18|4, 58, N/A, 99.76, 11|5, 59, N/A, 79.71, 10|6, 55, N/A, 40.12, 15|
09:54:21 0, 55, N/A, 39.67, 15|1, 52, N/A, 46.85, 15|2, 55, N/A, 75.61, 15|3, 55, N/A, 103.64, 18|4, 57, N/A, 60.80, 11|5, 59, N/A, 38.19, 13|6, 55, N/A, 40.39, 12|
09:54:23 0, 56, N/A, 45.34, 20|1, 52, N/A, 59.85, 9|2, 55, N/A, 124.34, 12|3, 55, N/A, 53.41, 9|4, 57, N/A, 38.93, 13|5, 59, N/A, 38.19, 10|6, 55, N/A, 40.61, 12|
09:54:25 0, 55, N/A, 69.46, 10|1, 52, N/A, 104.55, 18|2, 55, N/A, 57.17, 12|3, 55, N/A, 36.47, 18|4, 57, N/A, 38.93, 12|5, 59, N/A, 38.46, 10|6, 55, N/A, 41.86, 20|
09:54:27 0, 55, N/A, 96.19, 16|1, 52, N/A, 38.71, 9|2, 55, N/A, 41.92, 12|3, 55, N/A, 36.69, 9|4, 57, N/A, 39.43, 23|5, 58, N/A, 39.67, 16|6, 55, N/A, 47.01, 12|
09:54:29 0, 55, N/A, 36.49, 10|1, 52, N/A, 38.71, 10|2, 55, N/A, 42.16, 12|3, 55, N/A, 36.94, 9|4, 57, N/A, 40.88, 13|5, 59, N/A, 42.88, 10|6, 55, N/A, 62.48, 25|
09:54:31 0, 55, N/A, 36.24, 10|1, 52, N/A, 39.20, 9|2, 55, N/A, 42.90, 23|3, 55, N/A, 38.66, 18|4, 57, N/A, 47.53, 16|5, 58, N/A, 63.26, 20|6, 55, N/A, 128.23, 21|
09:54:34 0, 55, N/A, 36.72, 17|1, 52, N/A, 39.94, 9|2, 55, N/A, 46.57, 14|3, 55, N/A, 46.05, 9|4, 57, N/A, 77.49, 23|5, 58, N/A, 107.14, 14|6, 55, N/A, 78.63, 12|
09:54:36 0, 55, N/A, 37.21, 10|1, 52, N/A, 42.16, 14|2, 55, N/A, 53.97, 15|3, 54, N/A, 61.53, 11|4, 56, N/A, 113.22, 12|5, 58, N/A, 37.72, 10|6, 55, N/A, 40.12, 24|
09:54:38 0, 55, N/A, 41.89, 20|1, 51, N/A, 52.49, 9|2, 54, N/A, 100.14, 23|3, 54, N/A, 80.88, 9|4, 56, N/A, 38.69, 13|5, 58, N/A, 37.95, 20|6, 55, N/A, 40.36, 15|
09:54:40 0, 55, N/A, 54.71, 10|1, 51, N/A, 84.92, 9|2, 54, N/A, 96.69, 12|3, 54, N/A, 36.22, 9|4, 56, N/A, 38.69, 11|5, 58, N/A, 37.95, 12|6, 54, N/A, 41.12, 16|
09:54:42 0, 54, N/A, 106.22, 16|1, 51, N/A, 65.02, 15|2, 54, N/A, 41.67, 15|3, 54, N/A, 36.20, 16|4, 56, N/A, 38.93, 11|5, 58, N/A, 38.71, 13|6, 55, N/A, 44.55, 25|
09:54:44 0, 54, N/A, 36.22, 20|1, 51, N/A, 38.71, 9|2, 54, N/A, 41.67, 12|3, 54, N/A, 36.69, 9|4, 56, N/A, 39.90, 14|5, 58, N/A, 42.14, 20|6, 55, N/A, 59.28, 12|
09:54:46 0, 54, N/A, 36.00, 10|1, 51, N/A, 38.71, 18|2, 54, N/A, 42.41, 12|3, 54, N/A, 38.17, 18|4, 56, N/A, 45.56, 12|5, 58, N/A, 57.88, 10|6, 54, N/A, 134.67, 18|
09:54:48 0, 54, N/A, 36.47, 16|1, 51, N/A, 39.70, 14|2, 54, N/A, 45.83, 21|3, 54, N/A, 45.31, 9|4, 56, N/A, 74.54, 11|5, 58, N/A, 106.71, 13|6, 54, N/A, 52.89, 12|
09:54:50 0, 54, N/A, 37.72, 20|1, 51, N/A, 42.41, 9|2, 54, N/A, 57.42, 12|3, 54, N/A, 70.84, 14|4, 56, N/A, 101.97, 12|5, 57, N/A, 37.46, 10|6, 54, N/A, 39.89, 12|
09:54:52 0, 54, N/A, 41.65, 10|1, 51, N/A, 52.24, 18|2, 54, N/A, 84.43, 12|3, 54, N/A, 101.97, 18|4, 56, N/A, 72.58, 11|5, 57, N/A, 37.72, 10|6, 54, N/A, 40.12, 20|
09:54:54 0, 54, N/A, 47.81, 16|1, 51, N/A, 66.50, 9|2, 53, N/A, 113.61, 12|3, 54, N/A, 36.22, 9|4, 56, N/A, 38.19, 22|5, 57, N/A, 37.72, 14|6, 54, N/A, 40.14, 12|
09:54:56 0, 54, N/A, 61.81, 10|1, 51, N/A, 98.15, 15|2, 53, N/A, 78.77, 12|3, 54, N/A, 36.22, 14|4, 56, N/A, 38.44, 11|5, 57, N/A, 37.97, 10|6, 54, N/A, 41.35, 24|
09:54:59 0, 54, N/A, 96.19, 10|1, 51, N/A, 38.46, 9|2, 53, N/A, 41.18, 23|3, 54, N/A, 36.22, 9|4, 56, N/A, 38.93, 23|5, 57, N/A, 39.18, 20|6, 54, N/A, 47.26, 12|
09:55:01 0, 54, N/A, 35.98, 10|1, 51, N/A, 38.46, 9|2, 53, N/A, 41.67, 12|3, 54, N/A, 36.69, 9|4, 56, N/A, 40.91, 20|5, 58, N/A, 44.85, 10|6, 54, N/A, 74.25, 19|
09:55:03 0, 54, N/A, 35.98, 10|1, 51, N/A, 38.71, 11|2, 53, N/A, 42.65, 22|3, 54, N/A, 38.42, 13|4, 56, N/A, 48.27, 11|5, 57, N/A, 65.48, 17|6, 54, N/A, 121.68, 25|
09:55:05 0, 54, N/A, 36.74, 20|1, 50, N/A, 40.19, 9|2, 53, N/A, 48.54, 23|3, 54, N/A, 47.53, 9|4, 55, N/A, 85.31, 21|5, 57, N/A, 96.88, 20|6, 54, N/A, 39.87, 12|
09:55:07 0, 54, N/A, 38.93, 10|1, 51, N/A, 45.59, 18|2, 53, N/A, 71.18, 12|3, 54, N/A, 89.98, 9|4, 55, N/A, 78.23, 11|5, 57, N/A, 37.48, 10|6, 54, N/A, 39.90, 16|
09:55:09 0, 54, N/A, 45.83, 15|1, 51, N/A, 62.31, 15|2, 53, N/A, 125.08, 19|3, 54, N/A, 62.76, 10|4, 55, N/A, 38.19, 11|5, 57, N/A, 37.72, 20|6, 54, N/A, 40.12, 12|
09:55:11 0, 54, N/A, 74.33, 20|1, 51, N/A, 98.40, 9|2, 53, N/A, 41.42, 12|3, 54, N/A, 35.97, 9|4, 56, N/A, 38.44, 14|5, 57, N/A, 37.97, 18|6, 54, N/A, 41.84, 12|
09:55:13 0, 54, N/A, 79.25, 10|1, 51, N/A, 38.46, 18|2, 53, N/A, 41.42, 12|3, 54, N/A, 36.22, 19|4, 56, N/A, 38.69, 12|5, 58, N/A, 38.93, 10|6, 55, N/A, 46.76, 21|
09:55:15 0, 54, N/A, 35.98, 14|1, 51, N/A, 38.46, 9|2, 54, N/A, 41.42, 18|3, 54, N/A, 36.69, 10|4, 56, N/A, 40.14, 23|5, 58, N/A, 42.88, 20|6, 55, N/A, 59.77, 12|
09:55:17 0, 54, N/A, 35.98, 10|1, 51, N/A, 38.71, 13|2, 54, N/A, 42.16, 12|3, 54, N/A, 37.68, 12|4, 56, N/A, 45.32, 11|5, 58, N/A, 56.40, 10|6, 55, N/A, 123.89, 12|
09:55:19 0, 54, N/A, 36.24, 10|1, 51, N/A, 39.20, 18|2, 54, N/A, 44.13, 23|3, 54, N/A, 42.11, 18|4, 56, N/A, 61.53, 21|5, 58, N/A, 103.51, 10|6, 55, N/A, 78.14, 16|
09:55:21 0, 54, N/A, 37.21, 13|1, 51, N/A, 41.67, 9|2, 54, N/A, 54.95, 12|3, 54, N/A, 59.56, 9|4, 56, N/A, 115.92, 23|5, 58, N/A, 48.54, 10|6, 55, N/A, 40.12, 12|
09:55:24 0, 55, N/A, 41.40, 10|1, 51, N/A, 51.75, 13|2, 54, N/A, 98.17, 18|3, 54, N/A, 84.08, 11|4, 56, N/A, 38.44, 11|5, 58, N/A, 37.72, 10|6, 55, N/A, 40.39, 24|
09:55:26 0, 55, N/A, 61.81, 10|1, 51, N/A, 104.55, 9|2, 54, N/A, 70.89, 23|3, 54, N/A, 36.22, 9|4, 56, N/A, 38.44, 19|5, 58, N/A, 37.97, 20|6, 55, N/A, 41.59, 15|
09:55:28 0, 54, N/A, 74.09, 11|1, 51, N/A, 38.46, 9|2, 54, N/A, 41.67, 13|3, 54, N/A, 36.22, 9|4, 56, N/A, 38.93, 23|5, 58, N/A, 39.67, 11|6, 55, N/A, 48.49, 15|
09:55:30 0, 55, N/A, 35.98, 10|1, 51, N/A, 38.71, 18|2, 54, N/A, 41.67, 14|3, 54, N/A, 36.96, 17|4, 56, N/A, 40.41, 12|5, 58, N/A, 43.86, 15|6, 55, N/A, 69.09, 24|
09:55:32 0, 55, N/A, 36.22, 20|1, 52, N/A, 38.71, 9|2, 54, N/A, 42.41, 12|3, 54, N/A, 37.92, 9|4, 56, N/A, 44.33, 19|5, 58, N/A, 53.44, 20|6, 55, N/A, 113.89, 12|
09:55:34 0, 54, N/A, 36.00, 4|1, 51, N/A, 38.71, 0|2, 54, N/A, 41.18, 0|3, 54, N/A, 35.98, 0|4, 56, N/A, 38.44, 0|5, 58, N/A, 37.48, 0|6, 55, N/A, 39.90, 12|
09:55:36 0, 60, N/A, 177.51, 100|1, 55, N/A, 173.07, 100|2, 54, N/A, 41.15, 0|3, 54, N/A, 35.95, 0|4, 56, N/A, 38.17, 0|5, 58, N/A, 37.45, 0|6, 55, N/A, 39.62, 0|
09:55:38 0, 57, N/A, 169.79, 0|1, 53, N/A, 45.31, 4|2, 59, N/A, 186.69, 100|3, 56, N/A, 42.82, 24|4, 57, N/A, 174.60, 52|5, 57, N/A, 37.43, 4|6, 54, N/A, 39.84, 4|
09:55:40 0, 59, N/A, 176.66, 100|1, 54, N/A, 45.80, 2|2, 59, N/A, 195.05, 100|3, 55, N/A, 42.05, 0|4, 59, N/A, 46.51, 55|5, 61, N/A, 181.60, 68|6, 57, N/A, 155.64, 100|
09:55:42 0, 60, N/A, 177.74, 100|1, 54, N/A, 46.05, 0|2, 59, N/A, 172.82, 100|3, 56, N/A, 42.57, 0|4, 61, N/A, 149.45, 100|5, 59, N/A, 42.85, 0|6, 56, N/A, 46.73, 0|
09:55:44 0, 60, N/A, 55.37, 100|1, 54, N/A, 171.21, 0|2, 59, N/A, 53.93, 100|3, 57, N/A, 141.92, 0|4, 62, N/A, 168.72, 100|5, 59, N/A, 43.34, 0|6, 57, N/A, 47.71, 0|
09:55:47 0, 59, N/A, 43.58, 46|1, 56, N/A, 196.49, 100|2, 59, N/A, 51.96, 0|3, 59, N/A, 173.75, 100|4, 60, N/A, 46.76, 0|5, 63, N/A, 184.32, 100|6, 57, N/A, 47.22, 0|
09:55:49 0, 58, N/A, 42.60, 0|1, 58, N/A, 190.73, 100|2, 58, N/A, 51.46, 0|3, 59, N/A, 173.74, 100|4, 60, N/A, 46.27, 0|5, 63, N/A, 160.00, 100|6, 57, N/A, 47.22, 0|
09:55:51 0, 58, N/A, 42.85, 0|1, 58, N/A, 152.64, 100|2, 58, N/A, 50.97, 0|3, 60, N/A, 175.21, 100|4, 60, N/A, 46.27, 0|5, 64, N/A, 160.26, 100|6, 57, N/A, 47.22, 0|
09:55:53 0, 60, N/A, 161.79, 46|1, 57, N/A, 48.53, 79|2, 61, N/A, 195.64, 7|3, 59, N/A, 44.27, 49|4, 62, N/A, 187.13, 27|5, 62, N/A, 45.28, 22|6, 60, N/A, 198.89, 100|
09:55:55 0, 61, N/A, 177.64, 100|1, 57, N/A, 47.27, 0|2, 62, N/A, 201.54, 100|3, 58, N/A, 43.80, 5|4, 63, N/A, 170.42, 100|5, 62, N/A, 44.79, 0|6, 60, N/A, 191.78, 100|
09:55:57 0, 61, N/A, 179.59, 100|1, 56, N/A, 47.27, 0|2, 62, N/A, 168.17, 100|3, 58, N/A, 43.53, 0|4, 64, N/A, 179.78, 100|5, 62, N/A, 45.06, 0|6, 61, N/A, 198.89, 100|
09:55:59 0, 62, N/A, 144.55, 100|1, 56, N/A, 47.06, 0|2, 63, N/A, 202.40, 100|3, 58, N/A, 43.31, 0|4, 64, N/A, 181.60, 100|5, 61, N/A, 44.57, 0|6, 59, N/A, 48.94, 37|
09:56:01 0, 62, N/A, 47.77, 85|1, 57, N/A, 165.07, 0|2, 62, N/A, 54.92, 100|3, 59, N/A, 166.16, 17|4, 65, N/A, 170.93, 100|5, 61, N/A, 44.57, 0|6, 59, N/A, 48.45, 0|
09:56:03 0, 61, N/A, 44.32, 26|1, 59, N/A, 164.92, 100|2, 61, N/A, 53.68, 0|3, 61, N/A, 176.93, 64|4, 62, N/A, 48.24, 0|5, 64, N/A, 185.30, 79|6, 58, N/A, 48.20, 0|
09:56:05 0, 60, N/A, 43.83, 0|1, 59, N/A, 191.47, 100|2, 61, N/A, 53.43, 0|3, 61, N/A, 171.14, 100|4, 62, N/A, 47.74, 0|5, 65, N/A, 145.12, 100|6, 58, N/A, 47.96, 0|
09:56:07 0, 60, N/A, 43.58, 0|1, 60, N/A, 166.40, 100|2, 60, N/A, 52.69, 0|3, 62, N/A, 159.39, 100|4, 62, N/A, 47.74, 0|5, 65, N/A, 183.10, 100|6, 58, N/A, 47.96, 0|
09:56:09 0, 60, N/A, 43.58, 0|1, 60, N/A, 182.64, 100|2, 61, N/A, 52.69, 0|3, 62, N/A, 181.81, 100|4, 62, N/A, 47.50, 0|5, 65, N/A, 55.87, 100|6, 59, N/A, 178.70, 0|
09:56:12 0, 60, N/A, 167.08, 0|1, 58, N/A, 49.00, 53|2, 63, N/A, 174.05, 100|3, 60, N/A, 45.25, 99|4, 64, N/A, 189.32, 77|5, 64, N/A, 46.51, 80|6, 60, N/A, 197.67, 64|
09:56:14 0, 62, N/A, 169.55, 27|1, 58, N/A, 48.51, 5|2, 63, N/A, 175.27, 100|3, 60, N/A, 44.27, 5|4, 65, N/A, 161.36, 100|5, 64, N/A, 46.02, 0|6, 61, N/A, 186.26, 100|
09:56:16 0, 63, N/A, 165.93, 100|1, 58, N/A, 48.26, 0|2, 64, N/A, 205.21, 100|3, 59, N/A, 44.27, 0|4, 65, N/A, 191.77, 100|5, 63, N/A, 45.53, 0|6, 62, N/A, 199.10, 100|
09:56:18 0, 63, N/A, 147.40, 100|1, 58, N/A, 48.01, 0|2, 65, N/A, 197.62, 100|3, 60, N/A, 44.02, 0|4, 66, N/A, 147.48, 100|5, 63, N/A, 45.53, 0|6, 62, N/A, 188.22, 100|
09:56:20 0, 64, N/A, 180.81, 100|1, 58, N/A, 47.77, 0|2, 65, N/A, 204.61, 100|3, 59, N/A, 44.05, 0|4, 67, N/A, 191.78, 100|5, 63, N/A, 45.28, 0|6, 61, N/A, 50.14, 77|
09:56:22 0, 64, N/A, 98.27, 100|1, 58, N/A, 100.24, 0|2, 66, N/A, 201.31, 100|3, 59, N/A, 44.05, 0|4, 67, N/A, 193.01, 100|5, 63, N/A, 45.31, 0|6, 60, N/A, 49.41, 0|
09:56:24 0, 62, N/A, 45.55, 81|1, 59, N/A, 189.63, 0|2, 64, N/A, 56.39, 29|3, 61, N/A, 168.83, 10|4, 66, N/A, 51.89, 100|5, 64, N/A, 144.30, 0|6, 60, N/A, 49.16, 0|
09:56:26 0, 62, N/A, 45.03, 52|1, 60, N/A, 168.90, 100|2, 64, N/A, 55.61, 14|3, 62, N/A, 178.53, 100|4, 65, N/A, 49.68, 0|5, 66, N/A, 186.14, 100|6, 60, N/A, 48.66, 0|
09:56:28 0, 62, N/A, 44.54, 0|1, 60, N/A, 179.83, 100|2, 63, N/A, 55.37, 0|3, 62, N/A, 158.55, 100|4, 64, N/A, 49.19, 0|5, 66, N/A, 185.16, 100|6, 60, N/A, 48.66, 0|
09:56:30 0, 62, N/A, 44.29, 0|1, 61, N/A, 191.84, 100|2, 63, N/A, 54.88, 0|3, 62, N/A, 172.74, 100|4, 64, N/A, 49.43, 0|5, 66, N/A, 177.18, 100|6, 60, N/A, 48.66, 0|
09:56:32 0, 61, N/A, 44.29, 0|1, 61, N/A, 189.63, 100|2, 63, N/A, 54.63, 0|3, 63, N/A, 180.24, 100|4, 64, N/A, 48.70, 0|5, 67, N/A, 187.38, 100|6, 59, N/A, 48.42, 0|
09:56:35 0, 61, N/A, 43.80, 0|1, 61, N/A, 155.97, 100|2, 62, N/A, 54.14, 0|3, 63, N/A, 174.85, 100|4, 64, N/A, 48.70, 0|5, 67, N/A, 187.62, 100|6, 59, N/A, 48.42, 0|
09:56:37 0, 61, N/A, 43.80, 0|1, 61, N/A, 116.21, 100|2, 62, N/A, 117.87, 0|3, 62, N/A, 52.10, 100|4, 64, N/A, 193.95, 0|5, 67, N/A, 184.67, 100|6, 59, N/A, 48.42, 0|
09:56:39 0, 61, N/A, 107.49, 0|1, 60, N/A, 50.69, 66|2, 64, N/A, 204.20, 22|3, 62, N/A, 45.96, 53|4, 64, N/A, 183.19, 19|5, 65, N/A, 46.97, 29|6, 60, N/A, 192.51, 20|
09:56:41 0, 61, N/A, 146.32, 17|1, 59, N/A, 49.46, 18|2, 64, N/A, 194.55, 70|3, 61, N/A, 45.47, 44|4, 65, N/A, 191.88, 34|5, 65, N/A, 46.72, 53|6, 61, N/A, 198.03, 96|
09:56:43 0, 62, N/A, 179.71, 22|1, 59, N/A, 49.24, 5|2, 64, N/A, 174.92, 100|3, 60, N/A, 44.98, 0|4, 66, N/A, 191.15, 100|5, 65, N/A, 46.48, 0|6, 61, N/A, 200.23, 100|
09:56:45 0, 63, N/A, 180.22, 100|1, 58, N/A, 48.75, 0|2, 64, N/A, 197.85, 100|3, 60, N/A, 44.76, 0|4, 66, N/A, 167.13, 100|5, 64, N/A, 46.24, 0|6, 61, N/A, 156.76, 100|
09:56:47 0, 63, N/A, 180.22, 100|1, 58, N/A, 48.50, 0|2, 65, N/A, 206.92, 100|3, 60, N/A, 44.51, 6|4, 66, N/A, 194.09, 100|5, 64, N/A, 45.74, 0|6, 61, N/A, 178.20, 100|
09:56:49 0, 63, N/A, 162.18, 100|1, 58, N/A, 48.26, 0|2, 65, N/A, 204.72, 100|3, 60, N/A, 44.27, 0|4, 66, N/A, 193.37, 100|5, 64, N/A, 46.02, 0|6, 61, N/A, 155.53, 100|
09:56:51 0, 63, N/A, 144.70, 100|1, 58, N/A, 48.01, 0|2, 65, N/A, 207.89, 100|3, 60, N/A, 44.27, 0|4, 66, N/A, 193.72, 100|5, 63, N/A, 45.53, 0|6, 61, N/A, 200.11, 100|
09:56:53 0, 63, N/A, 179.73, 100|1, 57, N/A, 47.98, 0|2, 65, N/A, 189.77, 100|3, 59, N/A, 44.24, 0|4, 67, N/A, 189.43, 100|5, 63, N/A, 45.25, 0|6, 62, N/A, 200.72, 100|
09:56:55 0, 63, N/A, 171.99, 100|1, 57, N/A, 47.77, 0|2, 65, N/A, 164.98, 100|3, 59, N/A, 43.75, 0|4, 66, N/A, 198.39, 100|5, 63, N/A, 45.25, 0|6, 61, N/A, 206.20, 100|
09:56:57 0, 63, N/A, 180.81, 100|1, 57, N/A, 47.77, 0|2, 64, N/A, 176.01, 100|3, 59, N/A, 43.77, 0|4, 66, N/A, 179.05, 100|5, 63, N/A, 45.28, 0|6, 60, N/A, 49.90, 100|
09:57:00 0, 63, N/A, 180.32, 100|1, 57, N/A, 47.74, 0|2, 65, N/A, 206.43, 100|3, 59, N/A, 44.02, 0|4, 66, N/A, 187.82, 100|5, 63, N/A, 45.28, 0|6, 60, N/A, 49.89, 89|
09:57:02 0, 63, N/A, 178.50, 100|1, 57, N/A, 47.74, 0|2, 65, N/A, 206.05, 100|3, 59, N/A, 43.77, 0|4, 67, N/A, 191.66, 100|5, 63, N/A, 45.28, 0|6, 59, N/A, 49.62, 100|
09:57:04 0, 63, N/A, 155.07, 100|1, 57, N/A, 47.49, 0|2, 65, N/A, 206.79, 100|3, 59, N/A, 43.75, 0|4, 66, N/A, 193.11, 100|5, 63, N/A, 45.00, 0|6, 59, N/A, 48.88, 0|
09:57:06 0, 63, N/A, 177.90, 100|1, 57, N/A, 47.49, 0|2, 65, N/A, 157.03, 100|3, 59, N/A, 43.75, 0|4, 66, N/A, 192.37, 100|5, 62, N/A, 45.01, 0|6, 59, N/A, 48.88, 59|
09:57:08 0, 63, N/A, 157.77, 100|1, 57, N/A, 47.46, 0|2, 65, N/A, 201.29, 100|3, 59, N/A, 43.74, 0|4, 67, N/A, 181.71, 100|5, 62, N/A, 45.01, 0|6, 59, N/A, 48.88, 0|
09:57:10 0, 62, N/A, 51.40, 89|1, 57, N/A, 193.54, 0|2, 65, N/A, 172.37, 100|3, 59, N/A, 43.74, 0|4, 67, N/A, 192.86, 100|5, 62, N/A, 44.76, 0|6, 58, N/A, 48.39, 0|
09:57:12 0, 63, N/A, 145.75, 100|1, 56, N/A, 47.24, 0|2, 65, N/A, 70.29, 100|3, 59, N/A, 160.15, 0|4, 67, N/A, 193.73, 100|5, 62, N/A, 44.73, 0|6, 58, N/A, 48.60, 0|
09:57:14 0, 63, N/A, 142.55, 100|1, 56, N/A, 74.42, 0|2, 65, N/A, 190.76, 100|3, 59, N/A, 43.47, 0|4, 66, N/A, 62.85, 100|5, 62, N/A, 173.31, 0|6, 58, N/A, 48.36, 6|
09:57:16 0, 62, N/A, 45.74, 100|1, 57, N/A, 169.01, 0|2, 65, N/A, 199.82, 100|3, 58, N/A, 43.74, 0|4, 67, N/A, 173.54, 100|5, 62, N/A, 44.76, 0|6, 58, N/A, 48.39, 0|
09:57:18 0, 62, N/A, 77.58, 93|1, 56, N/A, 130.95, 0|2, 64, N/A, 59.97, 100|3, 59, N/A, 163.25, 0|4, 67, N/A, 167.28, 100|5, 62, N/A, 45.00, 0|6, 58, N/A, 48.36, 0|
09:57:20 0, 62, N/A, 62.67, 100|1, 56, N/A, 148.03, 0|2, 65, N/A, 131.94, 100|3, 58, N/A, 86.85, 0|4, 66, N/A, 63.13, 92|5, 63, N/A, 175.61, 0|6, 58, N/A, 48.39, 0|
09:57:23 0, 62, N/A, 45.49, 100|1, 57, N/A, 176.99, 0|2, 65, N/A, 192.33, 100|3, 58, N/A, 43.74, 0|4, 66, N/A, 175.25, 100|5, 62, N/A, 44.76, 0|6, 58, N/A, 48.39, 0|
09:57:25 0, 62, N/A, 113.13, 100|1, 56, N/A, 94.09, 0|2, 64, N/A, 66.15, 91|3, 58, N/A, 156.11, 0|4, 66, N/A, 190.43, 100|5, 62, N/A, 45.01, 0|6, 58, N/A, 48.39, 0|
09:57:27 0, 62, N/A, 177.75, 100|1, 56, N/A, 47.00, 0|2, 65, N/A, 162.42, 100|3, 58, N/A, 43.50, 0|4, 66, N/A, 186.62, 100|5, 62, N/A, 44.51, 0|6, 58, N/A, 48.39, 6|
09:57:29 0, 62, N/A, 101.46, 100|1, 56, N/A, 100.72, 0|2, 65, N/A, 201.67, 100|3, 58, N/A, 43.53, 0|4, 66, N/A, 193.97, 100|5, 62, N/A, 44.79, 0|6, 58, N/A, 48.42, 0|
09:57:31 0, 62, N/A, 176.17, 100|1, 56, N/A, 47.03, 0|2, 65, N/A, 167.43, 100|3, 58, N/A, 43.53, 0|4, 66, N/A, 193.01, 100|5, 62, N/A, 44.79, 0|6, 58, N/A, 48.67, 34|
09:57:33 0, 62, N/A, 141.27, 100|1, 56, N/A, 47.03, 0|2, 65, N/A, 205.94, 100|3, 58, N/A, 43.28, 0|4, 66, N/A, 192.50, 100|5, 62, N/A, 44.79, 0|6, 58, N/A, 48.66, 4|
09:57:35 0, 62, N/A, 150.98, 100|1, 56, N/A, 47.03, 0|2, 65, N/A, 205.09, 100|3, 58, N/A, 43.28, 0|4, 66, N/A, 192.15, 100|5, 62, N/A, 44.79, 0|6, 58, N/A, 48.66, 44|
09:57:37 0, 62, N/A, 181.05, 100|1, 56, N/A, 47.03, 0|2, 65, N/A, 206.43, 100|3, 58, N/A, 43.53, 0|4, 65, N/A, 170.32, 100|5, 62, N/A, 44.79, 0|6, 58, N/A, 48.91, 49|
09:57:39 0, 62, N/A, 179.60, 100|1, 56, N/A, 47.03, 0|2, 64, N/A, 203.01, 100|3, 58, N/A, 43.28, 0|4, 65, N/A, 171.22, 100|5, 62, N/A, 44.54, 0|6, 59, N/A, 49.65, 100|
09:57:41 0, 62, N/A, 179.60, 100|1, 56, N/A, 47.03, 0|2, 64, N/A, 164.82, 100|3, 58, N/A, 43.56, 0|4, 65, N/A, 191.77, 100|5, 62, N/A, 44.79, 0|6, 59, N/A, 49.90, 73|
09:57:43 0, 62, N/A, 174.44, 100|1, 56, N/A, 47.02, 0|2, 64, N/A, 201.40, 100|3, 58, N/A, 43.53, 0|4, 65, N/A, 161.50, 100|5, 62, N/A, 45.03, 0|6, 60, N/A, 172.17, 100|
09:57:45 0, 61, N/A, 155.64, 100|1, 56, N/A, 47.03, 0|2, 64, N/A, 173.07, 100|3, 58, N/A, 43.53, 0|4, 66, N/A, 152.06, 100|5, 62, N/A, 45.03, 0|6, 60, N/A, 198.40, 100|
09:57:48 0, 61, N/A, 174.34, 100|1, 56, N/A, 47.52, 0|2, 64, N/A, 201.75, 100|3, 58, N/A, 43.75, 0|4, 66, N/A, 194.09, 100|5, 62, N/A, 44.76, 0|6, 60, N/A, 200.23, 100|
09:57:50 0, 61, N/A, 141.01, 100|1, 56, N/A, 47.52, 0|2, 64, N/A, 203.99, 100|3, 59, N/A, 43.53, 0|4, 65, N/A, 192.39, 100|5, 62, N/A, 45.01, 0|6, 59, N/A, 181.10, 100|
09:57:52 0, 61, N/A, 179.24, 100|1, 56, N/A, 47.49, 0|2, 64, N/A, 203.95, 100|3, 58, N/A, 43.99, 0|4, 65, N/A, 185.29, 100|5, 62, N/A, 45.25, 0|6, 59, N/A, 206.44, 100|
09:57:54 0, 61, N/A, 178.75, 100|1, 57, N/A, 47.76, 0|2, 63, N/A, 165.20, 100|3, 59, N/A, 43.99, 0|4, 65, N/A, 193.60, 100|5, 62, N/A, 45.28, 0|6, 59, N/A, 157.59, 100|
09:57:56 0, 60, N/A, 170.75, 56|1, 57, N/A, 48.01, 0|2, 63, N/A, 176.39, 100|3, 59, N/A, 44.27, 7|4, 65, N/A, 155.38, 100|5, 63, N/A, 45.49, 4|6, 59, N/A, 194.46, 100|
09:57:58 0, 60, N/A, 162.18, 48|1, 57, N/A, 48.26, 0|2, 63, N/A, 171.09, 96|3, 59, N/A, 44.27, 5|4, 65, N/A, 165.43, 100|5, 63, N/A, 45.74, 7|6, 59, N/A, 198.76, 100|
09:58:00 0, 59, N/A, 181.69, 0|1, 57, N/A, 48.75, 10|2, 63, N/A, 203.46, 84|3, 60, N/A, 45.00, 100|4, 64, N/A, 191.17, 75|5, 63, N/A, 46.23, 95|6, 58, N/A, 194.95, 44|
09:58:02 0, 58, N/A, 42.57, 0|1, 58, N/A, 48.97, 97|2, 62, N/A, 201.54, 0|3, 61, N/A, 50.38, 100|4, 62, N/A, 189.06, 0|5, 64, N/A, 56.07, 100|6, 56, N/A, 183.96, 20|
09:58:04 0, 59, N/A, 42.82, 0|1, 59, N/A, 177.96, 100|2, 60, N/A, 52.66, 0|3, 61, N/A, 162.62, 100|4, 62, N/A, 47.47, 0|5, 65, N/A, 185.41, 100|6, 56, N/A, 46.94, 0|
09:58:06 0, 59, N/A, 43.09, 0|1, 59, N/A, 168.64, 100|2, 60, N/A, 52.91, 0|3, 62, N/A, 175.94, 100|4, 62, N/A, 47.47, 0|5, 65, N/A, 185.91, 100|6, 56, N/A, 46.95, 0|
09:58:08 0, 59, N/A, 43.06, 0|1, 59, N/A, 180.67, 100|2, 61, N/A, 52.92, 0|3, 61, N/A, 178.28, 100|4, 62, N/A, 47.71, 0|5, 64, N/A, 175.48, 100|6, 56, N/A, 46.94, 0|
09:58:11 0, 59, N/A, 43.06, 0|1, 58, N/A, 190.61, 100|2, 61, N/A, 53.15, 0|3, 61, N/A, 160.01, 100|4, 62, N/A, 48.20, 0|5, 64, N/A, 148.21, 100|6, 56, N/A, 46.94, 0|
09:58:13 0, 59, N/A, 43.56, 0|1, 58, N/A, 186.45, 100|2, 61, N/A, 53.65, 0|3, 60, N/A, 142.57, 100|4, 63, N/A, 48.20, 0|5, 64, N/A, 186.89, 100|6, 56, N/A, 47.19, 0|
09:58:15 0, 59, N/A, 43.53, 0|1, 58, N/A, 164.71, 100|2, 61, N/A, 54.38, 9|3, 60, N/A, 178.41, 100|4, 63, N/A, 48.91, 15|5, 63, N/A, 182.70, 100|6, 57, N/A, 47.17, 0|
09:58:17 0, 60, N/A, 44.27, 61|1, 57, N/A, 188.76, 0|2, 62, N/A, 54.84, 12|3, 60, N/A, 177.43, 30|4, 64, N/A, 49.87, 46|5, 62, N/A, 189.18, 0|6, 57, N/A, 47.40, 0|
09:58:19 0, 62, N/A, 68.53, 94|1, 55, N/A, 142.64, 0|2, 64, N/A, 198.97, 100|3, 58, N/A, 43.25, 0|4, 66, N/A, 130.56, 100|5, 61, N/A, 82.25, 0|6, 57, N/A, 47.90, 0|
09:58:21 0, 62, N/A, 176.66, 100|1, 56, N/A, 46.72, 0|2, 64, N/A, 206.18, 100|3, 58, N/A, 43.25, 0|4, 65, N/A, 192.75, 100|5, 61, N/A, 44.51, 0|6, 57, N/A, 48.14, 0|
09:58:23 0, 62, N/A, 180.33, 100|1, 56, N/A, 46.72, 0|2, 64, N/A, 203.96, 100|3, 58, N/A, 43.23, 0|4, 65, N/A, 184.92, 100|5, 61, N/A, 44.49, 0|6, 59, N/A, 66.98, 100|
09:58:25 0, 61, N/A, 153.23, 100|1, 56, N/A, 46.97, 0|2, 63, N/A, 178.60, 100|3, 58, N/A, 43.23, 0|4, 65, N/A, 163.74, 100|5, 62, N/A, 44.48, 0|6, 59, N/A, 198.11, 100|
09:58:27 0, 61, N/A, 142.55, 100|1, 56, N/A, 47.21, 0|2, 64, N/A, 204.70, 100|3, 58, N/A, 43.72, 0|4, 64, N/A, 189.32, 100|5, 62, N/A, 44.73, 0|6, 59, N/A, 191.77, 100|
09:58:29 0, 60, N/A, 178.27, 100|1, 56, N/A, 47.46, 7|2, 63, N/A, 192.81, 100|3, 58, N/A, 43.96, 8|4, 65, N/A, 156.51, 100|5, 62, N/A, 45.22, 0|6, 59, N/A, 196.88, 100|
09:58:31 0, 59, N/A, 177.87, 0|1, 57, N/A, 47.94, 7|2, 63, N/A, 191.72, 100|3, 59, N/A, 44.21, 8|4, 65, N/A, 191.89, 100|5, 63, N/A, 45.71, 0|6, 58, N/A, 196.40, 68|
09:58:33 0, 58, N/A, 42.54, 0|1, 57, N/A, 48.94, 100|2, 62, N/A, 199.45, 65|3, 61, N/A, 48.39, 100|4, 62, N/A, 166.06, 0|5, 64, N/A, 46.97, 100|6, 57, N/A, 165.21, 19|
09:58:36 0, 58, N/A, 42.79, 0|1, 58, N/A, 149.99, 100|2, 60, N/A, 52.63, 0|3, 61, N/A, 142.38, 100|4, 62, N/A, 47.43, 0|5, 65, N/A, 187.13, 100|6, 56, N/A, 46.64, 0|
09:58:38 0, 59, N/A, 42.79, 0|1, 59, N/A, 192.56, 100|2, 61, N/A, 52.87, 0|3, 61, N/A, 178.15, 100|4, 62, N/A, 47.68, 0|5, 64, N/A, 172.89, 100|6, 56, N/A, 46.89, 0|
09:58:40 0, 59, N/A, 43.04, 0|1, 58, N/A, 165.84, 100|2, 61, N/A, 53.37, 0|3, 60, N/A, 142.87, 100|4, 62, N/A, 47.93, 0|5, 64, N/A, 155.13, 100|6, 56, N/A, 46.91, 0|
09:58:42 0, 59, N/A, 43.53, 0|1, 58, N/A, 168.29, 100|2, 61, N/A, 54.10, 12|3, 60, N/A, 180.61, 100|4, 63, N/A, 48.91, 40|5, 63, N/A, 182.34, 86|6, 56, N/A, 47.16, 0|
09:58:44 0, 60, N/A, 44.51, 100|1, 56, N/A, 186.80, 44|2, 62, N/A, 55.58, 78|3, 58, N/A, 172.78, 56|4, 65, N/A, 51.83, 98|5, 62, N/A, 152.44, 30|6, 57, N/A, 47.40, 0|
09:58:46 0, 62, N/A, 176.43, 100|1, 55, N/A, 46.47, 0|2, 64, N/A, 206.90, 100|3, 58, N/A, 43.01, 0|4, 66, N/A, 193.97, 100|5, 61, N/A, 44.27, 0|6, 57, N/A, 48.12, 0|
09:58:48 0, 62, N/A, 178.88, 100|1, 55, N/A, 46.72, 0|2, 63, N/A, 196.87, 100|3, 58, N/A, 43.25, 0|4, 65, N/A, 162.77, 100|5, 61, N/A, 44.49, 0|6, 59, N/A, 54.99, 100|
09:58:50 0, 61, N/A, 153.75, 100|1, 56, N/A, 46.72, 0|2, 64, N/A, 180.80, 100|3, 58, N/A, 43.47, 0|4, 65, N/A, 193.36, 100|5, 61, N/A, 44.48, 0|6, 59, N/A, 198.36, 100|
09:58:52 0, 61, N/A, 180.47, 100|1, 56, N/A, 47.46, 0|2, 63, N/A, 190.01, 100|3, 58, N/A, 43.72, 8|4, 64, N/A, 185.13, 100|5, 62, N/A, 44.97, 0|6, 59, N/A, 155.58, 100|
09:58:54 0, 59, N/A, 145.49, 67|1, 57, N/A, 47.95, 7|2, 63, N/A, 161.66, 100|3, 59, N/A, 44.45, 21|4, 64, N/A, 189.81, 70|5, 62, N/A, 45.71, 8|6, 58, N/A, 197.66, 100|
09:58:56 0, 58, N/A, 42.79, 0|1, 57, N/A, 49.18, 63|2, 61, N/A, 201.29, 23|3, 61, N/A, 54.77, 100|4, 62, N/A, 173.54, 5|5, 64, N/A, 160.43, 100|6, 56, N/A, 46.89, 0|
09:58:58 0, 58, N/A, 43.04, 0|1, 59, N/A, 165.82, 100|2, 60, N/A, 52.63, 0|3, 61, N/A, 178.40, 100|4, 62, N/A, 47.40, 0|5, 64, N/A, 185.42, 100|6, 56, N/A, 46.64, 0|
09:59:01 0, 59, N/A, 43.04, 0|1, 58, N/A, 190.61, 100|2, 61, N/A, 53.37, 0|3, 60, N/A, 175.36, 100|4, 62, N/A, 47.92, 0|5, 64, N/A, 150.48, 100|6, 56, N/A, 46.91, 0|
09:59:03 0, 59, N/A, 43.52, 0|1, 58, N/A, 154.57, 100|2, 61, N/A, 54.10, 0|3, 60, N/A, 178.78, 100|4, 63, N/A, 48.88, 23|5, 63, N/A, 183.47, 98|6, 56, N/A, 46.88, 0|
09:59:05 0, 60, N/A, 45.49, 100|1, 56, N/A, 166.08, 34|2, 63, N/A, 56.32, 82|3, 58, N/A, 151.10, 0|4, 66, N/A, 67.27, 99|5, 61, N/A, 145.83, 0|6, 57, N/A, 47.38, 0|
09:59:07 0, 62, N/A, 153.75, 100|1, 55, N/A, 46.72, 0|2, 64, N/A, 206.65, 100|3, 58, N/A, 43.01, 0|4, 65, N/A, 191.29, 100|5, 61, N/A, 44.24, 0|6, 58, N/A, 48.36, 96|
09:59:09 0, 61, N/A, 162.07, 100|1, 55, N/A, 46.99, 0|2, 64, N/A, 174.41, 100|3, 58, N/A, 43.23, 0|4, 66, N/A, 190.05, 100|5, 61, N/A, 44.49, 0|6, 60, N/A, 199.85, 100|
09:59:11 0, 61, N/A, 179.61, 100|1, 56, N/A, 46.97, 0|2, 63, N/A, 205.43, 100|3, 58, N/A, 43.47, 0|4, 65, N/A, 182.60, 100|5, 62, N/A, 44.73, 0|6, 58, N/A, 164.89, 100|
09:59:13 0, 59, N/A, 138.88, 32|1, 57, N/A, 47.95, 7|2, 62, N/A, 195.97, 100|3, 59, N/A, 44.21, 0|4, 65, N/A, 187.61, 100|5, 62, N/A, 45.47, 28|6, 58, N/A, 198.63, 100|
09:59:15 0, 58, N/A, 42.54, 0|1, 58, N/A, 50.66, 100|2, 61, N/A, 199.94, 0|3, 61, N/A, 167.99, 100|4, 61, N/A, 47.19, 0|5, 65, N/A, 104.72, 100|6, 55, N/A, 104.89, 0|
09:59:17 0, 58, N/A, 42.79, 0|1, 59, N/A, 187.03, 100|2, 60, N/A, 52.59, 0|3, 61, N/A, 180.01, 100|4, 62, N/A, 47.68, 0|5, 64, N/A, 180.14, 100|6, 56, N/A, 46.64, 0|
09:59:19 0, 59, N/A, 43.04, 0|1, 57, N/A, 154.82, 100|2, 61, N/A, 53.37, 0|3, 60, N/A, 151.68, 100|4, 63, N/A, 48.17, 0|5, 64, N/A, 156.62, 100|6, 56, N/A, 46.89, 0|
09:59:21 0, 59, N/A, 43.77, 11|1, 57, N/A, 190.73, 100|2, 62, N/A, 54.84, 22|3, 59, N/A, 174.99, 19|4, 64, N/A, 49.16, 0|5, 62, N/A, 172.43, 29|6, 56, N/A, 47.16, 0|
09:59:24 0, 61, N/A, 171.86, 100|1, 55, N/A, 46.51, 0|2, 64, N/A, 177.77, 100|3, 57, N/A, 43.01, 0|4, 66, N/A, 194.09, 100|5, 61, N/A, 44.27, 0|6, 57, N/A, 47.90, 6|
09:59:26 0, 61, N/A, 176.66, 100|1, 55, N/A, 46.75, 0|2, 64, N/A, 192.69, 100|3, 58, N/A, 43.25, 0|4, 65, N/A, 153.57, 100|5, 61, N/A, 44.51, 0|6, 59, N/A, 174.89, 100|
09:59:28 0, 61, N/A, 154.24, 100|1, 56, N/A, 46.97, 0|2, 64, N/A, 205.92, 100|3, 58, N/A, 43.47, 0|4, 65, N/A, 191.89, 100|5, 61, N/A, 44.73, 0|6, 58, N/A, 184.31, 100|
09:59:30 0, 59, N/A, 158.15, 61|1, 56, N/A, 47.95, 8|2, 63, N/A, 200.16, 100|3, 59, N/A, 44.21, 25|4, 65, N/A, 191.52, 100|5, 62, N/A, 45.22, 8|6, 58, N/A, 199.12, 100|
09:59:32 0, 58, N/A, 42.54, 0|1, 57, N/A, 49.18, 100|2, 62, N/A, 203.00, 0|3, 61, N/A, 141.16, 100|4, 62, N/A, 47.44, 0|5, 65, N/A, 169.97, 100|6, 55, N/A, 46.67, 0|
09:59:34 0, 58, N/A, 42.79, 0|1, 59, N/A, 192.32, 100|2, 60, N/A, 52.87, 0|3, 61, N/A, 180.12, 100|4, 62, N/A, 47.92, 0|5, 64, N/A, 178.18, 100|6, 56, N/A, 46.67, 0|
09:59:36 0, 59, N/A, 43.28, 0|1, 57, N/A, 162.99, 100|2, 61, N/A, 53.61, 0|3, 60, N/A, 176.21, 100|4, 63, N/A, 48.42, 0|5, 64, N/A, 184.80, 100|6, 56, N/A, 46.91, 0|
09:59:38 0, 60, N/A, 44.02, 48|1, 57, N/A, 188.53, 5|2, 63, N/A, 56.07, 63|3, 58, N/A, 149.33, 0|4, 66, N/A, 149.59, 100|5, 60, N/A, 49.90, 0|6, 56, N/A, 47.16, 0|
09:59:40 0, 62, N/A, 179.48, 100|1, 55, N/A, 46.51, 0|2, 64, N/A, 206.30, 100|3, 57, N/A, 43.01, 0|4, 65, N/A, 178.54, 100|5, 61, N/A, 44.27, 0|6, 58, N/A, 48.88, 100|
09:59:42 0, 61, N/A, 140.84, 100|1, 55, N/A, 46.97, 0|2, 64, N/A, 206.65, 100|3, 58, N/A, 43.23, 0|4, 66, N/A, 194.20, 100|5, 61, N/A, 44.48, 0|6, 59, N/A, 198.39, 100|
09:59:44 0, 60, N/A, 178.14, 78|1, 56, N/A, 47.74, 0|2, 63, N/A, 182.15, 100|3, 58, N/A, 43.97, 0|4, 65, N/A, 185.41, 100|5, 62, N/A, 44.98, 0|6, 59, N/A, 168.65, 100|
09:59:46 0, 58, N/A, 42.54, 0|1, 57, N/A, 48.69, 100|2, 62, N/A, 203.00, 0|3, 60, N/A, 51.33, 100|4, 62, N/A, 189.43, 0|5, 64, N/A, 188.46, 100|6, 55, N/A, 46.91, 0|
09:59:49 0, 58, N/A, 43.03, 0|1, 59, N/A, 192.32, 100|2, 60, N/A, 52.84, 0|3, 61, N/A, 180.25, 100|4, 62, N/A, 47.43, 0|5, 64, N/A, 182.83, 100|6, 56, N/A, 46.64, 0|
09:59:51 0, 59, N/A, 43.28, 0|1, 57, N/A, 154.08, 100|2, 61, N/A, 53.86, 0|3, 60, N/A, 179.52, 100|4, 63, N/A, 48.39, 0|5, 64, N/A, 187.62, 100|6, 56, N/A, 46.89, 0|
09:59:53 0, 60, N/A, 44.27, 100|1, 56, N/A, 189.00, 48|2, 63, N/A, 60.71, 100|3, 58, N/A, 164.79, 18|4, 66, N/A, 163.37, 100|5, 60, N/A, 44.02, 0|6, 56, N/A, 47.40, 0|
09:59:55 0, 62, N/A, 179.35, 100|1, 55, N/A, 46.47, 0|2, 64, N/A, 205.43, 100|3, 58, N/A, 42.98, 0|4, 65, N/A, 158.86, 100|5, 61, N/A, 44.24, 0|6, 59, N/A, 95.82, 100|
09:59:57 0, 61, N/A, 176.56, 100|1, 55, N/A, 46.96, 0|2, 64, N/A, 205.68, 100|3, 58, N/A, 43.23, 0|4, 65, N/A, 192.25, 100|5, 61, N/A, 44.73, 0|6, 58, N/A, 152.25, 100|
09:59:59 0, 59, N/A, 155.95, 75|1, 56, N/A, 47.95, 8|2, 63, N/A, 168.44, 100|3, 59, N/A, 44.21, 12|4, 64, N/A, 191.03, 80|5, 62, N/A, 45.47, 8|6, 58, N/A, 198.39, 100|
10:00:01 0, 58, N/A, 42.57, 0|1, 58, N/A, 175.15, 100|2, 60, N/A, 52.38, 0|3, 61, N/A, 153.16, 100|4, 62, N/A, 47.44, 0|5, 65, N/A, 186.77, 100|6, 56, N/A, 46.43, 0|
10:00:03 0, 57, N/A, 36.92, 0|1, 54, N/A, 46.05, 0|2, 61, N/A, 53.65, 0|3, 60, N/A, 164.93, 100|4, 62, N/A, 48.20, 0|5, 64, N/A, 194.10, 100|6, 56, N/A, 46.95, 1|
10:00:05 0, 56, N/A, 36.69, 0|1, 53, N/A, 39.40, 0|2, 59, N/A, 52.17, 0|3, 57, N/A, 42.79, 0|4, 64, N/A, 49.93, 47|5, 62, N/A, 142.59, 8|6, 56, N/A, 47.19, 0|
10:00:07 0, 56, N/A, 111.25, 13|1, 53, N/A, 38.93, 2|2, 58, N/A, 43.83, 0|3, 56, N/A, 37.16, 2|4, 61, N/A, 46.27, 2|5, 61, N/A, 44.08, 2|6, 57, N/A, 48.45, 7|
10:00:09 0, 57, N/A, 42.11, 0|1, 57, N/A, 170.86, 100|2, 57, N/A, 42.82, 0|3, 56, N/A, 36.42, 0|4, 60, N/A, 39.87, 0|5, 59, N/A, 38.17, 0|6, 55, N/A, 46.24, 0|
10:00:12 0, 56, N/A, 41.62, 0|1, 53, N/A, 45.07, 0|2, 59, N/A, 51.97, 0|3, 58, N/A, 148.46, 100|4, 59, N/A, 39.62, 0|5, 59, N/A, 37.92, 0|6, 54, N/A, 39.11, 0|
10:00:14 0, 55, N/A, 41.62, 0|1, 53, N/A, 44.60, 0|2, 57, N/A, 50.48, 0|3, 56, N/A, 42.33, 0|4, 64, N/A, 72.28, 97|5, 59, N/A, 113.63, 0|6, 54, N/A, 39.11, 0|
10:00:16 0, 55, N/A, 41.62, 0|1, 52, N/A, 44.60, 0|2, 57, N/A, 50.24, 0|3, 56, N/A, 42.08, 0|4, 60, N/A, 46.03, 0|5, 60, N/A, 43.59, 0|6, 58, N/A, 71.01, 100|
10:00:18 0, 56, N/A, 42.87, 13|1, 53, N/A, 47.56, 11|2, 58, N/A, 64.52, 24|3, 56, N/A, 78.66, 11|4, 60, N/A, 142.78, 22|5, 60, N/A, 43.86, 17|6, 55, N/A, 46.52, 14|
10:00:20 0, 56, N/A, 69.94, 15|1, 53, N/A, 131.71, 11|2, 57, N/A, 90.53, 15|3, 56, N/A, 42.60, 11|4, 60, N/A, 46.54, 15|5, 59, N/A, 44.11, 12|6, 55, N/A, 48.00, 14|
10:00:22 0, 56, N/A, 42.38, 12|1, 53, N/A, 45.58, 11|2, 57, N/A, 51.74, 15|3, 56, N/A, 42.85, 11|4, 60, N/A, 49.01, 15|5, 60, N/A, 52.96, 12|6, 55, N/A, 88.21, 14|
10:00:24 0, 56, N/A, 42.38, 12|1, 53, N/A, 46.08, 20|2, 58, N/A, 56.18, 15|3, 56, N/A, 53.65, 18|4, 60, N/A, 114.69, 15|5, 59, N/A, 116.17, 12|6, 55, N/A, 46.27, 23|
10:00:26 0, 56, N/A, 49.28, 12|1, 53, N/A, 68.46, 11|2, 57, N/A, 169.53, 21|3, 56, N/A, 55.13, 11|4, 59, N/A, 46.30, 15|5, 59, N/A, 43.86, 12|6, 55, N/A, 47.01, 14|
10:00:28 0, 56, N/A, 103.21, 21|1, 53, N/A, 45.34, 11|2, 57, N/A, 51.50, 15|3, 56, N/A, 42.60, 11|4, 60, N/A, 47.28, 23|5, 59, N/A, 46.57, 12|6, 55, N/A, 61.50, 14|
10:00:30 0, 56, N/A, 42.38, 12|1, 53, N/A, 45.86, 11|2, 57, N/A, 53.22, 15|3, 56, N/A, 47.50, 11|4, 60, N/A, 76.51, 15|5, 59, N/A, 147.70, 12|6, 55, N/A, 78.82, 14|
10:00:32 0, 56, N/A, 46.32, 12|1, 53, N/A, 58.40, 15|2, 57, N/A, 124.42, 15|3, 56, N/A, 110.99, 11|4, 59, N/A, 46.05, 15|5, 59, N/A, 43.62, 12|6, 55, N/A, 46.76, 23|
10:00:34 0, 56, N/A, 136.06, 12|1, 52, N/A, 45.34, 11|2, 57, N/A, 51.26, 15|3, 56, N/A, 42.60, 11|4, 59, N/A, 46.54, 15|5, 59, N/A, 44.85, 12|6, 56, N/A, 52.92, 14|
10:00:37 0, 56, N/A, 42.38, 16|1, 53, N/A, 45.37, 11|2, 57, N/A, 51.99, 17|3, 56, N/A, 44.57, 11|4, 60, N/A, 58.08, 24|5, 60, N/A, 87.82, 21|6, 55, N/A, 145.31, 14|
10:00:39 0, 56, N/A, 43.37, 12|1, 53, N/A, 48.79, 11|2, 58, N/A, 73.60, 15|3, 56, N/A, 93.86, 11|4, 59, N/A, 130.02, 15|5, 59, N/A, 43.62, 12|6, 55, N/A, 46.76, 14|
10:00:41 0, 56, N/A, 70.89, 12|1, 52, N/A, 138.60, 13|2, 57, N/A, 92.21, 15|3, 56, N/A, 42.36, 11|4, 59, N/A, 46.05, 15|5, 59, N/A, 43.86, 12|6, 55, N/A, 47.50, 15|
10:00:43 0, 55, N/A, 42.13, 12|1, 52, N/A, 45.34, 13|2, 57, N/A, 51.25, 15|3, 56, N/A, 42.85, 18|4, 59, N/A, 48.27, 15|5, 59, N/A, 52.21, 12|6, 55, N/A, 93.81, 21|
10:00:45 0, 56, N/A, 42.38, 12|1, 52, N/A, 46.11, 11|2, 57, N/A, 55.69, 19|3, 56, N/A, 53.16, 11|4, 59, N/A, 109.06, 20|5, 59, N/A, 120.52, 16|6, 55, N/A, 46.52, 14|
10:00:47 0, 56, N/A, 47.80, 13|1, 53, N/A, 63.78, 11|2, 57, N/A, 171.98, 15|3, 55, N/A, 71.09, 11|4, 59, N/A, 46.05, 18|5, 59, N/A, 43.62, 12|6, 55, N/A, 46.76, 14|
10:00:49 0, 55, N/A, 79.95, 13|1, 52, N/A, 45.34, 11|2, 57, N/A, 51.01, 15|3, 56, N/A, 42.36, 11|4, 59, N/A, 46.54, 15|5, 59, N/A, 45.83, 12|6, 55, N/A, 57.56, 14|
10:00:51 0, 55, N/A, 36.96, 13|1, 52, N/A, 40.93, 12|2, 57, N/A, 66.00, 15|3, 56, N/A, 83.33, 11|4, 59, N/A, 138.13, 15|5, 59, N/A, 43.62, 12|6, 55, N/A, 46.52, 14|
10:00:53 0, 55, N/A, 36.47, 18|1, 52, N/A, 38.96, 12|2, 56, N/A, 43.89, 16|3, 55, N/A, 39.89, 12|4, 59, N/A, 71.83, 15|5, 59, N/A, 139.18, 12|6, 55, N/A, 95.28, 14|
10:00:55 0, 55, N/A, 36.22, 13|1, 52, N/A, 39.20, 12|2, 56, N/A, 43.37, 16|3, 55, N/A, 39.15, 12|4, 58, N/A, 57.10, 16|5, 59, N/A, 111.07, 13|6, 55, N/A, 102.59, 14|
10:00:57 0, 55, N/A, 36.22, 16|1, 52, N/A, 39.67, 12|2, 56, N/A, 46.82, 16|3, 55, N/A, 49.96, 12|4, 58, N/A, 127.64, 19|5, 58, N/A, 69.62, 13|6, 54, N/A, 39.87, 15|
10:00:59 0, 55, N/A, 38.46, 13|1, 52, N/A, 46.57, 12|2, 56, N/A, 97.68, 16|3, 55, N/A, 89.68, 12|4, 58, N/A, 39.43, 16|5, 58, N/A, 37.95, 13|6, 54, N/A, 40.12, 15|
10:01:02 0, 55, N/A, 61.58, 13|1, 52, N/A, 116.54, 14|2, 55, N/A, 58.15, 16|3, 55, N/A, 36.47, 12|4, 58, N/A, 39.18, 16|5, 58, N/A, 37.97, 13|6, 54, N/A, 40.64, 15|
10:01:04 0, 54, N/A, 71.63, 16|1, 51, N/A, 38.71, 12|2, 55, N/A, 42.41, 16|3, 55, N/A, 36.47, 12|4, 58, N/A, 39.92, 18|5, 58, N/A, 39.68, 13|6, 54, N/A, 48.49, 15|
10:01:06 0, 54, N/A, 35.98, 13|1, 51, N/A, 38.71, 12|2, 55, N/A, 42.41, 16|3, 55, N/A, 36.94, 12|4, 58, N/A, 42.85, 16|5, 58, N/A, 54.18, 13|6, 54, N/A, 137.79, 15|
10:01:08 0, 54, N/A, 36.22, 13|1, 51, N/A, 39.45, 12|2, 55, N/A, 45.34, 16|3, 55, N/A, 47.04, 12|4, 58, N/A, 111.07, 16|5, 58, N/A, 79.95, 13|6, 54, N/A, 39.87, 15|
10:01:10 0, 54, N/A, 38.19, 15|1, 52, N/A, 46.33, 12|2, 56, N/A, 98.40, 16|3, 54, N/A, 87.76, 12|4, 57, N/A, 38.93, 18|5, 58, N/A, 37.48, 13|6, 54, N/A, 40.12, 15|
10:01:12 0, 55, N/A, 68.21, 13|1, 51, N/A, 108.92, 12|2, 55, N/A, 41.89, 16|3, 54, N/A, 36.22, 12|4, 57, N/A, 38.93, 16|5, 58, N/A, 37.97, 13|6, 54, N/A, 41.12, 15|
10:01:14 0, 54, N/A, 72.11, 13|1, 51, N/A, 38.71, 13|2, 55, N/A, 41.92, 16|3, 54, N/A, 36.22, 12|4, 57, N/A, 39.18, 16|5, 58, N/A, 39.67, 13|6, 54, N/A, 52.18, 15|
10:01:16 0, 54, N/A, 35.98, 14|1, 51, N/A, 38.71, 12|2, 55, N/A, 42.41, 16|3, 54, N/A, 37.19, 12|4, 57, N/A, 46.30, 19|5, 58, N/A, 68.43, 13|6, 54, N/A, 122.66, 15|
10:01:18 0, 54, N/A, 36.24, 13|1, 51, N/A, 39.45, 12|2, 55, N/A, 47.81, 16|3, 54, N/A, 55.87, 12|4, 57, N/A, 121.82, 16|5, 57, N/A, 37.46, 13|6, 54, N/A, 39.65, 15|
10:01:20 0, 54, N/A, 39.67, 13|1, 51, N/A, 51.99, 15|2, 55, N/A, 132.21, 16|3, 54, N/A, 52.18, 13|4, 57, N/A, 38.69, 16|5, 57, N/A, 37.72, 13|6, 54, N/A, 39.89, 15|
10:01:22 0, 54, N/A, 74.83, 13|1, 51, N/A, 109.65, 12|2, 54, N/A, 41.67, 16|3, 54, N/A, 36.22, 12|4, 57, N/A, 38.69, 19|5, 58, N/A, 37.72, 13|6, 54, N/A, 40.63, 15|
10:01:24 0, 54, N/A, 47.31, 13|1, 51, N/A, 38.46, 12|2, 54, N/A, 41.67, 16|3, 54, N/A, 36.22, 12|4, 57, N/A, 39.18, 16|5, 58, N/A, 39.92, 13|6, 54, N/A, 55.84, 15|
10:01:27 0, 54, N/A, 36.00, 13|1, 51, N/A, 38.46, 15|2, 54, N/A, 42.16, 16|3, 54, N/A, 37.43, 15|4, 57, N/A, 45.56, 16|5, 58, N/A, 66.95, 13|6, 54, N/A, 123.64, 18|
10:01:29 0, 54, N/A, 36.00, 14|1, 51, N/A, 39.20, 12|2, 54, N/A, 47.31, 16|3, 54, N/A, 53.16, 12|4, 56, N/A, 124.94, 19|5, 57, N/A, 40.17, 13|6, 54, N/A, 39.65, 15|
10:01:31 0, 54, N/A, 38.46, 13|1, 51, N/A, 47.31, 12|2, 54, N/A, 110.90, 16|3, 54, N/A, 77.73, 12|4, 56, N/A, 38.44, 16|5, 57, N/A, 37.48, 13|6, 53, N/A, 39.89, 15|
10:01:33 0, 54, N/A, 80.00, 13|1, 51, N/A, 107.75, 14|2, 54, N/A, 41.42, 16|3, 54, N/A, 35.98, 12|4, 56, N/A, 38.69, 16|5, 57, N/A, 37.48, 13|6, 54, N/A, 40.14, 17|
10:01:35 0, 54, N/A, 82.94, 13|1, 51, N/A, 38.46, 12|2, 54, N/A, 41.42, 17|3, 54, N/A, 36.22, 12|4, 56, N/A, 39.18, 18|5, 57, N/A, 38.46, 13|6, 54, N/A, 46.02, 15|
10:01:37 0, 53, N/A, 35.73, 13|1, 50, N/A, 38.46, 12|2, 54, N/A, 41.67, 16|3, 54, N/A, 36.94, 12|4, 56, N/A, 44.08, 16|5, 57, N/A, 61.04, 13|6, 53, N/A, 126.02, 15|
10:01:39 0, 54, N/A, 36.22, 13|1, 50, N/A, 39.20, 12|2, 54, N/A, 46.35, 16|3, 54, N/A, 50.70, 14|4, 56, N/A, 127.71, 16|5, 57, N/A, 55.66, 13|6, 53, N/A, 39.38, 18|
10:01:41 0, 54, N/A, 38.46, 13|1, 51, N/A, 48.05, 12|2, 54, N/A, 110.65, 19|3, 54, N/A, 77.68, 12|4, 56, N/A, 38.44, 16|5, 57, N/A, 37.21, 15|6, 53, N/A, 39.65, 15|
10:01:43 0, 54, N/A, 80.00, 14|1, 51, N/A, 94.03, 12|2, 54, N/A, 41.42, 16|3, 54, N/A, 35.98, 12|4, 56, N/A, 38.69, 16|5, 57, N/A, 37.72, 13|6, 54, N/A, 41.62, 15|
10:01:45 0, 54, N/A, 35.75, 13|1, 51, N/A, 38.46, 12|2, 54, N/A, 41.67, 16|3, 54, N/A, 36.22, 12|4, 57, N/A, 40.17, 16|5, 57, N/A, 45.10, 13|6, 54, N/A, 89.93, 15|
10:01:47 0, 54, N/A, 35.98, 13|1, 51, N/A, 38.71, 12|2, 54, N/A, 43.64, 18|3, 54, N/A, 42.60, 12|4, 57, N/A, 81.93, 16|5, 57, N/A, 102.96, 15|6, 54, N/A, 39.65, 15|
10:01:50 0, 54, N/A, 36.96, 15|1, 51, N/A, 42.16, 12|2, 55, N/A, 68.72, 16|3, 54, N/A, 110.75, 12|4, 56, N/A, 65.72, 18|5, 57, N/A, 37.48, 13|6, 54, N/A, 39.62, 15|
10:01:52 0, 54, N/A, 55.65, 13|1, 51, N/A, 109.90, 12|2, 54, N/A, 72.86, 16|3, 54, N/A, 36.22, 12|4, 56, N/A, 38.69, 16|5, 57, N/A, 37.72, 13|6, 54, N/A, 40.63, 15|
10:01:54 0, 54, N/A, 36.22, 13|1, 51, N/A, 38.46, 13|2, 54, N/A, 41.67, 16|3, 54, N/A, 36.22, 12|4, 57, N/A, 39.43, 16|5, 58, N/A, 39.92, 13|6, 54, N/A, 54.61, 15|
10:01:56 0, 54, N/A, 36.00, 13|1, 51, N/A, 38.71, 12|2, 54, N/A, 42.16, 16|3, 54, N/A, 37.19, 12|4, 57, N/A, 44.82, 19|5, 58, N/A, 64.24, 13|6, 54, N/A, 125.36, 15|
10:01:58 0, 54, N/A, 36.49, 13|1, 51, N/A, 39.70, 12|2, 55, N/A, 49.28, 16|3, 54, N/A, 59.81, 12|4, 57, N/A, 116.90, 16|5, 57, N/A, 37.48, 13|6, 54, N/A, 39.65, 15|
10:02:00 0, 54, N/A, 41.67, 13|1, 52, N/A, 59.39, 14|2, 55, N/A, 129.26, 16|3, 54, N/A, 36.22, 15|4, 57, N/A, 38.69, 16|5, 58, N/A, 37.48, 13|6, 54, N/A, 39.90, 18|
10:02:02 0, 55, N/A, 106.46, 13|1, 51, N/A, 77.29, 12|2, 54, N/A, 41.65, 18|3, 54, N/A, 36.22, 12|4, 57, N/A, 38.69, 18|5, 58, N/A, 37.97, 15|6, 55, N/A, 42.11, 15|
10:02:04 0, 54, N/A, 36.00, 13|1, 51, N/A, 38.46, 12|2, 54, N/A, 41.92, 16|3, 54, N/A, 36.45, 12|4, 57, N/A, 40.41, 16|5, 58, N/A, 45.34, 13|6, 55, N/A, 88.21, 15|
10:02:06 0, 54, N/A, 35.98, 13|1, 52, N/A, 38.96, 12|2, 55, N/A, 44.11, 16|3, 55, N/A, 43.10, 12|4, 57, N/A, 84.82, 16|5, 58, N/A, 101.00, 13|6, 54, N/A, 39.87, 18|
10:02:08 0, 55, N/A, 37.95, 13|1, 52, N/A, 45.59, 12|2, 55, N/A, 91.27, 18|3, 54, N/A, 90.42, 12|4, 57, N/A, 38.69, 16|5, 58, N/A, 37.46, 15|6, 55, N/A, 40.14, 15|
10:02:10 0, 55, N/A, 85.41, 14|1, 52, N/A, 92.74, 12|2, 55, N/A, 41.92, 16|3, 54, N/A, 36.22, 12|4, 57, N/A, 38.69, 16|5, 58, N/A, 37.97, 13|6, 55, N/A, 42.11, 15|
10:02:12 0, 55, N/A, 36.24, 13|1, 52, N/A, 38.71, 12|2, 55, N/A, 41.92, 16|3, 54, N/A, 36.47, 12|4, 57, N/A, 39.67, 16|5, 58, N/A, 41.40, 13|6, 55, N/A, 64.94, 15|
10:02:15 0, 55, N/A, 36.24, 13|1, 52, N/A, 38.71, 12|2, 55, N/A, 42.90, 19|3, 55, N/A, 38.91, 12|4, 58, N/A, 56.40, 16|5, 58, N/A, 93.68, 13|6, 55, N/A, 93.86, 15|
10:02:17 0, 55, N/A, 37.23, 14|1, 52, N/A, 42.90, 12|2, 55, N/A, 71.18, 16|3, 54, N/A, 109.03, 12|4, 57, N/A, 41.38, 18|5, 58, N/A, 37.46, 13|6, 55, N/A, 40.12, 15|
10:02:19 0, 55, N/A, 66.49, 13|1, 52, N/A, 108.18, 12|2, 55, N/A, 41.89, 16|3, 54, N/A, 36.22, 12|4, 57, N/A, 38.69, 16|5, 58, N/A, 37.97, 13|6, 55, N/A, 40.86, 15|
10:02:21 0, 54, N/A, 36.24, 13|1, 52, N/A, 38.71, 14|2, 55, N/A, 41.92, 16|3, 55, N/A, 36.47, 14|4, 57, N/A, 39.67, 16|5, 58, N/A, 41.15, 13|6, 55, N/A, 63.46, 17|
10:02:23 0, 55, N/A, 36.24, 13|1, 52, N/A, 39.20, 12|2, 55, N/A, 43.37, 18|3, 55, N/A, 39.40, 12|4, 58, N/A, 61.53, 18|5, 58, N/A, 123.46, 15|6, 55, N/A, 59.74, 15|
10:02:25 0, 55, N/A, 37.23, 13|1, 52, N/A, 42.16, 12|2, 55, N/A, 65.76, 16|3, 54, N/A, 110.26, 12|4, 57, N/A, 66.70, 16|5, 58, N/A, 37.72, 13|6, 55, N/A, 40.12, 15|
10:02:27 0, 55, N/A, 54.21, 13|1, 52, N/A, 105.78, 12|2, 55, N/A, 77.79, 16|3, 54, N/A, 36.22, 12|4, 57, N/A, 38.93, 16|5, 58, N/A, 37.73, 13|6, 55, N/A, 40.64, 15|
10:02:29 0, 55, N/A, 55.66, 13|1, 52, N/A, 38.71, 12|2, 55, N/A, 42.14, 18|3, 55, N/A, 36.47, 12|4, 57, N/A, 39.43, 16|5, 58, N/A, 40.19, 13|6, 56, N/A, 55.13, 15|
10:02:31 0, 55, N/A, 36.22, 15|1, 52, N/A, 38.96, 12|2, 55, N/A, 42.65, 16|3, 55, N/A, 37.92, 12|4, 58, N/A, 49.01, 16|5, 59, N/A, 80.94, 13|6, 55, N/A, 110.94, 15|
10:02:33 0, 55, N/A, 36.96, 13|1, 52, N/A, 40.93, 12|2, 56, N/A, 55.69, 16|3, 55, N/A, 79.16, 12|4, 57, N/A, 100.01, 16|5, 58, N/A, 37.70, 13|6, 55, N/A, 40.12, 15|
10:02:35 0, 55, N/A, 47.81, 13|1, 52, N/A, 83.20, 14|2, 55, N/A, 106.70, 16|3, 55, N/A, 36.22, 15|4, 58, N/A, 38.93, 16|5, 58, N/A, 37.97, 13|6, 55, N/A, 40.63, 18|
10:02:37 0, 55, N/A, 80.69, 13|1, 52, N/A, 39.20, 12|2, 55, N/A, 42.38, 16|3, 55, N/A, 36.45, 12|4, 58, N/A, 39.40, 18|5, 59, N/A, 39.18, 13|6, 56, N/A, 48.24, 15|
10:02:40 0, 55, N/A, 36.24, 13|1, 52, N/A, 38.96, 12|2, 55, N/A, 42.41, 16|3, 55, N/A, 37.19, 12|4, 58, N/A, 42.85, 16|5, 59, N/A, 53.44, 13|6, 55, N/A, 117.08, 15|
10:02:42 0, 55, N/A, 36.47, 13|1, 52, N/A, 39.45, 12|2, 55, N/A, 45.34, 16|3, 55, N/A, 46.30, 15|4, 58, N/A, 107.38, 16|5, 58, N/A, 83.35, 13|6, 56, N/A, 40.12, 18|
10:02:44 0, 55, N/A, 38.96, 13|1, 53, N/A, 46.82, 12|2, 56, N/A, 89.10, 18|3, 55, N/A, 103.44, 12|4, 58, N/A, 38.93, 16|5, 59, N/A, 37.70, 14|6, 56, N/A, 40.39, 15|
10:02:46 0, 55, N/A, 70.69, 15|1, 52, N/A, 107.99, 12|2, 55, N/A, 42.41, 16|3, 55, N/A, 36.47, 12|4, 58, N/A, 39.18, 16|5, 59, N/A, 38.22, 13|6, 56, N/A, 41.62, 15|
10:02:48 0, 55, N/A, 36.49, 13|1, 52, N/A, 38.96, 12|2, 56, N/A, 42.41, 16|3, 55, N/A, 36.45, 12|4, 58, N/A, 40.17, 16|5, 59, N/A, 42.63, 13|6, 56, N/A, 67.16, 15|
10:02:50 0, 55, N/A, 36.49, 13|1, 53, N/A, 39.45, 14|2, 56, N/A, 43.37, 16|3, 55, N/A, 39.65, 12|4, 58, N/A, 60.31, 16|5, 59, N/A, 123.04, 13|6, 56, N/A, 85.71, 15|
10:02:52 0, 56, N/A, 36.96, 13|1, 53, N/A, 41.18, 12|2, 56, N/A, 56.68, 16|3, 55, N/A, 82.11, 12|4, 58, N/A, 99.03, 18|5, 59, N/A, 37.95, 13|6, 56, N/A, 40.36, 15|
10:02:54 0, 56, N/A, 49.53, 13|1, 53, N/A, 85.41, 12|2, 56, N/A, 98.16, 16|3, 55, N/A, 36.47, 12|4, 58, N/A, 38.93, 16|5, 59, N/A, 38.22, 13|6, 56, N/A, 40.88, 15|
10:02:56 0, 56, N/A, 89.30, 13|1, 53, N/A, 39.20, 15|2, 56, N/A, 42.41, 16|3, 55, N/A, 36.47, 14|4, 58, N/A, 39.67, 16|5, 59, N/A, 39.45, 13|6, 56, N/A, 48.49, 18|
10:02:58 0, 55, N/A, 36.00, 0|1, 52, N/A, 38.71, 0|2, 55, N/A, 41.67, 0|3, 55, N/A, 36.22, 0|4, 57, N/A, 38.69, 0|5, 58, N/A, 37.48, 0|6, 55, N/A, 39.65, 0|
10:03:00 0, 55, N/A, 36.24, 0|1, 52, N/A, 38.71, 6|2, 55, N/A, 48.05, 46|3, 55, N/A, 36.47, 0|4, 57, N/A, 38.44, 0|5, 58, N/A, 37.48, 0|6, 55, N/A, 39.40, 0|
10:03:03 0, 55, N/A, 37.95, 16|1, 52, N/A, 41.67, 13|2, 56, N/A, 57.41, 15|3, 55, N/A, 49.96, 12|4, 58, N/A, 64.00, 14|5, 59, N/A, 77.98, 14|6, 56, N/A, 152.65, 19|
10:03:05 0, 56, N/A, 41.89, 0|1, 53, N/A, 45.09, 0|2, 58, N/A, 149.50, 100|3, 55, N/A, 36.22, 0|4, 57, N/A, 39.18, 0|5, 58, N/A, 37.72, 0|6, 56, N/A, 46.76, 0|
10:03:07 0, 55, N/A, 36.24, 0|1, 53, N/A, 44.63, 0|2, 56, N/A, 48.79, 0|3, 55, N/A, 41.62, 0|4, 58, N/A, 45.07, 0|5, 59, N/A, 43.86, 0|6, 57, N/A, 172.83, 100|
10:03:09 0, 56, N/A, 48.29, 15|1, 53, N/A, 61.11, 13|2, 56, N/A, 117.53, 15|3, 55, N/A, 108.54, 11|4, 58, N/A, 89.00, 14|5, 59, N/A, 43.86, 14|6, 56, N/A, 48.24, 18|
10:03:11 0, 56, N/A, 55.66, 15|1, 53, N/A, 39.70, 13|2, 57, N/A, 52.24, 13|3, 56, N/A, 43.34, 12|4, 59, N/A, 48.03, 13|5, 60, N/A, 48.30, 14|6, 57, N/A, 61.75, 18|
10:03:13 0, 59, N/A, 171.22, 100|1, 53, N/A, 141.93, 0|2, 56, N/A, 51.01, 0|3, 55, N/A, 42.36, 0|4, 58, N/A, 45.31, 0|5, 59, N/A, 43.62, 0|6, 56, N/A, 47.01, 0|
10:03:15 0, 59, N/A, 43.83, 100|1, 55, N/A, 190.73, 25|2, 58, N/A, 52.23, 0|3, 59, N/A, 150.17, 100|4, 61, N/A, 155.57, 100|5, 59, N/A, 43.34, 0|6, 56, N/A, 46.73, 0|
10:03:17 0, 56, N/A, 42.14, 0|1, 54, N/A, 45.61, 0|2, 57, N/A, 51.51, 0|3, 56, N/A, 42.60, 0|4, 59, N/A, 46.06, 0|5, 61, N/A, 44.60, 0|6, 59, N/A, 55.38, 87|
10:03:19 0, 57, N/A, 41.90, 0|1, 54, N/A, 45.61, 0|2, 58, N/A, 52.24, 0|3, 58, N/A, 142.92, 100|4, 58, N/A, 45.31, 0|5, 60, N/A, 43.62, 0|6, 56, N/A, 47.01, 0|
10:03:21 0, 57, N/A, 113.11, 14|1, 54, N/A, 94.52, 6|2, 57, N/A, 51.99, 19|3, 56, N/A, 43.10, 12|4, 59, N/A, 47.28, 20|5, 61, N/A, 46.57, 15|6, 58, N/A, 55.60, 18|
10:03:23 0, 57, N/A, 112.55, 14|1, 54, N/A, 53.22, 12|2, 58, N/A, 52.48, 15|3, 57, N/A, 43.34, 12|4, 59, N/A, 47.53, 14|5, 60, N/A, 46.82, 14|6, 58, N/A, 55.63, 18|
10:03:25 0, 57, N/A, 123.61, 14|1, 54, N/A, 76.30, 12|2, 58, N/A, 52.73, 15|3, 57, N/A, 43.59, 12|4, 59, N/A, 47.53, 14|5, 60, N/A, 46.82, 14|6, 58, N/A, 56.09, 18|
10:03:28 0, 61, N/A, 145.78, 100|1, 56, N/A, 113.02, 100|2, 57, N/A, 118.93, 0|3, 56, N/A, 42.60, 0|4, 59, N/A, 45.80, 0|5, 60, N/A, 43.86, 0|6, 57, N/A, 47.25, 0|
10:03:30 0, 58, N/A, 43.34, 0|1, 57, N/A, 181.51, 100|2, 58, N/A, 52.23, 0|3, 58, N/A, 42.82, 0|4, 62, N/A, 160.49, 100|5, 63, N/A, 186.26, 100|6, 57, N/A, 46.98, 0|
10:03:32 0, 59, N/A, 44.08, 12|1, 57, N/A, 148.22, 100|2, 60, N/A, 53.93, 0|3, 59, N/A, 143.64, 66|4, 61, N/A, 47.26, 0|5, 63, N/A, 151.16, 91|6, 58, N/A, 47.47, 0|
10:03:34 0, 61, N/A, 64.68, 96|1, 56, N/A, 145.11, 0|2, 61, N/A, 55.90, 100|3, 59, N/A, 146.00, 15|4, 62, N/A, 47.97, 88|5, 63, N/A, 156.08, 39|6, 58, N/A, 48.18, 0|
10:03:36 0, 61, N/A, 165.22, 100|1, 57, N/A, 47.03, 0|2, 62, N/A, 163.75, 100|3, 58, N/A, 43.53, 0|4, 63, N/A, 149.93, 100|5, 62, N/A, 44.79, 0|6, 59, N/A, 48.91, 73|
10:03:38 0, 61, N/A, 182.18, 100|1, 58, N/A, 48.26, 34|2, 62, N/A, 211.95, 62|3, 59, N/A, 44.27, 0|4, 63, N/A, 162.74, 94|5, 63, N/A, 45.28, 0|6, 60, N/A, 172.82, 91|
10:03:40 0, 60, N/A, 43.58, 0|1, 59, N/A, 194.40, 100|2, 61, N/A, 53.93, 0|3, 61, N/A, 116.07, 100|4, 62, N/A, 91.83, 0|5, 64, N/A, 58.57, 100|6, 59, N/A, 186.28, 0|
10:03:42 0, 61, N/A, 44.08, 0|1, 59, N/A, 155.12, 91|2, 62, N/A, 52.95, 7|3, 61, N/A, 149.67, 100|4, 62, N/A, 47.99, 0|5, 65, N/A, 152.16, 100|6, 59, N/A, 48.45, 0|
10:03:44 0, 60, N/A, 43.12, 0|1, 57, N/A, 47.59, 0|2, 61, N/A, 53.47, 0|3, 61, N/A, 45.07, 97|4, 65, N/A, 173.16, 100|5, 63, N/A, 141.79, 0|6, 60, N/A, 49.20, 5|
10:03:46 0, 61, N/A, 44.35, 20|1, 58, N/A, 158.06, 29|2, 60, N/A, 52.24, 0|3, 58, N/A, 43.34, 0|4, 62, N/A, 47.28, 0|5, 63, N/A, 45.10, 0|6, 59, N/A, 48.49, 0|
10:03:48 0, 59, N/A, 42.87, 0|1, 56, N/A, 46.85, 0|2, 60, N/A, 52.24, 0|3, 59, N/A, 43.83, 0|4, 64, N/A, 160.99, 100|5, 62, N/A, 44.60, 0|6, 58, N/A, 48.00, 0|
10:03:50 0, 59, N/A, 44.60, 14|1, 56, N/A, 48.54, 12|2, 60, N/A, 48.05, 17|3, 59, N/A, 49.72, 12|4, 62, N/A, 60.30, 15|5, 63, N/A, 69.42, 14|6, 59, N/A, 131.00, 19|
10:03:53 0, 59, N/A, 37.95, 13|1, 56, N/A, 40.93, 14|2, 59, N/A, 45.37, 17|3, 58, N/A, 38.69, 14|4, 61, N/A, 43.10, 8|5, 62, N/A, 43.37, 15|6, 59, N/A, 53.41, 20|
10:03:55 0, 59, N/A, 40.17, 15|1, 56, N/A, 45.37, 14|2, 59, N/A, 56.68, 17|3, 58, N/A, 56.12, 8|4, 60, N/A, 89.74, 16|5, 62, N/A, 90.24, 15|6, 58, N/A, 41.62, 20|
10:03:57 0, 58, N/A, 41.67, 6|1, 55, N/A, 45.12, 6|2, 58, N/A, 50.27, 0|3, 58, N/A, 42.13, 6|4, 60, N/A, 45.81, 6|5, 61, N/A, 42.41, 0|6, 58, N/A, 45.80, 0|
