10:03:59 0, 58, N/A, 41.65, 0|1, 55, N/A, 44.87, 0|2, 58, N/A, 50.02, 0|3, 57, N/A, 41.86, 0|4, 60, N/A, 45.57, 0|5, 61, N/A, 42.14, 0|6, 57, N/A, 45.54, 0|
10:04:01 0, 58, N/A, 41.65, 0|1, 55, N/A, 44.87, 0|2, 58, N/A, 50.02, 0|3, 57, N/A, 41.89, 0|4, 59, N/A, 45.57, 0|5, 61, N/A, 42.14, 0|6, 57, N/A, 45.29, 0|
10:04:03 0, 57, N/A, 41.65, 11|1, 54, N/A, 45.12, 10|2, 58, N/A, 49.53, 8|3, 57, N/A, 41.89, 10|4, 59, N/A, 45.57, 7|5, 60, N/A, 42.41, 10|6, 57, N/A, 45.56, 8|
10:04:05 0, 57, N/A, 41.65, 9|1, 54, N/A, 45.12, 8|2, 57, N/A, 49.53, 11|3, 57, N/A, 41.86, 8|4, 59, N/A, 45.34, 9|5, 60, N/A, 41.89, 7|6, 57, N/A, 45.04, 10|
10:04:07 0, 57, N/A, 41.40, 11|1, 54, N/A, 45.12, 8|2, 57, N/A, 49.53, 8|3, 56, N/A, 41.62, 7|4, 59, N/A, 45.34, 7|5, 60, N/A, 42.14, 7|6, 57, N/A, 45.04, 9|
10:04:09 0, 57, N/A, 41.18, 1|1, 54, N/A, 45.12, 0|2, 57, N/A, 49.04, 0|3, 56, N/A, 41.64, 1|4, 58, N/A, 45.10, 0|5, 60, N/A, 41.90, 1|6, 56, N/A, 45.04, 0|
10:04:11 0, 57, N/A, 42.16, 0|1, 54, N/A, 45.83, 0|2, 57, N/A, 50.77, 0|3, 56, N/A, 42.36, 0|4, 58, N/A, 45.57, 0|5, 60, N/A, 41.92, 0|6, 56, N/A, 45.54, 0|
10:04:14 0, 56, N/A, 41.92, 0|1, 54, N/A, 45.61, 0|2, 56, N/A, 50.52, 0|3, 56, N/A, 42.36, 0|4, 58, N/A, 45.59, 0|5, 59, N/A, 41.89, 0|6, 56, N/A, 45.29, 0|
10:04:16 0, 57, N/A, 74.50, 62|1, 54, N/A, 84.02, 62|2, 57, N/A, 88.78, 62|3, 57, N/A, 73.54, 61|4, 59, N/A, 73.36, 59|5, 60, N/A, 70.35, 55|6, 57, N/A, 74.45, 48|
10:04:18 0, 58, N/A, 67.47, 63|1, 55, N/A, 79.10, 62|2, 58, N/A, 82.10, 62|3, 57, N/A, 70.14, 62|4, 59, N/A, 82.30, 58|5, 61, N/A, 81.57, 56|6, 57, N/A, 81.55, 48|
10:04:20 0, 58, N/A, 74.38, 62|1, 55, N/A, 79.79, 62|2, 58, N/A, 91.12, 62|3, 57, N/A, 79.94, 62|4, 59, N/A, 79.67, 60|5, 61, N/A, 80.33, 56|6, 57, N/A, 76.95, 47|
10:04:22 0, 58, N/A, 77.38, 62|1, 55, N/A, 76.88, 62|2, 58, N/A, 85.96, 62|3, 57, N/A, 68.89, 62|4, 59, N/A, 74.88, 59|5, 61, N/A, 71.89, 56|6, 57, N/A, 81.48, 49|
10:04:24 0, 58, N/A, 73.68, 61|1, 55, N/A, 76.31, 63|2, 58, N/A, 87.92, 62|3, 57, N/A, 67.78, 61|4, 59, N/A, 75.28, 60|5, 61, N/A, 76.09, 55|6, 57, N/A, 76.17, 49|
10:04:26 0, 58, N/A, 69.88, 62|1, 55, N/A, 74.63, 60|2, 58, N/A, 87.91, 60|3, 57, N/A, 73.58, 61|4, 59, N/A, 84.24, 58|5, 61, N/A, 81.03, 55|6, 57, N/A, 88.06, 48|
10:04:28 0, 58, N/A, 72.38, 60|1, 55, N/A, 76.11, 61|2, 58, N/A, 89.15, 62|3, 58, N/A, 70.39, 60|4, 59, N/A, 74.05, 59|5, 61, N/A, 74.34, 55|6, 57, N/A, 75.93, 48|
10:04:30 0, 58, N/A, 72.40, 63|1, 55, N/A, 75.08, 61|2, 58, N/A, 86.15, 61|3, 58, N/A, 70.88, 63|4, 59, N/A, 77.54, 58|5, 61, N/A, 77.09, 56|6, 57, N/A, 80.64, 49|
10:04:32 0, 58, N/A, 76.39, 62|1, 55, N/A, 81.32, 63|2, 58, N/A, 101.48, 62|3, 57, N/A, 70.73, 61|4, 60, N/A, 80.78, 60|5, 61, N/A, 74.87, 56|6, 58, N/A, 76.92, 49|
10:04:34 0, 58, N/A, 72.44, 63|1, 55, N/A, 72.69, 61|2, 58, N/A, 86.94, 61|3, 58, N/A, 73.10, 62|4, 59, N/A, 78.82, 58|5, 61, N/A, 73.11, 56|6, 58, N/A, 80.44, 48|
10:04:36 0, 58, N/A, 72.13, 61|1, 55, N/A, 82.02, 63|2, 58, N/A, 87.13, 63|3, 58, N/A, 72.77, 62|4, 60, N/A, 77.05, 60|5, 61, N/A, 70.85, 56|6, 58, N/A, 77.90, 49|
10:04:39 0, 58, N/A, 67.97, 62|1, 55, N/A, 76.63, 60|2, 59, N/A, 86.18, 61|3, 58, N/A, 77.62, 62|4, 60, N/A, 79.79, 58|5, 61, N/A, 82.56, 56|6, 58, N/A, 84.21, 48|
10:04:41 0, 58, N/A, 74.14, 61|1, 55, N/A, 76.63, 62|2, 59, N/A, 88.65, 62|3, 58, N/A, 73.39, 62|4, 60, N/A, 79.02, 60|5, 61, N/A, 77.58, 56|6, 58, N/A, 83.68, 47|
10:04:43 0, 58, N/A, 69.98, 62|1, 55, N/A, 75.86, 61|2, 59, N/A, 90.15, 61|3, 58, N/A, 71.86, 62|4, 60, N/A, 81.51, 58|5, 61, N/A, 79.15, 55|6, 58, N/A, 79.41, 48|
10:04:45 0, 58, N/A, 76.63, 60|1, 56, N/A, 80.29, 62|2, 59, N/A, 90.05, 61|3, 58, N/A, 73.54, 60|4, 60, N/A, 79.95, 59|5, 61, N/A, 78.32, 54|6, 58, N/A, 84.13, 46|
10:04:47 0, 58, N/A, 73.84, 62|1, 56, N/A, 76.83, 62|2, 59, N/A, 87.66, 61|3, 58, N/A, 69.54, 62|4, 60, N/A, 78.97, 59|5, 61, N/A, 75.87, 55|6, 58, N/A, 78.21, 48|
10:04:49 0, 58, N/A, 70.93, 62|1, 56, N/A, 83.26, 62|2, 59, N/A, 85.92, 62|3, 58, N/A, 73.64, 62|4, 60, N/A, 77.74, 59|5, 61, N/A, 75.90, 55|6, 58, N/A, 83.15, 48|
10:04:51 0, 58, N/A, 76.11, 61|1, 56, N/A, 82.76, 62|2, 59, N/A, 89.88, 62|3, 58, N/A, 76.26, 61|4, 60, N/A, 85.42, 60|5, 62, N/A, 81.49, 55|6, 58, N/A, 86.63, 48|
10:04:53 0, 58, N/A, 78.83, 62|1, 56, N/A, 76.00, 62|2, 59, N/A, 90.59, 61|3, 58, N/A, 76.83, 61|4, 60, N/A, 73.69, 59|5, 62, N/A, 71.34, 55|6, 58, N/A, 78.03, 48|
10:04:55 0, 58, N/A, 74.83, 62|1, 56, N/A, 75.36, 61|2, 59, N/A, 91.57, 61|3, 58, N/A, 73.05, 62|4, 60, N/A, 85.51, 59|5, 62, N/A, 77.29, 55|6, 58, N/A, 90.09, 48|
10:04:57 0, 58, N/A, 73.10, 62|1, 56, N/A, 77.34, 61|2, 59, N/A, 93.30, 61|3, 58, N/A, 71.54, 62|4, 60, N/A, 78.24, 59|5, 62, N/A, 74.23, 55|6, 58, N/A, 94.52, 48|
10:04:59 0, 58, N/A, 75.11, 62|1, 56, N/A, 81.81, 62|2, 59, N/A, 89.31, 62|3, 58, N/A, 77.00, 62|4, 60, N/A, 72.19, 59|5, 62, N/A, 81.37, 55|6, 58, N/A, 86.55, 48|
10:05:02 0, 58, N/A, 76.34, 63|1, 56, N/A, 81.28, 62|2, 59, N/A, 91.29, 62|3, 58, N/A, 80.69, 62|4, 60, N/A, 82.42, 60|5, 62, N/A, 80.05, 56|6, 58, N/A, 85.52, 49|
10:05:04 0, 58, N/A, 73.67, 63|1, 56, N/A, 77.13, 63|2, 59, N/A, 86.07, 63|3, 58, N/A, 74.08, 63|4, 60, N/A, 75.42, 60|5, 62, N/A, 76.35, 56|6, 58, N/A, 76.93, 49|
10:05:06 0, 58, N/A, 77.37, 62|1, 56, N/A, 75.57, 63|2, 59, N/A, 91.66, 63|3, 58, N/A, 75.36, 62|4, 60, N/A, 74.61, 60|5, 62, N/A, 74.51, 56|6, 58, N/A, 78.91, 49|
10:05:08 0, 58, N/A, 77.09, 63|1, 56, N/A, 80.79, 62|2, 59, N/A, 95.51, 63|3, 58, N/A, 73.46, 62|4, 60, N/A, 81.45, 59|5, 62, N/A, 80.66, 56|6, 58, N/A, 85.31, 49|
10:05:10 0, 58, N/A, 43.15, 0|1, 55, N/A, 46.60, 0|2, 58, N/A, 53.97, 0|3, 57, N/A, 43.12, 0|4, 59, N/A, 45.83, 0|5, 61, N/A, 44.38, 0|6, 57, N/A, 47.51, 0|
10:05:12 0, 59, N/A, 111.07, 100|1, 57, N/A, 82.98, 100|2, 60, N/A, 127.04, 100|3, 59, N/A, 105.58, 100|4, 61, N/A, 114.38, 100|5, 63, N/A, 108.17, 100|6, 59, N/A, 125.09, 100|
10:05:14 0, 60, N/A, 95.19, 97|1, 57, N/A, 95.73, 100|2, 61, N/A, 138.10, 100|3, 60, N/A, 102.40, 100|4, 61, N/A, 105.90, 100|5, 63, N/A, 113.20, 100|6, 60, N/A, 113.14, 100|
10:05:16 0, 60, N/A, 110.39, 83|1, 58, N/A, 102.64, 83|2, 61, N/A, 133.43, 100|3, 60, N/A, 106.38, 83|4, 61, N/A, 95.83, 83|5, 63, N/A, 128.37, 82|6, 60, N/A, 79.65, 84|
10:05:18 0, 60, N/A, 54.22, 100|1, 58, N/A, 54.00, 100|2, 61, N/A, 63.62, 100|3, 60, N/A, 66.21, 95|4, 62, N/A, 70.16, 100|5, 63, N/A, 87.03, 100|6, 60, N/A, 105.35, 100|
10:05:20 0, 61, N/A, 103.69, 100|1, 58, N/A, 93.72, 100|2, 61, N/A, 120.96, 100|3, 60, N/A, 105.34, 100|4, 62, N/A, 116.34, 100|5, 64, N/A, 131.31, 100|6, 60, N/A, 75.72, 100|
10:05:22 0, 61, N/A, 109.83, 100|1, 58, N/A, 100.11, 100|2, 62, N/A, 142.92, 100|3, 61, N/A, 112.70, 100|4, 62, N/A, 112.70, 100|5, 64, N/A, 84.82, 100|6, 61, N/A, 123.88, 100|
10:05:25 0, 61, N/A, 117.19, 100|1, 59, N/A, 104.79, 100|2, 62, N/A, 134.81, 100|3, 61, N/A, 93.35, 100|4, 62, N/A, 122.89, 100|5, 64, N/A, 108.85, 100|6, 61, N/A, 121.17, 100|
10:05:27 0, 61, N/A, 94.90, 81|1, 59, N/A, 124.15, 100|2, 62, N/A, 157.08, 100|3, 61, N/A, 71.08, 100|4, 62, N/A, 127.86, 100|5, 65, N/A, 100.55, 100|6, 61, N/A, 120.20, 83|
10:05:29 0, 61, N/A, 69.45, 100|1, 59, N/A, 69.74, 80|2, 62, N/A, 119.00, 80|3, 61, N/A, 87.52, 100|4, 62, N/A, 98.23, 100|5, 65, N/A, 106.58, 100|6, 61, N/A, 126.25, 100|
10:05:31 0, 62, N/A, 75.76, 100|1, 59, N/A, 132.93, 100|2, 63, N/A, 115.54, 100|3, 61, N/A, 127.30, 100|4, 63, N/A, 102.41, 100|5, 65, N/A, 115.65, 100|6, 61, N/A, 114.37, 100|
10:05:33 0, 62, N/A, 139.48, 100|1, 59, N/A, 96.42, 100|2, 63, N/A, 126.21, 100|3, 61, N/A, 101.41, 100|4, 63, N/A, 113.47, 100|5, 65, N/A, 113.21, 100|6, 62, N/A, 128.46, 100|
10:05:35 0, 62, N/A, 116.71, 100|1, 60, N/A, 97.41, 100|2, 63, N/A, 152.74, 100|3, 62, N/A, 134.66, 100|4, 63, N/A, 70.35, 100|5, 65, N/A, 131.00, 100|6, 62, N/A, 107.99, 100|
10:05:37 0, 62, N/A, 72.40, 100|1, 60, N/A, 69.00, 99|2, 63, N/A, 113.34, 100|3, 61, N/A, 89.97, 100|4, 63, N/A, 100.74, 87|5, 65, N/A, 91.27, 78|6, 62, N/A, 117.49, 100|
10:05:39 0, 62, N/A, 133.52, 100|1, 60, N/A, 72.39, 100|2, 63, N/A, 143.90, 100|3, 62, N/A, 136.52, 100|4, 63, N/A, 88.21, 100|5, 66, N/A, 124.45, 100|6, 62, N/A, 104.00, 100|
10:05:41 0, 62, N/A, 140.21, 100|1, 60, N/A, 71.17, 100|2, 63, N/A, 160.60, 100|3, 62, N/A, 88.24, 100|4, 64, N/A, 127.31, 100|5, 66, N/A, 111.80, 100|6, 62, N/A, 123.56, 100|
10:05:43 0, 62, N/A, 99.33, 78|1, 60, N/A, 92.53, 79|2, 63, N/A, 150.77, 78|3, 62, N/A, 71.04, 78|4, 64, N/A, 150.05, 78|5, 66, N/A, 76.74, 77|6, 63, N/A, 154.35, 77|
10:05:45 0, 62, N/A, 135.24, 100|1, 60, N/A, 76.09, 100|2, 63, N/A, 143.00, 100|3, 62, N/A, 83.73, 100|4, 64, N/A, 127.80, 100|5, 66, N/A, 129.26, 100|6, 63, N/A, 112.84, 100|
10:05:48 0, 62, N/A, 84.24, 63|1, 59, N/A, 88.96, 62|2, 62, N/A, 100.19, 62|3, 61, N/A, 76.99, 63|4, 63, N/A, 78.43, 60|5, 65, N/A, 75.25, 57|6, 62, N/A, 96.92, 51|
10:05:50 0, 61, N/A, 82.02, 63|1, 59, N/A, 82.50, 64|2, 62, N/A, 98.26, 64|3, 61, N/A, 76.46, 63|4, 62, N/A, 79.59, 60|5, 65, N/A, 82.46, 57|6, 61, N/A, 82.27, 50|
10:05:52 0, 61, N/A, 84.68, 63|1, 58, N/A, 77.17, 64|2, 61, N/A, 92.47, 64|3, 60, N/A, 74.69, 63|4, 62, N/A, 79.30, 61|5, 64, N/A, 78.61, 57|6, 61, N/A, 78.86, 50|
10:05:54 0, 60, N/A, 77.78, 65|1, 58, N/A, 82.96, 65|2, 61, N/A, 94.52, 65|3, 60, N/A, 74.48, 65|4, 61, N/A, 77.63, 62|5, 64, N/A, 84.47, 58|6, 60, N/A, 82.40, 52|
10:05:56 0, 60, N/A, 77.34, 64|1, 58, N/A, 79.31, 64|2, 61, N/A, 97.73, 64|3, 60, N/A, 74.98, 63|4, 61, N/A, 81.23, 61|5, 64, N/A, 76.41, 57|6, 60, N/A, 83.09, 51|
10:05:58 0, 60, N/A, 78.03, 64|1, 58, N/A, 79.51, 63|2, 61, N/A, 96.58, 64|3, 60, N/A, 76.21, 63|4, 61, N/A, 78.71, 61|5, 64, N/A, 77.77, 58|6, 60, N/A, 85.34, 51|
10:06:00 0, 60, N/A, 72.78, 63|1, 57, N/A, 78.77, 63|2, 60, N/A, 93.79, 63|3, 60, N/A, 77.73, 63|4, 61, N/A, 79.55, 61|5, 63, N/A, 82.13, 57|6, 60, N/A, 90.94, 50|
10:06:02 0, 60, N/A, 72.83, 64|1, 57, N/A, 87.14, 63|2, 60, N/A, 93.08, 63|3, 60, N/A, 76.47, 63|4, 60, N/A, 79.21, 60|5, 63, N/A, 85.06, 57|6, 59, N/A, 85.44, 51|
10:06:04 0, 59, N/A, 88.12, 63|1, 57, N/A, 80.21, 62|2, 60, N/A, 90.99, 62|3, 59, N/A, 79.50, 62|4, 60, N/A, 77.00, 60|5, 63, N/A, 80.71, 56|6, 59, N/A, 87.77, 49|
10:06:06 0, 59, N/A, 82.00, 64|1, 57, N/A, 92.15, 63|2, 60, N/A, 92.06, 63|3, 59, N/A, 78.44, 63|4, 60, N/A, 78.61, 60|5, 63, N/A, 76.07, 57|6, 59, N/A, 84.86, 51|
10:06:08 0, 59, N/A, 75.53, 64|1, 57, N/A, 90.87, 63|2, 60, N/A, 100.97, 63|3, 59, N/A, 78.50, 63|4, 60, N/A, 79.96, 60|5, 62, N/A, 76.62, 57|6, 59, N/A, 95.11, 51|
10:06:10 0, 59, N/A, 85.21, 64|1, 57, N/A, 86.65, 64|2, 59, N/A, 93.36, 63|3, 59, N/A, 72.52, 64|4, 60, N/A, 83.19, 61|5, 62, N/A, 78.03, 57|6, 59, N/A, 86.84, 51|
10:06:13 0, 59, N/A, 82.06, 63|1, 56, N/A, 88.41, 64|2, 59, N/A, 100.03, 64|3, 59, N/A, 73.25, 63|4, 59, N/A, 77.86, 61|5, 62, N/A, 75.30, 57|6, 58, N/A, 78.37, 51|
10:06:15 0, 58, N/A, 73.07, 64|1, 56, N/A, 90.20, 64|2, 59, N/A, 94.72, 64|3, 59, N/A, 75.07, 63|4, 59, N/A, 78.03, 61|5, 62, N/A, 73.11, 57|6, 58, N/A, 85.45, 51|
10:06:17 0, 58, N/A, 70.64, 64|1, 56, N/A, 81.36, 64|2, 59, N/A, 91.61, 64|3, 58, N/A, 72.49, 64|4, 59, N/A, 77.73, 61|5, 62, N/A, 76.80, 57|6, 58, N/A, 80.21, 51|
10:06:19 0, 58, N/A, 74.06, 63|1, 56, N/A, 79.26, 63|2, 58, N/A, 94.28, 63|3, 58, N/A, 80.04, 63|4, 59, N/A, 82.46, 61|5, 62, N/A, 82.55, 57|6, 58, N/A, 84.27, 51|
10:06:21 0, 58, N/A, 74.58, 64|1, 56, N/A, 85.71, 63|2, 58, N/A, 99.43, 64|3, 58, N/A, 74.17, 64|4, 59, N/A, 86.65, 61|5, 61, N/A, 78.23, 58|6, 58, N/A, 84.27, 51|
10:06:23 0, 58, N/A, 76.09, 64|1, 56, N/A, 84.77, 64|2, 58, N/A, 95.07, 64|3, 58, N/A, 75.23, 64|4, 59, N/A, 77.01, 61|5, 61, N/A, 77.18, 58|6, 58, N/A, 76.80, 51|
10:06:25 0, 58, N/A, 78.52, 65|1, 56, N/A, 80.77, 64|2, 59, N/A, 96.53, 64|3, 58, N/A, 78.92, 64|4, 59, N/A, 75.47, 61|5, 62, N/A, 76.25, 58|6, 58, N/A, 97.82, 51|
10:06:27 0, 58, N/A, 75.89, 64|1, 56, N/A, 83.99, 64|2, 59, N/A, 93.62, 64|3, 58, N/A, 74.57, 64|4, 59, N/A, 85.17, 61|5, 62, N/A, 83.00, 58|6, 58, N/A, 79.95, 51|
10:06:29 0, 58, N/A, 78.60, 64|1, 56, N/A, 84.76, 64|2, 59, N/A, 95.85, 64|3, 58, N/A, 79.46, 63|4, 59, N/A, 82.18, 61|5, 62, N/A, 80.75, 57|6, 58, N/A, 90.82, 51|
10:06:31 0, 58, N/A, 76.38, 64|1, 56, N/A, 78.24, 64|2, 59, N/A, 98.25, 64|3, 58, N/A, 79.21, 63|4, 59, N/A, 82.75, 61|5, 62, N/A, 75.53, 57|6, 58, N/A, 83.80, 51|
10:06:33 0, 58, N/A, 82.27, 64|1, 56, N/A, 82.30, 64|2, 59, N/A, 94.29, 64|3, 58, N/A, 70.38, 64|4, 59, N/A, 78.51, 61|5, 62, N/A, 78.29, 58|6, 58, N/A, 80.84, 52|
10:06:36 0, 58, N/A, 74.86, 64|1, 56, N/A, 78.78, 63|2, 59, N/A, 90.02, 63|3, 58, N/A, 82.49, 63|4, 59, N/A, 81.43, 61|5, 62, N/A, 79.02, 57|6, 58, N/A, 91.01, 51|
10:06:38 0, 59, N/A, 77.62, 64|1, 56, N/A, 81.57, 64|2, 59, N/A, 97.82, 64|3, 59, N/A, 79.44, 64|4, 59, N/A, 88.21, 61|5, 62, N/A, 78.93, 58|6, 58, N/A, 81.99, 51|
10:06:40 0, 59, N/A, 80.77, 64|1, 56, N/A, 78.03, 63|2, 59, N/A, 99.32, 63|3, 59, N/A, 80.44, 63|4, 59, N/A, 89.94, 60|5, 62, N/A, 81.51, 57|6, 58, N/A, 93.28, 51|
10:06:42 0, 58, N/A, 74.06, 64|1, 56, N/A, 83.07, 63|2, 59, N/A, 91.10, 63|3, 58, N/A, 75.44, 63|4, 59, N/A, 81.25, 60|5, 62, N/A, 80.23, 57|6, 58, N/A, 82.15, 50|
10:06:44 0, 59, N/A, 101.29, 100|1, 57, N/A, 107.49, 100|2, 60, N/A, 111.87, 100|3, 60, N/A, 117.60, 100|4, 60, N/A, 107.81, 100|5, 63, N/A, 87.03, 100|6, 59, N/A, 141.62, 100|
10:06:46 0, 60, N/A, 133.85, 100|1, 58, N/A, 138.59, 100|2, 60, N/A, 105.03, 100|3, 60, N/A, 113.44, 100|4, 60, N/A, 99.75, 100|5, 64, N/A, 122.97, 100|6, 60, N/A, 111.91, 100|
10:06:48 0, 60, N/A, 80.24, 100|1, 58, N/A, 122.18, 100|2, 61, N/A, 130.49, 100|3, 60, N/A, 100.18, 100|4, 61, N/A, 102.46, 100|5, 64, N/A, 126.65, 100|6, 60, N/A, 105.85, 100|
10:06:50 0, 60, N/A, 85.36, 100|1, 58, N/A, 147.09, 100|2, 61, N/A, 84.42, 100|3, 60, N/A, 147.23, 100|4, 61, N/A, 68.38, 100|5, 64, N/A, 145.87, 100|6, 61, N/A, 131.09, 100|
10:06:52 0, 60, N/A, 85.60, 100|1, 58, N/A, 113.58, 100|2, 61, N/A, 130.00, 100|3, 61, N/A, 97.04, 100|4, 61, N/A, 132.21, 100|5, 64, N/A, 76.01, 100|6, 61, N/A, 160.15, 100|
10:06:54 0, 61, N/A, 120.65, 75|1, 58, N/A, 104.30, 75|2, 62, N/A, 129.81, 77|3, 61, N/A, 93.85, 100|4, 62, N/A, 115.91, 86|5, 64, N/A, 109.77, 98|6, 61, N/A, 114.88, 75|
10:06:56 0, 61, N/A, 121.61, 100|1, 59, N/A, 116.16, 100|2, 62, N/A, 130.97, 100|3, 61, N/A, 122.70, 100|4, 62, N/A, 104.37, 100|5, 65, N/A, 108.61, 100|6, 61, N/A, 101.12, 100|
10:06:59 0, 61, N/A, 109.64, 100|1, 59, N/A, 124.89, 100|2, 62, N/A, 125.39, 100|3, 61, N/A, 121.16, 100|4, 62, N/A, 154.62, 100|5, 65, N/A, 65.22, 100|6, 61, N/A, 141.38, 100|
10:07:01 0, 61, N/A, 110.14, 100|1, 59, N/A, 111.93, 100|2, 62, N/A, 113.17, 100|3, 61, N/A, 120.07, 100|4, 62, N/A, 122.79, 100|5, 65, N/A, 81.92, 100|6, 62, N/A, 155.85, 100|
10:07:03 0, 62, N/A, 100.25, 100|1, 59, N/A, 109.71, 100|2, 63, N/A, 118.26, 100|3, 62, N/A, 117.79, 100|4, 62, N/A, 111.49, 100|5, 66, N/A, 89.99, 100|6, 62, N/A, 146.28, 100|
10:07:05 0, 62, N/A, 95.44, 74|1, 60, N/A, 124.31, 99|2, 62, N/A, 127.11, 94|3, 62, N/A, 115.34, 74|4, 62, N/A, 114.61, 84|5, 65, N/A, 109.28, 73|6, 62, N/A, 118.96, 73|
10:07:07 0, 62, N/A, 89.04, 100|1, 60, N/A, 145.13, 100|2, 63, N/A, 176.88, 100|3, 62, N/A, 65.67, 100|4, 63, N/A, 166.35, 100|5, 66, N/A, 63.46, 100|6, 62, N/A, 159.17, 100|
10:07:09 0, 62, N/A, 116.95, 100|1, 60, N/A, 113.82, 73|2, 63, N/A, 123.60, 73|3, 62, N/A, 117.37, 93|4, 63, N/A, 107.56, 78|5, 66, N/A, 110.26, 88|6, 62, N/A, 96.76, 100|
10:07:11 0, 63, N/A, 108.42, 100|1, 60, N/A, 117.21, 100|2, 63, N/A, 122.44, 100|3, 62, N/A, 107.49, 100|4, 63, N/A, 107.32, 100|5, 66, N/A, 112.21, 100|6, 63, N/A, 107.00, 100|
10:07:13 0, 63, N/A, 133.34, 100|1, 60, N/A, 74.36, 100|2, 63, N/A, 178.59, 100|3, 62, N/A, 156.30, 100|4, 63, N/A, 59.57, 100|5, 66, N/A, 148.10, 100|6, 63, N/A, 98.71, 100|
10:07:15 0, 62, N/A, 93.96, 100|1, 61, N/A, 105.77, 100|2, 63, N/A, 131.94, 100|3, 63, N/A, 100.67, 100|4, 64, N/A, 125.36, 100|5, 66, N/A, 138.12, 100|6, 63, N/A, 77.64, 100|
10:07:17 0, 63, N/A, 113.34, 100|1, 61, N/A, 100.67, 100|2, 64, N/A, 137.60, 100|3, 63, N/A, 107.80, 100|4, 63, N/A, 126.17, 100|5, 67, N/A, 79.21, 100|6, 63, N/A, 160.16, 100|
10:07:19 0, 63, N/A, 142.35, 100|1, 61, N/A, 96.42, 100|2, 64, N/A, 141.04, 100|3, 63, N/A, 93.06, 100|4, 64, N/A, 115.86, 100|5, 67, N/A, 131.54, 100|6, 63, N/A, 116.27, 100|
10:07:22 0, 63, N/A, 93.43, 100|1, 61, N/A, 136.84, 100|2, 64, N/A, 88.10, 100|3, 63, N/A, 150.91, 100|4, 64, N/A, 166.76, 100|5, 67, N/A, 58.78, 100|6, 64, N/A, 147.49, 100|
10:07:24 0, 63, N/A, 144.81, 100|1, 61, N/A, 70.43, 100|2, 64, N/A, 183.50, 100|3, 63, N/A, 58.04, 100|4, 64, N/A, 140.80, 100|5, 67, N/A, 150.20, 100|6, 63, N/A, 86.68, 100|
10:07:26 0, 63, N/A, 113.94, 99|1, 61, N/A, 124.56, 99|2, 64, N/A, 92.98, 99|3, 63, N/A, 142.41, 99|4, 64, N/A, 82.31, 99|5, 67, N/A, 127.57, 99|6, 63, N/A, 96.93, 99|
10:07:28 0, 62, N/A, 51.28, 34|1, 60, N/A, 62.10, 18|2, 63, N/A, 74.35, 21|3, 62, N/A, 66.94, 35|4, 63, N/A, 71.09, 33|5, 66, N/A, 72.58, 35|6, 62, N/A, 81.92, 28|
10:07:30 0, 62, N/A, 78.23, 67|1, 59, N/A, 87.72, 67|2, 62, N/A, 99.29, 66|3, 62, N/A, 91.30, 66|4, 62, N/A, 88.36, 64|5, 65, N/A, 79.78, 60|6, 62, N/A, 89.93, 54|
10:07:32 0, 61, N/A, 88.82, 67|1, 59, N/A, 81.64, 68|2, 62, N/A, 93.45, 68|3, 61, N/A, 81.21, 68|4, 62, N/A, 88.95, 65|5, 65, N/A, 80.25, 62|6, 62, N/A, 86.04, 55|
10:07:34 0, 61, N/A, 75.78, 68|1, 59, N/A, 88.91, 68|2, 62, N/A, 100.68, 68|3, 61, N/A, 75.23, 68|4, 62, N/A, 85.22, 65|5, 64, N/A, 78.66, 62|6, 61, N/A, 89.59, 55|
10:07:36 0, 61, N/A, 81.25, 67|1, 58, N/A, 89.65, 67|2, 61, N/A, 101.42, 67|3, 61, N/A, 78.92, 67|4, 61, N/A, 81.51, 64|5, 64, N/A, 82.41, 60|6, 61, N/A, 82.35, 54|
10:07:38 0, 60, N/A, 80.24, 68|1, 58, N/A, 84.71, 67|2, 61, N/A, 98.65, 68|3, 61, N/A, 77.64, 67|4, 61, N/A, 81.13, 64|5, 64, N/A, 80.97, 61|6, 61, N/A, 83.04, 55|
10:07:40 0, 60, N/A, 82.76, 67|1, 58, N/A, 88.95, 68|2, 61, N/A, 91.47, 68|3, 60, N/A, 81.67, 67|4, 61, N/A, 90.87, 65|5, 64, N/A, 85.91, 60|6, 60, N/A, 81.07, 55|
10:07:42 0, 60, N/A, 82.74, 67|1, 58, N/A, 90.15, 67|2, 61, N/A, 97.68, 67|3, 60, N/A, 81.37, 67|4, 61, N/A, 83.94, 64|5, 64, N/A, 90.59, 61|6, 60, N/A, 100.31, 55|
10:07:44 0, 60, N/A, 77.74, 67|1, 58, N/A, 83.94, 67|2, 60, N/A, 96.20, 67|3, 60, N/A, 80.18, 67|4, 60, N/A, 88.36, 64|5, 63, N/A, 86.95, 61|6, 60, N/A, 91.97, 55|
10:07:47 0, 60, N/A, 78.81, 67|1, 57, N/A, 85.17, 67|2, 60, N/A, 99.97, 66|3, 60, N/A, 79.20, 66|4, 60, N/A, 82.33, 64|5, 63, N/A, 79.25, 60|6, 60, N/A, 86.25, 54|
10:07:49 0, 59, N/A, 78.82, 67|1, 57, N/A, 87.73, 67|2, 60, N/A, 97.04, 67|3, 60, N/A, 77.52, 66|4, 60, N/A, 82.41, 64|5, 63, N/A, 77.46, 60|6, 60, N/A, 87.03, 54|
10:07:51 0, 59, N/A, 84.88, 66|1, 57, N/A, 89.65, 66|2, 60, N/A, 91.72, 67|3, 60, N/A, 81.17, 66|4, 60, N/A, 80.97, 64|5, 63, N/A, 78.24, 60|6, 59, N/A, 89.74, 54|
10:07:53 0, 59, N/A, 77.82, 67|1, 57, N/A, 82.71, 67|2, 60, N/A, 93.36, 66|3, 59, N/A, 81.30, 67|4, 60, N/A, 82.36, 64|5, 63, N/A, 81.84, 61|6, 59, N/A, 99.49, 54|
10:07:55 0, 59, N/A, 82.00, 68|1, 57, N/A, 89.39, 67|2, 59, N/A, 94.63, 67|3, 59, N/A, 85.54, 67|4, 60, N/A, 82.60, 65|5, 63, N/A, 78.21, 61|6, 59, N/A, 83.69, 55|
10:07:57 0, 59, N/A, 77.81, 66|1, 57, N/A, 80.24, 66|2, 59, N/A, 97.48, 66|3, 59, N/A, 76.99, 65|4, 59, N/A, 83.89, 63|5, 62, N/A, 82.10, 59|6, 59, N/A, 84.08, 53|
10:07:59 0, 58, N/A, 69.24, 55|1, 56, N/A, 75.40, 67|2, 59, N/A, 87.44, 67|3, 59, N/A, 73.55, 67|4, 59, N/A, 77.54, 64|5, 62, N/A, 79.79, 61|6, 58, N/A, 84.13, 38|
10:08:01 0, 59, N/A, 81.52, 67|1, 56, N/A, 85.26, 66|2, 59, N/A, 92.02, 66|3, 59, N/A, 82.20, 67|4, 59, N/A, 80.40, 63|5, 62, N/A, 82.50, 61|6, 59, N/A, 88.26, 54|
10:08:03 0, 58, N/A, 81.81, 66|1, 56, N/A, 84.75, 66|2, 59, N/A, 91.04, 66|3, 59, N/A, 78.01, 66|4, 59, N/A, 82.62, 64|5, 62, N/A, 87.73, 60|6, 58, N/A, 91.28, 54|
10:08:05 0, 58, N/A, 82.25, 67|1, 56, N/A, 80.65, 67|2, 58, N/A, 85.09, 67|3, 59, N/A, 76.98, 67|4, 59, N/A, 83.89, 64|5, 62, N/A, 84.51, 61|6, 58, N/A, 79.36, 55|
10:08:07 0, 58, N/A, 79.34, 66|1, 56, N/A, 84.27, 67|2, 58, N/A, 97.24, 66|3, 58, N/A, 79.98, 66|4, 59, N/A, 90.68, 63|5, 62, N/A, 81.15, 60|6, 58, N/A, 89.04, 54|
10:08:10 0, 58, N/A, 79.95, 67|1, 56, N/A, 86.74, 68|2, 58, N/A, 95.76, 67|3, 58, N/A, 72.49, 67|4, 59, N/A, 78.47, 65|5, 62, N/A, 77.74, 60|6, 58, N/A, 80.83, 54|
10:08:12 0, 58, N/A, 78.48, 68|1, 56, N/A, 85.70, 68|2, 58, N/A, 97.24, 68|3, 58, N/A, 79.65, 67|4, 59, N/A, 80.16, 65|5, 61, N/A, 85.71, 61|6, 58, N/A, 78.58, 55|
10:08:14 0, 58, N/A, 78.52, 68|1, 56, N/A, 81.23, 68|2, 58, N/A, 96.74, 68|3, 58, N/A, 79.20, 67|4, 59, N/A, 82.11, 64|5, 61, N/A, 79.75, 61|6, 58, N/A, 88.09, 55|
10:08:16 0, 58, N/A, 76.30, 66|1, 56, N/A, 84.43, 66|2, 58, N/A, 96.45, 66|3, 58, N/A, 75.48, 66|4, 59, N/A, 77.47, 63|5, 62, N/A, 79.21, 60|6, 58, N/A, 95.00, 53|
10:08:18 0, 58, N/A, 81.81, 67|1, 56, N/A, 84.68, 67|2, 59, N/A, 92.26, 67|3, 58, N/A, 75.96, 67|4, 59, N/A, 86.99, 64|5, 62, N/A, 74.08, 61|6, 58, N/A, 88.38, 54|
10:08:20 0, 58, N/A, 77.70, 67|1, 56, N/A, 81.15, 67|2, 58, N/A, 99.88, 67|3, 59, N/A, 81.67, 66|4, 59, N/A, 83.43, 64|5, 62, N/A, 83.93, 60|6, 58, N/A, 88.46, 55|
10:08:22 0, 59, N/A, 75.39, 67|1, 56, N/A, 78.74, 67|2, 59, N/A, 90.25, 67|3, 59, N/A, 78.01, 67|4, 59, N/A, 87.73, 64|5, 62, N/A, 79.03, 60|6, 58, N/A, 86.04, 55|
10:08:24 0, 59, N/A, 100.36, 100|1, 57, N/A, 111.43, 100|2, 59, N/A, 106.04, 100|3, 59, N/A, 107.49, 100|4, 59, N/A, 106.34, 100|5, 62, N/A, 118.86, 100|6, 59, N/A, 84.72, 100|
10:08:26 0, 60, N/A, 125.80, 100|1, 57, N/A, 112.17, 100|2, 60, N/A, 141.77, 100|3, 60, N/A, 99.50, 100|4, 60, N/A, 99.07, 100|5, 63, N/A, 124.68, 100|6, 60, N/A, 151.84, 100|
10:08:28 0, 60, N/A, 108.42, 100|1, 57, N/A, 122.93, 100|2, 61, N/A, 102.89, 100|3, 60, N/A, 135.63, 100|4, 60, N/A, 156.90, 100|5, 63, N/A, 61.04, 100|6, 60, N/A, 181.02, 100|
10:08:30 0, 60, N/A, 86.64, 100|1, 58, N/A, 119.97, 100|2, 61, N/A, 124.40, 100|3, 61, N/A, 106.82, 100|4, 61, N/A, 110.51, 100|5, 64, N/A, 113.71, 100|6, 61, N/A, 124.86, 100|
10:08:33 0, 60, N/A, 99.81, 100|1, 58, N/A, 108.72, 100|2, 61, N/A, 119.17, 100|3, 60, N/A, 112.88, 100|4, 61, N/A, 108.30, 100|5, 64, N/A, 117.39, 100|6, 61, N/A, 124.11, 100|
10:08:35 0, 61, N/A, 151.93, 100|1, 59, N/A, 64.51, 100|2, 62, N/A, 196.62, 100|3, 61, N/A, 164.87, 100|4, 61, N/A, 57.34, 100|5, 64, N/A, 152.74, 100|6, 61, N/A, 88.90, 100|
10:08:37 0, 61, N/A, 106.69, 100|1, 58, N/A, 111.43, 69|2, 62, N/A, 124.58, 69|3, 61, N/A, 118.58, 85|4, 62, N/A, 103.45, 76|5, 64, N/A, 118.86, 83|6, 61, N/A, 85.70, 68|
10:08:39 0, 61, N/A, 116.45, 100|1, 59, N/A, 124.39, 100|2, 62, N/A, 86.39, 100|3, 61, N/A, 148.21, 100|4, 62, N/A, 62.48, 100|5, 64, N/A, 168.25, 100|6, 61, N/A, 59.98, 100|
10:08:41 0, 61, N/A, 58.15, 82|1, 59, N/A, 71.46, 100|2, 62, N/A, 93.04, 100|3, 61, N/A, 96.56, 100|4, 61, N/A, 92.89, 100|5, 64, N/A, 102.04, 100|6, 61, N/A, 120.93, 100|
10:08:43 0, 62, N/A, 127.96, 100|1, 59, N/A, 91.81, 100|2, 63, N/A, 135.15, 100|3, 62, N/A, 105.34, 100|4, 62, N/A, 116.40, 100|5, 65, N/A, 118.68, 100|6, 62, N/A, 113.63, 100|
10:08:45 0, 62, N/A, 153.65, 100|1, 59, N/A, 69.69, 100|2, 63, N/A, 176.88, 100|3, 62, N/A, 92.86, 100|4, 63, N/A, 111.74, 100|5, 66, N/A, 124.92, 100|6, 62, N/A, 114.07, 100|
10:08:47 0, 62, N/A, 84.42, 100|1, 60, N/A, 134.16, 100|2, 63, N/A, 147.27, 100|3, 62, N/A, 79.40, 100|4, 63, N/A, 143.01, 100|5, 65, N/A, 93.19, 100|6, 62, N/A, 125.09, 100|
10:08:49 0, 62, N/A, 69.89, 100|1, 60, N/A, 160.01, 100|2, 63, N/A, 193.68, 100|3, 62, N/A, 58.53, 100|4, 63, N/A, 175.58, 100|5, 66, N/A, 54.17, 100|6, 63, N/A, 153.54, 100|
10:08:51 0, 62, N/A, 106.95, 100|1, 60, N/A, 125.13, 66|2, 63, N/A, 95.00, 66|3, 62, N/A, 133.36, 100|4, 63, N/A, 71.54, 66|5, 66, N/A, 157.56, 100|6, 63, N/A, 176.37, 77|
10:08:53 0, 63, N/A, 145.05, 100|1, 60, N/A, 95.98, 100|2, 63, N/A, 139.26, 100|3, 62, N/A, 95.27, 100|4, 63, N/A, 133.68, 100|5, 66, N/A, 110.02, 100|6, 63, N/A, 122.82, 100|
10:08:56 0, 62, N/A, 116.77, 100|1, 61, N/A, 103.87, 100|2, 63, N/A, 127.44, 100|3, 63, N/A, 100.31, 100|4, 63, N/A, 113.21, 100|5, 66, N/A, 123.06, 100|6, 63, N/A, 103.20, 100|
10:08:58 0, 63, N/A, 172.44, 100|1, 60, N/A, 151.32, 82|2, 63, N/A, 85.51, 100|3, 63, N/A, 139.50, 100|4, 63, N/A, 98.46, 100|5, 67, N/A, 121.97, 100|6, 63, N/A, 111.57, 100|
10:09:00 0, 63, N/A, 131.36, 100|1, 61, N/A, 85.56, 100|2, 64, N/A, 142.86, 100|3, 63, N/A, 97.92, 100|4, 64, N/A, 118.71, 100|5, 67, N/A, 102.17, 100|6, 64, N/A, 134.28, 100|
10:09:02 0, 63, N/A, 96.99, 100|1, 61, N/A, 134.83, 100|2, 63, N/A, 124.31, 100|3, 63, N/A, 119.73, 100|4, 63, N/A, 101.56, 100|5, 67, N/A, 124.18, 100|6, 64, N/A, 119.61, 100|
10:09:04 0, 63, N/A, 103.39, 100|1, 61, N/A, 117.42, 100|2, 64, N/A, 112.25, 100|3, 63, N/A, 115.42, 100|4, 64, N/A, 108.69, 100|5, 66, N/A, 131.97, 100|6, 63, N/A, 85.87, 100|
10:09:06 0, 63, N/A, 116.42, 100|1, 61, N/A, 109.29, 100|2, 63, N/A, 136.22, 100|3, 63, N/A, 102.03, 100|4, 63, N/A, 112.06, 100|5, 67, N/A, 107.26, 100|6, 63, N/A, 108.56, 100|
10:09:08 0, 63, N/A, 135.17, 100|1, 60, N/A, 78.16, 100|2, 64, N/A, 109.13, 100|3, 62, N/A, 63.09, 100|4, 64, N/A, 76.36, 96|5, 66, N/A, 56.97, 91|6, 64, N/A, 68.97, 100|
10:09:10 0, 63, N/A, 141.07, 100|1, 60, N/A, 94.62, 100|2, 63, N/A, 140.89, 100|3, 63, N/A, 131.20, 100|4, 63, N/A, 94.23, 100|5, 67, N/A, 133.61, 100|6, 63, N/A, 108.31, 100|
10:09:12 0, 63, N/A, 115.63, 100|1, 60, N/A, 106.89, 100|2, 63, N/A, 138.27, 100|3, 63, N/A, 76.30, 100|4, 63, N/A, 156.12, 100|5, 66, N/A, 61.11, 100|6, 63, N/A, 184.20, 100|
10:09:14 0, 63, N/A, 113.24, 100|1, 60, N/A, 69.58, 100|2, 63, N/A, 95.40, 100|3, 62, N/A, 57.46, 100|4, 63, N/A, 66.59, 100|5, 66, N/A, 53.55, 100|6, 63, N/A, 63.10, 100|
10:09:16 0, 62, N/A, 150.90, 100|1, 60, N/A, 66.61, 100|2, 63, N/A, 184.72, 100|3, 63, N/A, 165.99, 100|4, 63, N/A, 55.20, 100|5, 66, N/A, 167.45, 100|6, 63, N/A, 101.79, 100|
10:09:18 0, 63, N/A, 128.66, 100|1, 60, N/A, 148.12, 100|2, 62, N/A, 109.60, 100|3, 63, N/A, 114.01, 100|4, 63, N/A, 103.09, 100|5, 66, N/A, 113.35, 100|6, 63, N/A, 112.55, 100|
10:09:21 0, 62, N/A, 103.09, 100|1, 60, N/A, 111.02, 100|2, 62, N/A, 110.47, 100|3, 63, N/A, 106.70, 100|4, 63, N/A, 123.63, 100|5, 67, N/A, 79.56, 100|6, 63, N/A, 158.64, 100|
10:09:23 0, 62, N/A, 52.02, 100|1, 60, N/A, 183.69, 100|2, 63, N/A, 169.33, 100|3, 62, N/A, 72.11, 100|4, 63, N/A, 142.53, 100|5, 66, N/A, 91.52, 100|6, 63, N/A, 126.74, 100|
10:09:25 0, 62, N/A, 171.59, 100|1, 60, N/A, 54.77, 100|2, 63, N/A, 165.89, 100|3, 62, N/A, 72.81, 100|4, 63, N/A, 136.81, 100|5, 66, N/A, 94.47, 100|6, 63, N/A, 123.30, 100|
10:09:27 0, 62, N/A, 169.98, 100|1, 60, N/A, 54.77, 100|2, 63, N/A, 167.53, 100|3, 62, N/A, 82.94, 100|4, 63, N/A, 134.60, 100|5, 66, N/A, 123.14, 100|6, 62, N/A, 116.23, 100|
10:09:29 0, 62, N/A, 133.51, 62|1, 59, N/A, 88.91, 70|2, 62, N/A, 126.47, 96|3, 62, N/A, 87.08, 100|4, 63, N/A, 119.93, 100|5, 65, N/A, 111.64, 100|6, 63, N/A, 132.80, 70|
10:09:31 0, 62, N/A, 166.76, 100|1, 60, N/A, 57.97, 100|2, 62, N/A, 194.67, 100|3, 62, N/A, 50.51, 100|4, 63, N/A, 158.84, 100|5, 66, N/A, 148.20, 100|6, 62, N/A, 89.75, 100|
10:09:33 0, 62, N/A, 98.71, 100|1, 60, N/A, 127.18, 100|2, 62, N/A, 121.86, 100|3, 62, N/A, 119.42, 100|4, 63, N/A, 76.35, 100|5, 66, N/A, 156.64, 100|6, 63, N/A, 70.40, 100|
10:09:35 0, 63, N/A, 105.61, 100|1, 60, N/A, 68.10, 100|2, 62, N/A, 95.38, 100|3, 62, N/A, 57.95, 100|4, 63, N/A, 70.00, 100|5, 65, N/A, 54.53, 100|6, 63, N/A, 63.35, 95|
10:09:37 0, 62, N/A, 51.53, 100|1, 60, N/A, 185.34, 100|2, 62, N/A, 170.56, 100|3, 62, N/A, 69.90, 100|4, 62, N/A, 146.14, 100|5, 65, N/A, 91.03, 100|6, 63, N/A, 130.17, 100|
10:09:39 0, 62, N/A, 96.45, 100|1, 60, N/A, 129.72, 100|2, 62, N/A, 115.89, 100|3, 62, N/A, 115.49, 100|4, 62, N/A, 113.11, 100|5, 66, N/A, 111.39, 100|6, 63, N/A, 119.85, 100|
10:09:41 0, 62, N/A, 66.78, 100|1, 60, N/A, 169.32, 100|2, 62, N/A, 70.02, 100|3, 63, N/A, 165.74, 100|4, 63, N/A, 179.00, 100|5, 66, N/A, 52.73, 100|6, 62, N/A, 193.90, 100|
10:09:44 0, 61, N/A, 86.96, 82|1, 59, N/A, 99.75, 100|2, 61, N/A, 106.15, 100|3, 61, N/A, 95.09, 97|4, 62, N/A, 108.75, 100|5, 65, N/A, 106.77, 100|6, 62, N/A, 101.07, 59|
10:09:46 0, 62, N/A, 107.08, 100|1, 60, N/A, 104.92, 100|2, 62, N/A, 113.23, 100|3, 62, N/A, 114.82, 100|4, 63, N/A, 102.54, 100|5, 65, N/A, 123.13, 100|6, 63, N/A, 89.75, 100|
10:09:48 0, 62, N/A, 109.78, 100|1, 60, N/A, 98.03, 100|2, 62, N/A, 136.49, 100|3, 62, N/A, 72.36, 100|4, 62, N/A, 159.98, 100|5, 66, N/A, 62.10, 100|6, 62, N/A, 180.77, 100|
10:09:50 0, 62, N/A, 92.61, 100|1, 60, N/A, 137.45, 100|2, 62, N/A, 89.46, 100|3, 62, N/A, 145.79, 100|4, 62, N/A, 163.41, 100|5, 65, N/A, 60.87, 100|6, 62, N/A, 182.48, 100|
10:09:52 0, 62, N/A, 47.40, 95|1, 59, N/A, 49.87, 100|2, 62, N/A, 55.80, 100|3, 61, N/A, 45.65, 100|4, 62, N/A, 48.85, 100|5, 65, N/A, 46.91, 100|6, 62, N/A, 51.27, 100|
10:09:54 0, 62, N/A, 60.41, 100|1, 60, N/A, 171.93, 100|2, 61, N/A, 187.79, 100|3, 62, N/A, 53.96, 100|4, 62, N/A, 179.00, 100|5, 65, N/A, 51.78, 100|6, 62, N/A, 194.14, 100|
10:09:56 0, 62, N/A, 105.36, 100|1, 59, N/A, 126.03, 100|2, 62, N/A, 88.47, 100|3, 62, N/A, 146.53, 100|4, 62, N/A, 65.02, 100|5, 66, N/A, 166.85, 100|6, 62, N/A, 188.11, 100|
10:09:58 0, 62, N/A, 103.14, 100|1, 60, N/A, 108.18, 100|2, 62, N/A, 125.80, 100|3, 62, N/A, 93.29, 100|4, 62, N/A, 119.12, 100|5, 65, N/A, 105.30, 100|6, 63, N/A, 104.44, 100|
10:10:00 0, 62, N/A, 85.22, 100|1, 60, N/A, 125.79, 100|2, 61, N/A, 116.68, 100|3, 63, N/A, 124.09, 100|4, 62, N/A, 102.85, 100|5, 66, N/A, 120.49, 100|6, 63, N/A, 105.98, 100|
10:10:02 0, 62, N/A, 123.70, 83|1, 59, N/A, 92.12, 99|2, 61, N/A, 131.68, 99|3, 62, N/A, 95.44, 84|4, 62, N/A, 110.16, 99|5, 65, N/A, 104.36, 99|6, 62, N/A, 97.07, 99|
10:10:04 0, 62, N/A, 48.82, 98|1, 59, N/A, 50.55, 100|2, 61, N/A, 57.45, 100|3, 61, N/A, 46.08, 100|4, 62, N/A, 49.29, 100|5, 65, N/A, 46.85, 100|6, 62, N/A, 51.23, 65|
10:10:07 0, 61, N/A, 89.20, 72|1, 58, N/A, 94.56, 71|2, 60, N/A, 103.81, 71|3, 61, N/A, 85.46, 72|4, 61, N/A, 92.21, 69|5, 64, N/A, 90.48, 66|6, 61, N/A, 94.20, 62|
10:10:09 0, 60, N/A, 80.69, 71|1, 58, N/A, 87.92, 72|2, 60, N/A, 99.69, 71|3, 60, N/A, 78.91, 71|4, 61, N/A, 85.85, 69|5, 64, N/A, 85.28, 66|6, 61, N/A, 91.79, 62|
10:10:11 0, 60, N/A, 81.21, 72|1, 58, N/A, 86.45, 71|2, 60, N/A, 100.67, 70|3, 61, N/A, 81.82, 72|4, 60, N/A, 87.03, 69|5, 64, N/A, 87.29, 67|6, 61, N/A, 92.59, 63|
10:10:13 0, 60, N/A, 87.18, 71|1, 58, N/A, 92.61, 72|2, 60, N/A, 107.81, 71|3, 60, N/A, 79.17, 71|4, 60, N/A, 82.41, 69|5, 63, N/A, 86.35, 67|6, 60, N/A, 89.19, 62|
10:10:15 0, 60, N/A, 79.50, 72|1, 58, N/A, 89.60, 72|2, 60, N/A, 102.85, 71|3, 60, N/A, 85.76, 71|4, 60, N/A, 89.25, 70|5, 63, N/A, 93.59, 67|6, 60, N/A, 105.65, 62|
10:10:17 0, 60, N/A, 80.97, 71|1, 57, N/A, 84.34, 72|2, 60, N/A, 97.46, 71|3, 60, N/A, 83.37, 71|4, 60, N/A, 89.15, 69|5, 63, N/A, 94.81, 66|6, 60, N/A, 92.83, 62|
10:10:19 0, 59, N/A, 83.18, 71|1, 57, N/A, 87.42, 71|2, 59, N/A, 101.69, 71|3, 60, N/A, 88.55, 71|4, 60, N/A, 98.02, 69|5, 63, N/A, 95.31, 66|6, 60, N/A, 90.17, 61|
10:10:21 0, 60, N/A, 85.07, 71|1, 57, N/A, 86.39, 71|2, 59, N/A, 99.17, 71|3, 60, N/A, 80.68, 71|4, 60, N/A, 90.54, 68|5, 63, N/A, 84.24, 65|6, 60, N/A, 87.73, 60|
10:10:23 0, 60, N/A, 80.98, 71|1, 57, N/A, 91.41, 71|2, 59, N/A, 98.09, 71|3, 60, N/A, 80.63, 71|4, 60, N/A, 84.62, 69|5, 63, N/A, 88.21, 66|6, 60, N/A, 89.85, 61|
10:10:25 0, 59, N/A, 82.64, 71|1, 57, N/A, 87.14, 71|2, 59, N/A, 99.21, 71|3, 59, N/A, 82.62, 71|4, 59, N/A, 85.82, 69|5, 63, N/A, 82.86, 65|6, 59, N/A, 90.91, 61|
10:10:27 0, 59, N/A, 87.38, 71|1, 57, N/A, 89.21, 71|2, 59, N/A, 101.69, 71|3, 59, N/A, 84.21, 70|4, 60, N/A, 84.58, 69|5, 63, N/A, 85.86, 66|6, 59, N/A, 92.38, 61|
10:10:30 0, 59, N/A, 83.12, 71|1, 56, N/A, 87.17, 70|2, 59, N/A, 100.58, 70|3, 59, N/A, 88.55, 70|4, 59, N/A, 92.56, 69|5, 62, N/A, 85.12, 65|6, 59, N/A, 90.78, 60|
10:10:32 0, 59, N/A, 83.17, 72|1, 56, N/A, 89.28, 71|2, 59, N/A, 102.61, 72|3, 59, N/A, 92.59, 71|4, 59, N/A, 97.47, 69|5, 62, N/A, 83.92, 67|6, 59, N/A, 95.59, 62|
10:10:34 0, 59, N/A, 81.47, 71|1, 56, N/A, 90.14, 71|2, 58, N/A, 100.16, 72|3, 59, N/A, 83.87, 71|4, 59, N/A, 94.67, 69|5, 62, N/A, 85.35, 66|6, 59, N/A, 92.64, 61|
10:10:36 0, 59, N/A, 81.45, 71|1, 56, N/A, 86.92, 71|2, 58, N/A, 100.38, 71|3, 59, N/A, 81.04, 71|4, 59, N/A, 95.90, 69|5, 62, N/A, 90.82, 66|6, 59, N/A, 90.46, 61|
10:10:38 0, 59, N/A, 86.06, 71|1, 56, N/A, 92.35, 71|2, 58, N/A, 99.18, 71|3, 59, N/A, 86.09, 72|4, 59, N/A, 84.54, 69|5, 62, N/A, 84.06, 66|6, 59, N/A, 94.50, 61|
10:10:40 0, 59, N/A, 85.45, 71|1, 56, N/A, 85.66, 71|2, 58, N/A, 100.84, 71|3, 59, N/A, 86.29, 71|4, 59, N/A, 85.81, 69|5, 62, N/A, 86.80, 66|6, 59, N/A, 91.19, 61|
10:10:42 0, 59, N/A, 87.67, 71|1, 56, N/A, 90.34, 71|2, 58, N/A, 96.94, 72|3, 59, N/A, 82.16, 71|4, 59, N/A, 85.95, 70|5, 62, N/A, 82.20, 66|6, 59, N/A, 101.71, 62|
10:10:44 0, 59, N/A, 85.17, 71|1, 56, N/A, 91.67, 71|2, 59, N/A, 102.21, 71|3, 59, N/A, 83.43, 70|4, 59, N/A, 85.28, 68|5, 62, N/A, 87.01, 66|6, 59, N/A, 93.90, 61|
10:10:46 0, 59, N/A, 88.21, 72|1, 57, N/A, 89.36, 72|2, 59, N/A, 103.50, 72|3, 59, N/A, 81.41, 72|4, 59, N/A, 89.21, 70|5, 62, N/A, 88.52, 67|6, 59, N/A, 92.58, 63|
10:10:48 0, 59, N/A, 84.29, 72|1, 57, N/A, 90.99, 72|2, 59, N/A, 104.14, 71|3, 59, N/A, 81.43, 71|4, 59, N/A, 89.65, 69|5, 62, N/A, 84.69, 66|6, 59, N/A, 94.39, 62|
10:10:50 0, 59, N/A, 82.82, 71|1, 57, N/A, 88.76, 71|2, 59, N/A, 101.24, 71|3, 59, N/A, 82.45, 71|4, 59, N/A, 87.03, 69|5, 63, N/A, 86.84, 66|6, 59, N/A, 98.92, 61|
10:10:52 0, 59, N/A, 82.62, 71|1, 57, N/A, 87.99, 71|2, 59, N/A, 102.59, 71|3, 60, N/A, 85.51, 71|4, 59, N/A, 82.68, 69|5, 63, N/A, 85.87, 66|6, 59, N/A, 92.56, 61|
10:10:55 0, 59, N/A, 86.55, 71|1, 57, N/A, 91.74, 71|2, 59, N/A, 100.47, 71|3, 59, N/A, 88.18, 71|4, 59, N/A, 87.42, 69|5, 63, N/A, 89.38, 66|6, 59, N/A, 89.58, 61|
10:10:57 0, 59, N/A, 84.04, 71|1, 57, N/A, 92.98, 71|2, 59, N/A, 99.32, 71|3, 59, N/A, 81.45, 71|4, 60, N/A, 89.13, 69|5, 63, N/A, 85.23, 66|6, 60, N/A, 92.70, 61|
10:10:59 0, 59, N/A, 89.94, 71|1, 57, N/A, 91.20, 71|2, 60, N/A, 98.04, 71|3, 60, N/A, 80.24, 71|4, 60, N/A, 81.20, 69|5, 63, N/A, 83.75, 66|6, 60, N/A, 93.44, 62|
10:11:01 0, 59, N/A, 43.70, 0|1, 56, N/A, 47.43, 36|2, 59, N/A, 54.32, 6|3, 59, N/A, 43.68, 5|4, 59, N/A, 45.92, 8|5, 62, N/A, 44.69, 8|6, 59, N/A, 48.59, 0|
10:11:03 0, 61, N/A, 127.63, 100|1, 58, N/A, 105.10, 100|2, 61, N/A, 134.98, 100|3, 60, N/A, 99.26, 100|4, 61, N/A, 107.07, 100|5, 64, N/A, 119.17, 100|6, 60, N/A, 121.92, 100|
10:11:05 0, 60, N/A, 75.07, 57|1, 59, N/A, 136.53, 85|2, 60, N/A, 119.73, 57|3, 61, N/A, 108.71, 57|4, 60, N/A, 110.26, 57|5, 64, N/A, 114.19, 57|6, 61, N/A, 115.29, 74|
10:11:07 0, 61, N/A, 99.13, 100|1, 59, N/A, 123.90, 100|2, 61, N/A, 121.71, 100|3, 61, N/A, 109.27, 100|4, 61, N/A, 83.15, 100|5, 64, N/A, 144.98, 100|6, 61, N/A, 71.05, 100|
10:11:09 0, 62, N/A, 52.02, 100|1, 59, N/A, 183.23, 100|2, 61, N/A, 60.94, 100|3, 62, N/A, 174.32, 100|4, 61, N/A, 54.71, 100|5, 65, N/A, 159.81, 100|6, 62, N/A, 142.05, 100|
10:11:11 0, 61, N/A, 77.92, 100|1, 60, N/A, 127.26, 100|2, 62, N/A, 140.01, 100|3, 61, N/A, 99.09, 100|4, 62, N/A, 116.87, 100|5, 65, N/A, 128.29, 100|6, 62, N/A, 108.44, 100|
10:11:13 0, 62, N/A, 115.28, 100|1, 59, N/A, 126.68, 100|2, 62, N/A, 123.66, 100|3, 62, N/A, 119.74, 100|4, 62, N/A, 104.14, 100|5, 65, N/A, 122.78, 100|6, 62, N/A, 148.77, 100|
10:11:15 0, 62, N/A, 54.56, 93|1, 59, N/A, 180.27, 56|2, 62, N/A, 63.69, 56|3, 62, N/A, 171.11, 56|4, 62, N/A, 51.32, 56|5, 66, N/A, 181.35, 56|6, 63, N/A, 160.43, 58|
10:11:18 0, 62, N/A, 51.10, 100|1, 60, N/A, 184.83, 100|2, 63, N/A, 211.39, 100|3, 62, N/A, 48.60, 100|4, 63, N/A, 185.52, 100|5, 65, N/A, 49.35, 100|6, 63, N/A, 170.67, 100|
10:11:20 0, 62, N/A, 173.29, 100|1, 60, N/A, 53.85, 100|2, 63, N/A, 212.51, 100|3, 62, N/A, 48.36, 100|4, 63, N/A, 153.64, 100|5, 66, N/A, 154.53, 100|6, 63, N/A, 85.42, 100|
10:11:22 0, 63, N/A, 175.62, 100|1, 60, N/A, 185.93, 100|2, 63, N/A, 61.75, 100|3, 63, N/A, 158.21, 100|4, 62, N/A, 66.83, 100|5, 67, N/A, 141.74, 100|6, 63, N/A, 96.75, 100|
10:11:24 0, 63, N/A, 54.07, 100|1, 61, N/A, 182.24, 100|2, 64, N/A, 65.42, 100|3, 63, N/A, 173.81, 100|4, 63, N/A, 185.28, 100|5, 66, N/A, 49.87, 100|6, 64, N/A, 175.79, 100|
10:11:26 0, 63, N/A, 113.33, 100|1, 61, N/A, 84.14, 100|2, 63, N/A, 160.20, 100|3, 63, N/A, 69.54, 100|4, 63, N/A, 164.85, 100|5, 67, N/A, 60.45, 100|6, 64, N/A, 183.95, 100|
10:11:28 0, 62, N/A, 108.40, 54|1, 61, N/A, 90.06, 63|2, 63, N/A, 151.17, 95|3, 63, N/A, 70.24, 95|4, 63, N/A, 160.92, 91|5, 67, N/A, 60.70, 88|6, 64, N/A, 185.91, 65|
10:11:30 0, 63, N/A, 101.30, 100|1, 61, N/A, 103.89, 100|2, 63, N/A, 123.67, 100|3, 62, N/A, 115.95, 100|4, 64, N/A, 113.01, 100|5, 66, N/A, 112.59, 100|6, 64, N/A, 126.40, 100|
10:11:32 0, 63, N/A, 177.71, 100|1, 60, N/A, 52.62, 100|2, 63, N/A, 193.20, 100|3, 63, N/A, 58.19, 100|4, 64, N/A, 164.33, 100|5, 66, N/A, 130.85, 100|6, 63, N/A, 117.62, 100|
10:11:34 0, 63, N/A, 127.96, 100|1, 60, N/A, 109.50, 100|2, 63, N/A, 110.98, 100|3, 63, N/A, 123.27, 100|4, 63, N/A, 78.38, 100|5, 66, N/A, 150.92, 100|6, 64, N/A, 71.19, 100|
10:11:36 0, 63, N/A, 178.70, 100|1, 60, N/A, 52.37, 100|2, 64, N/A, 146.75, 100|3, 63, N/A, 128.10, 100|4, 63, N/A, 89.87, 100|5, 67, N/A, 137.47, 100|6, 63, N/A, 109.19, 100|
10:11:38 0, 63, N/A, 125.88, 100|1, 60, N/A, 117.82, 100|2, 63, N/A, 99.88, 100|3, 62, N/A, 132.05, 100|4, 63, N/A, 73.74, 100|5, 66, N/A, 157.80, 100|6, 63, N/A, 177.16, 100|
10:11:41 0, 62, N/A, 45.49, 100|1, 60, N/A, 63.99, 89|2, 62, N/A, 76.06, 100|3, 62, N/A, 98.72, 53|4, 62, N/A, 90.66, 53|5, 65, N/A, 102.73, 53|6, 63, N/A, 105.06, 83|
10:11:43 0, 63, N/A, 108.35, 100|1, 60, N/A, 123.23, 67|2, 63, N/A, 119.80, 100|3, 62, N/A, 113.24, 100|4, 63, N/A, 84.05, 100|5, 66, N/A, 142.41, 100|6, 63, N/A, 76.85, 73|
10:11:45 0, 62, N/A, 163.29, 100|1, 60, N/A, 59.78, 100|2, 63, N/A, 193.72, 100|3, 63, N/A, 170.13, 100|4, 62, N/A, 52.80, 100|5, 66, N/A, 181.47, 100|6, 63, N/A, 54.22, 100|
10:11:47 0, 63, N/A, 178.35, 100|1, 60, N/A, 51.87, 100|2, 63, N/A, 168.07, 100|3, 62, N/A, 67.48, 100|4, 63, N/A, 140.85, 100|5, 66, N/A, 133.54, 100|6, 63, N/A, 114.35, 100|
10:11:49 0, 63, N/A, 117.68, 100|1, 60, N/A, 113.86, 100|2, 63, N/A, 123.43, 100|3, 62, N/A, 100.19, 100|4, 63, N/A, 106.60, 100|5, 66, N/A, 125.98, 100|6, 63, N/A, 126.59, 100|
10:11:51 0, 62, N/A, 98.10, 100|1, 60, N/A, 124.64, 100|2, 63, N/A, 119.06, 100|3, 62, N/A, 104.38, 100|4, 63, N/A, 115.89, 100|5, 66, N/A, 117.20, 100|6, 63, N/A, 111.66, 100|
10:11:53 0, 62, N/A, 99.33, 100|1, 60, N/A, 122.99, 100|2, 62, N/A, 139.13, 100|3, 63, N/A, 68.76, 100|4, 63, N/A, 168.21, 100|5, 66, N/A, 173.60, 100|6, 63, N/A, 57.67, 100|
10:11:55 0, 62, N/A, 135.16, 100|1, 60, N/A, 73.08, 100|2, 62, N/A, 177.18, 100|3, 63, N/A, 59.67, 100|4, 63, N/A, 174.32, 100|5, 66, N/A, 55.27, 100|6, 63, N/A, 190.96, 100|
10:11:57 0, 62, N/A, 52.06, 95|1, 60, N/A, 183.72, 57|2, 62, N/A, 59.25, 51|3, 62, N/A, 174.70, 51|4, 62, N/A, 50.30, 51|5, 66, N/A, 183.31, 51|6, 63, N/A, 162.81, 55|
10:11:59 0, 63, N/A, 162.06, 100|1, 60, N/A, 173.14, 100|2, 62, N/A, 64.44, 100|3, 62, N/A, 168.90, 100|4, 62, N/A, 53.05, 100|5, 66, N/A, 178.91, 100|6, 63, N/A, 54.71, 100|
10:12:01 0, 62, N/A, 103.45, 100|1, 60, N/A, 102.03, 100|2, 62, N/A, 142.23, 100|3, 62, N/A, 134.58, 100|4, 63, N/A, 71.97, 100|5, 65, N/A, 159.83, 100|6, 63, N/A, 64.53, 100|
10:12:04 0, 62, N/A, 100.68, 100|1, 60, N/A, 118.64, 100|2, 62, N/A, 117.67, 100|3, 63, N/A, 111.07, 100|4, 63, N/A, 107.20, 100|5, 65, N/A, 131.72, 100|6, 63, N/A, 110.09, 100|
10:12:06 0, 62, N/A, 85.22, 100|1, 60, N/A, 127.02, 100|2, 61, N/A, 115.45, 100|3, 63, N/A, 122.53, 100|4, 62, N/A, 103.77, 100|5, 66, N/A, 115.63, 100|6, 63, N/A, 105.92, 100|
10:12:08 0, 62, N/A, 173.06, 100|1, 60, N/A, 184.21, 100|2, 62, N/A, 59.21, 100|3, 62, N/A, 174.57, 100|4, 62, N/A, 50.52, 100|5, 66, N/A, 183.34, 100|6, 63, N/A, 52.70, 100|
10:12:10 0, 62, N/A, 108.00, 100|1, 60, N/A, 121.28, 100|2, 62, N/A, 118.90, 100|3, 62, N/A, 108.67, 100|4, 63, N/A, 86.89, 100|5, 66, N/A, 144.85, 100|6, 63, N/A, 76.51, 100|
10:12:12 0, 62, N/A, 87.42, 100|1, 60, N/A, 136.80, 100|2, 62, N/A, 99.50, 100|3, 63, N/A, 133.85, 100|4, 63, N/A, 116.24, 100|5, 65, N/A, 113.90, 100|6, 63, N/A, 123.05, 100|
10:12:14 0, 62, N/A, 88.91, 100|1, 60, N/A, 148.77, 100|2, 62, N/A, 79.89, 100|3, 62, N/A, 152.58, 100|4, 63, N/A, 62.07, 100|5, 66, N/A, 171.90, 100|6, 63, N/A, 188.60, 100|
10:12:16 0, 62, N/A, 155.62, 100|1, 59, N/A, 79.84, 100|2, 62, N/A, 133.11, 100|3, 62, N/A, 66.00, 100|4, 63, N/A, 89.37, 100|5, 65, N/A, 59.92, 100|6, 63, N/A, 76.11, 100|
10:12:18 0, 62, N/A, 69.98, 49|1, 59, N/A, 167.10, 75|2, 61, N/A, 68.05, 49|3, 62, N/A, 162.55, 49|4, 62, N/A, 54.18, 49|5, 66, N/A, 177.44, 48|6, 63, N/A, 193.62, 68|
10:12:20 0, 62, N/A, 180.08, 76|1, 59, N/A, 51.07, 100|2, 62, N/A, 172.66, 60|3, 62, N/A, 77.24, 61|4, 63, N/A, 108.86, 61|5, 65, N/A, 123.85, 55|6, 63, N/A, 115.43, 100|
10:12:22 0, 62, N/A, 108.73, 100|1, 60, N/A, 111.51, 100|2, 61, N/A, 111.26, 100|3, 62, N/A, 116.41, 100|4, 62, N/A, 111.32, 100|5, 66, N/A, 87.88, 100|6, 63, N/A, 148.82, 100|
10:12:24 0, 62, N/A, 155.00, 100|1, 60, N/A, 62.63, 100|2, 62, N/A, 187.30, 100|3, 62, N/A, 166.71, 100|4, 62, N/A, 53.97, 100|5, 65, N/A, 180.39, 100|6, 62, N/A, 53.65, 100|
10:12:27 0, 62, N/A, 47.56, 100|1, 60, N/A, 189.00, 100|2, 61, N/A, 56.22, 100|3, 63, N/A, 148.41, 100|4, 63, N/A, 159.47, 100|5, 65, N/A, 83.45, 100|6, 63, N/A, 135.25, 100|
10:12:29 0, 62, N/A, 131.55, 100|1, 59, N/A, 90.70, 100|2, 62, N/A, 130.15, 100|3, 62, N/A, 105.29, 100|4, 63, N/A, 118.03, 100|5, 66, N/A, 101.38, 100|6, 62, N/A, 131.74, 100|
10:12:31 0, 61, N/A, 105.59, 100|1, 60, N/A, 111.08, 100|2, 61, N/A, 112.01, 100|3, 63, N/A, 128.02, 100|4, 62, N/A, 116.97, 100|5, 66, N/A, 102.34, 100|6, 63, N/A, 131.82, 100|
10:12:33 0, 62, N/A, 108.74, 100|1, 59, N/A, 106.89, 100|2, 62, N/A, 117.60, 100|3, 62, N/A, 114.92, 100|4, 63, N/A, 101.55, 100|5, 66, N/A, 128.22, 100|6, 63, N/A, 81.92, 100|
10:12:35 0, 62, N/A, 92.86, 100|1, 60, N/A, 118.40, 100|2, 61, N/A, 126.27, 100|3, 62, N/A, 93.18, 100|4, 62, N/A, 132.63, 100|5, 66, N/A, 75.12, 100|6, 62, N/A, 164.68, 100|
10:12:37 0, 61, N/A, 107.26, 100|1, 60, N/A, 109.11, 100|2, 62, N/A, 120.07, 100|3, 62, N/A, 109.59, 100|4, 63, N/A, 103.51, 100|5, 65, N/A, 140.91, 100|6, 63, N/A, 77.98, 100|
10:12:39 0, 62, N/A, 106.76, 100|1, 59, N/A, 124.79, 100|2, 62, N/A, 120.32, 100|3, 62, N/A, 113.94, 100|4, 62, N/A, 106.65, 100|5, 66, N/A, 90.79, 100|6, 62, N/A, 145.48, 100|
10:12:41 0, 61, N/A, 101.86, 100|1, 60, N/A, 102.53, 100|2, 61, N/A, 121.05, 100|3, 63, N/A, 110.14, 100|4, 62, N/A, 118.71, 100|5, 65, N/A, 122.89, 100|6, 63, N/A, 112.30, 100|
10:12:43 0, 62, N/A, 128.85, 100|1, 59, N/A, 98.03, 100|2, 62, N/A, 134.35, 100|3, 62, N/A, 90.03, 100|4, 63, N/A, 135.34, 100|5, 66, N/A, 114.52, 100|6, 62, N/A, 105.74, 100|
10:12:45 0, 62, N/A, 48.08, 100|1, 60, N/A, 190.36, 100|2, 61, N/A, 56.24, 100|3, 63, N/A, 178.14, 100|4, 62, N/A, 49.28, 100|5, 66, N/A, 153.94, 100|6, 63, N/A, 167.13, 100|
10:12:47 0, 62, N/A, 145.74, 100|1, 60, N/A, 66.57, 100|2, 61, N/A, 181.90, 100|3, 62, N/A, 56.64, 100|4, 62, N/A, 177.77, 100|5, 65, N/A, 53.23, 100|6, 63, N/A, 192.89, 100|
10:12:50 0, 62, N/A, 61.69, 100|1, 59, N/A, 54.31, 100|2, 62, N/A, 65.39, 100|3, 61, N/A, 48.33, 100|4, 62, N/A, 53.76, 100|5, 65, N/A, 48.64, 100|6, 63, N/A, 54.72, 100|
10:12:52 0, 61, N/A, 45.18, 100|1, 59, N/A, 48.88, 100|2, 61, N/A, 54.07, 69|3, 61, N/A, 51.26, 68|4, 61, N/A, 71.72, 66|5, 64, N/A, 67.98, 68|6, 62, N/A, 106.11, 100|
10:12:54 0, 61, N/A, 61.61, 54|1, 59, N/A, 171.28, 45|2, 61, N/A, 65.34, 75|3, 61, N/A, 165.99, 74|4, 62, N/A, 53.20, 69|5, 65, N/A, 180.12, 74|6, 63, N/A, 195.33, 45|
10:12:56 0, 61, N/A, 107.01, 63|1, 60, N/A, 117.66, 45|2, 60, N/A, 122.76, 63|3, 62, N/A, 117.70, 69|4, 62, N/A, 100.56, 70|5, 66, N/A, 123.42, 62|6, 63, N/A, 116.66, 44|
10:12:58 0, 61, N/A, 163.74, 70|1, 59, N/A, 55.97, 100|2, 61, N/A, 194.42, 56|3, 62, N/A, 49.74, 58|4, 62, N/A, 183.81, 59|5, 65, N/A, 49.28, 50|6, 63, N/A, 196.80, 100|
10:13:00 0, 62, N/A, 121.71, 55|1, 59, N/A, 102.21, 98|2, 62, N/A, 123.26, 100|3, 61, N/A, 88.07, 100|4, 62, N/A, 118.20, 100|5, 65, N/A, 107.51, 100|6, 63, N/A, 127.89, 98|
10:13:02 0, 62, N/A, 159.64, 100|1, 59, N/A, 174.12, 100|2, 61, N/A, 63.61, 100|3, 62, N/A, 168.66, 100|4, 62, N/A, 52.70, 100|5, 65, N/A, 178.65, 100|6, 62, N/A, 54.64, 100|
10:13:04 0, 62, N/A, 178.96, 100|1, 60, N/A, 151.22, 100|2, 60, N/A, 89.84, 100|3, 62, N/A, 131.38, 100|4, 61, N/A, 95.15, 100|5, 66, N/A, 116.31, 100|6, 62, N/A, 103.15, 100|
10:13:06 0, 62, N/A, 110.96, 100|1, 59, N/A, 116.11, 100|2, 61, N/A, 119.89, 100|3, 62, N/A, 111.56, 100|4, 61, N/A, 117.22, 100|5, 65, N/A, 88.37, 100|6, 62, N/A, 146.46, 100|
10:13:08 0, 62, N/A, 53.72, 100|1, 60, N/A, 179.76, 100|2, 61, N/A, 195.55, 100|3, 62, N/A, 50.02, 100|4, 62, N/A, 183.32, 100|5, 65, N/A, 49.31, 100|6, 63, N/A, 197.05, 100|
10:13:10 0, 61, N/A, 46.35, 100|1, 60, N/A, 190.48, 100|2, 62, N/A, 198.59, 100|3, 61, N/A, 83.43, 100|4, 63, N/A, 133.37, 100|5, 65, N/A, 96.25, 100|6, 63, N/A, 112.99, 100|
10:13:12 0, 61, N/A, 105.10, 100|1, 60, N/A, 114.78, 100|2, 61, N/A, 125.80, 100|3, 61, N/A, 89.05, 100|4, 62, N/A, 130.98, 100|5, 65, N/A, 107.77, 100|6, 63, N/A, 129.11, 100|
10:13:15 0, 61, N/A, 92.80, 100|1, 60, N/A, 124.97, 100|2, 61, N/A, 115.95, 100|3, 61, N/A, 107.87, 100|4, 62, N/A, 85.87, 100|5, 65, N/A, 142.13, 100|6, 63, N/A, 78.23, 100|
10:13:17 0, 61, N/A, 126.05, 100|1, 60, N/A, 77.86, 100|2, 61, N/A, 168.73, 100|3, 61, N/A, 152.23, 100|4, 62, N/A, 60.58, 100|5, 65, N/A, 171.40, 100|6, 63, N/A, 58.05, 100|
10:13:19 0, 61, N/A, 157.92, 100|1, 60, N/A, 61.15, 100|2, 61, N/A, 190.49, 100|3, 62, N/A, 168.33, 100|4, 62, N/A, 52.95, 100|5, 65, N/A, 179.89, 100|6, 62, N/A, 54.15, 100|
10:13:21 0, 62, N/A, 167.28, 100|1, 59, N/A, 56.49, 100|2, 61, N/A, 195.89, 100|3, 62, N/A, 172.36, 100|4, 62, N/A, 51.26, 100|5, 65, N/A, 181.72, 100|6, 62, N/A, 53.41, 100|
10:13:23 0, 61, N/A, 167.53, 100|1, 60, N/A, 56.25, 100|2, 61, N/A, 196.88, 100|3, 62, N/A, 172.85, 100|4, 62, N/A, 50.76, 100|5, 65, N/A, 182.60, 100|6, 62, N/A, 52.70, 100|
10:13:25 0, 61, N/A, 163.84, 100|1, 59, N/A, 58.72, 100|2, 61, N/A, 194.18, 100|3, 61, N/A, 171.14, 100|4, 62, N/A, 51.74, 100|5, 65, N/A, 180.64, 100|6, 62, N/A, 53.69, 100|
10:13:27 0, 62, N/A, 143.52, 100|1, 59, N/A, 68.54, 100|2, 61, N/A, 180.43, 100|3, 61, N/A, 161.56, 100|4, 62, N/A, 56.89, 100|5, 65, N/A, 177.91, 100|6, 62, N/A, 55.38, 100|
10:13:29 0, 61, N/A, 109.59, 100|1, 60, N/A, 105.03, 100|2, 61, N/A, 134.65, 100|3, 61, N/A, 127.29, 100|4, 62, N/A, 68.14, 100|5, 65, N/A, 161.97, 100|6, 63, N/A, 65.14, 100|
10:13:31 0, 61, N/A, 107.36, 100|1, 60, N/A, 105.77, 100|2, 61, N/A, 114.55, 100|3, 61, N/A, 113.37, 100|4, 62, N/A, 106.57, 100|5, 65, N/A, 123.21, 100|6, 63, N/A, 90.37, 100|
10:13:33 0, 61, N/A, 107.85, 100|1, 60, N/A, 113.58, 100|2, 61, N/A, 131.62, 100|3, 61, N/A, 95.08, 100|4, 62, N/A, 110.74, 100|5, 65, N/A, 127.07, 100|6, 63, N/A, 111.11, 100|
10:13:35 0, 61, N/A, 46.04, 100|1, 60, N/A, 190.72, 100|2, 61, N/A, 163.46, 100|3, 61, N/A, 73.94, 100|4, 63, N/A, 137.12, 100|5, 65, N/A, 94.10, 100|6, 63, N/A, 125.35, 100|
10:13:38 0, 62, N/A, 52.44, 100|1, 59, N/A, 182.96, 100|2, 61, N/A, 196.28, 100|3, 61, N/A, 48.48, 100|4, 62, N/A, 184.79, 100|5, 65, N/A, 48.51, 100|6, 63, N/A, 197.77, 100|
10:13:40 0, 62, N/A, 96.62, 100|1, 59, N/A, 107.43, 100|2, 60, N/A, 129.00, 100|3, 62, N/A, 84.02, 100|4, 62, N/A, 143.17, 100|5, 65, N/A, 63.49, 100|6, 62, N/A, 179.55, 100|
10:13:42 0, 62, N/A, 119.17, 100|1, 60, N/A, 136.11, 100|2, 60, N/A, 108.90, 100|3, 62, N/A, 110.60, 100|4, 61, N/A, 102.15, 100|5, 65, N/A, 105.85, 100|6, 62, N/A, 125.50, 100|
10:13:44 0, 62, N/A, 176.41, 100|1, 59, N/A, 187.53, 100|2, 60, N/A, 56.63, 100|3, 62, N/A, 175.94, 100|4, 62, N/A, 49.19, 100|5, 66, N/A, 183.32, 100|6, 62, N/A, 51.86, 100|
10:13:46 0, 62, N/A, 104.43, 100|1, 59, N/A, 115.30, 100|2, 61, N/A, 108.18, 83|3, 61, N/A, 115.02, 86|4, 62, N/A, 100.93, 89|5, 65, N/A, 123.88, 100|6, 63, N/A, 85.45, 100|
10:13:48 0, 62, N/A, 179.11, 100|1, 59, N/A, 50.01, 65|2, 61, N/A, 202.86, 100|3, 61, N/A, 45.77, 100|4, 62, N/A, 152.56, 100|5, 65, N/A, 88.69, 95|6, 63, N/A, 142.27, 72|
10:13:50 0, 61, N/A, 102.95, 45|1, 59, N/A, 110.87, 80|2, 60, N/A, 121.69, 39|3, 62, N/A, 85.24, 39|4, 61, N/A, 141.21, 39|5, 65, N/A, 69.11, 39|6, 63, N/A, 168.87, 87|
10:13:52 0, 61, N/A, 46.29, 55|1, 60, N/A, 190.23, 47|2, 60, N/A, 54.45, 40|3, 62, N/A, 177.65, 40|4, 61, N/A, 47.99, 45|5, 66, N/A, 152.26, 39|6, 63, N/A, 162.11, 48|
10:13:54 0, 61, N/A, 105.72, 74|1, 59, N/A, 112.10, 39|2, 60, N/A, 111.43, 86|3, 61, N/A, 96.79, 90|4, 61, N/A, 123.69, 80|5, 64, N/A, 102.16, 93|6, 62, N/A, 129.69, 39|
10:13:56 0, 61, N/A, 45.37, 68|1, 59, N/A, 49.07, 100|2, 60, N/A, 54.25, 80|3, 61, N/A, 45.10, 82|4, 61, N/A, 48.06, 74|5, 64, N/A, 47.10, 86|6, 62, N/A, 51.23, 100|
10:13:58 0, 62, N/A, 179.95, 100|1, 59, N/A, 50.51, 100|2, 61, N/A, 175.29, 100|3, 61, N/A, 78.16, 100|4, 63, N/A, 113.70, 100|5, 65, N/A, 67.20, 100|6, 63, N/A, 83.11, 100|
10:14:00 0, 61, N/A, 101.03, 100|1, 59, N/A, 108.23, 100|2, 61, N/A, 107.92, 100|3, 62, N/A, 121.95, 100|4, 62, N/A, 109.71, 100|5, 66, N/A, 84.32, 100|6, 62, N/A, 153.28, 100|
10:14:03 0, 62, N/A, 50.72, 100|1, 59, N/A, 187.41, 100|2, 61, N/A, 57.16, 100|3, 62, N/A, 175.94, 100|4, 62, N/A, 49.71, 100|5, 66, N/A, 185.28, 100|6, 62, N/A, 198.99, 100|
10:14:05 0, 62, N/A, 180.82, 100|1, 59, N/A, 50.26, 100|2, 62, N/A, 194.17, 100|3, 61, N/A, 59.97, 100|4, 63, N/A, 160.40, 100|5, 66, N/A, 132.94, 100|6, 62, N/A, 115.76, 100|
10:14:07 0, 61, N/A, 91.45, 100|1, 60, N/A, 122.01, 100|2, 60, N/A, 100.61, 100|3, 62, N/A, 117.96, 100|4, 62, N/A, 117.08, 100|5, 65, N/A, 108.30, 100|6, 63, N/A, 112.40, 100|
10:14:09 0, 62, N/A, 117.13, 100|1, 59, N/A, 111.12, 100|2, 61, N/A, 111.38, 100|3, 62, N/A, 121.65, 100|4, 62, N/A, 144.40, 100|5, 66, N/A, 69.85, 100|6, 62, N/A, 170.01, 100|
10:14:11 0, 62, N/A, 161.39, 100|1, 60, N/A, 60.33, 100|2, 61, N/A, 193.68, 100|3, 62, N/A, 170.57, 100|4, 62, N/A, 52.42, 100|5, 65, N/A, 181.12, 100|6, 62, N/A, 53.83, 100|
10:14:13 0, 62, N/A, 48.75, 100|1, 60, N/A, 187.29, 100|2, 61, N/A, 200.20, 100|3, 62, N/A, 47.25, 100|4, 62, N/A, 186.75, 100|5, 65, N/A, 47.99, 100|6, 63, N/A, 198.65, 100|
10:14:15 0, 62, N/A, 178.72, 100|1, 59, N/A, 188.76, 100|2, 61, N/A, 54.94, 100|3, 62, N/A, 177.90, 100|4, 62, N/A, 48.48, 100|5, 66, N/A, 160.01, 100|6, 62, N/A, 69.00, 100|
10:14:17 0, 62, N/A, 179.35, 100|1, 59, N/A, 50.25, 100|2, 61, N/A, 202.65, 100|3, 61, N/A, 45.77, 100|4, 63, N/A, 150.53, 100|5, 65, N/A, 88.20, 100|6, 63, N/A, 142.68, 100|
10:14:19 0, 61, N/A, 45.80, 100|1, 60, N/A, 190.96, 100|2, 60, N/A, 54.45, 100|3, 62, N/A, 141.87, 100|4, 62, N/A, 79.85, 100|5, 66, N/A, 132.96, 100|6, 63, N/A, 146.92, 100|
10:14:21 0, 62, N/A, 180.34, 100|1, 59, N/A, 50.25, 100|2, 61, N/A, 203.10, 100|3, 61, N/A, 46.02, 100|4, 63, N/A, 154.35, 100|5, 66, N/A, 161.70, 100|6, 62, N/A, 95.46, 100|
10:14:23 0, 61, N/A, 46.04, 100|1, 60, N/A, 190.96, 100|2, 60, N/A, 54.70, 100|3, 63, N/A, 155.96, 100|4, 63, N/A, 134.42, 100|5, 65, N/A, 89.93, 100|6, 63, N/A, 113.82, 100|
10:14:26 0, 62, N/A, 179.60, 100|1, 59, N/A, 50.50, 100|2, 62, N/A, 203.38, 100|3, 62, N/A, 177.65, 100|4, 61, N/A, 48.20, 100|5, 66, N/A, 153.24, 100|6, 62, N/A, 80.49, 100|
10:14:28 0, 61, N/A, 47.03, 100|1, 60, N/A, 189.74, 100|2, 61, N/A, 202.40, 100|3, 61, N/A, 46.02, 100|4, 63, N/A, 188.22, 100|5, 64, N/A, 47.03, 100|6, 63, N/A, 156.97, 100|
10:14:30 0, 62, N/A, 175.04, 100|1, 59, N/A, 185.69, 100|2, 61, N/A, 56.88, 100|3, 62, N/A, 175.71, 100|4, 62, N/A, 49.47, 100|5, 65, N/A, 182.82, 100|6, 62, N/A, 52.11, 100|
10:14:32 0, 61, N/A, 160.66, 73|1, 59, N/A, 59.13, 100|2, 60, N/A, 190.00, 56|3, 62, N/A, 51.40, 64|4, 62, N/A, 181.12, 70|5, 65, N/A, 50.20, 55|6, 63, N/A, 195.32, 100|
10:14:34 0, 61, N/A, 95.39, 97|1, 59, N/A, 129.65, 64|2, 60, N/A, 115.80, 35|3, 61, N/A, 106.75, 35|4, 61, N/A, 83.78, 35|5, 65, N/A, 140.23, 35|6, 62, N/A, 167.32, 56|
10:14:36 0, 63, N/A, 126.96, 100|1, 59, N/A, 72.65, 100|2, 62, N/A, 110.22, 100|3, 61, N/A, 57.59, 100|4, 63, N/A, 71.83, 100|5, 65, N/A, 54.95, 100|6, 63, N/A, 66.17, 100|
10:14:38 0, 61, N/A, 46.54, 100|1, 60, N/A, 190.72, 100|2, 61, N/A, 55.19, 100|3, 62, N/A, 178.39, 100|4, 62, N/A, 48.70, 100|5, 66, N/A, 186.16, 100|6, 63, N/A, 200.59, 100|
10:14:40 0, 62, N/A, 135.21, 100|1, 60, N/A, 74.32, 100|2, 61, N/A, 171.70, 100|3, 62, N/A, 60.22, 100|4, 62, N/A, 175.25, 100|5, 65, N/A, 175.48, 100|6, 63, N/A, 56.28, 100|
10:14:42 0, 62, N/A, 136.38, 100|1, 59, N/A, 99.62, 100|2, 62, N/A, 131.70, 100|3, 62, N/A, 105.77, 100|4, 62, N/A, 102.34, 100|5, 66, N/A, 121.48, 100|6, 62, N/A, 115.53, 100|
10:14:44 0, 62, N/A, 47.03, 100|1, 60, N/A, 190.23, 100|2, 61, N/A, 202.16, 100|3, 61, N/A, 46.26, 100|4, 62, N/A, 187.98, 100|5, 65, N/A, 47.52, 100|6, 63, N/A, 199.24, 100|
10:14:46 0, 62, N/A, 110.08, 100|1, 59, N/A, 118.49, 100|2, 61, N/A, 114.38, 100|3, 61, N/A, 113.38, 100|4, 62, N/A, 80.14, 100|5, 65, N/A, 147.17, 100|6, 63, N/A, 73.21, 100|
10:14:48 0, 61, N/A, 45.55, 100|1, 60, N/A, 192.19, 100|2, 60, N/A, 54.70, 100|3, 62, N/A, 147.97, 100|4, 62, N/A, 85.54, 100|5, 66, N/A, 136.55, 100|6, 63, N/A, 123.38, 100|
10:14:51 0, 61, N/A, 134.01, 100|1, 59, N/A, 74.32, 100|2, 61, N/A, 168.75, 100|3, 62, N/A, 61.20, 100|4, 62, N/A, 171.42, 100|5, 65, N/A, 171.91, 100|6, 62, N/A, 57.77, 100|
10:14:53 0, 62, N/A, 177.01, 100|1, 59, N/A, 58.11, 100|2, 62, N/A, 172.68, 100|3, 62, N/A, 126.79, 100|4, 61, N/A, 96.74, 100|5, 66, N/A, 111.18, 100|6, 62, N/A, 124.28, 100|
10:14:55 0, 62, N/A, 79.20, 100|1, 60, N/A, 146.35, 100|2, 60, N/A, 165.56, 100|3, 62, N/A, 64.64, 100|4, 62, N/A, 165.05, 100|5, 65, N/A, 57.10, 100|6, 62, N/A, 187.74, 100|
10:14:57 0, 62, N/A, 180.32, 100|1, 59, N/A, 49.76, 70|2, 61, N/A, 202.62, 100|3, 61, N/A, 45.77, 100|4, 62, N/A, 158.02, 100|5, 65, N/A, 85.79, 100|6, 63, N/A, 143.98, 77|
10:14:59 0, 61, N/A, 111.60, 75|1, 59, N/A, 134.56, 39|2, 60, N/A, 104.54, 90|3, 61, N/A, 121.39, 89|4, 62, N/A, 70.55, 79|5, 65, N/A, 156.83, 41|6, 62, N/A, 176.59, 41|
10:15:01 0, 62, N/A, 177.25, 100|1, 59, N/A, 51.99, 100|2, 61, N/A, 201.18, 100|3, 62, N/A, 47.00, 100|4, 63, N/A, 188.22, 100|5, 65, N/A, 47.74, 100|6, 63, N/A, 200.21, 100|
10:15:03 0, 62, N/A, 128.43, 100|1, 59, N/A, 90.07, 100|2, 62, N/A, 132.85, 100|3, 61, N/A, 102.33, 100|4, 63, N/A, 119.71, 100|5, 66, N/A, 112.48, 100|6, 62, N/A, 135.32, 100|
10:15:05 0, 62, N/A, 86.09, 100|1, 59, N/A, 145.86, 100|2, 61, N/A, 85.40, 100|3, 62, N/A, 150.17, 100|4, 62, N/A, 168.48, 100|5, 66, N/A, 57.83, 100|6, 63, N/A, 187.04, 100|
10:15:07 0, 62, N/A, 47.27, 100|1, 60, N/A, 189.25, 100|2, 61, N/A, 202.12, 100|3, 61, N/A, 46.76, 100|4, 62, N/A, 187.98, 100|5, 65, N/A, 47.77, 100|6, 63, N/A, 199.24, 100|
10:15:09 0, 63, N/A, 149.13, 100|1, 59, N/A, 87.30, 100|2, 61, N/A, 145.30, 100|3, 61, N/A, 91.82, 100|4, 63, N/A, 110.99, 100|5, 65, N/A, 116.02, 100|6, 63, N/A, 116.52, 100|
10:15:11 0, 62, N/A, 128.37, 100|1, 59, N/A, 103.01, 100|2, 61, N/A, 128.02, 100|3, 61, N/A, 94.97, 100|4, 63, N/A, 126.33, 100|5, 66, N/A, 102.95, 100|6, 62, N/A, 144.98, 100|
10:15:14 0, 62, N/A, 64.98, 100|1, 59, N/A, 168.36, 100|2, 61, N/A, 69.93, 100|3, 62, N/A, 165.02, 100|4, 62, N/A, 177.21, 100|5, 65, N/A, 52.67, 100|6, 62, N/A, 192.39, 100|
10:15:16 0, 61, N/A, 102.69, 43|1, 59, N/A, 104.79, 86|2, 60, N/A, 112.35, 32|3, 62, N/A, 112.64, 35|4, 61, N/A, 116.57, 43|5, 65, N/A, 81.62, 26|6, 62, N/A, 152.55, 88|
10:15:18 0, 62, N/A, 46.85, 79|1, 59, N/A, 49.56, 100|2, 61, N/A, 56.72, 100|3, 61, N/A, 45.34, 95|4, 62, N/A, 48.30, 87|5, 65, N/A, 46.33, 100|6, 62, N/A, 51.20, 100|
10:15:20 0, 61, N/A, 95.85, 82|1, 58, N/A, 110.03, 82|2, 60, N/A, 118.12, 82|3, 61, N/A, 90.50, 82|4, 61, N/A, 93.19, 81|5, 65, N/A, 97.42, 79|6, 62, N/A, 105.31, 76|
10:15:22 0, 61, N/A, 99.60, 82|1, 58, N/A, 92.65, 82|2, 60, N/A, 99.50, 82|3, 61, N/A, 84.88, 82|4, 61, N/A, 85.62, 80|5, 64, N/A, 87.14, 79|6, 62, N/A, 98.11, 76|
10:15:24 0, 61, N/A, 87.60, 82|1, 58, N/A, 97.04, 82|2, 60, N/A, 109.26, 82|3, 61, N/A, 97.03, 82|4, 61, N/A, 96.69, 80|5, 64, N/A, 92.79, 78|6, 61, N/A, 105.68, 75|
10:15:26 0, 60, N/A, 84.24, 82|1, 58, N/A, 91.68, 82|2, 60, N/A, 107.46, 82|3, 61, N/A, 84.58, 82|4, 61, N/A, 91.82, 81|5, 64, N/A, 90.84, 79|6, 61, N/A, 101.05, 76|
10:15:28 0, 60, N/A, 89.65, 82|1, 58, N/A, 95.61, 82|2, 60, N/A, 109.65, 82|3, 61, N/A, 91.42, 82|4, 61, N/A, 95.36, 81|5, 64, N/A, 98.96, 79|6, 61, N/A, 102.48, 76|
10:15:30 0, 60, N/A, 99.82, 82|1, 58, N/A, 100.32, 82|2, 60, N/A, 112.77, 82|3, 60, N/A, 95.15, 82|4, 61, N/A, 97.44, 80|5, 64, N/A, 102.48, 78|6, 61, N/A, 112.14, 75|
10:15:32 0, 60, N/A, 84.94, 81|1, 58, N/A, 95.86, 82|2, 60, N/A, 100.79, 81|3, 60, N/A, 85.12, 81|4, 60, N/A, 93.84, 79|5, 64, N/A, 96.15, 78|6, 61, N/A, 103.25, 75|
10:15:34 0, 60, N/A, 95.86, 82|1, 58, N/A, 99.12, 82|2, 60, N/A, 108.20, 82|3, 60, N/A, 92.02, 82|4, 60, N/A, 94.34, 81|5, 64, N/A, 96.07, 78|6, 61, N/A, 106.77, 76|
10:15:36 0, 60, N/A, 100.50, 81|1, 58, N/A, 107.46, 82|2, 59, N/A, 115.11, 82|3, 60, N/A, 97.47, 81|4, 60, N/A, 95.43, 80|5, 64, N/A, 96.22, 77|6, 61, N/A, 112.38, 74|
10:15:39 0, 60, N/A, 95.56, 82|1, 58, N/A, 103.45, 82|2, 59, N/A, 114.03, 82|3, 60, N/A, 94.26, 82|4, 60, N/A, 100.94, 81|5, 63, N/A, 105.96, 78|6, 61, N/A, 108.42, 75|
10:15:41 0, 60, N/A, 93.75, 82|1, 57, N/A, 104.64, 82|2, 59, N/A, 111.51, 82|3, 60, N/A, 98.28, 81|4, 60, N/A, 96.02, 80|5, 63, N/A, 97.07, 78|6, 60, N/A, 103.64, 76|
10:15:43 0, 60, N/A, 96.20, 82|1, 57, N/A, 91.06, 81|2, 59, N/A, 104.35, 81|3, 60, N/A, 84.22, 81|4, 60, N/A, 90.51, 80|5, 63, N/A, 92.33, 78|6, 60, N/A, 100.96, 75|
10:15:45 0, 60, N/A, 93.75, 81|1, 57, N/A, 96.84, 81|2, 59, N/A, 115.19, 81|3, 60, N/A, 93.86, 82|4, 60, N/A, 102.79, 79|5, 63, N/A, 98.31, 77|6, 60, N/A, 107.30, 75|
10:15:47 0, 60, N/A, 95.97, 82|1, 57, N/A, 103.34, 82|2, 59, N/A, 116.60, 82|3, 60, N/A, 94.84, 82|4, 60, N/A, 105.78, 80|5, 63, N/A, 106.44, 79|6, 60, N/A, 113.61, 76|
10:15:49 0, 60, N/A, 98.40, 82|1, 57, N/A, 104.57, 82|2, 59, N/A, 117.14, 82|3, 60, N/A, 89.81, 82|4, 60, N/A, 99.58, 81|5, 63, N/A, 100.57, 78|6, 60, N/A, 101.94, 76|
10:15:51 0, 60, N/A, 92.36, 82|1, 57, N/A, 103.89, 83|2, 59, N/A, 118.40, 82|3, 60, N/A, 96.37, 81|4, 60, N/A, 103.58, 80|5, 63, N/A, 90.92, 80|6, 60, N/A, 107.65, 76|
10:15:53 0, 59, N/A, 99.14, 82|1, 57, N/A, 106.86, 83|2, 59, N/A, 118.86, 82|3, 60, N/A, 98.96, 82|4, 60, N/A, 109.68, 81|5, 63, N/A, 89.97, 79|6, 60, N/A, 105.03, 77|
10:15:55 0, 59, N/A, 92.54, 82|1, 57, N/A, 98.46, 82|2, 59, N/A, 109.01, 83|3, 60, N/A, 94.09, 82|4, 60, N/A, 95.34, 81|5, 63, N/A, 95.40, 79|6, 60, N/A, 108.57, 76|
10:15:57 0, 59, N/A, 92.78, 83|1, 57, N/A, 101.67, 82|2, 59, N/A, 111.98, 82|3, 60, N/A, 92.87, 82|4, 60, N/A, 90.77, 80|5, 63, N/A, 94.90, 78|6, 60, N/A, 101.99, 76|
10:15:59 0, 59, N/A, 87.18, 81|1, 57, N/A, 94.01, 81|2, 59, N/A, 109.02, 81|3, 59, N/A, 89.67, 81|4, 59, N/A, 92.88, 80|5, 63, N/A, 97.80, 78|6, 60, N/A, 105.36, 74|
10:16:01 0, 59, N/A, 99.59, 82|1, 57, N/A, 104.36, 83|2, 59, N/A, 117.92, 82|3, 59, N/A, 91.19, 82|4, 59, N/A, 88.41, 81|5, 63, N/A, 92.65, 79|6, 60, N/A, 105.68, 77|
10:16:04 0, 59, N/A, 93.70, 83|1, 57, N/A, 96.68, 83|2, 59, N/A, 114.68, 82|3, 59, N/A, 94.83, 82|4, 59, N/A, 100.27, 81|5, 63, N/A, 99.82, 79|6, 60, N/A, 100.15, 77|
10:16:06 0, 59, N/A, 93.18, 82|1, 57, N/A, 93.51, 82|2, 59, N/A, 107.96, 82|3, 59, N/A, 85.54, 83|4, 59, N/A, 94.11, 80|5, 63, N/A, 94.40, 78|6, 60, N/A, 101.62, 76|
10:16:08 0, 59, N/A, 96.00, 83|1, 57, N/A, 98.95, 83|2, 59, N/A, 105.62, 81|3, 59, N/A, 87.76, 81|4, 59, N/A, 96.57, 80|5, 62, N/A, 93.97, 77|6, 60, N/A, 101.65, 76|
10:16:10 0, 59, N/A, 98.18, 83|1, 57, N/A, 106.62, 83|2, 59, N/A, 117.96, 82|3, 59, N/A, 95.09, 82|4, 59, N/A, 103.97, 80|5, 62, N/A, 101.02, 78|6, 59, N/A, 111.12, 77|
10:16:12 0, 59, N/A, 95.00, 82|1, 57, N/A, 99.70, 82|2, 59, N/A, 108.28, 82|3, 59, N/A, 90.75, 82|4, 59, N/A, 96.34, 80|5, 62, N/A, 99.15, 78|6, 59, N/A, 107.12, 76|
10:16:14 0, 59, N/A, 93.48, 82|1, 57, N/A, 95.78, 82|2, 59, N/A, 109.25, 82|3, 59, N/A, 97.85, 82|4, 59, N/A, 100.36, 80|5, 62, N/A, 103.71, 78|6, 59, N/A, 103.16, 75|
10:16:16 0, 57, N/A, 42.68, 0|1, 55, N/A, 46.14, 0|2, 56, N/A, 52.53, 0|3, 57, N/A, 42.90, 0|4, 57, N/A, 44.88, 0|5, 60, N/A, 43.90, 0|6, 57, N/A, 46.55, 0|
10:16:18 0, 56, N/A, 36.74, 0|1, 54, N/A, 39.70, 4|2, 55, N/A, 42.14, 0|3, 56, N/A, 36.96, 3|4, 56, N/A, 38.44, 0|5, 60, N/A, 37.97, 1|6, 57, N/A, 40.36, 0|
10:16:20 0, 56, N/A, 36.49, 0|1, 53, N/A, 39.20, 2|2, 55, N/A, 41.65, 7|3, 56, N/A, 36.71, 2|4, 56, N/A, 38.19, 7|5, 59, N/A, 37.70, 7|6, 56, N/A, 39.89, 3|
10:16:22 0, 56, N/A, 36.49, 1|1, 53, N/A, 38.71, 3|2, 54, N/A, 41.65, 0|3, 56, N/A, 36.47, 3|4, 55, N/A, 38.19, 3|5, 58, N/A, 37.73, 1|6, 55, N/A, 39.65, 0|
10:16:24 0, 57, N/A, 95.69, 100|1, 55, N/A, 113.47, 100|2, 57, N/A, 107.99, 100|3, 57, N/A, 111.66, 100|4, 58, N/A, 114.88, 100|5, 60, N/A, 120.83, 100|6, 57, N/A, 106.82, 100|
10:16:27 0, 57, N/A, 75.86, 62|1, 55, N/A, 83.30, 62|2, 56, N/A, 83.41, 62|3, 57, N/A, 80.44, 62|4, 57, N/A, 80.16, 59|5, 60, N/A, 75.85, 55|6, 57, N/A, 77.70, 48|
10:16:29 0, 58, N/A, 87.13, 34|1, 55, N/A, 113.09, 49|2, 57, N/A, 128.03, 41|3, 58, N/A, 107.80, 41|4, 58, N/A, 123.04, 33|5, 61, N/A, 98.34, 37|6, 58, N/A, 126.32, 50|
10:16:31 0, 59, N/A, 125.79, 100|1, 56, N/A, 94.03, 100|2, 58, N/A, 112.18, 100|3, 59, N/A, 72.07, 100|4, 59, N/A, 73.85, 100|5, 62, N/A, 62.31, 100|6, 59, N/A, 65.97, 100|
10:16:33 0, 59, N/A, 116.23, 100|1, 57, N/A, 103.07, 100|2, 59, N/A, 125.08, 100|3, 59, N/A, 97.29, 100|4, 60, N/A, 107.56, 100|5, 63, N/A, 123.71, 100|6, 59, N/A, 119.45, 100|
10:16:35 0, 58, N/A, 76.88, 62|1, 56, N/A, 76.91, 62|2, 58, N/A, 94.83, 61|3, 58, N/A, 71.09, 61|4, 59, N/A, 77.49, 59|5, 61, N/A, 72.78, 55|6, 59, N/A, 84.62, 48|
10:16:37 0, 59, N/A, 86.83, 100|1, 56, N/A, 115.54, 55|2, 58, N/A, 122.12, 91|3, 59, N/A, 97.72, 87|4, 59, N/A, 113.15, 100|5, 62, N/A, 101.78, 92|6, 59, N/A, 119.39, 100|
10:16:39 0, 60, N/A, 107.69, 93|1, 57, N/A, 100.65, 83|2, 59, N/A, 111.14, 83|3, 59, N/A, 105.28, 83|4, 60, N/A, 106.15, 84|5, 63, N/A, 110.57, 83|6, 60, N/A, 122.33, 83|
10:16:41 0, 60, N/A, 52.52, 100|1, 58, N/A, 52.77, 87|2, 60, N/A, 83.95, 100|3, 59, N/A, 74.78, 100|4, 60, N/A, 103.64, 100|5, 63, N/A, 93.92, 100|6, 60, N/A, 114.13, 88|
10:16:43 0, 60, N/A, 106.21, 100|1, 58, N/A, 102.82, 100|2, 60, N/A, 142.67, 100|3, 60, N/A, 94.83, 100|4, 60, N/A, 117.63, 100|5, 63, N/A, 101.48, 100|6, 60, N/A, 135.57, 100|
10:16:45 0, 60, N/A, 113.27, 100|1, 58, N/A, 107.74, 100|2, 60, N/A, 127.11, 100|3, 60, N/A, 94.05, 100|4, 61, N/A, 123.63, 100|5, 64, N/A, 117.07, 100|6, 61, N/A, 90.66, 100|
10:16:47 0, 61, N/A, 110.57, 100|1, 58, N/A, 83.43, 100|2, 60, N/A, 131.72, 100|3, 60, N/A, 93.54, 100|4, 61, N/A, 115.91, 100|5, 64, N/A, 105.35, 100|6, 61, N/A, 110.69, 100|
10:16:50 0, 61, N/A, 92.00, 100|1, 58, N/A, 135.13, 100|2, 61, N/A, 111.42, 100|3, 61, N/A, 108.22, 100|4, 61, N/A, 122.46, 100|5, 64, N/A, 87.08, 100|6, 61, N/A, 122.26, 100|
10:16:52 0, 61, N/A, 116.96, 99|1, 58, N/A, 113.09, 81|2, 61, N/A, 139.98, 84|3, 61, N/A, 99.93, 81|4, 61, N/A, 87.72, 93|5, 64, N/A, 138.09, 83|6, 61, N/A, 75.47, 80|
10:16:54 0, 60, N/A, 67.03, 59|1, 58, N/A, 69.24, 18|2, 60, N/A, 111.86, 74|3, 60, N/A, 87.27, 79|4, 60, N/A, 100.99, 65|5, 63, N/A, 106.94, 73|6, 61, N/A, 116.52, 15|
10:16:56 0, 60, N/A, 79.06, 62|1, 58, N/A, 79.59, 62|2, 60, N/A, 99.31, 62|3, 60, N/A, 73.59, 62|4, 61, N/A, 82.17, 60|5, 64, N/A, 80.58, 56|6, 60, N/A, 80.39, 49|
10:16:58 0, 60, N/A, 76.53, 63|1, 58, N/A, 79.79, 62|2, 60, N/A, 96.53, 63|3, 60, N/A, 78.27, 62|4, 60, N/A, 77.98, 60|5, 63, N/A, 75.53, 56|6, 60, N/A, 84.62, 49|
10:17:00 0, 59, N/A, 79.30, 61|1, 57, N/A, 82.74, 61|2, 59, N/A, 90.52, 61|3, 60, N/A, 74.27, 61|4, 60, N/A, 83.61, 59|5, 63, N/A, 79.46, 55|6, 60, N/A, 80.92, 48|
10:17:02 0, 60, N/A, 80.28, 61|1, 57, N/A, 73.10, 61|2, 60, N/A, 95.32, 61|3, 60, N/A, 76.75, 61|4, 60, N/A, 73.10, 59|5, 63, N/A, 71.16, 55|6, 60, N/A, 75.65, 47|
10:17:04 0, 60, N/A, 76.34, 61|1, 57, N/A, 82.01, 62|2, 60, N/A, 93.79, 61|3, 60, N/A, 73.58, 61|4, 60, N/A, 76.44, 59|5, 63, N/A, 82.80, 55|6, 60, N/A, 90.34, 48|
10:17:06 0, 60, N/A, 78.85, 62|1, 57, N/A, 83.77, 62|2, 60, N/A, 96.93, 62|3, 60, N/A, 77.28, 61|4, 60, N/A, 79.59, 59|5, 63, N/A, 80.78, 55|6, 60, N/A, 78.18, 48|
10:17:08 0, 60, N/A, 87.93, 61|1, 57, N/A, 77.56, 62|2, 60, N/A, 96.04, 62|3, 60, N/A, 76.78, 61|4, 60, N/A, 79.46, 59|5, 63, N/A, 73.38, 55|6, 60, N/A, 75.98, 48|
10:17:10 0, 60, N/A, 72.92, 61|1, 57, N/A, 86.00, 60|2, 60, N/A, 85.01, 61|3, 60, N/A, 78.71, 61|4, 60, N/A, 81.06, 58|5, 63, N/A, 75.27, 55|6, 60, N/A, 86.55, 47|
10:17:13 0, 60, N/A, 76.38, 62|1, 57, N/A, 79.59, 63|2, 60, N/A, 87.34, 62|3, 60, N/A, 72.49, 62|4, 60, N/A, 78.21, 60|5, 63, N/A, 73.74, 56|6, 60, N/A, 94.62, 48|
10:17:15 0, 60, N/A, 73.71, 62|1, 57, N/A, 75.83, 62|2, 60, N/A, 98.12, 62|3, 60, N/A, 77.07, 61|4, 60, N/A, 76.40, 59|5, 63, N/A, 81.32, 55|6, 60, N/A, 87.38, 48|
10:17:17 0, 60, N/A, 76.35, 62|1, 57, N/A, 85.55, 62|2, 60, N/A, 90.15, 61|3, 60, N/A, 77.24, 61|4, 60, N/A, 72.69, 59|5, 63, N/A, 73.60, 55|6, 60, N/A, 83.19, 48|
10:17:19 0, 60, N/A, 76.11, 62|1, 57, N/A, 82.54, 63|2, 60, N/A, 93.84, 62|3, 60, N/A, 75.81, 62|4, 60, N/A, 77.31, 60|5, 63, N/A, 80.29, 56|6, 60, N/A, 75.98, 48|
10:17:21 0, 60, N/A, 78.80, 61|1, 57, N/A, 77.05, 62|2, 60, N/A, 88.34, 62|3, 60, N/A, 72.28, 62|4, 60, N/A, 88.02, 59|5, 63, N/A, 81.82, 56|6, 60, N/A, 93.34, 48|
10:17:23 0, 60, N/A, 74.91, 61|1, 57, N/A, 81.61, 62|2, 60, N/A, 90.13, 62|3, 60, N/A, 74.36, 61|4, 60, N/A, 74.56, 59|5, 63, N/A, 85.47, 56|6, 60, N/A, 87.77, 48|
10:17:25 0, 60, N/A, 77.34, 42|1, 57, N/A, 86.06, 60|2, 60, N/A, 94.15, 62|3, 60, N/A, 73.84, 62|4, 60, N/A, 75.59, 59|5, 63, N/A, 75.76, 55|6, 60, N/A, 87.09, 47|
10:17:27 0, 60, N/A, 72.55, 62|1, 57, N/A, 81.61, 61|2, 60, N/A, 91.91, 62|3, 60, N/A, 77.00, 61|4, 60, N/A, 76.56, 59|5, 63, N/A, 78.07, 55|6, 60, N/A, 78.95, 48|
10:17:29 0, 60, N/A, 77.83, 60|1, 57, N/A, 82.03, 61|2, 60, N/A, 96.02, 62|3, 60, N/A, 72.56, 62|4, 60, N/A, 74.64, 59|5, 63, N/A, 81.57, 56|6, 60, N/A, 83.89, 47|
10:17:31 0, 60, N/A, 72.93, 61|1, 57, N/A, 72.34, 62|2, 60, N/A, 87.92, 61|3, 60, N/A, 76.54, 61|4, 60, N/A, 86.99, 59|5, 63, N/A, 80.83, 55|6, 60, N/A, 73.99, 48|
10:17:33 0, 60, N/A, 79.64, 62|1, 57, N/A, 72.80, 62|2, 60, N/A, 90.71, 62|3, 60, N/A, 79.31, 62|4, 60, N/A, 76.56, 59|5, 63, N/A, 79.32, 55|6, 60, N/A, 78.69, 48|
10:17:35 0, 60, N/A, 72.55, 61|1, 57, N/A, 78.60, 61|2, 60, N/A, 90.35, 61|3, 60, N/A, 70.81, 61|4, 60, N/A, 77.29, 59|5, 63, N/A, 75.08, 55|6, 60, N/A, 83.89, 47|
10:17:38 0, 60, N/A, 77.86, 61|1, 57, N/A, 76.83, 61|2, 60, N/A, 89.14, 61|3, 60, N/A, 75.48, 61|4, 60, N/A, 76.57, 58|5, 63, N/A, 75.53, 54|6, 60, N/A, 84.78, 47|
10:17:40 0, 60, N/A, 76.06, 62|1, 57, N/A, 76.55, 61|2, 60, N/A, 88.57, 62|3, 60, N/A, 75.02, 61|4, 60, N/A, 74.58, 60|5, 63, N/A, 77.53, 55|6, 60, N/A, 84.86, 48|
10:17:42 0, 60, N/A, 72.66, 62|1, 57, N/A, 76.06, 62|2, 60, N/A, 88.82, 62|3, 60, N/A, 77.49, 61|4, 60, N/A, 80.13, 59|5, 63, N/A, 81.36, 55|6, 60, N/A, 80.20, 48|
10:17:44 0, 60, N/A, 80.33, 61|1, 57, N/A, 82.84, 62|2, 60, N/A, 95.13, 61|3, 60, N/A, 71.33, 61|4, 60, N/A, 74.12, 59|5, 63, N/A, 73.87, 55|6, 60, N/A, 82.91, 48|
10:17:46 0, 60, N/A, 76.43, 62|1, 57, N/A, 80.79, 62|2, 60, N/A, 86.14, 62|3, 60, N/A, 75.07, 62|4, 60, N/A, 84.52, 60|5, 63, N/A, 86.69, 55|6, 60, N/A, 91.81, 48|
10:17:48 0, 60, N/A, 71.87, 62|1, 57, N/A, 77.05, 62|2, 60, N/A, 93.14, 62|3, 60, N/A, 79.21, 62|4, 60, N/A, 76.33, 59|5, 63, N/A, 84.22, 55|6, 60, N/A, 85.31, 49|
10:17:50 0, 60, N/A, 78.40, 62|1, 57, N/A, 85.80, 62|2, 60, N/A, 87.29, 62|3, 60, N/A, 75.02, 61|4, 60, N/A, 74.81, 60|5, 63, N/A, 77.50, 54|6, 60, N/A, 91.37, 48|
10:17:52 0, 60, N/A, 72.61, 62|1, 57, N/A, 78.06, 63|2, 60, N/A, 95.03, 62|3, 60, N/A, 72.53, 62|4, 60, N/A, 77.07, 60|5, 63, N/A, 75.95, 56|6, 60, N/A, 77.90, 49|
10:17:54 0, 59, N/A, 77.62, 61|1, 57, N/A, 85.01, 62|2, 60, N/A, 94.08, 61|3, 60, N/A, 78.96, 61|4, 60, N/A, 83.98, 59|5, 63, N/A, 77.29, 55|6, 60, N/A, 79.69, 47|
10:17:56 0, 60, N/A, 69.37, 61|1, 57, N/A, 86.16, 61|2, 60, N/A, 95.10, 61|3, 60, N/A, 77.44, 61|4, 60, N/A, 78.21, 58|5, 63, N/A, 79.30, 54|6, 60, N/A, 81.40, 47|
10:17:58 0, 60, N/A, 69.33, 62|1, 57, N/A, 75.67, 61|2, 60, N/A, 86.12, 62|3, 60, N/A, 88.17, 62|4, 60, N/A, 81.72, 59|5, 63, N/A, 78.33, 55|6, 60, N/A, 86.60, 48|
10:18:01 0, 60, N/A, 72.93, 61|1, 57, N/A, 75.28, 62|2, 60, N/A, 84.79, 61|3, 60, N/A, 73.63, 62|4, 60, N/A, 71.85, 59|5, 63, N/A, 73.41, 55|6, 60, N/A, 87.01, 48|
10:18:03 0, 60, N/A, 78.87, 61|1, 57, N/A, 76.63, 61|2, 60, N/A, 89.20, 61|3, 60, N/A, 75.11, 61|4, 60, N/A, 78.49, 59|5, 63, N/A, 81.04, 55|6, 60, N/A, 97.09, 47|
10:18:05 0, 59, N/A, 73.18, 61|1, 57, N/A, 82.06, 61|2, 60, N/A, 88.62, 61|3, 60, N/A, 72.32, 61|4, 60, N/A, 78.53, 59|5, 63, N/A, 77.50, 55|6, 60, N/A, 90.66, 47|
10:18:07 0, 59, N/A, 43.89, 0|1, 57, N/A, 47.34, 0|2, 59, N/A, 54.74, 0|3, 59, N/A, 43.86, 0|4, 59, N/A, 46.08, 0|5, 62, N/A, 45.12, 0|6, 59, N/A, 48.49, 1|
10:18:09 0, 59, N/A, 71.60, 60|1, 57, N/A, 85.06, 61|2, 60, N/A, 96.30, 60|3, 60, N/A, 71.25, 61|4, 60, N/A, 79.48, 58|5, 63, N/A, 81.29, 54|6, 60, N/A, 79.13, 47|
10:18:11 0, 59, N/A, 67.15, 56|1, 57, N/A, 75.92, 57|2, 60, N/A, 86.96, 56|3, 60, N/A, 72.70, 57|4, 60, N/A, 77.77, 55|5, 63, N/A, 80.66, 51|6, 60, N/A, 84.01, 44|
10:18:13 0, 60, N/A, 75.93, 62|1, 57, N/A, 77.62, 62|2, 60, N/A, 88.95, 62|3, 60, N/A, 75.03, 62|4, 60, N/A, 76.02, 59|5, 63, N/A, 75.36, 56|6, 60, N/A, 86.02, 48|
10:18:15 0, 60, N/A, 81.28, 61|1, 57, N/A, 85.48, 62|2, 60, N/A, 95.35, 61|3, 60, N/A, 74.50, 61|4, 60, N/A, 81.15, 58|5, 63, N/A, 77.74, 55|6, 60, N/A, 89.65, 48|
10:18:17 0, 60, N/A, 76.81, 62|1, 57, N/A, 79.77, 61|2, 60, N/A, 89.13, 62|3, 60, N/A, 76.05, 61|4, 60, N/A, 86.74, 59|5, 63, N/A, 75.40, 55|6, 60, N/A, 83.93, 48|
10:18:19 0, 60, N/A, 68.67, 62|1, 57, N/A, 88.58, 62|2, 60, N/A, 90.12, 61|3, 60, N/A, 75.89, 61|4, 60, N/A, 81.86, 59|5, 63, N/A, 73.79, 55|6, 60, N/A, 83.74, 48|
10:18:21 0, 59, N/A, 66.54, 60|1, 57, N/A, 77.93, 61|2, 60, N/A, 86.05, 61|3, 60, N/A, 73.93, 61|4, 60, N/A, 79.37, 58|5, 63, N/A, 71.96, 55|6, 60, N/A, 75.29, 47|
10:18:23 0, 60, N/A, 74.09, 57|1, 57, N/A, 77.44, 58|2, 60, N/A, 97.70, 57|3, 60, N/A, 78.45, 58|4, 60, N/A, 83.64, 55|5, 63, N/A, 78.76, 51|6, 60, N/A, 82.98, 46|
10:18:26 0, 60, N/A, 72.07, 62|1, 57, N/A, 72.58, 62|2, 60, N/A, 98.36, 62|3, 60, N/A, 75.58, 61|4, 60, N/A, 81.76, 58|5, 63, N/A, 81.22, 54|6, 60, N/A, 86.22, 48|
10:18:28 0, 60, N/A, 79.17, 62|1, 57, N/A, 72.50, 62|2, 60, N/A, 99.74, 61|3, 60, N/A, 73.96, 61|4, 60, N/A, 76.06, 59|5, 63, N/A, 76.53, 55|6, 60, N/A, 87.40, 48|
10:18:30 0, 59, N/A, 69.27, 60|1, 57, N/A, 75.95, 61|2, 60, N/A, 90.20, 60|3, 60, N/A, 80.79, 60|4, 60, N/A, 77.13, 58|5, 63, N/A, 77.64, 53|6, 60, N/A, 83.91, 48|
10:18:32 0, 59, N/A, 70.49, 61|1, 57, N/A, 78.87, 61|2, 60, N/A, 90.41, 61|3, 60, N/A, 75.36, 61|4, 60, N/A, 77.84, 59|5, 63, N/A, 75.95, 55|6, 60, N/A, 80.99, 47|
10:18:34 0, 60, N/A, 70.91, 62|1, 57, N/A, 86.11, 62|2, 60, N/A, 89.42, 62|3, 60, N/A, 74.31, 61|4, 60, N/A, 79.40, 59|5, 63, N/A, 77.89, 55|6, 60, N/A, 80.49, 48|
10:18:36 0, 60, N/A, 74.06, 61|1, 57, N/A, 79.45, 61|2, 60, N/A, 89.26, 61|3, 60, N/A, 71.64, 61|4, 60, N/A, 81.79, 59|5, 63, N/A, 77.39, 55|6, 60, N/A, 80.75, 48|
10:18:38 0, 60, N/A, 82.32, 61|1, 57, N/A, 85.12, 61|2, 60, N/A, 91.18, 61|3, 60, N/A, 72.83, 61|4, 60, N/A, 78.50, 59|5, 63, N/A, 80.19, 55|6, 60, N/A, 84.00, 47|
10:18:40 0, 59, N/A, 76.48, 62|1, 57, N/A, 83.60, 62|2, 60, N/A, 92.99, 62|3, 60, N/A, 73.11, 61|4, 60, N/A, 87.59, 59|5, 63, N/A, 73.69, 55|6, 60, N/A, 94.74, 47|
10:18:42 0, 60, N/A, 75.66, 61|1, 57, N/A, 81.87, 62|2, 60, N/A, 93.45, 61|3, 59, N/A, 70.82, 61|4, 60, N/A, 74.48, 59|5, 63, N/A, 71.93, 54|6, 60, N/A, 82.71, 48|
10:18:44 0, 60, N/A, 75.94, 61|1, 57, N/A, 75.09, 60|2, 60, N/A, 86.29, 61|3, 60, N/A, 79.80, 61|4, 60, N/A, 80.55, 59|5, 63, N/A, 79.32, 55|6, 60, N/A, 89.33, 47|
10:18:46 0, 59, N/A, 44.94, 61|1, 57, N/A, 54.53, 56|2, 60, N/A, 68.35, 62|3, 59, N/A, 58.41, 62|4, 60, N/A, 63.83, 59|5, 63, N/A, 64.86, 56|6, 59, N/A, 71.68, 41|
10:18:48 0, 60, N/A, 70.71, 61|1, 57, N/A, 76.41, 61|2, 60, N/A, 87.99, 61|3, 60, N/A, 71.89, 61|4, 60, N/A, 80.84, 59|5, 63, N/A, 76.79, 55|6, 60, N/A, 90.69, 47|
10:18:51 0, 60, N/A, 80.63, 60|1, 57, N/A, 72.63, 60|2, 60, N/A, 91.47, 61|3, 59, N/A, 75.82, 61|4, 60, N/A, 74.90, 58|5, 63, N/A, 73.08, 55|6, 60, N/A, 81.15, 46|
10:18:53 0, 60, N/A, 71.38, 61|1, 57, N/A, 78.64, 61|2, 60, N/A, 91.82, 61|3, 60, N/A, 72.64, 61|4, 60, N/A, 78.53, 59|5, 63, N/A, 73.11, 55|6, 60, N/A, 91.32, 48|
10:18:55 0, 60, N/A, 71.10, 60|1, 57, N/A, 82.26, 61|2, 60, N/A, 87.58, 61|3, 60, N/A, 73.58, 60|4, 60, N/A, 74.38, 58|5, 63, N/A, 73.62, 54|6, 60, N/A, 84.12, 48|
10:18:57 0, 59, N/A, 78.32, 61|1, 57, N/A, 78.32, 61|2, 60, N/A, 94.09, 61|3, 60, N/A, 76.54, 62|4, 60, N/A, 80.79, 59|5, 63, N/A, 72.93, 56|6, 60, N/A, 91.42, 48|
10:18:59 0, 60, N/A, 71.20, 61|1, 57, N/A, 80.86, 61|2, 60, N/A, 89.63, 61|3, 60, N/A, 80.53, 61|4, 60, N/A, 76.75, 58|5, 63, N/A, 80.62, 55|6, 60, N/A, 83.01, 48|
10:19:01 0, 59, N/A, 80.54, 61|1, 57, N/A, 82.79, 62|2, 60, N/A, 90.63, 61|3, 60, N/A, 75.84, 62|4, 60, N/A, 74.90, 59|5, 63, N/A, 75.21, 56|6, 60, N/A, 81.17, 48|
10:19:03 0, 60, N/A, 74.91, 61|1, 57, N/A, 81.76, 62|2, 60, N/A, 94.34, 61|3, 60, N/A, 75.52, 61|4, 60, N/A, 73.58, 59|5, 63, N/A, 79.81, 55|6, 60, N/A, 83.19, 48|
10:19:05 0, 60, N/A, 71.59, 62|1, 57, N/A, 76.03, 62|2, 60, N/A, 88.78, 62|3, 60, N/A, 81.62, 62|4, 60, N/A, 80.09, 60|5, 63, N/A, 77.96, 55|6, 60, N/A, 86.21, 48|
10:19:07 0, 60, N/A, 84.08, 62|1, 57, N/A, 75.86, 62|2, 60, N/A, 89.10, 62|3, 60, N/A, 72.11, 62|4, 60, N/A, 73.63, 60|5, 63, N/A, 82.60, 56|6, 60, N/A, 81.23, 49|
10:19:09 0, 60, N/A, 74.83, 62|1, 57, N/A, 77.53, 63|2, 60, N/A, 91.91, 62|3, 60, N/A, 74.36, 62|4, 60, N/A, 80.66, 59|5, 63, N/A, 82.06, 56|6, 60, N/A, 92.14, 49|
10:19:11 0, 60, N/A, 72.20, 61|1, 57, N/A, 77.39, 62|2, 60, N/A, 89.85, 61|3, 60, N/A, 71.02, 61|4, 60, N/A, 83.49, 59|5, 63, N/A, 86.00, 55|6, 60, N/A, 82.69, 48|
10:19:13 0, 59, N/A, 43.89, 7|1, 57, N/A, 47.59, 0|2, 59, N/A, 54.99, 12|3, 59, N/A, 43.86, 23|4, 59, N/A, 46.08, 13|5, 62, N/A, 45.12, 14|6, 59, N/A, 48.52, 0|
10:19:16 0, 60, N/A, 78.03, 62|1, 57, N/A, 79.26, 62|2, 60, N/A, 93.33, 61|3, 60, N/A, 75.50, 62|4, 60, N/A, 78.21, 59|5, 63, N/A, 76.25, 55|6, 60, N/A, 89.16, 48|
10:19:18 0, 60, N/A, 81.77, 61|1, 57, N/A, 90.88, 61|2, 60, N/A, 95.29, 61|3, 60, N/A, 77.48, 62|4, 60, N/A, 75.37, 59|5, 63, N/A, 72.52, 55|6, 60, N/A, 79.89, 48|
10:19:20 0, 60, N/A, 74.54, 61|1, 57, N/A, 81.73, 61|2, 60, N/A, 88.57, 61|3, 60, N/A, 71.26, 61|4, 60, N/A, 75.28, 59|5, 63, N/A, 79.84, 55|6, 60, N/A, 78.43, 47|
10:19:22 0, 60, N/A, 76.87, 62|1, 57, N/A, 84.03, 61|2, 60, N/A, 93.14, 62|3, 60, N/A, 73.10, 61|4, 60, N/A, 72.89, 59|5, 63, N/A, 73.52, 55|6, 60, N/A, 94.13, 47|
10:19:24 0, 59, N/A, 74.70, 61|1, 57, N/A, 73.91, 62|2, 60, N/A, 86.23, 61|3, 60, N/A, 70.10, 62|4, 60, N/A, 73.49, 58|5, 63, N/A, 78.58, 55|6, 60, N/A, 78.92, 48|
10:19:26 0, 60, N/A, 75.93, 62|1, 57, N/A, 82.27, 63|2, 60, N/A, 92.12, 63|3, 60, N/A, 77.04, 62|4, 60, N/A, 87.54, 60|5, 63, N/A, 82.56, 56|6, 60, N/A, 84.25, 49|
10:19:28 0, 60, N/A, 82.55, 61|1, 57, N/A, 87.04, 62|2, 60, N/A, 84.36, 62|3, 60, N/A, 76.79, 62|4, 60, N/A, 76.19, 59|5, 63, N/A, 79.02, 55|6, 60, N/A, 79.55, 48|
10:19:30 0, 60, N/A, 73.32, 62|1, 57, N/A, 85.03, 62|2, 60, N/A, 89.94, 62|3, 60, N/A, 70.98, 62|4, 60, N/A, 77.29, 59|5, 63, N/A, 77.26, 56|6, 60, N/A, 79.17, 48|
10:19:32 0, 60, N/A, 76.83, 61|1, 58, N/A, 80.79, 61|2, 60, N/A, 94.58, 62|3, 60, N/A, 76.25, 61|4, 60, N/A, 76.37, 59|5, 63, N/A, 74.71, 55|6, 60, N/A, 90.04, 48|
10:19:34 0, 60, N/A, 78.53, 62|1, 57, N/A, 81.97, 63|2, 60, N/A, 95.79, 62|3, 60, N/A, 69.71, 61|4, 60, N/A, 77.46, 59|5, 63, N/A, 74.09, 55|6, 60, N/A, 78.42, 48|
10:19:36 0, 60, N/A, 76.14, 61|1, 57, N/A, 76.83, 62|2, 60, N/A, 93.79, 62|3, 60, N/A, 73.02, 62|4, 60, N/A, 84.77, 59|5, 63, N/A, 81.28, 55|6, 60, N/A, 93.09, 48|
10:19:39 0, 60, N/A, 73.86, 62|1, 57, N/A, 76.85, 62|2, 60, N/A, 91.09, 62|3, 60, N/A, 73.30, 62|4, 60, N/A, 77.75, 60|5, 63, N/A, 75.36, 55|6, 60, N/A, 83.61, 48|
10:19:41 0, 60, N/A, 79.71, 61|1, 58, N/A, 84.68, 61|2, 60, N/A, 92.06, 61|3, 60, N/A, 75.87, 61|4, 60, N/A, 80.11, 58|5, 63, N/A, 78.91, 55|6, 60, N/A, 72.37, 48|
10:19:43 0, 60, N/A, 74.40, 61|1, 57, N/A, 82.94, 61|2, 60, N/A, 91.02, 61|3, 60, N/A, 76.60, 61|4, 60, N/A, 76.75, 58|5, 63, N/A, 74.15, 55|6, 60, N/A, 74.88, 48|
10:19:45 0, 60, N/A, 75.24, 61|1, 57, N/A, 85.37, 62|2, 60, N/A, 96.43, 61|3, 60, N/A, 72.13, 62|4, 60, N/A, 76.36, 59|5, 63, N/A, 73.79, 55|6, 60, N/A, 75.55, 48|
10:19:47 0, 60, N/A, 73.07, 62|1, 57, N/A, 73.13, 62|2, 60, N/A, 86.28, 62|3, 60, N/A, 76.40, 61|4, 60, N/A, 74.17, 59|5, 63, N/A, 71.74, 55|6, 60, N/A, 84.45, 48|
10:19:49 0, 60, N/A, 71.90, 61|1, 58, N/A, 85.17, 61|2, 60, N/A, 96.23, 61|3, 60, N/A, 72.73, 61|4, 60, N/A, 76.18, 59|5, 63, N/A, 87.70, 55|6, 60, N/A, 99.62, 48|
10:19:51 0, 60, N/A, 77.15, 62|1, 57, N/A, 82.60, 61|2, 60, N/A, 85.44, 62|3, 60, N/A, 75.15, 62|4, 60, N/A, 75.62, 59|5, 63, N/A, 71.99, 55|6, 60, N/A, 89.95, 47|
10:19:53 0, 59, N/A, 67.68, 59|1, 57, N/A, 78.67, 43|2, 60, N/A, 88.85, 59|3, 60, N/A, 79.11, 61|4, 60, N/A, 74.22, 59|5, 63, N/A, 70.02, 55|6, 60, N/A, 83.38, 34|
10:19:55 0, 60, N/A, 77.73, 62|1, 57, N/A, 73.21, 62|2, 60, N/A, 93.05, 61|3, 60, N/A, 74.60, 61|4, 60, N/A, 75.93, 59|5, 63, N/A, 79.09, 55|6, 60, N/A, 100.37, 48|
10:19:57 0, 60, N/A, 79.61, 61|1, 57, N/A, 86.61, 62|2, 60, N/A, 99.12, 62|3, 60, N/A, 77.87, 62|4, 60, N/A, 81.07, 59|5, 63, N/A, 78.37, 55|6, 60, N/A, 85.23, 48|
10:19:59 0, 60, N/A, 73.97, 62|1, 58, N/A, 77.64, 62|2, 60, N/A, 90.02, 62|3, 60, N/A, 73.69, 61|4, 60, N/A, 75.42, 59|5, 63, N/A, 76.62, 55|6, 60, N/A, 79.97, 48|
10:20:01 0, 60, N/A, 74.71, 59|1, 58, N/A, 78.66, 58|2, 60, N/A, 86.66, 60|3, 60, N/A, 71.91, 60|4, 60, N/A, 77.13, 57|5, 63, N/A, 74.89, 53|6, 60, N/A, 79.92, 45|
10:20:04 0, 60, N/A, 76.72, 62|1, 57, N/A, 84.33, 62|2, 60, N/A, 92.46, 62|3, 60, N/A, 76.60, 62|4, 60, N/A, 77.51, 60|5, 63, N/A, 76.08, 56|6, 60, N/A, 87.14, 48|
10:20:06 0, 60, N/A, 86.02, 61|1, 57, N/A, 83.14, 62|2, 60, N/A, 92.97, 61|3, 60, N/A, 78.61, 61|4, 60, N/A, 83.64, 58|5, 63, N/A, 73.61, 55|6, 60, N/A, 83.54, 48|
10:20:08 0, 60, N/A, 68.79, 62|1, 57, N/A, 84.93, 61|2, 60, N/A, 84.35, 61|3, 60, N/A, 69.11, 61|4, 60, N/A, 75.27, 59|5, 63, N/A, 86.42, 55|6, 60, N/A, 79.19, 47|
10:20:10 0, 60, N/A, 67.44, 62|1, 57, N/A, 75.17, 63|2, 60, N/A, 90.95, 62|3, 60, N/A, 78.17, 61|4, 60, N/A, 79.12, 59|5, 63, N/A, 74.17, 55|6, 60, N/A, 83.82, 48|
10:20:12 0, 60, N/A, 69.96, 61|1, 58, N/A, 83.31, 62|2, 60, N/A, 84.62, 61|3, 60, N/A, 69.88, 61|4, 60, N/A, 77.14, 59|5, 63, N/A, 80.07, 55|6, 60, N/A, 88.53, 48|
10:20:14 0, 60, N/A, 79.70, 60|1, 57, N/A, 73.39, 61|2, 60, N/A, 89.29, 60|3, 60, N/A, 74.95, 59|4, 60, N/A, 81.83, 58|5, 63, N/A, 75.84, 53|6, 60, N/A, 76.27, 47|
10:20:16 0, 60, N/A, 77.15, 61|1, 58, N/A, 83.10, 61|2, 60, N/A, 88.04, 61|3, 60, N/A, 72.65, 61|4, 60, N/A, 77.84, 59|5, 63, N/A, 77.19, 55|6, 60, N/A, 82.52, 47|
10:20:18 0, 60, N/A, 74.12, 61|1, 57, N/A, 83.60, 61|2, 60, N/A, 84.15, 61|3, 60, N/A, 73.47, 61|4, 60, N/A, 78.51, 59|5, 63, N/A, 78.63, 55|6, 60, N/A, 91.04, 48|
10:20:20 0, 59, N/A, 46.17, 33|1, 57, N/A, 49.87, 12|2, 60, N/A, 57.28, 34|3, 59, N/A, 46.14, 2|4, 59, N/A, 48.12, 3|5, 63, N/A, 46.91, 3|6, 59, N/A, 50.06, 7|
10:20:22 0, 58, N/A, 43.12, 0|1, 56, N/A, 46.85, 0|2, 59, N/A, 53.97, 0|3, 58, N/A, 43.34, 0|4, 59, N/A, 45.57, 0|5, 62, N/A, 44.60, 0|6, 59, N/A, 47.01, 0|
