22:38:35 0, 74, N/A, 37.11, 0|1, 71, N/A, 38.32, 0|2, 70, N/A, 42.27, 0|3, 67, N/A, 34.45, 0|
22:38:37 0, 74, N/A, 46.06, 7|1, 70, N/A, 47.99, 0|2, 69, N/A, 50.24, 3|3, 66, N/A, 41.97, 0|
22:38:39 0, 74, N/A, 46.30, 3|1, 70, N/A, 47.26, 12|2, 69, N/A, 49.78, 1|3, 66, N/A, 41.72, 12|
22:38:41 0, 73, N/A, 46.06, 4|1, 70, N/A, 47.04, 7|2, 69, N/A, 49.05, 15|3, 66, N/A, 41.75, 15|
22:38:43 0, 73, N/A, 45.60, 7|1, 69, N/A, 46.80, 0|2, 68, N/A, 49.08, 2|3, 65, N/A, 41.75, 0|
22:38:45 0, 73, N/A, 44.66, 0|1, 69, N/A, 46.83, 0|2, 68, N/A, 49.33, 0|3, 65, N/A, 41.29, 0|
22:38:47 0, 74, N/A, 73.57, 56|1, 70, N/A, 77.70, 56|2, 70, N/A, 81.16, 55|3, 66, N/A, 73.46, 49|
22:38:49 0, 74, N/A, 73.81, 56|1, 70, N/A, 78.23, 57|2, 70, N/A, 82.38, 55|3, 67, N/A, 70.27, 50|
22:38:51 0, 74, N/A, 75.26, 54|1, 70, N/A, 74.75, 54|2, 70, N/A, 83.14, 53|3, 67, N/A, 70.26, 48|
22:38:54 0, 74, N/A, 72.31, 57|1, 70, N/A, 74.78, 57|2, 71, N/A, 81.44, 56|3, 67, N/A, 71.52, 50|
22:38:56 0, 74, N/A, 73.56, 56|1, 70, N/A, 74.06, 56|2, 71, N/A, 86.69, 55|3, 68, N/A, 75.12, 49|
22:38:58 0, 74, N/A, 74.30, 57|1, 70, N/A, 75.03, 57|2, 71, N/A, 80.71, 55|3, 68, N/A, 73.17, 50|
22:39:00 0, 74, N/A, 74.70, 56|1, 70, N/A, 74.22, 57|2, 71, N/A, 83.35, 55|3, 68, N/A, 71.97, 49|
22:39:02 0, 74, N/A, 75.47, 56|1, 70, N/A, 75.52, 57|2, 71, N/A, 81.15, 55|3, 68, N/A, 73.95, 50|
22:39:04 0, 74, N/A, 75.70, 55|1, 70, N/A, 74.98, 57|2, 71, N/A, 84.06, 55|3, 68, N/A, 73.42, 49|
22:39:06 0, 74, N/A, 74.73, 57|1, 70, N/A, 74.26, 57|2, 71, N/A, 84.98, 55|3, 68, N/A, 71.71, 50|
22:39:08 0, 74, N/A, 73.81, 56|1, 70, N/A, 73.53, 57|2, 71, N/A, 81.64, 55|3, 68, N/A, 70.99, 49|
22:39:10 0, 74, N/A, 55.04, 57|1, 69, N/A, 55.02, 47|2, 71, N/A, 63.37, 50|3, 68, N/A, 51.95, 50|
22:39:12 0, 76, N/A, 125.22, 100|1, 71, N/A, 96.29, 100|2, 73, N/A, 146.69, 100|3, 70, N/A, 117.49, 100|
22:39:14 0, 77, N/A, 112.92, 100|1, 71, N/A, 94.47, 91|2, 74, N/A, 144.49, 91|3, 70, N/A, 118.73, 100|
22:39:16 0, 77, N/A, 92.85, 91|1, 72, N/A, 131.77, 91|2, 74, N/A, 131.20, 91|3, 71, N/A, 102.37, 90|
22:39:19 0, 78, N/A, 123.78, 100|1, 72, N/A, 130.14, 87|2, 75, N/A, 106.42, 100|3, 71, N/A, 138.31, 100|
22:39:21 0, 78, N/A, 137.42, 100|1, 73, N/A, 90.51, 100|2, 75, N/A, 165.59, 100|3, 72, N/A, 73.64, 100|
22:39:23 0, 78, N/A, 108.41, 100|1, 72, N/A, 133.61, 100|2, 76, N/A, 113.37, 100|3, 72, N/A, 128.02, 100|
22:39:25 0, 79, N/A, 161.79, 100|1, 73, N/A, 98.34, 100|2, 76, N/A, 137.77, 100|3, 72, N/A, 123.56, 100|
22:39:27 0, 79, N/A, 129.81, 100|1, 73, N/A, 100.52, 100|2, 76, N/A, 152.26, 100|3, 72, N/A, 88.07, 100|
22:39:29 0, 79, N/A, 132.15, 100|1, 73, N/A, 126.87, 100|2, 76, N/A, 113.12, 100|3, 72, N/A, 139.83, 100|
22:39:31 0, 79, N/A, 134.90, 61|1, 73, N/A, 97.72, 61|2, 76, N/A, 154.22, 61|3, 72, N/A, 106.10, 96|
22:39:33 0, 78, N/A, 82.85, 53|1, 72, N/A, 80.18, 61|2, 74, N/A, 88.81, 56|3, 70, N/A, 76.20, 43|
22:39:35 0, 77, N/A, 83.41, 62|1, 72, N/A, 78.24, 63|2, 74, N/A, 88.56, 60|3, 69, N/A, 76.23, 55|
22:39:37 0, 78, N/A, 80.27, 62|1, 72, N/A, 79.49, 62|2, 73, N/A, 91.29, 59|3, 69, N/A, 77.93, 54|
22:39:39 0, 77, N/A, 80.79, 50|1, 71, N/A, 77.76, 49|2, 73, N/A, 87.12, 47|3, 68, N/A, 75.31, 44|
22:39:41 0, 77, N/A, 78.23, 62|1, 71, N/A, 78.01, 62|2, 73, N/A, 87.69, 59|3, 68, N/A, 75.80, 55|
22:39:43 0, 77, N/A, 79.49, 62|1, 71, N/A, 77.81, 64|2, 73, N/A, 86.39, 60|3, 68, N/A, 74.55, 56|
22:39:46 0, 77, N/A, 76.18, 46|1, 71, N/A, 76.59, 63|2, 72, N/A, 87.46, 43|3, 68, N/A, 74.55, 41|
22:39:48 0, 77, N/A, 78.81, 63|1, 71, N/A, 77.85, 63|2, 72, N/A, 86.73, 60|3, 68, N/A, 76.78, 55|
22:39:50 0, 77, N/A, 78.57, 60|1, 70, N/A, 77.85, 63|2, 73, N/A, 87.65, 60|3, 68, N/A, 77.74, 54|
22:39:52 0, 76, N/A, 61.78, 63|1, 70, N/A, 58.14, 63|2, 73, N/A, 66.73, 60|3, 68, N/A, 53.62, 55|
22:39:54 0, 77, N/A, 78.28, 63|1, 70, N/A, 80.03, 63|2, 73, N/A, 88.38, 60|3, 68, N/A, 76.28, 55|
22:39:56 0, 76, N/A, 80.74, 62|1, 70, N/A, 78.54, 63|2, 73, N/A, 87.89, 60|3, 68, N/A, 74.58, 55|
22:39:58 0, 78, N/A, 140.62, 100|1, 72, N/A, 92.53, 100|2, 74, N/A, 168.40, 100|3, 70, N/A, 71.14, 100|
22:40:00 0, 78, N/A, 141.73, 100|1, 72, N/A, 85.44, 100|2, 75, N/A, 169.13, 100|3, 70, N/A, 71.60, 100|
22:40:02 0, 79, N/A, 65.09, 90|1, 72, N/A, 163.55, 89|2, 75, N/A, 114.04, 89|3, 71, N/A, 119.11, 89|
22:40:04 0, 79, N/A, 171.84, 100|1, 72, N/A, 63.12, 100|2, 76, N/A, 163.07, 100|3, 71, N/A, 59.96, 100|
22:40:06 0, 79, N/A, 117.43, 100|1, 72, N/A, 102.13, 100|2, 76, N/A, 132.43, 100|3, 71, N/A, 125.25, 100|
22:40:09 0, 79, N/A, 110.32, 89|1, 72, N/A, 127.44, 95|2, 76, N/A, 106.56, 89|3, 71, N/A, 149.39, 89|
22:40:11 0, 79, N/A, 144.68, 100|1, 72, N/A, 81.47, 100|2, 77, N/A, 143.21, 100|3, 71, N/A, 110.19, 100|
22:40:13 0, 79, N/A, 97.33, 100|1, 73, N/A, 100.60, 100|2, 76, N/A, 148.24, 100|3, 71, N/A, 86.34, 89|
22:40:15 0, 79, N/A, 67.86, 100|1, 73, N/A, 175.14, 100|2, 77, N/A, 78.11, 100|3, 71, N/A, 173.90, 100|
22:40:17 0, 79, N/A, 92.11, 88|1, 73, N/A, 107.50, 96|2, 76, N/A, 131.40, 88|3, 71, N/A, 128.13, 88|
22:40:19 0, 78, N/A, 81.67, 100|1, 72, N/A, 83.93, 100|2, 76, N/A, 95.86, 100|3, 70, N/A, 129.59, 100|
22:40:21 0, 79, N/A, 57.75, 100|1, 73, N/A, 181.14, 100|2, 76, N/A, 75.21, 100|3, 71, N/A, 178.35, 100|
22:40:23 0, 79, N/A, 82.08, 90|1, 73, N/A, 122.92, 90|2, 76, N/A, 135.70, 90|3, 71, N/A, 130.93, 90|
22:40:25 0, 78, N/A, 83.26, 67|1, 72, N/A, 83.52, 67|2, 75, N/A, 94.14, 64|3, 69, N/A, 83.71, 60|
22:40:27 0, 78, N/A, 86.99, 66|1, 72, N/A, 81.58, 67|2, 74, N/A, 91.66, 64|3, 69, N/A, 78.86, 62|
22:40:29 0, 78, N/A, 85.05, 67|1, 72, N/A, 84.10, 68|2, 74, N/A, 92.44, 65|3, 68, N/A, 78.61, 62|
22:40:32 0, 78, N/A, 84.77, 66|1, 71, N/A, 84.54, 67|2, 74, N/A, 98.45, 64|3, 68, N/A, 81.09, 61|
22:40:34 0, 78, N/A, 86.51, 67|1, 71, N/A, 83.57, 68|2, 74, N/A, 92.21, 65|3, 68, N/A, 80.52, 62|
22:40:36 0, 78, N/A, 83.07, 67|1, 71, N/A, 81.67, 68|2, 74, N/A, 92.69, 64|3, 68, N/A, 80.80, 62|
22:40:38 0, 78, N/A, 82.11, 66|1, 70, N/A, 80.71, 66|2, 74, N/A, 94.57, 64|3, 68, N/A, 78.12, 61|
22:40:40 0, 78, N/A, 82.68, 67|1, 70, N/A, 82.60, 68|2, 73, N/A, 91.19, 63|3, 67, N/A, 77.94, 61|
22:40:42 0, 77, N/A, 83.05, 67|1, 70, N/A, 79.94, 68|2, 74, N/A, 90.03, 65|3, 67, N/A, 76.72, 62|
22:40:44 0, 77, N/A, 87.77, 67|1, 70, N/A, 80.89, 68|2, 74, N/A, 92.45, 63|3, 67, N/A, 78.91, 61|
22:40:46 0, 77, N/A, 86.26, 66|1, 70, N/A, 83.33, 67|2, 73, N/A, 93.13, 65|3, 67, N/A, 79.16, 62|
22:40:48 0, 77, N/A, 82.44, 67|1, 70, N/A, 79.21, 68|2, 74, N/A, 92.45, 63|3, 68, N/A, 80.85, 60|
22:40:50 0, 77, N/A, 63.33, 100|1, 71, N/A, 167.77, 100|2, 74, N/A, 71.67, 92|3, 69, N/A, 169.71, 80|
22:40:52 0, 79, N/A, 73.19, 100|1, 71, N/A, 177.42, 100|2, 76, N/A, 76.91, 100|3, 69, N/A, 187.44, 100|
22:40:54 0, 80, N/A, 91.37, 100|1, 71, N/A, 58.79, 100|2, 76, N/A, 89.46, 100|3, 69, N/A, 54.27, 100|
22:40:57 0, 78, N/A, 77.09, 87|1, 71, N/A, 155.59, 87|2, 77, N/A, 87.55, 87|3, 70, N/A, 176.10, 100|
22:40:59 0, 78, N/A, 98.58, 100|1, 72, N/A, 139.63, 100|2, 76, N/A, 100.61, 100|3, 71, N/A, 149.71, 100|
22:41:01 0, 79, N/A, 121.12, 100|1, 72, N/A, 131.14, 100|2, 77, N/A, 127.07, 100|3, 70, N/A, 99.36, 100|
22:41:03 0, 79, N/A, 65.84, 100|1, 72, N/A, 57.86, 100|2, 76, N/A, 78.52, 100|3, 70, N/A, 75.80, 100|
22:41:05 0, 79, N/A, 113.05, 86|1, 72, N/A, 116.94, 86|2, 77, N/A, 113.61, 86|3, 70, N/A, 114.52, 100|
22:41:07 0, 79, N/A, 160.39, 100|1, 72, N/A, 106.85, 100|2, 77, N/A, 122.01, 100|3, 70, N/A, 114.51, 100|
22:41:09 0, 79, N/A, 176.44, 100|1, 72, N/A, 60.66, 100|2, 77, N/A, 183.42, 100|3, 70, N/A, 59.12, 100|
22:41:11 0, 79, N/A, 147.98, 100|1, 72, N/A, 62.39, 100|2, 76, N/A, 199.37, 100|3, 70, N/A, 55.07, 100|
22:41:13 0, 79, N/A, 104.76, 100|1, 72, N/A, 121.12, 100|2, 77, N/A, 94.57, 100|3, 70, N/A, 161.26, 100|
22:41:15 0, 79, N/A, 98.91, 100|1, 73, N/A, 140.85, 100|2, 76, N/A, 97.46, 100|3, 70, N/A, 108.50, 100|
22:41:18 0, 79, N/A, 112.93, 100|1, 72, N/A, 126.25, 100|2, 77, N/A, 121.39, 100|3, 69, N/A, 90.76, 100|
22:41:20 0, 79, N/A, 67.19, 100|1, 73, N/A, 163.82, 100|2, 76, N/A, 81.50, 100|3, 70, N/A, 193.83, 100|
22:41:22 0, 79, N/A, 51.53, 100|1, 74, N/A, 168.58, 100|2, 76, N/A, 93.73, 100|3, 70, N/A, 107.14, 100|
22:41:24 0, 79, N/A, 77.07, 100|1, 74, N/A, 132.95, 100|2, 76, N/A, 139.25, 100|3, 70, N/A, 108.17, 100|
22:41:26 0, 79, N/A, 117.19, 100|1, 74, N/A, 129.64, 100|2, 76, N/A, 106.02, 100|3, 70, N/A, 142.61, 100|
22:41:28 0, 78, N/A, 126.78, 100|1, 73, N/A, 59.08, 100|2, 76, N/A, 173.64, 100|3, 69, N/A, 53.89, 100|
22:41:30 0, 79, N/A, 79.95, 87|1, 73, N/A, 163.49, 100|2, 76, N/A, 81.50, 100|3, 69, N/A, 179.59, 100|
22:41:32 0, 80, N/A, 97.37, 100|1, 73, N/A, 104.62, 82|2, 77, N/A, 146.07, 82|3, 69, N/A, 84.51, 82|
22:41:34 0, 78, N/A, 95.01, 84|1, 74, N/A, 113.88, 84|2, 76, N/A, 129.22, 83|3, 70, N/A, 115.91, 83|
22:41:37 0, 79, N/A, 99.47, 83|1, 73, N/A, 131.05, 100|2, 76, N/A, 102.54, 100|3, 69, N/A, 160.84, 83|
22:41:39 0, 79, N/A, 166.68, 100|1, 73, N/A, 66.91, 100|2, 76, N/A, 196.47, 100|3, 70, N/A, 56.17, 100|
22:41:41 0, 79, N/A, 55.54, 100|1, 73, N/A, 192.91, 100|2, 77, N/A, 69.64, 100|3, 71, N/A, 171.04, 100|
22:41:43 0, 79, N/A, 129.10, 100|1, 74, N/A, 75.57, 100|2, 76, N/A, 185.87, 100|3, 70, N/A, 63.44, 100|
22:41:45 0, 79, N/A, 106.66, 100|1, 72, N/A, 90.61, 100|2, 77, N/A, 125.05, 100|3, 69, N/A, 119.19, 100|
22:41:47 0, 79, N/A, 61.59, 100|1, 73, N/A, 174.06, 100|2, 77, N/A, 77.38, 100|3, 70, N/A, 185.26, 100|
22:41:49 0, 79, N/A, 55.61, 100|1, 74, N/A, 161.19, 90|2, 76, N/A, 101.68, 100|3, 70, N/A, 125.29, 100|
22:41:51 0, 78, N/A, 50.32, 99|1, 74, N/A, 166.57, 82|2, 76, N/A, 79.89, 82|3, 70, N/A, 115.80, 89|
22:41:53 0, 78, N/A, 114.05, 100|1, 74, N/A, 121.26, 100|2, 76, N/A, 116.43, 100|3, 70, N/A, 138.99, 100|
22:41:55 0, 79, N/A, 87.34, 100|1, 74, N/A, 140.51, 100|2, 76, N/A, 124.19, 100|3, 70, N/A, 88.10, 100|
22:41:58 0, 78, N/A, 49.62, 100|1, 73, N/A, 82.89, 85|2, 76, N/A, 94.02, 98|3, 68, N/A, 88.31, 100|
22:42:00 0, 78, N/A, 92.40, 77|1, 72, N/A, 91.20, 76|2, 75, N/A, 102.02, 76|3, 68, N/A, 86.80, 71|
22:42:02 0, 78, N/A, 89.45, 77|1, 72, N/A, 93.18, 75|2, 75, N/A, 103.96, 74|3, 68, N/A, 86.28, 71|
22:42:04 0, 78, N/A, 94.03, 62|1, 72, N/A, 88.07, 61|2, 75, N/A, 105.17, 60|3, 67, N/A, 90.48, 58|
22:42:06 0, 78, N/A, 89.25, 77|1, 72, N/A, 89.46, 76|2, 75, N/A, 104.93, 74|3, 67, N/A, 87.69, 72|
22:42:08 0, 78, N/A, 89.98, 78|1, 72, N/A, 89.99, 77|2, 75, N/A, 111.47, 75|3, 67, N/A, 89.28, 73|
22:42:10 0, 78, N/A, 91.63, 76|1, 71, N/A, 91.19, 77|2, 75, N/A, 106.31, 74|3, 67, N/A, 85.40, 72|
22:42:12 0, 78, N/A, 89.99, 77|1, 71, N/A, 88.35, 76|2, 75, N/A, 102.70, 75|3, 67, N/A, 89.23, 72|
22:42:14 0, 78, N/A, 90.33, 75|1, 71, N/A, 91.17, 76|2, 75, N/A, 101.48, 72|3, 67, N/A, 86.07, 69|
22:42:16 0, 78, N/A, 91.49, 78|1, 71, N/A, 89.31, 77|2, 75, N/A, 99.37, 75|3, 67, N/A, 87.49, 72|
22:42:18 0, 78, N/A, 92.16, 77|1, 71, N/A, 90.68, 77|2, 75, N/A, 103.53, 74|3, 67, N/A, 84.15, 72|
22:42:20 0, 78, N/A, 90.04, 77|1, 71, N/A, 89.03, 77|2, 75, N/A, 103.58, 75|3, 67, N/A, 86.08, 72|
22:42:23 0, 78, N/A, 91.88, 76|1, 70, N/A, 91.75, 76|2, 75, N/A, 100.81, 74|3, 67, N/A, 87.29, 71|
22:42:25 0, 78, N/A, 59.41, 82|1, 71, N/A, 191.60, 81|2, 76, N/A, 69.49, 81|3, 69, N/A, 171.63, 81|
22:42:27 0, 79, N/A, 89.03, 100|1, 72, N/A, 129.91, 100|2, 76, N/A, 134.84, 100|3, 70, N/A, 101.87, 100|
22:42:29 0, 78, N/A, 59.52, 100|1, 71, N/A, 166.01, 100|2, 76, N/A, 80.58, 100|3, 68, N/A, 188.02, 100|
22:42:31 0, 79, N/A, 141.00, 100|1, 71, N/A, 58.81, 100|2, 78, N/A, 148.38, 100|3, 69, N/A, 55.21, 100|
22:42:33 0, 79, N/A, 180.52, 100|1, 71, N/A, 58.76, 100|2, 77, N/A, 187.45, 100|3, 69, N/A, 55.03, 100|
22:42:35 0, 78, N/A, 96.79, 100|1, 72, N/A, 141.64, 100|2, 77, N/A, 113.91, 100|3, 70, N/A, 131.18, 100|
22:42:37 0, 79, N/A, 101.47, 81|1, 71, N/A, 95.19, 81|2, 77, N/A, 150.57, 81|3, 69, N/A, 124.53, 100|
22:42:39 0, 79, N/A, 164.39, 100|1, 72, N/A, 57.55, 100|2, 78, N/A, 181.82, 100|3, 69, N/A, 55.97, 100|
22:42:41 0, 79, N/A, 122.89, 100|1, 73, N/A, 126.13, 100|2, 77, N/A, 120.04, 100|3, 70, N/A, 144.78, 100|
22:42:43 0, 78, N/A, 94.58, 94|1, 71, N/A, 58.67, 100|2, 78, N/A, 133.64, 88|3, 69, N/A, 76.16, 80|
22:42:46 0, 78, N/A, 89.79, 100|1, 73, N/A, 124.28, 100|2, 77, N/A, 145.25, 100|3, 70, N/A, 99.28, 100|
22:42:48 0, 79, N/A, 104.63, 100|1, 72, N/A, 126.63, 100|2, 78, N/A, 113.84, 100|3, 69, N/A, 127.85, 100|
22:42:50 0, 79, N/A, 163.79, 100|1, 72, N/A, 70.74, 100|2, 78, N/A, 200.20, 100|3, 70, N/A, 61.22, 100|
22:42:52 0, 79, N/A, 65.10, 100|1, 72, N/A, 57.13, 100|2, 78, N/A, 77.84, 100|3, 69, N/A, 53.09, 92|
22:42:54 0, 79, N/A, 64.00, 100|1, 72, N/A, 174.90, 100|2, 78, N/A, 79.52, 100|3, 69, N/A, 186.71, 100|
22:42:56 0, 78, N/A, 86.90, 100|1, 73, N/A, 118.59, 100|2, 77, N/A, 142.93, 100|3, 70, N/A, 97.43, 100|
22:42:58 0, 78, N/A, 113.32, 100|1, 73, N/A, 110.17, 100|2, 77, N/A, 154.10, 100|3, 69, N/A, 92.83, 100|
22:43:00 0, 79, N/A, 161.15, 100|1, 73, N/A, 70.00, 100|2, 77, N/A, 199.82, 100|3, 69, N/A, 61.18, 100|
22:43:02 0, 79, N/A, 183.88, 94|1, 73, N/A, 58.90, 83|2, 78, N/A, 216.16, 79|3, 68, N/A, 53.47, 79|
22:43:04 0, 80, N/A, 89.51, 100|1, 72, N/A, 131.35, 100|2, 78, N/A, 129.13, 100|3, 68, N/A, 90.98, 100|
22:43:07 0, 79, N/A, 68.11, 100|1, 72, N/A, 177.30, 100|2, 78, N/A, 79.80, 100|3, 69, N/A, 188.39, 100|
22:43:09 0, 78, N/A, 50.54, 100|1, 72, N/A, 116.22, 79|2, 77, N/A, 100.65, 91|3, 68, N/A, 111.17, 100|
22:43:11 0, 78, N/A, 134.31, 100|1, 73, N/A, 85.47, 100|2, 77, N/A, 181.29, 100|3, 69, N/A, 69.90, 100|
22:43:13 0, 78, N/A, 49.84, 100|1, 74, N/A, 165.92, 79|2, 77, N/A, 71.88, 79|3, 69, N/A, 136.28, 79|
22:43:15 0, 79, N/A, 55.85, 100|1, 74, N/A, 167.49, 100|2, 77, N/A, 72.11, 100|3, 70, N/A, 161.94, 100|
22:43:17 0, 79, N/A, 143.39, 100|1, 72, N/A, 57.79, 100|2, 78, N/A, 202.01, 95|3, 68, N/A, 52.39, 87|
22:43:19 0, 78, N/A, 114.92, 100|1, 73, N/A, 102.53, 100|2, 77, N/A, 151.31, 100|3, 69, N/A, 86.56, 100|
22:43:21 0, 79, N/A, 54.34, 100|1, 73, N/A, 195.55, 100|2, 77, N/A, 71.58, 100|3, 69, N/A, 188.37, 100|
22:43:23 0, 79, N/A, 58.92, 100|1, 73, N/A, 192.91, 100|2, 77, N/A, 72.99, 100|3, 69, N/A, 197.06, 100|
22:43:25 0, 79, N/A, 110.20, 100|1, 72, N/A, 109.90, 100|2, 78, N/A, 107.31, 100|3, 68, N/A, 136.10, 100|
22:43:28 0, 79, N/A, 174.74, 100|1, 73, N/A, 58.21, 100|2, 78, N/A, 217.27, 100|3, 68, N/A, 52.54, 100|
22:43:30 0, 79, N/A, 54.10, 100|1, 73, N/A, 195.91, 100|2, 77, N/A, 71.34, 100|3, 69, N/A, 195.98, 100|
22:43:32 0, 80, N/A, 140.69, 100|1, 72, N/A, 63.88, 100|2, 78, N/A, 134.75, 100|3, 68, N/A, 53.27, 100|
22:43:34 0, 78, N/A, 70.57, 100|1, 73, N/A, 140.02, 100|2, 77, N/A, 133.84, 100|3, 69, N/A, 101.87, 100|
22:43:36 0, 78, N/A, 99.36, 100|1, 72, N/A, 61.52, 100|2, 78, N/A, 145.60, 100|3, 68, N/A, 95.78, 100|
22:43:38 0, 78, N/A, 53.85, 100|1, 73, N/A, 193.05, 100|2, 77, N/A, 73.56, 100|3, 70, N/A, 167.18, 100|
22:43:40 0, 79, N/A, 154.69, 100|1, 71, N/A, 106.03, 100|2, 79, N/A, 130.35, 100|3, 68, N/A, 125.57, 100|
22:43:42 0, 78, N/A, 92.72, 100|1, 73, N/A, 144.84, 100|2, 77, N/A, 131.14, 100|3, 69, N/A, 109.52, 100|
22:43:44 0, 79, N/A, 142.65, 100|1, 71, N/A, 130.92, 100|2, 78, N/A, 114.18, 100|3, 68, N/A, 142.11, 100|
22:43:46 0, 78, N/A, 102.94, 100|1, 72, N/A, 135.66, 100|2, 77, N/A, 104.67, 100|3, 69, N/A, 146.82, 100|
22:43:49 0, 79, N/A, 98.81, 100|1, 71, N/A, 146.60, 100|2, 78, N/A, 98.07, 100|3, 68, N/A, 165.52, 100|
22:43:51 0, 78, N/A, 106.32, 100|1, 72, N/A, 138.79, 100|2, 77, N/A, 110.81, 100|3, 69, N/A, 140.91, 100|
22:43:53 0, 79, N/A, 129.31, 100|1, 71, N/A, 127.52, 100|2, 78, N/A, 124.05, 100|3, 67, N/A, 119.73, 100|
22:43:55 0, 79, N/A, 56.47, 100|1, 72, N/A, 195.18, 100|2, 77, N/A, 71.29, 100|3, 69, N/A, 198.25, 100|
22:43:57 0, 79, N/A, 175.58, 100|1, 72, N/A, 61.10, 100|2, 77, N/A, 212.56, 100|3, 68, N/A, 53.47, 100|
22:43:59 0, 79, N/A, 163.08, 77|1, 71, N/A, 59.01, 100|2, 78, N/A, 169.46, 100|3, 67, N/A, 53.09, 100|
22:44:01 0, 79, N/A, 59.61, 100|1, 72, N/A, 193.02, 100|2, 77, N/A, 72.49, 100|3, 68, N/A, 197.53, 100|
22:44:03 0, 78, N/A, 88.82, 100|1, 71, N/A, 60.65, 100|2, 78, N/A, 99.00, 100|3, 67, N/A, 52.08, 100|
22:44:05 0, 79, N/A, 121.68, 100|1, 71, N/A, 129.37, 100|2, 77, N/A, 106.14, 100|3, 67, N/A, 146.71, 100|
22:44:07 0, 78, N/A, 57.99, 100|1, 72, N/A, 164.23, 100|2, 77, N/A, 72.59, 100|3, 69, N/A, 164.54, 100|
22:44:10 0, 78, N/A, 93.63, 100|1, 71, N/A, 121.49, 100|2, 77, N/A, 137.29, 100|3, 69, N/A, 102.09, 100|
22:44:12 0, 78, N/A, 168.86, 100|1, 71, N/A, 69.51, 100|2, 77, N/A, 200.17, 100|3, 68, N/A, 60.21, 100|
22:44:14 0, 78, N/A, 190.37, 94|1, 70, N/A, 59.85, 75|2, 77, N/A, 213.38, 100|3, 68, N/A, 54.40, 100|
22:44:16 0, 79, N/A, 198.16, 100|1, 70, N/A, 55.99, 100|2, 78, N/A, 218.05, 100|3, 68, N/A, 52.44, 100|
22:44:18 0, 79, N/A, 166.68, 100|1, 69, N/A, 57.99, 100|2, 79, N/A, 185.37, 100|3, 67, N/A, 53.02, 100|
22:44:20 0, 79, N/A, 183.73, 100|1, 69, N/A, 55.34, 100|2, 78, N/A, 181.28, 100|3, 67, N/A, 52.99, 100|
22:44:22 0, 79, N/A, 198.51, 100|1, 69, N/A, 55.51, 100|2, 78, N/A, 217.36, 100|3, 67, N/A, 51.98, 100|
22:44:24 0, 78, N/A, 182.68, 75|1, 70, N/A, 58.65, 100|2, 77, N/A, 212.80, 100|3, 68, N/A, 53.96, 97|
22:44:26 0, 79, N/A, 195.29, 100|1, 70, N/A, 57.20, 100|2, 78, N/A, 215.44, 100|3, 67, N/A, 52.95, 100|
22:44:28 0, 78, N/A, 136.89, 100|1, 71, N/A, 86.80, 100|2, 76, N/A, 184.14, 100|3, 68, N/A, 69.89, 100|
22:44:30 0, 78, N/A, 49.99, 100|1, 71, N/A, 193.98, 100|2, 76, N/A, 70.57, 100|3, 68, N/A, 197.29, 100|
22:44:32 0, 79, N/A, 71.16, 100|1, 70, N/A, 174.63, 100|2, 77, N/A, 79.70, 100|3, 67, N/A, 185.85, 100|
22:44:35 0, 80, N/A, 162.95, 100|1, 70, N/A, 60.25, 100|2, 78, N/A, 136.59, 100|3, 67, N/A, 54.86, 100|
22:44:37 0, 78, N/A, 173.43, 100|1, 70, N/A, 62.75, 100|2, 77, N/A, 206.18, 100|3, 68, N/A, 56.34, 100|
22:44:39 0, 78, N/A, 94.39, 100|1, 71, N/A, 124.99, 100|2, 76, N/A, 138.41, 100|3, 68, N/A, 97.45, 100|
22:44:41 0, 79, N/A, 70.92, 74|1, 69, N/A, 176.79, 97|2, 77, N/A, 77.77, 100|3, 67, N/A, 187.29, 100|
22:44:43 0, 80, N/A, 164.20, 100|1, 69, N/A, 56.54, 100|2, 78, N/A, 183.46, 100|3, 67, N/A, 52.30, 100|
22:44:45 0, 78, N/A, 181.96, 100|1, 69, N/A, 62.27, 100|2, 77, N/A, 206.54, 100|3, 68, N/A, 56.58, 100|
22:44:47 0, 78, N/A, 58.65, 74|1, 69, N/A, 192.30, 100|2, 77, N/A, 70.57, 74|3, 68, N/A, 198.37, 74|
22:44:49 0, 79, N/A, 131.54, 100|1, 68, N/A, 110.17, 100|2, 78, N/A, 117.45, 100|3, 67, N/A, 125.41, 100|
22:44:51 0, 78, N/A, 140.16, 100|1, 69, N/A, 81.54, 100|2, 77, N/A, 179.88, 100|3, 68, N/A, 65.74, 100|
22:44:53 0, 78, N/A, 66.61, 100|1, 68, N/A, 180.30, 81|2, 77, N/A, 76.12, 90|3, 68, N/A, 190.93, 100|
22:44:55 0, 79, N/A, 198.77, 100|1, 68, N/A, 54.34, 100|2, 78, N/A, 218.32, 100|3, 68, N/A, 52.01, 100|
22:44:57 0, 78, N/A, 59.22, 100|1, 69, N/A, 160.29, 100|2, 77, N/A, 71.64, 100|3, 69, N/A, 166.17, 100|
22:45:00 0, 79, N/A, 69.92, 100|1, 67, N/A, 54.42, 100|2, 78, N/A, 79.74, 100|3, 67, N/A, 52.57, 92|
22:45:02 0, 78, N/A, 116.89, 100|1, 69, N/A, 97.19, 100|2, 77, N/A, 148.55, 100|3, 69, N/A, 118.45, 100|
22:45:04 0, 79, N/A, 146.44, 100|1, 67, N/A, 89.81, 100|2, 79, N/A, 142.60, 100|3, 67, N/A, 131.99, 100|
22:45:06 0, 78, N/A, 106.43, 100|1, 69, N/A, 126.34, 100|2, 77, N/A, 141.65, 100|3, 69, N/A, 94.89, 100|
22:45:08 0, 79, N/A, 106.47, 100|1, 68, N/A, 106.08, 100|2, 79, N/A, 157.07, 100|3, 67, N/A, 93.08, 100|
22:45:10 0, 78, N/A, 127.90, 100|1, 68, N/A, 54.17, 100|2, 78, N/A, 218.13, 100|3, 67, N/A, 51.84, 100|
22:45:12 0, 79, N/A, 111.61, 100|1, 68, N/A, 136.02, 100|2, 78, N/A, 102.61, 100|3, 67, N/A, 152.06, 100|
22:45:14 0, 78, N/A, 102.25, 100|1, 69, N/A, 118.39, 100|2, 77, N/A, 148.72, 100|3, 68, N/A, 96.38, 100|
22:45:16 0, 79, N/A, 173.53, 100|1, 68, N/A, 54.58, 100|2, 78, N/A, 218.82, 100|3, 67, N/A, 51.56, 100|
22:45:18 0, 78, N/A, 57.43, 100|1, 69, N/A, 193.26, 100|2, 77, N/A, 70.57, 100|3, 68, N/A, 196.09, 100|
22:45:20 0, 79, N/A, 194.81, 100|1, 68, N/A, 56.27, 100|2, 78, N/A, 215.20, 100|3, 68, N/A, 52.99, 100|
22:45:23 0, 78, N/A, 99.09, 100|1, 69, N/A, 135.03, 100|2, 77, N/A, 118.90, 100|3, 68, N/A, 124.00, 100|
22:45:25 0, 78, N/A, 102.18, 89|1, 67, N/A, 97.78, 90|2, 77, N/A, 114.17, 89|3, 66, N/A, 94.39, 89|
22:45:27 0, 78, N/A, 102.60, 89|1, 67, N/A, 101.79, 90|2, 76, N/A, 118.64, 89|3, 66, N/A, 98.94, 88|
22:45:29 0, 78, N/A, 106.77, 89|1, 67, N/A, 100.44, 90|2, 76, N/A, 118.41, 88|3, 66, N/A, 100.78, 89|
22:45:31 0, 78, N/A, 110.56, 89|1, 67, N/A, 93.46, 90|2, 76, N/A, 110.30, 89|3, 66, N/A, 97.97, 89|
22:45:33 0, 78, N/A, 102.24, 89|1, 67, N/A, 96.64, 90|2, 76, N/A, 113.93, 89|3, 66, N/A, 93.65, 89|
22:45:35 0, 78, N/A, 104.91, 89|1, 67, N/A, 101.16, 90|2, 76, N/A, 120.40, 89|3, 66, N/A, 95.30, 89|
22:45:37 0, 78, N/A, 104.04, 89|1, 67, N/A, 97.82, 89|2, 76, N/A, 124.46, 89|3, 66, N/A, 90.27, 89|
22:45:39 0, 78, N/A, 103.80, 89|1, 67, N/A, 101.07, 90|2, 76, N/A, 117.50, 89|3, 66, N/A, 97.78, 89|
22:45:41 0, 78, N/A, 108.82, 89|1, 67, N/A, 96.07, 90|2, 76, N/A, 110.37, 89|3, 66, N/A, 92.45, 89|
22:45:43 0, 78, N/A, 106.08, 89|1, 67, N/A, 102.73, 90|2, 76, N/A, 119.49, 89|3, 66, N/A, 98.94, 89|
22:45:45 0, 78, N/A, 104.30, 89|1, 67, N/A, 100.31, 90|2, 76, N/A, 114.89, 89|3, 66, N/A, 96.86, 89|
22:45:48 0, 78, N/A, 99.92, 89|1, 67, N/A, 98.86, 90|2, 76, N/A, 117.86, 89|3, 66, N/A, 102.72, 89|
22:45:50 0, 78, N/A, 105.80, 89|1, 67, N/A, 97.03, 90|2, 76, N/A, 113.68, 89|3, 66, N/A, 94.91, 89|
22:45:52 0, 76, N/A, 55.49, 0|1, 65, N/A, 51.60, 0|2, 74, N/A, 66.97, 0|3, 64, N/A, 49.22, 0|
22:45:54 0, 77, N/A, 135.23, 93|1, 66, N/A, 85.33, 100|2, 75, N/A, 148.67, 100|3, 65, N/A, 102.53, 100|
22:45:56 0, 76, N/A, 111.01, 41|1, 65, N/A, 89.35, 57|2, 74, N/A, 144.25, 46|3, 64, N/A, 111.67, 37|
22:45:58 0, 78, N/A, 127.47, 98|1, 67, N/A, 96.96, 100|2, 76, N/A, 159.43, 100|3, 66, N/A, 90.12, 100|
22:46:00 0, 76, N/A, 80.18, 38|1, 65, N/A, 102.20, 57|2, 74, N/A, 138.93, 55|3, 65, N/A, 84.31, 30|
22:46:02 0, 78, N/A, 147.45, 93|1, 67, N/A, 111.38, 100|2, 77, N/A, 126.17, 100|3, 67, N/A, 130.29, 100|
22:46:04 0, 78, N/A, 136.10, 100|1, 67, N/A, 89.98, 100|2, 77, N/A, 164.04, 100|3, 68, N/A, 77.91, 100|
22:46:06 0, 78, N/A, 155.07, 100|1, 67, N/A, 78.97, 100|2, 77, N/A, 177.54, 100|3, 68, N/A, 68.72, 100|
22:46:08 0, 78, N/A, 94.02, 100|1, 67, N/A, 122.25, 100|2, 77, N/A, 136.75, 100|3, 68, N/A, 101.99, 100|
22:46:10 0, 78, N/A, 78.37, 61|1, 67, N/A, 72.51, 37|2, 77, N/A, 89.84, 45|3, 66, N/A, 71.38, 60|
22:46:13 0, 77, N/A, 75.12, 11|1, 65, N/A, 71.29, 23|2, 75, N/A, 87.16, 15|3, 65, N/A, 69.48, 10|
22:46:15 0, 77, N/A, 75.65, 56|1, 65, N/A, 71.05, 55|2, 75, N/A, 91.29, 54|3, 65, N/A, 73.32, 49|
22:46:17 0, 77, N/A, 80.29, 56|1, 65, N/A, 72.74, 57|2, 74, N/A, 88.58, 55|3, 64, N/A, 70.90, 49|
22:46:19 0, 76, N/A, 77.35, 56|1, 65, N/A, 71.01, 57|2, 74, N/A, 86.67, 54|3, 64, N/A, 69.48, 49|
22:46:21 0, 76, N/A, 75.41, 57|1, 65, N/A, 71.06, 56|2, 73, N/A, 86.19, 55|3, 64, N/A, 73.40, 49|
22:46:23 0, 76, N/A, 74.45, 56|1, 65, N/A, 70.37, 57|2, 73, N/A, 85.51, 55|3, 63, N/A, 68.80, 49|
22:46:25 0, 76, N/A, 76.91, 56|1, 64, N/A, 72.06, 56|2, 73, N/A, 86.49, 55|3, 63, N/A, 69.76, 49|
22:46:27 0, 76, N/A, 77.20, 55|1, 64, N/A, 70.09, 57|2, 73, N/A, 87.71, 55|3, 63, N/A, 67.82, 48|
22:46:29 0, 76, N/A, 76.60, 56|1, 64, N/A, 70.57, 55|2, 73, N/A, 87.21, 54|3, 63, N/A, 69.51, 49|
22:46:31 0, 75, N/A, 75.22, 56|1, 64, N/A, 73.28, 57|2, 73, N/A, 89.36, 55|3, 63, N/A, 68.55, 49|
22:46:33 0, 75, N/A, 74.73, 56|1, 64, N/A, 69.41, 57|2, 73, N/A, 88.43, 55|3, 64, N/A, 70.01, 49|
22:46:35 0, 75, N/A, 75.91, 56|1, 64, N/A, 71.83, 57|2, 73, N/A, 86.24, 55|3, 64, N/A, 69.77, 50|
22:46:37 0, 75, N/A, 73.77, 56|1, 63, N/A, 72.28, 57|2, 73, N/A, 86.97, 54|3, 64, N/A, 68.52, 49|
22:46:40 0, 75, N/A, 74.53, 56|1, 63, N/A, 71.63, 57|2, 73, N/A, 86.45, 55|3, 64, N/A, 68.31, 49|
22:46:42 0, 75, N/A, 79.88, 56|1, 63, N/A, 68.88, 57|2, 73, N/A, 86.94, 54|3, 64, N/A, 71.75, 49|
22:46:44 0, 75, N/A, 74.25, 56|1, 63, N/A, 68.92, 56|2, 73, N/A, 85.76, 55|3, 64, N/A, 68.55, 49|
22:46:46 0, 75, N/A, 74.53, 55|1, 63, N/A, 71.58, 56|2, 73, N/A, 88.92, 54|3, 64, N/A, 71.19, 48|
22:46:48 0, 75, N/A, 73.53, 44|1, 63, N/A, 67.95, 43|2, 73, N/A, 85.52, 43|3, 64, N/A, 72.47, 39|
22:46:50 0, 75, N/A, 73.53, 55|1, 63, N/A, 67.46, 57|2, 74, N/A, 90.58, 55|3, 64, N/A, 72.72, 48|
22:46:52 0, 74, N/A, 79.15, 56|1, 63, N/A, 69.65, 56|2, 73, N/A, 86.98, 55|3, 64, N/A, 71.23, 49|
22:46:54 0, 74, N/A, 74.25, 43|1, 63, N/A, 68.44, 53|2, 73, N/A, 85.81, 55|3, 64, N/A, 67.82, 38|
22:46:56 0, 74, N/A, 74.00, 56|1, 62, N/A, 69.20, 56|2, 74, N/A, 89.85, 55|3, 64, N/A, 68.52, 49|
22:46:58 0, 74, N/A, 73.77, 54|1, 62, N/A, 67.95, 55|2, 74, N/A, 85.33, 53|3, 64, N/A, 69.07, 48|
22:47:00 0, 74, N/A, 71.38, 55|1, 62, N/A, 67.99, 44|2, 73, N/A, 84.31, 44|3, 64, N/A, 67.58, 45|
22:47:02 0, 74, N/A, 75.46, 56|1, 62, N/A, 68.96, 57|2, 74, N/A, 86.01, 55|3, 64, N/A, 69.28, 49|
22:47:05 0, 74, N/A, 73.48, 56|1, 62, N/A, 69.41, 57|2, 73, N/A, 85.72, 54|3, 64, N/A, 70.78, 49|
22:47:07 0, 74, N/A, 72.12, 56|1, 62, N/A, 61.72, 56|2, 73, N/A, 75.46, 55|3, 64, N/A, 55.78, 49|
22:47:09 0, 74, N/A, 74.25, 56|1, 62, N/A, 67.95, 56|2, 73, N/A, 85.76, 55|3, 64, N/A, 71.23, 49|
22:47:11 0, 74, N/A, 73.53, 56|1, 62, N/A, 68.96, 56|2, 73, N/A, 92.04, 55|3, 64, N/A, 72.97, 49|
22:47:13 0, 74, N/A, 66.12, 63|1, 62, N/A, 57.62, 99|2, 74, N/A, 74.00, 99|3, 64, N/A, 54.10, 53|
22:47:15 0, 74, N/A, 75.26, 56|1, 62, N/A, 67.46, 56|2, 74, N/A, 86.54, 55|3, 64, N/A, 69.07, 49|
22:47:17 0, 74, N/A, 73.52, 56|1, 62, N/A, 67.50, 56|2, 74, N/A, 85.52, 54|3, 64, N/A, 68.52, 49|
22:47:19 0, 74, N/A, 74.29, 56|1, 62, N/A, 68.68, 55|2, 74, N/A, 87.76, 55|3, 64, N/A, 69.56, 49|
22:47:21 0, 74, N/A, 78.66, 56|1, 62, N/A, 70.42, 57|2, 74, N/A, 86.45, 55|3, 64, N/A, 69.78, 49|
22:47:23 0, 74, N/A, 74.01, 56|1, 62, N/A, 68.69, 56|2, 74, N/A, 86.25, 55|3, 64, N/A, 69.53, 49|
22:47:25 0, 74, N/A, 73.57, 56|1, 62, N/A, 68.23, 56|2, 74, N/A, 87.70, 55|3, 64, N/A, 68.76, 49|
22:47:27 0, 74, N/A, 78.90, 56|1, 62, N/A, 71.14, 57|2, 74, N/A, 89.22, 54|3, 64, N/A, 69.29, 49|
22:47:30 0, 74, N/A, 74.29, 56|1, 62, N/A, 67.26, 57|2, 74, N/A, 87.26, 55|3, 64, N/A, 68.28, 49|
22:47:32 0, 74, N/A, 74.50, 56|1, 62, N/A, 67.99, 57|2, 74, N/A, 86.06, 54|3, 64, N/A, 71.51, 49|
22:47:34 0, 74, N/A, 74.98, 49|1, 62, N/A, 67.75, 55|2, 74, N/A, 85.76, 52|3, 64, N/A, 69.29, 45|
22:47:36 0, 74, N/A, 73.32, 55|1, 62, N/A, 68.51, 57|2, 74, N/A, 87.27, 55|3, 64, N/A, 69.80, 49|
22:47:38 0, 74, N/A, 75.03, 56|1, 62, N/A, 67.26, 56|2, 74, N/A, 85.76, 55|3, 64, N/A, 69.28, 49|
22:47:40 0, 74, N/A, 75.22, 56|1, 62, N/A, 67.46, 57|2, 74, N/A, 87.22, 55|3, 64, N/A, 70.02, 49|
22:47:42 0, 74, N/A, 72.80, 57|1, 62, N/A, 67.46, 55|2, 74, N/A, 86.74, 54|3, 64, N/A, 69.57, 49|
22:47:44 0, 73, N/A, 53.13, 0|1, 61, N/A, 48.29, 0|2, 73, N/A, 65.41, 0|3, 63, N/A, 48.35, 0|
