22:47:46 0, 72, N/A, 36.89, 0|1, 60, N/A, 34.21, 0|2, 72, N/A, 43.28, 0|3, 62, N/A, 32.78, 0|
22:47:48 0, 72, N/A, 44.41, 0|1, 60, N/A, 41.22, 0|2, 71, N/A, 43.00, 0|3, 62, N/A, 32.49, 0|
22:47:50 0, 72, N/A, 45.11, 39|1, 60, N/A, 41.22, 0|2, 71, N/A, 42.73, 0|3, 61, N/A, 32.49, 0|
22:47:52 0, 72, N/A, 43.92, 0|1, 60, N/A, 41.95, 39|2, 71, N/A, 42.76, 0|3, 61, N/A, 32.25, 0|
22:47:55 0, 72, N/A, 43.96, 0|1, 60, N/A, 41.03, 0|2, 70, N/A, 42.54, 0|3, 61, N/A, 32.05, 0|
22:47:57 0, 71, N/A, 44.93, 0|1, 59, N/A, 41.03, 0|2, 70, N/A, 42.30, 0|3, 61, N/A, 32.05, 0|
22:47:59 0, 73, N/A, 100.90, 46|1, 61, N/A, 97.08, 51|2, 70, N/A, 42.40, 0|3, 61, N/A, 32.19, 0|
22:48:01 0, 73, N/A, 99.51, 45|1, 62, N/A, 88.31, 51|2, 70, N/A, 41.94, 0|3, 61, N/A, 31.94, 0|
22:48:03 0, 74, N/A, 97.08, 45|1, 62, N/A, 83.54, 51|2, 70, N/A, 42.16, 0|3, 61, N/A, 31.94, 0|
22:48:05 0, 74, N/A, 101.62, 45|1, 62, N/A, 86.21, 51|2, 70, N/A, 41.94, 0|3, 61, N/A, 31.96, 0|
22:48:07 0, 74, N/A, 106.23, 45|1, 62, N/A, 91.21, 51|2, 70, N/A, 42.16, 0|3, 61, N/A, 32.17, 0|
22:48:09 0, 74, N/A, 102.36, 46|1, 63, N/A, 95.77, 51|2, 70, N/A, 42.16, 0|3, 61, N/A, 32.19, 0|
22:48:11 0, 75, N/A, 97.99, 45|1, 63, N/A, 83.50, 51|2, 70, N/A, 42.18, 0|3, 61, N/A, 31.94, 0|
22:48:13 0, 75, N/A, 108.96, 46|1, 63, N/A, 95.33, 51|2, 70, N/A, 42.16, 0|3, 61, N/A, 31.94, 0|
22:48:15 0, 75, N/A, 103.27, 46|1, 63, N/A, 85.92, 51|2, 70, N/A, 41.92, 0|3, 61, N/A, 31.92, 0|
22:48:17 0, 77, N/A, 174.25, 72|1, 65, N/A, 166.39, 81|2, 70, N/A, 42.02, 0|3, 61, N/A, 32.06, 0|
22:48:20 0, 78, N/A, 180.98, 87|1, 66, N/A, 167.77, 100|2, 70, N/A, 42.00, 0|3, 61, N/A, 32.06, 0|
22:48:22 0, 79, N/A, 178.71, 100|1, 67, N/A, 175.61, 100|2, 70, N/A, 41.78, 0|3, 61, N/A, 32.06, 0|
22:48:24 0, 79, N/A, 171.34, 100|1, 67, N/A, 173.53, 100|2, 70, N/A, 41.78, 0|3, 61, N/A, 32.06, 0|
22:48:26 0, 79, N/A, 164.95, 100|1, 67, N/A, 168.24, 100|2, 69, N/A, 41.78, 0|3, 61, N/A, 32.04, 0|
22:48:28 0, 78, N/A, 120.75, 69|1, 67, N/A, 167.88, 69|2, 69, N/A, 41.56, 0|3, 61, N/A, 32.08, 0|
22:48:30 0, 79, N/A, 147.79, 100|1, 67, N/A, 52.75, 100|2, 69, N/A, 41.43, 0|3, 60, N/A, 31.92, 0|
22:48:32 0, 79, N/A, 131.52, 67|1, 68, N/A, 180.10, 100|2, 69, N/A, 41.29, 0|3, 61, N/A, 31.59, 0|
22:48:34 0, 79, N/A, 135.75, 100|1, 66, N/A, 52.51, 66|2, 69, N/A, 41.43, 0|3, 60, N/A, 31.92, 0|
22:48:36 0, 79, N/A, 122.92, 97|1, 68, N/A, 171.63, 100|2, 69, N/A, 41.32, 0|3, 60, N/A, 31.84, 0|
22:48:38 0, 79, N/A, 136.98, 100|1, 67, N/A, 53.00, 27|2, 69, N/A, 41.18, 0|3, 60, N/A, 31.68, 0|
22:48:40 0, 76, N/A, 53.99, 0|1, 68, N/A, 115.40, 100|2, 69, N/A, 41.21, 0|3, 60, N/A, 31.72, 0|
22:48:43 0, 77, N/A, 116.47, 47|1, 65, N/A, 93.14, 50|2, 68, N/A, 41.18, 0|3, 60, N/A, 31.92, 0|
22:48:45 0, 77, N/A, 96.76, 47|1, 65, N/A, 122.52, 50|2, 68, N/A, 41.18, 0|3, 60, N/A, 31.68, 0|
22:48:47 0, 77, N/A, 97.74, 47|1, 65, N/A, 92.42, 52|2, 68, N/A, 40.94, 0|3, 60, N/A, 31.68, 0|
22:48:49 0, 77, N/A, 111.44, 45|1, 65, N/A, 101.63, 52|2, 68, N/A, 40.94, 0|3, 60, N/A, 31.92, 0|
22:48:51 0, 77, N/A, 95.26, 44|1, 65, N/A, 93.63, 52|2, 68, N/A, 40.94, 0|3, 60, N/A, 31.92, 0|
22:48:53 0, 77, N/A, 108.35, 44|1, 65, N/A, 102.06, 49|2, 68, N/A, 40.94, 0|3, 60, N/A, 31.68, 0|
22:48:55 0, 77, N/A, 87.36, 45|1, 65, N/A, 119.70, 49|2, 68, N/A, 40.94, 0|3, 60, N/A, 31.68, 0|
22:48:57 0, 76, N/A, 109.50, 47|1, 65, N/A, 86.54, 50|2, 68, N/A, 40.94, 0|3, 60, N/A, 31.68, 0|
22:48:59 0, 77, N/A, 100.42, 47|1, 65, N/A, 108.31, 52|2, 68, N/A, 40.69, 0|3, 60, N/A, 31.68, 0|
22:49:01 0, 77, N/A, 84.94, 44|1, 65, N/A, 102.31, 51|2, 68, N/A, 40.69, 0|3, 60, N/A, 31.68, 0|
22:49:03 0, 79, N/A, 184.15, 34|1, 66, N/A, 172.45, 100|2, 68, N/A, 40.54, 0|3, 60, N/A, 31.57, 0|
22:49:05 0, 79, N/A, 140.60, 100|1, 66, N/A, 52.54, 39|2, 68, N/A, 40.70, 0|3, 60, N/A, 31.70, 0|
22:49:08 0, 79, N/A, 165.68, 19|1, 67, N/A, 167.84, 100|2, 68, N/A, 40.56, 0|3, 60, N/A, 31.84, 0|
22:49:10 0, 79, N/A, 146.18, 100|1, 68, N/A, 172.91, 100|2, 68, N/A, 40.59, 0|3, 60, N/A, 31.59, 0|
22:49:12 0, 79, N/A, 126.72, 100|1, 66, N/A, 52.30, 11|2, 68, N/A, 40.21, 0|3, 60, N/A, 31.70, 0|
22:49:14 0, 78, N/A, 133.47, 3|1, 68, N/A, 170.50, 100|2, 67, N/A, 40.35, 0|3, 60, N/A, 31.59, 0|
22:49:16 0, 79, N/A, 126.94, 55|1, 68, N/A, 187.40, 100|2, 67, N/A, 40.10, 0|3, 60, N/A, 31.59, 0|
22:49:18 0, 79, N/A, 136.52, 100|1, 69, N/A, 189.23, 100|2, 67, N/A, 40.32, 0|3, 60, N/A, 31.59, 0|
22:49:20 0, 79, N/A, 124.53, 100|1, 69, N/A, 181.26, 100|2, 67, N/A, 40.10, 0|3, 60, N/A, 31.60, 0|
22:49:22 0, 79, N/A, 120.90, 100|1, 69, N/A, 56.65, 100|2, 67, N/A, 40.21, 0|3, 60, N/A, 31.45, 0|
22:49:24 0, 80, N/A, 142.70, 100|1, 67, N/A, 53.72, 91|2, 67, N/A, 39.94, 0|3, 60, N/A, 31.68, 0|
22:49:26 0, 79, N/A, 117.57, 100|1, 67, N/A, 53.52, 0|2, 67, N/A, 39.99, 0|3, 60, N/A, 31.70, 0|
22:49:29 0, 79, N/A, 125.42, 100|1, 67, N/A, 53.72, 0|2, 67, N/A, 39.96, 0|3, 60, N/A, 31.45, 0|
22:49:31 0, 79, N/A, 109.00, 100|1, 67, N/A, 112.09, 0|2, 67, N/A, 39.94, 0|3, 59, N/A, 31.41, 0|
22:49:33 0, 79, N/A, 53.68, 73|1, 68, N/A, 187.68, 38|2, 67, N/A, 39.91, 0|3, 59, N/A, 31.39, 0|
22:49:35 0, 79, N/A, 142.55, 100|1, 65, N/A, 52.30, 0|2, 67, N/A, 39.99, 0|3, 59, N/A, 31.45, 0|
22:49:37 0, 77, N/A, 112.11, 46|1, 67, N/A, 88.29, 49|2, 66, N/A, 39.70, 0|3, 59, N/A, 31.43, 0|
22:49:39 0, 78, N/A, 117.68, 45|1, 66, N/A, 86.11, 49|2, 67, N/A, 39.70, 0|3, 59, N/A, 31.43, 0|
22:49:41 0, 78, N/A, 92.89, 45|1, 66, N/A, 128.33, 50|2, 66, N/A, 39.72, 0|3, 59, N/A, 31.43, 0|
22:49:43 0, 78, N/A, 83.96, 47|1, 66, N/A, 109.93, 49|2, 66, N/A, 39.70, 0|3, 59, N/A, 31.43, 0|
22:49:45 0, 77, N/A, 82.50, 47|1, 66, N/A, 109.28, 49|2, 66, N/A, 39.70, 0|3, 59, N/A, 31.43, 0|
22:49:47 0, 77, N/A, 103.50, 47|1, 66, N/A, 93.63, 49|2, 66, N/A, 39.45, 0|3, 59, N/A, 31.43, 0|
22:49:49 0, 77, N/A, 118.09, 47|1, 66, N/A, 86.11, 52|2, 66, N/A, 39.48, 0|3, 59, N/A, 31.43, 0|
22:49:51 0, 77, N/A, 85.42, 45|1, 66, N/A, 119.19, 49|2, 66, N/A, 39.48, 0|3, 59, N/A, 31.43, 0|
22:49:54 0, 77, N/A, 107.63, 46|1, 66, N/A, 111.46, 50|2, 66, N/A, 39.48, 0|3, 59, N/A, 31.43, 0|
22:49:56 0, 77, N/A, 93.18, 48|1, 65, N/A, 126.57, 52|2, 66, N/A, 39.48, 0|3, 59, N/A, 31.43, 0|
22:49:58 0, 77, N/A, 115.57, 45|1, 66, N/A, 103.51, 49|2, 66, N/A, 39.45, 0|3, 59, N/A, 31.43, 0|
22:50:00 0, 77, N/A, 106.84, 48|1, 66, N/A, 90.19, 52|2, 66, N/A, 39.48, 0|3, 59, N/A, 31.43, 0|
22:50:02 0, 80, N/A, 199.28, 100|1, 67, N/A, 176.45, 100|2, 66, N/A, 39.32, 0|3, 59, N/A, 31.33, 0|
22:50:04 0, 79, N/A, 144.65, 100|1, 68, N/A, 166.18, 100|2, 66, N/A, 39.35, 0|3, 59, N/A, 31.33, 0|
22:50:06 0, 79, N/A, 145.37, 100|1, 68, N/A, 172.10, 100|2, 66, N/A, 39.37, 0|3, 59, N/A, 31.35, 0|
22:50:08 0, 79, N/A, 148.89, 100|1, 68, N/A, 188.12, 100|2, 66, N/A, 39.32, 0|3, 59, N/A, 31.33, 0|
22:50:10 0, 79, N/A, 127.67, 100|1, 68, N/A, 172.10, 100|2, 65, N/A, 39.11, 0|3, 59, N/A, 31.35, 0|
22:50:12 0, 79, N/A, 146.97, 100|1, 68, N/A, 173.29, 100|2, 65, N/A, 39.11, 0|3, 59, N/A, 31.33, 0|
22:50:14 0, 79, N/A, 132.18, 54|1, 68, N/A, 173.32, 100|2, 65, N/A, 39.13, 0|3, 59, N/A, 31.35, 0|
22:50:17 0, 78, N/A, 170.85, 31|1, 67, N/A, 184.52, 100|2, 65, N/A, 39.08, 0|3, 59, N/A, 31.31, 0|
22:50:19 0, 78, N/A, 53.19, 60|1, 67, N/A, 172.06, 48|2, 65, N/A, 38.96, 0|3, 59, N/A, 31.43, 0|
22:50:21 0, 79, N/A, 106.84, 100|1, 66, N/A, 135.44, 0|2, 65, N/A, 38.96, 0|3, 59, N/A, 31.43, 0|
22:50:23 0, 79, N/A, 132.20, 100|1, 67, N/A, 53.48, 77|2, 65, N/A, 38.74, 0|3, 59, N/A, 31.43, 0|
22:50:25 0, 79, N/A, 128.88, 100|1, 69, N/A, 176.43, 100|2, 65, N/A, 38.89, 0|3, 59, N/A, 31.35, 0|
22:50:27 0, 79, N/A, 132.51, 100|1, 69, N/A, 177.86, 100|2, 65, N/A, 38.89, 0|3, 59, N/A, 31.35, 0|
22:50:29 0, 79, N/A, 153.00, 60|1, 69, N/A, 172.81, 100|2, 65, N/A, 38.86, 0|3, 59, N/A, 31.35, 0|
22:50:31 0, 79, N/A, 62.39, 100|1, 67, N/A, 160.07, 0|2, 65, N/A, 38.70, 0|3, 59, N/A, 31.41, 0|
22:50:33 0, 79, N/A, 148.16, 100|1, 68, N/A, 59.28, 94|2, 64, N/A, 38.48, 0|3, 59, N/A, 31.19, 0|
22:50:35 0, 79, N/A, 144.64, 100|1, 69, N/A, 175.59, 100|2, 64, N/A, 38.38, 0|3, 59, N/A, 31.33, 0|
22:50:37 0, 79, N/A, 142.54, 19|1, 68, N/A, 173.90, 100|2, 64, N/A, 38.38, 0|3, 59, N/A, 31.33, 0|
22:50:40 0, 78, N/A, 53.65, 73|1, 67, N/A, 191.77, 6|2, 64, N/A, 38.45, 0|3, 59, N/A, 31.17, 0|
22:50:42 0, 79, N/A, 130.76, 100|1, 67, N/A, 54.94, 78|2, 64, N/A, 38.50, 0|3, 59, N/A, 31.21, 0|
22:50:44 0, 79, N/A, 130.49, 100|1, 68, N/A, 189.93, 100|2, 64, N/A, 38.38, 0|3, 59, N/A, 31.11, 0|
22:50:46 0, 78, N/A, 134.84, 32|1, 68, N/A, 183.44, 100|2, 64, N/A, 38.38, 0|3, 59, N/A, 31.09, 0|
22:50:48 0, 80, N/A, 149.61, 100|1, 66, N/A, 53.20, 43|2, 64, N/A, 38.26, 0|3, 59, N/A, 31.19, 0|
22:50:50 0, 78, N/A, 135.30, 100|1, 68, N/A, 192.22, 100|2, 64, N/A, 38.38, 0|3, 59, N/A, 31.09, 0|
22:50:52 0, 77, N/A, 112.35, 7|1, 68, N/A, 177.31, 59|2, 64, N/A, 38.16, 0|3, 59, N/A, 31.11, 0|
22:50:54 0, 79, N/A, 147.78, 100|1, 66, N/A, 53.72, 56|2, 64, N/A, 38.26, 0|3, 58, N/A, 31.19, 0|
22:50:56 0, 79, N/A, 143.42, 100|1, 68, N/A, 188.25, 100|2, 64, N/A, 38.13, 0|3, 59, N/A, 31.09, 0|
22:50:58 0, 78, N/A, 140.37, 37|1, 68, N/A, 190.67, 100|2, 64, N/A, 38.13, 0|3, 58, N/A, 31.09, 0|
22:51:00 0, 79, N/A, 140.77, 100|1, 66, N/A, 53.24, 0|2, 64, N/A, 38.26, 0|3, 58, N/A, 31.19, 0|
22:51:03 0, 79, N/A, 133.87, 100|1, 68, N/A, 177.88, 100|2, 64, N/A, 38.16, 0|3, 58, N/A, 31.11, 0|
22:51:05 0, 78, N/A, 53.65, 69|1, 68, N/A, 172.91, 90|2, 63, N/A, 37.97, 0|3, 58, N/A, 31.17, 0|
22:51:07 0, 79, N/A, 145.97, 100|1, 69, N/A, 192.71, 100|2, 63, N/A, 37.89, 0|3, 58, N/A, 31.09, 0|
22:51:09 0, 79, N/A, 162.18, 0|1, 68, N/A, 192.82, 100|2, 63, N/A, 37.86, 0|3, 58, N/A, 31.09, 0|
22:51:11 0, 80, N/A, 171.58, 100|1, 66, N/A, 53.20, 75|2, 63, N/A, 37.99, 0|3, 58, N/A, 31.17, 0|
22:51:13 0, 79, N/A, 148.73, 100|1, 68, N/A, 169.95, 100|2, 63, N/A, 37.91, 0|3, 58, N/A, 31.11, 0|
22:51:15 0, 79, N/A, 54.65, 100|1, 67, N/A, 186.46, 45|2, 63, N/A, 37.72, 0|3, 58, N/A, 31.17, 0|
22:51:17 0, 80, N/A, 154.14, 100|1, 64, N/A, 51.53, 0|2, 63, N/A, 37.99, 0|3, 58, N/A, 31.19, 0|
22:51:19 0, 78, N/A, 97.20, 45|1, 66, N/A, 126.32, 49|2, 63, N/A, 37.75, 0|3, 58, N/A, 31.19, 0|
22:51:21 0, 77, N/A, 119.36, 47|1, 66, N/A, 109.50, 47|2, 63, N/A, 37.75, 0|3, 58, N/A, 31.19, 0|
22:51:24 0, 77, N/A, 135.68, 43|1, 66, N/A, 93.08, 53|2, 63, N/A, 37.77, 0|3, 58, N/A, 31.19, 0|
22:51:26 0, 77, N/A, 121.53, 49|1, 65, N/A, 81.54, 53|2, 63, N/A, 37.77, 0|3, 58, N/A, 31.19, 0|
22:51:28 0, 77, N/A, 81.78, 45|1, 65, N/A, 118.41, 52|2, 63, N/A, 37.77, 0|3, 58, N/A, 31.19, 0|
22:51:30 0, 77, N/A, 89.97, 50|1, 65, N/A, 138.02, 54|2, 63, N/A, 37.53, 0|3, 58, N/A, 31.19, 0|
22:51:32 0, 77, N/A, 115.72, 51|1, 65, N/A, 117.62, 47|2, 63, N/A, 37.75, 0|3, 58, N/A, 31.19, 0|
22:51:34 0, 77, N/A, 127.59, 46|1, 65, N/A, 81.74, 51|2, 63, N/A, 37.77, 0|3, 58, N/A, 31.19, 0|
22:51:36 0, 77, N/A, 82.98, 43|1, 65, N/A, 103.76, 47|2, 63, N/A, 37.77, 0|3, 58, N/A, 31.19, 0|
22:51:38 0, 77, N/A, 103.26, 46|1, 65, N/A, 130.31, 49|2, 63, N/A, 37.52, 0|3, 58, N/A, 31.19, 0|
22:51:40 0, 77, N/A, 132.78, 43|1, 65, N/A, 98.85, 46|2, 63, N/A, 37.53, 0|3, 58, N/A, 31.19, 0|
22:51:42 0, 77, N/A, 90.94, 48|1, 65, N/A, 106.85, 49|2, 63, N/A, 37.53, 0|3, 58, N/A, 31.19, 0|
22:51:44 0, 77, N/A, 136.31, 43|1, 65, N/A, 95.81, 47|2, 63, N/A, 37.53, 0|3, 58, N/A, 31.19, 0|
22:51:46 0, 77, N/A, 87.07, 46|1, 65, N/A, 124.70, 50|2, 62, N/A, 37.53, 0|3, 58, N/A, 31.19, 0|
22:51:48 0, 77, N/A, 134.95, 44|1, 65, N/A, 93.10, 48|2, 62, N/A, 37.28, 0|3, 58, N/A, 31.19, 0|
22:51:51 0, 79, N/A, 56.84, 100|1, 63, N/A, 173.78, 0|2, 62, N/A, 37.50, 0|3, 58, N/A, 31.17, 0|
22:51:53 0, 79, N/A, 125.34, 100|1, 67, N/A, 171.97, 100|2, 62, N/A, 37.45, 0|3, 58, N/A, 31.13, 0|
22:51:55 0, 77, N/A, 54.93, 44|1, 67, N/A, 166.52, 96|2, 62, N/A, 37.48, 0|3, 58, N/A, 31.15, 0|
22:51:57 0, 79, N/A, 153.87, 100|1, 68, N/A, 190.16, 100|2, 62, N/A, 37.40, 0|3, 58, N/A, 31.09, 0|
22:51:59 0, 77, N/A, 53.92, 58|1, 67, N/A, 166.28, 79|2, 62, N/A, 37.50, 0|3, 58, N/A, 31.19, 0|
22:52:01 0, 80, N/A, 144.17, 100|1, 68, N/A, 174.15, 100|2, 62, N/A, 37.67, 0|3, 58, N/A, 31.11, 0|
22:52:03 0, 78, N/A, 48.82, 100|1, 66, N/A, 184.40, 16|2, 62, N/A, 37.75, 0|3, 58, N/A, 31.17, 0|
22:52:05 0, 79, N/A, 144.89, 100|1, 68, N/A, 188.74, 100|2, 62, N/A, 37.43, 0|3, 58, N/A, 31.11, 0|
22:52:07 0, 79, N/A, 123.81, 100|1, 66, N/A, 52.30, 0|2, 62, N/A, 37.55, 0|3, 58, N/A, 30.97, 0|
22:52:09 0, 79, N/A, 138.70, 100|1, 69, N/A, 178.60, 100|2, 62, N/A, 37.43, 0|3, 58, N/A, 31.11, 0|
22:52:11 0, 79, N/A, 134.15, 100|1, 67, N/A, 53.51, 63|2, 62, N/A, 37.55, 0|3, 58, N/A, 31.21, 0|
22:52:14 0, 79, N/A, 142.73, 75|1, 69, N/A, 179.56, 100|2, 62, N/A, 37.67, 0|3, 58, N/A, 31.11, 0|
22:52:16 0, 79, N/A, 143.19, 100|1, 70, N/A, 171.85, 100|2, 62, N/A, 37.43, 0|3, 58, N/A, 31.11, 0|
22:52:18 0, 78, N/A, 54.13, 48|1, 68, N/A, 191.89, 76|2, 62, N/A, 37.48, 0|3, 58, N/A, 30.91, 0|
22:52:20 0, 79, N/A, 132.50, 100|1, 69, N/A, 174.75, 100|2, 62, N/A, 37.43, 0|3, 58, N/A, 31.11, 0|
22:52:22 0, 79, N/A, 157.75, 100|1, 66, N/A, 53.24, 0|2, 62, N/A, 37.53, 0|3, 58, N/A, 31.19, 0|
22:52:24 0, 79, N/A, 128.89, 46|1, 68, N/A, 174.61, 100|2, 62, N/A, 37.45, 0|3, 58, N/A, 30.89, 0|
22:52:26 0, 79, N/A, 153.48, 100|1, 69, N/A, 171.76, 100|2, 61, N/A, 37.43, 0|3, 58, N/A, 30.87, 0|
22:52:28 0, 78, N/A, 49.55, 92|1, 68, N/A, 172.30, 26|2, 61, N/A, 37.26, 0|3, 58, N/A, 31.19, 0|
22:52:30 0, 79, N/A, 146.08, 100|1, 69, N/A, 184.13, 100|2, 61, N/A, 37.40, 0|3, 58, N/A, 31.09, 0|
22:52:32 0, 80, N/A, 150.34, 100|1, 67, N/A, 53.45, 26|2, 61, N/A, 37.26, 0|3, 58, N/A, 30.94, 0|
22:52:34 0, 79, N/A, 137.01, 87|1, 69, N/A, 170.66, 100|2, 61, N/A, 37.19, 0|3, 58, N/A, 30.87, 0|
22:52:37 0, 79, N/A, 149.85, 100|1, 68, N/A, 176.88, 100|2, 61, N/A, 37.16, 0|3, 58, N/A, 30.87, 0|
22:52:39 0, 78, N/A, 53.43, 71|1, 67, N/A, 190.81, 46|2, 61, N/A, 37.23, 0|3, 58, N/A, 30.93, 0|
22:52:41 0, 78, N/A, 134.83, 100|1, 69, N/A, 193.52, 100|2, 61, N/A, 37.16, 0|3, 58, N/A, 31.09, 0|
22:52:43 0, 80, N/A, 160.71, 100|1, 69, N/A, 172.09, 100|2, 61, N/A, 37.19, 0|3, 58, N/A, 30.87, 0|
22:52:45 0, 78, N/A, 49.07, 93|1, 68, N/A, 192.49, 16|2, 61, N/A, 37.26, 0|3, 58, N/A, 30.93, 0|
22:52:47 0, 79, N/A, 151.77, 100|1, 69, N/A, 194.39, 100|2, 61, N/A, 37.16, 0|3, 58, N/A, 30.85, 0|
22:52:49 0, 80, N/A, 159.96, 100|1, 70, N/A, 173.93, 100|2, 61, N/A, 36.94, 0|3, 58, N/A, 30.87, 0|
22:52:51 0, 79, N/A, 53.68, 85|1, 67, N/A, 175.10, 14|2, 61, N/A, 37.01, 0|3, 57, N/A, 30.93, 0|
22:52:53 0, 78, N/A, 131.45, 100|1, 69, N/A, 192.72, 100|2, 61, N/A, 36.92, 0|3, 58, N/A, 30.85, 0|
22:52:55 0, 79, N/A, 136.04, 100|1, 70, N/A, 190.67, 100|2, 61, N/A, 36.92, 0|3, 58, N/A, 30.87, 0|
22:52:57 0, 79, N/A, 134.08, 100|1, 67, N/A, 53.48, 0|2, 61, N/A, 37.04, 0|3, 58, N/A, 30.95, 0|
22:53:00 0, 78, N/A, 137.89, 26|1, 69, N/A, 192.95, 100|2, 61, N/A, 36.92, 0|3, 58, N/A, 30.85, 0|
22:53:02 0, 79, N/A, 151.02, 100|1, 70, N/A, 193.78, 100|2, 61, N/A, 36.90, 0|3, 57, N/A, 30.85, 0|
22:53:04 0, 79, N/A, 129.06, 100|1, 68, N/A, 54.94, 66|2, 61, N/A, 36.80, 0|3, 57, N/A, 30.95, 0|
22:53:06 0, 78, N/A, 54.61, 62|1, 68, N/A, 193.09, 32|2, 61, N/A, 36.75, 0|3, 57, N/A, 30.91, 0|
22:53:08 0, 79, N/A, 162.90, 100|1, 69, N/A, 192.10, 100|2, 60, N/A, 36.89, 0|3, 57, N/A, 30.83, 0|
22:53:10 0, 79, N/A, 168.35, 100|1, 69, N/A, 194.02, 100|2, 61, N/A, 36.65, 0|3, 58, N/A, 30.83, 0|
22:53:12 0, 78, N/A, 53.44, 80|1, 66, N/A, 185.12, 8|2, 60, N/A, 36.77, 0|3, 57, N/A, 30.93, 0|
22:53:14 0, 79, N/A, 152.50, 98|1, 68, N/A, 171.26, 100|2, 60, N/A, 36.67, 0|3, 57, N/A, 30.85, 0|
22:53:16 0, 79, N/A, 123.08, 100|1, 69, N/A, 190.91, 100|2, 60, N/A, 36.70, 0|3, 57, N/A, 30.87, 0|
22:53:18 0, 79, N/A, 162.10, 100|1, 66, N/A, 53.20, 0|2, 60, N/A, 36.55, 0|3, 57, N/A, 30.95, 0|
22:53:20 0, 77, N/A, 104.02, 0|1, 68, N/A, 174.38, 100|2, 60, N/A, 36.48, 0|3, 58, N/A, 30.89, 0|
22:53:23 0, 79, N/A, 148.90, 100|1, 69, N/A, 192.95, 100|2, 60, N/A, 36.43, 0|3, 57, N/A, 30.85, 0|
22:53:25 0, 79, N/A, 150.57, 100|1, 69, N/A, 182.24, 100|2, 60, N/A, 36.44, 0|3, 57, N/A, 30.85, 0|
22:53:27 0, 79, N/A, 147.95, 100|1, 66, N/A, 53.24, 9|2, 60, N/A, 36.55, 0|3, 57, N/A, 30.95, 0|
22:53:29 0, 78, N/A, 54.90, 0|1, 68, N/A, 171.48, 100|2, 60, N/A, 36.53, 0|3, 57, N/A, 30.92, 0|
22:53:31 0, 79, N/A, 131.44, 100|1, 68, N/A, 189.32, 100|2, 60, N/A, 36.43, 0|3, 57, N/A, 30.85, 0|
22:53:33 0, 79, N/A, 153.24, 100|1, 69, N/A, 172.23, 100|2, 60, N/A, 36.43, 0|3, 57, N/A, 30.85, 0|
22:53:35 0, 79, N/A, 133.42, 100|1, 67, N/A, 53.75, 85|2, 60, N/A, 36.58, 0|3, 57, N/A, 30.95, 0|
22:53:37 0, 78, N/A, 53.19, 100|1, 67, N/A, 191.05, 51|2, 60, N/A, 36.53, 0|3, 57, N/A, 30.93, 0|
22:53:39 0, 79, N/A, 145.36, 100|1, 68, N/A, 174.75, 100|2, 60, N/A, 36.46, 0|3, 57, N/A, 30.87, 0|
22:53:41 0, 79, N/A, 148.65, 100|1, 69, N/A, 192.71, 100|2, 60, N/A, 36.43, 0|3, 57, N/A, 30.85, 0|
22:53:43 0, 79, N/A, 147.29, 100|1, 70, N/A, 173.53, 100|2, 60, N/A, 36.46, 0|3, 57, N/A, 30.89, 0|
22:53:46 0, 79, N/A, 128.33, 100|1, 66, N/A, 53.00, 0|2, 60, N/A, 36.31, 0|3, 57, N/A, 30.97, 0|
22:53:48 0, 78, N/A, 51.22, 7|1, 68, N/A, 192.25, 62|2, 60, N/A, 36.26, 0|3, 57, N/A, 30.91, 0|
22:53:50 0, 78, N/A, 136.84, 76|1, 68, N/A, 171.14, 100|2, 60, N/A, 36.21, 0|3, 57, N/A, 30.62, 0|
22:53:52 0, 79, N/A, 143.42, 100|1, 69, N/A, 173.37, 100|2, 60, N/A, 36.19, 0|3, 57, N/A, 30.87, 0|
22:53:54 0, 79, N/A, 136.75, 100|1, 69, N/A, 192.83, 100|2, 60, N/A, 36.19, 0|3, 57, N/A, 30.86, 0|
22:53:56 0, 79, N/A, 139.89, 100|1, 67, N/A, 53.48, 19|2, 59, N/A, 36.31, 0|3, 57, N/A, 30.95, 0|
22:53:58 0, 78, N/A, 51.98, 100|1, 67, N/A, 179.93, 0|2, 59, N/A, 36.28, 0|3, 57, N/A, 30.93, 0|
22:54:00 0, 78, N/A, 151.54, 40|1, 68, N/A, 191.26, 100|2, 59, N/A, 36.19, 0|3, 57, N/A, 30.85, 0|
22:54:02 0, 79, N/A, 144.14, 100|1, 69, N/A, 193.67, 100|2, 60, N/A, 36.19, 0|3, 57, N/A, 30.86, 0|
22:54:04 0, 79, N/A, 161.96, 100|1, 70, N/A, 194.50, 100|2, 59, N/A, 36.19, 0|3, 57, N/A, 30.85, 0|
22:54:06 0, 79, N/A, 139.59, 100|1, 70, N/A, 195.36, 100|2, 59, N/A, 36.21, 0|3, 57, N/A, 30.87, 0|
22:54:08 0, 79, N/A, 131.00, 100|1, 68, N/A, 54.49, 47|2, 59, N/A, 36.09, 0|3, 57, N/A, 30.72, 0|
22:54:11 0, 79, N/A, 111.10, 100|1, 67, N/A, 53.27, 0|2, 59, N/A, 36.11, 0|3, 57, N/A, 30.99, 0|
22:54:13 0, 78, N/A, 50.28, 67|1, 68, N/A, 171.88, 0|2, 59, N/A, 36.04, 0|3, 57, N/A, 30.92, 0|
22:54:15 0, 78, N/A, 53.43, 0|1, 69, N/A, 176.05, 86|2, 59, N/A, 36.04, 0|3, 57, N/A, 30.92, 0|
22:54:17 0, 78, N/A, 132.17, 100|1, 70, N/A, 193.18, 100|2, 59, N/A, 35.95, 0|3, 57, N/A, 30.86, 0|
22:54:19 0, 79, N/A, 159.44, 100|1, 69, N/A, 194.74, 100|2, 59, N/A, 35.92, 0|3, 57, N/A, 30.83, 0|
22:54:21 0, 79, N/A, 148.88, 100|1, 69, N/A, 194.35, 100|2, 59, N/A, 35.95, 0|3, 57, N/A, 30.60, 0|
22:54:23 0, 79, N/A, 144.55, 100|1, 69, N/A, 192.95, 100|2, 59, N/A, 35.95, 0|3, 57, N/A, 30.85, 0|
22:54:25 0, 80, N/A, 146.08, 100|1, 68, N/A, 54.69, 89|2, 59, N/A, 36.06, 0|3, 57, N/A, 30.94, 0|
22:54:27 0, 80, N/A, 145.70, 100|1, 66, N/A, 52.54, 0|2, 59, N/A, 36.09, 0|3, 57, N/A, 30.97, 0|
22:54:29 0, 77, N/A, 50.28, 100|1, 68, N/A, 191.55, 53|2, 59, N/A, 36.04, 0|3, 57, N/A, 30.68, 0|
22:54:31 0, 78, N/A, 137.97, 5|1, 68, N/A, 191.87, 100|2, 59, N/A, 35.97, 0|3, 57, N/A, 30.87, 0|
22:54:34 0, 79, N/A, 140.15, 62|1, 69, N/A, 175.47, 100|2, 59, N/A, 35.99, 0|3, 57, N/A, 30.89, 0|
22:54:36 0, 79, N/A, 153.38, 100|1, 70, N/A, 194.87, 100|2, 59, N/A, 35.95, 0|3, 57, N/A, 30.85, 0|
22:54:38 0, 79, N/A, 132.41, 100|1, 69, N/A, 189.80, 100|2, 59, N/A, 35.95, 0|3, 57, N/A, 30.85, 0|
22:54:40 0, 79, N/A, 146.08, 100|1, 69, N/A, 175.46, 100|2, 59, N/A, 35.97, 0|3, 57, N/A, 30.87, 0|
22:54:42 0, 79, N/A, 146.70, 100|1, 69, N/A, 194.15, 100|2, 59, N/A, 35.95, 0|3, 57, N/A, 30.83, 0|
22:54:44 0, 79, N/A, 144.39, 100|1, 68, N/A, 54.70, 38|2, 59, N/A, 35.84, 0|3, 57, N/A, 30.72, 0|
22:54:46 0, 80, N/A, 138.68, 100|1, 67, N/A, 53.24, 0|2, 59, N/A, 35.84, 0|3, 57, N/A, 30.72, 0|
22:54:48 0, 79, N/A, 134.32, 100|1, 66, N/A, 52.78, 0|2, 59, N/A, 35.84, 0|3, 57, N/A, 30.97, 0|
22:54:50 0, 78, N/A, 51.49, 67|1, 67, N/A, 180.16, 0|2, 59, N/A, 35.80, 0|3, 57, N/A, 30.68, 0|
22:54:52 0, 78, N/A, 48.82, 36|1, 69, N/A, 193.83, 100|2, 58, N/A, 35.77, 0|3, 57, N/A, 30.92, 0|
22:54:54 0, 77, N/A, 84.96, 0|1, 68, N/A, 175.83, 100|2, 58, N/A, 35.75, 0|3, 57, N/A, 30.89, 0|
22:54:57 0, 78, N/A, 165.55, 25|1, 69, N/A, 193.43, 100|2, 58, N/A, 35.70, 0|3, 57, N/A, 30.85, 0|
22:54:59 0, 79, N/A, 165.67, 100|1, 69, N/A, 182.94, 100|2, 58, N/A, 35.70, 0|3, 57, N/A, 30.85, 0|
22:55:01 0, 79, N/A, 153.24, 100|1, 70, N/A, 178.01, 100|2, 59, N/A, 35.73, 0|3, 57, N/A, 30.87, 0|
22:55:03 0, 79, N/A, 151.20, 100|1, 69, N/A, 193.78, 100|2, 58, N/A, 35.68, 0|3, 57, N/A, 30.83, 0|
22:55:05 0, 79, N/A, 133.88, 100|1, 70, N/A, 168.97, 100|2, 58, N/A, 35.73, 0|3, 57, N/A, 30.62, 0|
22:55:07 0, 79, N/A, 134.90, 100|1, 69, N/A, 179.80, 100|2, 58, N/A, 35.73, 0|3, 57, N/A, 30.62, 0|
22:55:09 0, 79, N/A, 161.72, 100|1, 70, N/A, 194.99, 100|2, 58, N/A, 35.70, 0|3, 57, N/A, 30.85, 0|
22:55:11 0, 79, N/A, 137.71, 100|1, 68, N/A, 55.43, 58|2, 58, N/A, 35.60, 0|3, 57, N/A, 30.72, 0|
22:55:13 0, 79, N/A, 131.01, 100|1, 67, N/A, 53.97, 49|2, 58, N/A, 35.58, 0|3, 57, N/A, 30.72, 0|
22:55:15 0, 79, N/A, 141.34, 100|1, 67, N/A, 53.72, 0|2, 58, N/A, 35.60, 0|3, 57, N/A, 30.48, 0|
22:55:18 0, 80, N/A, 144.17, 100|1, 67, N/A, 53.48, 0|2, 58, N/A, 35.60, 0|3, 57, N/A, 30.72, 0|
22:55:20 0, 79, N/A, 126.40, 100|1, 67, N/A, 53.27, 0|2, 58, N/A, 35.60, 0|3, 57, N/A, 30.48, 0|
22:55:22 0, 79, N/A, 177.01, 100|1, 67, N/A, 53.41, 0|2, 58, N/A, 35.55, 0|3, 57, N/A, 30.68, 0|
22:55:24 0, 76, N/A, 52.95, 0|1, 69, N/A, 194.79, 100|2, 58, N/A, 35.55, 0|3, 57, N/A, 30.68, 0|
22:55:26 0, 77, N/A, 84.69, 47|1, 67, N/A, 150.27, 50|2, 58, N/A, 35.58, 0|3, 57, N/A, 30.70, 0|
22:55:28 0, 77, N/A, 148.16, 48|1, 67, N/A, 75.72, 51|2, 58, N/A, 35.57, 0|3, 57, N/A, 30.70, 0|
22:55:30 0, 77, N/A, 153.42, 48|1, 66, N/A, 90.36, 51|2, 58, N/A, 35.33, 0|3, 57, N/A, 30.70, 0|
22:55:32 0, 77, N/A, 133.51, 47|1, 67, N/A, 116.95, 49|2, 58, N/A, 35.57, 0|3, 57, N/A, 30.46, 0|
22:55:34 0, 77, N/A, 114.76, 47|1, 66, N/A, 129.70, 49|2, 58, N/A, 35.56, 0|3, 57, N/A, 30.70, 0|
22:55:36 0, 77, N/A, 148.67, 47|1, 66, N/A, 98.22, 50|2, 58, N/A, 35.56, 0|3, 57, N/A, 30.70, 0|
22:55:38 0, 77, N/A, 148.32, 46|1, 66, N/A, 89.20, 51|2, 58, N/A, 35.33, 0|3, 57, N/A, 30.70, 0|
22:55:40 0, 77, N/A, 151.81, 47|1, 66, N/A, 94.24, 50|2, 58, N/A, 35.58, 0|3, 57, N/A, 30.70, 0|
22:55:43 0, 77, N/A, 144.78, 48|1, 66, N/A, 73.04, 51|2, 58, N/A, 35.56, 0|3, 57, N/A, 30.70, 0|
22:55:45 0, 77, N/A, 138.32, 49|1, 66, N/A, 77.18, 49|2, 58, N/A, 35.33, 0|3, 57, N/A, 30.70, 0|
22:55:47 0, 77, N/A, 120.75, 49|1, 66, N/A, 89.25, 50|2, 58, N/A, 35.55, 0|3, 57, N/A, 30.46, 0|
22:55:49 0, 77, N/A, 91.14, 48|1, 66, N/A, 114.11, 49|2, 58, N/A, 35.58, 0|3, 57, N/A, 30.70, 0|
22:55:51 0, 78, N/A, 153.16, 48|1, 66, N/A, 89.69, 50|2, 58, N/A, 35.33, 0|3, 57, N/A, 30.70, 0|
22:55:53 0, 77, N/A, 146.00, 47|1, 66, N/A, 75.44, 49|2, 58, N/A, 35.56, 0|3, 57, N/A, 30.70, 0|
22:55:55 0, 78, N/A, 125.04, 46|1, 66, N/A, 88.01, 49|2, 58, N/A, 35.31, 0|3, 57, N/A, 30.70, 0|
22:55:57 0, 78, N/A, 77.17, 47|1, 66, N/A, 133.77, 49|2, 58, N/A, 35.33, 0|3, 57, N/A, 30.95, 0|
22:55:59 0, 77, N/A, 84.89, 46|1, 65, N/A, 150.27, 49|2, 58, N/A, 35.33, 0|3, 57, N/A, 30.70, 0|
22:56:01 0, 77, N/A, 139.77, 48|1, 65, N/A, 76.69, 49|2, 58, N/A, 35.33, 0|3, 57, N/A, 30.70, 0|
22:56:03 0, 78, N/A, 117.60, 48|1, 65, N/A, 95.52, 49|2, 58, N/A, 35.33, 0|3, 57, N/A, 30.44, 0|
22:56:05 0, 78, N/A, 121.54, 49|1, 66, N/A, 90.43, 49|2, 58, N/A, 35.31, 0|3, 57, N/A, 30.70, 0|
22:56:08 0, 76, N/A, 55.81, 0|1, 64, N/A, 50.94, 0|2, 58, N/A, 35.18, 0|3, 57, N/A, 30.78, 0|
22:56:10 0, 78, N/A, 180.01, 100|1, 63, N/A, 49.80, 0|2, 58, N/A, 35.55, 0|3, 57, N/A, 30.68, 0|
22:56:12 0, 78, N/A, 176.65, 63|1, 64, N/A, 50.32, 15|2, 58, N/A, 35.31, 0|3, 57, N/A, 30.70, 0|
22:56:14 0, 77, N/A, 56.36, 0|1, 67, N/A, 173.65, 100|2, 58, N/A, 35.07, 0|3, 57, N/A, 30.70, 0|
22:56:16 0, 77, N/A, 104.67, 45|1, 65, N/A, 86.64, 52|2, 58, N/A, 35.34, 0|3, 57, N/A, 30.48, 0|
22:56:18 0, 80, N/A, 180.78, 100|1, 67, N/A, 169.65, 100|2, 58, N/A, 35.46, 0|3, 57, N/A, 30.60, 0|
22:56:20 0, 78, N/A, 132.00, 45|1, 66, N/A, 170.27, 100|2, 58, N/A, 35.24, 0|3, 57, N/A, 30.87, 0|
22:56:22 0, 79, N/A, 171.58, 47|1, 67, N/A, 170.61, 73|2, 58, N/A, 35.46, 0|3, 57, N/A, 30.36, 0|
22:56:24 0, 79, N/A, 168.06, 21|1, 67, N/A, 175.84, 100|2, 57, N/A, 35.22, 0|3, 57, N/A, 30.62, 0|
22:56:26 0, 78, N/A, 55.14, 100|1, 66, N/A, 167.25, 26|2, 57, N/A, 35.07, 0|3, 57, N/A, 30.70, 0|
22:56:28 0, 77, N/A, 55.63, 0|1, 66, N/A, 168.70, 100|2, 57, N/A, 35.07, 0|3, 57, N/A, 30.44, 0|
22:56:30 0, 76, N/A, 58.21, 100|1, 63, N/A, 52.86, 100|2, 57, N/A, 35.16, 0|3, 57, N/A, 30.52, 0|
22:56:33 0, 75, N/A, 52.93, 0|1, 62, N/A, 48.54, 0|2, 57, N/A, 35.21, 0|3, 57, N/A, 30.56, 0|
