22:31:32 0, 71, N/A, 35.67, 0|1, 65, N/A, 35.92, 0|2, 56, N/A, 34.74, 0|3, 53, N/A, 29.85, 0|
22:31:34 0, 71, N/A, 43.92, 0|1, 66, N/A, 44.17, 0|2, 56, N/A, 41.05, 0|3, 53, N/A, 36.40, 0|
22:31:36 0, 71, N/A, 43.92, 0|1, 66, N/A, 45.12, 40|2, 56, N/A, 41.05, 0|3, 53, N/A, 36.40, 0|
22:31:38 0, 71, N/A, 43.92, 0|1, 66, N/A, 44.15, 0|2, 56, N/A, 41.05, 24|3, 53, N/A, 37.14, 39|
22:31:40 0, 71, N/A, 43.96, 9|1, 65, N/A, 44.21, 13|2, 56, N/A, 41.83, 12|3, 53, N/A, 36.45, 15|
22:31:43 0, 71, N/A, 43.95, 0|1, 65, N/A, 43.96, 0|2, 57, N/A, 41.81, 0|3, 53, N/A, 36.43, 0|
22:31:45 0, 72, N/A, 54.07, 23|1, 66, N/A, 54.29, 21|2, 57, N/A, 50.48, 21|3, 54, N/A, 55.33, 28|
22:31:47 0, 72, N/A, 61.34, 23|1, 66, N/A, 56.72, 24|2, 57, N/A, 48.28, 23|3, 55, N/A, 50.72, 29|
22:31:49 0, 72, N/A, 53.58, 23|1, 66, N/A, 52.34, 23|2, 57, N/A, 50.48, 22|3, 55, N/A, 54.87, 31|
22:31:51 0, 72, N/A, 56.74, 23|1, 66, N/A, 58.18, 22|2, 57, N/A, 53.40, 21|3, 55, N/A, 54.87, 31|
22:31:53 0, 72, N/A, 56.23, 23|1, 66, N/A, 56.48, 21|2, 58, N/A, 54.38, 23|3, 55, N/A, 61.45, 28|
22:31:55 0, 72, N/A, 67.14, 23|1, 66, N/A, 67.88, 23|2, 58, N/A, 58.98, 22|3, 55, N/A, 54.38, 31|
22:31:57 0, 72, N/A, 52.09, 23|1, 66, N/A, 52.58, 21|2, 58, N/A, 50.48, 22|3, 56, N/A, 55.57, 28|
22:31:59 0, 72, N/A, 65.44, 23|1, 66, N/A, 65.94, 21|2, 58, N/A, 61.66, 21|3, 56, N/A, 57.28, 28|
22:32:01 0, 72, N/A, 63.01, 23|1, 66, N/A, 55.02, 21|2, 58, N/A, 48.77, 21|3, 56, N/A, 49.50, 28|
22:32:03 0, 72, N/A, 44.41, 0|1, 66, N/A, 44.42, 0|2, 58, N/A, 42.76, 0|3, 56, N/A, 37.38, 0|
22:32:05 0, 75, N/A, 178.10, 49|1, 67, N/A, 53.07, 0|2, 62, N/A, 81.72, 100|3, 57, N/A, 125.75, 100|
22:32:08 0, 77, N/A, 181.50, 83|1, 70, N/A, 172.49, 77|2, 61, N/A, 52.99, 28|3, 60, N/A, 165.86, 72|
22:32:10 0, 78, N/A, 175.81, 79|1, 71, N/A, 181.73, 100|2, 61, N/A, 53.12, 0|3, 59, N/A, 45.85, 86|
22:32:12 0, 78, N/A, 181.11, 100|1, 70, N/A, 56.43, 100|2, 63, N/A, 176.59, 0|3, 60, N/A, 45.15, 100|
22:32:14 0, 78, N/A, 177.02, 100|1, 71, N/A, 55.97, 75|2, 63, N/A, 168.24, 1|3, 60, N/A, 45.64, 43|
22:32:16 0, 79, N/A, 179.91, 54|1, 71, N/A, 57.11, 100|2, 64, N/A, 179.36, 14|3, 61, N/A, 46.31, 100|
22:32:18 0, 79, N/A, 184.25, 49|1, 73, N/A, 158.56, 100|2, 63, N/A, 93.85, 6|3, 62, N/A, 177.58, 100|
22:32:20 0, 79, N/A, 130.59, 100|1, 70, N/A, 120.67, 0|2, 63, N/A, 53.99, 0|3, 60, N/A, 45.48, 0|
22:32:22 0, 76, N/A, 65.35, 24|1, 70, N/A, 65.85, 23|2, 63, N/A, 65.47, 22|3, 60, N/A, 69.09, 30|
22:32:24 0, 76, N/A, 55.22, 24|1, 69, N/A, 55.95, 23|2, 62, N/A, 54.35, 21|3, 60, N/A, 60.16, 28|
22:32:26 0, 76, N/A, 67.34, 23|1, 69, N/A, 61.03, 23|2, 62, N/A, 51.42, 21|3, 59, N/A, 53.13, 28|
22:32:28 0, 75, N/A, 74.15, 24|1, 69, N/A, 69.79, 23|2, 62, N/A, 65.52, 21|3, 59, N/A, 58.70, 28|
22:32:30 0, 75, N/A, 60.08, 23|1, 69, N/A, 54.77, 22|2, 62, N/A, 52.15, 23|3, 59, N/A, 55.32, 30|
22:32:33 0, 75, N/A, 57.68, 23|1, 69, N/A, 59.61, 24|2, 62, N/A, 59.22, 21|3, 59, N/A, 64.79, 29|
22:32:35 0, 75, N/A, 67.14, 23|1, 68, N/A, 71.73, 24|2, 62, N/A, 67.71, 21|3, 59, N/A, 61.14, 28|
22:32:37 0, 75, N/A, 54.03, 24|1, 68, N/A, 53.31, 23|2, 61, N/A, 51.66, 21|3, 60, N/A, 55.32, 31|
22:32:39 0, 75, N/A, 56.96, 26|1, 68, N/A, 59.12, 22|2, 62, N/A, 57.51, 21|3, 60, N/A, 66.50, 28|
22:32:41 0, 75, N/A, 65.64, 23|1, 68, N/A, 54.47, 23|2, 61, N/A, 55.56, 21|3, 59, N/A, 51.42, 28|
22:32:43 0, 75, N/A, 55.71, 25|1, 68, N/A, 56.44, 22|2, 61, N/A, 54.83, 22|3, 60, N/A, 62.36, 29|
22:32:45 0, 78, N/A, 178.22, 100|1, 69, N/A, 132.52, 100|2, 61, N/A, 44.72, 0|3, 59, N/A, 38.62, 0|
22:32:47 0, 79, N/A, 180.99, 94|1, 69, N/A, 54.72, 0|2, 65, N/A, 56.76, 100|3, 63, N/A, 165.49, 88|
22:32:49 0, 78, N/A, 183.29, 15|1, 71, N/A, 56.24, 87|2, 66, N/A, 174.08, 99|3, 63, N/A, 169.13, 36|
22:32:51 0, 78, N/A, 51.12, 3|1, 73, N/A, 174.96, 100|2, 66, N/A, 174.01, 69|3, 62, N/A, 46.58, 1|
22:32:53 0, 80, N/A, 176.41, 100|1, 73, N/A, 187.04, 100|2, 65, N/A, 56.24, 1|3, 64, N/A, 49.94, 100|
22:32:55 0, 80, N/A, 174.98, 100|1, 71, N/A, 56.14, 0|2, 68, N/A, 70.27, 100|3, 65, N/A, 175.73, 66|
22:32:58 0, 77, N/A, 49.60, 0|1, 74, N/A, 189.93, 100|2, 68, N/A, 63.23, 91|3, 64, N/A, 172.84, 1|
22:33:00 0, 79, N/A, 145.49, 90|1, 74, N/A, 186.55, 100|2, 66, N/A, 57.31, 1|3, 67, N/A, 171.77, 100|
22:33:02 0, 79, N/A, 147.29, 51|1, 72, N/A, 57.24, 31|2, 69, N/A, 175.49, 100|3, 67, N/A, 94.57, 100|
22:33:04 0, 78, N/A, 52.05, 90|1, 74, N/A, 176.11, 39|2, 69, N/A, 179.57, 39|3, 65, N/A, 48.48, 0|
22:33:06 0, 78, N/A, 55.83, 55|1, 74, N/A, 177.40, 61|2, 66, N/A, 57.12, 0|3, 64, N/A, 47.67, 0|
22:33:08 0, 77, N/A, 68.18, 23|1, 71, N/A, 71.54, 24|2, 66, N/A, 73.37, 22|3, 64, N/A, 80.86, 30|
22:33:10 0, 77, N/A, 56.16, 22|1, 71, N/A, 58.34, 22|2, 65, N/A, 58.17, 20|3, 64, N/A, 66.17, 27|
22:33:12 0, 77, N/A, 70.70, 24|1, 70, N/A, 60.50, 22|2, 65, N/A, 53.06, 24|3, 63, N/A, 55.73, 32|
22:33:14 0, 76, N/A, 66.08, 23|1, 70, N/A, 72.37, 25|2, 64, N/A, 71.52, 21|3, 62, N/A, 68.15, 27|
22:33:16 0, 76, N/A, 63.69, 23|1, 70, N/A, 71.20, 22|2, 64, N/A, 68.15, 24|3, 62, N/A, 73.03, 30|
22:33:18 0, 76, N/A, 60.08, 24|1, 70, N/A, 65.40, 26|2, 64, N/A, 64.54, 20|3, 61, N/A, 82.96, 29|
22:33:20 0, 76, N/A, 70.70, 25|1, 70, N/A, 60.05, 22|2, 63, N/A, 52.88, 24|3, 61, N/A, 55.78, 27|
22:33:23 0, 76, N/A, 55.46, 25|1, 70, N/A, 58.60, 25|2, 64, N/A, 56.26, 22|3, 61, N/A, 63.53, 32|
22:33:25 0, 76, N/A, 58.38, 22|1, 70, N/A, 62.98, 26|2, 63, N/A, 61.37, 22|3, 61, N/A, 76.43, 31|
22:33:27 0, 76, N/A, 61.54, 22|1, 70, N/A, 65.40, 22|2, 64, N/A, 64.79, 20|3, 61, N/A, 82.23, 28|
22:33:29 0, 76, N/A, 73.90, 24|1, 69, N/A, 62.72, 22|2, 63, N/A, 52.40, 20|3, 62, N/A, 54.83, 28|
22:33:31 0, 76, N/A, 54.98, 23|1, 69, N/A, 57.17, 22|2, 64, N/A, 56.29, 20|3, 62, N/A, 64.54, 28|
22:33:33 0, 76, N/A, 60.57, 25|1, 69, N/A, 65.89, 24|2, 64, N/A, 65.52, 22|3, 62, N/A, 81.99, 28|
22:33:35 0, 76, N/A, 144.85, 0|1, 71, N/A, 56.11, 2|2, 67, N/A, 167.51, 96|3, 63, N/A, 133.37, 19|
22:33:37 0, 80, N/A, 168.60, 100|1, 73, N/A, 184.13, 100|2, 65, N/A, 56.52, 2|3, 64, N/A, 48.07, 62|
22:33:39 0, 79, N/A, 164.80, 77|1, 71, N/A, 56.51, 2|2, 69, N/A, 180.83, 100|3, 66, N/A, 178.17, 100|
22:33:41 0, 80, N/A, 68.48, 100|1, 74, N/A, 190.78, 100|2, 66, N/A, 151.56, 0|3, 65, N/A, 48.73, 41|
22:33:43 0, 78, N/A, 149.86, 33|1, 72, N/A, 57.48, 2|2, 70, N/A, 182.73, 80|3, 67, N/A, 173.51, 100|
22:33:46 0, 79, N/A, 109.38, 100|1, 74, N/A, 193.44, 100|2, 67, N/A, 58.01, 2|3, 67, N/A, 50.01, 100|
22:33:48 0, 78, N/A, 51.81, 0|1, 76, N/A, 179.32, 100|2, 69, N/A, 60.13, 100|3, 67, N/A, 169.08, 33|
22:33:50 0, 79, N/A, 51.33, 58|1, 74, N/A, 177.46, 54|2, 69, N/A, 60.33, 62|3, 68, N/A, 170.66, 26|
22:33:52 0, 79, N/A, 49.12, 100|1, 75, N/A, 181.88, 44|2, 70, N/A, 175.97, 100|3, 66, N/A, 48.76, 0|
22:33:54 0, 79, N/A, 131.36, 78|1, 74, N/A, 58.69, 4|2, 71, N/A, 175.64, 44|3, 68, N/A, 171.55, 100|
22:33:56 0, 79, N/A, 141.43, 16|1, 76, N/A, 181.86, 99|2, 69, N/A, 59.96, 0|3, 69, N/A, 170.32, 100|
22:33:58 0, 78, N/A, 52.96, 52|1, 76, N/A, 178.85, 66|2, 71, N/A, 196.14, 100|3, 67, N/A, 49.42, 3|
22:34:00 0, 79, N/A, 141.75, 14|1, 75, N/A, 59.62, 77|2, 72, N/A, 176.35, 71|3, 69, N/A, 174.56, 100|
22:34:02 0, 78, N/A, 48.87, 34|1, 76, N/A, 185.60, 82|2, 70, N/A, 61.02, 76|3, 69, N/A, 176.59, 87|
22:34:04 0, 79, N/A, 110.58, 100|1, 76, N/A, 60.05, 100|2, 71, N/A, 188.63, 48|3, 67, N/A, 50.21, 63|
22:34:07 0, 78, N/A, 48.61, 0|1, 78, N/A, 180.29, 100|2, 71, N/A, 63.44, 100|3, 67, N/A, 187.81, 24|
22:34:09 0, 79, N/A, 101.20, 99|1, 76, N/A, 60.14, 11|2, 72, N/A, 183.46, 100|3, 69, N/A, 103.21, 100|
22:34:11 0, 78, N/A, 54.65, 48|1, 77, N/A, 183.92, 64|2, 70, N/A, 61.53, 77|3, 68, N/A, 168.02, 87|
22:34:13 0, 79, N/A, 115.34, 100|1, 79, N/A, 144.41, 100|2, 69, N/A, 119.68, 0|3, 68, N/A, 50.97, 100|
22:34:15 0, 79, N/A, 48.63, 72|1, 78, N/A, 183.29, 39|2, 72, N/A, 176.11, 100|3, 66, N/A, 49.45, 3|
22:34:17 0, 78, N/A, 114.72, 0|1, 79, N/A, 191.23, 100|2, 70, N/A, 60.89, 0|3, 69, N/A, 190.56, 70|
22:34:19 0, 79, N/A, 124.69, 100|1, 77, N/A, 58.37, 19|2, 72, N/A, 178.25, 100|3, 68, N/A, 52.39, 100|
22:34:21 0, 79, N/A, 52.58, 60|1, 77, N/A, 93.80, 57|2, 72, N/A, 67.93, 100|3, 68, N/A, 186.98, 7|
22:34:23 0, 79, N/A, 129.65, 40|1, 79, N/A, 200.19, 87|2, 70, N/A, 61.13, 0|3, 69, N/A, 190.93, 76|
22:34:25 0, 79, N/A, 54.13, 82|1, 77, N/A, 175.36, 38|2, 69, N/A, 59.31, 0|3, 66, N/A, 48.86, 0|
22:34:28 0, 78, N/A, 64.78, 21|1, 76, N/A, 78.28, 22|2, 69, N/A, 80.12, 19|3, 66, N/A, 97.31, 26|
22:34:30 0, 78, N/A, 81.04, 24|1, 75, N/A, 78.87, 28|2, 68, N/A, 54.76, 20|3, 66, N/A, 59.38, 28|
22:34:32 0, 77, N/A, 73.08, 22|1, 75, N/A, 91.44, 26|2, 68, N/A, 70.78, 22|3, 65, N/A, 50.17, 28|
22:34:34 0, 77, N/A, 59.06, 24|1, 75, N/A, 68.76, 27|2, 67, N/A, 67.38, 21|3, 65, N/A, 90.40, 30|
22:34:36 0, 77, N/A, 54.70, 22|1, 75, N/A, 62.45, 25|2, 67, N/A, 58.65, 20|3, 65, N/A, 67.17, 28|
22:34:38 0, 77, N/A, 73.08, 22|1, 74, N/A, 61.23, 24|2, 67, N/A, 54.80, 23|3, 64, N/A, 57.45, 28|
22:34:40 0, 77, N/A, 77.95, 22|1, 74, N/A, 82.77, 24|2, 67, N/A, 55.28, 22|3, 64, N/A, 52.12, 28|
22:34:42 0, 76, N/A, 65.88, 22|1, 74, N/A, 83.05, 24|2, 67, N/A, 80.77, 23|3, 64, N/A, 64.99, 28|
22:34:44 0, 76, N/A, 74.30, 22|1, 74, N/A, 90.00, 24|2, 67, N/A, 64.74, 21|3, 64, N/A, 50.41, 28|
22:34:46 0, 76, N/A, 68.27, 22|1, 73, N/A, 83.50, 24|2, 67, N/A, 78.82, 20|3, 64, N/A, 59.64, 28|
22:34:48 0, 76, N/A, 64.67, 22|1, 73, N/A, 79.13, 24|2, 67, N/A, 77.85, 21|3, 64, N/A, 71.04, 28|
22:34:50 0, 76, N/A, 57.86, 22|1, 73, N/A, 68.53, 24|2, 67, N/A, 62.55, 22|3, 64, N/A, 78.82, 30|
22:34:52 0, 76, N/A, 59.56, 25|1, 73, N/A, 70.96, 27|2, 67, N/A, 68.88, 21|3, 64, N/A, 87.78, 30|
22:34:55 0, 76, N/A, 61.26, 22|1, 73, N/A, 74.11, 24|2, 67, N/A, 71.81, 21|3, 64, N/A, 79.75, 28|
22:34:57 0, 76, N/A, 64.42, 22|1, 72, N/A, 76.98, 24|2, 67, N/A, 77.85, 20|3, 65, N/A, 70.79, 30|
22:34:59 0, 76, N/A, 73.62, 24|1, 72, N/A, 89.75, 26|2, 67, N/A, 65.72, 21|3, 65, N/A, 51.14, 31|
22:35:01 0, 79, N/A, 76.82, 93|1, 75, N/A, 195.02, 100|2, 66, N/A, 47.88, 3|3, 64, N/A, 40.61, 0|
22:35:03 0, 78, N/A, 53.96, 12|1, 76, N/A, 199.08, 100|2, 70, N/A, 183.58, 69|3, 66, N/A, 49.18, 0|
22:35:05 0, 77, N/A, 54.68, 0|1, 78, N/A, 187.13, 100|2, 70, N/A, 61.30, 63|3, 68, N/A, 168.61, 0|
22:35:07 0, 79, N/A, 158.80, 100|1, 75, N/A, 59.58, 0|2, 72, N/A, 181.17, 84|3, 70, N/A, 185.88, 100|
22:35:09 0, 79, N/A, 66.21, 100|1, 75, N/A, 180.06, 0|2, 73, N/A, 77.68, 100|3, 68, N/A, 177.20, 38|
22:35:11 0, 79, N/A, 165.66, 34|1, 77, N/A, 201.97, 100|2, 71, N/A, 60.61, 0|3, 71, N/A, 189.10, 100|
22:35:13 0, 80, N/A, 149.09, 100|1, 78, N/A, 201.91, 100|2, 70, N/A, 60.56, 4|3, 71, N/A, 61.54, 100|
22:35:15 0, 79, N/A, 51.71, 78|1, 78, N/A, 202.62, 61|2, 72, N/A, 196.23, 19|3, 69, N/A, 50.60, 0|
22:35:17 0, 78, N/A, 48.84, 0|1, 79, N/A, 203.82, 100|2, 73, N/A, 199.58, 100|3, 68, N/A, 49.87, 0|
22:35:20 0, 77, N/A, 49.53, 0|1, 79, N/A, 204.77, 100|2, 73, N/A, 67.47, 100|3, 69, N/A, 183.32, 15|
22:35:22 0, 77, N/A, 52.71, 0|1, 78, N/A, 62.84, 100|2, 72, N/A, 191.29, 34|3, 70, N/A, 174.54, 80|
22:35:24 0, 78, N/A, 145.76, 74|1, 77, N/A, 59.34, 4|2, 73, N/A, 178.53, 75|3, 70, N/A, 177.41, 100|
22:35:26 0, 79, N/A, 131.88, 100|1, 77, N/A, 58.86, 0|2, 73, N/A, 198.00, 100|3, 71, N/A, 193.68, 100|
22:35:28 0, 79, N/A, 126.62, 100|1, 77, N/A, 56.66, 0|2, 74, N/A, 179.95, 100|3, 69, N/A, 51.92, 47|
22:35:30 0, 79, N/A, 129.50, 100|1, 77, N/A, 58.33, 0|2, 73, N/A, 180.91, 100|3, 68, N/A, 50.70, 31|
22:35:32 0, 79, N/A, 49.36, 80|1, 78, N/A, 169.37, 34|2, 73, N/A, 72.88, 100|3, 68, N/A, 180.68, 1|
22:35:34 0, 79, N/A, 49.17, 97|1, 78, N/A, 151.22, 16|2, 73, N/A, 96.81, 100|3, 67, N/A, 153.49, 4|
22:35:36 0, 79, N/A, 49.18, 33|1, 78, N/A, 109.39, 82|2, 73, N/A, 65.94, 100|3, 69, N/A, 189.88, 0|
22:35:38 0, 78, N/A, 51.60, 48|1, 79, N/A, 143.59, 68|2, 74, N/A, 111.99, 100|3, 67, N/A, 140.53, 0|
22:35:41 0, 79, N/A, 48.94, 100|1, 79, N/A, 140.96, 14|2, 74, N/A, 185.15, 100|3, 67, N/A, 50.21, 4|
22:35:43 0, 79, N/A, 49.18, 82|1, 79, N/A, 141.66, 38|2, 74, N/A, 182.26, 100|3, 68, N/A, 50.21, 4|
22:35:45 0, 79, N/A, 51.35, 98|1, 78, N/A, 137.32, 26|2, 74, N/A, 180.21, 100|3, 68, N/A, 50.70, 0|
22:35:47 0, 79, N/A, 117.95, 100|1, 77, N/A, 52.30, 0|2, 74, N/A, 199.98, 100|3, 69, N/A, 50.91, 71|
22:35:49 0, 79, N/A, 115.18, 100|1, 78, N/A, 59.32, 0|2, 74, N/A, 183.81, 100|3, 70, N/A, 54.58, 100|
22:35:51 0, 79, N/A, 135.01, 100|1, 78, N/A, 56.96, 77|2, 74, N/A, 178.54, 49|3, 71, N/A, 193.57, 100|
22:35:53 0, 79, N/A, 131.99, 41|1, 79, N/A, 57.20, 100|2, 73, N/A, 183.60, 22|3, 71, N/A, 175.04, 100|
22:35:55 0, 79, N/A, 129.17, 51|1, 79, N/A, 85.84, 100|2, 72, N/A, 164.78, 16|3, 71, N/A, 176.00, 100|
22:35:57 0, 79, N/A, 139.59, 47|1, 79, N/A, 133.35, 100|2, 72, N/A, 62.42, 0|3, 72, N/A, 172.13, 100|
22:36:00 0, 78, N/A, 120.09, 0|1, 79, N/A, 138.16, 100|2, 72, N/A, 63.35, 0|3, 71, N/A, 188.14, 70|
22:36:02 0, 78, N/A, 48.39, 0|1, 79, N/A, 147.75, 100|2, 73, N/A, 64.20, 33|3, 70, N/A, 192.62, 27|
22:36:04 0, 78, N/A, 48.93, 0|1, 79, N/A, 128.09, 28|2, 75, N/A, 178.50, 100|3, 68, N/A, 50.45, 0|
22:36:06 0, 80, N/A, 114.44, 100|1, 78, N/A, 59.33, 0|2, 73, N/A, 183.31, 100|3, 69, N/A, 51.43, 18|
22:36:08 0, 80, N/A, 136.47, 100|1, 78, N/A, 53.14, 100|2, 72, N/A, 198.27, 0|3, 71, N/A, 75.55, 100|
22:36:10 0, 79, N/A, 133.50, 55|1, 80, N/A, 134.73, 100|2, 71, N/A, 61.98, 5|3, 71, N/A, 174.55, 100|
22:36:12 0, 78, N/A, 53.50, 0|1, 79, N/A, 140.46, 100|2, 72, N/A, 63.28, 49|3, 70, N/A, 171.52, 100|
22:36:14 0, 78, N/A, 52.30, 70|1, 79, N/A, 129.70, 59|2, 75, N/A, 182.17, 100|3, 68, N/A, 50.43, 5|
22:36:16 0, 80, N/A, 132.99, 100|1, 77, N/A, 52.54, 0|2, 74, N/A, 191.53, 100|3, 69, N/A, 51.39, 24|
22:36:19 0, 79, N/A, 126.13, 100|1, 78, N/A, 53.07, 100|2, 73, N/A, 192.35, 0|3, 72, N/A, 194.40, 100|
22:36:21 0, 78, N/A, 126.44, 0|1, 80, N/A, 145.30, 100|2, 71, N/A, 62.38, 0|3, 71, N/A, 193.70, 100|
22:36:23 0, 78, N/A, 48.69, 0|1, 79, N/A, 140.72, 100|2, 74, N/A, 150.77, 100|3, 67, N/A, 96.53, 0|
22:36:25 0, 79, N/A, 51.53, 81|1, 79, N/A, 157.38, 0|2, 74, N/A, 179.35, 100|3, 68, N/A, 51.15, 0|
22:36:27 0, 79, N/A, 106.07, 100|1, 79, N/A, 55.49, 100|2, 72, N/A, 175.47, 0|3, 70, N/A, 52.15, 69|
22:36:29 0, 79, N/A, 133.26, 32|1, 79, N/A, 143.47, 100|2, 71, N/A, 62.15, 5|3, 71, N/A, 175.13, 100|
22:36:31 0, 78, N/A, 49.84, 0|1, 79, N/A, 149.68, 100|2, 73, N/A, 63.96, 15|3, 71, N/A, 190.71, 45|
22:36:33 0, 79, N/A, 106.89, 100|1, 80, N/A, 204.96, 100|2, 71, N/A, 61.33, 0|3, 69, N/A, 51.42, 74|
22:36:36 0, 78, N/A, 53.30, 57|1, 78, N/A, 118.75, 67|2, 73, N/A, 63.77, 13|3, 71, N/A, 169.45, 47|
22:36:38 0, 79, N/A, 143.84, 100|1, 77, N/A, 52.61, 0|2, 75, N/A, 202.35, 100|3, 72, N/A, 116.78, 100|
22:36:40 0, 78, N/A, 165.66, 9|1, 78, N/A, 56.40, 80|2, 74, N/A, 199.77, 30|3, 72, N/A, 194.03, 100|
22:36:42 0, 77, N/A, 52.99, 0|1, 79, N/A, 145.42, 100|2, 74, N/A, 66.86, 100|3, 69, N/A, 190.95, 0|
22:36:44 0, 78, N/A, 49.15, 35|1, 79, N/A, 132.84, 88|2, 74, N/A, 181.05, 100|3, 69, N/A, 50.70, 0|
22:36:46 0, 79, N/A, 121.94, 100|1, 80, N/A, 132.44, 100|2, 71, N/A, 62.15, 0|3, 71, N/A, 53.16, 100|
22:36:48 0, 79, N/A, 138.55, 0|1, 79, N/A, 144.79, 100|2, 72, N/A, 63.07, 0|3, 72, N/A, 194.53, 100|
22:36:50 0, 79, N/A, 49.63, 100|1, 78, N/A, 142.79, 10|2, 75, N/A, 186.58, 100|3, 69, N/A, 51.15, 6|
22:36:52 0, 79, N/A, 141.65, 100|1, 78, N/A, 53.55, 85|2, 73, N/A, 177.64, 21|3, 72, N/A, 194.88, 100|
22:36:55 0, 78, N/A, 48.42, 0|1, 79, N/A, 138.29, 100|2, 72, N/A, 63.51, 29|3, 71, N/A, 172.94, 100|
22:36:57 0, 80, N/A, 126.87, 100|1, 78, N/A, 54.73, 0|2, 74, N/A, 196.62, 100|3, 69, N/A, 51.67, 31|
22:36:59 0, 79, N/A, 134.07, 100|1, 79, N/A, 126.38, 100|2, 72, N/A, 62.46, 6|3, 71, N/A, 175.27, 100|
22:37:01 0, 78, N/A, 48.72, 3|1, 79, N/A, 130.73, 100|2, 75, N/A, 185.18, 100|3, 68, N/A, 50.46, 3|
22:37:03 0, 80, N/A, 111.51, 100|1, 78, N/A, 53.69, 26|2, 74, N/A, 199.74, 76|3, 72, N/A, 67.60, 100|
22:37:05 0, 78, N/A, 53.27, 0|1, 79, N/A, 130.42, 100|2, 73, N/A, 64.00, 4|3, 71, N/A, 173.44, 56|
22:37:07 0, 79, N/A, 110.11, 100|1, 77, N/A, 52.55, 0|2, 75, N/A, 181.41, 100|3, 70, N/A, 52.13, 35|
22:37:09 0, 78, N/A, 123.41, 0|1, 79, N/A, 117.94, 100|2, 72, N/A, 62.90, 0|3, 72, N/A, 194.04, 100|
22:37:11 0, 78, N/A, 48.90, 17|1, 79, N/A, 121.24, 100|2, 75, N/A, 203.46, 100|3, 68, N/A, 50.66, 6|
22:37:13 0, 80, N/A, 141.76, 100|1, 79, N/A, 109.04, 100|2, 71, N/A, 61.94, 0|3, 72, N/A, 194.42, 100|
22:37:16 0, 78, N/A, 48.66, 0|1, 79, N/A, 140.63, 100|2, 73, N/A, 65.18, 100|3, 70, N/A, 191.79, 53|
22:37:18 0, 80, N/A, 145.52, 100|1, 78, N/A, 57.69, 61|2, 73, N/A, 198.85, 45|3, 72, N/A, 170.70, 100|
22:37:20 0, 78, N/A, 48.45, 0|1, 79, N/A, 135.88, 100|2, 73, N/A, 64.00, 73|3, 71, N/A, 189.75, 86|
22:37:22 0, 77, N/A, 53.37, 0|1, 78, N/A, 59.40, 53|2, 74, N/A, 200.49, 72|3, 70, N/A, 52.22, 98|
22:37:24 0, 80, N/A, 91.61, 100|1, 76, N/A, 117.77, 0|2, 71, N/A, 61.99, 0|3, 68, N/A, 50.31, 0|
22:37:26 0, 77, N/A, 47.55, 0|1, 77, N/A, 56.01, 0|2, 72, N/A, 62.87, 0|3, 71, N/A, 190.45, 100|
22:37:28 0, 77, N/A, 78.96, 23|1, 77, N/A, 57.03, 28|2, 71, N/A, 69.24, 21|3, 68, N/A, 74.10, 30|
22:37:30 0, 77, N/A, 64.61, 21|1, 76, N/A, 90.22, 21|2, 70, N/A, 90.33, 19|3, 67, N/A, 57.40, 27|
22:37:32 0, 77, N/A, 67.26, 21|1, 76, N/A, 97.99, 28|2, 69, N/A, 78.77, 20|3, 66, N/A, 47.49, 27|
22:37:34 0, 76, N/A, 72.35, 23|1, 76, N/A, 105.16, 28|2, 69, N/A, 67.14, 19|3, 66, N/A, 48.95, 32|
22:37:36 0, 76, N/A, 77.25, 18|1, 76, N/A, 97.40, 28|2, 69, N/A, 55.49, 22|3, 66, N/A, 50.41, 32|
22:37:39 0, 76, N/A, 74.79, 21|1, 75, N/A, 55.88, 28|2, 69, N/A, 55.74, 21|3, 66, N/A, 60.85, 32|
22:37:41 0, 76, N/A, 50.59, 19|1, 75, N/A, 58.35, 28|2, 69, N/A, 57.20, 22|3, 66, N/A, 66.17, 32|
22:37:43 0, 76, N/A, 51.56, 18|1, 75, N/A, 60.78, 28|2, 69, N/A, 60.36, 22|3, 66, N/A, 76.63, 32|
22:37:45 0, 76, N/A, 53.02, 23|1, 75, N/A, 64.63, 26|2, 69, N/A, 63.77, 22|3, 67, N/A, 77.80, 27|
22:37:47 0, 76, N/A, 53.99, 21|1, 74, N/A, 66.08, 25|2, 69, N/A, 68.63, 17|3, 66, N/A, 102.05, 25|
22:37:49 0, 75, N/A, 66.08, 23|1, 74, N/A, 83.01, 23|2, 69, N/A, 90.20, 17|3, 67, N/A, 64.71, 31|
22:37:51 0, 75, N/A, 70.21, 20|1, 73, N/A, 102.56, 28|2, 69, N/A, 70.54, 19|3, 67, N/A, 48.71, 26|
22:37:53 0, 75, N/A, 54.48, 23|1, 73, N/A, 67.55, 28|2, 69, N/A, 71.77, 17|3, 67, N/A, 94.77, 32|
22:37:55 0, 75, N/A, 56.88, 23|1, 73, N/A, 68.76, 28|2, 69, N/A, 73.96, 21|3, 67, N/A, 103.76, 28|
22:37:57 0, 75, N/A, 58.10, 23|1, 73, N/A, 77.47, 28|2, 69, N/A, 83.39, 17|3, 68, N/A, 80.47, 31|
22:37:59 0, 75, N/A, 71.42, 20|1, 73, N/A, 103.51, 28|2, 69, N/A, 64.99, 20|3, 67, N/A, 49.44, 27|
22:38:01 0, 75, N/A, 67.06, 24|1, 72, N/A, 54.45, 27|2, 70, N/A, 56.74, 17|3, 67, N/A, 64.25, 29|
22:38:04 0, 74, N/A, 51.81, 23|1, 72, N/A, 61.26, 28|2, 69, N/A, 64.98, 17|3, 68, N/A, 91.85, 24|
22:38:06 0, 74, N/A, 57.89, 24|1, 72, N/A, 75.05, 26|2, 69, N/A, 83.20, 18|3, 68, N/A, 82.19, 28|
22:38:08 0, 74, N/A, 69.49, 24|1, 72, N/A, 101.39, 28|2, 69, N/A, 73.47, 18|3, 68, N/A, 48.71, 32|
22:38:10 0, 74, N/A, 90.03, 24|1, 72, N/A, 73.58, 25|2, 69, N/A, 53.09, 22|3, 68, N/A, 52.36, 32|
22:38:12 0, 74, N/A, 46.09, 18|1, 71, N/A, 48.50, 14|2, 69, N/A, 50.02, 11|3, 67, N/A, 42.48, 32|
22:38:14 0, 76, N/A, 175.08, 100|1, 71, N/A, 47.86, 0|2, 69, N/A, 49.65, 0|3, 67, N/A, 42.10, 0|
22:38:16 0, 74, N/A, 72.35, 24|1, 71, N/A, 72.32, 22|2, 70, N/A, 75.36, 21|3, 68, N/A, 80.67, 29|
22:38:18 0, 75, N/A, 171.21, 19|1, 72, N/A, 56.54, 0|2, 71, N/A, 61.99, 7|3, 70, N/A, 52.50, 82|
22:38:20 0, 75, N/A, 73.04, 24|1, 72, N/A, 66.01, 22|2, 71, N/A, 72.69, 21|3, 69, N/A, 72.20, 29|
22:38:22 0, 76, N/A, 55.89, 26|1, 75, N/A, 169.33, 100|2, 74, N/A, 119.06, 100|3, 69, N/A, 152.45, 0|
22:38:24 0, 78, N/A, 177.27, 37|1, 74, N/A, 58.34, 0|2, 75, N/A, 188.90, 92|3, 72, N/A, 180.57, 79|
22:38:26 0, 79, N/A, 178.26, 70|1, 74, N/A, 58.05, 0|2, 76, N/A, 118.87, 100|3, 70, N/A, 140.61, 47|
22:38:29 0, 78, N/A, 184.24, 100|1, 73, N/A, 56.99, 1|2, 73, N/A, 64.13, 0|3, 70, N/A, 52.01, 0|
22:38:31 0, 76, N/A, 73.96, 26|1, 73, N/A, 67.18, 21|2, 72, N/A, 73.85, 21|3, 70, N/A, 72.40, 30|
22:38:33 0, 75, N/A, 54.56, 0|1, 72, N/A, 54.33, 0|2, 71, N/A, 62.43, 0|3, 68, N/A, 50.48, 0|
