22:30:12 0, 73, N/A, 51.45, 0|1, 70, N/A, 53.87, 0|2, 59, N/A, 48.34, 0|3, 55, N/A, 41.75, 0|
22:30:14 0, 73, N/A, 51.42, 0|1, 69, N/A, 54.08, 0|2, 59, N/A, 48.31, 0|3, 55, N/A, 41.75, 0|
22:30:16 0, 73, N/A, 52.15, 39|1, 69, N/A, 53.83, 0|2, 59, N/A, 48.80, 0|3, 55, N/A, 41.48, 0|
22:30:18 0, 73, N/A, 51.21, 0|1, 69, N/A, 46.83, 39|2, 58, N/A, 35.67, 0|3, 54, N/A, 30.05, 0|
22:30:20 0, 72, N/A, 44.44, 0|1, 69, N/A, 45.91, 0|2, 57, N/A, 35.47, 0|3, 53, N/A, 29.85, 0|
22:30:22 0, 72, N/A, 44.41, 0|1, 69, N/A, 45.63, 0|2, 57, N/A, 35.45, 0|3, 53, N/A, 29.83, 0|
22:30:24 0, 76, N/A, 172.65, 61|1, 72, N/A, 173.68, 99|2, 57, N/A, 35.22, 0|3, 53, N/A, 29.65, 0|
22:30:26 0, 78, N/A, 182.46, 100|1, 74, N/A, 184.00, 100|2, 57, N/A, 34.97, 0|3, 53, N/A, 29.63, 0|
22:30:28 0, 79, N/A, 185.11, 100|1, 75, N/A, 179.35, 100|2, 57, N/A, 34.97, 0|3, 53, N/A, 29.63, 0|
22:30:30 0, 80, N/A, 179.37, 100|1, 76, N/A, 189.58, 100|2, 57, N/A, 34.97, 0|3, 52, N/A, 29.63, 0|
22:30:32 0, 79, N/A, 147.87, 100|1, 77, N/A, 183.43, 100|2, 57, N/A, 35.00, 0|3, 52, N/A, 29.89, 0|
22:30:35 0, 78, N/A, 49.83, 100|1, 75, N/A, 183.57, 16|2, 56, N/A, 35.07, 0|3, 52, N/A, 29.73, 0|
22:30:37 0, 78, N/A, 182.83, 62|1, 73, N/A, 57.33, 0|2, 56, N/A, 34.83, 0|3, 52, N/A, 29.71, 0|
22:30:39 0, 78, N/A, 53.69, 59|1, 77, N/A, 178.01, 100|2, 56, N/A, 34.82, 0|3, 53, N/A, 29.71, 0|
22:30:41 0, 78, N/A, 124.12, 78|1, 76, N/A, 182.80, 100|2, 56, N/A, 34.78, 0|3, 52, N/A, 29.65, 0|
22:30:43 0, 78, N/A, 166.85, 65|1, 77, N/A, 179.83, 58|2, 56, N/A, 34.73, 0|3, 52, N/A, 29.65, 0|
22:30:45 0, 79, N/A, 51.77, 100|1, 76, N/A, 179.68, 18|2, 56, N/A, 34.58, 0|3, 52, N/A, 29.73, 0|
22:30:47 0, 79, N/A, 126.79, 100|1, 78, N/A, 190.06, 100|2, 56, N/A, 34.51, 0|3, 52, N/A, 29.67, 0|
22:30:49 0, 79, N/A, 141.57, 100|1, 74, N/A, 58.34, 0|2, 56, N/A, 34.60, 0|3, 52, N/A, 29.73, 0|
22:30:51 0, 78, N/A, 64.99, 48|1, 75, N/A, 75.67, 49|2, 56, N/A, 34.67, 0|3, 52, N/A, 29.79, 0|
22:30:53 0, 76, N/A, 55.39, 0|1, 72, N/A, 56.59, 0|2, 56, N/A, 34.72, 0|3, 52, N/A, 29.83, 0|
