11:23:54 0, 57, N/A, 41.42, 0|1, 55, N/A, 44.63, 0|2, 53, N/A, 46.85, 0|3, 54, N/A, 40.41, 0|4, 55, N/A, 43.37, 0|5, 57, N/A, 42.41, 0|6, 55, N/A, 45.07, 0|
11:23:56 0, 57, N/A, 41.42, 0|1, 55, N/A, 45.12, 0|2, 53, N/A, 47.07, 0|3, 54, N/A, 40.41, 0|4, 55, N/A, 43.37, 0|5, 57, N/A, 42.38, 0|6, 55, N/A, 45.04, 0|
11:23:59 0, 57, N/A, 41.40, 11|1, 55, N/A, 45.34, 10|2, 53, N/A, 47.31, 8|3, 54, N/A, 40.63, 10|4, 55, N/A, 43.62, 8|5, 57, N/A, 42.63, 9|6, 55, N/A, 45.04, 7|
11:24:01 0, 57, N/A, 41.65, 9|1, 55, N/A, 45.37, 8|2, 53, N/A, 47.07, 8|3, 54, N/A, 40.90, 8|4, 55, N/A, 43.62, 7|5, 57, N/A, 42.65, 8|6, 55, N/A, 45.04, 9|
11:24:03 0, 57, N/A, 41.40, 7|1, 55, N/A, 45.34, 7|2, 53, N/A, 47.07, 10|3, 54, N/A, 40.39, 9|4, 55, N/A, 43.62, 9|5, 57, N/A, 42.38, 7|6, 55, N/A, 45.29, 7|
11:24:05 0, 57, N/A, 41.89, 27|1, 55, N/A, 45.83, 50|2, 53, N/A, 48.54, 29|3, 54, N/A, 41.37, 85|4, 55, N/A, 45.07, 35|5, 57, N/A, 44.11, 64|6, 55, N/A, 46.52, 76|
11:24:07 0, 57, N/A, 41.89, 100|1, 55, N/A, 46.57, 100|2, 53, N/A, 48.54, 100|3, 54, N/A, 41.40, 100|4, 55, N/A, 44.85, 100|5, 57, N/A, 44.11, 100|6, 55, N/A, 46.52, 100|
11:24:09 0, 57, N/A, 41.92, 100|1, 55, N/A, 46.60, 100|2, 53, N/A, 48.54, 100|3, 54, N/A, 41.15, 100|4, 55, N/A, 44.85, 100|5, 57, N/A, 44.11, 100|6, 55, N/A, 46.52, 100|
11:24:11 0, 57, N/A, 41.92, 100|1, 55, N/A, 46.60, 100|2, 53, N/A, 48.54, 100|3, 54, N/A, 41.15, 100|4, 55, N/A, 44.85, 100|5, 57, N/A, 44.11, 100|6, 55, N/A, 46.52, 100|
11:24:13 0, 57, N/A, 41.92, 100|1, 55, N/A, 46.60, 100|2, 53, N/A, 48.57, 100|3, 54, N/A, 41.15, 100|4, 55, N/A, 44.85, 100|5, 57, N/A, 44.13, 100|6, 55, N/A, 46.55, 100|
11:24:15 0, 57, N/A, 41.92, 100|1, 55, N/A, 46.60, 100|2, 53, N/A, 48.54, 100|3, 54, N/A, 41.15, 100|4, 55, N/A, 44.85, 100|5, 57, N/A, 44.11, 100|6, 55, N/A, 46.52, 100|
11:24:17 0, 57, N/A, 41.92, 100|1, 55, N/A, 46.60, 100|2, 53, N/A, 48.54, 100|3, 54, N/A, 41.12, 100|4, 55, N/A, 44.85, 100|5, 57, N/A, 44.11, 100|6, 55, N/A, 46.52, 100|
11:24:20 0, 57, N/A, 41.89, 100|1, 55, N/A, 46.57, 100|2, 53, N/A, 48.54, 100|3, 54, N/A, 41.12, 100|4, 55, N/A, 44.83, 100|5, 57, N/A, 44.11, 100|6, 55, N/A, 46.52, 100|
11:24:22 0, 57, N/A, 41.89, 100|1, 55, N/A, 46.60, 100|2, 53, N/A, 48.54, 100|3, 54, N/A, 41.12, 100|4, 55, N/A, 45.10, 100|5, 57, N/A, 44.11, 100|6, 55, N/A, 46.52, 100|
11:24:24 0, 57, N/A, 41.89, 100|1, 55, N/A, 46.60, 100|2, 53, N/A, 48.54, 100|3, 54, N/A, 41.15, 100|4, 55, N/A, 44.85, 100|5, 57, N/A, 44.11, 100|6, 55, N/A, 46.52, 100|
11:24:26 0, 57, N/A, 41.92, 100|1, 55, N/A, 46.60, 100|2, 53, N/A, 48.82, 100|3, 54, N/A, 41.40, 100|4, 55, N/A, 45.10, 100|5, 57, N/A, 44.11, 100|6, 55, N/A, 46.55, 100|
11:24:28 0, 57, N/A, 41.92, 100|1, 55, N/A, 46.60, 100|2, 53, N/A, 48.57, 100|3, 54, N/A, 41.15, 100|4, 55, N/A, 44.85, 100|5, 57, N/A, 44.11, 100|6, 55, N/A, 46.55, 100|
11:24:30 0, 57, N/A, 41.89, 100|1, 55, N/A, 46.60, 100|2, 53, N/A, 48.54, 100|3, 54, N/A, 41.12, 100|4, 55, N/A, 45.07, 100|5, 57, N/A, 44.11, 100|6, 55, N/A, 46.52, 100|
11:24:32 0, 57, N/A, 41.92, 100|1, 55, N/A, 46.60, 100|2, 53, N/A, 48.79, 100|3, 54, N/A, 41.37, 100|4, 55, N/A, 44.85, 100|5, 57, N/A, 44.11, 100|6, 55, N/A, 46.52, 100|
11:24:34 0, 57, N/A, 41.89, 100|1, 55, N/A, 46.57, 100|2, 53, N/A, 48.54, 100|3, 54, N/A, 41.12, 100|4, 55, N/A, 45.07, 100|5, 57, N/A, 43.86, 100|6, 55, N/A, 46.52, 100|
11:24:36 0, 57, N/A, 41.89, 100|1, 55, N/A, 46.57, 100|2, 53, N/A, 48.54, 100|3, 54, N/A, 41.37, 100|4, 55, N/A, 45.07, 100|5, 57, N/A, 43.86, 100|6, 55, N/A, 46.52, 100|
11:24:38 0, 57, N/A, 41.89, 100|1, 55, N/A, 46.60, 100|2, 53, N/A, 48.57, 100|3, 54, N/A, 41.12, 100|4, 55, N/A, 45.10, 100|5, 57, N/A, 44.11, 100|6, 55, N/A, 46.52, 100|
11:24:40 0, 57, N/A, 41.92, 100|1, 55, N/A, 46.60, 100|2, 53, N/A, 48.79, 100|3, 54, N/A, 41.37, 100|4, 55, N/A, 45.10, 100|5, 57, N/A, 44.11, 100|6, 55, N/A, 46.52, 100|
11:24:43 0, 57, N/A, 41.92, 100|1, 55, N/A, 46.60, 100|2, 53, N/A, 48.79, 100|3, 54, N/A, 41.15, 100|4, 55, N/A, 45.10, 100|5, 57, N/A, 44.13, 100|6, 55, N/A, 46.55, 100|
11:24:45 0, 57, N/A, 41.92, 100|1, 55, N/A, 46.60, 100|2, 53, N/A, 48.79, 100|3, 54, N/A, 41.37, 100|4, 56, N/A, 45.10, 100|5, 57, N/A, 44.14, 100|6, 55, N/A, 46.52, 100|
11:24:47 0, 57, N/A, 41.92, 100|1, 55, N/A, 46.60, 100|2, 54, N/A, 48.79, 100|3, 54, N/A, 41.15, 100|4, 55, N/A, 45.10, 100|5, 57, N/A, 44.11, 100|6, 55, N/A, 46.52, 100|
11:24:49 0, 57, N/A, 41.89, 100|1, 55, N/A, 46.57, 100|2, 54, N/A, 48.79, 100|3, 54, N/A, 41.37, 100|4, 55, N/A, 45.07, 100|5, 57, N/A, 44.11, 100|6, 55, N/A, 46.76, 100|
11:24:51 0, 57, N/A, 41.89, 100|1, 55, N/A, 46.57, 100|2, 54, N/A, 48.79, 100|3, 54, N/A, 41.37, 100|4, 55, N/A, 45.07, 100|5, 57, N/A, 44.11, 100|6, 55, N/A, 46.52, 100|
11:24:53 0, 57, N/A, 41.89, 100|1, 55, N/A, 46.57, 100|2, 54, N/A, 48.79, 100|3, 54, N/A, 41.37, 100|4, 55, N/A, 45.10, 100|5, 57, N/A, 44.11, 100|6, 55, N/A, 46.52, 100|
11:24:55 0, 57, N/A, 41.92, 100|1, 55, N/A, 46.60, 100|2, 54, N/A, 48.79, 100|3, 54, N/A, 41.37, 100|4, 55, N/A, 45.07, 100|5, 57, N/A, 44.11, 100|6, 55, N/A, 46.52, 100|
11:24:57 0, 57, N/A, 41.92, 100|1, 55, N/A, 46.60, 100|2, 54, N/A, 49.06, 100|3, 54, N/A, 41.15, 100|4, 55, N/A, 45.10, 100|5, 57, N/A, 44.11, 100|6, 55, N/A, 46.52, 100|
11:24:59 0, 57, N/A, 41.92, 100|1, 55, N/A, 46.60, 100|2, 54, N/A, 49.04, 100|3, 54, N/A, 41.40, 100|4, 55, N/A, 45.10, 100|5, 57, N/A, 44.11, 100|6, 55, N/A, 46.76, 100|
11:25:01 0, 57, N/A, 41.92, 100|1, 55, N/A, 46.60, 100|2, 54, N/A, 48.82, 100|3, 54, N/A, 41.40, 100|4, 55, N/A, 45.10, 100|5, 58, N/A, 44.14, 100|6, 55, N/A, 46.55, 100|
11:25:03 0, 57, N/A, 41.92, 100|1, 55, N/A, 46.57, 100|2, 54, N/A, 49.04, 100|3, 54, N/A, 41.37, 100|4, 55, N/A, 45.07, 100|5, 57, N/A, 44.11, 100|6, 55, N/A, 46.76, 100|
11:25:05 0, 57, N/A, 41.92, 100|1, 55, N/A, 46.60, 100|2, 54, N/A, 49.04, 100|3, 54, N/A, 41.40, 100|4, 55, N/A, 45.10, 100|5, 57, N/A, 44.36, 100|6, 55, N/A, 46.76, 100|
11:25:08 0, 57, N/A, 41.92, 100|1, 55, N/A, 46.60, 100|2, 54, N/A, 49.04, 100|3, 54, N/A, 41.40, 100|4, 55, N/A, 45.10, 100|5, 57, N/A, 44.38, 100|6, 55, N/A, 46.76, 100|
11:25:10 0, 57, N/A, 41.89, 100|1, 55, N/A, 46.60, 100|2, 54, N/A, 48.79, 100|3, 54, N/A, 41.37, 100|4, 55, N/A, 45.10, 100|5, 57, N/A, 44.36, 100|6, 55, N/A, 46.76, 100|
11:25:12 0, 57, N/A, 41.92, 100|1, 55, N/A, 46.60, 100|2, 54, N/A, 49.04, 100|3, 54, N/A, 41.40, 100|4, 55, N/A, 45.10, 100|5, 57, N/A, 44.36, 100|6, 55, N/A, 46.77, 100|
11:25:14 0, 56, N/A, 42.16, 100|1, 55, N/A, 46.60, 100|2, 54, N/A, 48.79, 100|3, 54, N/A, 41.40, 100|4, 56, N/A, 45.10, 100|5, 57, N/A, 44.38, 100|6, 55, N/A, 46.52, 100|
11:25:16 0, 57, N/A, 42.16, 100|1, 55, N/A, 46.60, 100|2, 54, N/A, 49.04, 100|3, 54, N/A, 41.40, 100|4, 55, N/A, 45.10, 100|5, 57, N/A, 44.36, 100|6, 55, N/A, 46.76, 100|
11:25:18 0, 57, N/A, 42.38, 100|1, 55, N/A, 46.57, 100|2, 54, N/A, 49.04, 100|3, 54, N/A, 41.37, 100|4, 56, N/A, 45.10, 100|5, 57, N/A, 44.36, 100|6, 55, N/A, 46.76, 100|
11:25:20 0, 57, N/A, 42.16, 100|1, 55, N/A, 46.57, 100|2, 54, N/A, 48.79, 100|3, 54, N/A, 41.37, 100|4, 56, N/A, 45.10, 100|5, 58, N/A, 44.36, 100|6, 55, N/A, 46.76, 100|
11:25:22 0, 57, N/A, 42.14, 100|1, 55, N/A, 46.57, 100|2, 54, N/A, 49.04, 100|3, 54, N/A, 41.37, 100|4, 56, N/A, 45.10, 100|5, 58, N/A, 44.36, 100|6, 55, N/A, 46.76, 100|
11:25:24 0, 57, N/A, 42.14, 100|1, 55, N/A, 46.57, 100|2, 54, N/A, 48.79, 100|3, 54, N/A, 41.40, 100|4, 56, N/A, 45.07, 100|5, 58, N/A, 44.38, 100|6, 55, N/A, 46.76, 100|
11:25:26 0, 57, N/A, 42.41, 100|1, 55, N/A, 46.60, 100|2, 54, N/A, 49.06, 100|3, 54, N/A, 41.40, 100|4, 56, N/A, 45.10, 100|5, 58, N/A, 44.38, 100|6, 55, N/A, 46.79, 100|
11:25:28 0, 57, N/A, 42.16, 100|1, 55, N/A, 46.60, 100|2, 54, N/A, 49.04, 100|3, 54, N/A, 41.40, 100|4, 56, N/A, 45.10, 100|5, 58, N/A, 44.36, 100|6, 55, N/A, 46.79, 100|
11:25:31 0, 57, N/A, 42.38, 100|1, 55, N/A, 46.57, 100|2, 54, N/A, 49.04, 100|3, 54, N/A, 41.37, 100|4, 56, N/A, 45.07, 100|5, 58, N/A, 44.36, 100|6, 55, N/A, 46.76, 100|
11:25:33 0, 57, N/A, 42.41, 100|1, 55, N/A, 46.57, 100|2, 54, N/A, 49.04, 100|3, 54, N/A, 41.40, 100|4, 56, N/A, 45.10, 100|5, 58, N/A, 44.36, 100|6, 55, N/A, 46.76, 100|
11:25:35 0, 57, N/A, 42.38, 100|1, 55, N/A, 46.57, 100|2, 54, N/A, 49.04, 100|3, 54, N/A, 41.40, 100|4, 56, N/A, 45.07, 100|5, 58, N/A, 44.36, 100|6, 55, N/A, 46.76, 100|
11:25:37 0, 57, N/A, 42.41, 100|1, 55, N/A, 46.60, 100|2, 54, N/A, 48.79, 100|3, 54, N/A, 41.40, 100|4, 56, N/A, 45.10, 100|5, 58, N/A, 44.36, 100|6, 55, N/A, 46.77, 100|
11:25:39 0, 57, N/A, 42.16, 100|1, 55, N/A, 46.60, 100|2, 54, N/A, 49.04, 100|3, 54, N/A, 41.37, 100|4, 56, N/A, 45.10, 100|5, 58, N/A, 44.36, 100|6, 55, N/A, 46.76, 100|
11:25:41 0, 57, N/A, 42.16, 100|1, 55, N/A, 46.60, 100|2, 54, N/A, 49.06, 100|3, 54, N/A, 41.40, 100|4, 56, N/A, 45.10, 100|5, 58, N/A, 44.38, 100|6, 55, N/A, 46.77, 100|
11:25:43 0, 57, N/A, 42.41, 100|1, 55, N/A, 46.60, 100|2, 54, N/A, 49.31, 100|3, 54, N/A, 41.40, 100|4, 56, N/A, 45.10, 100|5, 58, N/A, 44.38, 100|6, 55, N/A, 46.77, 100|
11:25:45 0, 57, N/A, 42.16, 100|1, 55, N/A, 46.60, 100|2, 54, N/A, 49.04, 100|3, 54, N/A, 41.40, 100|4, 56, N/A, 45.10, 100|5, 58, N/A, 44.36, 100|6, 55, N/A, 46.77, 100|
11:25:47 0, 57, N/A, 42.41, 100|1, 55, N/A, 46.57, 100|2, 54, N/A, 49.04, 100|3, 54, N/A, 41.40, 100|4, 56, N/A, 45.10, 100|5, 58, N/A, 44.36, 100|6, 55, N/A, 46.76, 100|
11:25:49 0, 57, N/A, 42.38, 100|1, 55, N/A, 46.57, 100|2, 54, N/A, 49.28, 100|3, 54, N/A, 41.37, 100|4, 56, N/A, 45.10, 100|5, 58, N/A, 44.36, 100|6, 55, N/A, 46.76, 100|
11:25:51 0, 57, N/A, 42.41, 100|1, 55, N/A, 46.60, 100|2, 54, N/A, 49.28, 100|3, 54, N/A, 41.37, 100|4, 56, N/A, 45.32, 100|5, 58, N/A, 44.36, 100|6, 55, N/A, 46.76, 100|
11:25:53 0, 57, N/A, 42.41, 100|1, 55, N/A, 46.60, 100|2, 54, N/A, 49.28, 100|3, 54, N/A, 41.40, 100|4, 56, N/A, 45.10, 100|5, 58, N/A, 44.36, 100|6, 55, N/A, 46.76, 100|
11:25:56 0, 57, N/A, 42.41, 100|1, 55, N/A, 46.60, 100|2, 54, N/A, 49.28, 100|3, 54, N/A, 41.40, 100|4, 56, N/A, 45.34, 100|5, 58, N/A, 44.36, 100|6, 55, N/A, 46.77, 100|
11:25:58 0, 57, N/A, 42.41, 100|1, 55, N/A, 46.60, 100|2, 54, N/A, 49.28, 100|3, 54, N/A, 41.40, 100|4, 56, N/A, 45.34, 100|5, 58, N/A, 44.38, 100|6, 55, N/A, 46.77, 100|
11:26:00 0, 57, N/A, 42.41, 100|1, 55, N/A, 46.85, 100|2, 54, N/A, 49.28, 100|3, 54, N/A, 41.37, 100|4, 56, N/A, 45.34, 100|5, 58, N/A, 44.36, 100|6, 55, N/A, 46.76, 100|
11:26:02 0, 57, N/A, 42.41, 100|1, 55, N/A, 46.60, 100|2, 54, N/A, 49.28, 100|3, 54, N/A, 41.37, 100|4, 56, N/A, 45.32, 100|5, 58, N/A, 44.36, 100|6, 55, N/A, 46.76, 100|
11:26:04 0, 57, N/A, 42.38, 100|1, 55, N/A, 46.60, 100|2, 54, N/A, 49.28, 100|3, 54, N/A, 41.40, 100|4, 56, N/A, 45.32, 100|5, 58, N/A, 44.36, 100|6, 55, N/A, 46.76, 100|
11:26:06 0, 57, N/A, 42.14, 100|1, 55, N/A, 46.60, 100|2, 54, N/A, 49.28, 100|3, 54, N/A, 41.40, 100|4, 56, N/A, 45.34, 100|5, 58, N/A, 44.36, 100|6, 55, N/A, 46.77, 100|
11:26:08 0, 57, N/A, 42.41, 100|1, 55, N/A, 46.85, 100|2, 54, N/A, 49.28, 100|3, 54, N/A, 41.40, 100|4, 56, N/A, 45.34, 100|5, 58, N/A, 44.36, 100|6, 55, N/A, 46.76, 100|
11:26:10 0, 56, N/A, 42.16, 100|1, 55, N/A, 46.60, 100|2, 54, N/A, 49.31, 100|3, 54, N/A, 41.40, 100|4, 56, N/A, 45.34, 100|5, 58, N/A, 44.36, 100|6, 55, N/A, 46.77, 100|
11:26:12 0, 57, N/A, 42.16, 100|1, 55, N/A, 46.82, 100|2, 54, N/A, 49.28, 100|3, 55, N/A, 41.62, 100|4, 56, N/A, 45.34, 100|5, 58, N/A, 44.61, 100|6, 55, N/A, 46.76, 100|
11:26:14 0, 57, N/A, 42.14, 100|1, 55, N/A, 46.60, 100|2, 54, N/A, 49.28, 100|3, 55, N/A, 41.37, 100|4, 56, N/A, 45.34, 100|5, 58, N/A, 44.61, 100|6, 55, N/A, 46.77, 100|
11:26:16 0, 57, N/A, 42.14, 100|1, 55, N/A, 46.57, 100|2, 54, N/A, 49.28, 100|3, 55, N/A, 41.62, 100|4, 56, N/A, 45.32, 100|5, 58, N/A, 44.60, 100|6, 55, N/A, 46.76, 100|
11:26:19 0, 57, N/A, 42.14, 100|1, 55, N/A, 46.85, 100|2, 54, N/A, 49.28, 100|3, 55, N/A, 41.62, 100|4, 56, N/A, 45.32, 100|5, 58, N/A, 44.60, 100|6, 55, N/A, 46.76, 100|
11:26:21 0, 57, N/A, 42.14, 100|1, 55, N/A, 46.60, 100|2, 54, N/A, 49.28, 100|3, 55, N/A, 41.37, 100|4, 56, N/A, 45.32, 100|5, 58, N/A, 44.60, 100|6, 55, N/A, 46.76, 100|
11:26:23 0, 57, N/A, 42.16, 100|1, 55, N/A, 46.85, 100|2, 54, N/A, 49.28, 100|3, 55, N/A, 41.40, 100|4, 56, N/A, 45.34, 100|5, 58, N/A, 44.63, 100|6, 55, N/A, 47.01, 100|
11:26:25 0, 57, N/A, 42.16, 100|1, 55, N/A, 46.85, 100|2, 55, N/A, 49.28, 100|3, 55, N/A, 41.40, 100|4, 56, N/A, 45.32, 100|5, 58, N/A, 44.60, 100|6, 56, N/A, 47.01, 100|
11:26:27 0, 57, N/A, 42.16, 100|1, 55, N/A, 46.60, 100|2, 54, N/A, 49.28, 100|3, 55, N/A, 41.40, 100|4, 56, N/A, 45.34, 100|5, 58, N/A, 44.63, 100|6, 55, N/A, 46.79, 100|
11:26:29 0, 57, N/A, 42.16, 100|1, 55, N/A, 46.85, 100|2, 54, N/A, 49.28, 100|3, 55, N/A, 41.40, 100|4, 56, N/A, 45.34, 100|5, 58, N/A, 44.61, 100|6, 55, N/A, 46.79, 100|
11:26:31 0, 57, N/A, 42.14, 100|1, 55, N/A, 46.85, 100|2, 54, N/A, 49.28, 100|3, 55, N/A, 41.62, 100|4, 56, N/A, 45.34, 100|5, 58, N/A, 44.60, 100|6, 56, N/A, 46.76, 100|
11:26:33 0, 57, N/A, 42.14, 100|1, 55, N/A, 46.82, 100|2, 54, N/A, 49.28, 100|3, 55, N/A, 41.62, 100|4, 56, N/A, 45.32, 100|5, 58, N/A, 44.60, 100|6, 56, N/A, 47.01, 100|
11:26:35 0, 57, N/A, 42.38, 100|1, 55, N/A, 46.82, 100|2, 54, N/A, 49.28, 100|3, 55, N/A, 41.62, 100|4, 56, N/A, 45.32, 100|5, 58, N/A, 44.60, 100|6, 56, N/A, 47.01, 100|
11:26:37 0, 57, N/A, 42.38, 100|1, 55, N/A, 46.85, 100|2, 55, N/A, 49.53, 100|3, 55, N/A, 41.64, 100|4, 56, N/A, 45.34, 100|5, 58, N/A, 44.60, 100|6, 56, N/A, 47.01, 100|
11:26:39 0, 57, N/A, 42.41, 100|1, 55, N/A, 46.60, 100|2, 55, N/A, 49.28, 100|3, 55, N/A, 41.64, 100|4, 56, N/A, 45.34, 100|5, 58, N/A, 44.63, 100|6, 56, N/A, 47.04, 100|
11:26:42 0, 57, N/A, 42.16, 100|1, 55, N/A, 46.85, 100|2, 55, N/A, 49.28, 100|3, 55, N/A, 41.64, 100|4, 56, N/A, 45.34, 100|5, 58, N/A, 44.63, 100|6, 56, N/A, 47.02, 100|
11:26:44 0, 57, N/A, 42.41, 100|1, 55, N/A, 46.85, 100|2, 54, N/A, 49.31, 100|3, 55, N/A, 41.64, 100|4, 56, N/A, 45.34, 100|5, 58, N/A, 44.63, 100|6, 56, N/A, 47.02, 100|
11:26:46 0, 57, N/A, 42.38, 100|1, 55, N/A, 46.85, 100|2, 54, N/A, 49.53, 100|3, 55, N/A, 41.64, 100|4, 56, N/A, 45.34, 100|5, 58, N/A, 44.61, 100|6, 56, N/A, 47.01, 100|
11:26:48 0, 57, N/A, 42.41, 100|1, 55, N/A, 46.85, 100|2, 55, N/A, 49.28, 100|3, 55, N/A, 41.64, 100|4, 56, N/A, 45.59, 100|5, 59, N/A, 44.60, 100|6, 56, N/A, 47.02, 100|
11:26:50 0, 57, N/A, 42.14, 100|1, 55, N/A, 46.82, 100|2, 55, N/A, 49.53, 100|3, 55, N/A, 41.64, 100|4, 56, N/A, 45.34, 100|5, 59, N/A, 44.60, 100|6, 56, N/A, 47.01, 100|
11:26:52 0, 57, N/A, 42.41, 100|1, 55, N/A, 46.82, 100|2, 55, N/A, 49.53, 100|3, 55, N/A, 41.62, 100|4, 56, N/A, 45.57, 100|5, 59, N/A, 44.60, 100|6, 56, N/A, 47.01, 100|
11:26:54 0, 57, N/A, 42.38, 100|1, 55, N/A, 46.85, 100|2, 55, N/A, 49.53, 100|3, 55, N/A, 41.62, 100|4, 56, N/A, 45.34, 100|5, 59, N/A, 44.60, 100|6, 56, N/A, 47.26, 100|
11:26:56 0, 57, N/A, 42.41, 100|1, 55, N/A, 46.85, 100|2, 55, N/A, 49.53, 100|3, 55, N/A, 41.64, 100|4, 56, N/A, 45.34, 100|5, 59, N/A, 44.60, 100|6, 56, N/A, 47.01, 100|
11:26:58 0, 57, N/A, 42.38, 100|1, 55, N/A, 46.85, 100|2, 55, N/A, 49.53, 100|3, 55, N/A, 41.65, 100|4, 56, N/A, 45.59, 100|5, 59, N/A, 44.61, 100|6, 56, N/A, 47.04, 100|
11:27:00 0, 57, N/A, 42.16, 100|1, 55, N/A, 46.85, 100|2, 55, N/A, 49.56, 100|3, 55, N/A, 41.65, 100|4, 56, N/A, 45.34, 100|5, 59, N/A, 44.63, 100|6, 56, N/A, 47.04, 100|
11:27:02 0, 57, N/A, 42.14, 100|1, 55, N/A, 46.82, 100|2, 55, N/A, 49.53, 100|3, 55, N/A, 41.62, 100|4, 56, N/A, 45.32, 100|5, 59, N/A, 44.60, 100|6, 56, N/A, 47.01, 100|
11:27:05 0, 57, N/A, 42.38, 100|1, 55, N/A, 46.85, 100|2, 55, N/A, 49.53, 100|3, 55, N/A, 41.62, 100|4, 56, N/A, 45.32, 100|5, 59, N/A, 44.60, 100|6, 56, N/A, 47.01, 100|
11:27:07 0, 57, N/A, 42.14, 100|1, 55, N/A, 46.82, 100|2, 55, N/A, 49.53, 100|3, 55, N/A, 41.62, 100|4, 56, N/A, 45.32, 100|5, 59, N/A, 44.60, 100|6, 56, N/A, 47.01, 100|
11:27:09 0, 57, N/A, 42.38, 100|1, 55, N/A, 46.85, 100|2, 55, N/A, 49.53, 100|3, 55, N/A, 41.62, 100|4, 56, N/A, 45.32, 100|5, 59, N/A, 44.60, 100|6, 56, N/A, 47.01, 100|
11:27:11 0, 57, N/A, 42.41, 100|1, 55, N/A, 46.85, 100|2, 55, N/A, 49.53, 100|3, 55, N/A, 41.64, 100|4, 56, N/A, 45.32, 100|5, 59, N/A, 44.60, 100|6, 56, N/A, 47.01, 100|
11:27:13 0, 57, N/A, 42.41, 100|1, 55, N/A, 46.85, 100|2, 55, N/A, 49.53, 100|3, 55, N/A, 41.64, 100|4, 56, N/A, 45.34, 100|5, 59, N/A, 44.60, 100|6, 56, N/A, 47.02, 100|
11:27:15 0, 57, N/A, 42.41, 100|1, 55, N/A, 46.85, 100|2, 55, N/A, 49.53, 100|3, 55, N/A, 41.64, 100|4, 57, N/A, 45.59, 100|5, 59, N/A, 44.63, 100|6, 56, N/A, 47.02, 100|
11:27:17 0, 57, N/A, 42.38, 100|1, 55, N/A, 46.85, 100|2, 55, N/A, 49.53, 100|3, 55, N/A, 41.64, 100|4, 57, N/A, 45.34, 100|5, 59, N/A, 44.60, 100|6, 56, N/A, 47.01, 100|
11:27:19 0, 57, N/A, 42.16, 100|1, 55, N/A, 46.85, 100|2, 55, N/A, 49.53, 100|3, 55, N/A, 41.65, 100|4, 57, N/A, 45.59, 100|5, 59, N/A, 44.60, 100|6, 56, N/A, 47.26, 100|
11:27:21 0, 57, N/A, 42.38, 100|1, 55, N/A, 46.82, 100|2, 55, N/A, 49.53, 100|3, 55, N/A, 41.62, 100|4, 57, N/A, 45.57, 100|5, 59, N/A, 44.60, 100|6, 56, N/A, 47.01, 100|
11:27:23 0, 57, N/A, 42.38, 100|1, 55, N/A, 46.85, 100|2, 55, N/A, 49.53, 100|3, 55, N/A, 41.62, 100|4, 56, N/A, 45.32, 100|5, 59, N/A, 44.61, 100|6, 56, N/A, 47.01, 100|
11:27:25 0, 57, N/A, 42.41, 100|1, 55, N/A, 46.85, 100|2, 55, N/A, 49.53, 100|3, 55, N/A, 41.64, 100|4, 57, N/A, 45.83, 100|5, 59, N/A, 44.60, 100|6, 56, N/A, 47.26, 100|
11:27:27 0, 57, N/A, 42.14, 100|1, 55, N/A, 46.85, 100|2, 55, N/A, 49.53, 100|3, 55, N/A, 41.62, 100|4, 56, N/A, 45.57, 100|5, 59, N/A, 44.60, 100|6, 56, N/A, 47.01, 100|
11:27:30 0, 57, N/A, 42.41, 100|1, 55, N/A, 46.85, 100|2, 55, N/A, 49.56, 100|3, 55, N/A, 41.64, 100|4, 57, N/A, 45.59, 100|5, 59, N/A, 44.60, 100|6, 56, N/A, 47.01, 100|
11:27:32 0, 57, N/A, 42.38, 100|1, 55, N/A, 46.85, 100|2, 55, N/A, 49.53, 100|3, 55, N/A, 41.64, 100|4, 56, N/A, 45.57, 100|5, 59, N/A, 44.60, 100|6, 56, N/A, 47.01, 100|
11:27:34 0, 57, N/A, 42.38, 100|1, 55, N/A, 46.85, 100|2, 55, N/A, 49.53, 100|3, 55, N/A, 41.62, 100|4, 56, N/A, 45.57, 100|5, 59, N/A, 44.60, 100|6, 56, N/A, 47.01, 100|
11:27:36 0, 57, N/A, 42.14, 100|1, 56, N/A, 46.85, 100|2, 55, N/A, 49.53, 100|3, 55, N/A, 41.64, 100|4, 57, N/A, 45.59, 100|5, 59, N/A, 44.60, 100|6, 56, N/A, 47.01, 100|
11:27:38 0, 57, N/A, 42.41, 100|1, 56, N/A, 46.85, 100|2, 55, N/A, 49.53, 100|3, 55, N/A, 41.64, 100|4, 57, N/A, 45.83, 100|5, 59, N/A, 44.60, 100|6, 56, N/A, 47.01, 100|
11:27:40 0, 57, N/A, 42.41, 100|1, 55, N/A, 46.85, 100|2, 55, N/A, 49.53, 100|3, 55, N/A, 41.64, 100|4, 57, N/A, 45.83, 100|5, 59, N/A, 44.85, 100|6, 56, N/A, 47.01, 100|
11:27:42 0, 57, N/A, 42.16, 100|1, 55, N/A, 46.85, 100|2, 55, N/A, 49.53, 100|3, 55, N/A, 41.64, 100|4, 57, N/A, 45.83, 100|5, 59, N/A, 44.85, 100|6, 56, N/A, 47.26, 100|
11:27:44 0, 57, N/A, 42.38, 100|1, 55, N/A, 46.82, 100|2, 55, N/A, 49.53, 100|3, 55, N/A, 41.62, 100|4, 57, N/A, 45.81, 100|5, 59, N/A, 44.85, 100|6, 56, N/A, 47.01, 100|
11:27:46 0, 57, N/A, 42.38, 100|1, 55, N/A, 46.85, 100|2, 55, N/A, 49.53, 100|3, 55, N/A, 41.62, 100|4, 57, N/A, 45.83, 100|5, 59, N/A, 44.61, 100|6, 56, N/A, 47.26, 100|
11:27:48 0, 57, N/A, 42.41, 100|1, 56, N/A, 46.85, 100|2, 55, N/A, 49.53, 100|3, 55, N/A, 41.62, 100|4, 57, N/A, 45.81, 100|5, 59, N/A, 44.85, 100|6, 56, N/A, 47.01, 100|
11:27:50 0, 57, N/A, 42.14, 100|1, 55, N/A, 46.85, 100|2, 55, N/A, 49.53, 100|3, 55, N/A, 41.64, 100|4, 57, N/A, 45.83, 100|5, 59, N/A, 44.85, 100|6, 56, N/A, 47.01, 100|
11:27:53 0, 57, N/A, 42.41, 100|1, 56, N/A, 46.85, 100|2, 55, N/A, 49.56, 100|3, 55, N/A, 41.64, 100|4, 57, N/A, 45.59, 100|5, 59, N/A, 44.86, 100|6, 56, N/A, 47.01, 100|
11:27:55 0, 57, N/A, 42.16, 100|1, 56, N/A, 46.85, 100|2, 55, N/A, 49.78, 100|3, 55, N/A, 41.64, 100|4, 57, N/A, 45.83, 100|5, 59, N/A, 44.85, 100|6, 56, N/A, 47.02, 100|
11:27:57 0, 57, N/A, 42.16, 100|1, 55, N/A, 46.82, 100|2, 55, N/A, 49.78, 100|3, 55, N/A, 41.64, 100|4, 57, N/A, 45.59, 100|5, 59, N/A, 44.86, 100|6, 56, N/A, 47.02, 100|
11:27:59 0, 57, N/A, 42.14, 100|1, 55, N/A, 46.82, 100|2, 55, N/A, 49.78, 100|3, 55, N/A, 41.86, 100|4, 57, N/A, 45.83, 100|5, 59, N/A, 44.85, 100|6, 56, N/A, 47.26, 100|
11:28:01 0, 57, N/A, 42.41, 100|1, 55, N/A, 46.85, 100|2, 55, N/A, 49.81, 100|3, 55, N/A, 41.62, 100|4, 57, N/A, 45.83, 100|5, 59, N/A, 44.86, 100|6, 56, N/A, 47.26, 100|
11:28:03 0, 57, N/A, 42.16, 100|1, 55, N/A, 46.85, 100|2, 55, N/A, 49.78, 100|3, 55, N/A, 41.64, 100|4, 57, N/A, 45.59, 100|5, 59, N/A, 44.86, 100|6, 56, N/A, 47.26, 100|
11:28:05 0, 57, N/A, 42.16, 100|1, 55, N/A, 46.85, 100|2, 55, N/A, 49.81, 100|3, 55, N/A, 41.65, 100|4, 57, N/A, 45.59, 100|5, 59, N/A, 44.86, 100|6, 56, N/A, 47.29, 100|
11:28:07 0, 57, N/A, 42.16, 100|1, 56, N/A, 46.85, 100|2, 55, N/A, 49.81, 100|3, 55, N/A, 41.65, 100|4, 57, N/A, 45.83, 100|5, 59, N/A, 44.87, 100|6, 56, N/A, 47.29, 100|
11:28:09 0, 57, N/A, 42.16, 100|1, 56, N/A, 46.85, 100|2, 55, N/A, 49.78, 100|3, 55, N/A, 41.89, 100|4, 57, N/A, 45.59, 100|5, 59, N/A, 44.85, 100|6, 56, N/A, 47.26, 100|
11:28:11 0, 57, N/A, 42.41, 100|1, 55, N/A, 46.85, 100|2, 55, N/A, 49.78, 100|3, 55, N/A, 41.89, 100|4, 57, N/A, 45.83, 100|5, 59, N/A, 44.86, 100|6, 56, N/A, 47.28, 100|
11:28:13 0, 57, N/A, 42.41, 100|1, 56, N/A, 46.85, 100|2, 55, N/A, 49.81, 100|3, 55, N/A, 41.65, 100|4, 57, N/A, 45.83, 100|5, 59, N/A, 44.88, 100|6, 56, N/A, 47.53, 100|
11:28:15 0, 57, N/A, 42.41, 100|1, 55, N/A, 46.85, 100|2, 55, N/A, 49.78, 100|3, 55, N/A, 41.89, 100|4, 57, N/A, 45.83, 100|5, 59, N/A, 44.86, 100|6, 56, N/A, 47.50, 100|
11:28:18 0, 57, N/A, 42.41, 100|1, 55, N/A, 46.85, 100|2, 55, N/A, 49.78, 100|3, 55, N/A, 41.87, 100|4, 57, N/A, 45.83, 100|5, 59, N/A, 44.85, 100|6, 56, N/A, 47.50, 100|
11:28:20 0, 57, N/A, 42.41, 100|1, 56, N/A, 46.85, 100|2, 55, N/A, 49.81, 100|3, 55, N/A, 41.89, 100|4, 57, N/A, 45.83, 100|5, 59, N/A, 44.88, 100|6, 56, N/A, 47.53, 100|
11:28:22 0, 57, N/A, 42.41, 100|1, 56, N/A, 46.85, 100|2, 55, N/A, 49.78, 100|3, 55, N/A, 41.86, 100|4, 57, N/A, 45.83, 100|5, 59, N/A, 44.86, 100|6, 56, N/A, 47.51, 100|
11:28:24 0, 57, N/A, 42.41, 100|1, 56, N/A, 46.85, 100|2, 55, N/A, 49.78, 100|3, 55, N/A, 41.89, 100|4, 57, N/A, 45.59, 100|5, 59, N/A, 44.85, 100|6, 56, N/A, 47.50, 100|
11:28:26 0, 57, N/A, 42.41, 100|1, 56, N/A, 46.85, 100|2, 55, N/A, 49.78, 100|3, 55, N/A, 41.89, 100|4, 57, N/A, 45.83, 100|5, 59, N/A, 44.86, 100|6, 56, N/A, 47.50, 100|
11:28:28 0, 57, N/A, 42.41, 100|1, 56, N/A, 46.85, 100|2, 55, N/A, 49.78, 100|3, 55, N/A, 41.64, 100|4, 57, N/A, 45.59, 100|5, 59, N/A, 44.86, 100|6, 56, N/A, 47.26, 100|
11:28:30 0, 57, N/A, 42.41, 100|1, 56, N/A, 46.85, 100|2, 55, N/A, 49.78, 100|3, 55, N/A, 41.86, 100|4, 57, N/A, 45.83, 100|5, 59, N/A, 44.88, 100|6, 56, N/A, 47.26, 100|
11:28:32 0, 57, N/A, 42.41, 100|1, 56, N/A, 46.85, 100|2, 55, N/A, 49.81, 100|3, 55, N/A, 41.89, 100|4, 57, N/A, 45.83, 100|5, 59, N/A, 44.88, 100|6, 56, N/A, 47.53, 100|
11:28:34 0, 57, N/A, 42.41, 100|1, 56, N/A, 46.85, 100|2, 55, N/A, 49.81, 100|3, 56, N/A, 41.89, 100|4, 57, N/A, 45.83, 100|5, 59, N/A, 44.88, 100|6, 56, N/A, 47.53, 100|
11:28:36 0, 57, N/A, 42.41, 100|1, 56, N/A, 46.85, 100|2, 55, N/A, 49.78, 100|3, 56, N/A, 41.89, 100|4, 57, N/A, 45.83, 100|5, 59, N/A, 44.85, 100|6, 56, N/A, 47.50, 100|
11:28:38 0, 57, N/A, 42.41, 100|1, 56, N/A, 46.85, 100|2, 55, N/A, 49.81, 100|3, 56, N/A, 41.89, 100|4, 57, N/A, 45.83, 100|5, 59, N/A, 44.86, 100|6, 56, N/A, 47.29, 100|
11:28:41 0, 57, N/A, 42.41, 100|1, 56, N/A, 46.85, 100|2, 55, N/A, 49.78, 100|3, 56, N/A, 41.89, 100|4, 57, N/A, 45.83, 100|5, 60, N/A, 44.85, 100|6, 56, N/A, 47.51, 100|
11:28:43 0, 57, N/A, 42.41, 100|1, 56, N/A, 46.85, 100|2, 55, N/A, 49.78, 100|3, 56, N/A, 41.89, 100|4, 57, N/A, 45.83, 100|5, 59, N/A, 44.85, 100|6, 56, N/A, 47.50, 100|
11:28:45 0, 57, N/A, 42.41, 100|1, 56, N/A, 46.85, 100|2, 55, N/A, 49.78, 100|3, 55, N/A, 41.89, 100|4, 57, N/A, 45.83, 100|5, 59, N/A, 44.85, 100|6, 56, N/A, 47.50, 100|
11:28:47 0, 57, N/A, 42.41, 100|1, 56, N/A, 47.09, 100|2, 56, N/A, 49.81, 100|3, 56, N/A, 41.89, 100|4, 57, N/A, 45.83, 100|5, 59, N/A, 44.86, 100|6, 56, N/A, 47.51, 100|
11:28:49 0, 57, N/A, 42.41, 100|1, 56, N/A, 46.85, 100|2, 56, N/A, 49.81, 100|3, 56, N/A, 41.89, 100|4, 57, N/A, 45.83, 100|5, 59, N/A, 44.86, 100|6, 56, N/A, 47.51, 100|
11:28:51 0, 57, N/A, 42.38, 100|1, 56, N/A, 46.85, 100|2, 55, N/A, 49.78, 100|3, 56, N/A, 41.86, 100|4, 57, N/A, 45.83, 100|5, 60, N/A, 44.85, 100|6, 56, N/A, 47.50, 100|
11:28:53 0, 57, N/A, 42.41, 100|1, 56, N/A, 46.85, 100|2, 56, N/A, 49.81, 100|3, 56, N/A, 41.89, 100|4, 57, N/A, 45.83, 100|5, 60, N/A, 44.85, 100|6, 56, N/A, 47.51, 100|
11:28:55 0, 57, N/A, 42.41, 100|1, 56, N/A, 46.82, 100|2, 56, N/A, 49.78, 100|3, 56, N/A, 41.89, 100|4, 57, N/A, 45.83, 100|5, 60, N/A, 44.85, 100|6, 57, N/A, 47.50, 100|
11:28:57 0, 57, N/A, 42.14, 100|1, 56, N/A, 46.82, 100|2, 55, N/A, 49.78, 100|3, 56, N/A, 41.89, 100|4, 57, N/A, 45.83, 100|5, 60, N/A, 45.12, 100|6, 56, N/A, 47.51, 100|
11:28:59 0, 57, N/A, 42.41, 100|1, 56, N/A, 46.85, 100|2, 56, N/A, 49.78, 100|3, 56, N/A, 41.89, 100|4, 57, N/A, 45.83, 100|5, 60, N/A, 44.87, 100|6, 56, N/A, 47.51, 100|
11:29:01 0, 57, N/A, 42.38, 100|1, 56, N/A, 47.09, 100|2, 56, N/A, 49.81, 100|3, 56, N/A, 41.89, 100|4, 57, N/A, 45.83, 100|5, 60, N/A, 45.10, 100|6, 56, N/A, 47.51, 100|
11:29:03 0, 57, N/A, 42.41, 100|1, 56, N/A, 46.85, 100|2, 56, N/A, 49.81, 100|3, 56, N/A, 41.89, 100|4, 57, N/A, 45.83, 100|5, 60, N/A, 44.88, 100|6, 57, N/A, 47.53, 100|
11:29:06 0, 57, N/A, 42.41, 100|1, 56, N/A, 46.85, 100|2, 56, N/A, 50.02, 100|3, 56, N/A, 41.89, 100|4, 57, N/A, 45.83, 100|5, 60, N/A, 45.10, 100|6, 57, N/A, 47.51, 100|
11:29:08 0, 57, N/A, 42.38, 100|1, 56, N/A, 47.09, 100|2, 56, N/A, 49.78, 100|3, 56, N/A, 41.89, 100|4, 57, N/A, 45.83, 100|5, 60, N/A, 44.85, 100|6, 56, N/A, 47.50, 100|
11:29:10 0, 57, N/A, 42.41, 100|1, 56, N/A, 47.09, 100|2, 56, N/A, 49.78, 100|3, 56, N/A, 41.89, 100|4, 57, N/A, 45.83, 100|5, 60, N/A, 45.10, 100|6, 57, N/A, 47.50, 100|
11:29:12 0, 57, N/A, 42.41, 100|1, 56, N/A, 47.09, 100|2, 56, N/A, 49.78, 100|3, 56, N/A, 41.89, 100|4, 57, N/A, 45.83, 100|5, 60, N/A, 45.10, 100|6, 57, N/A, 47.50, 100|
11:29:14 0, 57, N/A, 42.41, 100|1, 56, N/A, 47.09, 100|2, 56, N/A, 50.02, 100|3, 56, N/A, 41.89, 100|4, 57, N/A, 45.83, 100|5, 60, N/A, 45.12, 100|6, 57, N/A, 47.50, 100|
11:29:16 0, 57, N/A, 42.41, 100|1, 56, N/A, 47.09, 100|2, 56, N/A, 50.02, 100|3, 56, N/A, 41.89, 100|4, 57, N/A, 45.83, 100|5, 60, N/A, 45.10, 100|6, 56, N/A, 47.50, 100|
11:29:18 0, 57, N/A, 42.41, 100|1, 56, N/A, 47.09, 100|2, 56, N/A, 50.02, 100|3, 56, N/A, 41.89, 100|4, 57, N/A, 45.83, 100|5, 60, N/A, 45.12, 100|6, 57, N/A, 47.51, 100|
11:29:20 0, 57, N/A, 42.41, 100|1, 56, N/A, 47.09, 100|2, 56, N/A, 50.05, 100|3, 56, N/A, 41.89, 100|4, 57, N/A, 45.83, 100|5, 60, N/A, 45.10, 100|6, 57, N/A, 47.51, 100|
11:29:22 0, 57, N/A, 42.38, 100|1, 56, N/A, 46.85, 100|2, 56, N/A, 49.78, 100|3, 56, N/A, 41.89, 100|4, 57, N/A, 45.83, 100|5, 60, N/A, 45.10, 100|6, 57, N/A, 47.50, 100|
11:29:24 0, 57, N/A, 42.41, 100|1, 56, N/A, 47.07, 100|2, 56, N/A, 50.02, 100|3, 56, N/A, 41.86, 100|4, 57, N/A, 45.81, 100|5, 60, N/A, 45.10, 100|6, 57, N/A, 47.50, 100|
11:29:26 0, 57, N/A, 42.41, 100|1, 56, N/A, 47.09, 100|2, 56, N/A, 50.05, 100|3, 56, N/A, 41.89, 100|4, 57, N/A, 45.83, 100|5, 60, N/A, 45.10, 100|6, 57, N/A, 47.51, 100|
11:29:29 0, 57, N/A, 42.41, 100|1, 56, N/A, 47.07, 100|2, 56, N/A, 50.02, 100|3, 56, N/A, 41.86, 100|4, 57, N/A, 46.08, 100|5, 60, N/A, 45.10, 100|6, 57, N/A, 47.50, 100|
11:29:31 0, 57, N/A, 42.41, 100|1, 56, N/A, 47.09, 100|2, 56, N/A, 50.02, 100|3, 56, N/A, 41.89, 100|4, 57, N/A, 46.08, 100|5, 60, N/A, 45.10, 100|6, 57, N/A, 47.51, 100|
11:29:33 0, 57, N/A, 42.41, 100|1, 56, N/A, 47.09, 100|2, 56, N/A, 50.05, 100|3, 56, N/A, 41.89, 100|4, 57, N/A, 46.08, 100|5, 60, N/A, 45.10, 100|6, 57, N/A, 47.51, 100|
11:29:35 0, 57, N/A, 42.41, 100|1, 56, N/A, 47.09, 100|2, 56, N/A, 50.02, 100|3, 56, N/A, 41.89, 100|4, 57, N/A, 46.08, 100|5, 60, N/A, 45.35, 100|6, 57, N/A, 47.51, 100|
11:29:37 0, 57, N/A, 42.38, 100|1, 56, N/A, 47.07, 100|2, 56, N/A, 50.02, 100|3, 56, N/A, 41.89, 100|4, 57, N/A, 46.08, 100|5, 60, N/A, 45.34, 100|6, 57, N/A, 47.50, 100|
11:29:39 0, 57, N/A, 42.38, 100|1, 56, N/A, 47.07, 100|2, 56, N/A, 50.02, 100|3, 56, N/A, 41.86, 100|4, 57, N/A, 46.08, 100|5, 60, N/A, 45.10, 100|6, 57, N/A, 47.50, 100|
11:29:41 0, 57, N/A, 42.41, 100|1, 56, N/A, 47.09, 100|2, 56, N/A, 50.02, 100|3, 56, N/A, 41.89, 100|4, 57, N/A, 46.08, 100|5, 60, N/A, 45.34, 100|6, 57, N/A, 47.50, 100|
11:29:43 0, 57, N/A, 42.41, 100|1, 56, N/A, 47.09, 100|2, 56, N/A, 50.02, 100|3, 56, N/A, 41.89, 100|4, 57, N/A, 46.08, 100|5, 60, N/A, 45.10, 100|6, 57, N/A, 47.50, 100|
11:29:45 0, 57, N/A, 42.41, 100|1, 56, N/A, 47.09, 100|2, 56, N/A, 50.02, 100|3, 56, N/A, 41.89, 100|4, 57, N/A, 46.08, 100|5, 60, N/A, 45.12, 100|6, 57, N/A, 47.51, 100|
11:29:47 0, 57, N/A, 42.41, 100|1, 56, N/A, 47.09, 100|2, 56, N/A, 50.02, 100|3, 56, N/A, 41.89, 100|4, 57, N/A, 46.08, 100|5, 60, N/A, 45.35, 100|6, 57, N/A, 47.51, 100|
11:29:49 0, 57, N/A, 42.41, 100|1, 56, N/A, 47.09, 100|2, 56, N/A, 50.05, 100|3, 56, N/A, 41.89, 100|4, 57, N/A, 46.08, 100|5, 60, N/A, 45.34, 100|6, 57, N/A, 47.78, 100|
11:29:52 0, 57, N/A, 42.38, 100|1, 56, N/A, 47.09, 100|2, 56, N/A, 50.02, 100|3, 56, N/A, 41.89, 100|4, 57, N/A, 46.08, 100|5, 60, N/A, 45.10, 100|6, 57, N/A, 47.51, 100|
11:29:54 0, 57, N/A, 42.38, 100|1, 56, N/A, 47.07, 100|2, 56, N/A, 50.02, 100|3, 56, N/A, 41.89, 100|4, 57, N/A, 46.06, 100|5, 60, N/A, 45.34, 100|6, 57, N/A, 47.50, 100|
11:29:56 0, 57, N/A, 42.41, 100|1, 56, N/A, 47.07, 100|2, 56, N/A, 50.27, 100|3, 56, N/A, 41.89, 100|4, 57, N/A, 46.08, 100|5, 60, N/A, 45.34, 100|6, 57, N/A, 47.50, 100|
11:29:58 0, 57, N/A, 42.38, 100|1, 56, N/A, 47.09, 100|2, 56, N/A, 50.02, 100|3, 56, N/A, 41.86, 100|4, 57, N/A, 46.08, 100|5, 60, N/A, 45.10, 100|6, 57, N/A, 47.50, 100|
11:30:00 0, 57, N/A, 42.41, 100|1, 56, N/A, 47.09, 100|2, 56, N/A, 50.02, 100|3, 56, N/A, 41.89, 100|4, 57, N/A, 46.08, 100|5, 60, N/A, 45.34, 100|6, 57, N/A, 47.51, 100|
11:30:02 0, 57, N/A, 42.41, 100|1, 56, N/A, 47.09, 100|2, 56, N/A, 50.05, 100|3, 56, N/A, 41.89, 100|4, 57, N/A, 46.08, 100|5, 60, N/A, 45.35, 100|6, 57, N/A, 47.51, 100|
11:30:04 0, 57, N/A, 42.41, 100|1, 56, N/A, 47.09, 100|2, 56, N/A, 50.02, 100|3, 56, N/A, 41.89, 100|4, 57, N/A, 46.08, 100|5, 60, N/A, 45.12, 100|6, 57, N/A, 47.50, 100|
11:30:06 0, 57, N/A, 42.38, 100|1, 56, N/A, 47.07, 100|2, 56, N/A, 50.02, 100|3, 56, N/A, 41.86, 100|4, 57, N/A, 46.06, 100|5, 60, N/A, 45.35, 100|6, 57, N/A, 47.75, 100|
11:30:08 0, 57, N/A, 42.38, 100|1, 56, N/A, 47.07, 100|2, 56, N/A, 50.02, 100|3, 56, N/A, 41.89, 100|4, 57, N/A, 46.08, 100|5, 60, N/A, 45.10, 100|6, 57, N/A, 47.75, 100|
11:30:10 0, 57, N/A, 42.41, 100|1, 56, N/A, 47.09, 100|2, 56, N/A, 50.02, 100|3, 56, N/A, 41.89, 100|4, 57, N/A, 46.08, 100|5, 60, N/A, 45.37, 100|6, 57, N/A, 47.76, 100|
11:30:12 0, 57, N/A, 42.41, 100|1, 56, N/A, 47.09, 100|2, 56, N/A, 50.27, 100|3, 56, N/A, 41.89, 100|4, 57, N/A, 46.08, 100|5, 60, N/A, 45.37, 100|6, 57, N/A, 47.78, 100|
11:30:14 0, 57, N/A, 42.41, 100|1, 56, N/A, 47.09, 100|2, 56, N/A, 50.05, 100|3, 56, N/A, 41.89, 100|4, 57, N/A, 46.08, 100|5, 60, N/A, 45.35, 100|6, 57, N/A, 47.76, 100|
11:30:17 0, 57, N/A, 42.41, 100|1, 56, N/A, 47.09, 100|2, 56, N/A, 50.30, 100|3, 56, N/A, 41.89, 100|4, 57, N/A, 46.08, 100|5, 60, N/A, 45.10, 100|6, 57, N/A, 47.75, 100|
11:30:19 0, 57, N/A, 42.41, 100|1, 56, N/A, 47.09, 100|2, 56, N/A, 50.02, 100|3, 56, N/A, 41.89, 100|4, 57, N/A, 46.08, 100|5, 60, N/A, 45.35, 100|6, 57, N/A, 47.76, 100|
11:30:21 0, 57, N/A, 42.41, 100|1, 56, N/A, 47.09, 100|2, 56, N/A, 50.05, 100|3, 56, N/A, 41.89, 100|4, 57, N/A, 46.08, 100|5, 60, N/A, 45.10, 100|6, 57, N/A, 47.76, 100|
11:30:23 0, 57, N/A, 42.41, 100|1, 56, N/A, 47.07, 100|2, 56, N/A, 50.27, 100|3, 56, N/A, 41.89, 100|4, 57, N/A, 46.08, 100|5, 60, N/A, 45.34, 100|6, 57, N/A, 47.75, 100|
11:30:25 0, 57, N/A, 42.38, 100|1, 56, N/A, 47.07, 100|2, 56, N/A, 50.27, 100|3, 56, N/A, 41.89, 100|4, 57, N/A, 46.08, 100|5, 60, N/A, 45.34, 100|6, 57, N/A, 47.50, 100|
11:30:27 0, 57, N/A, 42.41, 100|1, 56, N/A, 47.09, 100|2, 56, N/A, 50.02, 100|3, 56, N/A, 41.87, 100|4, 57, N/A, 46.08, 100|5, 60, N/A, 45.10, 100|6, 57, N/A, 47.76, 100|
11:30:29 0, 57, N/A, 42.41, 100|1, 56, N/A, 47.09, 100|2, 56, N/A, 50.05, 100|3, 56, N/A, 41.89, 100|4, 57, N/A, 46.08, 100|5, 60, N/A, 45.37, 100|6, 57, N/A, 47.76, 100|
11:30:31 0, 57, N/A, 42.41, 100|1, 56, N/A, 47.09, 100|2, 56, N/A, 50.30, 100|3, 56, N/A, 41.89, 100|4, 57, N/A, 46.08, 100|5, 60, N/A, 45.35, 100|6, 57, N/A, 47.76, 100|
11:30:33 0, 57, N/A, 42.41, 100|1, 56, N/A, 47.09, 100|2, 56, N/A, 50.02, 100|3, 56, N/A, 42.14, 100|4, 57, N/A, 46.08, 100|5, 60, N/A, 45.34, 100|6, 57, N/A, 47.78, 100|
11:30:35 0, 57, N/A, 42.41, 100|1, 56, N/A, 47.09, 100|2, 56, N/A, 50.05, 100|3, 56, N/A, 41.89, 100|4, 57, N/A, 46.08, 100|5, 60, N/A, 45.37, 100|6, 57, N/A, 47.76, 100|
11:30:37 0, 57, N/A, 42.38, 100|1, 56, N/A, 47.07, 100|2, 56, N/A, 50.27, 100|3, 56, N/A, 41.86, 100|4, 58, N/A, 46.08, 100|5, 60, N/A, 45.34, 100|6, 57, N/A, 47.75, 100|
11:30:40 0, 57, N/A, 42.38, 100|1, 56, N/A, 47.31, 100|2, 56, N/A, 50.27, 100|3, 56, N/A, 41.89, 100|4, 57, N/A, 46.08, 100|5, 60, N/A, 45.34, 100|6, 57, N/A, 47.77, 100|
11:30:42 0, 57, N/A, 42.41, 100|1, 56, N/A, 47.09, 100|2, 56, N/A, 50.30, 100|3, 56, N/A, 42.13, 100|4, 58, N/A, 46.08, 100|5, 60, N/A, 45.34, 100|6, 57, N/A, 47.76, 100|
11:30:44 0, 57, N/A, 42.41, 100|1, 56, N/A, 47.09, 100|2, 56, N/A, 50.27, 100|3, 56, N/A, 41.89, 100|4, 58, N/A, 46.08, 100|5, 60, N/A, 45.34, 100|6, 57, N/A, 47.75, 100|
11:30:46 0, 57, N/A, 42.41, 100|1, 56, N/A, 47.09, 100|2, 56, N/A, 50.05, 100|3, 56, N/A, 42.13, 100|4, 57, N/A, 46.08, 100|5, 60, N/A, 45.35, 100|6, 57, N/A, 47.76, 100|
11:30:48 0, 57, N/A, 42.41, 100|1, 56, N/A, 47.09, 100|2, 56, N/A, 50.27, 100|3, 56, N/A, 42.13, 100|4, 58, N/A, 46.08, 100|5, 60, N/A, 45.37, 100|6, 57, N/A, 47.75, 100|
11:30:50 0, 57, N/A, 42.41, 100|1, 56, N/A, 47.09, 100|2, 56, N/A, 50.27, 100|3, 56, N/A, 42.14, 100|4, 58, N/A, 46.08, 100|5, 60, N/A, 45.59, 100|6, 57, N/A, 47.76, 100|
11:30:52 0, 57, N/A, 42.38, 100|1, 56, N/A, 47.09, 100|2, 56, N/A, 50.02, 100|3, 56, N/A, 42.13, 100|4, 57, N/A, 46.08, 100|5, 60, N/A, 45.34, 100|6, 57, N/A, 47.75, 100|
11:30:54 0, 57, N/A, 42.41, 100|1, 56, N/A, 47.09, 100|2, 56, N/A, 50.27, 100|3, 56, N/A, 41.89, 100|4, 57, N/A, 46.08, 100|5, 60, N/A, 45.59, 100|6, 57, N/A, 47.75, 100|
11:30:56 0, 57, N/A, 42.41, 100|1, 56, N/A, 47.09, 100|2, 56, N/A, 50.27, 100|3, 56, N/A, 42.13, 100|4, 58, N/A, 46.08, 100|5, 60, N/A, 45.10, 100|6, 57, N/A, 47.75, 100|
11:30:58 0, 57, N/A, 42.41, 100|1, 56, N/A, 47.09, 100|2, 56, N/A, 50.30, 100|3, 56, N/A, 42.14, 100|4, 57, N/A, 46.08, 100|5, 60, N/A, 45.59, 100|6, 57, N/A, 47.76, 100|
11:31:00 0, 57, N/A, 42.38, 100|1, 56, N/A, 47.09, 100|2, 56, N/A, 50.30, 100|3, 56, N/A, 42.11, 100|4, 57, N/A, 46.08, 100|5, 60, N/A, 45.59, 100|6, 57, N/A, 47.76, 100|
11:31:02 0, 57, N/A, 42.41, 100|1, 56, N/A, 47.09, 100|2, 56, N/A, 50.30, 100|3, 56, N/A, 42.14, 100|4, 58, N/A, 46.08, 100|5, 60, N/A, 45.62, 100|6, 57, N/A, 47.76, 100|
11:31:05 0, 57, N/A, 42.65, 100|1, 56, N/A, 47.09, 100|2, 56, N/A, 50.30, 100|3, 56, N/A, 42.13, 100|4, 58, N/A, 46.06, 100|5, 60, N/A, 45.35, 100|6, 57, N/A, 47.76, 100|
11:31:07 0, 57, N/A, 42.65, 100|1, 56, N/A, 47.09, 100|2, 56, N/A, 50.27, 100|3, 56, N/A, 41.89, 100|4, 58, N/A, 46.08, 100|5, 60, N/A, 45.34, 100|6, 57, N/A, 47.75, 100|
11:31:09 0, 57, N/A, 42.41, 100|1, 56, N/A, 47.09, 100|2, 56, N/A, 50.52, 100|3, 56, N/A, 42.13, 100|4, 58, N/A, 46.08, 100|5, 60, N/A, 45.61, 100|6, 57, N/A, 47.75, 100|
11:31:11 0, 57, N/A, 42.41, 100|1, 56, N/A, 47.09, 100|2, 56, N/A, 50.52, 100|3, 56, N/A, 42.14, 100|4, 58, N/A, 46.08, 100|5, 60, N/A, 45.59, 100|6, 57, N/A, 47.75, 100|
11:31:13 0, 57, N/A, 42.41, 100|1, 56, N/A, 47.09, 100|2, 56, N/A, 50.27, 100|3, 56, N/A, 41.89, 100|4, 58, N/A, 46.08, 100|5, 60, N/A, 45.59, 100|6, 57, N/A, 47.76, 100|
11:31:15 0, 57, N/A, 42.41, 100|1, 56, N/A, 47.09, 100|2, 56, N/A, 50.30, 100|3, 56, N/A, 42.13, 100|4, 58, N/A, 46.08, 100|5, 60, N/A, 45.37, 100|6, 57, N/A, 47.78, 100|
11:31:17 0, 57, N/A, 42.41, 100|1, 56, N/A, 47.09, 100|2, 56, N/A, 50.30, 100|3, 56, N/A, 42.14, 100|4, 57, N/A, 46.08, 100|5, 60, N/A, 45.59, 100|6, 57, N/A, 47.75, 100|
11:31:19 0, 57, N/A, 42.65, 100|1, 56, N/A, 47.09, 100|2, 56, N/A, 50.52, 100|3, 56, N/A, 42.13, 100|4, 58, N/A, 46.08, 100|5, 61, N/A, 45.59, 100|6, 57, N/A, 47.76, 100|
11:31:21 0, 57, N/A, 42.41, 100|1, 56, N/A, 47.07, 100|2, 56, N/A, 50.52, 100|3, 56, N/A, 41.89, 100|4, 58, N/A, 46.08, 100|5, 60, N/A, 45.34, 100|6, 57, N/A, 47.75, 100|
11:31:23 0, 57, N/A, 42.65, 100|1, 56, N/A, 47.09, 100|2, 56, N/A, 50.27, 100|3, 56, N/A, 42.13, 100|4, 58, N/A, 46.08, 100|5, 60, N/A, 45.34, 100|6, 57, N/A, 47.75, 100|
11:31:25 0, 57, N/A, 42.41, 100|1, 56, N/A, 47.09, 100|2, 56, N/A, 50.54, 100|3, 56, N/A, 41.89, 100|4, 58, N/A, 46.08, 100|5, 60, N/A, 45.35, 100|6, 57, N/A, 47.76, 100|
11:31:27 0, 57, N/A, 42.63, 100|1, 56, N/A, 47.09, 100|2, 56, N/A, 50.52, 100|3, 56, N/A, 42.13, 100|4, 58, N/A, 46.08, 100|5, 60, N/A, 45.59, 100|6, 57, N/A, 47.76, 100|
11:31:30 0, 57, N/A, 42.65, 100|1, 56, N/A, 47.34, 100|2, 56, N/A, 50.54, 100|3, 56, N/A, 42.11, 100|4, 58, N/A, 46.08, 100|5, 60, N/A, 45.59, 100|6, 57, N/A, 47.76, 100|
11:31:32 0, 57, N/A, 42.41, 100|1, 56, N/A, 47.34, 100|2, 56, N/A, 50.54, 100|3, 56, N/A, 42.14, 100|4, 58, N/A, 46.08, 100|5, 60, N/A, 45.59, 100|6, 57, N/A, 47.76, 100|
11:31:34 0, 57, N/A, 42.41, 100|1, 56, N/A, 47.07, 100|2, 56, N/A, 50.52, 100|3, 56, N/A, 42.13, 100|4, 57, N/A, 46.08, 100|5, 60, N/A, 45.34, 100|6, 57, N/A, 47.75, 100|
11:31:36 0, 57, N/A, 42.38, 100|1, 56, N/A, 47.07, 100|2, 56, N/A, 50.02, 100|3, 56, N/A, 42.11, 100|4, 57, N/A, 46.08, 100|5, 60, N/A, 45.34, 100|6, 57, N/A, 47.75, 100|
11:31:38 0, 57, N/A, 42.41, 100|1, 56, N/A, 47.07, 100|2, 56, N/A, 50.02, 100|3, 56, N/A, 41.89, 100|4, 57, N/A, 46.08, 100|5, 60, N/A, 45.34, 100|6, 57, N/A, 47.76, 100|
11:31:40 0, 57, N/A, 42.41, 100|1, 56, N/A, 47.09, 100|2, 56, N/A, 50.02, 100|3, 56, N/A, 41.89, 100|4, 57, N/A, 46.08, 100|5, 60, N/A, 45.34, 100|6, 57, N/A, 47.50, 100|
11:31:42 0, 57, N/A, 42.41, 100|1, 55, N/A, 46.85, 100|2, 56, N/A, 49.81, 100|3, 56, N/A, 41.89, 100|4, 57, N/A, 45.83, 100|5, 60, N/A, 45.10, 100|6, 57, N/A, 47.53, 100|
11:31:44 0, 56, N/A, 42.41, 100|1, 55, N/A, 46.85, 100|2, 56, N/A, 49.78, 100|3, 56, N/A, 41.89, 100|4, 57, N/A, 45.83, 100|5, 60, N/A, 45.10, 100|6, 56, N/A, 47.50, 100|
11:31:46 0, 56, N/A, 42.16, 100|1, 55, N/A, 46.85, 100|2, 55, N/A, 49.81, 100|3, 55, N/A, 41.89, 100|4, 57, N/A, 45.83, 100|5, 60, N/A, 45.10, 100|6, 56, N/A, 47.51, 100|
11:31:48 0, 56, N/A, 42.14, 100|1, 55, N/A, 46.85, 100|2, 55, N/A, 49.78, 100|3, 55, N/A, 41.89, 100|4, 57, N/A, 45.83, 100|5, 60, N/A, 44.85, 100|6, 56, N/A, 47.26, 100|
11:31:50 0, 56, N/A, 42.16, 100|1, 55, N/A, 46.85, 100|2, 55, N/A, 49.78, 100|3, 55, N/A, 41.86, 100|4, 57, N/A, 45.59, 100|5, 60, N/A, 45.10, 100|6, 56, N/A, 47.26, 100|
11:31:53 0, 56, N/A, 41.89, 100|1, 55, N/A, 46.57, 100|2, 55, N/A, 49.53, 100|3, 55, N/A, 41.86, 100|4, 56, N/A, 45.81, 100|5, 59, N/A, 45.10, 100|6, 56, N/A, 47.01, 100|
11:31:55 0, 56, N/A, 41.92, 100|1, 55, N/A, 46.60, 100|2, 55, N/A, 49.53, 100|3, 55, N/A, 41.89, 100|4, 56, N/A, 45.34, 100|5, 59, N/A, 44.86, 100|6, 56, N/A, 47.01, 100|
11:31:57 0, 56, N/A, 41.92, 100|1, 54, N/A, 46.60, 100|2, 55, N/A, 49.53, 100|3, 55, N/A, 41.64, 100|4, 56, N/A, 45.34, 100|5, 59, N/A, 44.85, 100|6, 55, N/A, 47.28, 100|
11:31:59 0, 56, N/A, 41.67, 100|1, 54, N/A, 46.60, 100|2, 54, N/A, 49.28, 100|3, 55, N/A, 41.64, 100|4, 56, N/A, 45.34, 100|5, 59, N/A, 44.87, 100|6, 55, N/A, 47.01, 100|
11:32:01 0, 56, N/A, 41.67, 100|1, 54, N/A, 46.35, 100|2, 54, N/A, 49.31, 100|3, 55, N/A, 41.65, 100|4, 56, N/A, 45.34, 100|5, 59, N/A, 44.86, 100|6, 55, N/A, 47.04, 100|
11:32:03 0, 55, N/A, 41.90, 100|1, 54, N/A, 46.35, 100|2, 54, N/A, 49.28, 100|3, 55, N/A, 41.62, 100|4, 56, N/A, 45.34, 100|5, 59, N/A, 44.87, 100|6, 55, N/A, 46.76, 100|
11:32:05 0, 55, N/A, 41.67, 100|1, 54, N/A, 46.35, 100|2, 54, N/A, 49.28, 100|3, 55, N/A, 41.62, 100|4, 56, N/A, 45.34, 100|5, 59, N/A, 44.60, 100|6, 55, N/A, 46.76, 100|
11:32:07 0, 55, N/A, 41.65, 100|1, 54, N/A, 46.33, 100|2, 54, N/A, 49.28, 100|3, 55, N/A, 41.64, 100|4, 56, N/A, 45.32, 100|5, 59, N/A, 44.60, 100|6, 55, N/A, 46.76, 100|
11:32:09 0, 55, N/A, 41.67, 100|1, 54, N/A, 46.35, 100|2, 54, N/A, 49.28, 100|3, 55, N/A, 41.37, 100|4, 56, N/A, 45.10, 100|5, 59, N/A, 44.60, 100|6, 55, N/A, 46.76, 100|
11:32:11 0, 55, N/A, 41.67, 100|1, 54, N/A, 46.11, 100|2, 54, N/A, 48.79, 100|3, 54, N/A, 41.40, 100|4, 55, N/A, 45.10, 100|5, 59, N/A, 44.63, 100|6, 55, N/A, 46.79, 100|
11:32:13 0, 55, N/A, 41.67, 100|1, 54, N/A, 46.08, 100|2, 54, N/A, 48.79, 100|3, 54, N/A, 41.40, 100|4, 55, N/A, 45.10, 100|5, 58, N/A, 44.61, 100|6, 55, N/A, 46.77, 100|
11:32:16 0, 55, N/A, 41.65, 100|1, 53, N/A, 46.11, 100|2, 53, N/A, 48.79, 100|3, 54, N/A, 41.40, 100|4, 55, N/A, 45.10, 100|5, 58, N/A, 44.61, 100|6, 55, N/A, 46.79, 100|
11:32:18 0, 55, N/A, 41.67, 100|1, 54, N/A, 46.11, 100|2, 53, N/A, 48.79, 100|3, 54, N/A, 41.40, 100|4, 55, N/A, 45.10, 100|5, 58, N/A, 44.63, 100|6, 55, N/A, 46.79, 100|
11:32:20 0, 55, N/A, 41.42, 100|1, 53, N/A, 45.86, 100|2, 53, N/A, 48.79, 100|3, 54, N/A, 41.37, 100|4, 55, N/A, 45.07, 100|5, 58, N/A, 44.60, 100|6, 54, N/A, 46.52, 100|
11:32:22 0, 55, N/A, 41.42, 100|1, 53, N/A, 45.86, 100|2, 53, N/A, 48.54, 100|3, 54, N/A, 41.40, 100|4, 55, N/A, 45.10, 100|5, 58, N/A, 44.60, 100|6, 54, N/A, 46.52, 100|
11:32:24 0, 55, N/A, 41.40, 100|1, 53, N/A, 45.83, 100|2, 53, N/A, 48.54, 100|3, 54, N/A, 41.37, 100|4, 55, N/A, 44.83, 100|5, 58, N/A, 44.60, 100|6, 54, N/A, 46.52, 100|
11:32:26 0, 55, N/A, 41.42, 100|1, 53, N/A, 45.61, 100|2, 53, N/A, 48.54, 100|3, 54, N/A, 41.37, 100|4, 55, N/A, 44.85, 100|5, 58, N/A, 44.36, 100|6, 54, N/A, 46.55, 100|
11:32:28 0, 54, N/A, 41.42, 100|1, 53, N/A, 45.61, 100|2, 53, N/A, 48.54, 100|3, 54, N/A, 41.15, 100|4, 55, N/A, 44.85, 100|5, 58, N/A, 44.36, 100|6, 54, N/A, 46.55, 100|
11:32:30 0, 54, N/A, 41.42, 100|1, 53, N/A, 45.61, 100|2, 53, N/A, 48.57, 100|3, 54, N/A, 41.40, 100|4, 55, N/A, 44.85, 100|5, 58, N/A, 44.36, 100|6, 54, N/A, 46.52, 100|
11:32:32 0, 54, N/A, 41.40, 100|1, 53, N/A, 45.61, 100|2, 53, N/A, 48.54, 100|3, 54, N/A, 41.40, 100|4, 55, N/A, 44.85, 100|5, 58, N/A, 44.36, 100|6, 54, N/A, 46.52, 100|
11:32:34 0, 54, N/A, 41.42, 100|1, 53, N/A, 45.61, 100|2, 53, N/A, 48.30, 100|3, 54, N/A, 41.15, 100|4, 55, N/A, 44.85, 100|5, 58, N/A, 44.36, 100|6, 54, N/A, 46.52, 100|
11:32:36 0, 54, N/A, 41.42, 100|1, 53, N/A, 45.61, 100|2, 53, N/A, 48.30, 100|3, 54, N/A, 41.15, 100|4, 54, N/A, 44.85, 100|5, 58, N/A, 44.36, 100|6, 54, N/A, 46.52, 100|
11:32:38 0, 54, N/A, 41.42, 100|1, 53, N/A, 45.61, 100|2, 53, N/A, 48.33, 100|3, 53, N/A, 41.15, 100|4, 54, N/A, 44.85, 100|5, 57, N/A, 44.38, 100|6, 54, N/A, 46.30, 100|
11:32:41 0, 54, N/A, 41.42, 100|1, 52, N/A, 45.61, 100|2, 53, N/A, 48.30, 100|3, 53, N/A, 41.15, 100|4, 54, N/A, 44.60, 100|5, 57, N/A, 44.38, 100|6, 54, N/A, 46.27, 100|
11:32:43 0, 54, N/A, 41.18, 100|1, 52, N/A, 45.61, 100|2, 53, N/A, 48.30, 100|3, 53, N/A, 40.88, 100|4, 54, N/A, 44.60, 100|5, 57, N/A, 44.36, 100|6, 54, N/A, 46.27, 100|
11:32:45 0, 54, N/A, 41.42, 100|1, 52, N/A, 45.37, 100|2, 52, N/A, 48.30, 100|3, 53, N/A, 41.15, 100|4, 54, N/A, 44.60, 100|5, 57, N/A, 44.11, 100|6, 54, N/A, 46.27, 100|
11:32:47 0, 54, N/A, 41.18, 100|1, 52, N/A, 45.37, 100|2, 52, N/A, 48.30, 100|3, 53, N/A, 40.90, 100|4, 54, N/A, 44.60, 100|5, 57, N/A, 44.13, 100|6, 53, N/A, 46.27, 100|
11:32:49 0, 54, N/A, 41.18, 100|1, 52, N/A, 45.37, 100|2, 53, N/A, 48.30, 100|3, 53, N/A, 41.15, 100|4, 54, N/A, 44.60, 100|5, 57, N/A, 44.13, 100|6, 54, N/A, 46.27, 100|
11:32:51 0, 54, N/A, 41.18, 100|1, 52, N/A, 45.61, 100|2, 52, N/A, 48.33, 100|3, 53, N/A, 41.15, 100|4, 54, N/A, 44.85, 100|5, 57, N/A, 44.11, 100|6, 54, N/A, 46.30, 100|
11:32:53 0, 54, N/A, 41.18, 100|1, 53, N/A, 45.37, 100|2, 53, N/A, 48.30, 100|3, 54, N/A, 41.15, 100|4, 55, N/A, 44.60, 100|5, 57, N/A, 44.11, 100|6, 54, N/A, 46.27, 100|
11:32:55 0, 54, N/A, 41.18, 100|1, 52, N/A, 45.37, 100|2, 53, N/A, 48.30, 100|3, 54, N/A, 41.15, 100|4, 54, N/A, 44.60, 100|5, 57, N/A, 44.14, 100|6, 54, N/A, 46.27, 100|
11:32:57 0, 54, N/A, 41.42, 100|1, 53, N/A, 45.61, 100|2, 53, N/A, 48.30, 100|3, 54, N/A, 40.91, 100|4, 55, N/A, 44.85, 100|5, 58, N/A, 44.36, 100|6, 54, N/A, 46.27, 100|
11:32:59 0, 54, N/A, 41.42, 100|1, 53, N/A, 45.37, 100|2, 53, N/A, 48.30, 100|3, 54, N/A, 40.91, 100|4, 55, N/A, 44.85, 100|5, 57, N/A, 44.36, 100|6, 54, N/A, 46.30, 100|
11:33:01 0, 54, N/A, 41.42, 100|1, 53, N/A, 45.61, 100|2, 53, N/A, 48.33, 100|3, 54, N/A, 41.15, 100|4, 55, N/A, 44.85, 100|5, 58, N/A, 44.38, 100|6, 54, N/A, 46.55, 100|
11:33:04 0, 54, N/A, 41.42, 100|1, 53, N/A, 45.61, 100|2, 53, N/A, 48.33, 100|3, 54, N/A, 41.15, 100|4, 55, N/A, 44.85, 100|5, 58, N/A, 44.38, 100|6, 54, N/A, 46.52, 100|
11:33:06 0, 55, N/A, 41.42, 100|1, 53, N/A, 45.61, 100|2, 53, N/A, 48.30, 100|3, 54, N/A, 41.40, 100|4, 55, N/A, 44.85, 100|5, 58, N/A, 44.36, 100|6, 54, N/A, 46.27, 100|
11:33:08 0, 54, N/A, 41.42, 100|1, 53, N/A, 45.61, 100|2, 53, N/A, 48.30, 100|3, 54, N/A, 41.15, 100|4, 55, N/A, 44.85, 100|5, 58, N/A, 44.36, 100|6, 54, N/A, 46.27, 100|
11:33:10 0, 54, N/A, 41.42, 100|1, 53, N/A, 45.61, 100|2, 53, N/A, 48.54, 100|3, 54, N/A, 41.40, 100|4, 55, N/A, 44.85, 100|5, 58, N/A, 44.38, 100|6, 54, N/A, 46.52, 100|
11:33:12 0, 55, N/A, 41.42, 100|1, 53, N/A, 45.61, 100|2, 53, N/A, 48.54, 100|3, 54, N/A, 41.40, 100|4, 55, N/A, 44.85, 100|5, 58, N/A, 44.36, 100|6, 54, N/A, 46.52, 100|
11:33:14 0, 55, N/A, 41.42, 100|1, 53, N/A, 45.61, 100|2, 53, N/A, 48.54, 100|3, 54, N/A, 41.40, 100|4, 55, N/A, 44.85, 100|5, 58, N/A, 44.38, 100|6, 54, N/A, 46.52, 100|
11:33:16 0, 55, N/A, 41.42, 100|1, 53, N/A, 45.61, 100|2, 53, N/A, 48.54, 100|3, 54, N/A, 41.37, 100|4, 55, N/A, 44.85, 100|5, 58, N/A, 44.36, 100|6, 54, N/A, 46.52, 100|
11:33:18 0, 55, N/A, 41.42, 100|1, 53, N/A, 45.61, 100|2, 53, N/A, 48.57, 100|3, 54, N/A, 41.15, 100|4, 55, N/A, 44.85, 100|5, 58, N/A, 44.36, 100|6, 54, N/A, 46.55, 100|
11:33:20 0, 54, N/A, 41.42, 100|1, 53, N/A, 45.61, 100|2, 53, N/A, 48.54, 100|3, 54, N/A, 41.40, 100|4, 55, N/A, 44.85, 100|5, 58, N/A, 44.38, 100|6, 54, N/A, 46.55, 100|
11:33:22 0, 54, N/A, 41.42, 100|1, 53, N/A, 45.61, 100|2, 53, N/A, 48.54, 100|3, 54, N/A, 41.40, 100|4, 55, N/A, 44.85, 100|5, 58, N/A, 44.36, 100|6, 54, N/A, 46.52, 100|
11:33:24 0, 55, N/A, 41.42, 100|1, 53, N/A, 45.61, 100|2, 53, N/A, 48.54, 100|3, 54, N/A, 41.40, 100|4, 55, N/A, 44.85, 100|5, 58, N/A, 44.38, 100|6, 54, N/A, 46.52, 100|
11:33:26 0, 55, N/A, 41.42, 100|1, 53, N/A, 45.61, 100|2, 53, N/A, 48.57, 100|3, 54, N/A, 41.15, 100|4, 55, N/A, 44.85, 100|5, 58, N/A, 44.38, 100|6, 54, N/A, 46.52, 100|
11:33:29 0, 55, N/A, 41.42, 100|1, 53, N/A, 45.61, 100|2, 53, N/A, 48.57, 100|3, 54, N/A, 41.40, 100|4, 55, N/A, 44.85, 100|5, 58, N/A, 44.38, 100|6, 54, N/A, 46.55, 100|
11:33:31 0, 55, N/A, 41.42, 100|1, 53, N/A, 45.86, 100|2, 53, N/A, 48.54, 100|3, 54, N/A, 41.12, 100|4, 55, N/A, 44.85, 100|5, 58, N/A, 44.36, 100|6, 55, N/A, 46.52, 100|
11:33:33 0, 55, N/A, 41.42, 100|1, 53, N/A, 45.86, 100|2, 53, N/A, 48.54, 100|3, 54, N/A, 41.40, 100|4, 55, N/A, 44.85, 100|5, 58, N/A, 44.36, 100|6, 55, N/A, 46.55, 100|
11:33:35 0, 55, N/A, 41.40, 100|1, 53, N/A, 46.11, 100|2, 54, N/A, 48.79, 100|3, 54, N/A, 41.40, 100|4, 55, N/A, 44.85, 100|5, 58, N/A, 44.63, 100|6, 55, N/A, 46.52, 100|
11:33:37 0, 55, N/A, 41.42, 100|1, 53, N/A, 45.83, 100|2, 53, N/A, 48.54, 100|3, 54, N/A, 41.40, 100|4, 55, N/A, 44.85, 100|5, 58, N/A, 44.36, 100|6, 55, N/A, 46.52, 100|
11:33:39 0, 55, N/A, 41.42, 100|1, 53, N/A, 45.86, 100|2, 54, N/A, 48.54, 100|3, 54, N/A, 41.40, 100|4, 55, N/A, 44.85, 100|5, 58, N/A, 44.63, 100|6, 55, N/A, 46.55, 100|
11:33:41 0, 55, N/A, 41.42, 100|1, 53, N/A, 45.86, 100|2, 54, N/A, 48.54, 100|3, 54, N/A, 41.40, 100|4, 55, N/A, 44.85, 100|5, 58, N/A, 44.36, 100|6, 55, N/A, 46.55, 100|
11:33:43 0, 55, N/A, 41.42, 100|1, 53, N/A, 45.86, 100|2, 54, N/A, 48.79, 100|3, 54, N/A, 41.40, 100|4, 55, N/A, 44.85, 100|5, 58, N/A, 44.60, 100|6, 55, N/A, 46.52, 100|
11:33:45 0, 55, N/A, 41.42, 100|1, 53, N/A, 45.86, 100|2, 54, N/A, 48.79, 100|3, 54, N/A, 41.40, 100|4, 55, N/A, 45.10, 100|5, 58, N/A, 44.60, 100|6, 55, N/A, 46.52, 100|
11:33:47 0, 55, N/A, 41.42, 100|1, 53, N/A, 45.86, 100|2, 54, N/A, 48.79, 100|3, 54, N/A, 41.40, 100|4, 55, N/A, 45.10, 100|5, 58, N/A, 44.60, 100|6, 55, N/A, 46.52, 100|
11:33:49 0, 55, N/A, 41.42, 100|1, 53, N/A, 45.86, 100|2, 54, N/A, 48.79, 100|3, 54, N/A, 41.38, 100|4, 55, N/A, 45.10, 100|5, 58, N/A, 44.61, 100|6, 55, N/A, 46.52, 100|
11:33:52 0, 55, N/A, 41.42, 100|1, 53, N/A, 45.86, 100|2, 54, N/A, 48.79, 100|3, 54, N/A, 41.40, 100|4, 55, N/A, 45.10, 100|5, 58, N/A, 44.60, 100|6, 55, N/A, 46.77, 100|
11:33:54 0, 55, N/A, 41.67, 100|1, 53, N/A, 45.86, 100|2, 54, N/A, 48.79, 100|3, 54, N/A, 41.40, 100|4, 55, N/A, 45.10, 100|5, 58, N/A, 44.63, 100|6, 55, N/A, 46.77, 100|
11:33:56 0, 55, N/A, 41.42, 100|1, 54, N/A, 45.86, 100|2, 54, N/A, 48.79, 100|3, 54, N/A, 41.40, 100|4, 56, N/A, 45.10, 100|5, 58, N/A, 44.63, 100|6, 55, N/A, 46.79, 100|
