11:22:43 0, 53, N/A, 39.94, 0|1, 52, N/A, 43.64, 0|2, 47, N/A, 31.81, 0|3, 49, N/A, 29.09, 0|4, 50, N/A, 29.83, 0|5, 52, N/A, 29.11, 0|6, 48, N/A, 30.80, 0|
11:22:45 0, 53, N/A, 35.51, 0|1, 52, N/A, 38.22, 0|2, 47, N/A, 38.47, 0|3, 49, N/A, 34.50, 2|4, 50, N/A, 36.22, 0|5, 52, N/A, 35.75, 0|6, 49, N/A, 37.44, 1|
11:22:48 0, 53, N/A, 39.20, 57|1, 51, N/A, 37.97, 0|2, 47, N/A, 38.46, 0|3, 49, N/A, 34.50, 0|4, 50, N/A, 36.22, 0|5, 52, N/A, 35.75, 0|6, 49, N/A, 37.19, 0|
11:22:50 0, 53, N/A, 40.19, 0|1, 52, N/A, 43.64, 0|2, 48, N/A, 44.87, 68|3, 49, N/A, 34.50, 0|4, 50, N/A, 36.22, 0|5, 52, N/A, 35.75, 0|6, 49, N/A, 37.19, 0|
11:22:52 0, 53, N/A, 40.19, 0|1, 52, N/A, 43.64, 0|2, 48, N/A, 44.63, 0|3, 50, N/A, 39.18, 0|4, 50, N/A, 41.89, 56|5, 52, N/A, 35.75, 0|6, 49, N/A, 37.19, 0|
11:22:54 0, 54, N/A, 40.19, 0|1, 52, N/A, 43.64, 0|2, 48, N/A, 38.71, 0|3, 50, N/A, 35.24, 0|4, 50, N/A, 41.15, 0|5, 52, N/A, 40.69, 0|6, 49, N/A, 43.10, 60|
11:22:56 0, 54, N/A, 40.93, 0|1, 52, N/A, 44.63, 7|2, 48, N/A, 38.71, 10|3, 50, N/A, 34.50, 8|4, 50, N/A, 36.47, 9|5, 52, N/A, 37.23, 7|6, 50, N/A, 45.81, 10|
11:22:58 0, 54, N/A, 40.93, 0|1, 52, N/A, 44.63, 0|2, 48, N/A, 38.71, 0|3, 49, N/A, 34.50, 0|4, 50, N/A, 36.22, 0|5, 52, N/A, 35.75, 0|6, 49, N/A, 37.44, 0|
11:23:00 0, 54, N/A, 41.40, 10|1, 52, N/A, 45.12, 9|2, 48, N/A, 38.96, 12|3, 50, N/A, 35.24, 10|4, 51, N/A, 36.96, 20|5, 53, N/A, 37.70, 11|6, 50, N/A, 81.63, 32|
11:23:02 0, 54, N/A, 105.29, 10|1, 52, N/A, 45.12, 9|2, 48, N/A, 39.20, 12|3, 50, N/A, 34.99, 10|4, 51, N/A, 36.72, 12|5, 53, N/A, 36.49, 14|6, 51, N/A, 49.22, 30|
11:23:04 0, 55, N/A, 120.97, 10|1, 53, N/A, 121.95, 9|2, 49, N/A, 39.45, 12|3, 50, N/A, 34.99, 16|4, 51, N/A, 36.71, 12|5, 53, N/A, 36.24, 11|6, 51, N/A, 42.36, 24|
11:23:06 0, 57, N/A, 164.46, 100|1, 52, N/A, 44.87, 0|2, 48, N/A, 38.96, 0|3, 50, N/A, 34.99, 0|4, 51, N/A, 36.47, 0|5, 53, N/A, 35.75, 0|6, 50, N/A, 37.92, 0|
11:23:08 0, 55, N/A, 41.15, 0|1, 53, N/A, 45.12, 0|2, 49, N/A, 45.86, 0|3, 51, N/A, 40.39, 0|4, 53, N/A, 174.24, 100|5, 53, N/A, 35.75, 0|6, 50, N/A, 38.17, 0|
11:23:11 0, 58, N/A, 43.86, 100|1, 55, N/A, 171.22, 67|2, 50, N/A, 161.18, 10|3, 50, N/A, 39.89, 0|4, 52, N/A, 42.60, 0|5, 53, N/A, 40.90, 0|6, 51, N/A, 43.56, 0|
11:23:13 0, 56, N/A, 42.11, 0|1, 56, N/A, 161.25, 100|2, 50, N/A, 46.82, 0|3, 52, N/A, 40.61, 0|4, 55, N/A, 161.96, 100|5, 56, N/A, 47.53, 100|6, 51, N/A, 181.74, 0|
11:23:15 0, 55, N/A, 41.40, 0|1, 53, N/A, 45.37, 0|2, 50, N/A, 46.60, 0|3, 51, N/A, 40.39, 0|4, 53, N/A, 43.59, 0|5, 56, N/A, 181.85, 100|6, 51, N/A, 44.55, 0|
11:23:17 0, 57, N/A, 42.87, 0|1, 56, N/A, 160.41, 69|2, 52, N/A, 175.30, 100|3, 51, N/A, 40.38, 0|4, 52, N/A, 42.85, 0|5, 54, N/A, 41.64, 0|6, 52, N/A, 44.05, 0|
11:23:19 0, 56, N/A, 41.86, 0|1, 55, N/A, 46.57, 0|2, 54, N/A, 142.92, 100|3, 52, N/A, 78.61, 0|4, 56, N/A, 47.26, 100|5, 57, N/A, 161.71, 69|6, 53, N/A, 163.72, 45|
11:23:21 0, 58, N/A, 161.51, 100|1, 54, N/A, 45.86, 0|2, 51, N/A, 46.82, 0|3, 52, N/A, 40.88, 0|4, 53, N/A, 43.59, 0|5, 55, N/A, 42.14, 0|6, 53, N/A, 45.53, 0|
11:23:23 0, 56, N/A, 41.65, 0|1, 54, N/A, 45.86, 0|2, 52, N/A, 47.34, 0|3, 53, N/A, 41.37, 31|4, 55, N/A, 178.32, 100|5, 55, N/A, 41.89, 0|6, 52, N/A, 45.04, 0|
11:23:25 0, 57, N/A, 72.65, 17|1, 55, N/A, 113.11, 14|2, 51, N/A, 118.51, 11|3, 53, N/A, 41.12, 9|4, 54, N/A, 43.87, 11|5, 56, N/A, 42.38, 11|6, 54, N/A, 48.24, 22|
11:23:27 0, 57, N/A, 49.50, 10|1, 54, N/A, 46.11, 9|2, 52, N/A, 48.08, 22|3, 53, N/A, 41.37, 9|4, 54, N/A, 44.08, 12|5, 56, N/A, 43.62, 19|6, 55, N/A, 73.27, 35|
11:23:29 0, 57, N/A, 42.63, 10|1, 55, N/A, 46.35, 9|2, 52, N/A, 49.04, 11|3, 53, N/A, 42.85, 17|4, 54, N/A, 49.01, 17|5, 56, N/A, 58.13, 11|6, 54, N/A, 172.74, 22|
11:23:31 0, 59, N/A, 168.04, 100|1, 54, N/A, 45.83, 0|2, 52, N/A, 48.05, 0|3, 53, N/A, 41.12, 0|4, 54, N/A, 43.59, 0|5, 56, N/A, 42.14, 0|6, 54, N/A, 45.53, 0|
11:23:34 0, 57, N/A, 42.38, 0|1, 55, N/A, 46.11, 0|2, 52, N/A, 48.08, 0|3, 54, N/A, 41.86, 0|4, 56, N/A, 149.80, 80|5, 56, N/A, 42.14, 0|6, 53, N/A, 45.53, 0|
11:23:36 0, 57, N/A, 36.74, 11|1, 55, N/A, 39.94, 10|2, 53, N/A, 49.31, 20|3, 53, N/A, 43.59, 9|4, 55, N/A, 51.47, 11|5, 57, N/A, 66.25, 21|6, 54, N/A, 178.55, 22|
11:23:38 0, 57, N/A, 39.67, 11|1, 55, N/A, 47.34, 10|2, 53, N/A, 88.12, 18|3, 53, N/A, 119.34, 9|4, 55, N/A, 97.07, 11|5, 56, N/A, 42.38, 11|6, 55, N/A, 46.76, 34|
11:23:40 0, 58, N/A, 42.87, 0|1, 58, N/A, 157.24, 100|2, 55, N/A, 192.13, 100|3, 53, N/A, 35.71, 0|4, 54, N/A, 37.45, 0|5, 56, N/A, 42.13, 0|6, 54, N/A, 45.78, 0|
11:23:42 0, 58, N/A, 42.36, 0|1, 56, N/A, 46.60, 0|2, 55, N/A, 49.30, 40|3, 56, N/A, 191.49, 100|4, 56, N/A, 45.04, 0|5, 59, N/A, 162.35, 100|6, 56, N/A, 185.41, 100|
11:23:44 0, 59, N/A, 43.61, 56|1, 56, N/A, 150.46, 0|2, 53, N/A, 48.05, 0|3, 54, N/A, 41.37, 0|4, 55, N/A, 44.08, 0|5, 57, N/A, 42.63, 0|6, 55, N/A, 46.27, 0|
11:23:46 0, 57, N/A, 42.38, 0|1, 55, N/A, 46.35, 0|2, 53, N/A, 48.30, 0|3, 54, N/A, 41.62, 0|4, 58, N/A, 81.67, 100|5, 56, N/A, 107.63, 0|6, 54, N/A, 39.13, 0|
11:23:48 0, 58, N/A, 43.12, 10|1, 56, N/A, 46.57, 9|2, 54, N/A, 50.03, 21|3, 54, N/A, 43.34, 9|4, 56, N/A, 49.99, 11|5, 58, N/A, 60.33, 17|6, 56, N/A, 184.95, 28|
11:23:50 0, 58, N/A, 43.37, 10|1, 56, N/A, 47.09, 12|2, 54, N/A, 50.54, 11|3, 54, N/A, 44.33, 19|4, 57, N/A, 52.95, 11|5, 58, N/A, 69.17, 10|6, 56, N/A, 172.26, 22|
11:23:52 0, 57, N/A, 42.63, 0|1, 55, N/A, 46.11, 0|2, 53, N/A, 48.54, 0|3, 54, N/A, 41.37, 0|4, 55, N/A, 43.12, 0|5, 57, N/A, 42.41, 0|6, 55, N/A, 46.02, 0|
