12:09:57 0, 67, N/A, 33.72, 0|1, 54, N/A, 31.52, 0|2, 52, N/A, 33.27, 0|3, 50, N/A, 29.11, 0|
12:09:59 0, 67, N/A, 41.51, 0|1, 54, N/A, 38.56, 0|2, 52, N/A, 39.12, 0|3, 51, N/A, 35.69, 0|
12:10:01 0, 67, N/A, 41.51, 0|1, 54, N/A, 38.56, 28|2, 52, N/A, 39.85, 7|3, 51, N/A, 35.69, 0|
12:10:03 0, 67, N/A, 41.51, 0|1, 54, N/A, 38.56, 0|2, 52, N/A, 39.36, 0|3, 51, N/A, 35.69, 0|
12:10:05 0, 67, N/A, 41.54, 0|1, 54, N/A, 38.86, 0|2, 53, N/A, 39.88, 0|3, 51, N/A, 35.72, 0|
12:10:07 0, 67, N/A, 41.51, 0|1, 54, N/A, 38.59, 0|2, 52, N/A, 39.88, 0|3, 51, N/A, 35.70, 0|
12:10:09 0, 68, N/A, 43.83, 25|1, 55, N/A, 44.79, 24|2, 54, N/A, 64.29, 25|3, 52, N/A, 122.17, 25|
12:10:12 0, 68, N/A, 61.50, 23|1, 56, N/A, 112.01, 24|2, 54, N/A, 73.51, 24|3, 53, N/A, 38.53, 31|
12:10:14 0, 68, N/A, 43.83, 25|1, 56, N/A, 43.82, 24|2, 54, N/A, 56.54, 26|3, 53, N/A, 127.27, 24|
12:10:16 0, 68, N/A, 108.00, 25|1, 56, N/A, 40.16, 23|2, 54, N/A, 41.94, 26|3, 54, N/A, 44.60, 31|
12:10:18 0, 69, N/A, 48.92, 25|1, 56, N/A, 58.87, 24|2, 54, N/A, 116.16, 19|3, 53, N/A, 62.35, 24|
12:10:20 0, 68, N/A, 43.08, 25|1, 57, N/A, 41.62, 18|2, 55, N/A, 47.76, 26|3, 54, N/A, 85.39, 31|
12:10:22 0, 69, N/A, 82.32, 20|1, 56, N/A, 105.95, 24|2, 55, N/A, 41.67, 20|3, 54, N/A, 39.50, 25|
12:10:24 0, 69, N/A, 45.30, 25|1, 57, N/A, 48.93, 23|2, 55, N/A, 76.93, 26|3, 54, N/A, 107.17, 31|
12:10:26 0, 69, N/A, 83.25, 19|1, 57, N/A, 40.90, 24|2, 55, N/A, 45.08, 21|3, 55, N/A, 63.53, 31|
12:10:28 0, 69, N/A, 71.96, 25|1, 57, N/A, 116.31, 24|2, 55, N/A, 41.92, 26|3, 55, N/A, 39.99, 26|
12:10:30 0, 69, N/A, 48.19, 24|1, 57, N/A, 59.37, 22|2, 55, N/A, 119.57, 25|3, 55, N/A, 63.54, 31|
12:10:32 0, 69, N/A, 115.89, 25|1, 57, N/A, 40.65, 24|2, 56, N/A, 43.38, 26|3, 55, N/A, 50.45, 26|
12:10:35 0, 70, N/A, 58.62, 25|1, 57, N/A, 98.79, 19|2, 56, N/A, 86.61, 26|3, 55, N/A, 38.53, 31|
12:10:37 0, 69, N/A, 44.29, 19|1, 57, N/A, 44.06, 24|2, 56, N/A, 55.29, 19|3, 55, N/A, 112.52, 27|
12:10:39 0, 69, N/A, 122.60, 25|1, 57, N/A, 62.69, 19|2, 56, N/A, 42.89, 26|3, 56, N/A, 45.58, 31|
12:10:41 0, 70, N/A, 52.08, 18|1, 58, N/A, 72.41, 24|2, 56, N/A, 110.57, 25|3, 56, N/A, 38.28, 31|
12:10:43 0, 70, N/A, 44.54, 25|1, 58, N/A, 44.79, 24|2, 57, N/A, 57.97, 26|3, 56, N/A, 128.40, 28|
12:10:45 0, 70, N/A, 113.21, 25|1, 58, N/A, 40.90, 24|2, 57, N/A, 44.13, 26|3, 57, N/A, 51.15, 31|
12:10:47 0, 70, N/A, 59.11, 25|1, 58, N/A, 99.75, 24|2, 57, N/A, 83.88, 22|3, 56, N/A, 39.24, 24|
12:10:49 0, 70, N/A, 45.27, 25|1, 58, N/A, 48.20, 18|2, 57, N/A, 72.30, 26|3, 56, N/A, 112.94, 31|
12:10:51 0, 70, N/A, 102.61, 20|1, 58, N/A, 40.90, 24|2, 57, N/A, 44.35, 19|3, 57, N/A, 52.15, 31|
12:10:53 0, 70, N/A, 70.46, 25|1, 58, N/A, 118.49, 24|2, 57, N/A, 45.57, 26|3, 57, N/A, 40.72, 29|
12:10:55 0, 70, N/A, 47.22, 25|1, 58, N/A, 54.01, 24|2, 57, N/A, 97.80, 26|3, 57, N/A, 88.99, 31|
12:10:57 0, 70, N/A, 44.06, 25|1, 58, N/A, 42.59, 24|2, 58, N/A, 49.95, 24|3, 58, N/A, 89.00, 24|
12:10:59 0, 70, N/A, 110.11, 25|1, 58, N/A, 80.14, 24|2, 58, N/A, 43.62, 26|3, 58, N/A, 43.86, 31|
12:11:02 0, 71, N/A, 50.87, 25|1, 58, N/A, 67.80, 24|2, 58, N/A, 121.37, 20|3, 57, N/A, 53.10, 24|
12:11:04 0, 70, N/A, 44.54, 25|1, 59, N/A, 43.82, 18|2, 58, N/A, 53.82, 26|3, 58, N/A, 116.10, 31|
12:11:06 0, 70, N/A, 120.67, 18|1, 59, N/A, 67.55, 24|2, 58, N/A, 43.62, 26|3, 58, N/A, 44.84, 31|
12:11:08 0, 71, N/A, 51.60, 25|1, 59, N/A, 68.56, 24|2, 58, N/A, 115.85, 26|3, 58, N/A, 39.01, 26|
12:11:10 0, 71, N/A, 44.78, 25|1, 59, N/A, 44.55, 17|2, 58, N/A, 57.72, 26|3, 58, N/A, 131.73, 31|
12:11:12 0, 71, N/A, 117.82, 20|1, 59, N/A, 41.38, 24|2, 58, N/A, 44.84, 22|3, 59, N/A, 50.93, 24|
12:11:14 0, 71, N/A, 63.94, 25|1, 59, N/A, 118.25, 23|2, 58, N/A, 71.57, 26|3, 58, N/A, 40.45, 31|
12:11:16 0, 71, N/A, 47.70, 19|1, 59, N/A, 54.25, 24|2, 59, N/A, 85.15, 26|3, 58, N/A, 101.58, 31|
12:11:18 0, 71, N/A, 61.75, 25|1, 59, N/A, 42.35, 24|2, 59, N/A, 48.50, 23|3, 59, N/A, 75.95, 24|
12:11:20 0, 71, N/A, 86.64, 25|1, 59, N/A, 115.34, 24|2, 59, N/A, 43.89, 26|3, 59, N/A, 41.67, 31|
12:11:22 0, 71, N/A, 48.68, 23|1, 59, N/A, 58.63, 24|2, 59, N/A, 111.30, 22|3, 59, N/A, 76.15, 30|
12:11:24 0, 71, N/A, 44.79, 25|1, 59, N/A, 43.33, 18|2, 59, N/A, 51.66, 26|3, 59, N/A, 96.05, 31|
12:11:27 0, 71, N/A, 117.10, 18|1, 60, N/A, 73.07, 24|2, 59, N/A, 44.60, 26|3, 59, N/A, 46.31, 31|
12:11:29 0, 72, N/A, 53.75, 25|1, 60, N/A, 78.00, 24|2, 59, N/A, 110.32, 26|3, 60, N/A, 39.72, 25|
12:11:31 0, 71, N/A, 45.03, 25|1, 60, N/A, 45.03, 23|2, 60, N/A, 57.47, 26|3, 60, N/A, 134.71, 31|
12:11:33 0, 72, N/A, 119.69, 25|1, 60, N/A, 41.86, 24|2, 60, N/A, 45.57, 20|3, 60, N/A, 50.66, 24|
12:11:35 0, 72, N/A, 58.86, 25|1, 60, N/A, 96.37, 18|2, 60, N/A, 89.48, 26|3, 60, N/A, 40.70, 31|
12:11:37 0, 72, N/A, 46.49, 18|1, 60, N/A, 48.90, 24|2, 60, N/A, 73.51, 25|3, 60, N/A, 116.09, 31|
12:11:39 0, 73, N/A, 53.03, 0|1, 61, N/A, 140.06, 100|2, 59, N/A, 43.38, 0|3, 59, N/A, 38.24, 0|
12:11:41 0, 75, N/A, 155.33, 100|1, 60, N/A, 47.49, 0|2, 60, N/A, 50.70, 0|3, 62, N/A, 182.03, 100|
12:11:43 0, 74, N/A, 53.09, 0|1, 64, N/A, 188.99, 100|2, 63, N/A, 183.69, 100|3, 60, N/A, 44.39, 0|
12:11:45 0, 77, N/A, 163.79, 100|1, 63, N/A, 171.02, 100|2, 62, N/A, 52.16, 0|3, 63, N/A, 50.21, 100|
12:11:47 0, 74, N/A, 166.33, 0|1, 62, N/A, 49.33, 0|2, 65, N/A, 154.49, 100|3, 64, N/A, 187.23, 100|
12:11:49 0, 77, N/A, 56.17, 29|1, 65, N/A, 186.36, 56|2, 64, N/A, 151.90, 49|3, 62, N/A, 45.39, 0|
12:11:52 0, 78, N/A, 159.17, 100|1, 62, N/A, 48.94, 0|2, 64, N/A, 54.35, 0|3, 65, N/A, 167.92, 100|
12:11:54 0, 75, N/A, 54.30, 0|1, 66, N/A, 151.49, 100|2, 66, N/A, 164.22, 100|3, 62, N/A, 45.39, 0|
12:11:56 0, 79, N/A, 182.69, 100|1, 65, N/A, 160.28, 100|2, 64, N/A, 53.65, 0|3, 64, N/A, 47.33, 9|
12:11:58 0, 77, N/A, 173.57, 10|1, 63, N/A, 49.97, 0|2, 68, N/A, 156.20, 100|3, 66, N/A, 190.43, 100|
12:12:00 0, 78, N/A, 56.90, 27|1, 66, N/A, 163.17, 100|2, 66, N/A, 160.25, 100|3, 63, N/A, 46.12, 0|
12:12:02 0, 79, N/A, 162.58, 100|1, 63, N/A, 49.63, 0|2, 66, N/A, 56.00, 0|3, 66, N/A, 157.11, 100|
12:12:04 0, 77, N/A, 53.30, 0|1, 67, N/A, 163.79, 100|2, 68, N/A, 164.59, 100|3, 63, N/A, 45.82, 0|
12:12:06 0, 78, N/A, 105.83, 100|1, 66, N/A, 179.47, 100|2, 65, N/A, 54.87, 0|3, 66, N/A, 52.44, 100|
12:12:08 0, 76, N/A, 69.86, 0|1, 65, N/A, 51.78, 0|2, 68, N/A, 184.19, 100|3, 66, N/A, 190.33, 100|
12:12:10 0, 79, N/A, 158.33, 100|1, 67, N/A, 55.45, 100|2, 66, N/A, 156.25, 0|3, 65, N/A, 47.34, 0|
12:12:12 0, 80, N/A, 166.44, 100|1, 65, N/A, 50.88, 0|2, 69, N/A, 151.17, 100|3, 65, N/A, 47.79, 0|
12:12:14 0, 78, N/A, 48.66, 100|1, 66, N/A, 185.10, 3|2, 69, N/A, 202.84, 100|3, 64, N/A, 46.79, 0|
12:12:17 0, 79, N/A, 48.90, 100|1, 65, N/A, 173.55, 0|2, 68, N/A, 58.18, 36|3, 66, N/A, 174.77, 58|
12:12:19 0, 78, N/A, 53.99, 0|1, 68, N/A, 162.11, 100|2, 69, N/A, 59.63, 100|3, 65, N/A, 163.92, 1|
12:12:21 0, 78, N/A, 154.53, 0|1, 68, N/A, 169.00, 100|2, 67, N/A, 56.82, 0|3, 67, N/A, 176.96, 100|
12:12:23 0, 77, N/A, 47.94, 0|1, 69, N/A, 172.97, 100|2, 67, N/A, 56.97, 0|3, 66, N/A, 157.15, 100|
12:12:25 0, 79, N/A, 151.10, 100|1, 69, N/A, 190.16, 100|2, 67, N/A, 56.24, 1|3, 66, N/A, 49.00, 87|
12:12:27 0, 79, N/A, 162.28, 100|1, 67, N/A, 53.10, 0|2, 69, N/A, 186.57, 100|3, 67, N/A, 85.91, 91|
12:12:29 0, 79, N/A, 131.20, 100|1, 67, N/A, 53.51, 0|2, 68, N/A, 184.56, 100|3, 64, N/A, 47.09, 0|
12:12:31 0, 80, N/A, 131.85, 100|1, 67, N/A, 52.54, 0|2, 70, N/A, 198.54, 100|3, 64, N/A, 47.09, 0|
12:12:33 0, 77, N/A, 47.39, 0|1, 67, N/A, 52.47, 0|2, 70, N/A, 156.08, 100|3, 64, N/A, 46.46, 0|
12:12:35 0, 80, N/A, 151.46, 100|1, 65, N/A, 43.99, 0|2, 66, N/A, 56.18, 0|3, 63, N/A, 46.69, 0|
12:12:38 0, 77, N/A, 52.44, 0|1, 66, N/A, 52.44, 0|2, 69, N/A, 177.17, 100|3, 62, N/A, 39.91, 0|
12:12:40 0, 77, N/A, 130.59, 27|1, 66, N/A, 57.05, 22|2, 67, N/A, 60.78, 26|3, 65, N/A, 61.26, 31|
12:12:42 0, 77, N/A, 85.50, 22|1, 66, N/A, 54.14, 21|2, 67, N/A, 64.67, 26|3, 65, N/A, 87.89, 31|
12:12:44 0, 77, N/A, 49.03, 27|1, 67, N/A, 57.51, 24|2, 68, N/A, 79.15, 26|3, 65, N/A, 177.79, 28|
12:12:46 0, 77, N/A, 51.22, 27|1, 67, N/A, 67.90, 24|2, 68, N/A, 112.94, 26|3, 64, N/A, 141.30, 31|
12:12:48 0, 77, N/A, 57.02, 27|1, 66, N/A, 97.99, 24|2, 68, N/A, 156.37, 26|3, 65, N/A, 50.07, 31|
12:12:50 0, 76, N/A, 77.79, 27|1, 66, N/A, 163.01, 24|2, 68, N/A, 77.41, 26|3, 65, N/A, 52.01, 25|
12:12:52 0, 76, N/A, 113.95, 27|1, 66, N/A, 114.14, 24|2, 68, N/A, 60.28, 26|3, 65, N/A, 55.18, 25|
12:12:54 0, 76, N/A, 118.18, 27|1, 66, N/A, 53.17, 24|2, 68, N/A, 62.23, 26|3, 65, N/A, 66.08, 22|
12:12:56 0, 76, N/A, 48.06, 27|1, 66, N/A, 54.63, 24|2, 68, N/A, 67.54, 26|3, 65, N/A, 103.80, 22|
12:12:58 0, 76, N/A, 49.03, 27|1, 66, N/A, 59.44, 24|2, 68, N/A, 89.06, 23|3, 65, N/A, 165.31, 31|
12:13:00 0, 76, N/A, 52.19, 27|1, 66, N/A, 74.89, 24|2, 68, N/A, 156.08, 23|3, 64, N/A, 100.10, 31|
12:13:02 0, 76, N/A, 58.71, 21|1, 66, N/A, 106.96, 20|2, 68, N/A, 146.40, 17|3, 65, N/A, 50.31, 31|
12:13:05 0, 76, N/A, 82.15, 26|1, 66, N/A, 148.15, 19|2, 68, N/A, 60.04, 17|3, 65, N/A, 53.24, 31|
12:13:07 0, 76, N/A, 128.88, 15|1, 66, N/A, 52.93, 18|2, 68, N/A, 61.25, 26|3, 65, N/A, 60.04, 31|
12:13:09 0, 76, N/A, 82.64, 20|1, 66, N/A, 53.90, 24|2, 68, N/A, 65.14, 26|3, 65, N/A, 81.59, 31|
12:13:11 0, 76, N/A, 48.79, 27|1, 67, N/A, 60.65, 25|2, 68, N/A, 92.40, 26|3, 65, N/A, 160.97, 31|
12:13:13 0, 76, N/A, 57.02, 27|1, 67, N/A, 101.39, 25|2, 67, N/A, 153.65, 26|3, 65, N/A, 50.07, 28|
12:13:15 0, 76, N/A, 99.97, 27|1, 66, N/A, 128.10, 24|2, 68, N/A, 60.28, 26|3, 65, N/A, 53.72, 24|
12:13:17 0, 75, N/A, 103.13, 27|1, 66, N/A, 53.17, 25|2, 68, N/A, 62.51, 26|3, 65, N/A, 70.99, 25|
12:13:19 0, 76, N/A, 48.31, 27|1, 66, N/A, 56.77, 24|2, 68, N/A, 76.48, 26|3, 65, N/A, 164.30, 28|
12:13:21 0, 76, N/A, 51.70, 19|1, 67, N/A, 73.72, 19|2, 68, N/A, 149.30, 17|3, 65, N/A, 107.56, 31|
12:13:23 0, 76, N/A, 48.64, 27|1, 66, N/A, 50.32, 26|2, 68, N/A, 73.91, 26|3, 64, N/A, 123.78, 19|
12:13:25 0, 76, N/A, 77.42, 16|1, 66, N/A, 121.00, 14|2, 67, N/A, 49.16, 19|3, 64, N/A, 43.83, 33|
12:13:27 0, 76, N/A, 47.67, 18|1, 66, N/A, 47.40, 24|2, 67, N/A, 61.33, 28|3, 64, N/A, 138.10, 33|
12:13:30 0, 76, N/A, 65.59, 27|1, 65, N/A, 123.20, 26|2, 67, N/A, 88.20, 28|3, 64, N/A, 42.38, 30|
12:13:32 0, 75, N/A, 47.67, 16|1, 65, N/A, 46.67, 16|2, 67, N/A, 58.41, 15|3, 64, N/A, 118.68, 33|
12:13:34 0, 76, N/A, 62.92, 25|1, 66, N/A, 106.67, 27|2, 67, N/A, 95.00, 28|3, 64, N/A, 42.13, 33|
12:13:36 0, 75, N/A, 54.21, 26|1, 65, N/A, 45.25, 17|2, 67, N/A, 54.03, 20|3, 64, N/A, 82.42, 32|
12:13:38 0, 76, N/A, 56.40, 16|1, 66, N/A, 85.19, 23|2, 67, N/A, 114.30, 22|3, 64, N/A, 41.67, 33|
12:13:40 0, 75, N/A, 84.69, 27|1, 65, N/A, 44.97, 26|2, 67, N/A, 52.11, 28|3, 64, N/A, 68.84, 23|
12:13:42 0, 76, N/A, 53.48, 18|1, 65, N/A, 73.14, 18|2, 67, N/A, 122.56, 14|3, 64, N/A, 41.65, 33|
12:13:44 0, 75, N/A, 78.39, 27|1, 65, N/A, 45.00, 26|2, 67, N/A, 52.60, 28|3, 65, N/A, 59.15, 20|
12:13:46 0, 75, N/A, 50.59, 27|1, 65, N/A, 59.53, 27|2, 67, N/A, 123.05, 23|3, 64, N/A, 76.83, 31|
12:13:48 0, 75, N/A, 116.45, 26|1, 65, N/A, 44.51, 27|2, 67, N/A, 50.66, 28|3, 65, N/A, 56.22, 29|
12:13:50 0, 75, N/A, 52.30, 27|1, 65, N/A, 67.51, 27|2, 67, N/A, 128.07, 28|3, 64, N/A, 41.65, 21|
12:13:52 0, 75, N/A, 104.97, 14|1, 65, N/A, 44.51, 19|2, 67, N/A, 50.87, 25|3, 65, N/A, 57.44, 33|
12:13:55 0, 75, N/A, 51.56, 27|1, 65, N/A, 63.90, 27|2, 67, N/A, 131.95, 28|3, 65, N/A, 59.35, 31|
12:13:57 0, 75, N/A, 80.53, 27|1, 65, N/A, 44.52, 25|2, 67, N/A, 51.84, 28|3, 65, N/A, 66.17, 23|
12:13:59 0, 75, N/A, 56.15, 25|1, 65, N/A, 84.02, 27|2, 67, N/A, 112.38, 28|3, 64, N/A, 42.13, 33|
12:14:01 0, 75, N/A, 56.16, 27|1, 64, N/A, 45.73, 26|2, 67, N/A, 55.04, 28|3, 65, N/A, 89.18, 18|
12:14:03 0, 76, N/A, 69.97, 19|1, 64, N/A, 128.35, 18|2, 67, N/A, 59.35, 22|3, 64, N/A, 43.35, 33|
12:14:05 0, 75, N/A, 47.91, 27|1, 64, N/A, 47.44, 27|2, 67, N/A, 63.03, 28|3, 64, N/A, 136.49, 24|
12:14:07 0, 75, N/A, 90.22, 14|1, 64, N/A, 110.00, 13|2, 67, N/A, 49.19, 16|3, 65, N/A, 45.06, 33|
12:14:09 0, 75, N/A, 48.40, 27|1, 65, N/A, 50.08, 27|2, 67, N/A, 74.64, 28|3, 65, N/A, 121.83, 30|
12:14:11 0, 75, N/A, 102.59, 27|1, 64, N/A, 96.73, 27|2, 67, N/A, 49.44, 28|3, 65, N/A, 46.27, 33|
12:14:13 0, 75, N/A, 46.33, 0|1, 64, N/A, 43.17, 0|2, 67, N/A, 48.59, 0|3, 64, N/A, 41.02, 0|
12:14:15 0, 80, N/A, 165.82, 100|1, 67, N/A, 151.55, 100|2, 66, N/A, 47.85, 0|3, 64, N/A, 40.80, 0|
12:14:17 0, 76, N/A, 158.64, 43|1, 65, N/A, 51.65, 1|2, 72, N/A, 197.65, 100|3, 67, N/A, 184.91, 100|
12:14:19 0, 79, N/A, 135.07, 100|1, 67, N/A, 53.79, 54|2, 69, N/A, 198.55, 0|3, 66, N/A, 47.80, 0|
12:14:22 0, 79, N/A, 185.59, 100|1, 66, N/A, 51.82, 0|2, 73, N/A, 163.04, 100|3, 67, N/A, 47.76, 78|
12:14:24 0, 78, N/A, 53.79, 0|1, 69, N/A, 160.29, 100|2, 71, N/A, 168.63, 100|3, 66, N/A, 47.55, 0|
12:14:26 0, 80, N/A, 143.10, 100|1, 66, N/A, 51.85, 0|2, 72, N/A, 61.83, 67|3, 69, N/A, 191.90, 10|
12:14:28 0, 78, N/A, 52.02, 0|1, 69, N/A, 192.58, 100|2, 73, N/A, 180.19, 100|3, 66, N/A, 48.00, 0|
12:14:30 0, 79, N/A, 153.14, 100|1, 66, N/A, 52.27, 0|2, 72, N/A, 61.29, 0|3, 69, N/A, 186.85, 100|
12:14:32 0, 78, N/A, 53.50, 0|1, 70, N/A, 172.11, 100|2, 74, N/A, 163.79, 100|3, 66, N/A, 48.03, 0|
12:14:34 0, 79, N/A, 116.32, 100|1, 67, N/A, 58.05, 0|2, 72, N/A, 60.85, 0|3, 70, N/A, 169.32, 100|
12:14:36 0, 77, N/A, 47.91, 0|1, 71, N/A, 177.63, 100|2, 74, N/A, 201.86, 100|3, 66, N/A, 47.97, 1|
12:14:38 0, 78, N/A, 48.88, 100|1, 68, N/A, 180.89, 0|2, 72, N/A, 61.05, 0|3, 69, N/A, 161.50, 100|
12:14:40 0, 78, N/A, 53.50, 0|1, 71, N/A, 168.51, 100|2, 74, N/A, 168.71, 100|3, 66, N/A, 48.00, 1|
12:14:43 0, 78, N/A, 54.88, 45|1, 70, N/A, 165.35, 55|2, 71, N/A, 61.29, 0|3, 69, N/A, 152.18, 100|
12:14:45 0, 78, N/A, 47.94, 0|1, 71, N/A, 159.38, 100|2, 74, N/A, 138.68, 99|3, 65, N/A, 86.15, 0|
12:14:47 0, 78, N/A, 49.11, 25|1, 70, N/A, 156.09, 75|2, 72, N/A, 61.26, 0|3, 68, N/A, 178.16, 100|
12:14:49 0, 78, N/A, 48.42, 0|1, 72, N/A, 181.86, 100|2, 74, N/A, 117.73, 100|3, 65, N/A, 102.08, 0|
12:14:51 0, 78, N/A, 53.40, 46|1, 70, N/A, 193.52, 52|2, 72, N/A, 61.25, 0|3, 68, N/A, 155.32, 100|
12:14:53 0, 78, N/A, 48.39, 0|1, 72, N/A, 211.27, 100|2, 74, N/A, 160.38, 100|3, 65, N/A, 47.27, 1|
12:14:55 0, 79, N/A, 48.90, 73|1, 70, N/A, 172.49, 23|2, 72, N/A, 61.99, 0|3, 67, N/A, 187.78, 97|
12:14:57 0, 78, N/A, 48.63, 32|1, 71, N/A, 192.06, 57|2, 75, N/A, 185.63, 100|3, 65, N/A, 47.24, 0|
12:14:59 0, 79, N/A, 46.72, 100|1, 70, N/A, 182.10, 0|2, 75, N/A, 94.64, 100|3, 65, N/A, 157.97, 1|
12:15:01 0, 79, N/A, 49.11, 100|1, 71, N/A, 190.03, 79|2, 74, N/A, 186.59, 100|3, 65, N/A, 47.73, 0|
12:15:03 0, 80, N/A, 108.49, 100|1, 69, N/A, 54.31, 0|2, 75, N/A, 165.83, 100|3, 66, N/A, 47.58, 1|
12:15:05 0, 79, N/A, 119.76, 100|1, 69, N/A, 54.52, 0|2, 75, N/A, 181.05, 100|3, 66, N/A, 48.03, 0|
12:15:08 0, 79, N/A, 114.39, 100|1, 70, N/A, 54.01, 0|2, 75, N/A, 178.61, 100|3, 66, N/A, 47.85, 0|
12:15:10 0, 79, N/A, 108.43, 100|1, 70, N/A, 55.00, 0|2, 75, N/A, 194.81, 100|3, 66, N/A, 48.03, 0|
12:15:12 0, 79, N/A, 110.10, 100|1, 70, N/A, 55.22, 0|2, 75, N/A, 195.18, 100|3, 66, N/A, 48.27, 0|
12:15:14 0, 79, N/A, 140.93, 100|1, 71, N/A, 55.69, 0|2, 75, N/A, 168.98, 100|3, 67, N/A, 48.28, 0|
12:15:16 0, 79, N/A, 139.48, 100|1, 71, N/A, 55.65, 0|2, 75, N/A, 183.21, 100|3, 67, N/A, 48.76, 0|
12:15:18 0, 80, N/A, 134.26, 100|1, 72, N/A, 56.43, 0|2, 75, N/A, 170.06, 100|3, 67, N/A, 48.76, 0|
12:15:20 0, 79, N/A, 119.93, 100|1, 72, N/A, 56.90, 0|2, 75, N/A, 172.06, 100|3, 67, N/A, 49.49, 57|
12:15:22 0, 77, N/A, 53.85, 0|1, 70, N/A, 55.04, 0|2, 73, N/A, 62.87, 0|3, 70, N/A, 174.62, 100|
12:15:24 0, 78, N/A, 48.58, 53|1, 71, N/A, 146.07, 40|2, 71, N/A, 60.52, 0|3, 65, N/A, 47.42, 0|
12:15:27 0, 77, N/A, 47.55, 0|1, 71, N/A, 55.29, 0|2, 74, N/A, 193.49, 100|3, 64, N/A, 40.83, 0|
12:15:29 0, 77, N/A, 49.49, 30|1, 71, N/A, 63.98, 16|2, 72, N/A, 102.03, 14|3, 65, N/A, 154.43, 33|
12:15:31 0, 77, N/A, 49.73, 30|1, 71, N/A, 63.77, 19|2, 72, N/A, 98.94, 25|3, 64, N/A, 154.51, 23|
12:15:33 0, 77, N/A, 48.76, 30|1, 71, N/A, 57.50, 13|2, 71, N/A, 71.86, 19|3, 65, N/A, 118.29, 28|
12:15:35 0, 77, N/A, 48.79, 30|1, 71, N/A, 59.17, 23|2, 71, N/A, 75.02, 28|3, 65, N/A, 144.70, 19|
12:15:37 0, 77, N/A, 49.03, 30|1, 71, N/A, 61.35, 15|2, 71, N/A, 85.16, 21|3, 64, N/A, 170.87, 27|
12:15:39 0, 77, N/A, 49.76, 26|1, 71, N/A, 64.26, 26|2, 71, N/A, 101.32, 28|3, 64, N/A, 153.23, 17|
12:15:41 0, 77, N/A, 50.97, 30|1, 71, N/A, 72.71, 19|2, 71, N/A, 131.78, 23|3, 64, N/A, 121.78, 24|
12:15:43 0, 77, N/A, 52.43, 23|1, 71, N/A, 80.18, 27|2, 71, N/A, 180.45, 28|3, 64, N/A, 72.31, 18|
12:15:45 0, 77, N/A, 57.26, 15|1, 70, N/A, 99.74, 27|2, 71, N/A, 162.49, 28|3, 64, N/A, 48.85, 21|
12:15:47 0, 77, N/A, 58.70, 21|1, 71, N/A, 119.94, 27|2, 71, N/A, 142.77, 28|3, 65, N/A, 49.56, 21|
12:15:49 0, 77, N/A, 67.40, 16|1, 70, N/A, 170.64, 27|2, 71, N/A, 102.28, 27|3, 65, N/A, 50.31, 33|
12:15:51 0, 77, N/A, 77.54, 19|1, 70, N/A, 170.32, 27|2, 71, N/A, 94.87, 28|3, 65, N/A, 50.56, 31|
12:15:54 0, 77, N/A, 82.39, 17|1, 70, N/A, 153.53, 27|2, 71, N/A, 62.92, 24|3, 65, N/A, 52.01, 33|
12:15:56 0, 77, N/A, 97.36, 16|1, 70, N/A, 135.69, 27|2, 71, N/A, 63.20, 28|3, 66, N/A, 52.74, 33|
12:15:58 0, 77, N/A, 87.68, 27|1, 70, N/A, 146.46, 26|2, 71, N/A, 63.16, 23|3, 65, N/A, 52.74, 33|
12:16:00 0, 76, N/A, 134.07, 16|1, 70, N/A, 63.05, 27|2, 72, N/A, 63.92, 28|3, 66, N/A, 59.06, 31|
12:16:02 0, 76, N/A, 117.76, 26|1, 70, N/A, 55.84, 27|2, 71, N/A, 65.38, 26|3, 66, N/A, 67.29, 33|
12:16:04 0, 76, N/A, 80.17, 16|1, 70, N/A, 56.30, 27|2, 72, N/A, 67.54, 28|3, 66, N/A, 85.71, 31|
12:16:06 0, 76, N/A, 48.06, 25|1, 70, N/A, 57.72, 22|2, 72, N/A, 74.78, 26|3, 66, N/A, 139.93, 33|
12:16:08 0, 76, N/A, 48.06, 30|1, 70, N/A, 59.44, 27|2, 72, N/A, 83.71, 14|3, 65, N/A, 173.67, 30|
12:16:10 0, 77, N/A, 112.15, 23|1, 69, N/A, 100.72, 29|2, 71, N/A, 52.33, 31|3, 65, N/A, 54.00, 17|
12:16:12 0, 76, N/A, 118.63, 15|1, 69, N/A, 93.32, 29|2, 70, N/A, 51.84, 28|3, 65, N/A, 45.03, 35|
12:16:14 0, 76, N/A, 101.93, 28|1, 69, N/A, 47.40, 29|2, 70, N/A, 53.54, 31|3, 65, N/A, 58.63, 20|
12:16:16 0, 76, N/A, 47.64, 23|1, 69, N/A, 48.86, 29|2, 70, N/A, 62.28, 31|3, 65, N/A, 136.25, 25|
12:16:19 0, 76, N/A, 48.86, 30|1, 69, N/A, 55.64, 15|2, 70, N/A, 97.13, 20|3, 64, N/A, 104.60, 23|
12:16:21 0, 76, N/A, 55.66, 29|1, 69, N/A, 88.29, 25|2, 70, N/A, 116.50, 25|3, 65, N/A, 41.88, 18|
12:16:23 0, 76, N/A, 97.25, 30|1, 68, N/A, 105.62, 15|2, 70, N/A, 51.36, 16|3, 65, N/A, 45.06, 36|
12:16:25 0, 76, N/A, 99.39, 30|1, 68, N/A, 46.43, 15|2, 70, N/A, 53.54, 15|3, 65, N/A, 63.73, 33|
12:16:27 0, 76, N/A, 47.67, 30|1, 68, N/A, 47.65, 28|2, 70, N/A, 59.84, 18|3, 65, N/A, 119.41, 33|
12:16:29 0, 75, N/A, 48.40, 19|1, 68, N/A, 52.51, 23|2, 70, N/A, 85.82, 22|3, 64, N/A, 114.55, 35|
12:16:31 0, 75, N/A, 52.51, 24|1, 68, N/A, 74.51, 29|2, 70, N/A, 130.26, 17|3, 65, N/A, 41.64, 18|
12:16:33 0, 76, N/A, 76.24, 16|1, 68, N/A, 123.42, 29|2, 70, N/A, 51.11, 31|3, 65, N/A, 42.86, 26|
12:16:35 0, 75, N/A, 127.36, 15|1, 67, N/A, 45.95, 29|2, 70, N/A, 52.08, 31|3, 65, N/A, 51.84, 35|
12:16:37 0, 75, N/A, 47.16, 30|1, 68, N/A, 46.46, 25|2, 70, N/A, 56.22, 29|3, 65, N/A, 92.83, 18|
12:16:39 0, 75, N/A, 47.91, 28|1, 68, N/A, 50.08, 29|2, 70, N/A, 73.42, 31|3, 65, N/A, 126.37, 19|
12:16:41 0, 76, N/A, 51.77, 30|1, 68, N/A, 69.21, 16|2, 70, N/A, 130.01, 15|3, 65, N/A, 41.64, 30|
12:16:44 0, 76, N/A, 79.11, 30|1, 67, N/A, 121.08, 23|2, 70, N/A, 51.11, 17|3, 65, N/A, 43.83, 25|
12:16:46 0, 75, N/A, 115.01, 30|1, 67, N/A, 45.48, 16|2, 70, N/A, 53.06, 24|3, 65, N/A, 57.68, 36|
12:16:48 0, 75, N/A, 47.19, 30|1, 67, N/A, 46.68, 15|2, 70, N/A, 59.38, 15|3, 65, N/A, 109.04, 36|
12:16:50 0, 75, N/A, 50.35, 30|1, 67, N/A, 61.24, 15|2, 70, N/A, 137.21, 15|3, 65, N/A, 65.43, 35|
12:16:52 0, 75, N/A, 83.24, 15|1, 67, N/A, 116.94, 28|2, 70, N/A, 51.60, 27|3, 65, N/A, 44.08, 33|
12:16:54 0, 75, N/A, 46.94, 15|1, 67, N/A, 46.22, 27|2, 71, N/A, 56.95, 27|3, 66, N/A, 95.50, 34|
12:16:56 0, 75, N/A, 49.13, 28|1, 67, N/A, 56.88, 29|2, 71, N/A, 119.24, 31|3, 66, N/A, 93.55, 18|
12:16:58 0, 75, N/A, 77.45, 25|1, 66, N/A, 124.07, 29|2, 71, N/A, 51.60, 31|3, 66, N/A, 43.83, 24|
12:17:00 0, 75, N/A, 114.35, 22|1, 66, N/A, 45.22, 15|2, 71, N/A, 52.81, 31|3, 66, N/A, 54.52, 27|
12:17:02 0, 75, N/A, 47.43, 30|1, 67, N/A, 48.62, 18|2, 71, N/A, 69.32, 18|3, 66, N/A, 132.44, 23|
12:17:04 0, 75, N/A, 52.51, 30|1, 67, N/A, 73.58, 26|2, 71, N/A, 126.69, 21|3, 66, N/A, 42.38, 20|
12:17:06 0, 75, N/A, 122.83, 27|1, 66, N/A, 80.08, 15|2, 71, N/A, 52.12, 22|3, 66, N/A, 47.49, 36|
12:17:08 0, 75, N/A, 46.94, 30|1, 66, N/A, 46.19, 15|2, 71, N/A, 59.38, 18|3, 66, N/A, 114.80, 36|
12:17:11 0, 75, N/A, 50.10, 30|1, 67, N/A, 62.45, 15|2, 71, N/A, 126.13, 15|3, 66, N/A, 84.80, 35|
12:17:13 0, 79, N/A, 195.70, 100|1, 66, N/A, 149.92, 19|2, 70, N/A, 50.46, 0|3, 65, N/A, 41.24, 0|
12:17:15 0, 76, N/A, 46.97, 0|1, 71, N/A, 174.05, 100|2, 74, N/A, 166.31, 100|3, 65, N/A, 41.05, 0|
12:17:17 0, 80, N/A, 196.77, 100|1, 67, N/A, 52.51, 0|2, 72, N/A, 61.79, 0|3, 70, N/A, 165.61, 100|
12:17:19 0, 77, N/A, 47.70, 0|1, 71, N/A, 196.63, 100|2, 75, N/A, 179.49, 100|3, 66, N/A, 47.76, 0|
12:17:21 0, 80, N/A, 159.05, 100|1, 68, N/A, 53.31, 0|2, 74, N/A, 64.01, 0|3, 70, N/A, 162.43, 100|
12:17:23 0, 78, N/A, 48.66, 0|1, 71, N/A, 192.93, 97|2, 76, N/A, 196.72, 100|3, 67, N/A, 48.45, 0|
12:17:25 0, 80, N/A, 194.94, 100|1, 68, N/A, 53.93, 0|2, 77, N/A, 200.57, 100|3, 68, N/A, 49.97, 2|
12:17:27 0, 79, N/A, 113.18, 100|1, 70, N/A, 55.73, 48|2, 75, N/A, 189.02, 61|3, 67, N/A, 48.76, 0|
12:17:29 0, 79, N/A, 149.16, 100|1, 69, N/A, 54.51, 0|2, 77, N/A, 192.96, 100|3, 70, N/A, 188.13, 100|
12:17:31 0, 79, N/A, 126.29, 100|1, 73, N/A, 197.14, 100|2, 73, N/A, 61.58, 2|3, 68, N/A, 49.24, 0|
12:17:34 0, 77, N/A, 101.02, 0|1, 71, N/A, 55.75, 0|2, 76, N/A, 194.27, 100|3, 70, N/A, 177.46, 100|
12:17:36 0, 79, N/A, 122.42, 100|1, 72, N/A, 161.76, 100|2, 73, N/A, 62.27, 0|3, 70, N/A, 74.34, 100|
12:17:38 0, 77, N/A, 52.95, 0|1, 74, N/A, 199.27, 100|2, 75, N/A, 64.16, 0|3, 68, N/A, 181.16, 100|
12:17:40 0, 78, N/A, 48.42, 11|1, 72, N/A, 159.95, 75|2, 74, N/A, 62.51, 0|3, 70, N/A, 174.08, 100|
12:17:42 0, 78, N/A, 51.78, 0|1, 73, N/A, 165.61, 100|2, 77, N/A, 194.09, 100|3, 66, N/A, 48.21, 0|
12:17:44 0, 79, N/A, 118.89, 100|1, 70, N/A, 54.72, 0|2, 77, N/A, 67.40, 100|3, 69, N/A, 185.63, 0|
12:17:46 0, 79, N/A, 52.50, 69|1, 71, N/A, 168.78, 13|2, 77, N/A, 199.62, 100|3, 67, N/A, 48.67, 0|
12:17:48 0, 80, N/A, 139.25, 100|1, 70, N/A, 55.00, 0|2, 78, N/A, 178.50, 100|3, 68, N/A, 49.97, 43|
12:17:50 0, 79, N/A, 105.19, 100|1, 73, N/A, 184.15, 100|2, 74, N/A, 63.57, 0|3, 68, N/A, 49.28, 0|
12:17:52 0, 77, N/A, 47.69, 0|1, 74, N/A, 88.13, 100|2, 76, N/A, 154.04, 0|3, 69, N/A, 180.21, 100|
12:17:54 0, 79, N/A, 114.65, 63|1, 73, N/A, 205.45, 100|2, 75, N/A, 65.01, 0|3, 71, N/A, 181.55, 100|
12:17:57 0, 78, N/A, 48.36, 0|1, 74, N/A, 187.86, 100|2, 78, N/A, 197.08, 100|3, 67, N/A, 48.21, 0|
12:17:59 0, 79, N/A, 140.49, 100|1, 71, N/A, 55.63, 0|2, 79, N/A, 196.61, 100|3, 67, N/A, 48.76, 2|
12:18:01 0, 79, N/A, 101.15, 100|1, 72, N/A, 56.88, 0|2, 77, N/A, 201.18, 100|3, 67, N/A, 48.48, 0|
12:18:03 0, 79, N/A, 135.59, 100|1, 73, N/A, 57.55, 0|2, 77, N/A, 212.96, 100|3, 69, N/A, 51.40, 100|
12:18:05 0, 79, N/A, 127.63, 100|1, 75, N/A, 183.43, 100|2, 74, N/A, 63.51, 0|3, 70, N/A, 174.42, 100|
12:18:07 0, 78, N/A, 48.14, 0|1, 76, N/A, 201.55, 100|2, 75, N/A, 65.09, 0|3, 67, N/A, 169.58, 100|
12:18:09 0, 78, N/A, 56.73, 100|1, 72, N/A, 56.29, 0|2, 75, N/A, 65.54, 22|3, 67, N/A, 159.02, 100|
12:18:11 0, 79, N/A, 96.14, 100|1, 73, N/A, 57.39, 0|2, 76, N/A, 201.67, 100|3, 64, N/A, 47.06, 0|
12:18:13 0, 79, N/A, 134.50, 100|1, 74, N/A, 58.11, 0|2, 76, N/A, 164.84, 100|3, 67, N/A, 49.48, 61|
12:18:15 0, 79, N/A, 109.11, 100|1, 76, N/A, 203.06, 100|2, 73, N/A, 63.07, 0|3, 68, N/A, 172.62, 100|
12:18:18 0, 78, N/A, 53.67, 0|1, 77, N/A, 203.47, 100|2, 75, N/A, 65.61, 0|3, 66, N/A, 181.91, 100|
12:18:20 0, 79, N/A, 109.61, 100|1, 73, N/A, 56.95, 0|2, 75, N/A, 65.99, 0|3, 67, N/A, 144.84, 93|
12:18:22 0, 79, N/A, 85.86, 100|1, 73, N/A, 143.91, 0|2, 77, N/A, 181.19, 100|3, 65, N/A, 47.27, 0|
12:18:24 0, 79, N/A, 124.67, 100|1, 73, N/A, 57.63, 0|2, 77, N/A, 167.73, 100|3, 66, N/A, 48.76, 64|
12:18:26 0, 79, N/A, 120.33, 100|1, 77, N/A, 180.42, 100|2, 74, N/A, 63.24, 0|3, 66, N/A, 48.45, 0|
12:18:28 0, 77, N/A, 47.87, 0|1, 78, N/A, 178.74, 100|2, 74, N/A, 64.36, 0|3, 67, N/A, 164.27, 100|
12:18:30 0, 78, N/A, 48.39, 0|1, 76, N/A, 171.26, 100|2, 74, N/A, 64.40, 0|3, 67, N/A, 177.77, 100|
12:18:32 0, 78, N/A, 48.57, 0|1, 77, N/A, 207.75, 100|2, 77, N/A, 203.31, 100|3, 64, N/A, 46.45, 0|
12:18:34 0, 79, N/A, 104.65, 100|1, 74, N/A, 57.81, 0|2, 77, N/A, 202.98, 100|3, 64, N/A, 47.03, 0|
12:18:36 0, 79, N/A, 112.37, 100|1, 76, N/A, 60.01, 0|2, 75, N/A, 177.66, 76|3, 64, N/A, 47.06, 0|
12:18:39 0, 79, N/A, 151.48, 100|1, 76, N/A, 59.33, 36|2, 75, N/A, 200.16, 85|3, 66, N/A, 151.05, 100|
12:18:41 0, 79, N/A, 114.72, 40|1, 78, N/A, 186.79, 100|2, 73, N/A, 62.87, 0|3, 67, N/A, 150.93, 100|
12:18:43 0, 78, N/A, 48.36, 0|1, 78, N/A, 204.43, 100|2, 77, N/A, 177.30, 100|3, 63, N/A, 46.06, 3|
12:18:45 0, 79, N/A, 121.71, 100|1, 74, N/A, 58.37, 0|2, 78, N/A, 174.25, 100|3, 64, N/A, 46.61, 3|
12:18:47 0, 79, N/A, 141.89, 100|1, 75, N/A, 59.57, 0|2, 76, N/A, 173.28, 100|3, 64, N/A, 47.09, 0|
12:18:49 0, 80, N/A, 136.14, 100|1, 76, N/A, 59.86, 0|2, 76, N/A, 169.74, 100|3, 67, N/A, 166.95, 100|
12:18:51 0, 79, N/A, 96.62, 100|1, 78, N/A, 183.66, 100|2, 74, N/A, 62.92, 0|3, 67, N/A, 159.13, 100|
12:18:53 0, 78, N/A, 48.36, 0|1, 78, N/A, 199.77, 100|2, 78, N/A, 167.27, 100|3, 63, N/A, 46.06, 3|
12:18:55 0, 79, N/A, 129.59, 100|1, 75, N/A, 58.33, 0|2, 77, N/A, 200.22, 100|3, 64, N/A, 46.57, 3|
12:18:57 0, 80, N/A, 117.75, 100|1, 77, N/A, 60.51, 0|2, 76, N/A, 183.57, 100|3, 64, N/A, 47.09, 0|
12:19:00 0, 79, N/A, 122.28, 99|1, 77, N/A, 57.73, 72|2, 75, N/A, 186.82, 51|3, 67, N/A, 158.85, 100|
12:19:02 0, 79, N/A, 111.28, 0|1, 79, N/A, 206.07, 100|2, 74, N/A, 62.79, 0|3, 66, N/A, 184.92, 100|
12:19:04 0, 78, N/A, 48.63, 0|1, 79, N/A, 170.46, 100|2, 77, N/A, 199.96, 100|3, 62, N/A, 45.79, 0|
12:19:06 0, 79, N/A, 91.68, 100|1, 76, N/A, 55.77, 0|2, 77, N/A, 178.48, 100|3, 63, N/A, 46.63, 0|
12:19:08 0, 79, N/A, 121.64, 100|1, 79, N/A, 56.47, 82|2, 74, N/A, 163.41, 36|3, 64, N/A, 47.09, 0|
12:19:10 0, 77, N/A, 47.76, 0|1, 79, N/A, 137.66, 100|2, 74, N/A, 63.07, 0|3, 66, N/A, 163.88, 100|
12:19:12 0, 78, N/A, 48.88, 0|1, 78, N/A, 177.27, 100|2, 75, N/A, 64.44, 0|3, 66, N/A, 172.10, 100|
12:19:14 0, 79, N/A, 94.03, 100|1, 76, N/A, 139.81, 0|2, 78, N/A, 206.38, 100|3, 64, N/A, 46.30, 0|
12:19:16 0, 79, N/A, 142.43, 100|1, 76, N/A, 51.82, 0|2, 78, N/A, 174.13, 100|3, 65, N/A, 47.82, 0|
12:19:19 0, 80, N/A, 138.26, 100|1, 80, N/A, 193.50, 100|2, 75, N/A, 63.97, 0|3, 67, N/A, 49.73, 100|
12:19:21 0, 77, N/A, 47.87, 0|1, 80, N/A, 207.18, 100|2, 76, N/A, 65.58, 0|3, 68, N/A, 185.50, 100|
12:19:23 0, 79, N/A, 70.85, 93|1, 75, N/A, 141.26, 0|2, 78, N/A, 65.38, 86|3, 66, N/A, 183.32, 13|
12:19:25 0, 79, N/A, 123.07, 100|1, 76, N/A, 58.84, 0|2, 78, N/A, 182.96, 100|3, 65, N/A, 46.81, 0|
12:19:27 0, 79, N/A, 135.92, 100|1, 77, N/A, 59.10, 0|2, 78, N/A, 178.51, 100|3, 69, N/A, 192.26, 100|
12:19:29 0, 79, N/A, 142.10, 53|1, 79, N/A, 206.99, 100|2, 76, N/A, 61.54, 0|3, 69, N/A, 167.46, 100|
12:19:31 0, 78, N/A, 48.35, 0|1, 78, N/A, 196.26, 100|2, 78, N/A, 66.30, 100|3, 66, N/A, 178.15, 0|
12:19:33 0, 79, N/A, 117.43, 100|1, 76, N/A, 54.21, 0|2, 79, N/A, 206.59, 100|3, 65, N/A, 47.52, 0|
12:19:35 0, 80, N/A, 115.82, 100|1, 77, N/A, 59.29, 0|2, 78, N/A, 168.68, 100|3, 66, N/A, 48.97, 50|
12:19:38 0, 79, N/A, 126.26, 20|1, 79, N/A, 118.76, 100|2, 75, N/A, 65.04, 3|3, 68, N/A, 187.45, 100|
12:19:40 0, 78, N/A, 53.15, 0|1, 78, N/A, 191.95, 100|2, 77, N/A, 67.23, 25|3, 66, N/A, 200.41, 70|
12:19:42 0, 79, N/A, 111.17, 100|1, 76, N/A, 57.83, 0|2, 79, N/A, 205.15, 100|3, 64, N/A, 47.06, 0|
12:19:44 0, 80, N/A, 129.50, 100|1, 77, N/A, 59.00, 0|2, 77, N/A, 180.90, 100|3, 65, N/A, 47.99, 4|
12:19:46 0, 78, N/A, 144.94, 33|1, 79, N/A, 133.93, 100|2, 75, N/A, 64.32, 0|3, 67, N/A, 191.63, 100|
12:19:48 0, 78, N/A, 48.42, 0|1, 79, N/A, 165.26, 100|2, 78, N/A, 96.01, 100|3, 63, N/A, 134.90, 0|
12:19:50 0, 79, N/A, 146.13, 100|1, 76, N/A, 51.55, 0|2, 77, N/A, 187.42, 100|3, 63, N/A, 46.54, 0|
12:19:52 0, 78, N/A, 49.63, 1|1, 79, N/A, 136.51, 100|2, 75, N/A, 195.53, 86|3, 65, N/A, 48.97, 58|
12:19:54 0, 77, N/A, 48.55, 0|1, 76, N/A, 56.29, 0|2, 76, N/A, 65.83, 0|3, 66, N/A, 148.80, 100|
12:19:56 0, 79, N/A, 110.39, 100|1, 75, N/A, 50.53, 0|2, 73, N/A, 62.51, 0|3, 63, N/A, 46.24, 0|
12:19:59 0, 77, N/A, 47.55, 0|1, 80, N/A, 195.35, 100|2, 71, N/A, 51.49, 0|3, 61, N/A, 39.62, 0|
12:20:01 0, 76, N/A, 47.09, 0|1, 76, N/A, 57.95, 0|2, 74, N/A, 63.36, 0|3, 63, N/A, 172.93, 100|
12:20:03 0, 77, N/A, 50.94, 35|1, 77, N/A, 79.20, 16|2, 73, N/A, 185.15, 28|3, 62, N/A, 59.20, 32|
12:20:05 0, 77, N/A, 61.38, 17|1, 76, N/A, 168.47, 25|2, 72, N/A, 104.04, 17|3, 62, N/A, 47.89, 19|
12:20:07 0, 77, N/A, 121.32, 32|1, 76, N/A, 111.00, 16|2, 72, N/A, 64.41, 33|3, 62, N/A, 51.77, 19|
12:20:09 0, 76, N/A, 123.56, 18|1, 76, N/A, 58.97, 16|2, 72, N/A, 65.64, 32|3, 63, N/A, 63.92, 29|
12:20:11 0, 76, N/A, 47.82, 25|1, 76, N/A, 59.69, 26|2, 73, N/A, 70.94, 21|3, 62, N/A, 119.50, 19|
12:20:13 0, 76, N/A, 48.52, 18|1, 76, N/A, 64.26, 16|2, 73, N/A, 102.33, 33|3, 62, N/A, 152.58, 19|
12:20:15 0, 76, N/A, 51.68, 18|1, 76, N/A, 88.66, 32|2, 73, N/A, 174.89, 17|3, 63, N/A, 47.39, 31|
12:20:17 0, 77, N/A, 68.37, 21|1, 75, N/A, 173.29, 28|2, 73, N/A, 64.13, 23|3, 63, N/A, 48.59, 19|
12:20:19 0, 76, N/A, 122.60, 19|1, 75, N/A, 109.84, 16|2, 73, N/A, 64.86, 17|3, 63, N/A, 51.53, 37|
12:20:21 0, 76, N/A, 112.92, 18|1, 75, N/A, 58.00, 32|2, 73, N/A, 65.88, 17|3, 64, N/A, 63.69, 26|
12:20:23 0, 76, N/A, 47.33, 35|1, 75, N/A, 58.97, 26|2, 74, N/A, 70.70, 26|3, 64, N/A, 111.32, 34|
12:20:26 0, 76, N/A, 47.33, 23|1, 75, N/A, 59.17, 27|2, 74, N/A, 73.32, 17|3, 64, N/A, 136.06, 38|
12:20:28 0, 76, N/A, 48.31, 32|1, 75, N/A, 64.99, 32|2, 74, N/A, 113.91, 33|3, 63, N/A, 145.08, 19|
12:20:30 0, 76, N/A, 51.46, 34|1, 75, N/A, 91.76, 16|2, 73, N/A, 173.29, 31|3, 64, N/A, 47.88, 31|
12:20:32 0, 76, N/A, 90.29, 21|1, 74, N/A, 145.72, 20|2, 74, N/A, 65.10, 24|3, 64, N/A, 50.56, 20|
12:20:34 0, 76, N/A, 111.23, 32|1, 74, N/A, 57.75, 17|2, 74, N/A, 67.54, 27|3, 65, N/A, 72.40, 19|
12:20:36 0, 75, N/A, 47.33, 18|1, 74, N/A, 59.41, 16|2, 74, N/A, 80.55, 33|3, 64, N/A, 176.34, 19|
12:20:38 0, 76, N/A, 49.28, 18|1, 74, N/A, 73.92, 32|2, 74, N/A, 177.06, 17|3, 64, N/A, 85.37, 27|
12:20:40 0, 76, N/A, 59.65, 24|1, 74, N/A, 157.95, 25|2, 73, N/A, 115.54, 28|3, 64, N/A, 48.61, 19|
12:20:42 0, 75, N/A, 124.95, 22|1, 73, N/A, 50.26, 18|2, 74, N/A, 69.72, 17|3, 64, N/A, 66.11, 38|
12:20:44 0, 76, N/A, 60.45, 35|1, 74, N/A, 145.83, 17|2, 72, N/A, 72.64, 36|3, 64, N/A, 48.43, 23|
12:20:46 0, 75, N/A, 49.34, 35|1, 73, N/A, 66.29, 33|2, 72, N/A, 139.54, 18|3, 64, N/A, 47.95, 20|
12:20:48 0, 75, N/A, 47.12, 18|1, 73, N/A, 52.20, 34|2, 72, N/A, 70.69, 18|3, 64, N/A, 167.60, 23|
12:20:51 0, 75, N/A, 60.90, 17|1, 73, N/A, 50.05, 17|2, 72, N/A, 55.94, 19|3, 64, N/A, 94.21, 31|
12:20:53 0, 75, N/A, 106.35, 31|1, 73, N/A, 114.22, 17|2, 72, N/A, 52.57, 23|3, 64, N/A, 50.38, 28|
12:20:55 0, 75, N/A, 53.93, 30|1, 73, N/A, 98.18, 28|2, 72, N/A, 112.55, 28|3, 64, N/A, 48.44, 19|
12:20:57 0, 75, N/A, 47.64, 20|1, 72, N/A, 56.37, 32|2, 72, N/A, 95.43, 24|3, 64, N/A, 135.67, 19|
12:20:59 0, 75, N/A, 108.64, 18|1, 72, N/A, 49.32, 17|2, 72, N/A, 54.25, 18|3, 65, N/A, 70.99, 35|
12:21:01 0, 75, N/A, 138.09, 26|1, 72, N/A, 72.52, 17|2, 72, N/A, 53.30, 22|3, 65, N/A, 54.27, 32|
12:21:03 0, 75, N/A, 68.46, 23|1, 72, N/A, 140.84, 21|2, 72, N/A, 63.93, 29|3, 65, N/A, 49.17, 19|
12:21:05 0, 75, N/A, 49.34, 20|1, 72, N/A, 65.08, 30|2, 72, N/A, 138.90, 26|3, 65, N/A, 60.78, 19|
12:21:07 0, 75, N/A, 46.89, 19|1, 72, N/A, 51.24, 27|2, 73, N/A, 71.43, 18|3, 65, N/A, 168.58, 38|
12:21:09 0, 74, N/A, 65.96, 22|1, 71, N/A, 49.07, 17|2, 72, N/A, 55.45, 36|3, 66, N/A, 86.26, 38|
12:21:11 0, 75, N/A, 137.61, 27|1, 71, N/A, 53.45, 17|2, 72, N/A, 53.30, 36|3, 66, N/A, 56.71, 19|
12:21:13 0, 75, N/A, 72.31, 26|1, 71, N/A, 131.75, 34|2, 72, N/A, 53.06, 18|3, 66, N/A, 50.14, 33|
12:21:16 0, 75, N/A, 51.04, 17|1, 71, N/A, 80.57, 31|2, 72, N/A, 127.03, 18|3, 66, N/A, 49.17, 36|
12:21:18 0, 75, N/A, 47.40, 18|1, 71, N/A, 53.45, 17|2, 73, N/A, 89.11, 31|3, 66, N/A, 152.22, 19|
12:21:20 0, 75, N/A, 65.96, 35|1, 71, N/A, 48.83, 17|2, 73, N/A, 56.43, 34|3, 67, N/A, 95.92, 19|
12:21:22 0, 75, N/A, 134.71, 18|1, 71, N/A, 48.38, 34|2, 72, N/A, 53.54, 18|3, 67, N/A, 58.14, 28|
12:21:24 0, 75, N/A, 67.49, 18|1, 71, N/A, 135.77, 17|2, 72, N/A, 53.06, 18|3, 67, N/A, 50.62, 26|
12:21:26 0, 75, N/A, 49.58, 31|1, 71, N/A, 66.78, 17|2, 73, N/A, 138.17, 25|3, 66, N/A, 49.41, 33|
12:21:28 0, 75, N/A, 46.88, 34|1, 71, N/A, 50.29, 23|2, 73, N/A, 68.75, 26|3, 67, N/A, 170.67, 30|
12:21:30 0, 75, N/A, 105.51, 18|1, 70, N/A, 48.10, 26|2, 72, N/A, 54.76, 23|3, 67, N/A, 74.39, 19|
12:21:32 0, 75, N/A, 137.85, 18|1, 71, N/A, 64.10, 19|2, 72, N/A, 53.30, 18|3, 67, N/A, 55.95, 37|
12:21:34 0, 75, N/A, 62.88, 31|1, 71, N/A, 141.88, 17|2, 72, N/A, 55.46, 18|3, 67, N/A, 50.87, 33|
12:21:36 0, 75, N/A, 49.58, 31|1, 71, N/A, 99.39, 24|2, 72, N/A, 132.92, 34|3, 67, N/A, 49.89, 19|
12:21:38 0, 74, N/A, 47.15, 23|1, 71, N/A, 52.72, 28|2, 73, N/A, 87.89, 30|3, 67, N/A, 148.20, 19|
12:21:41 0, 74, N/A, 46.64, 18|1, 70, N/A, 48.59, 19|2, 73, N/A, 58.86, 18|3, 68, N/A, 132.78, 38|
12:21:43 0, 74, N/A, 119.12, 21|1, 70, N/A, 47.89, 20|2, 73, N/A, 54.27, 18|3, 68, N/A, 69.05, 33|
12:21:45 0, 75, N/A, 99.68, 28|1, 70, N/A, 107.08, 24|2, 72, N/A, 53.27, 34|3, 68, N/A, 53.55, 19|
12:21:47 0, 75, N/A, 49.10, 24|1, 70, N/A, 64.11, 28|2, 72, N/A, 139.14, 30|3, 68, N/A, 50.14, 19|
12:21:49 0, 74, N/A, 47.13, 18|1, 70, N/A, 51.26, 29|2, 73, N/A, 80.66, 18|3, 68, N/A, 157.30, 37|
12:21:51 0, 74, N/A, 46.39, 20|1, 70, N/A, 48.10, 17|2, 73, N/A, 57.89, 36|3, 69, N/A, 125.15, 38|
12:21:53 0, 75, N/A, 123.16, 28|1, 70, N/A, 47.64, 17|2, 72, N/A, 53.79, 36|3, 69, N/A, 65.16, 19|
12:21:55 0, 75, N/A, 85.89, 24|1, 70, N/A, 117.06, 34|2, 73, N/A, 53.06, 18|3, 68, N/A, 53.30, 33|
12:21:57 0, 75, N/A, 53.24, 18|1, 70, N/A, 96.97, 30|2, 72, N/A, 120.07, 18|3, 68, N/A, 50.87, 37|
12:21:59 0, 74, N/A, 47.64, 18|1, 70, N/A, 54.43, 17|2, 73, N/A, 105.57, 32|3, 68, N/A, 140.70, 19|
12:22:01 0, 74, N/A, 46.42, 35|1, 70, N/A, 48.35, 17|2, 73, N/A, 60.28, 36|3, 69, N/A, 151.44, 19|
12:22:03 0, 79, N/A, 192.96, 100|1, 69, N/A, 46.39, 3|2, 72, N/A, 51.81, 0|3, 67, N/A, 42.10, 0|
12:22:06 0, 77, N/A, 47.96, 0|1, 74, N/A, 192.90, 100|2, 74, N/A, 188.87, 100|3, 67, N/A, 41.94, 0|
12:22:08 0, 76, N/A, 129.82, 33|1, 71, N/A, 55.51, 3|2, 78, N/A, 201.98, 100|3, 71, N/A, 174.30, 100|
12:22:10 0, 79, N/A, 112.84, 100|1, 74, N/A, 176.81, 100|2, 74, N/A, 63.12, 0|3, 71, N/A, 51.47, 15|
12:22:12 0, 76, N/A, 52.99, 0|1, 76, N/A, 172.10, 100|2, 78, N/A, 203.72, 100|3, 68, N/A, 48.73, 0|
12:22:14 0, 80, N/A, 145.43, 100|1, 71, N/A, 55.42, 0|2, 78, N/A, 68.81, 100|3, 71, N/A, 181.90, 39|
12:22:16 0, 79, N/A, 132.40, 100|1, 75, N/A, 166.92, 100|2, 75, N/A, 63.81, 0|3, 70, N/A, 50.19, 0|
12:22:18 0, 76, N/A, 47.18, 0|1, 74, N/A, 58.49, 0|2, 79, N/A, 205.85, 100|3, 72, N/A, 189.83, 100|
12:22:20 0, 78, N/A, 48.39, 100|1, 73, N/A, 189.07, 39|2, 76, N/A, 63.16, 0|3, 73, N/A, 201.15, 100|
12:22:22 0, 78, N/A, 48.63, 11|1, 75, N/A, 201.55, 42|2, 79, N/A, 175.60, 100|3, 69, N/A, 49.87, 0|
12:22:24 0, 79, N/A, 174.04, 100|1, 73, N/A, 57.09, 0|2, 79, N/A, 174.79, 100|3, 73, N/A, 182.52, 100|
12:22:26 0, 79, N/A, 124.18, 100|1, 76, N/A, 169.24, 100|2, 75, N/A, 62.11, 0|3, 73, N/A, 191.65, 100|
12:22:29 0, 77, N/A, 51.26, 0|1, 77, N/A, 180.42, 100|2, 80, N/A, 207.29, 100|3, 68, N/A, 49.12, 0|
12:22:31 0, 80, N/A, 140.69, 100|1, 73, N/A, 57.11, 0|2, 80, N/A, 186.10, 100|3, 69, N/A, 50.18, 4|
12:22:33 0, 79, N/A, 120.97, 100|1, 78, N/A, 200.61, 100|2, 74, N/A, 60.60, 4|3, 69, N/A, 50.21, 0|
12:22:35 0, 77, N/A, 52.74, 0|1, 77, N/A, 170.09, 100|2, 76, N/A, 63.47, 0|3, 70, N/A, 152.18, 100|
12:22:37 0, 79, N/A, 130.06, 100|1, 72, N/A, 56.62, 0|2, 77, N/A, 59.60, 0|3, 71, N/A, 188.66, 87|
12:22:39 0, 80, N/A, 145.27, 100|1, 74, N/A, 58.08, 0|2, 78, N/A, 177.90, 100|3, 69, N/A, 49.70, 0|
12:22:41 0, 78, N/A, 145.08, 16|1, 75, N/A, 59.30, 4|2, 79, N/A, 196.78, 100|3, 72, N/A, 191.39, 100|
12:22:43 0, 78, N/A, 53.23, 0|1, 75, N/A, 178.38, 100|2, 76, N/A, 62.23, 0|3, 72, N/A, 165.24, 100|
12:22:45 0, 78, N/A, 47.90, 100|1, 74, N/A, 165.98, 19|2, 79, N/A, 205.51, 100|3, 68, N/A, 49.18, 0|
12:22:47 0, 79, N/A, 142.37, 100|1, 74, N/A, 58.38, 0|2, 79, N/A, 205.80, 100|3, 72, N/A, 115.02, 96|
12:22:50 0, 79, N/A, 127.80, 81|1, 77, N/A, 197.66, 100|2, 76, N/A, 61.58, 0|3, 72, N/A, 200.14, 100|
12:22:52 0, 77, N/A, 48.18, 0|1, 77, N/A, 166.92, 100|2, 80, N/A, 158.47, 100|3, 68, N/A, 48.72, 4|
12:22:54 0, 80, N/A, 131.71, 100|1, 74, N/A, 58.12, 0|2, 79, N/A, 162.53, 100|3, 69, N/A, 50.24, 0|
12:22:56 0, 79, N/A, 139.90, 100|1, 78, N/A, 205.46, 100|2, 76, N/A, 60.94, 0|3, 73, N/A, 83.62, 100|
12:22:58 0, 77, N/A, 52.95, 0|1, 77, N/A, 180.66, 100|2, 77, N/A, 58.07, 21|3, 71, N/A, 186.71, 55|
12:23:00 0, 79, N/A, 110.48, 100|1, 74, N/A, 57.72, 0|2, 79, N/A, 126.37, 100|3, 69, N/A, 49.79, 4|
12:23:02 0, 79, N/A, 117.02, 100|1, 76, N/A, 60.26, 0|2, 78, N/A, 187.82, 100|3, 70, N/A, 50.69, 0|
12:23:04 0, 77, N/A, 53.89, 0|1, 78, N/A, 201.06, 100|2, 77, N/A, 62.70, 0|3, 72, N/A, 157.15, 100|
12:23:06 0, 78, N/A, 107.36, 100|1, 73, N/A, 57.59, 0|2, 78, N/A, 64.68, 61|3, 71, N/A, 189.12, 18|
12:23:09 0, 79, N/A, 123.15, 100|1, 75, N/A, 59.05, 0|2, 79, N/A, 181.88, 100|3, 70, N/A, 49.94, 0|
12:23:11 0, 77, N/A, 149.00, 23|1, 77, N/A, 63.47, 100|2, 77, N/A, 137.18, 0|3, 72, N/A, 181.89, 100|
12:23:13 0, 77, N/A, 48.39, 0|1, 76, N/A, 179.58, 100|2, 77, N/A, 61.29, 0|3, 72, N/A, 154.98, 100|
12:23:15 0, 79, N/A, 135.21, 100|1, 74, N/A, 57.84, 0|2, 79, N/A, 167.86, 100|3, 69, N/A, 49.97, 0|
12:23:17 0, 79, N/A, 189.00, 100|1, 75, N/A, 59.70, 0|2, 79, N/A, 205.52, 100|3, 72, N/A, 188.61, 100|
12:23:19 0, 77, N/A, 48.08, 0|1, 77, N/A, 204.67, 100|2, 76, N/A, 63.36, 0|3, 72, N/A, 187.78, 100|
12:23:21 0, 79, N/A, 50.32, 100|1, 75, N/A, 161.63, 13|2, 79, N/A, 160.63, 100|3, 68, N/A, 49.22, 0|
12:23:23 0, 80, N/A, 157.74, 100|1, 75, N/A, 59.22, 0|2, 78, N/A, 199.97, 100|3, 71, N/A, 51.82, 46|
12:23:25 0, 78, N/A, 144.83, 11|1, 78, N/A, 193.96, 100|2, 75, N/A, 62.30, 0|3, 72, N/A, 190.32, 100|
12:23:27 0, 78, N/A, 52.43, 0|1, 78, N/A, 201.42, 75|2, 79, N/A, 200.30, 100|3, 67, N/A, 48.42, 0|
12:23:29 0, 80, N/A, 118.73, 100|1, 76, N/A, 51.33, 0|2, 79, N/A, 207.59, 100|3, 69, N/A, 50.45, 46|
12:23:32 0, 79, N/A, 118.35, 100|1, 79, N/A, 180.69, 100|2, 75, N/A, 60.73, 0|3, 71, N/A, 149.23, 100|
12:23:34 0, 78, N/A, 48.60, 0|1, 79, N/A, 195.68, 100|2, 79, N/A, 169.92, 100|3, 67, N/A, 48.24, 0|
12:23:36 0, 79, N/A, 96.40, 100|1, 76, N/A, 57.91, 0|2, 79, N/A, 180.69, 100|3, 68, N/A, 50.00, 0|
12:23:38 0, 79, N/A, 113.45, 99|1, 79, N/A, 185.33, 100|2, 75, N/A, 61.38, 0|3, 70, N/A, 187.91, 100|
12:23:40 0, 78, N/A, 52.22, 0|1, 79, N/A, 203.95, 65|2, 79, N/A, 167.91, 100|3, 66, N/A, 48.21, 0|
12:23:42 0, 80, N/A, 145.09, 100|1, 77, N/A, 58.28, 0|2, 79, N/A, 205.99, 100|3, 69, N/A, 51.36, 100|
12:23:44 0, 79, N/A, 96.06, 100|1, 79, N/A, 170.07, 100|2, 75, N/A, 62.19, 0|3, 71, N/A, 165.02, 100|
12:23:46 0, 79, N/A, 97.90, 100|1, 76, N/A, 52.37, 0|2, 79, N/A, 168.97, 100|3, 66, N/A, 47.82, 0|
12:23:48 0, 79, N/A, 122.12, 100|1, 79, N/A, 122.29, 100|2, 75, N/A, 62.46, 0|3, 70, N/A, 196.70, 100|
12:23:51 0, 78, N/A, 52.20, 0|1, 78, N/A, 196.04, 53|2, 77, N/A, 67.51, 34|3, 69, N/A, 172.38, 100|
12:23:53 0, 80, N/A, 107.37, 100|1, 76, N/A, 55.93, 0|2, 79, N/A, 206.49, 100|3, 67, N/A, 47.78, 0|
12:23:55 0, 78, N/A, 135.42, 59|1, 80, N/A, 151.20, 100|2, 76, N/A, 64.75, 4|3, 71, N/A, 190.18, 100|
12:23:57 0, 78, N/A, 48.39, 100|1, 77, N/A, 167.91, 9|2, 77, N/A, 61.50, 37|3, 69, N/A, 186.35, 100|
12:23:59 0, 80, N/A, 131.12, 100|1, 76, N/A, 52.06, 0|2, 78, N/A, 197.35, 100|3, 67, N/A, 48.51, 0|
12:24:01 0, 77, N/A, 127.98, 9|1, 79, N/A, 158.80, 100|2, 76, N/A, 62.59, 4|3, 70, N/A, 169.96, 100|
12:24:03 0, 79, N/A, 48.11, 100|1, 77, N/A, 186.71, 3|2, 77, N/A, 64.12, 28|3, 69, N/A, 187.67, 42|
12:24:05 0, 79, N/A, 97.43, 100|1, 77, N/A, 52.34, 0|2, 78, N/A, 199.77, 100|3, 67, N/A, 48.52, 0|
12:24:07 0, 77, N/A, 47.73, 0|1, 79, N/A, 134.28, 100|2, 76, N/A, 62.80, 0|3, 69, N/A, 180.93, 100|
12:24:09 0, 79, N/A, 109.03, 100|1, 76, N/A, 50.95, 0|2, 79, N/A, 137.02, 100|3, 66, N/A, 48.12, 4|
12:24:12 0, 79, N/A, 128.63, 100|1, 77, N/A, 54.46, 0|2, 78, N/A, 199.38, 100|3, 68, N/A, 49.70, 0|
12:24:14 0, 77, N/A, 47.90, 0|1, 80, N/A, 180.54, 100|2, 76, N/A, 56.69, 0|3, 70, N/A, 187.33, 100|
12:24:16 0, 79, N/A, 108.17, 100|1, 75, N/A, 51.10, 0|2, 80, N/A, 198.29, 100|3, 67, N/A, 48.27, 4|
12:24:18 0, 80, N/A, 107.58, 100|1, 78, N/A, 53.31, 96|2, 76, N/A, 152.77, 0|3, 69, N/A, 49.97, 51|
12:24:20 0, 77, N/A, 47.87, 0|1, 80, N/A, 159.33, 100|2, 77, N/A, 65.42, 0|3, 69, N/A, 152.51, 100|
12:24:22 0, 79, N/A, 113.58, 100|1, 76, N/A, 57.11, 0|2, 80, N/A, 207.91, 100|3, 67, N/A, 48.24, 0|
12:24:24 0, 79, N/A, 128.52, 100|1, 80, N/A, 145.27, 100|2, 75, N/A, 61.66, 0|3, 71, N/A, 190.67, 100|
12:24:26 0, 78, N/A, 48.35, 0|1, 79, N/A, 200.24, 100|2, 77, N/A, 62.92, 29|3, 68, N/A, 182.01, 100|
12:24:28 0, 80, N/A, 116.55, 100|1, 77, N/A, 58.12, 0|2, 79, N/A, 181.14, 100|3, 66, N/A, 47.76, 0|
12:24:30 0, 79, N/A, 129.90, 100|1, 79, N/A, 132.56, 100|2, 75, N/A, 62.92, 0|3, 70, N/A, 153.29, 100|
12:24:33 0, 78, N/A, 48.66, 11|1, 78, N/A, 196.27, 100|2, 79, N/A, 86.82, 100|3, 66, N/A, 132.80, 0|
12:24:35 0, 79, N/A, 115.82, 100|1, 76, N/A, 54.00, 0|2, 78, N/A, 204.68, 100|3, 67, N/A, 48.76, 0|
12:24:37 0, 77, N/A, 90.89, 0|1, 80, N/A, 171.39, 100|2, 76, N/A, 59.77, 0|3, 70, N/A, 159.37, 100|
12:24:39 0, 78, N/A, 53.23, 57|1, 77, N/A, 191.71, 67|2, 80, N/A, 175.26, 100|3, 66, N/A, 47.94, 5|
12:24:41 0, 80, N/A, 164.12, 100|1, 76, N/A, 52.30, 0|2, 78, N/A, 170.03, 100|3, 68, N/A, 49.24, 0|
12:24:43 0, 77, N/A, 51.27, 0|1, 80, N/A, 155.99, 100|2, 76, N/A, 57.62, 0|3, 69, N/A, 189.70, 100|
12:24:45 0, 79, N/A, 100.02, 100|1, 76, N/A, 53.06, 0|2, 79, N/A, 182.60, 100|3, 66, N/A, 47.82, 0|
12:24:47 0, 79, N/A, 105.41, 100|1, 78, N/A, 53.58, 100|2, 76, N/A, 181.50, 0|3, 67, N/A, 49.52, 0|
12:24:49 0, 77, N/A, 47.90, 0|1, 80, N/A, 172.22, 100|2, 76, N/A, 66.58, 0|3, 68, N/A, 154.25, 100|
12:24:52 0, 79, N/A, 102.85, 100|1, 76, N/A, 51.09, 0|2, 80, N/A, 208.29, 100|3, 66, N/A, 48.03, 0|
12:24:54 0, 79, N/A, 146.27, 100|1, 80, N/A, 176.47, 100|2, 75, N/A, 59.88, 5|3, 70, N/A, 187.76, 100|
12:24:56 0, 77, N/A, 51.71, 0|1, 79, N/A, 206.11, 100|2, 79, N/A, 65.29, 86|3, 66, N/A, 158.73, 0|
12:24:58 0, 80, N/A, 137.89, 100|1, 75, N/A, 53.03, 0|2, 78, N/A, 151.88, 100|3, 67, N/A, 48.76, 0|
12:25:00 0, 79, N/A, 155.80, 99|1, 79, N/A, 191.30, 100|2, 75, N/A, 56.99, 0|3, 70, N/A, 177.09, 100|
12:25:02 0, 77, N/A, 48.17, 0|1, 78, N/A, 179.79, 100|2, 79, N/A, 170.16, 100|3, 66, N/A, 47.49, 0|
12:25:04 0, 79, N/A, 141.80, 100|1, 76, N/A, 57.81, 0|2, 79, N/A, 207.81, 100|3, 67, N/A, 48.93, 0|
12:25:06 0, 78, N/A, 135.70, 4|1, 80, N/A, 208.52, 100|2, 75, N/A, 60.58, 0|3, 69, N/A, 188.04, 100|
12:25:08 0, 78, N/A, 49.11, 10|1, 77, N/A, 202.17, 6|2, 79, N/A, 148.89, 100|3, 65, N/A, 47.51, 0|
12:25:10 0, 80, N/A, 148.80, 100|1, 77, N/A, 58.56, 0|2, 78, N/A, 179.57, 100|3, 68, N/A, 50.18, 100|
12:25:13 0, 77, N/A, 47.84, 0|1, 79, N/A, 207.65, 100|2, 76, N/A, 64.36, 0|3, 69, N/A, 185.98, 100|
12:25:15 0, 80, N/A, 120.18, 100|1, 76, N/A, 57.63, 0|2, 79, N/A, 169.18, 100|3, 66, N/A, 47.55, 0|
12:25:17 0, 79, N/A, 153.84, 100|1, 78, N/A, 57.45, 100|2, 76, N/A, 171.75, 5|3, 70, N/A, 158.27, 100|
12:25:19 0, 78, N/A, 51.95, 0|1, 78, N/A, 206.21, 100|2, 77, N/A, 57.34, 0|3, 69, N/A, 188.02, 68|
12:25:21 0, 79, N/A, 113.41, 100|1, 76, N/A, 58.08, 0|2, 78, N/A, 202.03, 100|3, 67, N/A, 47.75, 0|
12:25:23 0, 77, N/A, 50.81, 0|1, 79, N/A, 189.79, 100|2, 76, N/A, 62.47, 0|3, 69, N/A, 157.31, 100|
12:25:25 0, 79, N/A, 117.52, 100|1, 75, N/A, 56.18, 0|2, 79, N/A, 175.82, 100|3, 66, N/A, 47.54, 0|
12:25:27 0, 80, N/A, 158.12, 100|1, 77, N/A, 59.46, 25|2, 78, N/A, 204.53, 78|3, 67, N/A, 48.70, 0|
12:25:29 0, 77, N/A, 47.69, 0|1, 80, N/A, 165.24, 100|2, 76, N/A, 64.24, 0|3, 68, N/A, 165.51, 100|
12:25:31 0, 79, N/A, 105.59, 100|1, 76, N/A, 54.31, 0|2, 79, N/A, 171.62, 100|3, 65, N/A, 47.57, 0|
12:25:34 0, 79, N/A, 139.02, 100|1, 80, N/A, 174.92, 100|2, 75, N/A, 61.37, 5|3, 70, N/A, 176.35, 100|
12:25:36 0, 77, N/A, 51.47, 0|1, 79, N/A, 206.21, 100|2, 79, N/A, 183.32, 100|3, 65, N/A, 46.97, 0|
12:25:38 0, 80, N/A, 142.52, 100|1, 75, N/A, 56.87, 0|2, 79, N/A, 164.84, 100|3, 67, N/A, 48.76, 0|
12:25:40 0, 79, N/A, 159.75, 62|1, 80, N/A, 200.78, 100|2, 75, N/A, 62.31, 0|3, 70, N/A, 163.95, 100|
12:25:42 0, 78, N/A, 48.59, 2|1, 78, N/A, 196.52, 100|2, 79, N/A, 189.11, 100|3, 65, N/A, 47.46, 0|
12:25:44 0, 80, N/A, 134.57, 100|1, 76, N/A, 58.04, 0|2, 78, N/A, 206.11, 100|3, 69, N/A, 59.11, 100|
12:25:46 0, 77, N/A, 47.84, 0|1, 79, N/A, 207.78, 100|2, 76, N/A, 61.94, 0|3, 69, N/A, 189.71, 100|
12:25:48 0, 79, N/A, 109.61, 100|1, 76, N/A, 56.94, 0|2, 79, N/A, 177.37, 100|3, 65, N/A, 47.57, 0|
12:25:50 0, 78, N/A, 140.46, 100|1, 80, N/A, 170.23, 100|2, 75, N/A, 62.62, 5|3, 69, N/A, 185.50, 100|
12:25:53 0, 78, N/A, 53.44, 0|1, 78, N/A, 205.39, 100|2, 79, N/A, 147.82, 100|3, 65, N/A, 96.93, 0|
12:25:55 0, 79, N/A, 153.87, 100|1, 76, N/A, 58.25, 0|2, 78, N/A, 206.19, 100|3, 67, N/A, 48.70, 0|
12:25:57 0, 77, N/A, 47.36, 0|1, 79, N/A, 204.53, 100|2, 76, N/A, 62.19, 0|3, 69, N/A, 164.29, 100|
12:25:59 0, 80, N/A, 127.03, 100|1, 75, N/A, 57.84, 0|2, 79, N/A, 177.03, 100|3, 65, N/A, 47.54, 0|
12:26:01 0, 79, N/A, 160.84, 100|1, 78, N/A, 60.26, 96|2, 75, N/A, 177.54, 0|3, 70, N/A, 189.46, 100|
12:26:03 0, 78, N/A, 51.71, 0|1, 78, N/A, 198.77, 100|2, 76, N/A, 66.49, 0|3, 67, N/A, 187.30, 100|
12:26:05 0, 80, N/A, 121.80, 100|1, 76, N/A, 51.58, 0|2, 77, N/A, 182.24, 100|3, 65, N/A, 47.79, 0|
12:26:07 0, 77, N/A, 50.29, 0|1, 79, N/A, 171.98, 100|2, 75, N/A, 63.92, 0|3, 68, N/A, 167.51, 100|
12:26:09 0, 79, N/A, 119.86, 100|1, 75, N/A, 57.84, 0|2, 79, N/A, 184.17, 100|3, 65, N/A, 47.30, 0|
12:26:11 0, 80, N/A, 174.86, 100|1, 78, N/A, 64.37, 88|2, 75, N/A, 171.55, 5|3, 70, N/A, 173.00, 100|
12:26:14 0, 77, N/A, 52.91, 0|1, 79, N/A, 206.55, 100|2, 77, N/A, 67.23, 48|3, 67, N/A, 187.06, 100|
12:26:16 0, 79, N/A, 113.50, 100|1, 76, N/A, 59.58, 0|2, 78, N/A, 161.23, 100|3, 66, N/A, 48.03, 0|
12:26:18 0, 78, N/A, 136.04, 0|1, 79, N/A, 186.40, 100|2, 75, N/A, 60.40, 0|3, 68, N/A, 188.73, 100|
12:26:20 0, 79, N/A, 57.34, 100|1, 75, N/A, 142.52, 0|2, 79, N/A, 202.38, 100|3, 64, N/A, 46.99, 0|
12:26:22 0, 80, N/A, 152.78, 100|1, 77, N/A, 58.86, 0|2, 77, N/A, 201.60, 100|3, 68, N/A, 152.26, 100|
12:26:24 0, 77, N/A, 52.99, 0|1, 79, N/A, 168.14, 100|2, 76, N/A, 65.14, 0|3, 67, N/A, 161.26, 100|
12:26:26 0, 79, N/A, 118.89, 100|1, 76, N/A, 57.35, 0|2, 78, N/A, 204.90, 100|3, 65, N/A, 47.51, 0|
12:26:28 0, 77, N/A, 53.48, 0|1, 79, N/A, 165.77, 100|2, 76, N/A, 63.96, 0|3, 68, N/A, 164.13, 100|
12:26:30 0, 79, N/A, 108.24, 100|1, 74, N/A, 55.98, 0|2, 78, N/A, 154.41, 100|3, 65, N/A, 47.33, 0|
12:26:32 0, 79, N/A, 158.67, 100|1, 79, N/A, 88.13, 100|2, 75, N/A, 140.80, 0|3, 70, N/A, 161.56, 100|
12:26:35 0, 77, N/A, 53.37, 0|1, 79, N/A, 205.63, 100|2, 77, N/A, 67.23, 36|3, 67, N/A, 184.91, 23|
12:26:37 0, 79, N/A, 114.62, 100|1, 76, N/A, 57.87, 0|2, 79, N/A, 179.23, 100|3, 66, N/A, 48.03, 0|
12:26:39 0, 77, N/A, 47.63, 0|1, 80, N/A, 193.41, 100|2, 75, N/A, 64.32, 0|3, 68, N/A, 187.08, 100|
12:26:41 0, 79, N/A, 102.85, 100|1, 75, N/A, 50.61, 0|2, 80, N/A, 206.37, 100|3, 64, N/A, 47.06, 0|
12:26:43 0, 79, N/A, 151.43, 100|1, 79, N/A, 166.59, 100|2, 75, N/A, 64.52, 0|3, 68, N/A, 163.97, 100|
12:26:45 0, 78, N/A, 48.38, 0|1, 78, N/A, 203.71, 91|2, 78, N/A, 60.28, 100|3, 65, N/A, 163.06, 1|
12:26:47 0, 79, N/A, 138.76, 100|1, 76, N/A, 59.04, 0|2, 78, N/A, 201.18, 100|3, 66, N/A, 48.21, 0|
12:26:49 0, 77, N/A, 52.92, 0|1, 79, N/A, 200.36, 100|2, 76, N/A, 56.38, 0|3, 68, N/A, 187.19, 100|
12:26:51 0, 79, N/A, 111.40, 100|1, 75, N/A, 57.84, 0|2, 80, N/A, 208.77, 100|3, 65, N/A, 47.27, 0|
12:26:53 0, 79, N/A, 143.59, 100|1, 79, N/A, 169.12, 100|2, 75, N/A, 63.10, 6|3, 69, N/A, 160.69, 100|
12:26:56 0, 78, N/A, 52.19, 0|1, 78, N/A, 203.57, 49|2, 80, N/A, 191.63, 100|3, 64, N/A, 46.94, 6|
12:26:58 0, 80, N/A, 148.36, 100|1, 77, N/A, 55.58, 0|2, 78, N/A, 200.32, 100|3, 67, N/A, 49.63, 100|
12:27:00 0, 77, N/A, 47.84, 0|1, 79, N/A, 189.79, 100|2, 76, N/A, 66.29, 0|3, 67, N/A, 152.79, 100|
12:27:02 0, 79, N/A, 116.24, 100|1, 76, N/A, 57.35, 0|2, 78, N/A, 206.11, 100|3, 65, N/A, 47.27, 0|
12:27:04 0, 77, N/A, 47.46, 0|1, 80, N/A, 153.05, 100|2, 75, N/A, 64.69, 0|3, 67, N/A, 165.61, 100|
12:27:06 0, 79, N/A, 115.35, 100|1, 75, N/A, 50.61, 0|2, 79, N/A, 196.12, 100|3, 64, N/A, 46.85, 0|
12:27:08 0, 79, N/A, 138.29, 100|1, 79, N/A, 156.24, 100|2, 74, N/A, 64.04, 0|3, 69, N/A, 188.89, 100|
12:27:10 0, 77, N/A, 49.32, 0|1, 78, N/A, 176.05, 100|2, 79, N/A, 193.31, 100|3, 64, N/A, 46.78, 0|
12:27:12 0, 80, N/A, 126.54, 100|1, 76, N/A, 53.27, 0|2, 79, N/A, 201.79, 100|3, 66, N/A, 48.48, 0|
12:27:14 0, 77, N/A, 47.66, 0|1, 79, N/A, 168.76, 100|2, 76, N/A, 61.25, 0|3, 68, N/A, 188.05, 100|
12:27:16 0, 79, N/A, 123.24, 100|1, 76, N/A, 50.85, 0|2, 79, N/A, 206.11, 100|3, 65, N/A, 47.30, 0|
12:27:19 0, 78, N/A, 153.74, 3|1, 79, N/A, 145.68, 100|2, 75, N/A, 63.31, 0|3, 68, N/A, 187.66, 100|
12:27:21 0, 79, N/A, 119.06, 100|1, 75, N/A, 50.85, 0|2, 80, N/A, 206.85, 100|3, 64, N/A, 46.57, 0|
12:27:23 0, 80, N/A, 138.48, 100|1, 79, N/A, 126.13, 100|2, 74, N/A, 63.23, 0|3, 67, N/A, 50.45, 68|
12:27:25 0, 77, N/A, 48.11, 0|1, 79, N/A, 168.03, 100|2, 78, N/A, 67.03, 100|3, 64, N/A, 170.19, 2|
12:27:27 0, 79, N/A, 131.03, 100|1, 76, N/A, 51.54, 0|2, 77, N/A, 169.46, 100|3, 65, N/A, 47.76, 0|
12:27:29 0, 77, N/A, 51.19, 0|1, 79, N/A, 214.80, 100|2, 75, N/A, 65.05, 0|3, 67, N/A, 188.39, 100|
12:27:31 0, 79, N/A, 143.48, 100|1, 75, N/A, 50.82, 0|2, 78, N/A, 184.92, 100|3, 64, N/A, 46.54, 0|
12:27:33 0, 78, N/A, 169.86, 73|1, 80, N/A, 194.67, 100|2, 75, N/A, 64.15, 6|3, 68, N/A, 188.26, 100|
12:27:36 0, 78, N/A, 110.26, 100|1, 74, N/A, 53.28, 0|2, 79, N/A, 191.18, 100|3, 64, N/A, 46.33, 6|
12:27:38 0, 80, N/A, 151.18, 100|1, 77, N/A, 62.40, 100|2, 76, N/A, 174.77, 0|3, 67, N/A, 49.73, 84|
12:27:40 0, 77, N/A, 47.60, 0|1, 79, N/A, 206.93, 100|2, 77, N/A, 64.84, 45|3, 66, N/A, 185.26, 1|
12:27:42 0, 80, N/A, 131.36, 100|1, 75, N/A, 58.11, 0|2, 79, N/A, 176.23, 100|3, 65, N/A, 47.78, 0|
12:27:44 0, 77, N/A, 47.42, 0|1, 79, N/A, 182.37, 100|2, 75, N/A, 62.26, 0|3, 68, N/A, 157.78, 100|
12:27:46 0, 79, N/A, 105.92, 100|1, 75, N/A, 54.00, 0|2, 79, N/A, 207.57, 100|3, 64, N/A, 46.81, 0|
12:27:48 0, 78, N/A, 139.02, 100|1, 79, N/A, 152.45, 100|2, 75, N/A, 63.55, 0|3, 68, N/A, 164.45, 100|
12:27:50 0, 78, N/A, 49.08, 100|1, 76, N/A, 162.35, 0|2, 79, N/A, 207.64, 100|3, 63, N/A, 46.24, 6|
12:27:52 0, 79, N/A, 171.20, 100|1, 78, N/A, 59.49, 25|2, 76, N/A, 191.60, 90|3, 68, N/A, 188.27, 100|
12:27:55 0, 77, N/A, 51.71, 0|1, 78, N/A, 180.78, 100|2, 77, N/A, 67.47, 36|3, 66, N/A, 185.86, 100|
12:27:57 0, 79, N/A, 151.58, 100|1, 76, N/A, 57.83, 0|2, 78, N/A, 165.21, 100|3, 65, N/A, 47.27, 0|
12:27:59 0, 76, N/A, 47.38, 0|1, 78, N/A, 183.21, 100|2, 75, N/A, 64.16, 0|3, 67, N/A, 187.31, 100|
12:28:01 0, 79, N/A, 143.95, 100|1, 75, N/A, 57.31, 0|2, 80, N/A, 207.19, 100|3, 64, N/A, 47.00, 0|
12:28:03 0, 78, N/A, 157.94, 30|1, 78, N/A, 169.13, 100|2, 75, N/A, 55.34, 0|3, 69, N/A, 188.29, 100|
12:28:05 0, 78, N/A, 50.32, 94|1, 75, N/A, 160.80, 14|2, 79, N/A, 192.40, 100|3, 64, N/A, 47.03, 0|
12:28:07 0, 79, N/A, 195.71, 100|1, 77, N/A, 59.98, 86|2, 76, N/A, 183.33, 30|3, 69, N/A, 188.99, 100|
12:28:09 0, 77, N/A, 53.13, 0|1, 78, N/A, 200.24, 100|2, 77, N/A, 65.33, 100|3, 66, N/A, 184.30, 27|
12:28:11 0, 79, N/A, 129.27, 100|1, 76, N/A, 58.81, 0|2, 78, N/A, 175.38, 100|3, 66, N/A, 48.24, 0|
12:28:13 0, 77, N/A, 53.84, 0|1, 79, N/A, 209.80, 100|2, 76, N/A, 64.60, 0|3, 67, N/A, 162.26, 100|
12:28:15 0, 79, N/A, 113.58, 100|1, 76, N/A, 58.32, 0|2, 79, N/A, 181.88, 100|3, 65, N/A, 47.27, 0|
12:28:17 0, 77, N/A, 51.46, 0|1, 80, N/A, 178.11, 100|2, 75, N/A, 63.10, 0|3, 67, N/A, 154.80, 100|
12:28:20 0, 79, N/A, 114.06, 100|1, 75, N/A, 56.35, 0|2, 79, N/A, 208.39, 100|3, 64, N/A, 46.51, 0|
12:28:22 0, 79, N/A, 193.33, 100|1, 80, N/A, 192.39, 100|2, 74, N/A, 64.11, 0|3, 68, N/A, 181.75, 100|
12:28:24 0, 78, N/A, 49.36, 100|1, 75, N/A, 163.75, 0|2, 80, N/A, 178.38, 100|3, 63, N/A, 46.06, 0|
12:28:26 0, 79, N/A, 155.58, 100|1, 77, N/A, 59.94, 54|2, 76, N/A, 195.88, 63|3, 68, N/A, 51.81, 100|
12:28:28 0, 77, N/A, 47.63, 0|1, 78, N/A, 175.95, 100|2, 77, N/A, 64.40, 100|3, 65, N/A, 183.94, 33|
12:28:30 0, 79, N/A, 149.67, 100|1, 75, N/A, 59.50, 0|2, 79, N/A, 204.20, 100|3, 66, N/A, 48.24, 0|
12:28:32 0, 77, N/A, 47.42, 0|1, 79, N/A, 181.38, 100|2, 76, N/A, 62.70, 0|3, 68, N/A, 187.43, 100|
12:28:34 0, 79, N/A, 141.33, 100|1, 75, N/A, 57.84, 0|2, 79, N/A, 211.28, 100|3, 65, N/A, 47.27, 0|
12:28:36 0, 77, N/A, 47.15, 0|1, 79, N/A, 219.84, 100|2, 76, N/A, 59.56, 0|3, 68, N/A, 152.81, 100|
12:28:38 0, 79, N/A, 104.37, 100|1, 75, N/A, 56.91, 0|2, 79, N/A, 164.70, 100|3, 65, N/A, 47.12, 0|
12:28:41 0, 79, N/A, 149.79, 100|1, 80, N/A, 184.96, 100|2, 75, N/A, 55.05, 0|3, 68, N/A, 180.07, 100|
12:28:43 0, 78, N/A, 48.93, 100|1, 76, N/A, 151.84, 0|2, 79, N/A, 157.97, 100|3, 64, N/A, 46.57, 6|
12:28:45 0, 80, N/A, 182.76, 100|1, 78, N/A, 57.12, 97|2, 76, N/A, 155.04, 24|3, 69, N/A, 188.40, 100|
12:28:47 0, 78, N/A, 48.57, 0|1, 77, N/A, 192.69, 100|2, 77, N/A, 68.43, 37|3, 64, N/A, 182.12, 0|
12:28:49 0, 79, N/A, 135.51, 100|1, 78, N/A, 58.28, 60|2, 76, N/A, 200.44, 61|3, 65, N/A, 47.97, 0|
12:28:51 0, 77, N/A, 47.81, 0|1, 79, N/A, 207.51, 100|2, 77, N/A, 67.42, 100|3, 65, N/A, 184.40, 33|
12:28:53 0, 80, N/A, 113.34, 100|1, 76, N/A, 51.36, 0|2, 77, N/A, 172.10, 100|3, 65, N/A, 47.27, 0|
12:28:55 0, 77, N/A, 47.63, 0|1, 78, N/A, 203.34, 100|2, 75, N/A, 65.05, 0|3, 66, N/A, 178.52, 100|
12:28:57 0, 79, N/A, 122.68, 100|1, 76, N/A, 57.83, 0|2, 77, N/A, 197.94, 100|3, 64, N/A, 46.54, 0|
12:28:59 0, 76, N/A, 47.12, 0|1, 79, N/A, 207.54, 100|2, 75, N/A, 65.05, 0|3, 66, N/A, 182.73, 100|
12:29:01 0, 76, N/A, 46.81, 0|1, 75, N/A, 56.98, 0|2, 79, N/A, 207.85, 100|3, 64, N/A, 46.88, 0|
12:29:04 0, 75, N/A, 46.36, 0|1, 73, N/A, 49.49, 0|2, 74, N/A, 55.14, 0|3, 68, N/A, 189.98, 100|
12:29:06 0, 79, N/A, 172.53, 100|1, 72, N/A, 48.79, 0|2, 73, N/A, 54.20, 0|3, 64, N/A, 47.15, 0|
12:29:08 0, 76, N/A, 52.92, 0|1, 77, N/A, 176.41, 100|2, 73, N/A, 52.50, 0|3, 63, N/A, 40.13, 0|
12:29:10 0, 75, N/A, 46.39, 0|1, 74, N/A, 57.78, 0|2, 77, N/A, 171.71, 100|3, 62, N/A, 39.88, 0|
12:29:12 0, 74, N/A, 45.91, 0|1, 72, N/A, 56.57, 0|2, 75, N/A, 63.89, 0|3, 67, N/A, 163.24, 100|
12:29:14 0, 75, N/A, 122.11, 23|1, 73, N/A, 57.30, 21|2, 75, N/A, 56.64, 24|3, 65, N/A, 64.18, 25|
12:29:16 0, 75, N/A, 58.22, 23|1, 73, N/A, 184.87, 21|2, 74, N/A, 54.90, 24|3, 65, N/A, 49.10, 25|
12:29:18 0, 74, N/A, 46.91, 23|1, 73, N/A, 61.64, 21|2, 75, N/A, 109.63, 23|3, 65, N/A, 124.76, 25|
12:29:20 0, 74, N/A, 63.81, 23|1, 72, N/A, 57.30, 26|2, 74, N/A, 56.91, 24|3, 66, N/A, 96.59, 27|
12:29:22 0, 75, N/A, 85.54, 24|1, 72, N/A, 152.49, 28|2, 74, N/A, 54.94, 30|3, 66, N/A, 49.83, 31|
12:29:24 0, 74, N/A, 47.12, 30|1, 72, N/A, 69.65, 21|2, 75, N/A, 148.89, 30|3, 65, N/A, 48.64, 25|
12:29:26 0, 74, N/A, 46.36, 25|1, 72, N/A, 57.51, 21|2, 74, N/A, 59.76, 24|3, 65, N/A, 173.63, 25|
12:29:29 0, 75, N/A, 144.20, 23|1, 72, N/A, 84.36, 21|2, 74, N/A, 54.72, 24|3, 65, N/A, 51.77, 25|
12:29:31 0, 75, N/A, 50.52, 23|1, 73, N/A, 121.41, 21|2, 73, N/A, 118.83, 23|3, 65, N/A, 48.64, 25|
12:29:33 0, 74, N/A, 46.39, 23|1, 73, N/A, 59.21, 21|2, 74, N/A, 77.49, 24|3, 65, N/A, 160.34, 25|
12:29:35 0, 74, N/A, 116.38, 23|1, 72, N/A, 56.82, 26|2, 73, N/A, 53.99, 24|3, 66, N/A, 62.48, 27|
12:29:37 0, 75, N/A, 56.77, 23|1, 72, N/A, 185.38, 28|2, 73, N/A, 53.47, 30|3, 65, N/A, 49.13, 31|
12:29:39 0, 74, N/A, 46.67, 30|1, 73, N/A, 62.89, 21|2, 74, N/A, 120.79, 29|3, 65, N/A, 108.17, 25|
12:29:41 0, 74, N/A, 46.12, 23|1, 72, N/A, 56.81, 21|2, 73, N/A, 56.15, 24|3, 66, N/A, 118.59, 25|
12:29:43 0, 74, N/A, 144.54, 23|1, 72, N/A, 100.23, 21|2, 73, N/A, 53.51, 24|3, 66, N/A, 51.80, 25|
12:29:45 0, 74, N/A, 49.55, 23|1, 73, N/A, 107.26, 21|2, 73, N/A, 123.38, 24|3, 66, N/A, 49.13, 25|
12:29:47 0, 74, N/A, 46.39, 23|1, 73, N/A, 58.48, 22|2, 73, N/A, 71.91, 24|3, 66, N/A, 165.90, 25|
12:29:49 0, 74, N/A, 81.98, 23|1, 72, N/A, 48.86, 28|2, 73, N/A, 54.52, 29|3, 67, N/A, 67.34, 30|
12:29:51 0, 74, N/A, 130.59, 23|1, 71, N/A, 48.59, 23|2, 73, N/A, 53.54, 24|3, 66, N/A, 61.05, 25|
12:29:53 0, 75, N/A, 142.85, 23|1, 71, N/A, 48.13, 23|2, 73, N/A, 53.54, 24|3, 66, N/A, 45.51, 26|
12:29:56 0, 74, N/A, 110.84, 25|1, 71, N/A, 48.38, 23|2, 73, N/A, 53.79, 24|3, 66, N/A, 57.41, 26|
12:29:58 0, 74, N/A, 46.19, 23|1, 71, N/A, 48.38, 26|2, 73, N/A, 55.73, 24|3, 66, N/A, 104.90, 29|
12:30:00 0, 74, N/A, 46.21, 23|1, 71, N/A, 49.35, 23|2, 73, N/A, 67.87, 24|3, 65, N/A, 134.07, 26|
12:30:02 0, 74, N/A, 46.46, 26|1, 71, N/A, 52.02, 23|2, 73, N/A, 110.44, 27|3, 65, N/A, 93.73, 30|
12:30:04 0, 74, N/A, 47.91, 23|1, 71, N/A, 74.31, 23|2, 73, N/A, 133.65, 24|3, 65, N/A, 41.65, 26|
12:30:06 0, 74, N/A, 53.72, 27|1, 71, N/A, 148.10, 23|2, 73, N/A, 73.42, 24|3, 65, N/A, 41.64, 26|
12:30:08 0, 74, N/A, 78.39, 23|1, 71, N/A, 125.28, 26|2, 73, N/A, 53.30, 24|3, 66, N/A, 42.59, 26|
12:30:10 0, 74, N/A, 141.64, 23|1, 70, N/A, 47.65, 23|2, 73, N/A, 53.30, 24|3, 66, N/A, 44.54, 26|
12:30:12 0, 74, N/A, 115.07, 23|1, 70, N/A, 47.89, 26|2, 73, N/A, 53.79, 27|3, 66, N/A, 57.17, 29|
12:30:14 0, 74, N/A, 45.94, 23|1, 70, N/A, 47.89, 23|2, 73, N/A, 56.46, 24|3, 66, N/A, 129.53, 26|
12:30:16 0, 74, N/A, 46.19, 26|1, 70, N/A, 48.62, 23|2, 73, N/A, 65.43, 27|3, 66, N/A, 136.17, 28|
12:30:18 0, 74, N/A, 46.70, 23|1, 70, N/A, 53.00, 23|2, 73, N/A, 134.86, 24|3, 66, N/A, 74.39, 26|
12:30:21 0, 74, N/A, 48.86, 26|1, 70, N/A, 80.10, 23|2, 73, N/A, 128.07, 24|3, 66, N/A, 41.65, 26|
12:30:23 0, 74, N/A, 58.55, 23|1, 70, N/A, 144.39, 26|2, 73, N/A, 53.06, 24|3, 66, N/A, 41.89, 29|
12:30:25 0, 74, N/A, 98.16, 23|1, 70, N/A, 108.49, 23|2, 73, N/A, 53.30, 24|3, 66, N/A, 42.86, 26|
12:30:27 0, 74, N/A, 136.64, 26|1, 70, N/A, 47.40, 23|2, 73, N/A, 53.54, 27|3, 66, N/A, 46.98, 29|
12:30:29 0, 74, N/A, 87.56, 23|1, 70, N/A, 47.40, 23|2, 73, N/A, 54.27, 24|3, 67, N/A, 66.90, 26|
12:30:31 0, 74, N/A, 45.97, 26|1, 70, N/A, 47.89, 23|2, 74, N/A, 60.36, 24|3, 66, N/A, 140.13, 26|
12:30:33 0, 74, N/A, 46.46, 23|1, 70, N/A, 50.81, 26|2, 73, N/A, 108.30, 24|3, 66, N/A, 97.86, 26|
12:30:35 0, 74, N/A, 47.91, 23|1, 70, N/A, 73.34, 23|2, 73, N/A, 133.41, 24|3, 66, N/A, 41.65, 26|
12:30:37 0, 74, N/A, 61.95, 23|1, 69, N/A, 139.48, 23|2, 73, N/A, 53.30, 27|3, 66, N/A, 42.37, 29|
12:30:39 0, 74, N/A, 143.42, 23|1, 69, N/A, 62.90, 23|2, 73, N/A, 53.30, 24|3, 66, N/A, 44.32, 26|
12:30:41 0, 74, N/A, 98.46, 26|1, 70, N/A, 47.40, 23|2, 73, N/A, 54.27, 24|3, 66, N/A, 65.19, 26|
12:30:43 0, 74, N/A, 46.19, 23|1, 69, N/A, 47.65, 26|2, 73, N/A, 58.90, 24|3, 66, N/A, 141.26, 29|
12:30:45 0, 74, N/A, 46.21, 23|1, 70, N/A, 50.56, 23|2, 73, N/A, 105.45, 24|3, 66, N/A, 103.68, 26|
12:30:48 0, 74, N/A, 47.67, 25|1, 70, N/A, 68.24, 23|2, 73, N/A, 138.18, 27|3, 66, N/A, 41.89, 29|
12:30:50 0, 74, N/A, 49.58, 23|1, 70, N/A, 98.18, 23|2, 73, N/A, 113.33, 24|3, 66, N/A, 42.13, 26|
12:30:52 0, 74, N/A, 74.78, 26|1, 69, N/A, 130.30, 23|2, 73, N/A, 53.54, 24|3, 66, N/A, 42.86, 26|
12:30:54 0, 74, N/A, 139.31, 23|1, 69, N/A, 46.43, 26|2, 73, N/A, 53.79, 24|3, 67, N/A, 47.47, 26|
12:30:56 0, 74, N/A, 68.92, 23|1, 69, N/A, 46.67, 23|2, 74, N/A, 55.00, 24|3, 67, N/A, 78.77, 26|
12:30:58 0, 74, N/A, 45.95, 26|1, 69, N/A, 46.43, 23|2, 73, N/A, 55.25, 27|3, 67, N/A, 88.69, 29|
12:31:00 0, 74, N/A, 46.21, 23|1, 69, N/A, 46.92, 23|2, 74, N/A, 63.73, 24|3, 67, N/A, 139.40, 26|
12:31:02 0, 74, N/A, 46.21, 26|1, 69, N/A, 49.59, 23|2, 73, N/A, 102.73, 24|3, 66, N/A, 104.36, 26|
12:31:04 0, 74, N/A, 47.67, 23|1, 69, N/A, 70.91, 26|2, 73, N/A, 134.06, 24|3, 66, N/A, 42.38, 29|
12:31:06 0, 74, N/A, 56.39, 23|1, 69, N/A, 143.75, 23|2, 73, N/A, 53.54, 24|3, 67, N/A, 42.37, 26|
12:31:08 0, 74, N/A, 93.37, 26|1, 69, N/A, 116.64, 23|2, 73, N/A, 53.54, 27|3, 67, N/A, 43.08, 29|
12:31:10 0, 74, N/A, 131.41, 23|1, 69, N/A, 46.19, 23|2, 73, N/A, 53.79, 24|3, 67, N/A, 51.60, 26|
12:31:13 0, 74, N/A, 45.97, 23|1, 69, N/A, 46.43, 23|2, 74, N/A, 57.19, 24|3, 67, N/A, 131.48, 26|
12:31:15 0, 74, N/A, 46.46, 23|1, 69, N/A, 48.38, 25|2, 74, N/A, 83.63, 27|3, 66, N/A, 118.61, 30|
12:31:17 0, 74, N/A, 47.43, 23|1, 69, N/A, 60.98, 23|2, 73, N/A, 141.33, 24|3, 66, N/A, 42.37, 26|
12:31:19 0, 74, N/A, 57.82, 26|1, 68, N/A, 141.66, 23|2, 73, N/A, 53.54, 24|3, 67, N/A, 42.62, 26|
12:31:21 0, 74, N/A, 127.84, 23|1, 68, N/A, 83.19, 26|2, 73, N/A, 53.54, 24|3, 67, N/A, 44.08, 26|
12:31:23 0, 74, N/A, 120.82, 23|1, 68, N/A, 46.19, 23|2, 73, N/A, 54.27, 24|3, 67, N/A, 55.73, 26|
12:31:25 0, 74, N/A, 46.21, 25|1, 68, N/A, 46.44, 23|2, 74, N/A, 57.19, 27|3, 67, N/A, 141.90, 30|
12:31:27 0, 74, N/A, 46.46, 23|1, 69, N/A, 48.86, 26|2, 73, N/A, 95.49, 24|3, 66, N/A, 111.40, 26|
12:31:29 0, 74, N/A, 46.94, 23|1, 69, N/A, 64.14, 23|2, 73, N/A, 147.15, 24|3, 66, N/A, 42.13, 26|
12:31:31 0, 75, N/A, 52.01, 23|1, 69, N/A, 134.32, 26|2, 73, N/A, 84.07, 27|3, 67, N/A, 42.62, 29|
12:31:33 0, 75, N/A, 94.10, 23|1, 68, N/A, 112.35, 23|2, 73, N/A, 53.54, 24|3, 67, N/A, 43.35, 26|
12:31:35 0, 74, N/A, 129.15, 26|1, 68, N/A, 45.95, 23|2, 73, N/A, 54.03, 24|3, 67, N/A, 49.17, 28|
12:31:38 0, 74, N/A, 45.97, 23|1, 68, N/A, 45.95, 26|2, 74, N/A, 56.46, 24|3, 67, N/A, 106.36, 26|
12:31:40 0, 74, N/A, 46.46, 23|1, 68, N/A, 47.65, 23|2, 74, N/A, 80.23, 24|3, 67, N/A, 123.95, 26|
12:31:42 0, 74, N/A, 47.91, 24|1, 68, N/A, 67.30, 23|2, 73, N/A, 137.45, 27|3, 67, N/A, 42.38, 29|
12:31:44 0, 74, N/A, 54.69, 23|1, 68, N/A, 143.99, 23|2, 73, N/A, 54.00, 24|3, 67, N/A, 42.62, 26|
12:31:46 0, 75, N/A, 127.61, 26|1, 68, N/A, 88.97, 23|2, 74, N/A, 53.79, 24|3, 67, N/A, 44.08, 26|
12:31:48 0, 74, N/A, 129.47, 23|1, 68, N/A, 45.46, 25|2, 74, N/A, 54.03, 24|3, 67, N/A, 52.08, 29|
12:31:50 0, 74, N/A, 45.95, 23|1, 68, N/A, 45.73, 23|2, 74, N/A, 57.44, 24|3, 68, N/A, 139.65, 26|
12:31:52 0, 74, N/A, 46.46, 27|1, 68, N/A, 47.89, 23|2, 74, N/A, 89.22, 27|3, 67, N/A, 116.25, 26|
12:31:54 0, 73, N/A, 45.60, 0|1, 67, N/A, 45.09, 0|2, 73, N/A, 52.95, 0|3, 66, N/A, 42.24, 0|
12:31:56 0, 73, N/A, 45.35, 0|1, 66, N/A, 44.63, 0|2, 73, N/A, 52.71, 0|3, 66, N/A, 41.51, 0|
12:31:58 0, 73, N/A, 45.35, 0|1, 66, N/A, 44.36, 2|2, 72, N/A, 52.46, 15|3, 66, N/A, 41.51, 26|
12:32:00 0, 75, N/A, 54.86, 18|1, 68, N/A, 180.54, 74|2, 72, N/A, 52.54, 0|3, 66, N/A, 41.62, 0|
12:32:03 0, 73, N/A, 52.71, 0|1, 67, N/A, 52.72, 0|2, 74, N/A, 63.21, 0|3, 68, N/A, 184.81, 100|
12:32:05 0, 74, N/A, 47.37, 22|1, 67, N/A, 50.02, 24|2, 75, N/A, 86.69, 24|3, 68, N/A, 174.12, 29|
12:32:07 0, 75, N/A, 67.05, 25|1, 68, N/A, 120.35, 24|2, 74, N/A, 84.61, 19|3, 67, N/A, 44.81, 30|
12:32:09 0, 75, N/A, 161.78, 49|1, 67, N/A, 44.97, 12|2, 74, N/A, 53.76, 26|3, 67, N/A, 42.59, 31|
12:32:11 0, 76, N/A, 55.48, 10|1, 71, N/A, 162.33, 87|2, 76, N/A, 153.45, 100|3, 66, N/A, 41.99, 0|
12:32:13 0, 77, N/A, 55.61, 0|1, 71, N/A, 205.52, 100|2, 76, N/A, 64.61, 0|3, 70, N/A, 191.77, 100|
12:32:15 0, 78, N/A, 189.22, 100|1, 68, N/A, 53.16, 0|2, 75, N/A, 63.44, 0|3, 68, N/A, 49.62, 0|
12:32:17 0, 75, N/A, 53.89, 0|1, 69, N/A, 53.90, 0|2, 78, N/A, 175.11, 100|3, 67, N/A, 48.40, 0|
12:32:19 0, 76, N/A, 89.31, 23|1, 69, N/A, 164.67, 23|2, 76, N/A, 95.55, 24|3, 69, N/A, 55.39, 29|
12:32:21 0, 76, N/A, 95.32, 23|1, 69, N/A, 158.40, 23|2, 76, N/A, 68.42, 24|3, 69, N/A, 56.36, 29|
12:32:23 0, 76, N/A, 99.17, 23|1, 69, N/A, 155.04, 23|2, 76, N/A, 68.71, 24|3, 69, N/A, 56.57, 29|
12:32:25 0, 79, N/A, 163.31, 100|1, 72, N/A, 196.16, 100|2, 74, N/A, 66.15, 0|3, 67, N/A, 49.98, 0|
12:32:28 0, 79, N/A, 163.30, 100|1, 69, N/A, 53.96, 0|2, 80, N/A, 114.10, 94|3, 69, N/A, 129.49, 54|
12:32:30 0, 77, N/A, 53.72, 0|1, 73, N/A, 181.04, 100|2, 79, N/A, 198.77, 100|3, 68, N/A, 50.15, 0|
12:32:32 0, 79, N/A, 134.85, 100|1, 71, N/A, 178.22, 100|2, 76, N/A, 61.90, 0|3, 71, N/A, 195.51, 100|
12:32:34 0, 77, N/A, 137.76, 41|1, 71, N/A, 55.59, 0|2, 78, N/A, 129.96, 100|3, 71, N/A, 165.63, 100|
12:32:36 0, 79, N/A, 144.31, 100|1, 71, N/A, 56.15, 18|2, 78, N/A, 203.59, 100|3, 69, N/A, 51.18, 0|
12:32:38 0, 79, N/A, 158.07, 100|1, 70, N/A, 54.65, 0|2, 78, N/A, 63.97, 58|3, 71, N/A, 157.25, 60|
12:32:40 0, 77, N/A, 48.15, 0|1, 73, N/A, 174.78, 100|2, 79, N/A, 63.39, 100|3, 70, N/A, 183.22, 0|
12:32:42 0, 79, N/A, 155.30, 86|1, 73, N/A, 187.26, 100|2, 77, N/A, 62.79, 0|3, 72, N/A, 206.76, 100|
12:32:44 0, 79, N/A, 159.76, 95|1, 72, N/A, 56.28, 0|2, 79, N/A, 150.21, 100|3, 72, N/A, 181.16, 100|
12:32:47 0, 79, N/A, 102.74, 100|1, 72, N/A, 56.46, 0|2, 78, N/A, 201.18, 100|3, 69, N/A, 51.68, 0|
12:32:49 0, 79, N/A, 49.11, 100|1, 73, N/A, 209.79, 0|2, 80, N/A, 191.05, 100|3, 69, N/A, 51.60, 0|
12:32:51 0, 78, N/A, 158.27, 34|1, 71, N/A, 55.56, 2|2, 77, N/A, 57.36, 0|3, 71, N/A, 53.72, 84|
12:32:53 0, 77, N/A, 48.31, 0|1, 73, N/A, 57.51, 95|2, 77, N/A, 180.05, 55|3, 68, N/A, 50.83, 0|
12:32:55 0, 77, N/A, 114.92, 13|1, 71, N/A, 56.56, 28|2, 77, N/A, 66.11, 25|3, 70, N/A, 73.12, 25|
12:32:57 0, 77, N/A, 83.66, 26|1, 71, N/A, 123.75, 25|2, 77, N/A, 60.77, 27|3, 70, N/A, 55.46, 30|
12:32:59 0, 77, N/A, 112.52, 23|1, 71, N/A, 94.00, 25|2, 76, N/A, 58.13, 27|3, 70, N/A, 59.32, 30|
12:33:01 0, 77, N/A, 53.79, 0|1, 70, N/A, 53.55, 0|2, 76, N/A, 63.56, 0|3, 68, N/A, 50.93, 0|
12:33:03 0, 76, N/A, 53.62, 0|1, 69, N/A, 53.35, 0|2, 75, N/A, 63.17, 0|3, 68, N/A, 48.32, 0|
