12:33:05 0, 76, N/A, 53.33, 0|1, 69, N/A, 53.56, 0|2, 75, N/A, 62.88, 0|3, 67, N/A, 48.04, 0|
12:33:07 0, 76, N/A, 53.55, 13|1, 69, N/A, 53.55, 4|2, 75, N/A, 62.59, 13|3, 67, N/A, 47.77, 14|
12:33:10 0, 75, N/A, 53.30, 8|1, 68, N/A, 53.31, 9|2, 74, N/A, 62.15, 8|3, 66, N/A, 47.52, 8|
12:33:12 0, 75, N/A, 53.10, 0|1, 68, N/A, 53.07, 0|2, 74, N/A, 61.90, 0|3, 66, N/A, 47.55, 0|
12:33:14 0, 75, N/A, 53.87, 0|1, 68, N/A, 53.38, 0|2, 74, N/A, 63.17, 0|3, 66, N/A, 48.32, 0|
12:33:16 0, 75, N/A, 54.08, 0|1, 68, N/A, 53.35, 0|2, 74, N/A, 62.92, 0|3, 66, N/A, 48.31, 0|
12:33:18 0, 79, N/A, 147.75, 96|1, 71, N/A, 144.99, 96|2, 78, N/A, 164.83, 96|3, 70, N/A, 149.53, 96|
12:33:20 0, 80, N/A, 138.79, 96|1, 72, N/A, 145.45, 96|2, 79, N/A, 164.29, 96|3, 71, N/A, 147.14, 96|
12:33:22 0, 79, N/A, 125.88, 96|1, 73, N/A, 143.05, 96|2, 79, N/A, 136.62, 96|3, 71, N/A, 147.88, 96|
12:33:24 0, 79, N/A, 115.21, 97|1, 73, N/A, 140.73, 95|2, 79, N/A, 140.17, 97|3, 72, N/A, 145.06, 96|
12:33:26 0, 79, N/A, 114.49, 96|1, 73, N/A, 139.45, 97|2, 79, N/A, 145.21, 96|3, 72, N/A, 144.93, 96|
12:33:28 0, 79, N/A, 95.12, 96|1, 74, N/A, 133.14, 96|2, 79, N/A, 127.09, 96|3, 72, N/A, 139.79, 96|
12:33:30 0, 79, N/A, 95.95, 97|1, 74, N/A, 134.59, 96|2, 79, N/A, 131.01, 95|3, 72, N/A, 135.45, 96|
12:33:33 0, 79, N/A, 96.79, 97|1, 74, N/A, 134.01, 96|2, 79, N/A, 132.77, 96|3, 73, N/A, 135.69, 96|
12:33:35 0, 79, N/A, 96.01, 97|1, 74, N/A, 135.62, 96|2, 79, N/A, 131.50, 96|3, 72, N/A, 137.14, 95|
12:33:37 0, 79, N/A, 101.90, 97|1, 75, N/A, 138.64, 96|2, 79, N/A, 129.40, 96|3, 73, N/A, 138.56, 96|
12:33:39 0, 79, N/A, 98.90, 97|1, 75, N/A, 137.68, 96|2, 79, N/A, 128.59, 96|3, 73, N/A, 134.79, 95|
12:33:41 0, 79, N/A, 103.66, 97|1, 75, N/A, 147.45, 96|2, 79, N/A, 130.62, 97|3, 73, N/A, 140.25, 96|
12:33:43 0, 79, N/A, 96.50, 97|1, 75, N/A, 138.28, 96|2, 79, N/A, 140.56, 96|3, 72, N/A, 137.52, 96|
12:33:45 0, 79, N/A, 101.55, 96|1, 76, N/A, 138.31, 96|2, 79, N/A, 140.32, 95|3, 72, N/A, 136.88, 95|
12:33:47 0, 79, N/A, 99.69, 97|1, 76, N/A, 145.52, 96|2, 79, N/A, 142.91, 96|3, 72, N/A, 138.32, 96|
12:33:49 0, 79, N/A, 103.90, 97|1, 76, N/A, 139.52, 96|2, 79, N/A, 144.03, 96|3, 73, N/A, 139.86, 96|
12:33:51 0, 79, N/A, 106.70, 96|1, 76, N/A, 137.90, 96|2, 79, N/A, 136.65, 96|3, 73, N/A, 139.55, 96|
12:33:54 0, 79, N/A, 103.90, 97|1, 76, N/A, 139.94, 96|2, 79, N/A, 141.37, 96|3, 73, N/A, 139.93, 95|
12:33:56 0, 79, N/A, 122.29, 100|1, 77, N/A, 176.52, 100|2, 79, N/A, 154.04, 100|3, 73, N/A, 185.52, 100|
12:33:58 0, 79, N/A, 95.53, 100|1, 77, N/A, 123.71, 100|2, 78, N/A, 129.66, 100|3, 73, N/A, 160.75, 100|
12:34:00 0, 79, N/A, 100.00, 100|1, 77, N/A, 134.48, 100|2, 79, N/A, 123.05, 100|3, 73, N/A, 150.92, 100|
12:34:02 0, 79, N/A, 94.02, 100|1, 77, N/A, 155.10, 100|2, 79, N/A, 131.33, 100|3, 73, N/A, 122.95, 100|
12:34:04 0, 79, N/A, 100.02, 100|1, 77, N/A, 163.24, 100|2, 79, N/A, 135.19, 100|3, 73, N/A, 142.10, 100|
12:34:06 0, 79, N/A, 100.04, 90|1, 78, N/A, 171.82, 90|2, 79, N/A, 143.91, 100|3, 74, N/A, 140.42, 100|
12:34:08 0, 79, N/A, 87.80, 100|1, 78, N/A, 128.43, 100|2, 79, N/A, 133.51, 100|3, 73, N/A, 136.66, 100|
12:34:10 0, 79, N/A, 93.90, 100|1, 78, N/A, 144.66, 100|2, 79, N/A, 122.43, 100|3, 74, N/A, 136.63, 100|
12:34:12 0, 79, N/A, 104.79, 100|1, 78, N/A, 152.37, 100|2, 79, N/A, 128.67, 100|3, 74, N/A, 162.42, 100|
12:34:15 0, 79, N/A, 77.88, 100|1, 78, N/A, 82.42, 100|2, 79, N/A, 83.70, 100|3, 74, N/A, 141.66, 100|
12:34:17 0, 79, N/A, 101.44, 100|1, 79, N/A, 134.99, 100|2, 79, N/A, 126.99, 100|3, 75, N/A, 169.29, 100|
12:34:19 0, 79, N/A, 87.03, 100|1, 79, N/A, 150.00, 100|2, 78, N/A, 132.77, 100|3, 74, N/A, 160.83, 83|
12:34:21 0, 79, N/A, 102.14, 100|1, 79, N/A, 152.96, 100|2, 79, N/A, 131.56, 100|3, 75, N/A, 158.68, 100|
12:34:23 0, 79, N/A, 99.74, 100|1, 79, N/A, 143.35, 100|2, 79, N/A, 132.21, 100|3, 75, N/A, 131.93, 100|
12:34:25 0, 79, N/A, 102.68, 100|1, 79, N/A, 137.62, 100|2, 79, N/A, 142.01, 100|3, 75, N/A, 160.99, 100|
12:34:28 0, 79, N/A, 103.96, 100|1, 79, N/A, 152.85, 100|2, 79, N/A, 134.85, 100|3, 75, N/A, 142.11, 88|
12:34:30 0, 79, N/A, 102.68, 100|1, 79, N/A, 131.99, 100|2, 79, N/A, 126.02, 100|3, 75, N/A, 142.66, 100|
12:34:32 0, 79, N/A, 110.68, 100|1, 79, N/A, 119.40, 100|2, 79, N/A, 130.69, 88|3, 75, N/A, 165.75, 90|
12:34:34 0, 79, N/A, 105.64, 100|1, 79, N/A, 104.37, 100|2, 79, N/A, 140.89, 100|3, 76, N/A, 170.60, 100|
12:34:36 0, 79, N/A, 77.49, 100|1, 79, N/A, 114.85, 100|2, 79, N/A, 143.96, 100|3, 75, N/A, 167.63, 88|
12:34:39 0, 79, N/A, 98.66, 100|1, 79, N/A, 130.16, 100|2, 79, N/A, 156.36, 100|3, 76, N/A, 168.20, 100|
12:34:41 0, 79, N/A, 96.79, 97|1, 79, N/A, 131.74, 96|2, 79, N/A, 145.07, 96|3, 75, N/A, 140.90, 96|
12:34:43 0, 79, N/A, 103.05, 97|1, 79, N/A, 135.35, 96|2, 79, N/A, 130.95, 96|3, 75, N/A, 143.89, 96|
12:34:45 0, 79, N/A, 97.45, 97|1, 79, N/A, 126.86, 96|2, 79, N/A, 133.44, 96|3, 75, N/A, 141.94, 96|
12:34:47 0, 79, N/A, 99.10, 97|1, 79, N/A, 129.58, 96|2, 79, N/A, 128.21, 95|3, 76, N/A, 143.54, 96|
12:34:49 0, 79, N/A, 102.81, 97|1, 79, N/A, 131.83, 96|2, 79, N/A, 127.23, 96|3, 76, N/A, 142.42, 96|
12:34:51 0, 79, N/A, 103.05, 97|1, 79, N/A, 126.64, 96|2, 79, N/A, 129.82, 96|3, 76, N/A, 143.14, 96|
12:34:53 0, 79, N/A, 105.76, 97|1, 79, N/A, 134.25, 96|2, 79, N/A, 138.24, 96|3, 76, N/A, 142.47, 96|
12:34:56 0, 79, N/A, 100.46, 97|1, 79, N/A, 141.62, 96|2, 79, N/A, 132.85, 96|3, 76, N/A, 147.28, 96|
12:34:58 0, 79, N/A, 98.97, 97|1, 79, N/A, 136.33, 96|2, 79, N/A, 138.87, 96|3, 76, N/A, 156.02, 96|
12:35:00 0, 79, N/A, 96.87, 97|1, 79, N/A, 130.66, 96|2, 79, N/A, 133.41, 96|3, 76, N/A, 147.73, 96|
12:35:02 0, 79, N/A, 103.49, 97|1, 79, N/A, 137.60, 96|2, 79, N/A, 135.85, 96|3, 76, N/A, 146.25, 96|
12:35:04 0, 79, N/A, 106.12, 97|1, 79, N/A, 137.86, 96|2, 79, N/A, 138.88, 96|3, 76, N/A, 148.74, 96|
12:35:06 0, 79, N/A, 107.22, 97|1, 79, N/A, 134.31, 96|2, 79, N/A, 132.38, 96|3, 76, N/A, 148.37, 96|
12:35:08 0, 79, N/A, 105.90, 97|1, 79, N/A, 118.36, 97|2, 79, N/A, 128.60, 96|3, 76, N/A, 146.03, 96|
12:35:10 0, 79, N/A, 107.94, 97|1, 79, N/A, 120.92, 96|2, 79, N/A, 130.14, 96|3, 76, N/A, 152.13, 96|
12:35:13 0, 79, N/A, 92.27, 97|1, 79, N/A, 122.64, 97|2, 79, N/A, 138.48, 96|3, 76, N/A, 139.84, 97|
12:35:15 0, 79, N/A, 93.66, 97|1, 79, N/A, 118.49, 97|2, 79, N/A, 135.77, 96|3, 76, N/A, 142.25, 97|
12:35:17 0, 79, N/A, 97.76, 97|1, 79, N/A, 120.76, 96|2, 79, N/A, 135.67, 96|3, 76, N/A, 143.77, 96|
12:35:19 0, 79, N/A, 97.44, 97|1, 78, N/A, 121.77, 96|2, 79, N/A, 139.30, 96|3, 76, N/A, 145.23, 96|
12:35:21 0, 78, N/A, 48.68, 20|1, 77, N/A, 54.73, 7|2, 77, N/A, 65.52, 10|3, 74, N/A, 56.99, 0|
12:35:23 0, 79, N/A, 111.20, 100|1, 79, N/A, 139.01, 100|2, 79, N/A, 150.35, 100|3, 77, N/A, 155.36, 100|
12:35:25 0, 79, N/A, 114.00, 88|1, 79, N/A, 117.61, 99|2, 78, N/A, 105.62, 88|3, 77, N/A, 159.53, 100|
12:35:28 0, 79, N/A, 86.61, 100|1, 79, N/A, 134.23, 100|2, 78, N/A, 127.73, 100|3, 76, N/A, 93.30, 100|
12:35:30 0, 79, N/A, 97.68, 100|1, 79, N/A, 131.68, 100|2, 79, N/A, 154.74, 100|3, 75, N/A, 183.21, 100|
12:35:32 0, 79, N/A, 99.14, 100|1, 79, N/A, 141.55, 100|2, 79, N/A, 179.01, 100|3, 76, N/A, 186.95, 100|
12:35:34 0, 79, N/A, 95.65, 100|1, 79, N/A, 110.15, 100|2, 79, N/A, 145.85, 100|3, 76, N/A, 177.09, 100|
12:35:36 0, 79, N/A, 98.47, 100|1, 79, N/A, 144.30, 100|2, 79, N/A, 145.60, 100|3, 76, N/A, 151.16, 100|
12:35:38 0, 79, N/A, 101.55, 100|1, 80, N/A, 154.02, 100|2, 79, N/A, 136.15, 100|3, 76, N/A, 191.87, 100|
12:35:41 0, 79, N/A, 109.43, 100|1, 79, N/A, 122.60, 100|2, 79, N/A, 139.21, 100|3, 76, N/A, 169.27, 100|
12:35:43 0, 79, N/A, 100.76, 100|1, 79, N/A, 133.96, 100|2, 79, N/A, 148.27, 100|3, 76, N/A, 157.33, 100|
12:35:45 0, 79, N/A, 105.26, 100|1, 79, N/A, 114.81, 100|2, 79, N/A, 135.51, 100|3, 76, N/A, 150.78, 100|
12:35:47 0, 79, N/A, 101.25, 100|1, 80, N/A, 123.32, 100|2, 79, N/A, 162.88, 100|3, 76, N/A, 183.57, 100|
12:35:49 0, 79, N/A, 102.16, 100|1, 79, N/A, 106.88, 100|2, 79, N/A, 152.77, 100|3, 76, N/A, 142.51, 100|
12:35:51 0, 79, N/A, 101.97, 100|1, 79, N/A, 116.28, 100|2, 79, N/A, 181.37, 100|3, 76, N/A, 140.35, 100|
12:35:53 0, 79, N/A, 102.99, 100|1, 79, N/A, 108.07, 100|2, 79, N/A, 152.76, 100|3, 76, N/A, 163.39, 100|
12:35:56 0, 79, N/A, 103.42, 100|1, 79, N/A, 109.02, 100|2, 79, N/A, 146.57, 100|3, 76, N/A, 150.92, 100|
12:35:58 0, 79, N/A, 101.31, 100|1, 79, N/A, 109.45, 100|2, 79, N/A, 143.94, 100|3, 76, N/A, 146.42, 100|
12:36:00 0, 79, N/A, 113.12, 100|1, 79, N/A, 126.52, 100|2, 79, N/A, 152.96, 100|3, 76, N/A, 153.95, 100|
12:36:02 0, 79, N/A, 114.80, 84|1, 79, N/A, 114.60, 84|2, 80, N/A, 156.57, 83|3, 76, N/A, 154.67, 83|
12:36:04 0, 79, N/A, 103.89, 100|1, 79, N/A, 138.52, 100|2, 79, N/A, 137.27, 100|3, 76, N/A, 169.68, 100|
12:36:07 0, 79, N/A, 106.22, 100|1, 78, N/A, 151.28, 100|2, 79, N/A, 137.00, 100|3, 77, N/A, 150.17, 100|
12:36:09 0, 79, N/A, 101.55, 86|1, 78, N/A, 148.36, 86|2, 79, N/A, 139.82, 86|3, 76, N/A, 168.48, 85|
12:36:11 0, 79, N/A, 105.19, 100|1, 79, N/A, 172.63, 100|2, 79, N/A, 174.31, 100|3, 77, N/A, 176.85, 100|
12:36:13 0, 79, N/A, 109.31, 100|1, 79, N/A, 145.56, 100|2, 79, N/A, 153.13, 100|3, 76, N/A, 169.29, 100|
12:36:15 0, 79, N/A, 120.26, 97|1, 80, N/A, 150.29, 96|2, 79, N/A, 162.98, 96|3, 76, N/A, 152.01, 96|
12:36:17 0, 79, N/A, 98.53, 96|1, 79, N/A, 131.61, 96|2, 79, N/A, 144.49, 97|3, 76, N/A, 144.21, 96|
12:36:20 0, 79, N/A, 94.67, 96|1, 79, N/A, 132.28, 95|2, 79, N/A, 147.96, 95|3, 75, N/A, 146.99, 96|
12:36:22 0, 79, N/A, 97.76, 97|1, 79, N/A, 133.94, 96|2, 78, N/A, 141.47, 96|3, 75, N/A, 142.97, 96|
12:36:24 0, 79, N/A, 98.06, 97|1, 79, N/A, 115.29, 96|2, 79, N/A, 140.07, 96|3, 75, N/A, 143.49, 96|
12:36:26 0, 79, N/A, 93.16, 97|1, 79, N/A, 110.54, 96|2, 78, N/A, 137.78, 97|3, 75, N/A, 143.05, 96|
12:36:28 0, 79, N/A, 95.12, 92|1, 79, N/A, 116.60, 77|2, 79, N/A, 156.77, 77|3, 75, N/A, 146.66, 93|
12:36:30 0, 79, N/A, 104.43, 97|1, 79, N/A, 122.50, 97|2, 79, N/A, 164.59, 96|3, 75, N/A, 146.60, 96|
12:36:32 0, 79, N/A, 109.18, 96|1, 79, N/A, 124.85, 97|2, 79, N/A, 158.53, 96|3, 75, N/A, 146.35, 96|
12:36:34 0, 79, N/A, 105.79, 97|1, 79, N/A, 119.01, 96|2, 79, N/A, 144.11, 96|3, 75, N/A, 148.31, 96|
12:36:37 0, 79, N/A, 106.00, 97|1, 79, N/A, 127.34, 96|2, 79, N/A, 142.72, 96|3, 75, N/A, 145.32, 96|
12:36:39 0, 79, N/A, 103.26, 96|1, 79, N/A, 120.15, 96|2, 79, N/A, 152.51, 97|3, 75, N/A, 148.91, 96|
12:36:41 0, 79, N/A, 104.44, 96|1, 79, N/A, 118.61, 96|2, 79, N/A, 144.66, 96|3, 74, N/A, 146.64, 97|
12:36:43 0, 79, N/A, 105.59, 97|1, 79, N/A, 117.85, 96|2, 79, N/A, 162.08, 96|3, 74, N/A, 157.33, 96|
12:36:45 0, 79, N/A, 105.65, 96|1, 79, N/A, 120.46, 96|2, 79, N/A, 157.86, 96|3, 74, N/A, 147.52, 96|
12:36:47 0, 79, N/A, 102.29, 97|1, 79, N/A, 119.54, 96|2, 79, N/A, 152.07, 96|3, 74, N/A, 145.88, 96|
12:36:49 0, 79, N/A, 108.95, 96|1, 79, N/A, 127.86, 96|2, 79, N/A, 149.98, 96|3, 74, N/A, 146.24, 96|
12:36:51 0, 79, N/A, 110.86, 96|1, 79, N/A, 119.73, 96|2, 79, N/A, 145.13, 97|3, 74, N/A, 145.77, 96|
12:36:53 0, 79, N/A, 105.27, 97|1, 79, N/A, 126.26, 96|2, 79, N/A, 158.07, 96|3, 74, N/A, 149.08, 96|
12:36:56 0, 79, N/A, 106.31, 97|1, 79, N/A, 121.94, 96|2, 79, N/A, 160.51, 96|3, 74, N/A, 148.95, 97|
12:36:58 0, 78, N/A, 48.89, 31|1, 78, N/A, 53.97, 85|2, 78, N/A, 72.25, 88|3, 72, N/A, 56.50, 29|
12:37:00 0, 80, N/A, 117.54, 86|1, 79, N/A, 134.05, 99|2, 79, N/A, 147.93, 98|3, 75, N/A, 159.88, 100|
12:37:02 0, 79, N/A, 105.09, 100|1, 79, N/A, 142.37, 100|2, 79, N/A, 136.24, 100|3, 75, N/A, 123.38, 100|
12:37:04 0, 79, N/A, 105.19, 100|1, 79, N/A, 123.74, 100|2, 79, N/A, 152.83, 100|3, 75, N/A, 143.87, 100|
12:37:06 0, 79, N/A, 102.51, 100|1, 79, N/A, 145.32, 100|2, 79, N/A, 133.43, 100|3, 75, N/A, 119.09, 100|
12:37:08 0, 79, N/A, 100.80, 85|1, 79, N/A, 154.31, 100|2, 80, N/A, 147.69, 100|3, 75, N/A, 168.90, 100|
12:37:11 0, 79, N/A, 111.10, 100|1, 79, N/A, 147.63, 100|2, 78, N/A, 130.94, 100|3, 75, N/A, 200.61, 100|
12:37:13 0, 79, N/A, 115.23, 100|1, 79, N/A, 135.43, 100|2, 79, N/A, 158.20, 100|3, 76, N/A, 188.35, 100|
12:37:15 0, 79, N/A, 108.93, 100|1, 79, N/A, 117.88, 100|2, 79, N/A, 142.06, 100|3, 76, N/A, 181.18, 100|
12:37:17 0, 79, N/A, 113.70, 100|1, 79, N/A, 125.72, 100|2, 79, N/A, 152.77, 100|3, 76, N/A, 178.05, 100|
12:37:19 0, 79, N/A, 117.54, 85|1, 79, N/A, 124.53, 100|2, 79, N/A, 157.09, 100|3, 76, N/A, 188.58, 100|
12:37:22 0, 79, N/A, 99.33, 100|1, 79, N/A, 138.37, 100|2, 79, N/A, 189.55, 100|3, 75, N/A, 201.78, 100|
12:37:24 0, 79, N/A, 99.73, 100|1, 79, N/A, 132.70, 100|2, 79, N/A, 155.87, 100|3, 75, N/A, 150.89, 100|
12:37:26 0, 78, N/A, 102.75, 100|1, 79, N/A, 126.36, 100|2, 79, N/A, 165.77, 100|3, 75, N/A, 170.85, 100|
12:37:28 0, 79, N/A, 110.95, 100|1, 79, N/A, 139.51, 100|2, 79, N/A, 189.32, 100|3, 76, N/A, 187.15, 100|
12:37:30 0, 79, N/A, 108.11, 100|1, 79, N/A, 118.84, 100|2, 78, N/A, 114.21, 100|3, 76, N/A, 184.54, 100|
12:37:32 0, 79, N/A, 108.78, 100|1, 79, N/A, 128.29, 100|2, 79, N/A, 136.00, 100|3, 76, N/A, 174.96, 100|
12:37:34 0, 79, N/A, 110.40, 100|1, 79, N/A, 148.02, 100|2, 79, N/A, 166.74, 100|3, 77, N/A, 157.84, 100|
12:37:37 0, 79, N/A, 108.36, 84|1, 79, N/A, 115.01, 85|2, 79, N/A, 154.10, 83|3, 76, N/A, 208.52, 97|
12:37:39 0, 79, N/A, 113.43, 100|1, 79, N/A, 110.31, 100|2, 79, N/A, 144.97, 100|3, 77, N/A, 142.58, 100|
12:37:41 0, 80, N/A, 112.23, 100|1, 79, N/A, 119.94, 100|2, 79, N/A, 150.57, 100|3, 77, N/A, 210.33, 100|
12:37:43 0, 79, N/A, 91.79, 83|1, 79, N/A, 141.66, 89|2, 78, N/A, 131.26, 83|3, 76, N/A, 123.94, 99|
12:37:45 0, 79, N/A, 95.17, 83|1, 79, N/A, 98.82, 83|2, 78, N/A, 135.19, 83|3, 75, N/A, 148.67, 83|
12:37:48 0, 79, N/A, 50.77, 97|1, 79, N/A, 56.85, 100|2, 78, N/A, 135.69, 91|3, 74, N/A, 162.95, 82|
12:37:50 0, 79, N/A, 107.05, 83|1, 79, N/A, 127.11, 88|2, 79, N/A, 189.22, 83|3, 76, N/A, 196.51, 100|
12:37:52 0, 79, N/A, 101.89, 100|1, 79, N/A, 143.14, 100|2, 79, N/A, 198.43, 100|3, 76, N/A, 205.03, 100|
12:37:54 0, 79, N/A, 106.98, 100|1, 79, N/A, 126.85, 100|2, 79, N/A, 127.32, 100|3, 76, N/A, 162.45, 100|
12:37:56 0, 79, N/A, 113.76, 100|1, 79, N/A, 150.24, 100|2, 79, N/A, 125.20, 100|3, 77, N/A, 156.26, 100|
12:37:59 0, 79, N/A, 112.50, 85|1, 79, N/A, 150.48, 100|2, 79, N/A, 144.37, 100|3, 77, N/A, 187.76, 100|
12:38:01 0, 79, N/A, 113.21, 100|1, 79, N/A, 142.44, 100|2, 79, N/A, 147.67, 100|3, 77, N/A, 163.64, 100|
12:38:03 0, 79, N/A, 94.43, 100|1, 79, N/A, 125.89, 100|2, 78, N/A, 157.45, 100|3, 75, N/A, 134.07, 100|
12:38:05 0, 79, N/A, 95.35, 100|1, 79, N/A, 128.12, 100|2, 78, N/A, 146.42, 100|3, 75, N/A, 160.64, 100|
12:38:07 0, 79, N/A, 95.89, 100|1, 79, N/A, 138.46, 100|2, 78, N/A, 136.88, 100|3, 75, N/A, 173.49, 100|
12:38:09 0, 79, N/A, 90.35, 100|1, 79, N/A, 147.92, 100|2, 78, N/A, 185.09, 100|3, 75, N/A, 162.69, 100|
12:38:12 0, 79, N/A, 103.47, 100|1, 79, N/A, 128.20, 100|2, 78, N/A, 143.13, 100|3, 75, N/A, 152.48, 100|
12:38:14 0, 79, N/A, 97.34, 100|1, 80, N/A, 104.72, 100|2, 79, N/A, 110.30, 100|3, 75, N/A, 94.21, 100|
12:38:16 0, 79, N/A, 101.18, 100|1, 79, N/A, 110.13, 100|2, 78, N/A, 168.68, 100|3, 75, N/A, 188.48, 100|
12:38:18 0, 79, N/A, 97.04, 100|1, 79, N/A, 107.97, 100|2, 79, N/A, 157.33, 100|3, 75, N/A, 147.88, 100|
12:38:20 0, 79, N/A, 98.47, 100|1, 79, N/A, 128.69, 100|2, 79, N/A, 144.35, 100|3, 75, N/A, 133.05, 100|
12:38:22 0, 79, N/A, 98.06, 100|1, 79, N/A, 104.11, 100|2, 79, N/A, 138.75, 100|3, 74, N/A, 160.44, 100|
12:38:24 0, 79, N/A, 100.83, 100|1, 79, N/A, 116.35, 100|2, 79, N/A, 204.53, 100|3, 75, N/A, 189.70, 100|
12:38:27 0, 79, N/A, 95.89, 100|1, 79, N/A, 80.49, 100|2, 79, N/A, 157.67, 100|3, 75, N/A, 147.06, 100|
12:38:29 0, 79, N/A, 96.87, 100|1, 79, N/A, 124.84, 100|2, 79, N/A, 168.17, 100|3, 75, N/A, 156.74, 100|
12:38:31 0, 79, N/A, 104.01, 100|1, 79, N/A, 104.94, 100|2, 79, N/A, 155.01, 100|3, 74, N/A, 139.14, 100|
12:38:33 0, 79, N/A, 99.37, 100|1, 79, N/A, 117.55, 100|2, 79, N/A, 156.11, 100|3, 74, N/A, 171.45, 100|
12:38:35 0, 79, N/A, 105.46, 100|1, 79, N/A, 119.23, 100|2, 78, N/A, 116.12, 100|3, 75, N/A, 195.12, 100|
12:38:37 0, 79, N/A, 105.14, 100|1, 79, N/A, 101.88, 100|2, 78, N/A, 144.99, 100|3, 75, N/A, 172.41, 100|
12:38:40 0, 79, N/A, 101.82, 100|1, 79, N/A, 94.89, 100|2, 79, N/A, 101.11, 100|3, 75, N/A, 107.39, 100|
12:38:42 0, 79, N/A, 98.67, 81|1, 79, N/A, 106.49, 95|2, 79, N/A, 148.57, 81|3, 75, N/A, 156.74, 81|
12:38:44 0, 79, N/A, 105.36, 100|1, 79, N/A, 114.43, 100|2, 79, N/A, 186.05, 100|3, 75, N/A, 106.54, 100|
12:38:46 0, 79, N/A, 101.07, 100|1, 79, N/A, 87.82, 100|2, 79, N/A, 151.79, 100|3, 74, N/A, 141.84, 100|
12:38:48 0, 79, N/A, 102.95, 100|1, 79, N/A, 97.30, 100|2, 79, N/A, 104.55, 100|3, 75, N/A, 146.09, 100|
12:38:50 0, 79, N/A, 101.72, 100|1, 79, N/A, 90.10, 100|2, 79, N/A, 114.09, 100|3, 74, N/A, 136.30, 100|
12:38:52 0, 79, N/A, 101.44, 100|1, 79, N/A, 99.42, 100|2, 80, N/A, 145.86, 100|3, 75, N/A, 138.31, 100|
12:38:55 0, 79, N/A, 103.59, 100|1, 78, N/A, 122.19, 100|2, 79, N/A, 148.88, 100|3, 75, N/A, 208.14, 100|
12:38:57 0, 79, N/A, 109.60, 100|1, 79, N/A, 141.15, 100|2, 79, N/A, 189.67, 100|3, 74, N/A, 208.48, 100|
12:38:59 0, 79, N/A, 110.42, 96|1, 80, N/A, 145.75, 96|2, 79, N/A, 160.51, 97|3, 74, N/A, 148.73, 97|
12:39:01 0, 79, N/A, 105.83, 97|1, 79, N/A, 116.83, 97|2, 79, N/A, 164.16, 97|3, 74, N/A, 153.35, 96|
12:39:03 0, 79, N/A, 109.68, 96|1, 79, N/A, 120.89, 96|2, 79, N/A, 163.57, 96|3, 74, N/A, 148.73, 95|
12:39:05 0, 79, N/A, 110.88, 97|1, 79, N/A, 125.00, 97|2, 79, N/A, 141.91, 96|3, 74, N/A, 154.63, 96|
12:39:08 0, 79, N/A, 85.05, 97|1, 79, N/A, 110.56, 96|2, 78, N/A, 134.86, 96|3, 73, N/A, 131.13, 97|
12:39:10 0, 79, N/A, 98.48, 97|1, 79, N/A, 113.53, 97|2, 79, N/A, 157.76, 97|3, 73, N/A, 147.89, 97|
12:39:12 0, 79, N/A, 95.54, 96|1, 79, N/A, 116.12, 96|2, 79, N/A, 156.56, 97|3, 73, N/A, 144.73, 96|
12:39:14 0, 79, N/A, 97.70, 97|1, 79, N/A, 121.32, 97|2, 79, N/A, 163.63, 95|3, 73, N/A, 142.34, 96|
12:39:16 0, 79, N/A, 113.26, 96|1, 78, N/A, 114.48, 96|2, 79, N/A, 160.92, 96|3, 73, N/A, 149.21, 97|
12:39:18 0, 79, N/A, 108.64, 97|1, 78, N/A, 131.97, 97|2, 79, N/A, 142.71, 97|3, 73, N/A, 149.21, 96|
12:39:20 0, 79, N/A, 110.73, 97|1, 79, N/A, 125.25, 96|2, 79, N/A, 155.71, 97|3, 73, N/A, 153.92, 96|
12:39:22 0, 79, N/A, 104.63, 96|1, 79, N/A, 125.38, 96|2, 78, N/A, 151.29, 96|3, 73, N/A, 149.35, 95|
12:39:24 0, 79, N/A, 110.26, 96|1, 79, N/A, 130.85, 96|2, 79, N/A, 159.76, 96|3, 73, N/A, 149.13, 96|
12:39:27 0, 79, N/A, 111.33, 97|1, 79, N/A, 127.33, 96|2, 79, N/A, 163.09, 96|3, 73, N/A, 149.21, 96|
12:39:29 0, 79, N/A, 107.85, 97|1, 79, N/A, 131.50, 96|2, 79, N/A, 163.17, 96|3, 73, N/A, 151.62, 96|
12:39:31 0, 79, N/A, 106.11, 96|1, 79, N/A, 111.11, 96|2, 79, N/A, 161.55, 96|3, 72, N/A, 148.30, 97|
12:39:33 0, 79, N/A, 108.22, 97|1, 79, N/A, 115.56, 97|2, 79, N/A, 164.91, 97|3, 72, N/A, 150.25, 96|
12:39:35 0, 79, N/A, 109.29, 96|1, 79, N/A, 128.68, 97|2, 79, N/A, 172.24, 97|3, 72, N/A, 144.23, 95|
12:39:37 0, 79, N/A, 108.62, 96|1, 79, N/A, 127.72, 96|2, 79, N/A, 165.27, 96|3, 72, N/A, 145.83, 97|
12:39:39 0, 79, N/A, 107.49, 97|1, 79, N/A, 126.28, 96|2, 79, N/A, 166.60, 97|3, 72, N/A, 154.11, 96|
12:39:41 0, 79, N/A, 105.05, 96|1, 79, N/A, 127.16, 97|2, 79, N/A, 160.90, 96|3, 72, N/A, 151.69, 95|
12:39:44 0, 79, N/A, 105.93, 97|1, 79, N/A, 134.14, 96|2, 79, N/A, 168.06, 96|3, 72, N/A, 147.12, 96|
12:39:46 0, 79, N/A, 108.07, 97|1, 78, N/A, 134.05, 96|2, 79, N/A, 166.50, 97|3, 72, N/A, 151.51, 96|
12:39:48 0, 79, N/A, 128.84, 100|1, 79, N/A, 138.24, 100|2, 79, N/A, 142.18, 100|3, 72, N/A, 165.67, 100|
12:39:50 0, 79, N/A, 108.97, 100|1, 79, N/A, 146.73, 100|2, 78, N/A, 188.95, 100|3, 72, N/A, 187.03, 100|
12:39:52 0, 79, N/A, 111.82, 100|1, 79, N/A, 125.80, 100|2, 79, N/A, 162.77, 100|3, 72, N/A, 143.74, 100|
12:39:54 0, 79, N/A, 109.17, 100|1, 79, N/A, 140.92, 100|2, 79, N/A, 190.39, 100|3, 72, N/A, 177.57, 100|
12:39:56 0, 79, N/A, 131.78, 100|1, 79, N/A, 174.06, 80|2, 79, N/A, 199.22, 79|3, 71, N/A, 184.87, 79|
12:39:58 0, 79, N/A, 116.93, 100|1, 79, N/A, 132.00, 100|2, 79, N/A, 159.73, 100|3, 72, N/A, 153.26, 100|
12:40:01 0, 79, N/A, 115.28, 100|1, 79, N/A, 149.51, 100|2, 79, N/A, 187.27, 100|3, 72, N/A, 150.49, 100|
12:40:03 0, 79, N/A, 115.30, 100|1, 79, N/A, 127.22, 100|2, 79, N/A, 173.73, 100|3, 72, N/A, 190.27, 100|
12:40:05 0, 79, N/A, 117.78, 100|1, 79, N/A, 136.35, 100|2, 79, N/A, 164.80, 100|3, 73, N/A, 150.31, 100|
12:40:07 0, 79, N/A, 126.75, 79|1, 79, N/A, 127.72, 86|2, 79, N/A, 172.46, 86|3, 72, N/A, 160.55, 81|
12:40:10 0, 79, N/A, 45.24, 100|1, 78, N/A, 54.94, 100|2, 78, N/A, 70.54, 100|3, 70, N/A, 52.81, 100|
12:40:12 0, 79, N/A, 92.63, 100|1, 79, N/A, 168.47, 100|2, 78, N/A, 200.58, 100|3, 71, N/A, 185.84, 100|
12:40:14 0, 79, N/A, 88.10, 100|1, 79, N/A, 58.71, 100|2, 78, N/A, 89.90, 100|3, 71, N/A, 103.39, 100|
12:40:16 0, 79, N/A, 95.30, 100|1, 79, N/A, 118.11, 100|2, 78, N/A, 151.91, 100|3, 70, N/A, 114.59, 100|
12:40:18 0, 79, N/A, 106.39, 100|1, 79, N/A, 164.49, 100|2, 79, N/A, 206.43, 100|3, 71, N/A, 96.40, 100|
12:40:20 0, 79, N/A, 101.99, 100|1, 79, N/A, 148.02, 100|2, 79, N/A, 120.78, 100|3, 71, N/A, 90.56, 100|
12:40:22 0, 79, N/A, 100.52, 100|1, 79, N/A, 138.07, 100|2, 79, N/A, 175.05, 100|3, 71, N/A, 165.81, 100|
12:40:24 0, 79, N/A, 51.04, 100|1, 77, N/A, 58.31, 100|2, 77, N/A, 69.60, 100|3, 69, N/A, 51.35, 100|
12:40:27 0, 79, N/A, 93.55, 100|1, 79, N/A, 142.13, 100|2, 78, N/A, 194.62, 100|3, 71, N/A, 180.33, 100|
12:40:29 0, 79, N/A, 93.67, 100|1, 79, N/A, 70.52, 100|2, 79, N/A, 85.40, 78|3, 70, N/A, 108.95, 84|
12:40:31 0, 79, N/A, 97.42, 100|1, 79, N/A, 75.32, 100|2, 78, N/A, 88.26, 100|3, 70, N/A, 93.85, 100|
12:40:33 0, 79, N/A, 96.45, 100|1, 80, N/A, 72.90, 100|2, 79, N/A, 112.91, 100|3, 69, N/A, 144.47, 100|
12:40:35 0, 79, N/A, 98.79, 100|1, 78, N/A, 100.31, 100|2, 77, N/A, 203.73, 100|3, 69, N/A, 187.28, 100|
12:40:37 0, 79, N/A, 97.98, 100|1, 79, N/A, 136.35, 100|2, 79, N/A, 137.94, 100|3, 70, N/A, 81.22, 100|
12:40:40 0, 79, N/A, 100.99, 100|1, 79, N/A, 119.31, 100|2, 78, N/A, 206.47, 100|3, 70, N/A, 128.06, 100|
12:40:42 0, 79, N/A, 100.21, 100|1, 79, N/A, 124.28, 100|2, 78, N/A, 207.18, 100|3, 70, N/A, 95.60, 100|
12:40:44 0, 79, N/A, 100.54, 100|1, 79, N/A, 108.92, 100|2, 78, N/A, 144.35, 100|3, 69, N/A, 148.63, 100|
12:40:46 0, 79, N/A, 101.28, 100|1, 79, N/A, 141.80, 100|2, 78, N/A, 175.15, 100|3, 70, N/A, 132.84, 100|
12:40:48 0, 79, N/A, 104.51, 100|1, 79, N/A, 114.85, 100|2, 78, N/A, 158.74, 100|3, 69, N/A, 130.30, 100|
12:40:50 0, 79, N/A, 100.04, 100|1, 79, N/A, 123.24, 100|2, 78, N/A, 160.20, 100|3, 69, N/A, 126.10, 100|
12:40:52 0, 79, N/A, 102.87, 96|1, 79, N/A, 131.48, 100|2, 78, N/A, 90.92, 100|3, 69, N/A, 140.54, 100|
12:40:55 0, 79, N/A, 45.97, 100|1, 79, N/A, 54.94, 100|2, 77, N/A, 146.75, 77|3, 68, N/A, 137.99, 77|
12:40:57 0, 79, N/A, 99.72, 100|1, 79, N/A, 149.60, 100|2, 78, N/A, 206.45, 100|3, 69, N/A, 188.36, 100|
12:40:59 0, 79, N/A, 95.79, 100|1, 80, N/A, 93.13, 100|2, 78, N/A, 169.13, 100|3, 68, N/A, 132.94, 100|
12:41:01 0, 79, N/A, 123.55, 100|1, 79, N/A, 108.74, 100|2, 78, N/A, 199.40, 100|3, 68, N/A, 182.49, 100|
12:41:03 0, 78, N/A, 61.86, 100|1, 78, N/A, 86.42, 100|2, 77, N/A, 90.01, 100|3, 67, N/A, 65.59, 100|
12:41:05 0, 79, N/A, 102.33, 77|1, 79, N/A, 118.98, 77|2, 78, N/A, 183.79, 77|3, 68, N/A, 178.77, 77|
12:41:08 0, 79, N/A, 106.19, 77|1, 80, N/A, 112.33, 77|2, 78, N/A, 161.42, 77|3, 68, N/A, 148.25, 77|
12:41:10 0, 80, N/A, 108.07, 100|1, 78, N/A, 116.41, 100|2, 78, N/A, 170.46, 100|3, 68, N/A, 174.18, 100|
12:41:12 0, 79, N/A, 109.75, 100|1, 79, N/A, 123.26, 100|2, 79, N/A, 153.17, 100|3, 69, N/A, 116.11, 100|
12:41:14 0, 79, N/A, 111.15, 100|1, 79, N/A, 120.92, 100|2, 79, N/A, 202.39, 100|3, 68, N/A, 187.40, 100|
12:41:16 0, 79, N/A, 104.81, 100|1, 79, N/A, 122.45, 100|2, 78, N/A, 178.30, 100|3, 69, N/A, 169.89, 100|
12:41:18 0, 79, N/A, 113.95, 100|1, 79, N/A, 120.82, 100|2, 79, N/A, 167.82, 100|3, 69, N/A, 180.32, 100|
12:41:21 0, 79, N/A, 108.77, 100|1, 79, N/A, 100.15, 100|2, 79, N/A, 160.97, 100|3, 69, N/A, 152.25, 100|
12:41:23 0, 79, N/A, 109.38, 100|1, 79, N/A, 128.68, 100|2, 79, N/A, 151.07, 100|3, 69, N/A, 158.00, 100|
12:41:25 0, 79, N/A, 108.42, 100|1, 79, N/A, 131.95, 100|2, 79, N/A, 134.79, 100|3, 69, N/A, 127.38, 100|
12:41:27 0, 79, N/A, 104.63, 100|1, 79, N/A, 126.83, 100|2, 79, N/A, 198.05, 100|3, 69, N/A, 181.17, 100|
12:41:29 0, 79, N/A, 109.81, 100|1, 79, N/A, 104.94, 100|2, 79, N/A, 148.65, 100|3, 69, N/A, 153.73, 100|
12:41:32 0, 79, N/A, 106.81, 100|1, 79, N/A, 110.47, 100|2, 79, N/A, 145.94, 100|3, 69, N/A, 136.79, 100|
12:41:34 0, 79, N/A, 110.75, 100|1, 79, N/A, 154.90, 100|2, 79, N/A, 103.34, 100|3, 69, N/A, 126.51, 100|
12:41:36 0, 79, N/A, 116.02, 100|1, 79, N/A, 137.47, 100|2, 79, N/A, 188.01, 100|3, 69, N/A, 150.59, 100|
12:41:38 0, 79, N/A, 109.30, 100|1, 79, N/A, 141.20, 100|2, 79, N/A, 149.13, 100|3, 69, N/A, 144.13, 100|
12:41:40 0, 79, N/A, 109.87, 100|1, 79, N/A, 143.14, 100|2, 79, N/A, 198.64, 100|3, 69, N/A, 182.15, 100|
12:41:42 0, 79, N/A, 108.96, 100|1, 79, N/A, 147.90, 100|2, 79, N/A, 206.43, 100|3, 69, N/A, 187.74, 100|
12:41:45 0, 79, N/A, 108.18, 100|1, 79, N/A, 139.62, 100|2, 79, N/A, 100.93, 100|3, 69, N/A, 99.64, 100|
12:41:47 0, 79, N/A, 106.40, 100|1, 79, N/A, 90.12, 100|2, 79, N/A, 152.85, 100|3, 68, N/A, 139.11, 100|
12:41:49 0, 79, N/A, 107.30, 100|1, 79, N/A, 137.63, 100|2, 79, N/A, 157.31, 100|3, 68, N/A, 143.58, 100|
12:41:51 0, 79, N/A, 107.67, 100|1, 79, N/A, 127.48, 100|2, 79, N/A, 194.81, 100|3, 68, N/A, 187.99, 100|
12:41:53 0, 80, N/A, 107.46, 100|1, 79, N/A, 110.40, 100|2, 79, N/A, 154.10, 100|3, 68, N/A, 155.68, 100|
12:41:55 0, 79, N/A, 92.39, 77|1, 79, N/A, 138.37, 90|2, 78, N/A, 197.00, 75|3, 68, N/A, 183.80, 79|
12:41:58 0, 79, N/A, 92.68, 100|1, 79, N/A, 77.21, 100|2, 77, N/A, 115.00, 100|3, 67, N/A, 115.79, 100|
12:42:00 0, 79, N/A, 97.76, 100|1, 79, N/A, 111.93, 100|2, 77, N/A, 153.49, 100|3, 67, N/A, 149.67, 100|
12:42:02 0, 79, N/A, 103.23, 100|1, 79, N/A, 155.86, 100|2, 77, N/A, 150.50, 100|3, 67, N/A, 158.45, 100|
12:42:04 0, 79, N/A, 101.84, 100|1, 79, N/A, 124.06, 100|2, 77, N/A, 167.93, 100|3, 67, N/A, 150.55, 100|
12:42:06 0, 79, N/A, 123.87, 100|1, 79, N/A, 153.10, 100|2, 77, N/A, 207.32, 75|3, 67, N/A, 147.30, 75|
12:42:08 0, 79, N/A, 98.62, 100|1, 79, N/A, 111.07, 100|2, 77, N/A, 154.38, 100|3, 67, N/A, 134.86, 100|
12:42:10 0, 79, N/A, 103.83, 100|1, 79, N/A, 124.78, 100|2, 78, N/A, 202.03, 100|3, 67, N/A, 186.71, 100|
12:42:13 0, 79, N/A, 101.35, 100|1, 79, N/A, 126.35, 100|2, 78, N/A, 206.47, 100|3, 68, N/A, 118.77, 100|
12:42:15 0, 79, N/A, 98.47, 100|1, 79, N/A, 124.70, 100|2, 78, N/A, 113.61, 100|3, 67, N/A, 68.69, 100|
12:42:17 0, 79, N/A, 98.71, 100|1, 79, N/A, 103.34, 100|2, 78, N/A, 87.78, 100|3, 67, N/A, 64.37, 100|
12:42:19 0, 79, N/A, 52.01, 100|1, 78, N/A, 54.94, 91|2, 77, N/A, 154.58, 100|3, 66, N/A, 164.59, 100|
12:42:21 0, 79, N/A, 100.00, 100|1, 79, N/A, 132.70, 100|2, 77, N/A, 182.37, 100|3, 67, N/A, 168.54, 100|
12:42:23 0, 79, N/A, 107.08, 100|1, 79, N/A, 126.45, 100|2, 78, N/A, 190.64, 100|3, 67, N/A, 184.65, 100|
12:42:26 0, 79, N/A, 99.18, 100|1, 79, N/A, 124.44, 100|2, 78, N/A, 129.64, 100|3, 67, N/A, 135.91, 100|
12:42:28 0, 79, N/A, 98.28, 100|1, 79, N/A, 113.69, 100|2, 78, N/A, 95.41, 100|3, 67, N/A, 106.35, 100|
12:42:30 0, 79, N/A, 97.50, 100|1, 79, N/A, 114.41, 100|2, 78, N/A, 114.33, 95|3, 67, N/A, 87.85, 100|
12:42:32 0, 79, N/A, 92.69, 100|1, 79, N/A, 135.16, 100|2, 78, N/A, 208.38, 100|3, 67, N/A, 122.09, 100|
12:42:34 0, 79, N/A, 101.31, 100|1, 79, N/A, 131.36, 100|2, 77, N/A, 155.53, 100|3, 66, N/A, 155.33, 100|
12:42:36 0, 79, N/A, 96.97, 100|1, 79, N/A, 81.03, 100|2, 77, N/A, 137.62, 100|3, 66, N/A, 101.95, 100|
12:42:39 0, 79, N/A, 94.61, 100|1, 79, N/A, 134.44, 100|2, 78, N/A, 107.70, 100|3, 67, N/A, 80.25, 100|
12:42:41 0, 79, N/A, 99.87, 76|1, 79, N/A, 116.84, 98|2, 77, N/A, 151.38, 74|3, 66, N/A, 144.78, 74|
12:42:43 0, 79, N/A, 101.57, 100|1, 79, N/A, 103.14, 100|2, 77, N/A, 135.51, 100|3, 66, N/A, 118.88, 100|
12:42:45 0, 79, N/A, 98.95, 100|1, 79, N/A, 150.34, 100|2, 78, N/A, 205.75, 100|3, 67, N/A, 186.68, 100|
12:42:47 0, 79, N/A, 105.54, 100|1, 79, N/A, 128.39, 100|2, 78, N/A, 156.85, 100|3, 67, N/A, 137.05, 100|
12:42:49 0, 79, N/A, 105.92, 100|1, 78, N/A, 110.81, 100|2, 78, N/A, 122.49, 100|3, 67, N/A, 91.24, 100|
12:42:51 0, 79, N/A, 104.75, 100|1, 79, N/A, 112.28, 94|2, 78, N/A, 165.42, 100|3, 67, N/A, 125.88, 100|
12:42:54 0, 79, N/A, 101.53, 100|1, 79, N/A, 96.94, 100|2, 78, N/A, 120.38, 100|3, 67, N/A, 55.94, 100|
12:42:56 0, 79, N/A, 103.50, 100|1, 79, N/A, 120.60, 100|2, 78, N/A, 190.75, 100|3, 68, N/A, 103.63, 100|
12:42:58 0, 79, N/A, 102.23, 100|1, 79, N/A, 88.53, 100|2, 79, N/A, 141.72, 100|3, 67, N/A, 120.94, 100|
12:43:00 0, 79, N/A, 106.28, 100|1, 79, N/A, 127.19, 100|2, 78, N/A, 199.04, 100|3, 68, N/A, 186.35, 100|
12:43:02 0, 79, N/A, 101.76, 100|1, 79, N/A, 129.38, 100|2, 79, N/A, 208.48, 100|3, 68, N/A, 177.80, 100|
12:43:04 0, 79, N/A, 102.72, 100|1, 79, N/A, 113.54, 100|2, 78, N/A, 148.08, 100|3, 67, N/A, 146.86, 100|
12:43:06 0, 79, N/A, 118.60, 92|1, 78, N/A, 144.14, 100|2, 77, N/A, 174.39, 100|3, 67, N/A, 168.68, 100|
12:43:09 0, 79, N/A, 104.91, 100|1, 79, N/A, 134.53, 100|2, 78, N/A, 156.35, 100|3, 68, N/A, 156.03, 100|
12:43:11 0, 79, N/A, 109.42, 100|1, 79, N/A, 134.38, 100|2, 78, N/A, 200.72, 100|3, 67, N/A, 186.79, 100|
12:43:13 0, 79, N/A, 104.88, 100|1, 79, N/A, 146.97, 100|2, 78, N/A, 203.46, 100|3, 68, N/A, 185.12, 100|
12:43:15 0, 79, N/A, 102.65, 100|1, 80, N/A, 142.32, 100|2, 79, N/A, 101.23, 100|3, 67, N/A, 69.80, 100|
12:43:17 0, 78, N/A, 48.88, 100|1, 77, N/A, 58.07, 100|2, 76, N/A, 66.89, 100|3, 65, N/A, 47.97, 100|
12:43:19 0, 79, N/A, 95.41, 100|1, 79, N/A, 142.99, 100|2, 77, N/A, 200.22, 100|3, 67, N/A, 182.37, 100|
12:43:21 0, 79, N/A, 95.14, 100|1, 79, N/A, 162.57, 100|2, 77, N/A, 201.06, 100|3, 66, N/A, 185.12, 100|
12:43:24 0, 79, N/A, 97.36, 96|1, 79, N/A, 67.13, 100|2, 77, N/A, 148.97, 100|3, 66, N/A, 123.55, 100|
12:43:26 0, 79, N/A, 98.89, 100|1, 79, N/A, 142.93, 100|2, 77, N/A, 170.20, 100|3, 66, N/A, 130.28, 100|
12:43:28 0, 79, N/A, 102.89, 100|1, 79, N/A, 97.06, 100|2, 77, N/A, 157.18, 100|3, 66, N/A, 121.78, 100|
12:43:30 0, 79, N/A, 105.91, 100|1, 79, N/A, 145.46, 100|2, 77, N/A, 197.46, 100|3, 66, N/A, 183.32, 100|
12:43:32 0, 79, N/A, 116.59, 100|1, 79, N/A, 110.90, 100|2, 78, N/A, 181.73, 100|3, 67, N/A, 98.19, 100|
12:43:34 0, 79, N/A, 113.86, 100|1, 79, N/A, 120.76, 73|2, 78, N/A, 193.52, 73|3, 67, N/A, 180.79, 72|
12:43:36 0, 79, N/A, 110.10, 100|1, 79, N/A, 116.76, 100|2, 79, N/A, 113.61, 100|3, 68, N/A, 104.97, 100|
12:43:39 0, 79, N/A, 109.52, 100|1, 79, N/A, 118.50, 100|2, 79, N/A, 136.23, 100|3, 67, N/A, 150.07, 100|
12:43:41 0, 79, N/A, 110.34, 100|1, 79, N/A, 117.39, 100|2, 79, N/A, 154.76, 100|3, 68, N/A, 114.35, 100|
12:43:43 0, 79, N/A, 110.57, 100|1, 79, N/A, 123.16, 100|2, 79, N/A, 107.39, 100|3, 68, N/A, 138.63, 100|
12:43:45 0, 79, N/A, 109.24, 100|1, 79, N/A, 90.12, 100|2, 78, N/A, 150.25, 100|3, 68, N/A, 155.12, 100|
12:43:47 0, 79, N/A, 111.22, 100|1, 79, N/A, 137.13, 100|2, 79, N/A, 160.43, 100|3, 68, N/A, 121.26, 100|
12:43:49 0, 79, N/A, 109.54, 100|1, 79, N/A, 130.46, 100|2, 79, N/A, 146.66, 100|3, 67, N/A, 146.38, 100|
12:43:52 0, 79, N/A, 109.54, 72|1, 79, N/A, 136.26, 100|2, 79, N/A, 122.15, 87|3, 68, N/A, 117.68, 95|
12:43:54 0, 79, N/A, 109.48, 100|1, 79, N/A, 88.91, 100|2, 79, N/A, 137.68, 100|3, 68, N/A, 103.91, 100|
12:43:56 0, 79, N/A, 111.22, 100|1, 79, N/A, 138.33, 100|2, 79, N/A, 131.17, 100|3, 68, N/A, 98.13, 100|
12:43:58 0, 79, N/A, 109.30, 100|1, 79, N/A, 160.55, 100|2, 79, N/A, 209.06, 100|3, 68, N/A, 189.30, 100|
12:44:00 0, 79, N/A, 107.99, 100|1, 79, N/A, 126.70, 100|2, 79, N/A, 170.09, 100|3, 68, N/A, 149.33, 100|
12:44:03 0, 79, N/A, 109.48, 100|1, 79, N/A, 99.10, 100|2, 79, N/A, 170.54, 100|3, 68, N/A, 161.32, 100|
12:44:05 0, 79, N/A, 110.27, 100|1, 78, N/A, 109.14, 100|2, 78, N/A, 161.13, 100|3, 68, N/A, 171.92, 100|
12:44:07 0, 79, N/A, 107.92, 100|1, 79, N/A, 80.88, 100|2, 78, N/A, 153.12, 92|3, 68, N/A, 161.12, 100|
12:44:09 0, 79, N/A, 106.26, 100|1, 79, N/A, 124.35, 100|2, 79, N/A, 158.04, 100|3, 68, N/A, 122.25, 100|
12:44:11 0, 79, N/A, 108.07, 100|1, 79, N/A, 121.80, 100|2, 79, N/A, 170.05, 100|3, 68, N/A, 174.91, 100|
12:44:13 0, 79, N/A, 118.41, 100|1, 79, N/A, 140.42, 100|2, 79, N/A, 186.59, 100|3, 68, N/A, 171.31, 100|
12:44:16 0, 79, N/A, 117.70, 100|1, 79, N/A, 145.43, 100|2, 79, N/A, 191.35, 100|3, 69, N/A, 88.04, 100|
12:44:18 0, 79, N/A, 117.62, 100|1, 79, N/A, 144.24, 100|2, 79, N/A, 138.95, 100|3, 68, N/A, 147.89, 100|
12:44:20 0, 79, N/A, 111.20, 100|1, 79, N/A, 139.47, 100|2, 79, N/A, 183.88, 100|3, 68, N/A, 165.91, 100|
12:44:22 0, 79, N/A, 111.92, 100|1, 79, N/A, 133.42, 100|2, 79, N/A, 187.88, 100|3, 68, N/A, 169.88, 100|
12:44:24 0, 79, N/A, 100.49, 100|1, 79, N/A, 152.05, 100|2, 78, N/A, 204.52, 100|3, 67, N/A, 186.67, 100|
12:44:26 0, 79, N/A, 103.33, 100|1, 79, N/A, 138.30, 100|2, 78, N/A, 128.82, 100|3, 68, N/A, 93.10, 100|
12:44:29 0, 79, N/A, 102.36, 100|1, 79, N/A, 70.15, 100|2, 78, N/A, 121.11, 100|3, 67, N/A, 120.01, 100|
12:44:31 0, 79, N/A, 106.87, 100|1, 79, N/A, 126.86, 100|2, 78, N/A, 175.38, 100|3, 67, N/A, 147.72, 100|
12:44:33 0, 79, N/A, 107.86, 71|1, 79, N/A, 142.32, 77|2, 78, N/A, 208.10, 70|3, 67, N/A, 141.17, 70|
12:44:35 0, 79, N/A, 113.37, 100|1, 79, N/A, 137.43, 100|2, 78, N/A, 207.66, 100|3, 67, N/A, 188.01, 100|
12:44:37 0, 79, N/A, 109.86, 100|1, 79, N/A, 135.31, 100|2, 79, N/A, 206.59, 100|3, 68, N/A, 101.45, 100|
12:44:39 0, 79, N/A, 108.91, 100|1, 79, N/A, 121.24, 100|2, 79, N/A, 157.63, 100|3, 68, N/A, 119.41, 100|
12:44:41 0, 79, N/A, 112.25, 100|1, 79, N/A, 123.71, 100|2, 79, N/A, 97.58, 100|3, 68, N/A, 73.66, 100|
12:44:44 0, 79, N/A, 108.54, 100|1, 79, N/A, 119.64, 100|2, 78, N/A, 101.35, 100|3, 67, N/A, 120.08, 100|
12:44:46 0, 79, N/A, 51.25, 100|1, 79, N/A, 52.01, 100|2, 77, N/A, 151.76, 100|3, 66, N/A, 146.60, 100|
12:44:48 0, 79, N/A, 118.91, 100|1, 79, N/A, 107.47, 100|2, 78, N/A, 207.65, 100|3, 67, N/A, 188.36, 100|
12:44:50 0, 79, N/A, 114.49, 100|1, 79, N/A, 118.53, 100|2, 78, N/A, 169.52, 100|3, 67, N/A, 143.90, 100|
12:44:52 0, 79, N/A, 110.55, 100|1, 79, N/A, 108.41, 100|2, 78, N/A, 156.60, 100|3, 67, N/A, 148.86, 100|
12:44:54 0, 79, N/A, 110.74, 100|1, 79, N/A, 145.42, 92|2, 78, N/A, 214.46, 100|3, 67, N/A, 191.70, 100|
12:44:56 0, 79, N/A, 107.81, 100|1, 79, N/A, 125.16, 100|2, 79, N/A, 113.12, 100|3, 68, N/A, 83.05, 100|
12:44:59 0, 79, N/A, 117.30, 97|1, 80, N/A, 140.20, 96|2, 78, N/A, 172.62, 95|3, 67, N/A, 150.28, 95|
12:45:01 0, 79, N/A, 115.65, 96|1, 79, N/A, 120.33, 96|2, 78, N/A, 168.71, 96|3, 67, N/A, 150.55, 96|
12:45:03 0, 79, N/A, 95.41, 97|1, 79, N/A, 117.07, 96|2, 78, N/A, 153.86, 96|3, 67, N/A, 135.82, 96|
12:45:05 0, 79, N/A, 100.93, 97|1, 79, N/A, 118.37, 96|2, 77, N/A, 157.07, 96|3, 67, N/A, 138.64, 96|
12:45:07 0, 79, N/A, 101.24, 96|1, 79, N/A, 120.46, 96|2, 77, N/A, 159.26, 96|3, 67, N/A, 137.59, 96|
12:45:09 0, 79, N/A, 112.67, 97|1, 79, N/A, 124.26, 97|2, 78, N/A, 166.90, 96|3, 67, N/A, 145.29, 96|
12:45:11 0, 79, N/A, 109.36, 97|1, 79, N/A, 122.20, 97|2, 78, N/A, 167.39, 96|3, 67, N/A, 143.43, 96|
12:45:13 0, 79, N/A, 110.85, 97|1, 79, N/A, 126.85, 96|2, 78, N/A, 166.45, 96|3, 67, N/A, 148.24, 96|
12:45:15 0, 79, N/A, 111.64, 97|1, 79, N/A, 120.00, 96|2, 78, N/A, 167.15, 96|3, 67, N/A, 149.45, 96|
12:45:18 0, 79, N/A, 95.16, 97|1, 79, N/A, 123.16, 96|2, 77, N/A, 157.48, 96|3, 67, N/A, 139.19, 96|
12:45:20 0, 79, N/A, 98.60, 97|1, 79, N/A, 123.74, 96|2, 77, N/A, 155.88, 96|3, 67, N/A, 139.25, 96|
12:45:22 0, 79, N/A, 97.93, 97|1, 79, N/A, 127.24, 96|2, 77, N/A, 163.29, 96|3, 66, N/A, 143.83, 96|
12:45:24 0, 79, N/A, 99.08, 96|1, 79, N/A, 126.92, 96|2, 77, N/A, 159.37, 96|3, 66, N/A, 139.75, 96|
12:45:26 0, 79, N/A, 106.39, 97|1, 79, N/A, 131.86, 96|2, 77, N/A, 168.52, 96|3, 66, N/A, 137.42, 97|
12:45:28 0, 79, N/A, 103.89, 97|1, 79, N/A, 127.54, 96|2, 77, N/A, 164.18, 96|3, 66, N/A, 147.44, 97|
12:45:30 0, 79, N/A, 104.08, 97|1, 79, N/A, 125.53, 96|2, 77, N/A, 169.23, 96|3, 66, N/A, 151.19, 96|
12:45:33 0, 79, N/A, 103.45, 97|1, 79, N/A, 124.12, 96|2, 77, N/A, 167.38, 96|3, 66, N/A, 144.42, 96|
12:45:35 0, 79, N/A, 110.36, 97|1, 79, N/A, 127.91, 96|2, 78, N/A, 162.27, 96|3, 67, N/A, 141.65, 96|
12:45:37 0, 79, N/A, 110.07, 97|1, 79, N/A, 124.74, 97|2, 78, N/A, 158.85, 96|3, 67, N/A, 143.11, 96|
12:45:39 0, 79, N/A, 120.58, 77|1, 79, N/A, 142.74, 79|2, 77, N/A, 160.85, 73|3, 66, N/A, 144.57, 74|
12:45:41 0, 79, N/A, 111.74, 97|1, 79, N/A, 133.25, 96|2, 78, N/A, 162.46, 96|3, 67, N/A, 141.68, 96|
12:45:43 0, 79, N/A, 115.99, 97|1, 79, N/A, 130.61, 96|2, 78, N/A, 168.00, 96|3, 66, N/A, 148.62, 96|
12:45:45 0, 79, N/A, 108.69, 97|1, 79, N/A, 124.63, 96|2, 78, N/A, 167.48, 96|3, 66, N/A, 148.83, 96|
12:45:47 0, 79, N/A, 106.24, 97|1, 79, N/A, 125.34, 96|2, 78, N/A, 166.75, 96|3, 66, N/A, 146.09, 96|
12:45:50 0, 79, N/A, 111.89, 97|1, 79, N/A, 121.08, 97|2, 78, N/A, 165.02, 96|3, 66, N/A, 143.60, 96|
12:45:52 0, 79, N/A, 112.11, 97|1, 79, N/A, 124.69, 97|2, 78, N/A, 168.41, 96|3, 66, N/A, 153.20, 96|
12:45:54 0, 78, N/A, 53.23, 0|1, 77, N/A, 54.18, 0|2, 75, N/A, 68.59, 0|3, 64, N/A, 49.16, 0|
12:45:56 0, 77, N/A, 52.26, 0|1, 76, N/A, 52.75, 0|2, 73, N/A, 60.11, 0|3, 62, N/A, 47.97, 0|
12:45:58 0, 76, N/A, 47.21, 2|1, 75, N/A, 50.84, 2|2, 71, N/A, 51.38, 2|3, 60, N/A, 39.23, 2|
12:46:00 0, 75, N/A, 47.00, 3|1, 75, N/A, 50.62, 2|2, 70, N/A, 51.18, 2|3, 60, N/A, 39.01, 4|
12:46:02 0, 80, N/A, 198.41, 100|1, 79, N/A, 193.36, 100|2, 74, N/A, 194.54, 100|3, 64, N/A, 169.03, 100|
12:46:04 0, 79, N/A, 121.40, 96|1, 79, N/A, 150.47, 96|2, 75, N/A, 157.81, 97|3, 64, N/A, 140.47, 96|
12:46:06 0, 79, N/A, 122.80, 100|1, 79, N/A, 151.04, 100|2, 77, N/A, 200.84, 100|3, 65, N/A, 158.45, 100|
12:46:08 0, 79, N/A, 127.24, 100|1, 79, N/A, 132.45, 100|2, 77, N/A, 199.30, 100|3, 66, N/A, 175.05, 100|
12:46:11 0, 79, N/A, 107.15, 97|1, 79, N/A, 122.86, 96|2, 77, N/A, 154.74, 96|3, 66, N/A, 136.42, 96|
12:46:13 0, 79, N/A, 106.76, 97|1, 79, N/A, 115.93, 100|2, 77, N/A, 154.19, 100|3, 66, N/A, 141.29, 100|
12:46:15 0, 79, N/A, 107.13, 100|1, 79, N/A, 129.48, 100|2, 77, N/A, 188.85, 100|3, 67, N/A, 158.54, 100|
12:46:17 0, 79, N/A, 68.21, 90|1, 78, N/A, 115.32, 90|2, 77, N/A, 181.26, 92|3, 67, N/A, 179.37, 92|
12:46:19 0, 79, N/A, 113.69, 100|1, 79, N/A, 120.30, 100|2, 78, N/A, 181.62, 100|3, 67, N/A, 172.08, 100|
12:46:21 0, 79, N/A, 107.28, 100|1, 79, N/A, 142.81, 100|2, 78, N/A, 173.94, 100|3, 67, N/A, 158.21, 100|
12:46:24 0, 79, N/A, 108.24, 100|1, 79, N/A, 145.40, 100|2, 78, N/A, 165.04, 100|3, 67, N/A, 143.18, 100|
12:46:26 0, 79, N/A, 113.82, 90|1, 79, N/A, 147.60, 100|2, 78, N/A, 175.48, 89|3, 67, N/A, 158.93, 89|
12:46:28 0, 79, N/A, 105.02, 100|1, 79, N/A, 126.13, 100|2, 78, N/A, 164.91, 100|3, 68, N/A, 155.75, 100|
12:46:30 0, 79, N/A, 112.73, 100|1, 79, N/A, 134.45, 100|2, 78, N/A, 183.84, 100|3, 68, N/A, 182.01, 100|
12:46:32 0, 79, N/A, 117.06, 97|1, 79, N/A, 126.28, 97|2, 78, N/A, 155.64, 96|3, 67, N/A, 138.87, 95|
12:46:34 0, 78, N/A, 120.28, 96|1, 78, N/A, 145.95, 55|2, 76, N/A, 156.47, 96|3, 65, N/A, 142.70, 95|
12:46:36 0, 79, N/A, 113.45, 97|1, 79, N/A, 115.04, 97|2, 77, N/A, 151.45, 97|3, 66, N/A, 136.28, 96|
12:46:38 0, 79, N/A, 109.09, 97|1, 79, N/A, 116.45, 97|2, 77, N/A, 155.16, 96|3, 66, N/A, 137.10, 96|
12:46:40 0, 79, N/A, 110.93, 97|1, 79, N/A, 114.97, 97|2, 77, N/A, 154.90, 96|3, 66, N/A, 146.86, 96|
12:46:43 0, 79, N/A, 110.64, 97|1, 79, N/A, 121.69, 96|2, 77, N/A, 152.72, 96|3, 66, N/A, 136.40, 96|
12:46:45 0, 79, N/A, 105.23, 97|1, 79, N/A, 120.82, 96|2, 76, N/A, 151.48, 96|3, 66, N/A, 134.12, 96|
12:46:47 0, 79, N/A, 108.22, 97|1, 79, N/A, 122.34, 96|2, 76, N/A, 153.86, 97|3, 66, N/A, 137.27, 96|
12:46:49 0, 79, N/A, 108.21, 96|1, 79, N/A, 119.64, 97|2, 77, N/A, 153.93, 96|3, 66, N/A, 136.45, 96|
12:46:51 0, 79, N/A, 115.30, 96|1, 79, N/A, 130.64, 96|2, 77, N/A, 152.88, 96|3, 66, N/A, 135.74, 96|
12:46:53 0, 79, N/A, 110.93, 97|1, 79, N/A, 133.52, 97|2, 77, N/A, 162.45, 96|3, 66, N/A, 136.70, 96|
12:46:55 0, 79, N/A, 108.46, 96|1, 79, N/A, 128.70, 96|2, 76, N/A, 150.57, 96|3, 66, N/A, 136.28, 96|
12:46:57 0, 79, N/A, 109.04, 95|1, 79, N/A, 138.31, 96|2, 77, N/A, 155.16, 95|3, 66, N/A, 137.19, 95|
12:46:59 0, 79, N/A, 108.64, 97|1, 79, N/A, 136.06, 96|2, 77, N/A, 152.74, 97|3, 66, N/A, 137.03, 96|
12:47:02 0, 79, N/A, 108.45, 97|1, 79, N/A, 131.98, 97|2, 77, N/A, 150.98, 96|3, 66, N/A, 137.24, 96|
12:47:04 0, 79, N/A, 109.91, 96|1, 79, N/A, 141.28, 96|2, 77, N/A, 154.50, 96|3, 66, N/A, 136.04, 96|
12:47:06 0, 79, N/A, 110.90, 96|1, 79, N/A, 147.67, 96|2, 77, N/A, 153.69, 96|3, 66, N/A, 136.38, 96|
12:47:08 0, 79, N/A, 108.33, 97|1, 79, N/A, 137.68, 97|2, 77, N/A, 152.54, 96|3, 66, N/A, 137.88, 96|
12:47:10 0, 79, N/A, 111.05, 96|1, 79, N/A, 138.28, 96|2, 77, N/A, 152.98, 96|3, 67, N/A, 137.39, 96|
12:47:12 0, 79, N/A, 108.93, 96|1, 79, N/A, 144.60, 96|2, 77, N/A, 152.24, 96|3, 67, N/A, 137.36, 96|
12:47:14 0, 79, N/A, 108.94, 97|1, 79, N/A, 138.14, 96|2, 77, N/A, 161.75, 95|3, 67, N/A, 136.67, 95|
12:47:16 0, 79, N/A, 108.74, 97|1, 79, N/A, 139.01, 96|2, 77, N/A, 154.13, 96|3, 67, N/A, 140.28, 95|
12:47:18 0, 79, N/A, 109.27, 97|1, 79, N/A, 145.08, 96|2, 77, N/A, 153.38, 96|3, 67, N/A, 137.42, 96|
12:47:21 0, 79, N/A, 65.50, 98|1, 78, N/A, 65.52, 98|2, 75, N/A, 72.64, 98|3, 65, N/A, 54.48, 98|
12:47:23 0, 79, N/A, 115.12, 96|1, 79, N/A, 147.17, 96|2, 77, N/A, 154.65, 96|3, 66, N/A, 140.54, 96|
12:47:25 0, 79, N/A, 117.61, 97|1, 79, N/A, 147.25, 96|2, 77, N/A, 157.29, 96|3, 67, N/A, 141.96, 96|
12:47:27 0, 79, N/A, 120.13, 96|1, 79, N/A, 146.32, 96|2, 77, N/A, 154.10, 96|3, 67, N/A, 138.60, 96|
12:47:29 0, 79, N/A, 114.88, 97|1, 79, N/A, 146.28, 96|2, 77, N/A, 155.02, 96|3, 67, N/A, 140.21, 96|
12:47:31 0, 79, N/A, 114.33, 97|1, 79, N/A, 146.71, 97|2, 77, N/A, 155.53, 96|3, 67, N/A, 145.27, 95|
12:47:33 0, 79, N/A, 118.07, 96|1, 79, N/A, 150.59, 97|2, 77, N/A, 159.13, 96|3, 67, N/A, 139.34, 96|
12:47:35 0, 79, N/A, 117.14, 97|1, 79, N/A, 146.46, 96|2, 77, N/A, 155.29, 96|3, 67, N/A, 140.54, 96|
12:47:37 0, 79, N/A, 51.25, 97|1, 79, N/A, 81.14, 79|2, 76, N/A, 102.68, 96|3, 67, N/A, 116.23, 95|
12:47:39 0, 79, N/A, 95.95, 97|1, 79, N/A, 142.06, 96|2, 77, N/A, 150.41, 96|3, 67, N/A, 140.26, 96|
12:47:41 0, 79, N/A, 101.48, 97|1, 79, N/A, 142.26, 96|2, 77, N/A, 151.93, 96|3, 67, N/A, 138.35, 96|
12:47:44 0, 79, N/A, 102.68, 96|1, 79, N/A, 145.13, 95|2, 77, N/A, 151.11, 96|3, 67, N/A, 142.04, 96|
12:47:46 0, 79, N/A, 108.21, 97|1, 79, N/A, 146.13, 96|2, 77, N/A, 150.98, 97|3, 67, N/A, 144.06, 96|
12:47:48 0, 79, N/A, 108.86, 97|1, 79, N/A, 152.89, 97|2, 76, N/A, 152.26, 96|3, 66, N/A, 137.66, 96|
12:47:50 0, 79, N/A, 110.07, 96|1, 79, N/A, 134.30, 97|2, 77, N/A, 154.20, 96|3, 66, N/A, 137.51, 95|
12:47:52 0, 79, N/A, 110.50, 97|1, 79, N/A, 134.27, 96|2, 77, N/A, 161.64, 96|3, 67, N/A, 136.31, 96|
12:47:54 0, 79, N/A, 108.75, 97|1, 79, N/A, 127.65, 97|2, 77, N/A, 150.86, 96|3, 67, N/A, 138.15, 96|
12:47:56 0, 79, N/A, 114.28, 97|1, 79, N/A, 131.72, 96|2, 77, N/A, 156.98, 97|3, 67, N/A, 139.34, 95|
12:47:58 0, 79, N/A, 115.52, 97|1, 79, N/A, 133.60, 96|2, 77, N/A, 157.12, 96|3, 67, N/A, 146.55, 96|
12:48:00 0, 79, N/A, 114.70, 97|1, 79, N/A, 129.35, 96|2, 77, N/A, 154.41, 96|3, 67, N/A, 138.62, 96|
12:48:03 0, 79, N/A, 111.72, 96|1, 79, N/A, 129.03, 96|2, 77, N/A, 153.21, 96|3, 67, N/A, 138.47, 96|
12:48:05 0, 79, N/A, 110.74, 96|1, 79, N/A, 131.43, 97|2, 77, N/A, 156.57, 96|3, 67, N/A, 141.84, 96|
12:48:07 0, 79, N/A, 120.33, 96|1, 79, N/A, 151.15, 97|2, 76, N/A, 154.40, 96|3, 66, N/A, 139.25, 96|
12:48:09 0, 79, N/A, 110.49, 97|1, 79, N/A, 130.84, 96|2, 77, N/A, 152.39, 96|3, 67, N/A, 139.02, 96|
12:48:11 0, 79, N/A, 108.64, 96|1, 79, N/A, 115.47, 96|2, 76, N/A, 153.48, 96|3, 66, N/A, 137.66, 95|
12:48:13 0, 79, N/A, 114.57, 97|1, 79, N/A, 120.05, 97|2, 77, N/A, 150.88, 96|3, 67, N/A, 137.03, 96|
12:48:15 0, 79, N/A, 108.76, 96|1, 78, N/A, 113.95, 97|2, 77, N/A, 150.89, 95|3, 67, N/A, 137.27, 95|
12:48:17 0, 79, N/A, 107.87, 96|1, 79, N/A, 122.14, 97|2, 77, N/A, 151.38, 95|3, 67, N/A, 137.42, 95|
12:48:19 0, 79, N/A, 109.73, 97|1, 79, N/A, 130.30, 97|2, 77, N/A, 151.11, 96|3, 67, N/A, 138.21, 96|
12:48:21 0, 79, N/A, 108.62, 97|1, 79, N/A, 128.21, 96|2, 77, N/A, 151.96, 96|3, 67, N/A, 137.67, 96|
12:48:24 0, 79, N/A, 110.15, 96|1, 79, N/A, 133.33, 96|2, 76, N/A, 151.41, 96|3, 67, N/A, 139.02, 96|
12:48:26 0, 79, N/A, 108.14, 96|1, 79, N/A, 137.83, 97|2, 77, N/A, 151.33, 96|3, 67, N/A, 138.38, 96|
12:48:28 0, 79, N/A, 107.81, 96|1, 79, N/A, 138.07, 96|2, 77, N/A, 154.71, 96|3, 67, N/A, 138.86, 96|
12:48:30 0, 79, N/A, 110.57, 97|1, 79, N/A, 147.72, 97|2, 77, N/A, 151.62, 96|3, 67, N/A, 135.97, 95|
12:48:32 0, 79, N/A, 109.43, 96|1, 79, N/A, 135.82, 96|2, 77, N/A, 154.31, 96|3, 67, N/A, 136.94, 95|
12:48:34 0, 79, N/A, 111.69, 96|1, 79, N/A, 137.35, 96|2, 77, N/A, 154.55, 96|3, 67, N/A, 141.09, 96|
12:48:36 0, 79, N/A, 109.35, 96|1, 79, N/A, 134.78, 97|2, 77, N/A, 152.55, 96|3, 67, N/A, 137.24, 95|
12:48:38 0, 79, N/A, 110.27, 96|1, 79, N/A, 137.09, 96|2, 77, N/A, 153.59, 96|3, 67, N/A, 140.13, 96|
12:48:40 0, 79, N/A, 106.72, 96|1, 79, N/A, 136.48, 96|2, 77, N/A, 152.36, 96|3, 67, N/A, 137.18, 96|
12:48:43 0, 79, N/A, 107.90, 72|1, 79, N/A, 141.92, 72|2, 77, N/A, 154.37, 71|3, 67, N/A, 137.18, 71|
12:48:45 0, 79, N/A, 109.76, 96|1, 79, N/A, 144.30, 96|2, 77, N/A, 152.34, 96|3, 67, N/A, 139.68, 95|
12:48:47 0, 79, N/A, 107.14, 97|1, 80, N/A, 142.88, 97|2, 77, N/A, 150.72, 96|3, 67, N/A, 137.34, 96|
12:48:49 0, 79, N/A, 108.65, 97|1, 79, N/A, 130.61, 97|2, 77, N/A, 152.46, 96|3, 67, N/A, 139.58, 96|
12:48:51 0, 79, N/A, 109.67, 97|1, 79, N/A, 130.37, 97|2, 77, N/A, 156.21, 97|3, 67, N/A, 137.75, 96|
12:48:53 0, 77, N/A, 54.49, 0|1, 76, N/A, 58.60, 0|2, 73, N/A, 65.52, 0|3, 63, N/A, 49.19, 0|
