12:48:55 0, 76, N/A, 38.77, 0|1, 75, N/A, 41.68, 0|2, 71, N/A, 43.44, 0|3, 62, N/A, 32.47, 0|
12:48:57 0, 76, N/A, 46.97, 0|1, 74, N/A, 50.14, 0|2, 70, N/A, 42.92, 0|3, 61, N/A, 31.96, 0|
12:48:59 0, 75, N/A, 46.76, 0|1, 74, N/A, 50.63, 40|2, 69, N/A, 41.97, 0|3, 60, N/A, 31.96, 0|
12:49:02 0, 75, N/A, 46.30, 2|1, 73, N/A, 49.48, 2|2, 69, N/A, 41.75, 0|3, 60, N/A, 31.74, 0|
12:49:04 0, 75, N/A, 46.37, 0|1, 73, N/A, 55.62, 0|2, 68, N/A, 41.54, 0|3, 59, N/A, 31.78, 0|
12:49:06 0, 74, N/A, 88.65, 0|1, 73, N/A, 55.46, 0|2, 68, N/A, 41.45, 0|3, 59, N/A, 31.72, 0|
12:49:08 0, 77, N/A, 62.10, 47|1, 76, N/A, 175.46, 53|2, 68, N/A, 41.10, 0|3, 59, N/A, 31.64, 0|
12:49:10 0, 78, N/A, 173.12, 45|1, 77, N/A, 81.68, 54|2, 68, N/A, 41.13, 0|3, 59, N/A, 31.64, 0|
12:49:12 0, 78, N/A, 187.51, 45|1, 77, N/A, 108.88, 53|2, 68, N/A, 40.86, 0|3, 59, N/A, 31.39, 0|
12:49:14 0, 79, N/A, 74.69, 47|1, 78, N/A, 196.83, 53|2, 68, N/A, 40.86, 0|3, 59, N/A, 31.39, 0|
12:49:16 0, 79, N/A, 110.08, 47|1, 78, N/A, 135.03, 54|2, 68, N/A, 40.86, 0|3, 59, N/A, 31.39, 0|
12:49:18 0, 78, N/A, 118.08, 50|1, 78, N/A, 96.72, 49|2, 68, N/A, 40.91, 0|3, 59, N/A, 31.41, 0|
12:49:20 0, 79, N/A, 58.47, 47|1, 78, N/A, 196.44, 53|2, 68, N/A, 40.86, 0|3, 59, N/A, 31.39, 0|
12:49:22 0, 79, N/A, 144.36, 47|1, 78, N/A, 80.71, 52|2, 67, N/A, 40.64, 0|3, 59, N/A, 31.39, 0|
12:49:24 0, 79, N/A, 150.39, 45|1, 77, N/A, 167.00, 53|2, 67, N/A, 40.61, 0|3, 59, N/A, 31.37, 0|
12:49:27 0, 79, N/A, 74.92, 47|1, 77, N/A, 192.74, 49|2, 67, N/A, 40.37, 0|3, 59, N/A, 31.38, 0|
12:49:29 0, 79, N/A, 67.68, 45|1, 77, N/A, 196.59, 53|2, 67, N/A, 40.37, 0|3, 59, N/A, 31.39, 0|
12:49:31 0, 79, N/A, 153.94, 47|1, 77, N/A, 80.22, 53|2, 67, N/A, 40.38, 0|3, 59, N/A, 31.39, 0|
12:49:33 0, 79, N/A, 99.30, 47|1, 77, N/A, 167.75, 53|2, 67, N/A, 40.38, 0|3, 59, N/A, 31.39, 0|
12:49:35 0, 79, N/A, 75.61, 46|1, 77, N/A, 199.94, 53|2, 67, N/A, 40.13, 0|3, 59, N/A, 31.39, 0|
12:49:37 0, 79, N/A, 153.45, 46|1, 78, N/A, 90.36, 53|2, 67, N/A, 40.13, 0|3, 59, N/A, 31.39, 0|
12:49:39 0, 78, N/A, 147.12, 47|1, 77, N/A, 104.30, 49|2, 67, N/A, 40.15, 0|3, 59, N/A, 31.39, 0|
12:49:41 0, 78, N/A, 110.38, 48|1, 77, N/A, 106.05, 53|2, 67, N/A, 40.15, 0|3, 59, N/A, 31.41, 0|
12:49:43 0, 79, N/A, 170.47, 45|1, 77, N/A, 70.53, 53|2, 67, N/A, 40.13, 0|3, 59, N/A, 31.37, 0|
12:49:46 0, 79, N/A, 88.64, 46|1, 76, N/A, 179.11, 52|2, 67, N/A, 39.88, 0|3, 59, N/A, 31.37, 0|
12:49:48 0, 79, N/A, 67.89, 47|1, 76, N/A, 200.06, 54|2, 66, N/A, 39.88, 0|3, 59, N/A, 31.15, 0|
12:49:50 0, 79, N/A, 104.99, 45|1, 76, N/A, 135.01, 53|2, 66, N/A, 39.88, 0|3, 59, N/A, 31.39, 0|
12:49:52 0, 79, N/A, 192.59, 45|1, 75, N/A, 103.31, 53|2, 66, N/A, 39.88, 0|3, 59, N/A, 31.39, 0|
12:49:54 0, 79, N/A, 64.01, 46|1, 76, N/A, 184.77, 54|2, 66, N/A, 39.67, 0|3, 59, N/A, 31.39, 0|
12:49:56 0, 79, N/A, 153.53, 47|1, 76, N/A, 92.54, 53|2, 66, N/A, 39.89, 0|3, 59, N/A, 31.39, 0|
12:49:58 0, 79, N/A, 175.91, 46|1, 76, N/A, 73.91, 53|2, 66, N/A, 39.65, 0|3, 59, N/A, 31.37, 0|
12:50:00 0, 79, N/A, 107.16, 46|1, 75, N/A, 159.63, 53|2, 66, N/A, 39.64, 0|3, 58, N/A, 31.37, 0|
12:50:02 0, 79, N/A, 76.08, 47|1, 75, N/A, 193.78, 53|2, 66, N/A, 39.64, 0|3, 59, N/A, 31.37, 0|
12:50:04 0, 78, N/A, 63.77, 45|1, 74, N/A, 185.00, 54|2, 66, N/A, 39.65, 0|3, 58, N/A, 31.15, 0|
12:50:06 0, 79, N/A, 154.63, 45|1, 74, N/A, 98.28, 54|2, 66, N/A, 39.65, 0|3, 58, N/A, 31.13, 0|
12:50:08 0, 79, N/A, 188.63, 47|1, 74, N/A, 71.05, 52|2, 66, N/A, 39.40, 0|3, 58, N/A, 31.38, 0|
12:50:11 0, 79, N/A, 56.07, 46|1, 74, N/A, 199.46, 53|2, 65, N/A, 39.18, 0|3, 58, N/A, 31.17, 0|
12:50:13 0, 79, N/A, 86.95, 47|1, 74, N/A, 176.93, 53|2, 66, N/A, 39.40, 0|3, 58, N/A, 31.37, 0|
12:50:15 0, 79, N/A, 77.54, 47|1, 73, N/A, 189.83, 54|2, 65, N/A, 39.40, 0|3, 58, N/A, 31.13, 0|
12:50:17 0, 79, N/A, 66.42, 45|1, 73, N/A, 197.31, 54|2, 65, N/A, 39.15, 0|3, 58, N/A, 31.13, 0|
12:50:19 0, 79, N/A, 178.08, 45|1, 73, N/A, 77.79, 53|2, 65, N/A, 39.15, 0|3, 58, N/A, 31.13, 0|
12:50:21 0, 79, N/A, 195.96, 46|1, 73, N/A, 76.54, 53|2, 65, N/A, 39.18, 0|3, 58, N/A, 31.15, 0|
12:50:23 0, 79, N/A, 105.04, 46|1, 72, N/A, 169.52, 54|2, 65, N/A, 39.15, 0|3, 58, N/A, 31.15, 0|
12:50:25 0, 79, N/A, 84.33, 45|1, 72, N/A, 188.16, 54|2, 65, N/A, 38.92, 0|3, 58, N/A, 31.15, 0|
12:50:27 0, 79, N/A, 65.50, 46|1, 73, N/A, 196.70, 53|2, 65, N/A, 38.94, 0|3, 58, N/A, 31.15, 0|
12:50:29 0, 78, N/A, 56.99, 0|1, 71, N/A, 56.27, 0|2, 65, N/A, 39.07, 0|3, 58, N/A, 31.01, 0|
12:50:31 0, 80, N/A, 143.64, 100|1, 69, N/A, 54.42, 0|2, 65, N/A, 38.96, 0|3, 58, N/A, 31.19, 0|
12:50:34 0, 79, N/A, 142.70, 100|1, 71, N/A, 57.13, 28|2, 65, N/A, 38.74, 0|3, 58, N/A, 31.21, 0|
12:50:36 0, 79, N/A, 132.41, 100|1, 73, N/A, 160.96, 100|2, 65, N/A, 38.64, 0|3, 58, N/A, 31.09, 0|
12:50:38 0, 78, N/A, 153.11, 15|1, 73, N/A, 184.29, 100|2, 65, N/A, 38.62, 0|3, 58, N/A, 31.09, 0|
12:50:40 0, 78, N/A, 53.88, 0|1, 72, N/A, 177.89, 73|2, 65, N/A, 38.70, 0|3, 58, N/A, 31.17, 0|
12:50:42 0, 79, N/A, 158.61, 100|1, 70, N/A, 55.39, 0|2, 64, N/A, 38.72, 0|3, 58, N/A, 30.93, 0|
12:50:44 0, 80, N/A, 167.92, 100|1, 72, N/A, 60.45, 79|2, 64, N/A, 38.72, 0|3, 58, N/A, 31.17, 0|
12:50:46 0, 79, N/A, 137.38, 100|1, 72, N/A, 183.43, 100|2, 64, N/A, 38.64, 0|3, 58, N/A, 31.11, 0|
12:50:48 0, 77, N/A, 155.06, 0|1, 71, N/A, 164.60, 100|2, 64, N/A, 38.62, 0|3, 58, N/A, 31.09, 0|
12:50:50 0, 78, N/A, 49.34, 3|1, 70, N/A, 167.24, 31|2, 64, N/A, 38.45, 0|3, 58, N/A, 31.17, 0|
12:50:52 0, 79, N/A, 162.73, 100|1, 69, N/A, 54.42, 0|2, 64, N/A, 38.48, 0|3, 58, N/A, 31.19, 0|
12:50:55 0, 79, N/A, 138.46, 100|1, 72, N/A, 157.83, 100|2, 64, N/A, 38.40, 0|3, 58, N/A, 31.11, 0|
12:50:57 0, 79, N/A, 157.96, 100|1, 72, N/A, 171.12, 100|2, 64, N/A, 38.40, 0|3, 58, N/A, 31.11, 0|
12:50:59 0, 78, N/A, 53.19, 0|1, 71, N/A, 184.05, 100|2, 64, N/A, 38.45, 0|3, 58, N/A, 31.17, 0|
12:51:01 0, 79, N/A, 147.44, 100|1, 69, N/A, 54.42, 0|2, 64, N/A, 38.48, 0|3, 58, N/A, 31.19, 0|
12:51:03 0, 80, N/A, 138.49, 100|1, 72, N/A, 68.96, 86|2, 64, N/A, 38.48, 0|3, 58, N/A, 31.19, 0|
12:51:05 0, 79, N/A, 157.86, 100|1, 71, N/A, 166.68, 100|2, 64, N/A, 38.35, 0|3, 58, N/A, 31.09, 0|
12:51:07 0, 77, N/A, 48.06, 0|1, 70, N/A, 198.74, 100|2, 64, N/A, 38.21, 0|3, 58, N/A, 31.15, 0|
12:51:09 0, 79, N/A, 156.92, 100|1, 68, N/A, 53.69, 0|2, 64, N/A, 38.26, 0|3, 58, N/A, 30.94, 0|
12:51:11 0, 79, N/A, 155.72, 100|1, 70, N/A, 56.60, 75|2, 64, N/A, 38.23, 0|3, 58, N/A, 30.93, 0|
12:51:13 0, 79, N/A, 162.40, 100|1, 70, N/A, 193.74, 100|2, 64, N/A, 38.11, 0|3, 58, N/A, 31.07, 0|
12:51:16 0, 77, N/A, 48.55, 0|1, 69, N/A, 207.76, 100|2, 64, N/A, 38.43, 0|3, 58, N/A, 30.91, 0|
12:51:18 0, 79, N/A, 157.24, 100|1, 67, N/A, 52.93, 0|2, 64, N/A, 38.48, 0|3, 58, N/A, 30.93, 0|
12:51:20 0, 79, N/A, 162.62, 100|1, 70, N/A, 64.50, 100|2, 64, N/A, 38.43, 0|3, 58, N/A, 31.15, 0|
12:51:22 0, 78, N/A, 141.11, 100|1, 70, N/A, 161.50, 100|2, 63, N/A, 38.38, 0|3, 58, N/A, 31.09, 0|
12:51:24 0, 77, N/A, 54.44, 0|1, 68, N/A, 161.28, 100|2, 63, N/A, 38.48, 0|3, 58, N/A, 30.93, 0|
12:51:26 0, 79, N/A, 144.38, 100|1, 66, N/A, 52.75, 0|2, 63, N/A, 38.50, 0|3, 58, N/A, 31.19, 0|
12:51:28 0, 79, N/A, 161.46, 100|1, 69, N/A, 201.84, 100|2, 63, N/A, 38.38, 0|3, 58, N/A, 31.11, 0|
12:51:30 0, 78, N/A, 154.11, 87|1, 69, N/A, 169.60, 100|2, 63, N/A, 38.40, 0|3, 58, N/A, 31.11, 0|
12:51:32 0, 78, N/A, 50.28, 13|1, 68, N/A, 193.46, 87|2, 63, N/A, 38.23, 0|3, 58, N/A, 31.17, 0|
12:51:34 0, 79, N/A, 121.37, 100|1, 67, N/A, 53.76, 0|2, 63, N/A, 38.26, 0|3, 58, N/A, 30.95, 0|
12:51:37 0, 79, N/A, 154.66, 100|1, 70, N/A, 158.58, 100|2, 63, N/A, 38.18, 0|3, 58, N/A, 31.13, 0|
12:51:39 0, 77, N/A, 48.09, 0|1, 70, N/A, 199.73, 100|2, 63, N/A, 38.23, 0|3, 58, N/A, 30.93, 0|
12:51:41 0, 79, N/A, 140.28, 100|1, 67, N/A, 53.00, 0|2, 63, N/A, 38.26, 0|3, 58, N/A, 30.95, 0|
12:51:43 0, 79, N/A, 122.37, 100|1, 71, N/A, 189.48, 100|2, 63, N/A, 38.16, 0|3, 58, N/A, 30.87, 0|
12:51:45 0, 78, N/A, 132.52, 62|1, 70, N/A, 161.34, 100|2, 63, N/A, 38.16, 0|3, 58, N/A, 30.87, 0|
12:51:47 0, 79, N/A, 56.88, 100|1, 68, N/A, 150.60, 0|2, 63, N/A, 38.24, 0|3, 58, N/A, 30.93, 0|
12:51:49 0, 79, N/A, 92.51, 100|1, 70, N/A, 55.95, 35|2, 63, N/A, 38.28, 0|3, 58, N/A, 30.97, 0|
12:51:51 0, 78, N/A, 136.42, 58|1, 70, N/A, 192.93, 100|2, 63, N/A, 38.13, 0|3, 58, N/A, 31.09, 0|
12:51:53 0, 78, N/A, 53.43, 44|1, 68, N/A, 182.98, 46|2, 63, N/A, 37.96, 0|3, 58, N/A, 31.15, 0|
12:51:55 0, 78, N/A, 157.90, 86|1, 68, N/A, 53.93, 3|2, 63, N/A, 37.99, 0|3, 58, N/A, 31.17, 0|
12:51:57 0, 78, N/A, 53.24, 51|1, 67, N/A, 158.32, 39|2, 63, N/A, 37.99, 0|3, 58, N/A, 31.17, 0|
12:52:00 0, 77, N/A, 54.86, 15|1, 70, N/A, 210.77, 79|2, 63, N/A, 37.96, 0|3, 58, N/A, 30.91, 0|
12:52:02 0, 78, N/A, 96.58, 49|1, 69, N/A, 134.63, 50|2, 63, N/A, 37.97, 0|3, 58, N/A, 31.15, 0|
12:52:04 0, 79, N/A, 194.76, 42|1, 69, N/A, 60.65, 57|2, 63, N/A, 37.96, 0|3, 58, N/A, 31.17, 0|
12:52:06 0, 79, N/A, 112.39, 42|1, 69, N/A, 148.08, 55|2, 63, N/A, 37.99, 0|3, 58, N/A, 31.17, 0|
12:52:08 0, 79, N/A, 62.39, 50|1, 69, N/A, 194.53, 57|2, 62, N/A, 37.97, 0|3, 58, N/A, 31.17, 0|
12:52:10 0, 79, N/A, 122.60, 50|1, 70, N/A, 112.52, 49|2, 62, N/A, 37.99, 0|3, 58, N/A, 31.17, 0|
12:52:12 0, 79, N/A, 180.65, 43|1, 70, N/A, 66.48, 53|2, 62, N/A, 37.96, 0|3, 58, N/A, 30.91, 0|
12:52:14 0, 79, N/A, 73.46, 43|1, 70, N/A, 184.50, 57|2, 62, N/A, 37.94, 0|3, 58, N/A, 30.91, 0|
12:52:16 0, 79, N/A, 79.24, 50|1, 70, N/A, 130.76, 50|2, 62, N/A, 37.72, 0|3, 58, N/A, 31.15, 0|
12:52:18 0, 79, N/A, 178.24, 43|1, 69, N/A, 62.60, 49|2, 62, N/A, 37.96, 0|3, 58, N/A, 30.91, 0|
12:52:20 0, 79, N/A, 84.82, 47|1, 68, N/A, 174.07, 57|2, 62, N/A, 37.94, 0|3, 58, N/A, 31.15, 0|
12:52:23 0, 77, N/A, 106.09, 50|1, 68, N/A, 93.08, 41|2, 62, N/A, 37.99, 0|3, 58, N/A, 30.95, 0|
12:52:25 0, 78, N/A, 78.08, 47|1, 67, N/A, 169.92, 46|2, 62, N/A, 37.72, 0|3, 58, N/A, 31.15, 0|
12:52:27 0, 78, N/A, 65.99, 49|1, 68, N/A, 193.30, 57|2, 62, N/A, 37.72, 0|3, 58, N/A, 31.15, 0|
12:52:29 0, 78, N/A, 139.85, 46|1, 68, N/A, 93.26, 53|2, 62, N/A, 37.72, 0|3, 58, N/A, 30.91, 0|
12:52:31 0, 79, N/A, 196.68, 42|1, 68, N/A, 85.75, 50|2, 62, N/A, 37.72, 0|3, 58, N/A, 30.91, 0|
12:52:33 0, 79, N/A, 87.00, 50|1, 68, N/A, 176.43, 57|2, 62, N/A, 37.72, 0|3, 58, N/A, 31.15, 0|
12:52:35 0, 79, N/A, 64.29, 47|1, 68, N/A, 196.46, 54|2, 62, N/A, 37.72, 0|3, 58, N/A, 31.15, 0|
12:52:37 0, 79, N/A, 168.23, 42|1, 68, N/A, 80.71, 50|2, 62, N/A, 37.72, 0|3, 58, N/A, 31.15, 0|
12:52:39 0, 79, N/A, 172.66, 49|1, 69, N/A, 65.76, 54|2, 62, N/A, 37.74, 0|3, 58, N/A, 30.93, 0|
12:52:41 0, 79, N/A, 150.16, 50|1, 68, N/A, 123.26, 57|2, 62, N/A, 37.70, 0|3, 58, N/A, 30.91, 0|
12:52:43 0, 79, N/A, 65.50, 42|1, 69, N/A, 195.71, 50|2, 62, N/A, 37.72, 0|3, 58, N/A, 31.15, 0|
12:52:46 0, 79, N/A, 61.37, 45|1, 69, N/A, 197.53, 48|2, 62, N/A, 37.48, 0|3, 58, N/A, 30.91, 0|
12:52:48 0, 79, N/A, 114.85, 50|1, 68, N/A, 120.43, 51|2, 62, N/A, 37.70, 0|3, 57, N/A, 31.15, 0|
12:52:50 0, 79, N/A, 188.02, 45|1, 68, N/A, 65.22, 56|2, 62, N/A, 37.70, 0|3, 58, N/A, 30.90, 0|
12:52:52 0, 78, N/A, 156.67, 42|1, 67, N/A, 91.57, 56|2, 62, N/A, 37.72, 0|3, 58, N/A, 30.91, 0|
12:52:54 0, 79, N/A, 193.76, 42|1, 67, N/A, 61.60, 49|2, 62, N/A, 37.45, 0|3, 58, N/A, 30.90, 0|
12:52:56 0, 79, N/A, 138.16, 50|1, 67, N/A, 136.22, 55|2, 62, N/A, 37.70, 0|3, 58, N/A, 31.15, 0|
12:52:58 0, 79, N/A, 82.64, 47|1, 67, N/A, 178.82, 57|2, 62, N/A, 37.48, 0|3, 58, N/A, 30.91, 0|
12:53:00 0, 79, N/A, 65.26, 42|1, 67, N/A, 192.70, 49|2, 62, N/A, 37.48, 0|3, 58, N/A, 30.68, 0|
12:53:02 0, 78, N/A, 122.82, 50|1, 67, N/A, 113.17, 49|2, 62, N/A, 37.48, 0|3, 58, N/A, 30.91, 0|
12:53:04 0, 78, N/A, 181.73, 50|1, 67, N/A, 68.39, 57|2, 61, N/A, 37.48, 0|3, 58, N/A, 31.15, 0|
12:53:06 0, 79, N/A, 179.17, 42|1, 67, N/A, 102.66, 57|2, 61, N/A, 37.23, 0|3, 57, N/A, 31.15, 0|
12:53:08 0, 79, N/A, 84.58, 47|1, 67, N/A, 178.25, 49|2, 61, N/A, 37.48, 0|3, 57, N/A, 30.66, 0|
12:53:11 0, 79, N/A, 67.19, 50|1, 67, N/A, 191.52, 50|2, 61, N/A, 37.48, 0|3, 57, N/A, 30.66, 0|
12:53:13 0, 79, N/A, 59.92, 50|1, 67, N/A, 194.89, 57|2, 61, N/A, 37.48, 0|3, 58, N/A, 31.15, 0|
12:53:15 0, 78, N/A, 74.68, 42|1, 67, N/A, 147.66, 54|2, 61, N/A, 37.47, 0|3, 57, N/A, 30.91, 0|
12:53:17 0, 79, N/A, 153.43, 47|1, 67, N/A, 89.86, 49|2, 61, N/A, 37.23, 0|3, 57, N/A, 31.15, 0|
12:53:19 0, 79, N/A, 183.78, 49|1, 67, N/A, 66.44, 53|2, 61, N/A, 37.23, 0|3, 58, N/A, 31.15, 0|
12:53:21 0, 79, N/A, 197.17, 42|1, 66, N/A, 59.41, 57|2, 61, N/A, 36.99, 0|3, 58, N/A, 30.66, 0|
12:53:23 0, 79, N/A, 117.35, 42|1, 66, N/A, 152.58, 52|2, 61, N/A, 37.48, 0|3, 57, N/A, 30.66, 0|
12:53:25 0, 79, N/A, 79.28, 50|1, 67, N/A, 181.14, 49|2, 61, N/A, 36.99, 0|3, 57, N/A, 30.91, 0|
12:53:27 0, 79, N/A, 64.78, 50|1, 67, N/A, 194.53, 55|2, 61, N/A, 37.48, 0|3, 58, N/A, 30.68, 0|
12:53:29 0, 79, N/A, 115.11, 42|1, 67, N/A, 118.97, 57|2, 61, N/A, 36.99, 0|3, 58, N/A, 30.66, 0|
12:53:31 0, 79, N/A, 122.52, 100|1, 64, N/A, 49.62, 0|2, 61, N/A, 37.04, 0|3, 58, N/A, 30.95, 0|
12:53:33 0, 79, N/A, 130.73, 100|1, 67, N/A, 162.65, 100|2, 61, N/A, 37.21, 0|3, 57, N/A, 31.13, 0|
12:53:36 0, 78, N/A, 51.73, 72|1, 65, N/A, 187.16, 0|2, 61, N/A, 37.01, 0|3, 57, N/A, 30.66, 0|
12:53:38 0, 79, N/A, 152.59, 100|1, 66, N/A, 52.96, 38|2, 61, N/A, 37.01, 0|3, 57, N/A, 30.95, 0|
12:53:40 0, 79, N/A, 154.80, 100|1, 67, N/A, 199.41, 100|2, 61, N/A, 37.14, 0|3, 58, N/A, 30.83, 0|
12:53:42 0, 78, N/A, 54.41, 46|1, 66, N/A, 148.81, 100|2, 61, N/A, 37.01, 0|3, 57, N/A, 30.93, 0|
12:53:44 0, 79, N/A, 170.81, 100|1, 65, N/A, 51.74, 20|2, 61, N/A, 36.99, 0|3, 58, N/A, 30.91, 0|
12:53:46 0, 79, N/A, 147.53, 100|1, 67, N/A, 156.60, 100|2, 61, N/A, 36.94, 0|3, 58, N/A, 31.11, 0|
12:53:48 0, 77, N/A, 54.94, 0|1, 65, N/A, 163.72, 100|2, 61, N/A, 37.04, 0|3, 58, N/A, 30.95, 0|
12:53:50 0, 79, N/A, 111.99, 100|1, 64, N/A, 51.11, 0|2, 61, N/A, 37.09, 0|3, 58, N/A, 30.99, 0|
12:53:52 0, 79, N/A, 140.54, 100|1, 67, N/A, 183.29, 100|2, 61, N/A, 36.94, 0|3, 57, N/A, 31.11, 0|
12:53:54 0, 77, N/A, 48.58, 0|1, 66, N/A, 187.77, 100|2, 61, N/A, 37.01, 0|3, 57, N/A, 30.95, 0|
12:53:56 0, 79, N/A, 133.83, 100|1, 65, N/A, 51.08, 0|2, 61, N/A, 37.06, 0|3, 58, N/A, 30.95, 0|
12:53:59 0, 79, N/A, 145.52, 100|1, 68, N/A, 189.20, 100|2, 61, N/A, 36.92, 0|3, 58, N/A, 31.09, 0|
12:54:01 0, 77, N/A, 48.37, 0|1, 67, N/A, 151.06, 100|2, 61, N/A, 36.77, 0|3, 57, N/A, 30.70, 0|
12:54:03 0, 79, N/A, 122.75, 100|1, 65, N/A, 51.05, 0|2, 61, N/A, 36.80, 0|3, 57, N/A, 30.95, 0|
12:54:05 0, 79, N/A, 147.19, 100|1, 67, N/A, 178.98, 100|2, 61, N/A, 36.65, 0|3, 57, N/A, 31.09, 0|
12:54:07 0, 77, N/A, 53.16, 0|1, 66, N/A, 192.85, 100|2, 60, N/A, 36.75, 0|3, 57, N/A, 30.93, 0|
12:54:09 0, 79, N/A, 138.98, 100|1, 64, N/A, 50.80, 0|2, 60, N/A, 36.78, 0|3, 57, N/A, 30.93, 0|
12:54:11 0, 79, N/A, 163.14, 100|1, 66, N/A, 184.63, 100|2, 60, N/A, 36.67, 0|3, 57, N/A, 30.85, 0|
12:54:13 0, 77, N/A, 48.34, 0|1, 66, N/A, 194.66, 100|2, 61, N/A, 36.77, 0|3, 58, N/A, 30.94, 0|
12:54:15 0, 79, N/A, 122.85, 100|1, 64, N/A, 50.84, 0|2, 60, N/A, 36.80, 0|3, 57, N/A, 30.97, 0|
12:54:17 0, 79, N/A, 133.47, 100|1, 67, N/A, 165.70, 100|2, 60, N/A, 36.70, 0|3, 57, N/A, 30.87, 0|
12:54:19 0, 78, N/A, 52.46, 0|1, 66, N/A, 187.44, 100|2, 60, N/A, 36.77, 0|3, 57, N/A, 30.93, 0|
12:54:22 0, 79, N/A, 109.57, 100|1, 65, N/A, 51.81, 0|2, 60, N/A, 36.58, 0|3, 58, N/A, 30.72, 0|
12:54:24 0, 78, N/A, 137.98, 61|1, 67, N/A, 204.24, 100|2, 60, N/A, 36.68, 0|3, 58, N/A, 31.13, 0|
12:54:26 0, 79, N/A, 141.50, 100|1, 63, N/A, 50.11, 0|2, 60, N/A, 36.80, 0|3, 57, N/A, 30.97, 0|
12:54:28 0, 80, N/A, 130.08, 100|1, 67, N/A, 170.91, 100|2, 60, N/A, 36.68, 0|3, 57, N/A, 31.11, 0|
12:54:30 0, 77, N/A, 58.27, 0|1, 66, N/A, 172.56, 100|2, 60, N/A, 36.72, 0|3, 58, N/A, 31.13, 0|
12:54:32 0, 79, N/A, 125.91, 100|1, 64, N/A, 50.60, 0|2, 60, N/A, 36.58, 0|3, 57, N/A, 30.74, 0|
12:54:34 0, 79, N/A, 140.31, 100|1, 67, N/A, 163.77, 100|2, 60, N/A, 36.70, 0|3, 58, N/A, 31.11, 0|
12:54:36 0, 77, N/A, 48.06, 0|1, 67, N/A, 186.70, 100|2, 60, N/A, 36.50, 0|3, 58, N/A, 30.91, 0|
12:54:38 0, 80, N/A, 150.10, 100|1, 65, N/A, 51.29, 0|2, 60, N/A, 36.55, 0|3, 57, N/A, 30.95, 0|
12:54:40 0, 78, N/A, 134.03, 100|1, 67, N/A, 184.39, 100|2, 60, N/A, 36.65, 0|3, 58, N/A, 31.07, 0|
12:54:42 0, 79, N/A, 53.68, 91|1, 64, N/A, 179.46, 19|2, 60, N/A, 36.75, 0|3, 58, N/A, 30.92, 0|
12:54:45 0, 79, N/A, 126.44, 100|1, 67, N/A, 189.80, 100|2, 60, N/A, 36.43, 0|3, 58, N/A, 30.85, 0|
12:54:47 0, 77, N/A, 130.00, 0|1, 66, N/A, 181.86, 100|2, 60, N/A, 36.43, 0|3, 58, N/A, 31.09, 0|
12:54:49 0, 79, N/A, 149.79, 100|1, 63, N/A, 50.32, 0|2, 60, N/A, 36.55, 0|3, 57, N/A, 30.97, 0|
12:54:51 0, 79, N/A, 150.18, 100|1, 66, N/A, 168.96, 100|2, 60, N/A, 36.41, 0|3, 58, N/A, 31.09, 0|
12:54:53 0, 77, N/A, 48.12, 0|1, 66, N/A, 168.68, 100|2, 60, N/A, 36.55, 0|3, 58, N/A, 30.70, 0|
12:54:55 0, 80, N/A, 134.39, 100|1, 64, N/A, 51.33, 0|2, 60, N/A, 36.58, 0|3, 58, N/A, 30.72, 0|
12:54:57 0, 79, N/A, 148.48, 100|1, 67, N/A, 189.57, 100|2, 60, N/A, 36.43, 0|3, 58, N/A, 31.09, 0|
12:54:59 0, 79, N/A, 51.98, 100|1, 63, N/A, 165.95, 0|2, 60, N/A, 36.53, 0|3, 58, N/A, 30.93, 0|
12:55:01 0, 79, N/A, 156.99, 100|1, 67, N/A, 167.99, 100|2, 60, N/A, 36.46, 0|3, 57, N/A, 30.87, 0|
12:55:03 0, 77, N/A, 47.64, 0|1, 67, N/A, 175.45, 100|2, 60, N/A, 36.28, 0|3, 58, N/A, 31.17, 0|
12:55:06 0, 79, N/A, 112.97, 100|1, 64, N/A, 50.84, 0|2, 60, N/A, 36.58, 0|3, 58, N/A, 30.72, 0|
12:55:08 0, 79, N/A, 147.93, 100|1, 67, N/A, 186.59, 100|2, 60, N/A, 36.43, 0|3, 58, N/A, 31.09, 0|
12:55:10 0, 78, N/A, 49.07, 30|1, 66, N/A, 187.06, 70|2, 60, N/A, 36.53, 0|3, 58, N/A, 30.93, 0|
12:55:12 0, 79, N/A, 148.63, 100|1, 68, N/A, 181.53, 100|2, 60, N/A, 36.43, 0|3, 58, N/A, 31.09, 0|
12:55:14 0, 77, N/A, 47.91, 0|1, 68, N/A, 159.94, 100|2, 60, N/A, 36.55, 0|3, 58, N/A, 30.94, 0|
12:55:16 0, 77, N/A, 47.88, 0|1, 68, N/A, 162.58, 100|2, 60, N/A, 36.53, 0|3, 58, N/A, 31.19, 0|
12:55:18 0, 79, N/A, 148.26, 100|1, 65, N/A, 50.60, 0|2, 60, N/A, 36.58, 0|3, 58, N/A, 30.72, 0|
12:55:20 0, 77, N/A, 47.88, 0|1, 67, N/A, 189.47, 100|2, 60, N/A, 36.53, 0|3, 58, N/A, 30.93, 0|
12:55:22 0, 77, N/A, 138.32, 52|1, 68, N/A, 90.89, 48|2, 60, N/A, 36.51, 0|3, 58, N/A, 31.17, 0|
12:55:24 0, 79, N/A, 157.16, 49|1, 67, N/A, 120.99, 50|2, 60, N/A, 36.51, 0|3, 58, N/A, 31.17, 0|
12:55:26 0, 79, N/A, 64.81, 51|1, 67, N/A, 189.85, 44|2, 60, N/A, 36.28, 0|3, 58, N/A, 31.17, 0|
12:55:29 0, 79, N/A, 126.23, 41|1, 68, N/A, 103.87, 61|2, 60, N/A, 36.53, 0|3, 58, N/A, 30.93, 0|
12:55:31 0, 79, N/A, 52.95, 53|1, 67, N/A, 184.26, 55|2, 60, N/A, 36.55, 0|3, 58, N/A, 30.95, 0|
12:55:33 0, 79, N/A, 93.97, 45|1, 68, N/A, 131.73, 62|2, 60, N/A, 36.51, 0|3, 58, N/A, 31.17, 0|
12:55:35 0, 78, N/A, 58.99, 50|1, 68, N/A, 186.11, 45|2, 60, N/A, 36.50, 0|3, 58, N/A, 30.91, 0|
12:55:37 0, 79, N/A, 60.65, 50|1, 68, N/A, 147.12, 61|2, 60, N/A, 36.26, 0|3, 58, N/A, 31.15, 0|
12:55:39 0, 79, N/A, 178.35, 38|1, 67, N/A, 59.45, 48|2, 60, N/A, 36.26, 0|3, 58, N/A, 31.15, 0|
12:55:41 0, 79, N/A, 82.45, 47|1, 67, N/A, 174.59, 61|2, 59, N/A, 36.26, 0|3, 58, N/A, 31.17, 0|
12:55:43 0, 78, N/A, 134.22, 44|1, 67, N/A, 62.92, 55|2, 60, N/A, 36.31, 0|3, 58, N/A, 30.70, 0|
12:55:45 0, 79, N/A, 182.45, 48|1, 67, N/A, 59.24, 46|2, 59, N/A, 36.28, 0|3, 58, N/A, 31.15, 0|
12:55:47 0, 79, N/A, 82.21, 51|1, 67, N/A, 173.77, 45|2, 59, N/A, 36.26, 0|3, 58, N/A, 31.17, 0|
12:55:49 0, 79, N/A, 126.23, 54|1, 67, N/A, 105.56, 56|2, 59, N/A, 36.28, 0|3, 58, N/A, 31.17, 0|
12:55:51 0, 78, N/A, 65.07, 60|1, 67, N/A, 173.65, 43|2, 59, N/A, 36.28, 0|3, 58, N/A, 30.93, 0|
12:55:54 0, 79, N/A, 92.10, 38|1, 67, N/A, 157.33, 42|2, 59, N/A, 36.28, 0|3, 58, N/A, 30.93, 0|
12:55:56 0, 79, N/A, 63.35, 54|1, 67, N/A, 191.89, 45|2, 59, N/A, 36.26, 0|3, 58, N/A, 30.91, 0|
12:55:58 0, 79, N/A, 186.04, 48|1, 67, N/A, 63.57, 57|2, 59, N/A, 36.26, 0|3, 58, N/A, 30.91, 0|
12:56:00 0, 79, N/A, 81.23, 48|1, 67, N/A, 173.79, 42|2, 59, N/A, 36.26, 0|3, 58, N/A, 31.17, 0|
12:56:02 0, 79, N/A, 78.81, 38|1, 67, N/A, 177.05, 44|2, 59, N/A, 36.26, 0|3, 58, N/A, 31.15, 0|
12:56:04 0, 79, N/A, 166.48, 54|1, 68, N/A, 60.17, 52|2, 59, N/A, 36.26, 0|3, 58, N/A, 31.15, 0|
12:56:06 0, 79, N/A, 59.67, 49|1, 67, N/A, 193.68, 60|2, 59, N/A, 36.26, 0|3, 58, N/A, 31.15, 0|
12:56:08 0, 79, N/A, 176.26, 38|1, 67, N/A, 67.90, 44|2, 59, N/A, 36.26, 0|3, 58, N/A, 30.91, 0|
12:56:10 0, 79, N/A, 74.19, 54|1, 67, N/A, 181.38, 46|2, 59, N/A, 36.26, 0|3, 58, N/A, 30.91, 0|
12:56:12 0, 79, N/A, 108.63, 47|1, 67, N/A, 119.70, 57|2, 59, N/A, 36.26, 0|3, 58, N/A, 30.91, 0|
12:56:15 0, 79, N/A, 195.96, 50|1, 66, N/A, 57.26, 51|2, 59, N/A, 36.26, 0|3, 58, N/A, 31.15, 0|
12:56:17 0, 79, N/A, 75.17, 54|1, 66, N/A, 180.52, 62|2, 59, N/A, 36.26, 0|3, 58, N/A, 30.92, 0|
12:56:19 0, 78, N/A, 114.92, 38|1, 66, N/A, 115.85, 45|2, 59, N/A, 36.26, 0|3, 58, N/A, 31.15, 0|
12:56:21 0, 79, N/A, 198.85, 52|1, 66, N/A, 56.32, 56|2, 59, N/A, 36.26, 0|3, 58, N/A, 31.15, 0|
12:56:23 0, 79, N/A, 76.86, 38|1, 65, N/A, 179.79, 45|2, 59, N/A, 36.26, 0|3, 58, N/A, 31.15, 0|
12:56:25 0, 79, N/A, 116.31, 54|1, 66, N/A, 113.48, 53|2, 59, N/A, 36.26, 0|3, 58, N/A, 31.15, 0|
12:56:27 0, 79, N/A, 186.43, 46|1, 66, N/A, 58.96, 50|2, 59, N/A, 36.02, 0|3, 58, N/A, 31.15, 0|
12:56:29 0, 79, N/A, 86.95, 52|1, 65, N/A, 170.88, 45|2, 59, N/A, 36.26, 0|3, 58, N/A, 31.15, 0|
12:56:31 0, 79, N/A, 61.86, 54|1, 66, N/A, 188.38, 61|2, 59, N/A, 36.26, 0|3, 58, N/A, 30.91, 0|
12:56:33 0, 79, N/A, 189.67, 42|1, 65, N/A, 61.14, 48|2, 59, N/A, 36.26, 0|3, 58, N/A, 30.91, 0|
12:56:35 0, 79, N/A, 95.43, 54|1, 65, N/A, 162.62, 61|2, 59, N/A, 36.26, 0|3, 58, N/A, 31.15, 0|
12:56:37 0, 79, N/A, 73.47, 38|1, 66, N/A, 147.04, 45|2, 59, N/A, 36.02, 0|3, 58, N/A, 31.15, 0|
12:56:40 0, 79, N/A, 192.67, 51|1, 65, N/A, 59.69, 52|2, 59, N/A, 36.02, 0|3, 58, N/A, 30.91, 0|
12:56:42 0, 79, N/A, 86.03, 38|1, 65, N/A, 171.35, 49|2, 59, N/A, 36.02, 0|3, 58, N/A, 31.15, 0|
12:56:44 0, 79, N/A, 83.12, 54|1, 65, N/A, 123.09, 45|2, 59, N/A, 36.02, 0|3, 58, N/A, 31.15, 0|
12:56:46 0, 79, N/A, 189.06, 49|1, 64, N/A, 60.90, 55|2, 59, N/A, 36.26, 0|3, 58, N/A, 31.15, 0|
12:56:48 0, 79, N/A, 107.48, 48|1, 64, N/A, 157.95, 45|2, 59, N/A, 36.02, 0|3, 58, N/A, 31.17, 0|
12:56:50 0, 78, N/A, 63.57, 54|1, 64, N/A, 193.06, 61|2, 59, N/A, 36.04, 0|3, 58, N/A, 31.17, 0|
12:56:52 0, 78, N/A, 179.32, 38|1, 65, N/A, 67.94, 45|2, 59, N/A, 36.02, 0|3, 58, N/A, 31.15, 0|
12:56:54 0, 78, N/A, 133.26, 47|1, 65, N/A, 66.53, 49|2, 59, N/A, 35.82, 0|3, 58, N/A, 31.19, 0|
12:56:56 0, 78, N/A, 58.26, 51|1, 65, N/A, 162.01, 56|2, 59, N/A, 36.04, 0|3, 58, N/A, 31.17, 0|
12:56:58 0, 79, N/A, 191.63, 38|1, 65, N/A, 57.54, 48|2, 59, N/A, 36.02, 0|3, 58, N/A, 31.15, 0|
12:57:00 0, 77, N/A, 56.79, 0|1, 63, N/A, 50.21, 0|2, 59, N/A, 35.89, 0|3, 58, N/A, 31.03, 0|
12:57:02 0, 79, N/A, 142.21, 100|1, 62, N/A, 49.14, 0|2, 59, N/A, 36.09, 0|3, 58, N/A, 30.97, 0|
12:57:05 0, 79, N/A, 159.05, 100|1, 66, N/A, 188.12, 100|2, 59, N/A, 35.97, 0|3, 58, N/A, 31.13, 0|
12:57:07 0, 79, N/A, 127.37, 100|1, 62, N/A, 49.38, 0|2, 59, N/A, 36.09, 0|3, 58, N/A, 31.23, 0|
12:57:09 0, 80, N/A, 132.36, 100|1, 67, N/A, 159.63, 100|2, 59, N/A, 36.00, 0|3, 58, N/A, 30.89, 0|
12:57:11 0, 77, N/A, 48.13, 0|1, 66, N/A, 194.41, 100|2, 59, N/A, 36.04, 0|3, 58, N/A, 31.17, 0|
12:57:13 0, 80, N/A, 131.74, 100|1, 64, N/A, 51.08, 0|2, 59, N/A, 35.84, 0|3, 58, N/A, 30.97, 0|
12:57:15 0, 79, N/A, 139.91, 100|1, 67, N/A, 157.45, 100|2, 59, N/A, 36.00, 0|3, 58, N/A, 31.11, 0|
12:57:17 0, 79, N/A, 118.47, 100|1, 63, N/A, 50.11, 0|2, 59, N/A, 36.09, 0|3, 58, N/A, 31.21, 0|
12:57:19 0, 80, N/A, 150.42, 100|1, 67, N/A, 166.07, 100|2, 59, N/A, 35.73, 0|3, 58, N/A, 31.13, 0|
12:57:21 0, 78, N/A, 48.37, 0|1, 66, N/A, 157.03, 100|2, 59, N/A, 36.06, 0|3, 58, N/A, 31.17, 0|
12:57:23 0, 80, N/A, 118.22, 100|1, 66, N/A, 53.27, 72|2, 59, N/A, 35.60, 0|3, 58, N/A, 31.19, 0|
12:57:26 0, 77, N/A, 155.14, 0|1, 66, N/A, 163.28, 100|2, 59, N/A, 35.97, 0|3, 58, N/A, 30.87, 0|
12:57:28 0, 79, N/A, 139.54, 100|1, 64, N/A, 50.32, 0|2, 59, N/A, 36.06, 0|3, 58, N/A, 31.19, 0|
12:57:30 0, 79, N/A, 150.41, 100|1, 67, N/A, 157.72, 100|2, 59, N/A, 35.97, 0|3, 58, N/A, 31.11, 0|
12:57:32 0, 79, N/A, 49.82, 58|1, 64, N/A, 160.46, 0|2, 59, N/A, 36.02, 0|3, 58, N/A, 31.15, 0|
12:57:34 0, 79, N/A, 132.17, 100|1, 66, N/A, 188.99, 100|2, 59, N/A, 35.97, 0|3, 58, N/A, 31.13, 0|
12:57:36 0, 77, N/A, 51.29, 0|1, 65, N/A, 167.59, 100|2, 59, N/A, 35.82, 0|3, 58, N/A, 31.19, 0|
12:57:38 0, 79, N/A, 136.26, 100|1, 64, N/A, 50.60, 0|2, 58, N/A, 35.82, 0|3, 58, N/A, 31.21, 0|
12:57:40 0, 79, N/A, 142.47, 100|1, 66, N/A, 167.14, 100|2, 59, N/A, 35.73, 0|3, 58, N/A, 31.11, 0|
12:57:42 0, 79, N/A, 128.41, 100|1, 63, N/A, 49.90, 0|2, 59, N/A, 35.87, 0|3, 58, N/A, 31.21, 0|
12:57:44 0, 79, N/A, 130.18, 100|1, 67, N/A, 156.49, 100|2, 59, N/A, 35.75, 0|3, 58, N/A, 30.87, 0|
12:57:47 0, 78, N/A, 48.86, 18|1, 66, N/A, 167.10, 100|2, 59, N/A, 35.82, 0|3, 58, N/A, 31.19, 0|
12:57:49 0, 79, N/A, 136.03, 100|1, 68, N/A, 191.28, 100|2, 59, N/A, 35.73, 0|3, 58, N/A, 31.11, 0|
12:57:51 0, 77, N/A, 48.13, 0|1, 67, N/A, 184.64, 100|2, 59, N/A, 36.04, 0|3, 58, N/A, 30.93, 0|
12:57:53 0, 79, N/A, 109.86, 100|1, 66, N/A, 52.06, 6|2, 59, N/A, 36.09, 0|3, 58, N/A, 30.97, 0|
12:57:55 0, 77, N/A, 52.74, 0|1, 68, N/A, 159.27, 100|2, 59, N/A, 35.55, 0|3, 58, N/A, 30.93, 0|
12:57:57 0, 80, N/A, 144.39, 100|1, 65, N/A, 51.32, 0|2, 58, N/A, 35.84, 0|3, 58, N/A, 30.97, 0|
12:57:59 0, 79, N/A, 137.56, 100|1, 67, N/A, 164.34, 100|2, 58, N/A, 35.75, 0|3, 58, N/A, 31.11, 0|
12:58:01 0, 79, N/A, 101.70, 100|1, 64, N/A, 50.64, 0|2, 58, N/A, 35.87, 0|3, 58, N/A, 30.99, 0|
12:58:03 0, 79, N/A, 142.66, 100|1, 68, N/A, 150.22, 100|2, 59, N/A, 35.75, 0|3, 58, N/A, 31.13, 0|
12:58:05 0, 79, N/A, 102.90, 100|1, 64, N/A, 50.88, 0|2, 58, N/A, 35.62, 0|3, 58, N/A, 30.99, 0|
12:58:07 0, 79, N/A, 156.36, 100|1, 68, N/A, 179.22, 100|2, 58, N/A, 35.97, 0|3, 58, N/A, 31.11, 0|
12:58:10 0, 79, N/A, 94.46, 100|1, 65, N/A, 51.36, 0|2, 58, N/A, 35.62, 0|3, 58, N/A, 30.99, 0|
12:58:12 0, 79, N/A, 153.15, 100|1, 69, N/A, 168.48, 100|2, 59, N/A, 35.71, 0|3, 58, N/A, 31.09, 0|
12:58:14 0, 79, N/A, 110.54, 100|1, 65, N/A, 51.08, 0|2, 58, N/A, 35.60, 0|3, 58, N/A, 30.99, 0|
12:58:16 0, 79, N/A, 158.30, 100|1, 69, N/A, 160.37, 100|2, 58, N/A, 35.75, 0|3, 58, N/A, 31.11, 0|
12:58:18 0, 78, N/A, 48.61, 0|1, 67, N/A, 189.96, 100|2, 58, N/A, 35.53, 0|3, 58, N/A, 31.15, 0|
12:58:20 0, 79, N/A, 165.45, 100|1, 69, N/A, 180.65, 100|2, 58, N/A, 35.68, 0|3, 58, N/A, 31.07, 0|
12:58:22 0, 77, N/A, 47.85, 0|1, 67, N/A, 173.25, 100|2, 58, N/A, 35.55, 0|3, 58, N/A, 30.91, 0|
12:58:24 0, 79, N/A, 142.36, 100|1, 66, N/A, 52.99, 0|2, 58, N/A, 35.82, 0|3, 58, N/A, 31.19, 0|
12:58:26 0, 77, N/A, 161.94, 5|1, 67, N/A, 178.74, 100|2, 58, N/A, 35.46, 0|3, 58, N/A, 31.09, 0|
12:58:28 0, 79, N/A, 142.12, 100|1, 64, N/A, 51.54, 0|2, 58, N/A, 35.60, 0|3, 58, N/A, 30.95, 0|
12:58:31 0, 79, N/A, 188.43, 100|1, 67, N/A, 191.49, 100|2, 58, N/A, 35.66, 0|3, 58, N/A, 31.05, 0|
12:58:33 0, 79, N/A, 137.45, 100|1, 63, N/A, 50.32, 0|2, 58, N/A, 35.58, 0|3, 58, N/A, 30.95, 0|
12:58:35 0, 80, N/A, 177.64, 100|1, 67, N/A, 185.15, 100|2, 58, N/A, 35.68, 0|3, 58, N/A, 31.09, 0|
12:58:37 0, 77, N/A, 48.58, 31|1, 65, N/A, 188.77, 100|2, 58, N/A, 35.55, 0|3, 58, N/A, 30.93, 0|
12:58:39 0, 80, N/A, 137.24, 100|1, 67, N/A, 181.89, 100|2, 58, N/A, 35.70, 0|3, 58, N/A, 31.09, 0|
12:58:41 0, 77, N/A, 51.25, 0|1, 66, N/A, 203.57, 100|2, 58, N/A, 35.78, 0|3, 58, N/A, 31.17, 0|
12:58:43 0, 79, N/A, 139.21, 100|1, 66, N/A, 52.26, 68|2, 58, N/A, 35.57, 0|3, 58, N/A, 30.95, 0|
12:58:45 0, 76, N/A, 62.52, 0|1, 67, N/A, 198.97, 100|2, 58, N/A, 35.51, 0|3, 58, N/A, 31.11, 0|
12:58:47 0, 79, N/A, 135.68, 100|1, 64, N/A, 50.81, 0|2, 58, N/A, 35.58, 0|3, 58, N/A, 31.19, 0|
12:58:49 0, 79, N/A, 194.21, 100|1, 66, N/A, 164.65, 100|2, 58, N/A, 35.46, 0|3, 58, N/A, 31.07, 0|
12:58:52 0, 79, N/A, 126.31, 100|1, 63, N/A, 50.11, 0|2, 58, N/A, 35.58, 0|3, 58, N/A, 30.95, 0|
12:58:54 0, 79, N/A, 192.80, 100|1, 66, N/A, 166.19, 100|2, 58, N/A, 35.44, 0|3, 58, N/A, 30.85, 0|
12:58:56 0, 78, N/A, 136.07, 100|1, 62, N/A, 49.38, 0|2, 58, N/A, 35.58, 0|3, 58, N/A, 31.19, 0|
12:58:58 0, 79, N/A, 127.03, 100|1, 66, N/A, 166.18, 100|2, 58, N/A, 35.51, 0|3, 58, N/A, 31.13, 0|
12:59:00 0, 77, N/A, 52.05, 0|1, 65, N/A, 153.01, 100|2, 58, N/A, 35.58, 0|3, 58, N/A, 31.19, 0|
12:59:02 0, 79, N/A, 119.30, 100|1, 67, N/A, 185.47, 100|2, 58, N/A, 35.48, 0|3, 58, N/A, 31.11, 0|
12:59:04 0, 77, N/A, 47.88, 0|1, 66, N/A, 188.27, 100|2, 58, N/A, 35.55, 0|3, 58, N/A, 31.17, 0|
12:59:06 0, 79, N/A, 139.40, 100|1, 68, N/A, 189.92, 100|2, 58, N/A, 35.73, 0|3, 58, N/A, 31.11, 0|
12:59:08 0, 77, N/A, 51.22, 0|1, 66, N/A, 188.76, 100|2, 58, N/A, 35.55, 0|3, 58, N/A, 31.17, 0|
12:59:10 0, 79, N/A, 142.46, 100|1, 65, N/A, 51.81, 23|2, 58, N/A, 35.60, 0|3, 58, N/A, 31.21, 0|
12:59:12 0, 77, N/A, 181.50, 0|1, 67, N/A, 153.00, 100|2, 58, N/A, 35.48, 0|3, 58, N/A, 31.11, 0|
12:59:15 0, 79, N/A, 118.54, 100|1, 64, N/A, 51.11, 0|2, 58, N/A, 35.60, 0|3, 58, N/A, 31.23, 0|
12:59:17 0, 78, N/A, 143.93, 61|1, 67, N/A, 189.95, 100|2, 58, N/A, 35.48, 0|3, 58, N/A, 31.11, 0|
12:59:19 0, 79, N/A, 150.85, 100|1, 64, N/A, 50.84, 0|2, 58, N/A, 35.33, 0|3, 58, N/A, 31.21, 0|
12:59:21 0, 79, N/A, 164.93, 100|1, 68, N/A, 168.21, 100|2, 58, N/A, 35.70, 0|3, 58, N/A, 31.09, 0|
12:59:23 0, 79, N/A, 106.97, 100|1, 64, N/A, 50.63, 0|2, 58, N/A, 35.60, 0|3, 58, N/A, 31.21, 0|
12:59:25 0, 78, N/A, 144.73, 100|1, 68, N/A, 155.51, 100|2, 58, N/A, 35.51, 0|3, 58, N/A, 31.13, 0|
12:59:27 0, 79, N/A, 150.59, 100|1, 65, N/A, 51.08, 0|2, 58, N/A, 35.35, 0|3, 58, N/A, 30.97, 0|
12:59:29 0, 79, N/A, 132.99, 100|1, 68, N/A, 164.41, 100|2, 58, N/A, 35.49, 0|3, 58, N/A, 31.11, 0|
12:59:31 0, 80, N/A, 121.87, 100|1, 65, N/A, 50.84, 0|2, 58, N/A, 35.36, 0|3, 58, N/A, 31.21, 0|
12:59:33 0, 79, N/A, 155.04, 100|1, 68, N/A, 189.79, 100|2, 58, N/A, 35.46, 0|3, 58, N/A, 31.09, 0|
12:59:36 0, 78, N/A, 112.65, 100|1, 65, N/A, 51.57, 0|2, 58, N/A, 35.36, 0|3, 58, N/A, 31.21, 0|
12:59:38 0, 79, N/A, 166.79, 100|1, 68, N/A, 159.95, 100|2, 58, N/A, 35.46, 0|3, 58, N/A, 31.07, 0|
12:59:40 0, 79, N/A, 136.73, 100|1, 65, N/A, 51.78, 0|2, 58, N/A, 35.33, 0|3, 58, N/A, 31.19, 0|
12:59:42 0, 79, N/A, 190.77, 100|1, 68, N/A, 194.14, 100|2, 58, N/A, 35.46, 0|3, 58, N/A, 31.09, 0|
12:59:44 0, 79, N/A, 119.75, 100|1, 65, N/A, 51.36, 0|2, 58, N/A, 35.36, 0|3, 58, N/A, 31.23, 0|
12:59:46 0, 79, N/A, 147.19, 100|1, 68, N/A, 194.63, 100|2, 58, N/A, 35.46, 0|3, 58, N/A, 31.09, 0|
12:59:48 0, 79, N/A, 148.17, 100|1, 65, N/A, 51.57, 0|2, 58, N/A, 35.38, 0|3, 58, N/A, 30.97, 0|
12:59:50 0, 80, N/A, 146.66, 100|1, 69, N/A, 183.68, 100|2, 58, N/A, 35.24, 0|3, 58, N/A, 31.11, 0|
12:59:52 0, 79, N/A, 118.30, 100|1, 65, N/A, 51.60, 0|2, 58, N/A, 35.38, 0|3, 58, N/A, 31.23, 0|
12:59:54 0, 79, N/A, 133.85, 100|1, 69, N/A, 195.36, 100|2, 58, N/A, 35.48, 0|3, 58, N/A, 31.11, 0|
12:59:56 0, 79, N/A, 97.39, 100|1, 66, N/A, 52.09, 0|2, 58, N/A, 35.38, 0|3, 58, N/A, 30.99, 0|
12:59:59 0, 79, N/A, 128.48, 100|1, 69, N/A, 160.51, 100|2, 58, N/A, 35.26, 0|3, 58, N/A, 31.11, 0|
13:00:01 0, 79, N/A, 122.52, 100|1, 66, N/A, 52.30, 0|2, 58, N/A, 35.36, 0|3, 58, N/A, 31.21, 0|
13:00:03 0, 79, N/A, 153.62, 100|1, 69, N/A, 187.99, 100|2, 58, N/A, 35.48, 0|3, 58, N/A, 31.13, 0|
13:00:05 0, 79, N/A, 128.08, 100|1, 66, N/A, 52.54, 0|2, 58, N/A, 35.33, 0|3, 58, N/A, 31.21, 0|
13:00:07 0, 79, N/A, 148.42, 100|1, 70, N/A, 189.68, 100|2, 58, N/A, 35.46, 0|3, 58, N/A, 31.09, 0|
13:00:09 0, 79, N/A, 143.58, 100|1, 66, N/A, 52.51, 0|2, 58, N/A, 35.33, 0|3, 58, N/A, 30.95, 0|
13:00:11 0, 79, N/A, 156.99, 100|1, 70, N/A, 194.10, 100|2, 58, N/A, 35.44, 0|3, 58, N/A, 31.07, 0|
13:00:13 0, 79, N/A, 148.08, 100|1, 66, N/A, 52.72, 0|2, 58, N/A, 35.33, 0|3, 58, N/A, 31.17, 0|
13:00:15 0, 79, N/A, 142.95, 100|1, 70, N/A, 154.94, 100|2, 58, N/A, 35.24, 0|3, 58, N/A, 31.11, 0|
13:00:17 0, 79, N/A, 149.23, 100|1, 66, N/A, 52.54, 0|2, 58, N/A, 35.36, 0|3, 58, N/A, 31.23, 0|
13:00:20 0, 79, N/A, 193.14, 99|1, 70, N/A, 179.82, 100|2, 58, N/A, 35.46, 0|3, 58, N/A, 31.09, 0|
13:00:22 0, 79, N/A, 100.97, 100|1, 67, N/A, 53.07, 0|2, 58, N/A, 35.38, 0|3, 58, N/A, 31.23, 0|
13:00:24 0, 77, N/A, 138.22, 0|1, 69, N/A, 196.05, 100|2, 58, N/A, 35.24, 0|3, 58, N/A, 31.11, 0|
13:00:26 0, 79, N/A, 115.33, 100|1, 67, N/A, 53.76, 0|2, 58, N/A, 35.36, 0|3, 58, N/A, 30.97, 0|
13:00:28 0, 77, N/A, 47.61, 0|1, 70, N/A, 196.11, 100|2, 58, N/A, 35.31, 0|3, 58, N/A, 30.93, 0|
13:00:30 0, 79, N/A, 142.44, 100|1, 68, N/A, 54.49, 0|2, 58, N/A, 35.36, 0|3, 58, N/A, 30.97, 0|
13:00:32 0, 77, N/A, 48.37, 0|1, 69, N/A, 162.49, 100|2, 58, N/A, 35.33, 0|3, 58, N/A, 30.95, 0|
13:00:34 0, 80, N/A, 133.33, 100|1, 69, N/A, 55.67, 59|2, 58, N/A, 35.35, 0|3, 58, N/A, 31.21, 0|
13:00:36 0, 77, N/A, 47.85, 0|1, 69, N/A, 165.79, 100|2, 58, N/A, 35.33, 0|3, 58, N/A, 31.19, 0|
13:00:38 0, 80, N/A, 137.95, 100|1, 69, N/A, 58.59, 98|2, 58, N/A, 35.33, 0|3, 58, N/A, 31.19, 0|
13:00:41 0, 77, N/A, 51.49, 0|1, 69, N/A, 203.44, 100|2, 58, N/A, 35.31, 0|3, 58, N/A, 31.17, 0|
13:00:43 0, 79, N/A, 136.28, 100|1, 71, N/A, 203.66, 100|2, 58, N/A, 35.46, 0|3, 58, N/A, 31.11, 0|
13:00:45 0, 77, N/A, 48.12, 0|1, 70, N/A, 178.12, 100|2, 58, N/A, 35.33, 0|3, 58, N/A, 31.19, 0|
13:00:47 0, 79, N/A, 128.88, 100|1, 71, N/A, 198.01, 100|2, 58, N/A, 35.24, 0|3, 58, N/A, 31.11, 0|
13:00:49 0, 78, N/A, 50.28, 0|1, 69, N/A, 193.70, 100|2, 58, N/A, 35.31, 0|3, 58, N/A, 31.17, 0|
13:00:51 0, 80, N/A, 140.45, 100|1, 71, N/A, 191.97, 100|2, 58, N/A, 35.44, 0|3, 58, N/A, 31.09, 0|
13:00:53 0, 79, N/A, 129.70, 100|1, 66, N/A, 52.27, 0|2, 58, N/A, 35.35, 0|3, 58, N/A, 31.21, 0|
13:00:55 0, 79, N/A, 123.08, 100|1, 71, N/A, 197.05, 100|2, 57, N/A, 35.24, 0|3, 58, N/A, 31.11, 0|
13:00:57 0, 79, N/A, 119.44, 100|1, 66, N/A, 52.30, 0|2, 58, N/A, 35.36, 0|3, 58, N/A, 31.21, 0|
13:00:59 0, 80, N/A, 188.43, 100|1, 70, N/A, 195.81, 100|2, 58, N/A, 35.44, 0|3, 58, N/A, 31.11, 0|
13:01:01 0, 79, N/A, 153.42, 100|1, 66, N/A, 52.30, 0|2, 58, N/A, 35.36, 0|3, 58, N/A, 31.21, 0|
13:01:04 0, 80, N/A, 184.98, 100|1, 70, N/A, 158.46, 100|2, 57, N/A, 35.00, 0|3, 58, N/A, 31.09, 0|
13:01:06 0, 79, N/A, 148.26, 100|1, 66, N/A, 52.51, 0|2, 57, N/A, 35.11, 0|3, 58, N/A, 31.21, 0|
13:01:08 0, 79, N/A, 139.16, 100|1, 70, N/A, 195.60, 100|2, 57, N/A, 35.46, 0|3, 58, N/A, 31.09, 0|
13:01:10 0, 80, N/A, 125.03, 100|1, 67, N/A, 53.03, 0|2, 58, N/A, 35.36, 0|3, 58, N/A, 31.21, 0|
13:01:12 0, 79, N/A, 157.09, 100|1, 70, N/A, 161.59, 100|2, 57, N/A, 35.48, 0|3, 58, N/A, 31.11, 0|
13:01:14 0, 76, N/A, 53.89, 0|1, 71, N/A, 183.32, 100|2, 57, N/A, 35.29, 0|3, 58, N/A, 31.17, 0|
13:01:16 0, 79, N/A, 105.57, 100|1, 66, N/A, 52.09, 0|2, 57, N/A, 35.38, 0|3, 58, N/A, 31.23, 0|
13:01:18 0, 77, N/A, 47.88, 0|1, 68, N/A, 193.96, 100|2, 57, N/A, 35.07, 0|3, 58, N/A, 31.17, 0|
13:01:20 0, 75, N/A, 46.91, 0|1, 70, N/A, 180.66, 100|2, 57, N/A, 35.33, 0|3, 58, N/A, 31.19, 0|
13:01:22 0, 78, N/A, 68.42, 39|1, 68, N/A, 189.81, 50|2, 57, N/A, 35.29, 0|3, 58, N/A, 31.17, 0|
13:01:24 0, 78, N/A, 60.73, 55|1, 69, N/A, 196.96, 55|2, 58, N/A, 35.31, 0|3, 58, N/A, 31.19, 0|
13:01:27 0, 79, N/A, 138.98, 57|1, 69, N/A, 101.76, 52|2, 58, N/A, 35.31, 0|3, 58, N/A, 31.17, 0|
13:01:29 0, 78, N/A, 140.76, 45|1, 69, N/A, 57.13, 48|2, 58, N/A, 35.11, 0|3, 58, N/A, 31.21, 0|
13:01:31 0, 78, N/A, 153.98, 63|1, 70, N/A, 66.53, 36|2, 57, N/A, 35.33, 0|3, 58, N/A, 31.19, 0|
13:01:33 0, 79, N/A, 174.34, 50|1, 69, N/A, 58.99, 48|2, 58, N/A, 35.31, 0|3, 58, N/A, 31.17, 0|
13:01:35 0, 79, N/A, 128.16, 46|1, 69, N/A, 151.87, 54|2, 58, N/A, 35.04, 0|3, 58, N/A, 31.17, 0|
13:01:37 0, 79, N/A, 91.07, 60|1, 69, N/A, 165.11, 38|2, 57, N/A, 35.29, 0|3, 58, N/A, 31.39, 0|
13:01:39 0, 79, N/A, 59.96, 35|1, 69, N/A, 195.02, 65|2, 57, N/A, 35.07, 0|3, 58, N/A, 31.17, 0|
13:01:41 0, 79, N/A, 79.05, 33|1, 69, N/A, 138.49, 65|2, 57, N/A, 35.29, 0|3, 58, N/A, 31.17, 0|
13:01:43 0, 78, N/A, 58.01, 44|1, 69, N/A, 192.22, 57|2, 57, N/A, 35.31, 0|3, 58, N/A, 31.17, 0|
13:01:45 0, 78, N/A, 133.49, 33|1, 69, N/A, 94.23, 67|2, 57, N/A, 35.31, 0|3, 58, N/A, 31.17, 0|
13:01:48 0, 79, N/A, 175.99, 64|1, 69, N/A, 114.70, 40|2, 57, N/A, 35.07, 0|3, 58, N/A, 31.17, 0|
13:01:50 0, 79, N/A, 139.70, 49|1, 69, N/A, 127.12, 59|2, 57, N/A, 35.04, 0|3, 58, N/A, 31.17, 0|
13:01:52 0, 79, N/A, 71.33, 47|1, 69, N/A, 182.59, 40|2, 57, N/A, 35.06, 0|3, 58, N/A, 31.40, 0|
13:01:54 0, 79, N/A, 55.84, 55|1, 69, N/A, 193.06, 37|2, 57, N/A, 35.07, 0|3, 58, N/A, 31.17, 0|
13:01:56 0, 79, N/A, 97.61, 48|1, 69, N/A, 155.47, 36|2, 57, N/A, 35.04, 0|3, 58, N/A, 31.15, 0|
13:01:58 0, 79, N/A, 61.86, 60|1, 69, N/A, 191.13, 50|2, 57, N/A, 35.29, 0|3, 58, N/A, 31.15, 0|
13:02:00 0, 79, N/A, 59.22, 33|1, 69, N/A, 195.13, 54|2, 57, N/A, 35.29, 0|3, 58, N/A, 31.39, 0|
13:02:02 0, 79, N/A, 79.00, 32|1, 69, N/A, 146.86, 54|2, 57, N/A, 35.04, 0|3, 58, N/A, 31.15, 0|
13:02:04 0, 79, N/A, 154.15, 61|1, 68, N/A, 88.89, 53|2, 57, N/A, 35.29, 0|3, 58, N/A, 31.15, 0|
13:02:06 0, 79, N/A, 182.07, 34|1, 68, N/A, 65.75, 57|2, 57, N/A, 35.04, 0|3, 58, N/A, 31.15, 0|
13:02:08 0, 79, N/A, 197.85, 38|1, 67, N/A, 57.26, 47|2, 57, N/A, 35.04, 0|3, 58, N/A, 30.91, 0|
13:02:10 0, 79, N/A, 122.83, 57|1, 67, N/A, 145.96, 43|2, 57, N/A, 35.04, 0|3, 58, N/A, 31.15, 0|
13:02:13 0, 79, N/A, 80.46, 59|1, 66, N/A, 178.11, 62|2, 57, N/A, 35.02, 0|3, 58, N/A, 31.15, 0|
13:02:15 0, 78, N/A, 66.47, 35|1, 67, N/A, 189.33, 40|2, 57, N/A, 35.04, 0|3, 58, N/A, 31.15, 0|
13:02:17 0, 78, N/A, 61.18, 39|1, 66, N/A, 190.92, 36|2, 57, N/A, 35.29, 0|3, 58, N/A, 31.17, 0|
13:02:19 0, 78, N/A, 89.17, 51|1, 66, N/A, 135.76, 67|2, 57, N/A, 35.04, 0|3, 58, N/A, 31.40, 0|
13:02:21 0, 78, N/A, 167.61, 45|1, 66, N/A, 71.06, 62|2, 57, N/A, 35.29, 0|3, 58, N/A, 31.17, 0|
13:02:23 0, 79, N/A, 195.00, 48|1, 66, N/A, 56.05, 39|2, 57, N/A, 35.04, 0|3, 58, N/A, 31.39, 0|
13:02:25 0, 79, N/A, 114.91, 45|1, 66, N/A, 161.27, 38|2, 57, N/A, 35.05, 0|3, 58, N/A, 31.39, 0|
13:02:27 0, 79, N/A, 75.90, 39|1, 66, N/A, 182.62, 64|2, 57, N/A, 35.04, 0|3, 58, N/A, 31.41, 0|
13:02:29 0, 78, N/A, 75.42, 56|1, 67, N/A, 142.05, 60|2, 57, N/A, 35.29, 0|3, 58, N/A, 31.17, 0|
13:02:31 0, 78, N/A, 163.72, 60|1, 67, N/A, 80.46, 46|2, 57, N/A, 35.04, 0|3, 58, N/A, 31.39, 0|
13:02:33 0, 79, N/A, 188.83, 36|1, 66, N/A, 60.90, 50|2, 57, N/A, 35.04, 0|3, 58, N/A, 31.39, 0|
13:02:35 0, 79, N/A, 198.93, 38|1, 66, N/A, 55.59, 54|2, 57, N/A, 35.04, 0|3, 58, N/A, 31.39, 0|
13:02:38 0, 79, N/A, 117.50, 59|1, 65, N/A, 149.18, 54|2, 57, N/A, 35.29, 0|3, 59, N/A, 31.15, 0|
13:02:40 0, 79, N/A, 72.98, 63|1, 65, N/A, 180.57, 58|2, 57, N/A, 35.04, 0|3, 58, N/A, 31.39, 0|
13:02:42 0, 78, N/A, 62.83, 32|1, 65, N/A, 189.85, 47|2, 57, N/A, 35.04, 0|3, 58, N/A, 31.15, 0|
13:02:44 0, 78, N/A, 63.57, 32|1, 65, N/A, 159.03, 44|2, 57, N/A, 35.04, 0|3, 58, N/A, 31.15, 0|
13:02:46 0, 78, N/A, 166.88, 60|1, 65, N/A, 76.88, 57|2, 57, N/A, 35.06, 0|3, 58, N/A, 31.40, 0|
13:02:48 0, 78, N/A, 187.03, 52|1, 65, N/A, 59.94, 62|2, 57, N/A, 35.04, 0|3, 58, N/A, 31.39, 0|
13:02:50 0, 79, N/A, 197.65, 44|1, 65, N/A, 54.62, 40|2, 57, N/A, 35.04, 0|3, 58, N/A, 31.39, 0|
13:02:52 0, 79, N/A, 149.68, 47|1, 64, N/A, 125.02, 36|2, 57, N/A, 35.06, 0|3, 58, N/A, 31.41, 0|
13:02:54 0, 79, N/A, 136.13, 43|1, 64, N/A, 157.33, 67|2, 57, N/A, 35.29, 0|3, 59, N/A, 31.40, 0|
13:02:56 0, 79, N/A, 70.83, 48|1, 65, N/A, 184.76, 40|2, 57, N/A, 35.04, 0|3, 58, N/A, 31.15, 0|
13:02:58 0, 79, N/A, 64.29, 51|1, 65, N/A, 188.51, 46|2, 57, N/A, 35.07, 0|3, 58, N/A, 31.17, 0|
13:03:00 0, 78, N/A, 60.65, 41|1, 65, N/A, 194.79, 56|2, 57, N/A, 35.06, 0|3, 58, N/A, 31.15, 0|
13:03:03 0, 78, N/A, 138.71, 35|1, 66, N/A, 101.26, 51|2, 57, N/A, 35.06, 0|3, 58, N/A, 31.17, 0|
13:03:05 0, 78, N/A, 53.68, 38|1, 65, N/A, 176.20, 38|2, 57, N/A, 35.07, 0|3, 58, N/A, 31.41, 0|
13:03:07 0, 78, N/A, 150.73, 47|1, 65, N/A, 109.91, 54|2, 57, N/A, 35.07, 0|3, 58, N/A, 31.17, 0|
13:03:09 0, 79, N/A, 91.79, 54|1, 65, N/A, 166.50, 48|2, 57, N/A, 35.05, 0|3, 58, N/A, 31.17, 0|
13:03:11 0, 79, N/A, 66.96, 61|1, 65, N/A, 186.23, 59|2, 57, N/A, 35.06, 0|3, 58, N/A, 31.41, 0|
13:03:13 0, 78, N/A, 140.02, 57|1, 66, N/A, 61.96, 64|2, 57, N/A, 35.09, 0|3, 58, N/A, 31.43, 0|
13:03:15 0, 78, N/A, 137.77, 37|1, 66, N/A, 79.06, 39|2, 57, N/A, 35.07, 0|3, 58, N/A, 31.17, 0|
13:03:17 0, 78, N/A, 179.57, 54|1, 63, N/A, 49.31, 0|2, 57, N/A, 35.07, 0|3, 58, N/A, 31.41, 0|
13:03:19 0, 79, N/A, 110.86, 100|1, 62, N/A, 42.62, 0|2, 57, N/A, 35.13, 0|3, 58, N/A, 31.23, 0|
13:03:21 0, 76, N/A, 48.09, 0|1, 66, N/A, 189.60, 100|2, 57, N/A, 35.07, 0|3, 58, N/A, 31.41, 0|
13:03:23 0, 79, N/A, 133.33, 100|1, 65, N/A, 52.02, 59|2, 57, N/A, 35.09, 0|3, 59, N/A, 31.19, 0|
13:03:26 0, 77, N/A, 51.28, 0|1, 66, N/A, 160.16, 100|2, 57, N/A, 35.07, 0|3, 58, N/A, 31.17, 0|
13:03:28 0, 78, N/A, 111.45, 100|1, 68, N/A, 129.06, 100|2, 57, N/A, 35.07, 0|3, 58, N/A, 31.41, 0|
13:03:30 0, 77, N/A, 53.41, 0|1, 65, N/A, 186.70, 100|2, 57, N/A, 35.04, 0|3, 58, N/A, 31.39, 0|
13:03:32 0, 79, N/A, 152.73, 100|1, 66, N/A, 173.41, 100|2, 57, N/A, 34.97, 0|3, 58, N/A, 31.33, 0|
13:03:34 0, 77, N/A, 49.34, 0|1, 64, N/A, 161.78, 100|2, 57, N/A, 35.07, 0|3, 58, N/A, 31.41, 0|
13:03:36 0, 79, N/A, 137.47, 100|1, 67, N/A, 190.19, 100|2, 57, N/A, 35.00, 0|3, 59, N/A, 31.35, 0|
13:03:38 0, 77, N/A, 54.90, 45|1, 64, N/A, 186.60, 100|2, 57, N/A, 35.07, 0|3, 59, N/A, 31.17, 0|
13:03:40 0, 79, N/A, 145.47, 100|1, 67, N/A, 158.34, 100|2, 57, N/A, 35.02, 0|3, 58, N/A, 31.35, 0|
13:03:42 0, 79, N/A, 123.08, 100|1, 62, N/A, 49.41, 0|2, 57, N/A, 34.89, 0|3, 59, N/A, 31.23, 0|
13:03:44 0, 79, N/A, 141.51, 100|1, 66, N/A, 174.89, 100|2, 57, N/A, 35.00, 0|3, 58, N/A, 31.09, 0|
13:03:46 0, 79, N/A, 147.29, 100|1, 63, N/A, 49.86, 0|2, 57, N/A, 35.11, 0|3, 58, N/A, 31.21, 0|
13:03:49 0, 79, N/A, 157.00, 100|1, 68, N/A, 170.42, 100|2, 57, N/A, 35.00, 0|3, 58, N/A, 31.35, 0|
13:03:51 0, 79, N/A, 118.79, 100|1, 64, N/A, 50.38, 0|2, 57, N/A, 35.11, 0|3, 58, N/A, 31.45, 0|
13:03:53 0, 79, N/A, 152.97, 100|1, 67, N/A, 177.26, 100|2, 57, N/A, 35.00, 0|3, 58, N/A, 31.13, 0|
13:03:55 0, 79, N/A, 109.40, 100|1, 65, N/A, 50.87, 0|2, 57, N/A, 35.13, 0|3, 58, N/A, 31.23, 0|
13:03:57 0, 76, N/A, 47.39, 0|1, 68, N/A, 189.97, 100|2, 57, N/A, 35.07, 0|3, 58, N/A, 31.17, 0|
13:03:59 0, 79, N/A, 113.70, 100|1, 67, N/A, 52.79, 64|2, 57, N/A, 35.13, 0|3, 59, N/A, 31.45, 0|
13:04:01 0, 77, N/A, 51.74, 0|1, 67, N/A, 189.94, 100|2, 57, N/A, 35.07, 0|3, 59, N/A, 31.41, 0|
13:04:03 0, 79, N/A, 106.19, 100|1, 68, N/A, 189.47, 100|2, 57, N/A, 35.02, 0|3, 58, N/A, 31.37, 0|
13:04:05 0, 78, N/A, 48.64, 95|1, 65, N/A, 161.29, 66|2, 57, N/A, 34.85, 0|3, 58, N/A, 31.43, 0|
13:04:07 0, 79, N/A, 144.88, 100|1, 69, N/A, 172.91, 100|2, 57, N/A, 35.02, 0|3, 58, N/A, 31.35, 0|
13:04:10 0, 79, N/A, 130.76, 100|1, 65, N/A, 51.32, 0|2, 57, N/A, 35.11, 0|3, 59, N/A, 31.45, 0|
13:04:12 0, 79, N/A, 147.29, 100|1, 69, N/A, 204.96, 100|2, 57, N/A, 34.97, 0|3, 58, N/A, 31.35, 0|
13:04:14 0, 79, N/A, 113.77, 100|1, 65, N/A, 51.85, 0|2, 57, N/A, 35.14, 0|3, 59, N/A, 31.23, 0|
13:04:16 0, 79, N/A, 182.45, 100|1, 69, N/A, 194.51, 100|2, 57, N/A, 34.97, 0|3, 59, N/A, 31.33, 0|
13:04:18 0, 79, N/A, 129.80, 100|1, 66, N/A, 52.79, 0|2, 57, N/A, 35.11, 0|3, 59, N/A, 31.45, 0|
13:04:20 0, 77, N/A, 47.64, 0|1, 68, N/A, 189.23, 100|2, 57, N/A, 35.07, 0|3, 58, N/A, 31.41, 0|
13:04:22 0, 79, N/A, 106.80, 100|1, 71, N/A, 209.90, 100|2, 57, N/A, 35.02, 0|3, 59, N/A, 31.37, 0|
13:04:24 0, 78, N/A, 88.63, 100|1, 65, N/A, 97.74, 0|2, 57, N/A, 35.11, 0|3, 59, N/A, 31.43, 0|
13:04:26 0, 79, N/A, 140.03, 100|1, 70, N/A, 194.64, 100|2, 57, N/A, 35.00, 0|3, 59, N/A, 31.35, 0|
13:04:28 0, 79, N/A, 152.75, 100|1, 66, N/A, 52.02, 0|2, 57, N/A, 35.11, 0|3, 59, N/A, 31.21, 0|
13:04:30 0, 79, N/A, 147.05, 100|1, 69, N/A, 185.60, 100|2, 57, N/A, 34.96, 0|3, 58, N/A, 31.33, 0|
13:04:33 0, 79, N/A, 125.73, 100|1, 66, N/A, 52.54, 0|2, 57, N/A, 35.11, 0|3, 59, N/A, 31.19, 0|
13:04:35 0, 77, N/A, 150.83, 0|1, 69, N/A, 159.05, 100|2, 57, N/A, 34.76, 0|3, 59, N/A, 31.35, 0|
13:04:37 0, 79, N/A, 107.94, 100|1, 68, N/A, 54.73, 50|2, 57, N/A, 34.89, 0|3, 59, N/A, 31.45, 0|
13:04:39 0, 77, N/A, 48.09, 0|1, 69, N/A, 194.79, 100|2, 57, N/A, 35.06, 0|3, 59, N/A, 31.41, 0|
13:04:41 0, 80, N/A, 128.40, 100|1, 71, N/A, 175.61, 100|2, 57, N/A, 34.76, 0|3, 58, N/A, 31.35, 0|
13:04:43 0, 78, N/A, 49.61, 100|1, 67, N/A, 153.90, 23|2, 57, N/A, 35.09, 0|3, 59, N/A, 31.19, 0|
13:04:45 0, 79, N/A, 140.06, 100|1, 71, N/A, 196.55, 100|2, 57, N/A, 34.99, 0|3, 58, N/A, 31.33, 0|
13:04:47 0, 79, N/A, 140.92, 100|1, 66, N/A, 52.30, 0|2, 57, N/A, 34.85, 0|3, 59, N/A, 31.45, 0|
13:04:49 0, 79, N/A, 160.84, 100|1, 70, N/A, 165.91, 100|2, 57, N/A, 35.02, 0|3, 59, N/A, 31.33, 0|
13:04:51 0, 79, N/A, 123.07, 100|1, 67, N/A, 53.27, 0|2, 57, N/A, 34.85, 0|3, 58, N/A, 31.45, 0|
13:04:54 0, 77, N/A, 51.04, 0|1, 71, N/A, 169.05, 100|2, 57, N/A, 34.82, 0|3, 59, N/A, 31.41, 0|
13:04:56 0, 78, N/A, 107.62, 100|1, 69, N/A, 55.46, 65|2, 57, N/A, 35.11, 0|3, 59, N/A, 31.21, 0|
13:04:58 0, 77, N/A, 54.17, 0|1, 69, N/A, 167.70, 100|2, 57, N/A, 35.07, 0|3, 58, N/A, 31.41, 0|
13:05:00 0, 80, N/A, 135.80, 100|1, 70, N/A, 195.09, 100|2, 57, N/A, 35.00, 0|3, 59, N/A, 31.33, 0|
13:05:02 0, 79, N/A, 117.09, 100|1, 66, N/A, 52.30, 0|2, 57, N/A, 34.87, 0|3, 59, N/A, 31.21, 0|
13:05:04 0, 80, N/A, 136.05, 100|1, 71, N/A, 200.04, 100|2, 57, N/A, 34.98, 0|3, 58, N/A, 31.35, 0|
13:05:06 0, 78, N/A, 138.09, 100|1, 67, N/A, 53.00, 0|2, 57, N/A, 34.87, 0|3, 58, N/A, 31.45, 0|
13:05:08 0, 77, N/A, 141.74, 12|1, 70, N/A, 171.02, 100|2, 57, N/A, 34.97, 0|3, 58, N/A, 31.33, 0|
13:05:10 0, 79, N/A, 145.26, 100|1, 69, N/A, 55.18, 1|2, 57, N/A, 34.87, 0|3, 59, N/A, 31.43, 0|
13:05:12 0, 77, N/A, 50.04, 0|1, 70, N/A, 187.40, 100|2, 57, N/A, 35.04, 0|3, 59, N/A, 31.39, 0|
13:05:14 0, 79, N/A, 137.98, 100|1, 71, N/A, 166.79, 100|2, 57, N/A, 35.00, 0|3, 59, N/A, 31.35, 0|
13:05:17 0, 78, N/A, 52.67, 0|1, 68, N/A, 192.61, 66|2, 57, N/A, 34.80, 0|3, 59, N/A, 31.15, 0|
13:05:19 0, 80, N/A, 156.02, 100|1, 71, N/A, 194.87, 100|2, 57, N/A, 34.97, 0|3, 59, N/A, 31.35, 0|
13:05:21 0, 79, N/A, 133.18, 100|1, 66, N/A, 52.06, 0|2, 57, N/A, 34.89, 0|3, 59, N/A, 31.48, 0|
13:05:23 0, 79, N/A, 203.57, 100|1, 70, N/A, 190.16, 100|2, 57, N/A, 34.96, 0|3, 59, N/A, 31.31, 0|
13:05:25 0, 79, N/A, 130.76, 100|1, 67, N/A, 53.03, 0|2, 57, N/A, 34.87, 0|3, 59, N/A, 31.45, 0|
13:05:27 0, 76, N/A, 90.82, 0|1, 70, N/A, 168.46, 100|2, 57, N/A, 34.80, 0|3, 59, N/A, 31.37, 0|
13:05:29 0, 79, N/A, 95.62, 100|1, 69, N/A, 55.47, 79|2, 57, N/A, 34.89, 0|3, 58, N/A, 31.48, 0|
13:05:31 0, 77, N/A, 48.33, 15|1, 69, N/A, 193.57, 100|2, 57, N/A, 34.80, 0|3, 59, N/A, 31.39, 0|
13:05:33 0, 79, N/A, 119.04, 100|1, 71, N/A, 187.66, 100|2, 57, N/A, 34.75, 0|3, 59, N/A, 31.33, 0|
13:05:35 0, 79, N/A, 127.30, 100|1, 66, N/A, 52.26, 0|2, 57, N/A, 34.84, 0|3, 59, N/A, 31.19, 0|
13:05:37 0, 79, N/A, 163.17, 100|1, 70, N/A, 170.53, 100|2, 57, N/A, 35.00, 0|3, 59, N/A, 31.35, 0|
13:05:40 0, 78, N/A, 112.98, 100|1, 67, N/A, 53.03, 0|2, 57, N/A, 34.87, 0|3, 59, N/A, 31.21, 0|
13:05:42 0, 76, N/A, 47.37, 0|1, 70, N/A, 195.15, 100|2, 57, N/A, 34.82, 0|3, 58, N/A, 31.41, 0|
13:05:44 0, 79, N/A, 139.32, 100|1, 71, N/A, 197.75, 100|2, 57, N/A, 34.73, 0|3, 59, N/A, 31.33, 0|
13:05:46 0, 77, N/A, 48.33, 0|1, 69, N/A, 198.15, 100|2, 57, N/A, 34.82, 0|3, 59, N/A, 31.41, 0|
13:05:48 0, 79, N/A, 124.61, 100|1, 71, N/A, 197.49, 100|2, 57, N/A, 34.76, 0|3, 58, N/A, 31.35, 0|
13:05:50 0, 79, N/A, 138.18, 100|1, 67, N/A, 52.78, 0|2, 57, N/A, 34.87, 0|3, 59, N/A, 31.45, 0|
13:05:52 0, 79, N/A, 133.13, 100|1, 70, N/A, 193.20, 100|2, 57, N/A, 34.76, 0|3, 59, N/A, 31.35, 0|
13:05:54 0, 79, N/A, 113.46, 100|1, 68, N/A, 53.52, 0|2, 57, N/A, 34.89, 0|3, 59, N/A, 31.48, 0|
13:05:56 0, 77, N/A, 51.25, 0|1, 71, N/A, 196.35, 100|2, 57, N/A, 34.82, 0|3, 59, N/A, 31.41, 0|
13:05:58 0, 79, N/A, 126.79, 100|1, 72, N/A, 201.00, 100|2, 57, N/A, 34.76, 0|3, 59, N/A, 31.33, 0|
13:06:00 0, 78, N/A, 48.82, 93|1, 68, N/A, 189.35, 58|2, 57, N/A, 34.80, 0|3, 59, N/A, 31.41, 0|
13:06:03 0, 80, N/A, 139.10, 100|1, 71, N/A, 197.05, 100|2, 57, N/A, 34.76, 0|3, 59, N/A, 31.35, 0|
13:06:05 0, 79, N/A, 113.53, 100|1, 67, N/A, 53.07, 0|2, 57, N/A, 34.89, 0|3, 59, N/A, 31.48, 0|
13:06:07 0, 78, N/A, 144.15, 100|1, 71, N/A, 197.05, 100|2, 57, N/A, 34.76, 0|3, 59, N/A, 31.35, 0|
13:06:09 0, 79, N/A, 120.17, 100|1, 69, N/A, 54.98, 0|2, 57, N/A, 34.87, 0|3, 59, N/A, 31.45, 0|
13:06:11 0, 77, N/A, 48.12, 0|1, 71, N/A, 196.35, 100|2, 57, N/A, 34.82, 0|3, 59, N/A, 31.41, 0|
13:06:13 0, 79, N/A, 130.48, 100|1, 73, N/A, 197.53, 100|2, 57, N/A, 34.76, 0|3, 59, N/A, 31.35, 0|
13:06:15 0, 79, N/A, 119.69, 100|1, 67, N/A, 53.03, 0|2, 57, N/A, 34.87, 0|3, 58, N/A, 31.45, 0|
13:06:17 0, 79, N/A, 156.16, 100|1, 72, N/A, 197.86, 100|2, 57, N/A, 34.71, 0|3, 59, N/A, 31.31, 0|
13:06:19 0, 79, N/A, 118.71, 100|1, 67, N/A, 53.72, 0|2, 57, N/A, 34.84, 0|3, 59, N/A, 31.43, 0|
13:06:21 0, 76, N/A, 50.97, 0|1, 70, N/A, 192.11, 100|2, 57, N/A, 34.78, 0|3, 59, N/A, 31.15, 0|
13:06:23 0, 79, N/A, 127.85, 100|1, 70, N/A, 59.29, 81|2, 57, N/A, 34.85, 0|3, 59, N/A, 31.43, 0|
13:06:26 0, 77, N/A, 48.82, 0|1, 69, N/A, 192.95, 100|2, 56, N/A, 34.80, 0|3, 59, N/A, 31.39, 0|
13:06:28 0, 79, N/A, 136.35, 100|1, 70, N/A, 207.34, 100|2, 57, N/A, 34.78, 0|3, 59, N/A, 31.37, 0|
13:06:30 0, 79, N/A, 119.43, 100|1, 66, N/A, 52.30, 0|2, 56, N/A, 34.87, 0|3, 59, N/A, 31.45, 0|
13:06:32 0, 79, N/A, 178.63, 100|1, 70, N/A, 194.98, 100|2, 56, N/A, 34.71, 0|3, 58, N/A, 31.31, 0|
13:06:34 0, 79, N/A, 130.27, 100|1, 67, N/A, 53.03, 0|2, 56, N/A, 34.89, 0|3, 59, N/A, 31.45, 0|
13:06:36 0, 76, N/A, 53.44, 0|1, 70, N/A, 164.45, 100|2, 57, N/A, 34.85, 0|3, 59, N/A, 31.43, 0|
13:06:38 0, 79, N/A, 119.62, 100|1, 71, N/A, 153.47, 100|2, 57, N/A, 34.82, 0|3, 59, N/A, 31.41, 0|
13:06:40 0, 77, N/A, 48.15, 0|1, 69, N/A, 156.32, 100|2, 56, N/A, 34.85, 0|3, 58, N/A, 31.43, 0|
13:06:42 0, 79, N/A, 122.42, 100|1, 71, N/A, 191.52, 100|2, 56, N/A, 34.76, 0|3, 59, N/A, 31.35, 0|
13:06:44 0, 79, N/A, 123.72, 100|1, 66, N/A, 52.54, 0|2, 56, N/A, 34.87, 0|3, 58, N/A, 31.43, 0|
13:06:46 0, 79, N/A, 184.97, 100|1, 70, N/A, 175.22, 100|2, 56, N/A, 34.73, 0|3, 59, N/A, 31.33, 0|
13:06:49 0, 79, N/A, 125.91, 100|1, 67, N/A, 53.76, 0|2, 56, N/A, 34.87, 0|3, 58, N/A, 31.45, 0|
13:06:51 0, 77, N/A, 51.25, 0|1, 70, N/A, 195.63, 100|2, 56, N/A, 34.82, 0|3, 59, N/A, 31.41, 0|
13:06:53 0, 79, N/A, 135.30, 100|1, 71, N/A, 198.60, 100|2, 56, N/A, 34.76, 0|3, 59, N/A, 31.35, 0|
13:06:55 0, 79, N/A, 119.05, 100|1, 66, N/A, 52.33, 0|2, 57, N/A, 34.89, 0|3, 59, N/A, 31.48, 0|
13:06:57 0, 80, N/A, 163.89, 100|1, 71, N/A, 197.88, 100|2, 56, N/A, 34.73, 0|3, 58, N/A, 31.33, 0|
13:06:59 0, 79, N/A, 107.45, 100|1, 68, N/A, 53.53, 0|2, 56, N/A, 34.89, 0|3, 59, N/A, 31.47, 0|
13:07:01 0, 77, N/A, 47.64, 0|1, 71, N/A, 170.53, 100|2, 56, N/A, 34.85, 0|3, 59, N/A, 31.43, 0|
13:07:03 0, 79, N/A, 113.15, 100|1, 72, N/A, 164.84, 100|2, 56, N/A, 34.80, 0|3, 59, N/A, 31.38, 0|
13:07:05 0, 79, N/A, 118.54, 100|1, 67, N/A, 52.82, 0|2, 56, N/A, 34.87, 0|3, 59, N/A, 31.47, 0|
13:07:07 0, 79, N/A, 156.99, 100|1, 72, N/A, 198.36, 100|2, 56, N/A, 34.73, 0|3, 59, N/A, 31.33, 0|
13:07:10 0, 79, N/A, 109.65, 100|1, 68, N/A, 54.00, 0|2, 56, N/A, 34.89, 0|3, 59, N/A, 31.23, 0|
13:07:12 0, 77, N/A, 47.85, 0|1, 71, N/A, 209.94, 100|2, 56, N/A, 34.80, 0|3, 59, N/A, 31.41, 0|
13:07:14 0, 79, N/A, 109.75, 100|1, 72, N/A, 170.27, 100|2, 56, N/A, 34.78, 0|3, 59, N/A, 31.37, 0|
13:07:16 0, 79, N/A, 110.79, 100|1, 67, N/A, 52.79, 0|2, 57, N/A, 34.87, 0|3, 59, N/A, 31.21, 0|
13:07:18 0, 79, N/A, 151.06, 100|1, 71, N/A, 197.15, 100|2, 56, N/A, 34.73, 0|3, 59, N/A, 31.33, 0|
13:07:20 0, 79, N/A, 125.75, 100|1, 68, N/A, 54.00, 0|2, 56, N/A, 34.87, 0|3, 59, N/A, 31.45, 0|
13:07:22 0, 77, N/A, 51.25, 0|1, 70, N/A, 186.58, 100|2, 56, N/A, 34.82, 0|3, 59, N/A, 31.41, 0|
13:07:24 0, 79, N/A, 104.99, 100|1, 72, N/A, 172.21, 100|2, 56, N/A, 34.78, 0|3, 59, N/A, 31.37, 0|
13:07:26 0, 79, N/A, 106.98, 100|1, 67, N/A, 52.82, 0|2, 56, N/A, 34.87, 0|3, 59, N/A, 31.45, 0|
13:07:28 0, 79, N/A, 163.65, 100|1, 72, N/A, 198.12, 100|2, 56, N/A, 34.73, 0|3, 59, N/A, 31.33, 0|
13:07:30 0, 79, N/A, 112.49, 100|1, 68, N/A, 54.00, 0|2, 56, N/A, 34.89, 0|3, 59, N/A, 31.47, 0|
13:07:33 0, 77, N/A, 47.61, 0|1, 71, N/A, 189.74, 100|2, 56, N/A, 34.82, 0|3, 59, N/A, 31.41, 0|
13:07:35 0, 79, N/A, 116.94, 100|1, 72, N/A, 199.05, 100|2, 56, N/A, 34.76, 0|3, 59, N/A, 31.35, 0|
13:07:37 0, 79, N/A, 109.65, 100|1, 68, N/A, 53.27, 0|2, 57, N/A, 34.87, 0|3, 59, N/A, 31.21, 0|
13:07:39 0, 80, N/A, 158.19, 100|1, 73, N/A, 199.80, 100|2, 56, N/A, 34.73, 0|3, 59, N/A, 31.33, 0|
13:07:41 0, 79, N/A, 112.25, 100|1, 69, N/A, 54.49, 0|2, 56, N/A, 34.87, 0|3, 59, N/A, 31.46, 0|
13:07:43 0, 77, N/A, 52.71, 0|1, 72, N/A, 168.68, 100|2, 56, N/A, 34.85, 0|3, 59, N/A, 31.19, 0|
13:07:45 0, 79, N/A, 114.12, 100|1, 73, N/A, 165.66, 100|2, 56, N/A, 34.78, 0|3, 59, N/A, 31.37, 0|
13:07:47 0, 79, N/A, 112.56, 100|1, 68, N/A, 53.55, 0|2, 56, N/A, 34.89, 0|3, 59, N/A, 31.48, 0|
13:07:49 0, 79, N/A, 143.77, 100|1, 72, N/A, 172.92, 100|2, 56, N/A, 34.76, 0|3, 59, N/A, 31.35, 0|
13:07:51 0, 79, N/A, 121.38, 100|1, 70, N/A, 55.46, 0|2, 56, N/A, 34.87, 0|3, 59, N/A, 31.45, 0|
13:07:53 0, 77, N/A, 53.44, 0|1, 72, N/A, 197.31, 100|2, 57, N/A, 34.82, 0|3, 59, N/A, 31.41, 0|
13:07:56 0, 79, N/A, 120.26, 100|1, 73, N/A, 191.39, 100|2, 56, N/A, 34.78, 0|3, 59, N/A, 31.37, 0|
13:07:58 0, 79, N/A, 122.75, 100|1, 69, N/A, 54.22, 0|2, 57, N/A, 34.85, 0|3, 59, N/A, 31.43, 0|
13:08:00 0, 79, N/A, 132.67, 100|1, 74, N/A, 198.97, 100|2, 56, N/A, 34.76, 0|3, 59, N/A, 31.35, 0|
13:08:02 0, 79, N/A, 96.90, 100|1, 71, N/A, 56.96, 0|2, 56, N/A, 34.89, 0|3, 59, N/A, 31.48, 0|
13:08:04 0, 79, N/A, 110.85, 100|1, 69, N/A, 53.55, 0|2, 56, N/A, 34.89, 0|3, 59, N/A, 31.48, 0|
13:08:06 0, 79, N/A, 144.40, 100|1, 74, N/A, 201.37, 100|2, 57, N/A, 34.76, 0|3, 59, N/A, 31.35, 0|
13:08:08 0, 79, N/A, 103.39, 100|1, 70, N/A, 55.50, 0|2, 56, N/A, 34.89, 0|3, 59, N/A, 31.48, 0|
13:08:10 0, 77, N/A, 51.49, 0|1, 73, N/A, 199.61, 100|2, 56, N/A, 34.82, 0|3, 59, N/A, 31.41, 0|
13:08:12 0, 80, N/A, 125.74, 100|1, 74, N/A, 194.53, 100|2, 56, N/A, 34.76, 0|3, 59, N/A, 31.35, 0|
13:08:14 0, 78, N/A, 101.21, 100|1, 70, N/A, 55.01, 0|2, 56, N/A, 34.89, 0|3, 59, N/A, 31.48, 0|
13:08:17 0, 77, N/A, 47.61, 0|1, 74, N/A, 200.57, 100|2, 56, N/A, 34.82, 0|3, 59, N/A, 31.41, 0|
13:08:19 0, 79, N/A, 106.85, 100|1, 75, N/A, 199.58, 100|2, 56, N/A, 34.78, 0|3, 59, N/A, 31.37, 0|
13:08:21 0, 79, N/A, 106.73, 100|1, 70, N/A, 54.76, 0|2, 56, N/A, 34.89, 0|3, 59, N/A, 31.48, 0|
13:08:23 0, 79, N/A, 147.76, 100|1, 74, N/A, 200.14, 100|2, 57, N/A, 34.71, 0|3, 59, N/A, 31.33, 0|
13:08:25 0, 79, N/A, 124.28, 100|1, 71, N/A, 56.64, 0|2, 56, N/A, 34.87, 0|3, 59, N/A, 31.45, 0|
13:08:27 0, 77, N/A, 48.09, 0|1, 73, N/A, 194.55, 100|2, 56, N/A, 34.84, 0|3, 59, N/A, 31.43, 0|
13:08:29 0, 79, N/A, 144.40, 100|1, 75, N/A, 201.96, 100|2, 56, N/A, 34.74, 0|3, 59, N/A, 31.33, 0|
13:08:31 0, 79, N/A, 109.63, 100|1, 70, N/A, 55.46, 0|2, 56, N/A, 34.87, 0|3, 59, N/A, 31.45, 0|
13:08:33 0, 77, N/A, 48.85, 0|1, 74, N/A, 187.32, 100|2, 56, N/A, 34.82, 0|3, 59, N/A, 31.41, 0|
13:08:35 0, 79, N/A, 119.62, 100|1, 75, N/A, 161.55, 100|2, 56, N/A, 34.80, 0|3, 59, N/A, 31.39, 0|
13:08:37 0, 79, N/A, 102.91, 100|1, 70, N/A, 55.26, 0|2, 57, N/A, 34.89, 0|3, 59, N/A, 31.48, 0|
13:08:40 0, 79, N/A, 159.50, 100|1, 75, N/A, 172.68, 100|2, 57, N/A, 34.78, 0|3, 59, N/A, 31.35, 0|
13:08:42 0, 79, N/A, 128.50, 100|1, 73, N/A, 57.62, 0|2, 56, N/A, 34.85, 0|3, 59, N/A, 31.45, 0|
13:08:44 0, 78, N/A, 53.19, 0|1, 73, N/A, 174.36, 100|2, 57, N/A, 34.82, 0|3, 59, N/A, 31.17, 0|
13:08:46 0, 79, N/A, 144.07, 100|1, 76, N/A, 201.96, 100|2, 57, N/A, 34.73, 0|3, 59, N/A, 31.33, 0|
13:08:48 0, 79, N/A, 105.03, 100|1, 71, N/A, 55.95, 0|2, 56, N/A, 34.89, 0|3, 59, N/A, 31.47, 0|
13:08:50 0, 77, N/A, 47.36, 0|1, 75, N/A, 200.81, 100|2, 56, N/A, 34.82, 0|3, 59, N/A, 31.41, 0|
13:08:52 0, 79, N/A, 111.93, 100|1, 76, N/A, 182.71, 100|2, 56, N/A, 34.78, 0|3, 59, N/A, 31.39, 0|
13:08:54 0, 79, N/A, 112.74, 100|1, 70, N/A, 55.46, 0|2, 56, N/A, 34.89, 0|3, 59, N/A, 31.47, 0|
13:08:56 0, 79, N/A, 148.72, 100|1, 75, N/A, 199.94, 100|2, 56, N/A, 34.71, 0|3, 59, N/A, 31.35, 0|
13:08:58 0, 79, N/A, 98.11, 100|1, 73, N/A, 57.69, 0|2, 56, N/A, 34.89, 0|3, 59, N/A, 31.48, 0|
13:09:00 0, 78, N/A, 48.89, 100|1, 71, N/A, 175.84, 0|2, 57, N/A, 34.83, 0|3, 59, N/A, 31.41, 0|
13:09:03 0, 80, N/A, 146.81, 100|1, 76, N/A, 191.74, 100|2, 56, N/A, 34.73, 0|3, 59, N/A, 31.35, 0|
13:09:05 0, 79, N/A, 108.18, 100|1, 72, N/A, 56.92, 0|2, 56, N/A, 34.89, 0|3, 59, N/A, 31.48, 0|
13:09:07 0, 77, N/A, 47.85, 0|1, 75, N/A, 188.52, 100|2, 56, N/A, 34.82, 0|3, 59, N/A, 31.43, 0|
13:09:09 0, 79, N/A, 132.89, 100|1, 76, N/A, 201.84, 100|2, 56, N/A, 34.76, 0|3, 59, N/A, 31.35, 0|
13:09:11 0, 79, N/A, 105.50, 100|1, 72, N/A, 56.44, 0|2, 56, N/A, 34.87, 0|3, 59, N/A, 31.45, 0|
13:09:13 0, 77, N/A, 47.36, 0|1, 75, N/A, 193.81, 100|2, 56, N/A, 34.80, 0|3, 59, N/A, 31.39, 0|
13:09:15 0, 79, N/A, 126.38, 100|1, 76, N/A, 203.53, 100|2, 57, N/A, 34.76, 0|3, 59, N/A, 31.35, 0|
13:09:17 0, 79, N/A, 50.83, 72|1, 72, N/A, 158.27, 0|2, 57, N/A, 34.85, 0|3, 59, N/A, 31.44, 0|
13:09:19 0, 80, N/A, 163.89, 100|1, 76, N/A, 200.76, 100|2, 56, N/A, 34.73, 0|3, 59, N/A, 31.33, 0|
13:09:21 0, 79, N/A, 104.85, 100|1, 72, N/A, 56.93, 0|2, 56, N/A, 34.89, 0|3, 59, N/A, 31.48, 0|
13:09:23 0, 77, N/A, 52.71, 0|1, 75, N/A, 199.12, 100|2, 56, N/A, 34.82, 0|3, 59, N/A, 31.41, 0|
13:09:26 0, 79, N/A, 109.27, 100|1, 76, N/A, 178.27, 100|2, 56, N/A, 34.76, 0|3, 59, N/A, 31.35, 0|
13:09:28 0, 79, N/A, 112.00, 100|1, 71, N/A, 56.16, 0|2, 56, N/A, 34.87, 0|3, 59, N/A, 31.45, 0|
13:09:30 0, 76, N/A, 52.92, 0|1, 75, N/A, 201.27, 100|2, 56, N/A, 34.80, 0|3, 59, N/A, 31.39, 0|
13:09:32 0, 79, N/A, 149.52, 100|1, 75, N/A, 198.36, 100|2, 56, N/A, 34.73, 0|3, 59, N/A, 31.33, 0|
13:09:34 0, 79, N/A, 71.38, 100|1, 70, N/A, 142.23, 0|2, 56, N/A, 34.85, 0|3, 59, N/A, 31.43, 0|
13:09:36 0, 80, N/A, 165.79, 100|1, 76, N/A, 202.54, 100|2, 56, N/A, 34.71, 0|3, 59, N/A, 31.31, 0|
13:09:38 0, 79, N/A, 115.39, 100|1, 72, N/A, 56.68, 0|2, 56, N/A, 34.87, 0|3, 59, N/A, 31.47, 0|
13:09:40 0, 77, N/A, 47.85, 0|1, 74, N/A, 191.52, 100|2, 56, N/A, 34.80, 0|3, 59, N/A, 31.41, 0|
13:09:42 0, 79, N/A, 119.76, 100|1, 76, N/A, 195.59, 100|2, 56, N/A, 34.76, 0|3, 59, N/A, 31.35, 0|
13:09:44 0, 79, N/A, 119.92, 100|1, 71, N/A, 55.91, 0|2, 56, N/A, 34.87, 0|3, 59, N/A, 31.45, 0|
13:09:46 0, 76, N/A, 47.15, 0|1, 74, N/A, 163.60, 100|2, 56, N/A, 34.82, 0|3, 59, N/A, 31.41, 0|
13:09:49 0, 79, N/A, 135.93, 100|1, 75, N/A, 201.58, 100|2, 56, N/A, 34.71, 0|3, 59, N/A, 31.31, 0|
13:09:51 0, 78, N/A, 49.06, 28|1, 71, N/A, 194.79, 6|2, 56, N/A, 34.80, 0|3, 59, N/A, 31.39, 0|
13:09:53 0, 80, N/A, 166.14, 100|1, 74, N/A, 171.65, 100|2, 56, N/A, 34.73, 0|3, 59, N/A, 31.31, 0|
13:09:55 0, 79, N/A, 142.93, 100|1, 70, N/A, 55.15, 0|2, 56, N/A, 34.82, 0|3, 59, N/A, 31.43, 0|
13:09:57 0, 76, N/A, 50.77, 0|1, 72, N/A, 165.13, 100|2, 56, N/A, 34.82, 0|3, 59, N/A, 31.41, 0|
13:09:59 0, 79, N/A, 131.68, 100|1, 73, N/A, 200.76, 100|2, 56, N/A, 34.73, 0|3, 59, N/A, 31.33, 0|
13:10:01 0, 79, N/A, 132.93, 100|1, 68, N/A, 53.51, 0|2, 56, N/A, 34.87, 0|3, 59, N/A, 31.45, 0|
13:10:03 0, 79, N/A, 184.82, 100|1, 72, N/A, 172.00, 100|2, 56, N/A, 34.71, 0|3, 59, N/A, 31.31, 0|
13:10:05 0, 79, N/A, 123.79, 100|1, 70, N/A, 55.91, 0|2, 56, N/A, 34.85, 0|3, 59, N/A, 31.45, 0|
13:10:07 0, 77, N/A, 53.19, 0|1, 71, N/A, 188.62, 100|2, 56, N/A, 34.82, 0|3, 59, N/A, 31.41, 0|
13:10:09 0, 79, N/A, 125.08, 100|1, 73, N/A, 174.03, 100|2, 56, N/A, 34.76, 0|3, 59, N/A, 31.33, 0|
13:10:12 0, 79, N/A, 127.85, 100|1, 68, N/A, 53.72, 0|2, 56, N/A, 34.85, 0|3, 59, N/A, 31.43, 0|
13:10:14 0, 76, N/A, 52.47, 0|1, 72, N/A, 171.95, 100|2, 56, N/A, 34.56, 0|3, 59, N/A, 31.39, 0|
13:10:16 0, 79, N/A, 154.58, 100|1, 72, N/A, 199.32, 100|2, 56, N/A, 34.71, 0|3, 59, N/A, 31.33, 0|
13:10:18 0, 78, N/A, 51.98, 90|1, 69, N/A, 183.82, 43|2, 56, N/A, 34.82, 0|3, 59, N/A, 31.41, 0|
13:10:20 0, 80, N/A, 200.59, 100|1, 72, N/A, 195.33, 100|2, 56, N/A, 34.71, 0|3, 59, N/A, 31.31, 0|
13:10:22 0, 79, N/A, 134.39, 100|1, 69, N/A, 54.45, 0|2, 56, N/A, 34.87, 0|3, 59, N/A, 31.45, 0|
13:10:24 0, 77, N/A, 53.41, 0|1, 71, N/A, 189.60, 100|2, 56, N/A, 34.56, 0|3, 59, N/A, 31.41, 0|
13:10:26 0, 79, N/A, 146.71, 100|1, 73, N/A, 200.28, 100|2, 56, N/A, 34.49, 0|3, 59, N/A, 31.33, 0|
13:10:28 0, 79, N/A, 148.42, 100|1, 68, N/A, 53.72, 0|2, 56, N/A, 34.85, 0|3, 59, N/A, 31.43, 0|
13:10:30 0, 78, N/A, 165.85, 53|1, 72, N/A, 198.46, 100|2, 56, N/A, 34.71, 0|3, 59, N/A, 31.31, 0|
13:10:32 0, 78, N/A, 120.01, 100|1, 74, N/A, 166.53, 100|2, 56, N/A, 34.80, 0|3, 59, N/A, 31.40, 0|
13:10:35 0, 79, N/A, 114.12, 100|1, 68, N/A, 53.51, 0|2, 56, N/A, 34.87, 0|3, 59, N/A, 31.45, 0|
13:10:37 0, 79, N/A, 125.49, 100|1, 73, N/A, 183.16, 100|2, 56, N/A, 34.76, 0|3, 59, N/A, 31.35, 0|
13:10:39 0, 79, N/A, 132.13, 100|1, 70, N/A, 55.67, 0|2, 56, N/A, 34.85, 0|3, 59, N/A, 31.43, 0|
13:10:41 0, 77, N/A, 54.17, 0|1, 71, N/A, 172.79, 100|2, 56, N/A, 34.84, 0|3, 59, N/A, 31.41, 0|
13:10:43 0, 79, N/A, 133.29, 100|1, 73, N/A, 199.91, 100|2, 56, N/A, 34.73, 0|3, 59, N/A, 31.33, 0|
13:10:45 0, 79, N/A, 134.78, 100|1, 69, N/A, 54.70, 0|2, 56, N/A, 34.87, 0|3, 59, N/A, 31.45, 0|
13:10:47 0, 76, N/A, 47.39, 0|1, 72, N/A, 176.29, 100|2, 56, N/A, 34.82, 0|3, 59, N/A, 31.39, 0|
13:10:49 0, 79, N/A, 148.32, 100|1, 73, N/A, 201.70, 100|2, 56, N/A, 34.73, 0|3, 59, N/A, 31.33, 0|
13:10:51 0, 79, N/A, 137.45, 100|1, 68, N/A, 53.72, 0|2, 56, N/A, 34.85, 0|3, 59, N/A, 31.43, 0|
13:10:53 0, 79, N/A, 192.66, 100|1, 73, N/A, 199.27, 100|2, 56, N/A, 34.69, 0|3, 59, N/A, 31.29, 0|
13:10:56 0, 79, N/A, 140.52, 100|1, 71, N/A, 57.09, 100|2, 56, N/A, 34.85, 0|3, 59, N/A, 31.43, 0|
13:10:58 0, 77, N/A, 48.82, 0|1, 70, N/A, 190.29, 100|2, 56, N/A, 34.82, 0|3, 59, N/A, 31.41, 0|
13:11:00 0, 79, N/A, 153.77, 100|1, 71, N/A, 179.93, 100|2, 56, N/A, 34.47, 0|3, 59, N/A, 31.31, 0|
13:11:02 0, 79, N/A, 157.00, 100|1, 67, N/A, 53.45, 0|2, 56, N/A, 34.58, 0|3, 59, N/A, 31.41, 0|
13:11:04 0, 76, N/A, 47.12, 0|1, 70, N/A, 195.98, 100|2, 56, N/A, 34.80, 0|3, 59, N/A, 31.39, 0|
13:11:06 0, 78, N/A, 106.87, 100|1, 72, N/A, 169.66, 100|2, 56, N/A, 34.78, 0|3, 59, N/A, 31.37, 0|
13:11:08 0, 79, N/A, 147.05, 100|1, 66, N/A, 52.27, 0|2, 56, N/A, 34.85, 0|3, 59, N/A, 31.43, 0|
13:11:10 0, 79, N/A, 195.07, 100|1, 71, N/A, 188.48, 100|2, 56, N/A, 34.71, 0|3, 59, N/A, 31.31, 0|
13:11:12 0, 79, N/A, 139.16, 100|1, 69, N/A, 55.67, 100|2, 56, N/A, 34.60, 0|3, 59, N/A, 31.43, 0|
13:11:14 0, 77, N/A, 48.85, 0|1, 70, N/A, 163.72, 100|2, 56, N/A, 34.82, 0|3, 59, N/A, 31.43, 0|
13:11:16 0, 80, N/A, 164.13, 100|1, 71, N/A, 163.40, 100|2, 56, N/A, 34.49, 0|3, 59, N/A, 31.33, 0|
13:11:18 0, 78, N/A, 161.03, 100|1, 67, N/A, 53.24, 0|2, 56, N/A, 34.85, 0|3, 59, N/A, 31.43, 0|
13:11:21 0, 76, N/A, 47.88, 0|1, 69, N/A, 164.10, 100|2, 56, N/A, 34.84, 0|3, 59, N/A, 31.43, 0|
13:11:23 0, 79, N/A, 160.75, 100|1, 71, N/A, 197.63, 100|2, 56, N/A, 34.73, 0|3, 59, N/A, 31.33, 0|
13:11:25 0, 79, N/A, 145.84, 100|1, 66, N/A, 52.27, 0|2, 56, N/A, 34.87, 0|3, 59, N/A, 31.45, 0|
13:11:27 0, 79, N/A, 193.28, 100|1, 71, N/A, 198.45, 100|2, 56, N/A, 34.71, 0|3, 59, N/A, 31.31, 0|
13:11:29 0, 79, N/A, 127.12, 100|1, 70, N/A, 56.16, 68|2, 56, N/A, 34.87, 0|3, 59, N/A, 31.45, 0|
13:11:31 0, 77, N/A, 53.16, 42|1, 69, N/A, 193.35, 66|2, 56, N/A, 34.80, 0|3, 59, N/A, 31.39, 0|
13:11:33 0, 80, N/A, 176.41, 100|1, 71, N/A, 174.50, 100|2, 56, N/A, 34.73, 0|3, 59, N/A, 31.33, 0|
13:11:35 0, 79, N/A, 133.58, 100|1, 67, N/A, 53.48, 0|2, 56, N/A, 34.85, 0|3, 59, N/A, 31.43, 0|
13:11:37 0, 76, N/A, 52.71, 0|1, 70, N/A, 195.39, 100|2, 56, N/A, 34.82, 0|3, 59, N/A, 31.41, 0|
13:11:39 0, 80, N/A, 164.60, 100|1, 70, N/A, 201.69, 100|2, 56, N/A, 34.71, 0|3, 59, N/A, 31.31, 0|
13:11:42 0, 79, N/A, 126.70, 100|1, 66, N/A, 52.54, 0|2, 56, N/A, 34.62, 0|3, 59, N/A, 31.45, 0|
13:11:44 0, 76, N/A, 47.12, 0|1, 70, N/A, 197.44, 100|2, 56, N/A, 34.58, 0|3, 59, N/A, 31.39, 0|
13:11:46 0, 79, N/A, 136.68, 100|1, 71, N/A, 191.12, 100|2, 56, N/A, 34.76, 0|3, 59, N/A, 31.35, 0|
13:11:48 0, 79, N/A, 137.20, 100|1, 66, N/A, 52.02, 0|2, 56, N/A, 34.60, 0|3, 59, N/A, 31.43, 0|
13:11:50 0, 79, N/A, 195.79, 100|1, 70, N/A, 184.38, 100|2, 56, N/A, 34.71, 0|3, 59, N/A, 31.31, 0|
13:11:52 0, 79, N/A, 128.10, 100|1, 69, N/A, 55.22, 94|2, 56, N/A, 34.62, 0|3, 59, N/A, 31.45, 0|
13:11:54 0, 77, N/A, 53.19, 0|1, 68, N/A, 192.74, 100|2, 56, N/A, 34.58, 0|3, 59, N/A, 31.41, 0|
13:11:56 0, 80, N/A, 200.00, 100|1, 71, N/A, 167.00, 100|2, 56, N/A, 34.49, 0|3, 59, N/A, 31.31, 0|
13:11:58 0, 79, N/A, 137.32, 100|1, 67, N/A, 53.27, 0|2, 56, N/A, 34.62, 0|3, 59, N/A, 31.45, 0|
13:12:00 0, 77, N/A, 51.25, 0|1, 70, N/A, 195.64, 100|2, 56, N/A, 34.58, 0|3, 59, N/A, 31.41, 0|
13:12:02 0, 80, N/A, 121.30, 100|1, 71, N/A, 186.46, 100|2, 56, N/A, 34.51, 0|3, 59, N/A, 31.37, 0|
13:12:05 0, 79, N/A, 118.81, 100|1, 67, N/A, 52.82, 0|2, 56, N/A, 34.65, 0|3, 59, N/A, 31.48, 0|
13:12:07 0, 77, N/A, 52.46, 0|1, 71, N/A, 197.92, 100|2, 56, N/A, 34.80, 0|3, 59, N/A, 31.41, 0|
13:12:09 0, 79, N/A, 127.10, 100|1, 72, N/A, 199.19, 100|2, 56, N/A, 34.76, 0|3, 59, N/A, 31.35, 0|
13:12:11 0, 79, N/A, 119.19, 100|1, 67, N/A, 52.54, 0|2, 56, N/A, 34.62, 0|3, 59, N/A, 31.45, 0|
13:12:13 0, 77, N/A, 151.35, 11|1, 70, N/A, 209.74, 100|2, 56, N/A, 34.73, 0|3, 59, N/A, 31.35, 0|
13:12:15 0, 79, N/A, 148.39, 100|1, 72, N/A, 198.25, 100|2, 56, N/A, 34.76, 0|3, 59, N/A, 31.33, 0|
13:12:17 0, 79, N/A, 142.46, 100|1, 66, N/A, 52.30, 0|2, 56, N/A, 34.62, 0|3, 59, N/A, 31.45, 0|
13:12:19 0, 80, N/A, 168.83, 100|1, 71, N/A, 178.53, 100|2, 56, N/A, 34.49, 0|3, 59, N/A, 31.31, 0|
13:12:21 0, 79, N/A, 116.05, 100|1, 69, N/A, 54.73, 0|2, 56, N/A, 34.62, 0|3, 59, N/A, 31.45, 0|
13:12:23 0, 78, N/A, 49.55, 0|1, 70, N/A, 196.12, 100|2, 56, N/A, 34.82, 0|3, 59, N/A, 31.41, 0|
13:12:25 0, 80, N/A, 138.55, 100|1, 72, N/A, 179.70, 100|2, 56, N/A, 34.51, 0|3, 59, N/A, 31.35, 0|
13:12:28 0, 79, N/A, 127.93, 100|1, 69, N/A, 54.25, 0|2, 56, N/A, 34.65, 0|3, 59, N/A, 31.45, 0|
13:12:30 0, 77, N/A, 48.15, 0|1, 70, N/A, 167.02, 100|2, 56, N/A, 34.85, 0|3, 59, N/A, 31.42, 0|
13:12:32 0, 79, N/A, 127.91, 100|1, 72, N/A, 204.60, 100|2, 56, N/A, 34.76, 0|3, 59, N/A, 31.35, 0|
13:12:34 0, 79, N/A, 104.61, 100|1, 69, N/A, 54.28, 0|2, 56, N/A, 34.89, 0|3, 59, N/A, 31.48, 0|
13:12:36 0, 78, N/A, 52.95, 0|1, 71, N/A, 194.90, 100|2, 56, N/A, 34.82, 0|3, 59, N/A, 31.43, 0|
13:12:38 0, 79, N/A, 132.74, 100|1, 73, N/A, 197.18, 100|2, 56, N/A, 34.78, 0|3, 59, N/A, 31.37, 0|
13:12:40 0, 79, N/A, 100.73, 100|1, 70, N/A, 54.77, 0|2, 56, N/A, 34.89, 0|3, 59, N/A, 31.48, 0|
13:12:42 0, 78, N/A, 49.79, 0|1, 71, N/A, 196.37, 100|2, 56, N/A, 34.82, 0|3, 59, N/A, 31.41, 0|
13:12:44 0, 80, N/A, 144.88, 100|1, 74, N/A, 199.19, 100|2, 56, N/A, 34.76, 0|3, 59, N/A, 31.33, 0|
13:12:46 0, 79, N/A, 98.54, 100|1, 70, N/A, 55.26, 0|2, 56, N/A, 34.89, 0|3, 59, N/A, 31.48, 0|
13:12:48 0, 79, N/A, 98.54, 100|1, 68, N/A, 53.31, 0|2, 56, N/A, 34.65, 0|3, 59, N/A, 31.48, 0|
13:12:51 0, 79, N/A, 146.32, 100|1, 74, N/A, 199.43, 100|2, 56, N/A, 34.74, 0|3, 59, N/A, 31.35, 0|
13:12:53 0, 79, N/A, 116.85, 100|1, 73, N/A, 60.54, 100|2, 56, N/A, 34.87, 0|3, 59, N/A, 31.46, 0|
13:12:55 0, 79, N/A, 127.12, 100|1, 69, N/A, 53.03, 0|2, 56, N/A, 34.62, 0|3, 59, N/A, 31.47, 0|
13:12:57 0, 80, N/A, 143.68, 100|1, 74, N/A, 193.17, 100|2, 56, N/A, 34.73, 0|3, 59, N/A, 31.35, 0|
13:12:59 0, 79, N/A, 109.33, 100|1, 72, N/A, 57.65, 82|2, 56, N/A, 34.87, 0|3, 59, N/A, 31.47, 0|
13:13:01 0, 79, N/A, 104.54, 100|1, 69, N/A, 53.31, 0|2, 56, N/A, 34.89, 0|3, 59, N/A, 31.48, 0|
13:13:03 0, 78, N/A, 153.92, 92|1, 74, N/A, 199.08, 100|2, 56, N/A, 34.73, 0|3, 59, N/A, 31.33, 0|
13:13:05 0, 79, N/A, 115.90, 100|1, 75, N/A, 201.13, 100|2, 56, N/A, 34.76, 0|3, 59, N/A, 31.35, 0|
13:13:07 0, 79, N/A, 107.45, 100|1, 69, N/A, 53.31, 0|2, 56, N/A, 34.65, 0|3, 59, N/A, 31.48, 0|
13:13:09 0, 78, N/A, 141.72, 15|1, 74, N/A, 198.25, 100|2, 56, N/A, 34.76, 0|3, 59, N/A, 31.33, 0|
13:13:12 0, 79, N/A, 112.53, 100|1, 75, N/A, 202.23, 100|2, 56, N/A, 34.76, 0|3, 59, N/A, 31.35, 0|
13:13:14 0, 79, N/A, 111.83, 100|1, 69, N/A, 52.82, 0|2, 56, N/A, 34.65, 0|3, 59, N/A, 31.48, 0|
13:13:16 0, 79, N/A, 186.89, 84|1, 74, N/A, 198.70, 100|2, 56, N/A, 34.71, 0|3, 59, N/A, 31.31, 0|
13:13:18 0, 79, N/A, 139.56, 100|1, 75, N/A, 203.29, 100|2, 56, N/A, 34.51, 0|3, 59, N/A, 31.33, 0|
13:13:20 0, 79, N/A, 109.40, 100|1, 70, N/A, 54.77, 0|2, 56, N/A, 34.89, 0|3, 59, N/A, 31.48, 0|
13:13:22 0, 79, N/A, 160.60, 100|1, 75, N/A, 201.96, 100|2, 56, N/A, 34.73, 0|3, 59, N/A, 31.33, 0|
13:13:24 0, 79, N/A, 116.94, 100|1, 76, N/A, 172.32, 100|2, 56, N/A, 34.80, 0|3, 59, N/A, 31.44, 0|
13:13:26 0, 79, N/A, 105.34, 100|1, 70, N/A, 55.26, 0|2, 56, N/A, 34.89, 0|3, 59, N/A, 31.48, 0|
13:13:28 0, 78, N/A, 136.99, 28|1, 75, N/A, 199.45, 100|2, 56, N/A, 34.74, 0|3, 59, N/A, 31.58, 0|
13:13:30 0, 79, N/A, 96.46, 100|1, 76, N/A, 203.77, 100|2, 56, N/A, 34.76, 0|3, 59, N/A, 31.35, 0|
13:13:33 0, 79, N/A, 112.25, 100|1, 71, N/A, 55.46, 0|2, 56, N/A, 34.87, 0|3, 59, N/A, 31.45, 0|
13:13:35 0, 78, N/A, 130.57, 23|1, 75, N/A, 181.86, 100|2, 56, N/A, 34.78, 0|3, 59, N/A, 31.35, 0|
13:13:37 0, 79, N/A, 111.38, 100|1, 76, N/A, 202.23, 100|2, 56, N/A, 34.78, 0|3, 59, N/A, 31.37, 0|
13:13:39 0, 79, N/A, 119.45, 100|1, 70, N/A, 55.22, 0|2, 56, N/A, 34.87, 0|3, 59, N/A, 31.45, 0|
13:13:41 0, 77, N/A, 158.09, 94|1, 74, N/A, 198.36, 100|2, 56, N/A, 34.73, 0|3, 59, N/A, 31.33, 0|
13:13:43 0, 79, N/A, 111.56, 100|1, 76, N/A, 201.85, 100|2, 56, N/A, 34.76, 0|3, 59, N/A, 31.35, 0|
13:13:45 0, 79, N/A, 111.27, 100|1, 70, N/A, 55.22, 0|2, 56, N/A, 34.87, 0|3, 59, N/A, 31.45, 0|
13:13:47 0, 78, N/A, 181.44, 52|1, 75, N/A, 200.86, 100|2, 56, N/A, 34.71, 0|3, 59, N/A, 31.31, 0|
13:13:49 0, 79, N/A, 134.58, 100|1, 76, N/A, 202.95, 100|2, 56, N/A, 34.76, 0|3, 59, N/A, 31.35, 0|
13:13:51 0, 79, N/A, 108.68, 100|1, 70, N/A, 55.50, 0|2, 56, N/A, 34.89, 0|3, 59, N/A, 31.48, 0|
13:13:53 0, 78, N/A, 171.86, 91|1, 75, N/A, 201.82, 100|2, 56, N/A, 34.71, 0|3, 59, N/A, 31.31, 0|
13:13:56 0, 79, N/A, 136.44, 100|1, 76, N/A, 203.88, 100|2, 56, N/A, 34.73, 0|3, 59, N/A, 31.33, 0|
13:13:58 0, 79, N/A, 108.42, 100|1, 71, N/A, 55.50, 0|2, 56, N/A, 34.89, 0|3, 59, N/A, 31.48, 0|
13:14:00 0, 78, N/A, 156.02, 23|1, 75, N/A, 200.17, 100|2, 56, N/A, 34.76, 0|3, 59, N/A, 31.35, 0|
13:14:02 0, 79, N/A, 101.36, 100|1, 77, N/A, 204.63, 100|2, 56, N/A, 34.78, 0|3, 59, N/A, 31.37, 0|
13:14:04 0, 79, N/A, 110.86, 100|1, 71, N/A, 55.72, 0|2, 56, N/A, 34.87, 0|3, 59, N/A, 31.45, 0|
13:14:06 0, 77, N/A, 47.39, 0|1, 76, N/A, 186.21, 100|2, 57, N/A, 34.85, 0|3, 59, N/A, 31.43, 0|
13:14:08 0, 79, N/A, 110.32, 100|1, 77, N/A, 163.67, 100|2, 57, N/A, 34.80, 0|3, 59, N/A, 31.39, 0|
13:14:10 0, 79, N/A, 102.91, 100|1, 72, N/A, 56.23, 0|2, 57, N/A, 34.89, 0|3, 59, N/A, 31.48, 0|
13:14:12 0, 77, N/A, 52.46, 0|1, 75, N/A, 198.87, 100|2, 56, N/A, 34.82, 0|3, 59, N/A, 31.43, 0|
13:14:14 0, 79, N/A, 97.01, 100|1, 77, N/A, 187.65, 100|2, 57, N/A, 34.76, 0|3, 59, N/A, 31.62, 0|
13:14:16 0, 79, N/A, 102.18, 100|1, 72, N/A, 56.93, 0|2, 57, N/A, 34.89, 0|3, 59, N/A, 31.48, 0|
13:14:19 0, 77, N/A, 47.85, 0|1, 74, N/A, 187.77, 100|2, 56, N/A, 34.80, 0|3, 59, N/A, 31.41, 0|
13:14:21 0, 79, N/A, 140.62, 100|1, 76, N/A, 191.87, 100|2, 56, N/A, 34.73, 0|3, 59, N/A, 31.33, 0|
13:14:23 0, 79, N/A, 113.22, 100|1, 73, N/A, 57.41, 0|2, 56, N/A, 34.87, 0|3, 59, N/A, 31.45, 0|
13:14:25 0, 77, N/A, 48.09, 0|1, 75, N/A, 189.03, 100|2, 56, N/A, 34.80, 0|3, 60, N/A, 31.41, 0|
13:14:27 0, 80, N/A, 156.51, 100|1, 76, N/A, 169.23, 100|2, 56, N/A, 34.74, 0|3, 59, N/A, 31.58, 0|
13:14:29 0, 79, N/A, 123.31, 100|1, 73, N/A, 57.62, 0|2, 56, N/A, 34.87, 0|3, 59, N/A, 31.45, 0|
13:14:31 0, 77, N/A, 48.09, 0|1, 75, N/A, 202.48, 100|2, 57, N/A, 34.80, 0|3, 59, N/A, 31.39, 0|
13:14:33 0, 76, N/A, 53.16, 0|1, 77, N/A, 203.80, 100|2, 56, N/A, 34.80, 0|3, 59, N/A, 31.41, 0|
13:14:35 0, 77, N/A, 159.59, 100|1, 74, N/A, 58.55, 3|2, 57, N/A, 34.84, 0|3, 59, N/A, 31.41, 0|
13:14:37 0, 79, N/A, 135.75, 100|1, 71, N/A, 55.67, 0|2, 56, N/A, 34.87, 0|3, 59, N/A, 31.45, 0|
13:14:39 0, 79, N/A, 124.54, 100|1, 70, N/A, 54.98, 0|2, 57, N/A, 34.87, 0|3, 59, N/A, 31.45, 0|
13:14:41 0, 76, N/A, 47.12, 0|1, 76, N/A, 200.57, 100|2, 56, N/A, 34.80, 0|3, 59, N/A, 31.66, 0|
13:14:44 0, 75, N/A, 46.42, 0|1, 77, N/A, 176.32, 100|2, 56, N/A, 34.82, 0|3, 59, N/A, 31.41, 0|
13:14:46 0, 78, N/A, 83.85, 50|1, 73, N/A, 179.63, 56|2, 56, N/A, 34.80, 0|3, 59, N/A, 31.39, 0|
13:14:48 0, 78, N/A, 196.20, 52|1, 72, N/A, 59.48, 56|2, 56, N/A, 34.80, 0|3, 59, N/A, 31.64, 0|
13:14:50 0, 77, N/A, 157.82, 43|1, 73, N/A, 86.54, 47|2, 56, N/A, 34.82, 0|3, 59, N/A, 31.41, 0|
13:14:52 0, 78, N/A, 60.21, 43|1, 73, N/A, 196.96, 50|2, 57, N/A, 34.82, 0|3, 59, N/A, 31.66, 0|
13:14:54 0, 79, N/A, 106.57, 53|1, 72, N/A, 158.29, 56|2, 56, N/A, 34.82, 0|3, 59, N/A, 31.41, 0|
13:14:56 0, 79, N/A, 194.07, 43|1, 73, N/A, 60.45, 47|2, 57, N/A, 34.82, 0|3, 59, N/A, 31.40, 0|
13:14:58 0, 78, N/A, 162.15, 43|1, 74, N/A, 75.95, 47|2, 56, N/A, 34.82, 0|3, 59, N/A, 31.66, 0|
13:15:00 0, 78, N/A, 58.51, 53|1, 74, N/A, 198.49, 56|2, 57, N/A, 34.80, 0|3, 59, N/A, 31.66, 0|
13:15:02 0, 79, N/A, 81.67, 47|1, 73, N/A, 181.29, 56|2, 56, N/A, 34.80, 0|3, 59, N/A, 31.64, 0|
13:15:04 0, 78, N/A, 132.76, 53|1, 73, N/A, 78.62, 53|2, 56, N/A, 34.82, 0|3, 59, N/A, 31.41, 0|
13:15:07 0, 78, N/A, 56.07, 43|1, 73, N/A, 164.57, 55|2, 56, N/A, 34.80, 0|3, 59, N/A, 31.39, 0|
13:15:09 0, 79, N/A, 67.89, 43|1, 72, N/A, 191.37, 47|2, 56, N/A, 34.80, 0|3, 59, N/A, 31.64, 0|
13:15:11 0, 77, N/A, 67.26, 53|1, 71, N/A, 170.98, 29|2, 57, N/A, 34.82, 0|3, 59, N/A, 31.41, 0|
13:15:13 0, 78, N/A, 87.98, 47|1, 71, N/A, 180.18, 51|2, 56, N/A, 34.80, 0|3, 59, N/A, 31.41, 0|
13:15:15 0, 79, N/A, 196.08, 43|1, 71, N/A, 98.47, 47|2, 57, N/A, 34.80, 0|3, 59, N/A, 31.39, 0|
13:15:17 0, 78, N/A, 187.66, 53|1, 71, N/A, 64.79, 48|2, 56, N/A, 34.82, 0|3, 59, N/A, 31.39, 0|
13:15:19 0, 78, N/A, 58.26, 48|1, 71, N/A, 201.38, 56|2, 56, N/A, 34.82, 0|3, 59, N/A, 31.66, 0|
13:15:21 0, 78, N/A, 70.12, 43|1, 71, N/A, 185.84, 51|2, 56, N/A, 34.80, 0|3, 59, N/A, 31.66, 0|
13:15:23 0, 79, N/A, 197.44, 49|1, 71, N/A, 57.30, 47|2, 56, N/A, 34.82, 0|3, 59, N/A, 31.39, 0|
13:15:25 0, 78, N/A, 163.76, 53|1, 72, N/A, 81.72, 56|2, 56, N/A, 34.82, 0|3, 59, N/A, 31.39, 0|
13:15:27 0, 79, N/A, 60.45, 43|1, 72, N/A, 195.74, 56|2, 56, N/A, 34.80, 0|3, 59, N/A, 31.64, 0|
13:15:30 0, 78, N/A, 67.98, 53|1, 70, N/A, 164.19, 47|2, 56, N/A, 34.82, 0|3, 59, N/A, 31.41, 0|
13:15:32 0, 78, N/A, 53.43, 46|1, 71, N/A, 194.87, 53|2, 56, N/A, 34.82, 0|3, 59, N/A, 31.39, 0|
13:15:34 0, 79, N/A, 101.19, 43|1, 70, N/A, 163.88, 47|2, 56, N/A, 34.80, 0|3, 59, N/A, 31.64, 0|
13:15:36 0, 79, N/A, 195.72, 53|1, 71, N/A, 58.47, 47|2, 56, N/A, 34.80, 0|3, 60, N/A, 31.63, 0|
13:15:38 0, 78, N/A, 144.35, 51|1, 71, N/A, 94.94, 56|2, 56, N/A, 34.80, 0|3, 59, N/A, 31.64, 0|
13:15:40 0, 79, N/A, 61.42, 43|1, 70, N/A, 191.77, 56|2, 56, N/A, 34.80, 0|3, 59, N/A, 31.64, 0|
13:15:42 0, 79, N/A, 131.49, 46|1, 69, N/A, 140.26, 47|2, 56, N/A, 34.82, 0|3, 60, N/A, 31.39, 0|
13:15:44 0, 79, N/A, 196.06, 53|1, 70, N/A, 58.27, 52|2, 56, N/A, 34.80, 0|3, 60, N/A, 31.40, 0|
13:15:46 0, 78, N/A, 130.50, 43|1, 70, N/A, 103.39, 56|2, 56, N/A, 34.80, 0|3, 59, N/A, 31.39, 0|
13:15:48 0, 79, N/A, 62.39, 43|1, 70, N/A, 193.19, 47|2, 56, N/A, 34.80, 0|3, 59, N/A, 31.39, 0|
13:15:50 0, 79, N/A, 60.69, 53|1, 70, N/A, 191.74, 47|2, 56, N/A, 34.80, 0|3, 59, N/A, 31.41, 0|
13:15:52 0, 78, N/A, 51.25, 47|1, 69, N/A, 183.67, 51|2, 56, N/A, 34.82, 0|3, 59, N/A, 31.41, 0|
13:15:55 0, 78, N/A, 165.05, 44|1, 70, N/A, 69.16, 56|2, 56, N/A, 34.82, 0|3, 59, N/A, 31.41, 0|
13:15:57 0, 79, N/A, 59.72, 43|1, 70, N/A, 194.76, 56|2, 56, N/A, 34.80, 0|3, 59, N/A, 31.66, 0|
13:15:59 0, 79, N/A, 93.99, 53|1, 69, N/A, 170.74, 47|2, 56, N/A, 34.80, 0|3, 59, N/A, 31.40, 0|
13:16:01 0, 79, N/A, 188.24, 53|1, 70, N/A, 58.75, 48|2, 56, N/A, 34.82, 0|3, 59, N/A, 31.39, 0|
13:16:03 0, 78, N/A, 80.26, 43|1, 70, N/A, 112.04, 56|2, 56, N/A, 34.82, 0|3, 59, N/A, 31.39, 0|
13:16:05 0, 79, N/A, 56.56, 43|1, 70, N/A, 195.14, 55|2, 56, N/A, 34.82, 0|3, 60, N/A, 31.41, 0|
13:16:07 0, 79, N/A, 122.91, 52|1, 69, N/A, 158.70, 47|2, 56, N/A, 34.82, 0|3, 59, N/A, 31.41, 0|
13:16:09 0, 78, N/A, 167.69, 53|1, 70, N/A, 69.60, 47|2, 56, N/A, 34.80, 0|3, 59, N/A, 31.39, 0|
13:16:11 0, 78, N/A, 84.33, 52|1, 70, N/A, 138.41, 47|2, 56, N/A, 34.80, 0|3, 59, N/A, 31.39, 0|
13:16:13 0, 79, N/A, 64.77, 43|1, 69, N/A, 186.96, 56|2, 56, N/A, 34.80, 0|3, 60, N/A, 31.64, 0|
13:16:16 0, 79, N/A, 200.99, 43|1, 68, N/A, 55.08, 56|2, 56, N/A, 34.80, 0|3, 60, N/A, 31.39, 0|
13:16:18 0, 78, N/A, 176.74, 52|1, 69, N/A, 68.18, 47|2, 56, N/A, 34.80, 0|3, 59, N/A, 31.39, 0|
13:16:20 0, 78, N/A, 58.98, 50|1, 68, N/A, 192.24, 47|2, 56, N/A, 34.80, 0|3, 60, N/A, 31.39, 0|
13:16:22 0, 79, N/A, 69.34, 43|1, 68, N/A, 182.59, 56|2, 56, N/A, 34.80, 0|3, 59, N/A, 31.64, 0|
13:16:24 0, 79, N/A, 196.68, 43|1, 67, N/A, 54.63, 51|2, 56, N/A, 34.82, 0|3, 59, N/A, 31.39, 0|
13:16:26 0, 78, N/A, 165.58, 52|1, 68, N/A, 76.39, 47|2, 56, N/A, 34.82, 0|3, 60, N/A, 31.40, 0|
13:16:28 0, 78, N/A, 60.45, 47|1, 67, N/A, 189.61, 54|2, 56, N/A, 34.58, 0|3, 59, N/A, 31.41, 0|
13:16:30 0, 79, N/A, 116.87, 43|1, 67, N/A, 147.99, 56|2, 56, N/A, 34.80, 0|3, 59, N/A, 31.64, 0|
13:16:32 0, 79, N/A, 190.37, 53|1, 68, N/A, 59.00, 48|2, 56, N/A, 34.82, 0|3, 60, N/A, 31.39, 0|
13:16:34 0, 78, N/A, 58.75, 53|1, 68, N/A, 195.87, 47|2, 56, N/A, 34.82, 0|3, 59, N/A, 31.41, 0|
13:16:36 0, 79, N/A, 59.96, 44|1, 68, N/A, 190.54, 56|2, 56, N/A, 34.80, 0|3, 59, N/A, 31.41, 0|
13:16:38 0, 79, N/A, 190.37, 43|1, 67, N/A, 54.14, 56|2, 56, N/A, 34.82, 0|3, 60, N/A, 31.41, 0|
13:16:41 0, 79, N/A, 161.82, 52|1, 68, N/A, 79.26, 56|2, 56, N/A, 34.80, 0|3, 60, N/A, 31.39, 0|
13:16:43 0, 79, N/A, 62.63, 52|1, 68, N/A, 191.16, 47|2, 56, N/A, 34.56, 0|3, 59, N/A, 31.64, 0|
13:16:45 0, 78, N/A, 104.40, 45|1, 68, N/A, 113.79, 55|2, 56, N/A, 34.58, 0|3, 60, N/A, 31.66, 0|
13:16:47 0, 79, N/A, 70.11, 52|1, 67, N/A, 180.90, 50|2, 56, N/A, 34.80, 0|3, 59, N/A, 31.64, 0|
13:16:49 0, 79, N/A, 196.81, 52|1, 67, N/A, 55.35, 47|2, 56, N/A, 34.80, 0|3, 59, N/A, 31.64, 0|
13:16:51 0, 78, N/A, 117.50, 43|1, 68, N/A, 113.90, 53|2, 56, N/A, 34.56, 0|3, 59, N/A, 31.39, 0|
13:16:53 0, 79, N/A, 66.23, 43|1, 66, N/A, 185.11, 56|2, 56, N/A, 34.80, 0|3, 59, N/A, 31.39, 0|
13:16:55 0, 79, N/A, 198.96, 51|1, 66, N/A, 53.65, 53|2, 56, N/A, 34.80, 0|3, 59, N/A, 31.64, 0|
13:16:57 0, 78, N/A, 178.84, 52|1, 66, N/A, 63.08, 47|2, 56, N/A, 34.80, 0|3, 59, N/A, 31.39, 0|
13:16:59 0, 78, N/A, 58.99, 44|1, 66, N/A, 190.68, 50|2, 56, N/A, 34.80, 0|3, 59, N/A, 31.64, 0|
13:17:01 0, 79, N/A, 102.69, 43|1, 65, N/A, 156.36, 56|2, 56, N/A, 34.80, 0|3, 59, N/A, 31.64, 0|
13:17:03 0, 78, N/A, 188.38, 52|1, 66, N/A, 57.78, 54|2, 56, N/A, 34.58, 0|3, 60, N/A, 31.64, 0|
13:17:06 0, 78, N/A, 58.75, 53|1, 66, N/A, 191.90, 47|2, 56, N/A, 34.56, 0|3, 59, N/A, 31.41, 0|
13:17:08 0, 79, N/A, 87.49, 44|1, 65, N/A, 171.05, 56|2, 56, N/A, 34.56, 0|3, 59, N/A, 31.64, 0|
13:17:10 0, 79, N/A, 193.89, 43|1, 66, N/A, 56.32, 56|2, 56, N/A, 34.80, 0|3, 60, N/A, 31.64, 0|
13:17:12 0, 79, N/A, 58.75, 48|1, 66, N/A, 189.36, 55|2, 56, N/A, 34.58, 0|3, 60, N/A, 31.66, 0|
13:17:14 0, 79, N/A, 72.79, 52|1, 66, N/A, 180.03, 47|2, 56, N/A, 34.80, 0|3, 59, N/A, 31.66, 0|
13:17:16 0, 78, N/A, 150.99, 52|1, 66, N/A, 54.90, 47|2, 56, N/A, 34.85, 0|3, 59, N/A, 31.68, 0|
13:17:18 0, 76, N/A, 53.37, 0|1, 63, N/A, 49.47, 0|2, 56, N/A, 34.69, 0|3, 59, N/A, 31.51, 0|
13:17:20 0, 75, N/A, 46.58, 0|1, 62, N/A, 42.68, 0|2, 56, N/A, 34.94, 0|3, 59, N/A, 31.52, 0|
13:17:22 0, 77, N/A, 192.35, 45|1, 64, N/A, 97.57, 54|2, 56, N/A, 34.58, 0|3, 59, N/A, 31.66, 0|
13:17:24 0, 79, N/A, 54.41, 100|1, 62, N/A, 179.20, 0|2, 56, N/A, 34.82, 0|3, 59, N/A, 31.68, 0|
13:17:26 0, 77, N/A, 163.98, 46|1, 66, N/A, 75.18, 52|2, 56, N/A, 34.82, 0|3, 59, N/A, 31.66, 0|
13:17:28 0, 78, N/A, 194.77, 45|1, 65, N/A, 77.80, 53|2, 56, N/A, 34.82, 0|3, 59, N/A, 31.41, 0|
13:17:31 0, 79, N/A, 113.48, 47|1, 65, N/A, 150.73, 53|2, 56, N/A, 34.58, 0|3, 59, N/A, 31.64, 0|
13:17:33 0, 79, N/A, 134.07, 100|1, 63, N/A, 49.62, 0|2, 56, N/A, 34.87, 0|3, 59, N/A, 31.45, 0|
13:17:35 0, 79, N/A, 168.94, 100|1, 67, N/A, 168.48, 100|2, 56, N/A, 34.76, 0|3, 59, N/A, 31.59, 0|
13:17:37 0, 79, N/A, 159.40, 64|1, 66, N/A, 193.78, 100|2, 56, N/A, 34.76, 0|3, 59, N/A, 31.60, 0|
13:17:39 0, 77, N/A, 47.64, 0|1, 68, N/A, 195.29, 100|2, 56, N/A, 34.82, 0|3, 59, N/A, 31.66, 0|
13:17:41 0, 79, N/A, 140.36, 100|1, 63, N/A, 49.84, 0|2, 56, N/A, 34.85, 0|3, 59, N/A, 31.70, 0|
13:17:43 0, 77, N/A, 160.09, 13|1, 66, N/A, 53.67, 71|2, 56, N/A, 34.58, 0|3, 59, N/A, 31.66, 0|
13:17:45 0, 79, N/A, 64.05, 46|1, 66, N/A, 156.21, 53|2, 56, N/A, 34.82, 0|3, 59, N/A, 31.64, 0|
13:17:47 0, 79, N/A, 63.31, 46|1, 67, N/A, 164.00, 54|2, 56, N/A, 34.80, 0|3, 60, N/A, 31.39, 0|
13:17:49 0, 79, N/A, 134.46, 100|1, 64, N/A, 50.32, 0|2, 56, N/A, 34.60, 0|3, 60, N/A, 31.68, 0|
13:17:51 0, 78, N/A, 133.85, 100|1, 66, N/A, 192.82, 100|2, 56, N/A, 34.73, 0|3, 59, N/A, 31.57, 0|
13:17:54 0, 77, N/A, 52.95, 0|1, 66, N/A, 155.97, 100|2, 56, N/A, 34.82, 0|3, 60, N/A, 31.66, 0|
13:17:56 0, 78, N/A, 55.13, 100|1, 64, N/A, 176.91, 0|2, 56, N/A, 34.80, 0|3, 59, N/A, 31.41, 0|
13:17:58 0, 79, N/A, 166.82, 100|1, 64, N/A, 50.77, 0|2, 56, N/A, 34.82, 0|3, 60, N/A, 31.43, 0|
13:18:00 0, 79, N/A, 141.84, 100|1, 66, N/A, 164.25, 100|2, 56, N/A, 34.76, 0|3, 59, N/A, 31.60, 0|
13:18:02 0, 79, N/A, 142.61, 100|1, 66, N/A, 195.49, 100|2, 56, N/A, 34.76, 0|3, 59, N/A, 31.59, 0|
13:18:04 0, 77, N/A, 53.24, 0|1, 66, N/A, 166.40, 100|2, 56, N/A, 34.78, 0|3, 60, N/A, 31.62, 0|
13:18:06 0, 78, N/A, 52.71, 62|1, 65, N/A, 178.61, 28|2, 56, N/A, 34.83, 0|3, 59, N/A, 31.68, 0|
13:18:08 0, 79, N/A, 141.41, 100|1, 64, N/A, 50.80, 0|2, 56, N/A, 34.85, 0|3, 59, N/A, 31.68, 0|
13:18:10 0, 80, N/A, 133.46, 100|1, 67, N/A, 160.24, 100|2, 56, N/A, 34.76, 0|3, 59, N/A, 31.58, 0|
13:18:12 0, 79, N/A, 178.35, 100|1, 67, N/A, 177.40, 100|2, 56, N/A, 34.73, 0|3, 59, N/A, 31.58, 0|
13:18:15 0, 77, N/A, 51.77, 0|1, 66, N/A, 158.63, 100|2, 56, N/A, 34.85, 0|3, 59, N/A, 31.68, 0|
13:18:17 0, 79, N/A, 134.47, 100|1, 63, N/A, 49.84, 0|2, 56, N/A, 34.84, 0|3, 59, N/A, 31.68, 0|
13:18:19 0, 79, N/A, 141.65, 100|1, 65, N/A, 52.02, 100|2, 56, N/A, 34.85, 0|3, 60, N/A, 31.43, 0|
13:18:21 0, 78, N/A, 141.98, 100|1, 66, N/A, 180.55, 100|2, 56, N/A, 34.73, 0|3, 60, N/A, 31.56, 0|
13:18:23 0, 77, N/A, 53.96, 0|1, 66, N/A, 168.06, 100|2, 56, N/A, 34.56, 0|3, 59, N/A, 31.62, 0|
13:18:25 0, 79, N/A, 78.92, 100|1, 63, N/A, 119.88, 0|2, 56, N/A, 34.85, 0|3, 60, N/A, 31.66, 0|
13:18:27 0, 79, N/A, 152.30, 100|1, 64, N/A, 51.05, 32|2, 56, N/A, 34.60, 0|3, 59, N/A, 31.68, 0|
13:18:29 0, 79, N/A, 188.00, 100|1, 64, N/A, 50.05, 0|2, 56, N/A, 34.82, 0|3, 59, N/A, 31.68, 0|
13:18:31 0, 77, N/A, 53.96, 0|1, 66, N/A, 152.37, 100|2, 56, N/A, 34.60, 0|3, 59, N/A, 31.43, 0|
13:18:33 0, 78, N/A, 68.18, 47|1, 65, N/A, 186.55, 52|2, 56, N/A, 34.80, 0|3, 59, N/A, 31.64, 0|
13:18:35 0, 78, N/A, 108.46, 45|1, 66, N/A, 111.31, 52|2, 56, N/A, 34.80, 0|3, 59, N/A, 31.41, 0|
13:18:38 0, 79, N/A, 181.97, 47|1, 66, N/A, 66.49, 55|2, 56, N/A, 34.80, 0|3, 59, N/A, 31.41, 0|
13:18:40 0, 76, N/A, 55.39, 0|1, 63, N/A, 49.54, 0|2, 56, N/A, 34.72, 0|3, 59, N/A, 31.54, 0|
