13:12:29 0, 55, N/A, 40.36, 0|1, 53, N/A, 44.30, 0|2, 52, N/A, 46.27, 0|3, 50, N/A, 39.10, 0|4, 48, N/A, 40.33, 0|5, 47, N/A, 39.13, 0|6, 39, N/A, 28.53, 0|
13:12:31 0, 54, N/A, 40.36, 1|1, 53, N/A, 44.05, 0|2, 52, N/A, 46.27, 0|3, 50, N/A, 39.10, 0|4, 48, N/A, 40.33, 0|5, 47, N/A, 38.88, 0|6, 39, N/A, 34.41, 0|
13:12:33 0, 54, N/A, 40.85, 65|1, 53, N/A, 43.80, 0|2, 51, N/A, 40.36, 0|3, 49, N/A, 34.68, 0|4, 48, N/A, 40.33, 0|5, 47, N/A, 38.88, 0|6, 39, N/A, 34.68, 0|
13:12:35 0, 54, N/A, 40.11, 0|1, 53, N/A, 43.80, 0|2, 51, N/A, 46.26, 55|3, 49, N/A, 34.92, 2|4, 48, N/A, 40.33, 0|5, 47, N/A, 38.88, 0|6, 39, N/A, 34.66, 0|
13:12:37 0, 54, N/A, 40.11, 0|1, 52, N/A, 43.81, 0|2, 51, N/A, 46.27, 0|3, 49, N/A, 39.10, 0|4, 48, N/A, 40.33, 25|5, 47, N/A, 39.62, 5|6, 39, N/A, 34.68, 0|
13:12:39 0, 54, N/A, 40.11, 0|1, 52, N/A, 43.80, 0|2, 51, N/A, 46.26, 0|3, 49, N/A, 39.10, 0|4, 48, N/A, 40.33, 0|5, 47, N/A, 38.88, 0|6, 39, N/A, 40.06, 57|
13:12:41 0, 54, N/A, 41.10, 0|1, 52, N/A, 44.79, 0|2, 51, N/A, 47.01, 0|3, 49, N/A, 39.84, 0|4, 48, N/A, 41.07, 0|5, 47, N/A, 39.13, 0|6, 39, N/A, 39.57, 0|
13:12:44 0, 54, N/A, 40.85, 0|1, 52, N/A, 44.54, 0|2, 51, N/A, 47.01, 0|3, 49, N/A, 39.84, 0|4, 48, N/A, 41.07, 0|5, 47, N/A, 39.13, 0|6, 39, N/A, 34.68, 0|
13:12:46 0, 54, N/A, 120.49, 14|1, 52, N/A, 71.77, 12|2, 51, N/A, 48.48, 15|3, 50, N/A, 40.82, 12|4, 48, N/A, 42.55, 14|5, 47, N/A, 41.84, 14|6, 40, N/A, 40.06, 19|
13:12:48 0, 54, N/A, 77.64, 14|1, 53, N/A, 45.53, 12|2, 52, N/A, 49.47, 15|3, 50, N/A, 41.56, 12|4, 48, N/A, 44.02, 14|5, 48, N/A, 44.05, 14|6, 40, N/A, 47.44, 19|
13:12:50 0, 55, N/A, 42.08, 14|1, 53, N/A, 45.77, 12|2, 52, N/A, 50.45, 15|3, 50, N/A, 42.79, 12|4, 49, N/A, 46.73, 14|5, 48, N/A, 50.17, 14|6, 41, N/A, 62.61, 19|
13:12:52 0, 55, N/A, 42.82, 14|1, 53, N/A, 46.76, 12|2, 52, N/A, 52.91, 15|3, 50, N/A, 45.72, 12|4, 49, N/A, 51.13, 14|5, 48, N/A, 57.80, 13|6, 41, N/A, 84.17, 19|
13:12:54 0, 55, N/A, 168.79, 3|1, 52, N/A, 45.03, 2|2, 52, N/A, 48.23, 0|3, 50, N/A, 40.08, 2|4, 48, N/A, 35.42, 2|5, 48, N/A, 39.62, 2|6, 40, N/A, 35.15, 2|
13:12:56 0, 54, N/A, 41.59, 0|1, 53, N/A, 45.03, 0|2, 52, N/A, 49.22, 0|3, 52, N/A, 155.20, 100|4, 48, N/A, 35.42, 0|5, 47, N/A, 39.13, 0|6, 40, N/A, 34.90, 0|
13:12:58 0, 58, N/A, 142.90, 100|1, 54, N/A, 144.62, 100|2, 51, N/A, 48.20, 0|3, 50, N/A, 40.08, 0|4, 48, N/A, 41.07, 0|5, 48, N/A, 39.87, 0|6, 41, N/A, 40.06, 0|
13:13:00 0, 56, N/A, 43.04, 97|1, 54, N/A, 159.96, 1|2, 53, N/A, 49.18, 0|3, 52, N/A, 41.53, 81|4, 52, N/A, 143.46, 96|5, 50, N/A, 138.81, 17|6, 41, N/A, 39.79, 0|
13:13:02 0, 58, N/A, 168.35, 100|1, 54, N/A, 45.49, 0|2, 56, N/A, 165.25, 100|3, 51, N/A, 40.53, 0|4, 52, N/A, 77.53, 100|5, 48, N/A, 118.81, 0|6, 41, N/A, 40.53, 0|
13:13:04 0, 56, N/A, 42.03, 0|1, 54, N/A, 45.74, 0|2, 54, N/A, 50.41, 0|3, 54, N/A, 169.98, 100|4, 53, N/A, 146.24, 100|5, 50, N/A, 40.55, 0|6, 44, N/A, 117.01, 100|
13:13:06 0, 58, N/A, 73.94, 100|1, 53, N/A, 134.08, 0|2, 53, N/A, 48.94, 0|3, 51, N/A, 40.55, 0|4, 50, N/A, 41.78, 0|5, 50, N/A, 40.09, 0|6, 42, N/A, 40.78, 0|
13:13:09 0, 55, N/A, 41.59, 0|1, 53, N/A, 45.28, 0|2, 53, N/A, 49.19, 0|3, 51, N/A, 40.80, 0|4, 52, N/A, 176.10, 100|5, 49, N/A, 40.09, 0|6, 42, N/A, 40.55, 0|
13:13:11 0, 55, N/A, 37.16, 15|1, 54, N/A, 47.25, 12|2, 53, N/A, 53.86, 15|3, 51, N/A, 46.94, 12|4, 50, N/A, 56.54, 14|5, 50, N/A, 65.14, 14|6, 43, N/A, 119.07, 18|
13:13:13 0, 55, N/A, 87.46, 15|1, 53, N/A, 45.53, 12|2, 53, N/A, 49.96, 15|3, 51, N/A, 41.32, 13|4, 50, N/A, 43.28, 14|5, 50, N/A, 37.16, 12|6, 43, N/A, 48.92, 18|
13:13:15 0, 55, N/A, 58.82, 15|1, 54, N/A, 88.99, 12|2, 53, N/A, 131.40, 12|3, 51, N/A, 52.14, 13|4, 50, N/A, 42.60, 14|5, 50, N/A, 35.73, 15|6, 43, N/A, 42.80, 18|
13:13:17 0, 55, N/A, 42.36, 15|1, 54, N/A, 57.87, 10|2, 53, N/A, 80.68, 15|3, 51, N/A, 84.03, 13|4, 51, N/A, 121.00, 14|5, 50, N/A, 65.68, 15|6, 43, N/A, 41.57, 18|
13:13:19 0, 55, N/A, 36.22, 0|1, 53, N/A, 45.09, 0|2, 53, N/A, 40.91, 0|3, 51, N/A, 34.97, 0|4, 50, N/A, 41.86, 0|5, 49, N/A, 34.99, 0|6, 43, N/A, 40.86, 0|
13:13:21 0, 56, N/A, 41.64, 0|1, 55, N/A, 159.43, 100|2, 52, N/A, 40.63, 0|3, 50, N/A, 34.97, 0|4, 50, N/A, 41.86, 0|5, 49, N/A, 34.99, 0|6, 43, N/A, 40.85, 0|
13:13:23 0, 55, N/A, 41.12, 0|1, 53, N/A, 45.07, 0|2, 53, N/A, 47.53, 0|3, 51, N/A, 39.87, 0|4, 51, N/A, 42.58, 0|5, 51, N/A, 163.84, 100|6, 43, N/A, 40.83, 0|
13:13:25 0, 55, N/A, 76.50, 14|1, 53, N/A, 97.84, 12|2, 53, N/A, 117.89, 15|3, 51, N/A, 40.85, 12|4, 51, N/A, 42.85, 14|5, 50, N/A, 41.62, 14|6, 44, N/A, 44.52, 18|
13:13:27 0, 55, N/A, 69.37, 14|1, 53, N/A, 88.75, 12|2, 53, N/A, 136.46, 14|3, 51, N/A, 55.56, 12|4, 51, N/A, 42.82, 14|5, 50, N/A, 41.12, 14|6, 44, N/A, 38.37, 19|
13:13:29 0, 55, N/A, 44.57, 11|1, 53, N/A, 47.80, 10|2, 53, N/A, 51.97, 31|3, 51, N/A, 43.32, 10|4, 51, N/A, 45.07, 18|5, 50, N/A, 42.88, 7|6, 43, N/A, 38.64, 14|
13:13:31 0, 54, N/A, 41.40, 0|1, 53, N/A, 43.61, 0|2, 53, N/A, 46.79, 0|3, 51, N/A, 40.14, 0|4, 50, N/A, 41.86, 0|5, 49, N/A, 39.18, 0|6, 43, N/A, 40.36, 0|
