13:13:34 0, 54, N/A, 40.16, 0|1, 52, N/A, 43.86, 0|2, 52, N/A, 46.54, 0|3, 50, N/A, 39.40, 0|4, 50, N/A, 41.12, 0|5, 49, N/A, 39.42, 0|6, 43, N/A, 40.36, 0|
13:13:36 0, 54, N/A, 40.66, 24|1, 52, N/A, 44.35, 69|2, 52, N/A, 46.58, 0|3, 50, N/A, 39.40, 0|4, 50, N/A, 41.38, 0|5, 49, N/A, 39.42, 0|6, 43, N/A, 40.36, 0|
13:13:38 0, 54, N/A, 40.41, 46|1, 52, N/A, 44.08, 46|2, 52, N/A, 46.54, 0|3, 50, N/A, 39.40, 0|4, 50, N/A, 41.38, 0|5, 49, N/A, 39.67, 0|6, 43, N/A, 40.36, 0|
13:13:40 0, 54, N/A, 40.39, 45|1, 52, N/A, 44.08, 46|2, 52, N/A, 46.54, 0|3, 50, N/A, 39.38, 0|4, 49, N/A, 41.35, 0|5, 49, N/A, 39.65, 0|6, 43, N/A, 40.34, 0|
13:13:42 0, 54, N/A, 40.88, 0|1, 52, N/A, 44.82, 0|2, 52, N/A, 46.27, 0|3, 50, N/A, 39.38, 0|4, 49, N/A, 29.30, 0|5, 49, N/A, 39.65, 0|6, 43, N/A, 40.34, 0|
13:13:44 0, 54, N/A, 40.85, 0|1, 52, N/A, 38.15, 0|2, 51, N/A, 46.27, 0|3, 50, N/A, 39.35, 0|4, 49, N/A, 29.29, 0|5, 49, N/A, 39.62, 0|6, 43, N/A, 40.31, 0|
13:13:46 0, 58, N/A, 150.25, 90|1, 56, N/A, 152.85, 91|2, 51, N/A, 46.24, 0|3, 50, N/A, 39.35, 0|4, 48, N/A, 29.28, 0|5, 49, N/A, 39.35, 0|6, 43, N/A, 40.31, 0|
13:13:48 0, 59, N/A, 148.04, 90|1, 57, N/A, 157.19, 90|2, 51, N/A, 46.23, 0|3, 50, N/A, 39.33, 0|4, 48, N/A, 29.02, 0|5, 49, N/A, 39.35, 0|6, 43, N/A, 40.31, 0|
13:13:50 0, 57, N/A, 42.57, 0|1, 55, N/A, 46.51, 0|2, 51, N/A, 46.27, 0|3, 50, N/A, 39.35, 0|4, 48, N/A, 29.28, 0|5, 49, N/A, 39.38, 0|6, 43, N/A, 40.31, 0|
13:13:52 0, 60, N/A, 148.29, 98|1, 58, N/A, 152.45, 98|2, 51, N/A, 46.24, 0|3, 50, N/A, 39.33, 0|4, 48, N/A, 29.26, 0|5, 49, N/A, 39.37, 0|6, 43, N/A, 40.31, 0|
13:13:55 0, 60, N/A, 133.16, 98|1, 59, N/A, 153.10, 98|2, 51, N/A, 46.24, 0|3, 50, N/A, 39.33, 0|4, 48, N/A, 29.26, 0|5, 49, N/A, 39.35, 0|6, 43, N/A, 40.31, 0|
13:13:57 0, 61, N/A, 137.26, 98|1, 59, N/A, 157.84, 98|2, 51, N/A, 45.74, 0|3, 49, N/A, 39.08, 0|4, 48, N/A, 29.02, 0|5, 49, N/A, 39.37, 0|6, 43, N/A, 40.28, 0|
13:13:59 0, 61, N/A, 147.55, 98|1, 60, N/A, 154.82, 97|2, 51, N/A, 45.74, 0|3, 49, N/A, 39.10, 0|4, 48, N/A, 29.02, 0|5, 49, N/A, 39.35, 0|6, 43, N/A, 40.31, 0|
13:14:01 0, 62, N/A, 147.55, 98|1, 60, N/A, 143.72, 98|2, 51, N/A, 45.74, 0|3, 49, N/A, 39.10, 0|4, 47, N/A, 29.27, 0|5, 48, N/A, 28.07, 0|6, 43, N/A, 40.31, 0|
13:14:03 0, 62, N/A, 137.26, 98|1, 61, N/A, 160.20, 98|2, 50, N/A, 45.74, 0|3, 49, N/A, 39.10, 0|4, 47, N/A, 29.26, 0|5, 48, N/A, 28.05, 0|6, 43, N/A, 40.31, 0|
13:14:05 0, 62, N/A, 145.59, 98|1, 61, N/A, 151.96, 98|2, 50, N/A, 32.73, 0|3, 49, N/A, 28.77, 0|4, 47, N/A, 29.26, 0|5, 48, N/A, 28.05, 0|6, 43, N/A, 40.31, 0|
13:14:07 0, 63, N/A, 148.04, 98|1, 61, N/A, 158.00, 98|2, 49, N/A, 32.48, 0|3, 48, N/A, 28.77, 0|4, 47, N/A, 29.02, 0|5, 48, N/A, 28.05, 0|6, 43, N/A, 40.31, 0|
13:14:09 0, 63, N/A, 154.41, 72|1, 61, N/A, 158.00, 65|2, 49, N/A, 32.24, 0|3, 48, N/A, 28.77, 0|4, 46, N/A, 29.02, 0|5, 47, N/A, 28.07, 0|6, 43, N/A, 40.31, 0|
13:14:11 0, 64, N/A, 152.38, 90|1, 62, N/A, 166.65, 91|2, 48, N/A, 31.99, 0|3, 48, N/A, 28.53, 0|4, 46, N/A, 29.02, 0|5, 47, N/A, 27.81, 0|6, 43, N/A, 40.31, 0|
13:14:13 0, 64, N/A, 151.47, 91|1, 62, N/A, 159.96, 91|2, 48, N/A, 31.99, 0|3, 47, N/A, 28.77, 0|4, 46, N/A, 29.02, 0|5, 47, N/A, 27.81, 0|6, 42, N/A, 29.00, 0|
13:14:15 0, 62, N/A, 148.95, 40|1, 61, N/A, 158.18, 37|2, 48, N/A, 31.99, 0|3, 47, N/A, 28.55, 0|4, 46, N/A, 29.02, 0|5, 47, N/A, 27.81, 0|6, 42, N/A, 29.26, 0|
13:14:17 0, 63, N/A, 150.74, 98|1, 62, N/A, 145.19, 98|2, 47, N/A, 31.99, 0|3, 47, N/A, 28.28, 0|4, 46, N/A, 29.04, 0|5, 46, N/A, 27.82, 0|6, 42, N/A, 29.02, 0|
13:14:20 0, 64, N/A, 152.94, 91|1, 63, N/A, 163.57, 91|2, 47, N/A, 31.74, 0|3, 47, N/A, 28.28, 0|4, 45, N/A, 28.77, 0|5, 46, N/A, 27.81, 0|6, 41, N/A, 29.00, 0|
13:14:22 0, 65, N/A, 153.77, 90|1, 63, N/A, 163.55, 90|2, 47, N/A, 31.74, 0|3, 46, N/A, 28.03, 0|4, 45, N/A, 28.77, 0|5, 46, N/A, 27.81, 0|6, 41, N/A, 29.00, 0|
13:14:24 0, 60, N/A, 42.58, 0|1, 59, N/A, 47.01, 0|2, 46, N/A, 31.52, 0|3, 46, N/A, 28.05, 0|4, 45, N/A, 28.79, 0|5, 46, N/A, 27.83, 0|6, 41, N/A, 29.02, 0|
