13:16:10 0, 56, N/A, 29.80, 0|1, 54, N/A, 32.26, 0|2, 51, N/A, 33.00, 0|3, 47, N/A, 28.55, 0|4, 40, N/A, 27.58, 0|5, 42, N/A, 27.33, 0|6, 38, N/A, 28.30, 0|
13:16:12 0, 55, N/A, 36.20, 0|1, 53, N/A, 38.66, 0|2, 50, N/A, 39.87, 0|3, 46, N/A, 33.71, 0|4, 40, N/A, 33.72, 0|5, 42, N/A, 27.33, 0|6, 38, N/A, 28.28, 0|
13:16:14 0, 55, N/A, 36.18, 18|1, 53, N/A, 39.13, 16|2, 50, N/A, 39.87, 17|3, 46, N/A, 33.94, 17|4, 40, N/A, 33.72, 12|5, 42, N/A, 27.33, 0|6, 38, N/A, 28.28, 0|
13:16:16 0, 55, N/A, 36.18, 15|1, 52, N/A, 39.15, 16|2, 50, N/A, 39.87, 17|3, 46, N/A, 33.94, 15|4, 40, N/A, 33.72, 18|5, 42, N/A, 27.09, 0|6, 38, N/A, 28.28, 0|
13:16:19 0, 55, N/A, 35.93, 6|1, 52, N/A, 38.64, 0|2, 50, N/A, 39.87, 0|3, 46, N/A, 37.63, 0|4, 41, N/A, 38.15, 0|5, 42, N/A, 27.09, 0|6, 38, N/A, 28.28, 0|
13:16:21 0, 54, N/A, 35.93, 0|1, 52, N/A, 38.64, 0|2, 50, N/A, 44.05, 0|3, 46, N/A, 33.71, 0|4, 41, N/A, 38.12, 0|5, 42, N/A, 27.33, 0|6, 38, N/A, 28.28, 0|
13:16:23 0, 56, N/A, 87.74, 59|1, 54, N/A, 93.11, 56|2, 52, N/A, 107.45, 55|3, 48, N/A, 86.17, 55|4, 43, N/A, 93.85, 50|5, 42, N/A, 27.33, 0|6, 38, N/A, 28.28, 0|
13:16:25 0, 57, N/A, 93.37, 59|1, 55, N/A, 92.09, 56|2, 52, N/A, 101.52, 55|3, 48, N/A, 84.21, 54|4, 43, N/A, 82.54, 50|5, 42, N/A, 27.09, 0|6, 38, N/A, 28.30, 0|
13:16:27 0, 56, N/A, 42.36, 0|1, 54, N/A, 45.80, 0|2, 52, N/A, 49.99, 0|3, 48, N/A, 39.38, 0|4, 43, N/A, 39.89, 1|5, 42, N/A, 27.35, 0|6, 38, N/A, 28.30, 0|
13:16:29 0, 57, N/A, 64.45, 91|1, 54, N/A, 61.00, 73|2, 52, N/A, 106.77, 74|3, 48, N/A, 88.14, 60|4, 43, N/A, 83.00, 41|5, 42, N/A, 27.33, 0|6, 38, N/A, 28.30, 0|
13:16:31 0, 57, N/A, 57.80, 91|1, 54, N/A, 66.61, 75|2, 53, N/A, 101.89, 75|3, 48, N/A, 88.82, 62|4, 44, N/A, 83.23, 36|5, 42, N/A, 27.33, 0|6, 38, N/A, 28.28, 0|
13:16:33 0, 57, N/A, 77.09, 78|1, 55, N/A, 96.74, 61|2, 53, N/A, 91.14, 60|3, 49, N/A, 68.25, 58|4, 44, N/A, 62.15, 33|5, 42, N/A, 27.32, 0|6, 38, N/A, 28.26, 0|
13:16:35 0, 57, N/A, 84.26, 91|1, 55, N/A, 76.45, 70|2, 53, N/A, 57.30, 70|3, 49, N/A, 53.83, 63|4, 44, N/A, 75.33, 38|5, 42, N/A, 27.32, 0|6, 38, N/A, 28.51, 0|
13:16:37 0, 57, N/A, 77.38, 92|1, 55, N/A, 69.07, 70|2, 53, N/A, 75.67, 68|3, 49, N/A, 74.38, 64|4, 45, N/A, 76.85, 41|5, 42, N/A, 27.32, 0|6, 38, N/A, 28.28, 0|
13:16:39 0, 57, N/A, 70.05, 92|1, 55, N/A, 63.18, 71|2, 53, N/A, 73.45, 69|3, 49, N/A, 93.38, 61|4, 45, N/A, 92.75, 38|5, 42, N/A, 27.32, 0|6, 38, N/A, 28.26, 0|
13:16:42 0, 57, N/A, 84.49, 88|1, 55, N/A, 78.86, 74|2, 53, N/A, 76.93, 74|3, 50, N/A, 60.18, 65|4, 45, N/A, 55.56, 36|5, 42, N/A, 27.09, 0|6, 38, N/A, 28.28, 0|
13:16:44 0, 57, N/A, 63.67, 88|1, 55, N/A, 64.44, 73|2, 54, N/A, 68.54, 74|3, 49, N/A, 85.83, 63|4, 45, N/A, 103.19, 37|5, 42, N/A, 27.33, 0|6, 38, N/A, 28.28, 0|
13:16:46 0, 57, N/A, 66.11, 88|1, 55, N/A, 84.06, 72|2, 54, N/A, 95.32, 69|3, 50, N/A, 62.15, 60|4, 46, N/A, 64.36, 40|5, 42, N/A, 27.32, 0|6, 38, N/A, 28.26, 0|
13:16:48 0, 57, N/A, 75.42, 88|1, 55, N/A, 75.96, 74|2, 54, N/A, 65.39, 75|3, 50, N/A, 54.78, 65|4, 46, N/A, 97.55, 42|5, 42, N/A, 27.32, 0|6, 38, N/A, 28.26, 0|
13:16:50 0, 58, N/A, 94.28, 48|1, 56, N/A, 94.13, 52|2, 54, N/A, 101.16, 41|3, 50, N/A, 84.20, 41|4, 46, N/A, 85.88, 35|5, 42, N/A, 27.32, 0|6, 38, N/A, 28.51, 0|
13:16:52 0, 58, N/A, 89.41, 59|1, 56, N/A, 99.00, 55|2, 55, N/A, 104.79, 54|3, 51, N/A, 86.61, 54|4, 47, N/A, 93.10, 50|5, 42, N/A, 27.07, 0|6, 38, N/A, 28.53, 0|
13:16:54 0, 58, N/A, 88.99, 59|1, 56, N/A, 94.93, 55|2, 55, N/A, 100.93, 55|3, 51, N/A, 87.16, 54|4, 47, N/A, 90.31, 49|5, 42, N/A, 27.10, 0|6, 38, N/A, 28.30, 0|
13:16:56 0, 58, N/A, 92.62, 56|1, 56, N/A, 100.25, 54|2, 55, N/A, 102.84, 40|3, 51, N/A, 83.96, 52|4, 47, N/A, 83.28, 48|5, 42, N/A, 27.35, 0|6, 38, N/A, 28.53, 0|
13:16:58 0, 58, N/A, 63.70, 91|1, 56, N/A, 73.50, 72|2, 55, N/A, 102.40, 74|3, 51, N/A, 60.71, 63|4, 47, N/A, 67.11, 42|5, 42, N/A, 27.33, 0|6, 38, N/A, 28.26, 0|
13:17:00 0, 58, N/A, 87.17, 58|1, 56, N/A, 96.99, 55|2, 55, N/A, 106.18, 55|3, 51, N/A, 83.96, 54|4, 48, N/A, 82.41, 49|5, 42, N/A, 27.08, 0|6, 38, N/A, 28.28, 0|
13:17:02 0, 59, N/A, 96.50, 58|1, 57, N/A, 94.33, 56|2, 56, N/A, 106.67, 55|3, 52, N/A, 84.44, 55|4, 48, N/A, 81.97, 50|5, 42, N/A, 27.33, 0|6, 38, N/A, 28.51, 0|
13:17:05 0, 57, N/A, 42.33, 0|1, 55, N/A, 46.02, 0|2, 54, N/A, 51.19, 0|3, 50, N/A, 40.09, 0|4, 46, N/A, 40.59, 0|5, 42, N/A, 27.33, 0|6, 38, N/A, 28.53, 0|
