13:15:20 0, 59, N/A, 30.29, 0|1, 57, N/A, 33.49, 0|2, 51, N/A, 33.24, 0|3, 43, N/A, 27.81, 0|4, 42, N/A, 28.07, 0|5, 44, N/A, 27.35, 0|6, 40, N/A, 28.55, 0|
13:15:22 0, 58, N/A, 37.43, 0|1, 56, N/A, 39.89, 0|2, 51, N/A, 40.11, 0|3, 43, N/A, 33.22, 0|4, 42, N/A, 28.06, 0|5, 43, N/A, 27.09, 0|6, 39, N/A, 28.53, 0|
13:15:24 0, 58, N/A, 37.16, 15|1, 56, N/A, 39.87, 15|2, 51, N/A, 40.11, 14|3, 43, N/A, 33.47, 15|4, 42, N/A, 28.06, 0|5, 43, N/A, 27.33, 0|6, 39, N/A, 28.53, 0|
13:15:26 0, 57, N/A, 36.92, 14|1, 55, N/A, 39.65, 16|2, 50, N/A, 39.87, 14|3, 43, N/A, 33.22, 14|4, 42, N/A, 28.06, 0|5, 43, N/A, 27.33, 0|6, 39, N/A, 28.53, 0|
13:15:28 0, 57, N/A, 36.94, 0|1, 55, N/A, 39.62, 0|2, 50, N/A, 39.62, 0|3, 43, N/A, 33.22, 0|4, 42, N/A, 28.06, 0|5, 43, N/A, 27.09, 0|6, 39, N/A, 28.53, 0|
13:15:31 0, 57, N/A, 41.10, 0|1, 55, N/A, 44.54, 0|2, 49, N/A, 39.38, 0|3, 43, N/A, 36.65, 0|4, 42, N/A, 27.81, 0|5, 43, N/A, 27.33, 0|6, 39, N/A, 28.53, 0|
13:15:33 0, 59, N/A, 109.74, 74|1, 57, N/A, 113.37, 73|2, 53, N/A, 123.17, 73|3, 46, N/A, 100.29, 70|4, 42, N/A, 28.03, 0|5, 43, N/A, 27.32, 0|6, 39, N/A, 28.51, 0|
13:15:35 0, 59, N/A, 105.75, 73|1, 57, N/A, 113.11, 73|2, 53, N/A, 123.11, 72|3, 46, N/A, 99.01, 70|4, 41, N/A, 27.79, 0|5, 43, N/A, 27.32, 0|6, 39, N/A, 28.51, 0|
13:15:37 0, 58, N/A, 58.04, 84|1, 56, N/A, 59.73, 83|2, 52, N/A, 111.17, 83|3, 46, N/A, 92.25, 66|4, 41, N/A, 27.81, 0|5, 43, N/A, 27.08, 0|6, 39, N/A, 28.53, 0|
13:15:39 0, 59, N/A, 82.00, 92|1, 57, N/A, 115.02, 87|2, 53, N/A, 134.33, 78|3, 46, N/A, 92.25, 64|4, 41, N/A, 27.81, 0|5, 43, N/A, 27.07, 0|6, 39, N/A, 28.26, 0|
13:15:41 0, 59, N/A, 81.07, 93|1, 57, N/A, 96.00, 87|2, 53, N/A, 124.00, 78|3, 47, N/A, 84.21, 63|4, 41, N/A, 27.81, 0|5, 43, N/A, 27.33, 0|6, 39, N/A, 28.51, 0|
13:15:43 0, 59, N/A, 78.37, 93|1, 57, N/A, 104.46, 87|2, 53, N/A, 107.06, 89|3, 47, N/A, 70.25, 71|4, 41, N/A, 27.81, 0|5, 43, N/A, 27.32, 0|6, 39, N/A, 28.51, 0|
13:15:45 0, 59, N/A, 73.70, 93|1, 57, N/A, 92.76, 87|2, 53, N/A, 131.63, 89|3, 47, N/A, 102.75, 71|4, 41, N/A, 27.81, 0|5, 43, N/A, 27.33, 0|6, 39, N/A, 28.26, 0|
13:15:47 0, 59, N/A, 81.35, 92|1, 57, N/A, 93.35, 87|2, 53, N/A, 124.42, 89|3, 48, N/A, 82.00, 71|4, 41, N/A, 27.81, 0|5, 42, N/A, 27.33, 0|6, 39, N/A, 28.51, 0|
13:15:49 0, 59, N/A, 96.73, 93|1, 57, N/A, 90.16, 87|2, 54, N/A, 86.73, 89|3, 48, N/A, 86.85, 71|4, 41, N/A, 27.79, 0|5, 43, N/A, 27.32, 0|6, 39, N/A, 28.51, 0|
13:15:51 0, 59, N/A, 86.67, 90|1, 57, N/A, 111.96, 87|2, 54, N/A, 102.39, 89|3, 48, N/A, 69.76, 73|4, 41, N/A, 27.81, 0|5, 42, N/A, 27.32, 0|6, 39, N/A, 28.53, 0|
13:15:54 0, 59, N/A, 100.18, 93|1, 57, N/A, 91.88, 87|2, 54, N/A, 90.12, 90|3, 48, N/A, 89.06, 71|4, 41, N/A, 27.81, 0|5, 42, N/A, 27.33, 0|6, 38, N/A, 28.28, 0|
13:15:56 0, 59, N/A, 111.15, 72|1, 57, N/A, 115.74, 72|2, 54, N/A, 124.29, 72|3, 49, N/A, 102.68, 69|4, 41, N/A, 27.79, 0|5, 42, N/A, 27.32, 0|6, 38, N/A, 28.51, 0|
13:15:58 0, 60, N/A, 112.62, 72|1, 57, N/A, 118.21, 72|2, 55, N/A, 127.53, 72|3, 49, N/A, 103.48, 70|4, 41, N/A, 27.79, 0|5, 42, N/A, 27.07, 0|6, 38, N/A, 28.26, 0|
13:16:00 0, 58, N/A, 43.07, 4|1, 56, N/A, 46.76, 4|2, 52, N/A, 50.45, 3|3, 47, N/A, 39.35, 4|4, 41, N/A, 27.81, 0|5, 42, N/A, 27.33, 0|6, 38, N/A, 28.28, 0|
13:16:02 0, 58, N/A, 108.46, 93|1, 57, N/A, 124.15, 87|2, 54, N/A, 99.93, 89|3, 49, N/A, 71.48, 73|4, 40, N/A, 27.55, 0|5, 42, N/A, 27.33, 0|6, 38, N/A, 28.28, 0|
13:16:04 0, 59, N/A, 106.75, 72|1, 57, N/A, 113.61, 72|2, 55, N/A, 125.40, 71|3, 50, N/A, 100.24, 69|4, 40, N/A, 27.79, 0|5, 42, N/A, 27.32, 0|6, 38, N/A, 28.26, 0|
13:16:06 0, 58, N/A, 45.03, 45|1, 56, N/A, 48.70, 44|2, 54, N/A, 52.88, 37|3, 49, N/A, 41.07, 37|4, 40, N/A, 27.56, 0|5, 42, N/A, 27.33, 0|6, 38, N/A, 28.28, 0|
13:16:08 0, 57, N/A, 41.35, 0|1, 55, N/A, 45.04, 0|2, 52, N/A, 46.51, 0|3, 47, N/A, 38.61, 0|4, 40, N/A, 27.56, 0|5, 42, N/A, 27.33, 0|6, 38, N/A, 28.28, 0|
