13:09:21 0, 54, N/A, 39.87, 0|1, 52, N/A, 43.81, 0|2, 45, N/A, 43.31, 0|3, 38, N/A, 27.07, 0|4, 40, N/A, 27.56, 0|5, 41, N/A, 27.09, 0|6, 38, N/A, 28.28, 0|
13:09:23 0, 53, N/A, 39.87, 0|1, 52, N/A, 43.56, 0|2, 45, N/A, 43.56, 0|3, 39, N/A, 32.24, 0|4, 39, N/A, 27.81, 0|5, 41, N/A, 27.33, 0|6, 38, N/A, 28.28, 0|
13:09:25 0, 53, N/A, 39.87, 0|1, 52, N/A, 44.30, 98|2, 45, N/A, 37.65, 0|3, 39, N/A, 32.22, 0|4, 39, N/A, 27.56, 0|5, 41, N/A, 27.33, 0|6, 38, N/A, 28.28, 0|
13:09:27 0, 53, N/A, 39.87, 0|1, 51, N/A, 43.56, 0|2, 45, N/A, 44.05, 97|3, 39, N/A, 32.46, 0|4, 40, N/A, 27.56, 0|5, 41, N/A, 27.33, 0|6, 38, N/A, 28.28, 0|
13:09:30 0, 53, N/A, 41.34, 19|1, 52, N/A, 44.54, 5|2, 45, N/A, 47.74, 19|3, 39, N/A, 120.59, 0|4, 40, N/A, 27.56, 0|5, 41, N/A, 27.07, 0|6, 38, N/A, 28.28, 0|
13:09:32 0, 53, N/A, 40.61, 0|1, 51, N/A, 44.05, 0|2, 45, N/A, 44.30, 0|3, 39, N/A, 31.99, 0|4, 40, N/A, 27.56, 0|5, 41, N/A, 27.33, 0|6, 38, N/A, 28.28, 0|
13:09:34 0, 54, N/A, 50.20, 23|1, 52, N/A, 73.51, 22|2, 46, N/A, 159.12, 24|3, 40, N/A, 59.73, 30|4, 40, N/A, 27.58, 0|5, 41, N/A, 27.35, 0|6, 38, N/A, 28.30, 0|
13:09:36 0, 54, N/A, 97.54, 23|1, 52, N/A, 128.85, 22|2, 46, N/A, 47.26, 24|3, 41, N/A, 37.40, 30|4, 40, N/A, 27.58, 0|5, 41, N/A, 27.33, 0|6, 38, N/A, 28.28, 0|
13:09:38 0, 54, N/A, 72.56, 23|1, 53, N/A, 47.04, 22|2, 47, N/A, 53.20, 23|3, 41, N/A, 62.93, 31|4, 40, N/A, 27.58, 0|5, 41, N/A, 27.35, 0|6, 38, N/A, 28.30, 0|
13:09:40 0, 55, N/A, 45.07, 22|1, 53, N/A, 56.89, 21|2, 47, N/A, 93.00, 24|3, 41, N/A, 106.99, 31|4, 40, N/A, 27.60, 0|5, 41, N/A, 27.10, 0|6, 38, N/A, 28.30, 0|
13:09:42 0, 57, N/A, 173.34, 100|1, 52, N/A, 44.57, 0|2, 46, N/A, 45.56, 0|3, 41, N/A, 32.50, 0|4, 40, N/A, 27.58, 0|5, 41, N/A, 27.35, 0|6, 38, N/A, 28.30, 0|
13:09:44 0, 55, N/A, 170.62, 33|1, 52, N/A, 45.06, 0|2, 48, N/A, 47.77, 92|3, 42, N/A, 128.43, 50|4, 40, N/A, 27.58, 0|5, 41, N/A, 27.33, 0|6, 38, N/A, 28.30, 0|
13:09:46 0, 57, N/A, 43.09, 45|1, 55, N/A, 192.46, 61|2, 48, N/A, 165.63, 100|3, 41, N/A, 37.65, 0|4, 40, N/A, 27.83, 0|5, 41, N/A, 27.35, 0|6, 38, N/A, 28.30, 0|
13:09:48 0, 58, N/A, 164.73, 100|1, 53, N/A, 44.08, 0|2, 49, N/A, 47.52, 0|3, 45, N/A, 177.79, 100|4, 40, N/A, 27.56, 0|5, 41, N/A, 27.09, 0|6, 38, N/A, 28.28, 0|
13:09:50 0, 56, N/A, 41.86, 0|1, 57, N/A, 52.91, 100|2, 51, N/A, 191.51, 100|3, 43, N/A, 149.83, 0|4, 39, N/A, 27.58, 0|5, 41, N/A, 27.35, 0|6, 38, N/A, 28.30, 0|
13:09:53 0, 60, N/A, 177.87, 100|1, 56, N/A, 161.04, 100|2, 48, N/A, 46.76, 0|3, 44, N/A, 38.39, 0|4, 40, N/A, 27.58, 0|5, 41, N/A, 27.33, 0|6, 38, N/A, 28.30, 0|
13:09:55 0, 55, N/A, 41.86, 0|1, 54, N/A, 45.55, 0|2, 51, N/A, 49.25, 100|3, 46, N/A, 152.87, 100|4, 40, N/A, 27.58, 0|5, 41, N/A, 27.35, 0|6, 38, N/A, 28.30, 0|
13:09:57 0, 57, N/A, 42.57, 0|1, 56, N/A, 176.40, 100|2, 48, N/A, 46.73, 0|3, 43, N/A, 38.12, 0|4, 40, N/A, 27.56, 0|5, 41, N/A, 27.33, 0|6, 38, N/A, 28.28, 0|
13:09:59 0, 55, N/A, 41.81, 0|1, 54, N/A, 45.28, 0|2, 50, N/A, 47.47, 0|3, 46, N/A, 154.87, 100|4, 40, N/A, 27.81, 0|5, 41, N/A, 27.32, 0|6, 38, N/A, 28.28, 0|
13:10:01 0, 56, N/A, 70.83, 26|1, 54, N/A, 47.74, 23|2, 50, N/A, 54.39, 21|3, 45, N/A, 72.22, 29|4, 39, N/A, 28.07, 0|5, 41, N/A, 27.33, 0|6, 38, N/A, 28.30, 0|
13:10:03 0, 56, N/A, 91.70, 26|1, 54, N/A, 115.97, 23|2, 50, N/A, 49.25, 24|3, 45, N/A, 45.04, 26|4, 40, N/A, 27.83, 0|5, 41, N/A, 27.35, 0|6, 38, N/A, 28.30, 0|
13:10:05 0, 56, N/A, 49.49, 26|1, 54, N/A, 98.58, 20|2, 50, N/A, 145.31, 24|3, 45, N/A, 40.11, 29|4, 40, N/A, 27.84, 0|5, 41, N/A, 27.10, 0|6, 38, N/A, 28.30, 0|
13:10:07 0, 56, N/A, 37.92, 23|1, 55, N/A, 52.95, 23|2, 51, N/A, 76.25, 22|3, 45, N/A, 150.66, 29|4, 40, N/A, 27.84, 0|5, 41, N/A, 27.35, 0|6, 38, N/A, 28.30, 0|
13:10:09 0, 55, N/A, 36.47, 25|1, 54, N/A, 46.08, 22|2, 50, N/A, 41.15, 26|3, 46, N/A, 44.79, 27|4, 40, N/A, 27.60, 0|5, 41, N/A, 27.35, 0|6, 38, N/A, 28.32, 0|
13:10:11 0, 56, N/A, 41.62, 0|1, 56, N/A, 47.74, 61|2, 49, N/A, 147.67, 0|3, 44, N/A, 38.64, 0|4, 40, N/A, 27.58, 0|5, 41, N/A, 27.35, 0|6, 38, N/A, 28.30, 0|
13:10:13 0, 56, N/A, 50.70, 19|1, 55, N/A, 74.53, 19|2, 50, N/A, 148.66, 24|3, 46, N/A, 84.47, 38|4, 40, N/A, 28.07, 0|5, 41, N/A, 27.35, 0|6, 38, N/A, 28.30, 0|
13:10:15 0, 56, N/A, 44.82, 23|1, 55, N/A, 53.65, 22|2, 51, N/A, 79.70, 25|3, 47, N/A, 147.23, 29|4, 40, N/A, 27.83, 0|5, 41, N/A, 27.35, 0|6, 38, N/A, 28.30, 0|
13:10:18 0, 57, N/A, 50.72, 23|1, 55, N/A, 71.33, 22|2, 50, N/A, 143.83, 23|3, 46, N/A, 73.01, 31|4, 39, N/A, 27.58, 0|5, 41, N/A, 27.35, 0|6, 38, N/A, 28.30, 0|
13:10:20 0, 55, N/A, 41.86, 0|1, 54, N/A, 45.56, 0|2, 50, N/A, 47.53, 0|3, 45, N/A, 37.90, 0|4, 40, N/A, 27.83, 0|5, 41, N/A, 27.35, 0|6, 38, N/A, 28.30, 0|
