13:08:17 0, 50, N/A, 28.60, 0|1, 49, N/A, 31.05, 0|2, 36, N/A, 29.08, 0|3, 38, N/A, 27.10, 0|4, 39, N/A, 27.60, 0|5, 40, N/A, 27.12, 0|6, 38, N/A, 28.32, 0|
13:08:19 0, 50, N/A, 34.74, 0|1, 48, N/A, 36.72, 0|2, 36, N/A, 34.99, 0|3, 38, N/A, 27.10, 0|4, 39, N/A, 27.60, 0|5, 40, N/A, 27.12, 0|6, 38, N/A, 28.32, 0|
13:08:21 0, 50, N/A, 39.67, 67|1, 48, N/A, 36.96, 0|2, 36, N/A, 34.99, 0|3, 38, N/A, 27.10, 0|4, 39, N/A, 27.60, 0|5, 40, N/A, 27.12, 0|6, 38, N/A, 28.32, 0|
13:08:23 0, 50, N/A, 38.93, 0|1, 48, N/A, 42.36, 6|2, 36, N/A, 39.40, 66|3, 38, N/A, 27.09, 0|4, 39, N/A, 27.60, 0|5, 41, N/A, 27.12, 0|6, 38, N/A, 28.07, 0|
13:08:25 0, 50, N/A, 38.93, 0|1, 48, N/A, 42.13, 0|2, 36, N/A, 40.42, 35|3, 38, N/A, 27.10, 0|4, 39, N/A, 27.60, 0|5, 40, N/A, 27.12, 0|6, 38, N/A, 28.32, 0|
13:08:27 0, 50, N/A, 40.16, 0|1, 48, N/A, 42.87, 0|2, 37, N/A, 41.15, 0|3, 38, N/A, 27.10, 0|4, 39, N/A, 27.60, 0|5, 40, N/A, 27.12, 0|6, 38, N/A, 28.32, 0|
13:08:29 0, 52, N/A, 157.80, 30|1, 50, N/A, 76.01, 31|2, 39, N/A, 54.42, 37|3, 38, N/A, 27.10, 0|4, 39, N/A, 27.60, 0|5, 41, N/A, 27.12, 0|6, 38, N/A, 28.32, 0|
13:08:31 0, 52, N/A, 62.02, 30|1, 50, N/A, 165.59, 31|2, 39, N/A, 67.65, 38|3, 38, N/A, 27.10, 0|4, 39, N/A, 27.60, 0|5, 40, N/A, 27.12, 0|6, 38, N/A, 28.32, 0|
13:08:33 0, 52, N/A, 44.57, 30|1, 51, N/A, 61.77, 33|2, 40, N/A, 179.38, 37|3, 38, N/A, 27.09, 0|4, 39, N/A, 27.60, 0|5, 41, N/A, 27.35, 0|6, 38, N/A, 28.30, 0|
13:08:35 0, 52, N/A, 113.28, 30|1, 50, N/A, 48.52, 31|2, 41, N/A, 76.99, 37|3, 38, N/A, 27.09, 0|4, 39, N/A, 27.60, 0|5, 41, N/A, 27.10, 0|6, 38, N/A, 28.30, 0|
13:08:37 0, 55, N/A, 141.13, 100|1, 49, N/A, 43.59, 0|2, 39, N/A, 42.63, 0|3, 38, N/A, 27.09, 0|4, 39, N/A, 27.58, 0|5, 40, N/A, 27.10, 0|6, 38, N/A, 28.30, 0|
13:08:40 0, 55, N/A, 165.25, 100|1, 50, N/A, 44.32, 0|2, 42, N/A, 152.33, 100|3, 38, N/A, 27.09, 0|4, 39, N/A, 27.58, 0|5, 41, N/A, 27.10, 0|6, 38, N/A, 28.30, 0|
13:08:42 0, 53, N/A, 165.48, 29|1, 52, N/A, 45.80, 40|2, 41, N/A, 159.45, 0|3, 39, N/A, 27.09, 0|4, 39, N/A, 27.58, 0|5, 41, N/A, 27.10, 0|6, 38, N/A, 28.30, 0|
13:08:44 0, 53, N/A, 41.12, 0|1, 53, N/A, 160.66, 100|2, 40, N/A, 42.11, 0|3, 38, N/A, 27.09, 0|4, 39, N/A, 27.60, 0|5, 41, N/A, 27.10, 0|6, 38, N/A, 28.30, 0|
13:08:46 0, 54, N/A, 41.86, 0|1, 53, N/A, 186.71, 100|2, 41, N/A, 42.85, 0|3, 38, N/A, 27.09, 0|4, 39, N/A, 27.60, 0|5, 41, N/A, 27.10, 0|6, 38, N/A, 28.32, 0|
13:08:48 0, 56, N/A, 137.70, 100|1, 51, N/A, 44.32, 0|2, 44, N/A, 51.72, 81|3, 38, N/A, 27.09, 0|4, 39, N/A, 27.58, 0|5, 41, N/A, 27.10, 0|6, 38, N/A, 28.30, 0|
13:08:50 0, 56, N/A, 162.36, 100|1, 52, N/A, 45.06, 0|2, 44, N/A, 176.18, 100|3, 39, N/A, 27.09, 0|4, 39, N/A, 27.58, 0|5, 41, N/A, 27.10, 0|6, 38, N/A, 28.30, 0|
13:08:52 0, 55, N/A, 159.84, 44|1, 53, N/A, 46.29, 19|2, 43, N/A, 140.31, 20|3, 38, N/A, 27.09, 0|4, 39, N/A, 27.58, 0|5, 41, N/A, 27.10, 0|6, 38, N/A, 28.05, 0|
13:08:54 0, 54, N/A, 41.12, 0|1, 53, N/A, 45.31, 0|2, 46, N/A, 165.99, 100|3, 39, N/A, 27.09, 0|4, 39, N/A, 27.84, 0|5, 41, N/A, 27.10, 0|6, 38, N/A, 28.30, 0|
13:08:56 0, 55, N/A, 42.11, 0|1, 54, N/A, 159.68, 100|2, 42, N/A, 43.34, 0|3, 38, N/A, 27.09, 0|4, 39, N/A, 27.58, 0|5, 41, N/A, 27.35, 0|6, 38, N/A, 28.05, 0|
13:08:58 0, 53, N/A, 41.12, 0|1, 52, N/A, 44.57, 0|2, 46, N/A, 145.72, 100|3, 39, N/A, 27.09, 0|4, 39, N/A, 27.84, 0|5, 41, N/A, 27.10, 0|6, 38, N/A, 28.30, 0|
13:09:00 0, 54, N/A, 140.64, 30|1, 53, N/A, 111.55, 32|2, 45, N/A, 53.20, 37|3, 38, N/A, 27.09, 0|4, 39, N/A, 27.60, 0|5, 41, N/A, 27.35, 0|6, 38, N/A, 28.30, 0|
13:09:02 0, 55, N/A, 44.32, 30|1, 53, N/A, 117.20, 32|2, 45, N/A, 130.57, 37|3, 39, N/A, 27.09, 0|4, 39, N/A, 27.59, 0|5, 41, N/A, 27.10, 0|6, 38, N/A, 28.30, 0|
13:09:05 0, 55, N/A, 51.47, 27|1, 53, N/A, 135.81, 32|2, 45, N/A, 72.08, 37|3, 39, N/A, 27.09, 0|4, 39, N/A, 27.60, 0|5, 41, N/A, 27.37, 0|6, 38, N/A, 28.32, 0|
13:09:07 0, 54, N/A, 98.34, 33|1, 53, N/A, 42.13, 32|2, 46, N/A, 77.50, 36|3, 39, N/A, 27.09, 0|4, 39, N/A, 27.58, 0|5, 41, N/A, 27.10, 0|6, 38, N/A, 28.30, 0|
13:09:09 0, 54, N/A, 36.20, 8|1, 52, N/A, 39.65, 32|2, 45, N/A, 45.81, 37|3, 39, N/A, 27.09, 0|4, 39, N/A, 27.58, 0|5, 41, N/A, 27.10, 0|6, 38, N/A, 28.30, 0|
13:09:11 0, 55, N/A, 41.37, 0|1, 55, N/A, 172.74, 100|2, 44, N/A, 45.04, 0|3, 39, N/A, 27.07, 0|4, 40, N/A, 27.58, 0|5, 41, N/A, 27.10, 0|6, 38, N/A, 28.30, 0|
13:09:13 0, 55, N/A, 43.31, 30|1, 53, N/A, 54.85, 22|2, 47, N/A, 138.09, 37|3, 38, N/A, 27.07, 0|4, 39, N/A, 27.81, 0|5, 41, N/A, 27.09, 0|6, 38, N/A, 28.28, 0|
13:09:15 0, 55, N/A, 129.01, 31|1, 54, N/A, 49.19, 33|2, 47, N/A, 74.48, 37|3, 39, N/A, 27.05, 0|4, 39, N/A, 27.56, 0|5, 41, N/A, 27.33, 0|6, 38, N/A, 28.28, 0|
13:09:17 0, 56, N/A, 109.02, 30|1, 54, N/A, 127.54, 32|2, 47, N/A, 51.16, 38|3, 38, N/A, 27.07, 0|4, 40, N/A, 27.81, 0|5, 41, N/A, 27.09, 0|6, 38, N/A, 28.28, 0|
13:09:19 0, 54, N/A, 41.35, 0|1, 53, N/A, 44.79, 0|2, 46, N/A, 45.28, 0|3, 39, N/A, 27.07, 0|4, 40, N/A, 27.56, 0|5, 41, N/A, 27.33, 0|6, 38, N/A, 28.28, 0|
