13:18:15 0, 55, N/A, 30.53, 0|1, 53, N/A, 33.24, 0|2, 53, N/A, 33.98, 0|3, 50, N/A, 30.52, 0|4, 48, N/A, 29.29, 0|5, 47, N/A, 27.83, 0|6, 39, N/A, 28.53, 0|
13:18:18 0, 55, N/A, 36.18, 0|1, 53, N/A, 38.64, 0|2, 53, N/A, 41.10, 0|3, 51, N/A, 34.92, 0|4, 48, N/A, 35.42, 0|5, 47, N/A, 34.23, 0|6, 39, N/A, 34.19, 0|
13:18:20 0, 55, N/A, 36.18, 10|1, 53, N/A, 38.64, 11|2, 53, N/A, 41.10, 10|3, 50, N/A, 34.92, 10|4, 48, N/A, 35.44, 10|5, 47, N/A, 34.47, 9|6, 39, N/A, 34.68, 10|
13:18:22 0, 55, N/A, 36.17, 10|1, 53, N/A, 38.64, 10|2, 53, N/A, 41.10, 10|3, 50, N/A, 34.92, 10|4, 48, N/A, 35.42, 9|5, 47, N/A, 34.45, 13|6, 39, N/A, 34.66, 12|
13:18:24 0, 55, N/A, 36.17, 11|1, 53, N/A, 38.64, 12|2, 52, N/A, 40.85, 10|3, 50, N/A, 34.92, 12|4, 47, N/A, 35.42, 9|5, 47, N/A, 34.45, 11|6, 39, N/A, 34.66, 9|
13:18:26 0, 55, N/A, 35.93, 0|1, 53, N/A, 38.91, 0|2, 52, N/A, 40.61, 0|3, 50, N/A, 34.92, 0|4, 48, N/A, 35.44, 0|5, 47, N/A, 34.23, 0|6, 39, N/A, 34.92, 0|
13:18:28 0, 55, N/A, 55.82, 39|1, 53, N/A, 59.00, 39|2, 53, N/A, 61.73, 39|3, 51, N/A, 61.16, 36|4, 49, N/A, 58.71, 32|5, 48, N/A, 55.51, 32|6, 40, N/A, 56.49, 33|
13:18:30 0, 56, N/A, 62.18, 39|1, 53, N/A, 63.21, 39|2, 53, N/A, 62.68, 39|3, 51, N/A, 55.02, 37|4, 49, N/A, 56.01, 33|5, 48, N/A, 52.85, 33|6, 40, N/A, 55.24, 33|
13:18:32 0, 55, N/A, 57.77, 39|1, 54, N/A, 61.95, 39|2, 53, N/A, 60.01, 39|3, 51, N/A, 54.78, 37|4, 49, N/A, 56.04, 33|5, 48, N/A, 55.83, 33|6, 40, N/A, 57.24, 33|
13:18:34 0, 55, N/A, 37.41, 2|1, 53, N/A, 40.36, 1|2, 52, N/A, 40.85, 0|3, 50, N/A, 34.92, 2|4, 48, N/A, 35.42, 2|5, 48, N/A, 34.45, 2|6, 40, N/A, 35.15, 0|
13:18:36 0, 55, N/A, 45.99, 85|1, 53, N/A, 48.94, 80|2, 53, N/A, 81.76, 80|3, 51, N/A, 57.23, 40|4, 48, N/A, 62.39, 41|5, 48, N/A, 52.11, 40|6, 40, N/A, 49.87, 41|
13:18:38 0, 55, N/A, 51.87, 87|1, 53, N/A, 51.89, 84|2, 53, N/A, 53.37, 80|3, 51, N/A, 59.69, 38|4, 49, N/A, 66.04, 40|5, 48, N/A, 56.78, 36|6, 41, N/A, 53.30, 42|
13:18:41 0, 55, N/A, 61.44, 86|1, 53, N/A, 57.80, 83|2, 53, N/A, 59.52, 77|3, 51, N/A, 43.99, 37|4, 49, N/A, 44.27, 40|5, 48, N/A, 51.37, 41|6, 41, N/A, 62.12, 40|
13:18:43 0, 55, N/A, 55.30, 88|1, 53, N/A, 53.62, 85|2, 53, N/A, 59.52, 81|3, 51, N/A, 43.26, 40|4, 49, N/A, 43.76, 41|5, 48, N/A, 42.06, 44|6, 41, N/A, 42.00, 44|
13:18:45 0, 55, N/A, 45.25, 86|1, 54, N/A, 49.68, 83|2, 53, N/A, 63.17, 76|3, 51, N/A, 62.10, 35|4, 49, N/A, 66.54, 43|5, 48, N/A, 56.04, 44|6, 41, N/A, 53.52, 41|
13:18:47 0, 55, N/A, 45.25, 86|1, 53, N/A, 65.10, 80|2, 53, N/A, 90.15, 79|3, 51, N/A, 53.30, 36|4, 49, N/A, 59.20, 38|5, 48, N/A, 52.60, 43|6, 41, N/A, 49.13, 44|
13:18:49 0, 55, N/A, 58.01, 85|1, 53, N/A, 58.78, 82|2, 53, N/A, 60.01, 80|3, 51, N/A, 43.99, 39|4, 49, N/A, 45.47, 45|5, 49, N/A, 42.79, 41|6, 42, N/A, 43.23, 39|
13:18:51 0, 55, N/A, 59.48, 85|1, 53, N/A, 57.05, 76|2, 53, N/A, 55.83, 79|3, 51, N/A, 45.69, 35|4, 49, N/A, 44.49, 41|5, 49, N/A, 43.04, 43|6, 42, N/A, 76.06, 45|
13:18:53 0, 55, N/A, 46.97, 87|1, 53, N/A, 48.94, 85|2, 53, N/A, 83.48, 80|3, 51, N/A, 42.50, 39|4, 49, N/A, 67.56, 45|5, 49, N/A, 41.32, 41|6, 42, N/A, 53.28, 39|
13:18:55 0, 55, N/A, 63.12, 80|1, 53, N/A, 65.87, 81|2, 53, N/A, 62.46, 75|3, 51, N/A, 48.39, 38|4, 49, N/A, 47.44, 42|5, 49, N/A, 45.01, 44|6, 42, N/A, 43.97, 43|
13:18:57 0, 55, N/A, 46.48, 88|1, 53, N/A, 84.06, 84|2, 53, N/A, 50.42, 80|3, 51, N/A, 50.38, 37|4, 49, N/A, 55.06, 42|5, 49, N/A, 40.58, 42|6, 42, N/A, 47.90, 43|
13:18:59 0, 55, N/A, 46.73, 87|1, 53, N/A, 51.65, 80|2, 53, N/A, 50.91, 79|3, 51, N/A, 65.30, 42|4, 49, N/A, 84.40, 45|5, 49, N/A, 67.07, 45|6, 42, N/A, 63.10, 36|
13:19:02 0, 55, N/A, 67.31, 86|1, 53, N/A, 81.81, 81|2, 53, N/A, 50.42, 82|3, 51, N/A, 50.60, 39|4, 49, N/A, 42.27, 44|5, 49, N/A, 49.90, 45|6, 42, N/A, 41.27, 45|
13:19:04 0, 55, N/A, 46.24, 86|1, 53, N/A, 49.43, 76|2, 53, N/A, 51.16, 79|3, 51, N/A, 63.58, 33|4, 49, N/A, 85.39, 40|5, 49, N/A, 70.22, 37|6, 42, N/A, 63.09, 44|
13:19:06 0, 55, N/A, 70.70, 86|1, 53, N/A, 73.93, 83|2, 53, N/A, 78.41, 78|3, 51, N/A, 49.13, 37|4, 49, N/A, 52.10, 41|5, 49, N/A, 48.70, 42|6, 43, N/A, 47.41, 45|
13:19:08 0, 55, N/A, 52.60, 84|1, 53, N/A, 50.17, 77|2, 53, N/A, 67.07, 79|3, 51, N/A, 57.69, 36|4, 49, N/A, 60.92, 47|5, 50, N/A, 55.79, 45|6, 43, N/A, 52.08, 48|
13:19:10 0, 55, N/A, 73.45, 84|1, 53, N/A, 46.97, 82|2, 53, N/A, 64.40, 80|3, 51, N/A, 78.52, 38|4, 50, N/A, 47.66, 41|5, 49, N/A, 74.84, 41|6, 43, N/A, 74.06, 41|
13:19:12 0, 55, N/A, 45.99, 82|1, 53, N/A, 48.48, 84|2, 53, N/A, 61.20, 77|3, 51, N/A, 62.60, 40|4, 49, N/A, 67.52, 39|5, 49, N/A, 62.44, 41|6, 43, N/A, 53.06, 39|
13:19:14 0, 55, N/A, 44.02, 89|1, 53, N/A, 60.01, 85|2, 53, N/A, 49.93, 81|3, 51, N/A, 79.26, 39|4, 49, N/A, 41.81, 38|5, 50, N/A, 68.99, 45|6, 43, N/A, 72.87, 39|
13:19:16 0, 55, N/A, 64.16, 36|1, 54, N/A, 67.84, 36|2, 53, N/A, 75.71, 36|3, 52, N/A, 62.85, 33|4, 50, N/A, 64.58, 30|5, 50, N/A, 63.66, 30|6, 43, N/A, 69.20, 30|
13:19:18 0, 55, N/A, 66.61, 37|1, 54, N/A, 78.16, 36|2, 54, N/A, 82.05, 36|3, 52, N/A, 65.01, 34|4, 50, N/A, 58.22, 32|5, 50, N/A, 54.78, 32|6, 43, N/A, 56.47, 33|
13:19:20 0, 56, N/A, 74.43, 37|1, 54, N/A, 74.27, 37|2, 54, N/A, 81.61, 37|3, 52, N/A, 64.53, 34|4, 50, N/A, 56.50, 32|5, 50, N/A, 55.31, 32|6, 43, N/A, 57.94, 34|
13:19:23 0, 55, N/A, 41.59, 0|1, 53, N/A, 45.03, 0|2, 53, N/A, 50.18, 0|3, 51, N/A, 40.58, 0|4, 49, N/A, 35.91, 0|5, 49, N/A, 35.19, 0|6, 43, N/A, 35.89, 0|
13:19:25 0, 55, N/A, 68.82, 86|1, 53, N/A, 80.37, 83|2, 53, N/A, 65.87, 79|3, 52, N/A, 46.21, 39|4, 49, N/A, 48.42, 38|5, 50, N/A, 45.25, 44|6, 43, N/A, 44.46, 40|
13:19:27 0, 55, N/A, 58.22, 87|1, 53, N/A, 85.19, 84|2, 53, N/A, 85.00, 79|3, 52, N/A, 51.58, 39|4, 50, N/A, 54.56, 42|5, 50, N/A, 51.40, 46|6, 43, N/A, 47.65, 45|
13:19:29 0, 55, N/A, 42.55, 84|1, 53, N/A, 45.77, 82|2, 53, N/A, 50.91, 78|3, 51, N/A, 40.80, 36|4, 49, N/A, 41.81, 44|5, 50, N/A, 40.60, 31|6, 44, N/A, 41.30, 43|
13:19:31 0, 55, N/A, 67.10, 37|1, 54, N/A, 69.31, 37|2, 54, N/A, 76.89, 37|3, 52, N/A, 64.11, 34|4, 50, N/A, 67.07, 30|5, 51, N/A, 63.62, 30|6, 44, N/A, 66.77, 30|
13:19:33 0, 55, N/A, 68.79, 35|1, 54, N/A, 72.47, 36|2, 54, N/A, 79.10, 35|3, 52, N/A, 63.83, 33|4, 50, N/A, 66.29, 30|5, 51, N/A, 64.11, 29|6, 44, N/A, 64.78, 29|
13:19:35 0, 55, N/A, 41.83, 0|1, 53, N/A, 45.28, 0|2, 53, N/A, 50.20, 0|3, 51, N/A, 40.58, 0|4, 49, N/A, 41.56, 0|5, 50, N/A, 40.11, 0|6, 44, N/A, 41.05, 0|
