13:14:26 0, 59, N/A, 30.53, 0|1, 58, N/A, 46.76, 0|2, 46, N/A, 31.52, 0|3, 46, N/A, 28.05, 0|4, 45, N/A, 28.79, 0|5, 46, N/A, 27.83, 0|6, 41, N/A, 29.02, 0|
13:14:28 0, 59, N/A, 37.65, 5|1, 57, N/A, 46.76, 0|2, 46, N/A, 38.15, 0|3, 46, N/A, 28.30, 0|4, 45, N/A, 28.79, 0|5, 46, N/A, 27.83, 0|6, 41, N/A, 28.77, 0|
13:14:30 0, 58, N/A, 37.41, 16|1, 56, N/A, 46.27, 18|2, 46, N/A, 43.07, 19|3, 46, N/A, 28.30, 0|4, 44, N/A, 28.79, 0|5, 46, N/A, 27.83, 0|6, 41, N/A, 28.77, 0|
13:14:32 0, 57, N/A, 37.16, 17|1, 56, N/A, 40.63, 22|2, 46, N/A, 43.07, 18|3, 45, N/A, 28.05, 0|4, 44, N/A, 28.56, 0|5, 45, N/A, 27.83, 0|6, 41, N/A, 28.77, 0|
13:14:34 0, 57, N/A, 36.91, 17|1, 55, N/A, 40.11, 17|2, 46, N/A, 42.82, 15|3, 45, N/A, 28.05, 0|4, 44, N/A, 28.55, 0|5, 45, N/A, 27.58, 0|6, 41, N/A, 28.77, 0|
13:14:36 0, 57, N/A, 38.15, 20|1, 55, N/A, 45.28, 16|2, 46, N/A, 44.05, 0|3, 45, N/A, 28.05, 0|4, 44, N/A, 28.55, 0|5, 45, N/A, 27.58, 0|6, 40, N/A, 28.77, 0|
13:14:38 0, 56, N/A, 37.90, 0|1, 55, N/A, 45.04, 0|2, 46, N/A, 43.81, 0|3, 45, N/A, 28.05, 0|4, 44, N/A, 28.55, 0|5, 45, N/A, 27.58, 0|6, 40, N/A, 28.77, 0|
13:14:40 0, 56, N/A, 37.90, 0|1, 55, N/A, 45.04, 0|2, 46, N/A, 43.81, 0|3, 45, N/A, 28.05, 0|4, 44, N/A, 28.55, 0|5, 45, N/A, 27.58, 0|6, 40, N/A, 28.77, 0|
13:14:43 0, 59, N/A, 120.41, 79|1, 57, N/A, 127.29, 74|2, 49, N/A, 132.70, 74|3, 45, N/A, 28.03, 0|4, 44, N/A, 28.55, 0|5, 45, N/A, 27.58, 0|6, 41, N/A, 28.77, 0|
13:14:45 0, 60, N/A, 120.17, 79|1, 58, N/A, 128.52, 74|2, 50, N/A, 139.56, 73|3, 45, N/A, 28.03, 0|4, 44, N/A, 28.53, 0|5, 45, N/A, 27.58, 0|6, 40, N/A, 28.77, 0|
13:14:47 0, 61, N/A, 121.15, 79|1, 59, N/A, 131.77, 74|2, 51, N/A, 136.88, 73|3, 45, N/A, 28.03, 0|4, 44, N/A, 28.53, 0|5, 45, N/A, 27.58, 0|6, 41, N/A, 28.76, 0|
13:14:49 0, 60, N/A, 112.69, 93|1, 59, N/A, 128.25, 80|2, 51, N/A, 137.51, 77|3, 45, N/A, 28.03, 0|4, 44, N/A, 28.53, 0|5, 45, N/A, 27.58, 0|6, 41, N/A, 28.77, 0|
13:14:51 0, 61, N/A, 137.01, 91|1, 59, N/A, 114.84, 76|2, 52, N/A, 120.68, 76|3, 45, N/A, 28.05, 0|4, 44, N/A, 28.55, 0|5, 45, N/A, 27.58, 0|6, 41, N/A, 28.77, 0|
13:14:53 0, 61, N/A, 127.28, 93|1, 60, N/A, 114.59, 77|2, 52, N/A, 127.54, 77|3, 45, N/A, 28.05, 0|4, 43, N/A, 28.55, 0|5, 45, N/A, 27.58, 0|6, 40, N/A, 28.77, 0|
13:14:55 0, 62, N/A, 130.71, 88|1, 60, N/A, 130.47, 75|2, 53, N/A, 133.11, 75|3, 45, N/A, 28.05, 0|4, 44, N/A, 28.55, 0|5, 45, N/A, 27.58, 0|6, 40, N/A, 28.77, 0|
13:14:57 0, 62, N/A, 126.87, 91|1, 60, N/A, 121.16, 76|2, 53, N/A, 125.27, 78|3, 45, N/A, 28.05, 0|4, 43, N/A, 28.55, 0|5, 45, N/A, 27.58, 0|6, 40, N/A, 28.77, 0|
13:14:59 0, 62, N/A, 129.24, 86|1, 61, N/A, 143.38, 77|2, 53, N/A, 131.96, 77|3, 45, N/A, 27.81, 0|4, 44, N/A, 28.54, 0|5, 45, N/A, 27.58, 0|6, 40, N/A, 28.77, 0|
13:15:01 0, 63, N/A, 125.07, 88|1, 61, N/A, 129.99, 72|2, 54, N/A, 119.75, 74|3, 44, N/A, 28.05, 0|4, 43, N/A, 28.55, 0|5, 45, N/A, 27.58, 0|6, 40, N/A, 28.77, 0|
13:15:03 0, 63, N/A, 118.53, 93|1, 61, N/A, 140.21, 74|2, 54, N/A, 141.67, 77|3, 44, N/A, 28.03, 0|4, 43, N/A, 28.55, 0|5, 45, N/A, 27.58, 0|6, 40, N/A, 28.77, 0|
13:15:05 0, 63, N/A, 121.83, 79|1, 61, N/A, 129.72, 74|2, 55, N/A, 143.24, 74|3, 44, N/A, 28.03, 0|4, 43, N/A, 28.05, 0|5, 44, N/A, 27.32, 0|6, 40, N/A, 28.76, 0|
13:15:08 0, 63, N/A, 124.81, 78|1, 61, N/A, 133.65, 74|2, 55, N/A, 144.38, 73|3, 44, N/A, 27.79, 0|4, 43, N/A, 28.28, 0|5, 44, N/A, 27.56, 0|6, 40, N/A, 28.53, 0|
13:15:10 0, 61, N/A, 44.29, 0|1, 59, N/A, 48.73, 0|2, 53, N/A, 50.94, 0|3, 44, N/A, 27.81, 0|4, 43, N/A, 28.06, 0|5, 44, N/A, 27.58, 0|6, 40, N/A, 28.77, 0|
13:15:12 0, 63, N/A, 131.94, 92|1, 61, N/A, 116.81, 77|2, 55, N/A, 124.04, 75|3, 44, N/A, 27.81, 0|4, 43, N/A, 28.30, 0|5, 44, N/A, 27.33, 0|6, 40, N/A, 28.77, 0|
13:15:14 0, 63, N/A, 124.39, 79|1, 61, N/A, 129.41, 74|2, 56, N/A, 146.83, 74|3, 44, N/A, 27.79, 0|4, 43, N/A, 28.03, 0|5, 44, N/A, 27.33, 0|6, 40, N/A, 28.77, 0|
13:15:16 0, 63, N/A, 122.86, 79|1, 61, N/A, 131.88, 75|2, 56, N/A, 142.33, 74|3, 43, N/A, 27.79, 0|4, 43, N/A, 28.05, 0|5, 44, N/A, 27.56, 0|6, 40, N/A, 28.51, 0|
13:15:18 0, 60, N/A, 42.58, 0|1, 58, N/A, 46.51, 0|2, 53, N/A, 50.20, 0|3, 43, N/A, 27.81, 0|4, 42, N/A, 28.07, 0|5, 44, N/A, 27.33, 0|6, 40, N/A, 28.53, 0|
