13:06:22 0, 38, N/A, 26.35, 0|1, 36, N/A, 28.07, 0|2, 35, N/A, 28.81, 0|3, 38, N/A, 26.82, 0|4, 39, N/A, 27.56, 0|5, 40, N/A, 27.09, 0|6, 37, N/A, 28.04, 0|
13:06:24 0, 39, N/A, 32.01, 0|1, 36, N/A, 33.49, 0|2, 35, N/A, 28.81, 0|3, 37, N/A, 26.82, 0|4, 39, N/A, 27.56, 0|5, 39, N/A, 27.09, 0|6, 37, N/A, 28.04, 0|
13:06:26 0, 39, N/A, 32.26, 0|1, 36, N/A, 33.49, 0|2, 35, N/A, 28.81, 0|3, 38, N/A, 26.82, 0|4, 39, N/A, 27.56, 0|5, 40, N/A, 27.09, 0|6, 37, N/A, 28.04, 0|
13:06:28 0, 39, N/A, 32.01, 0|1, 37, N/A, 33.49, 0|2, 35, N/A, 28.81, 0|3, 38, N/A, 26.82, 0|4, 39, N/A, 27.58, 0|5, 40, N/A, 27.09, 0|6, 37, N/A, 28.28, 0|
13:06:30 0, 39, N/A, 32.26, 0|1, 37, N/A, 33.49, 0|2, 35, N/A, 28.81, 0|3, 38, N/A, 26.82, 0|4, 39, N/A, 27.56, 0|5, 40, N/A, 27.09, 0|6, 37, N/A, 28.28, 0|
13:06:32 0, 39, N/A, 32.26, 0|1, 37, N/A, 33.49, 0|2, 35, N/A, 28.81, 0|3, 38, N/A, 26.82, 0|4, 39, N/A, 27.56, 0|5, 40, N/A, 27.09, 0|6, 37, N/A, 28.28, 0|
13:06:34 0, 39, N/A, 32.26, 0|1, 37, N/A, 33.49, 0|2, 35, N/A, 28.81, 0|3, 38, N/A, 27.07, 0|4, 39, N/A, 27.58, 0|5, 40, N/A, 27.10, 0|6, 37, N/A, 28.04, 0|
13:06:37 0, 39, N/A, 32.26, 0|1, 37, N/A, 33.49, 0|2, 35, N/A, 28.81, 0|3, 38, N/A, 26.82, 0|4, 39, N/A, 27.56, 0|5, 40, N/A, 27.09, 0|6, 37, N/A, 28.28, 0|
13:06:39 0, 39, N/A, 32.24, 0|1, 37, N/A, 33.49, 0|2, 35, N/A, 28.81, 0|3, 38, N/A, 26.82, 0|4, 39, N/A, 27.56, 0|5, 40, N/A, 27.09, 0|6, 37, N/A, 28.03, 0|
13:06:41 0, 39, N/A, 32.26, 0|1, 37, N/A, 33.49, 0|2, 35, N/A, 28.81, 0|3, 38, N/A, 26.82, 0|4, 39, N/A, 27.56, 0|5, 40, N/A, 27.09, 0|6, 37, N/A, 28.28, 0|
13:06:43 0, 39, N/A, 32.26, 0|1, 37, N/A, 33.49, 0|2, 35, N/A, 28.81, 0|3, 38, N/A, 27.07, 0|4, 39, N/A, 27.56, 0|5, 40, N/A, 27.09, 0|6, 37, N/A, 28.28, 0|
13:06:45 0, 39, N/A, 32.26, 0|1, 37, N/A, 33.74, 0|2, 35, N/A, 28.81, 0|3, 38, N/A, 26.82, 0|4, 39, N/A, 27.56, 0|5, 40, N/A, 27.09, 0|6, 37, N/A, 28.04, 0|
13:06:47 0, 39, N/A, 32.26, 0|1, 37, N/A, 33.49, 0|2, 35, N/A, 28.81, 0|3, 38, N/A, 26.82, 0|4, 39, N/A, 27.56, 0|5, 40, N/A, 27.09, 0|6, 37, N/A, 28.28, 0|
13:06:49 0, 39, N/A, 32.01, 0|1, 37, N/A, 33.49, 0|2, 35, N/A, 28.81, 0|3, 38, N/A, 26.84, 0|4, 39, N/A, 27.58, 0|5, 40, N/A, 27.10, 0|6, 37, N/A, 28.30, 0|
13:06:51 0, 39, N/A, 32.26, 0|1, 37, N/A, 33.74, 0|2, 35, N/A, 29.06, 0|3, 38, N/A, 26.84, 0|4, 39, N/A, 27.58, 0|5, 40, N/A, 27.10, 0|6, 37, N/A, 28.05, 0|
13:06:53 0, 40, N/A, 32.26, 0|1, 37, N/A, 33.49, 0|2, 35, N/A, 29.08, 0|3, 38, N/A, 26.84, 0|4, 39, N/A, 27.58, 0|5, 40, N/A, 27.10, 0|6, 37, N/A, 28.05, 0|
13:06:55 0, 40, N/A, 32.26, 0|1, 37, N/A, 33.51, 0|2, 35, N/A, 28.83, 0|3, 38, N/A, 26.84, 0|4, 39, N/A, 27.58, 0|5, 40, N/A, 27.10, 0|6, 37, N/A, 28.05, 0|
13:06:57 0, 40, N/A, 32.03, 0|1, 37, N/A, 33.76, 0|2, 35, N/A, 29.08, 0|3, 38, N/A, 27.09, 0|4, 39, N/A, 27.58, 0|5, 40, N/A, 27.11, 0|6, 37, N/A, 28.30, 0|
13:07:00 0, 40, N/A, 32.28, 0|1, 37, N/A, 33.76, 0|2, 35, N/A, 29.08, 0|3, 38, N/A, 26.84, 0|4, 39, N/A, 27.60, 0|5, 40, N/A, 27.12, 0|6, 37, N/A, 28.32, 0|
13:07:02 0, 40, N/A, 32.28, 0|1, 37, N/A, 33.76, 0|2, 35, N/A, 28.83, 0|3, 38, N/A, 27.10, 0|4, 39, N/A, 27.60, 0|5, 40, N/A, 27.12, 0|6, 37, N/A, 28.32, 0|
13:07:04 0, 40, N/A, 32.28, 0|1, 37, N/A, 33.76, 0|2, 35, N/A, 28.83, 0|3, 38, N/A, 27.09, 0|4, 39, N/A, 27.60, 0|5, 40, N/A, 27.11, 0|6, 37, N/A, 28.32, 0|
13:07:06 0, 40, N/A, 32.28, 0|1, 37, N/A, 33.76, 0|2, 35, N/A, 29.08, 0|3, 38, N/A, 27.09, 0|4, 39, N/A, 27.60, 0|5, 40, N/A, 27.11, 0|6, 37, N/A, 28.30, 0|
13:07:08 0, 40, N/A, 32.28, 0|1, 37, N/A, 33.76, 0|2, 35, N/A, 29.08, 0|3, 38, N/A, 27.09, 0|4, 39, N/A, 27.58, 0|5, 40, N/A, 27.10, 0|6, 37, N/A, 28.30, 0|
13:07:10 0, 40, N/A, 32.28, 0|1, 37, N/A, 33.76, 0|2, 35, N/A, 29.08, 0|3, 38, N/A, 27.09, 0|4, 39, N/A, 27.58, 0|5, 40, N/A, 27.11, 0|6, 37, N/A, 28.30, 0|
13:07:12 0, 40, N/A, 32.28, 0|1, 37, N/A, 33.76, 0|2, 35, N/A, 29.08, 0|3, 38, N/A, 26.84, 0|4, 39, N/A, 27.58, 0|5, 40, N/A, 27.10, 0|6, 37, N/A, 28.30, 0|
13:07:14 0, 40, N/A, 32.28, 0|1, 37, N/A, 33.76, 0|2, 35, N/A, 29.08, 0|3, 38, N/A, 26.84, 0|4, 39, N/A, 27.58, 0|5, 40, N/A, 27.11, 0|6, 37, N/A, 28.30, 0|
13:07:16 0, 40, N/A, 36.96, 66|1, 37, N/A, 33.76, 0|2, 35, N/A, 29.08, 0|3, 38, N/A, 27.09, 0|4, 39, N/A, 27.60, 0|5, 40, N/A, 27.11, 0|6, 37, N/A, 28.32, 0|
13:07:18 0, 40, N/A, 36.22, 0|1, 38, N/A, 39.42, 65|2, 35, N/A, 29.08, 0|3, 38, N/A, 27.10, 0|4, 39, N/A, 27.60, 0|5, 40, N/A, 27.12, 0|6, 37, N/A, 28.32, 0|
13:07:20 0, 40, N/A, 33.02, 0|1, 38, N/A, 39.18, 0|2, 35, N/A, 29.09, 0|3, 38, N/A, 27.10, 0|4, 39, N/A, 27.60, 0|5, 40, N/A, 27.12, 0|6, 37, N/A, 28.32, 0|
13:07:22 0, 40, N/A, 32.53, 0|1, 38, N/A, 39.67, 0|2, 35, N/A, 29.08, 0|3, 38, N/A, 27.09, 0|4, 39, N/A, 27.60, 0|5, 40, N/A, 27.12, 0|6, 37, N/A, 28.32, 0|
13:07:25 0, 43, N/A, 161.82, 47|1, 41, N/A, 49.74, 54|2, 35, N/A, 29.08, 0|3, 38, N/A, 27.09, 0|4, 39, N/A, 27.60, 0|5, 40, N/A, 27.12, 0|6, 37, N/A, 28.32, 0|
13:07:27 0, 44, N/A, 87.08, 45|1, 42, N/A, 141.37, 54|2, 36, N/A, 29.08, 0|3, 38, N/A, 27.09, 0|4, 39, N/A, 27.60, 0|5, 40, N/A, 27.10, 0|6, 37, N/A, 28.32, 0|
13:07:29 0, 44, N/A, 47.77, 45|1, 43, N/A, 175.03, 52|2, 36, N/A, 29.08, 0|3, 38, N/A, 27.09, 0|4, 39, N/A, 27.58, 0|5, 40, N/A, 27.10, 0|6, 37, N/A, 28.30, 0|
13:07:31 0, 45, N/A, 99.57, 47|1, 43, N/A, 99.57, 54|2, 36, N/A, 29.08, 0|3, 38, N/A, 27.10, 0|4, 39, N/A, 27.60, 0|5, 40, N/A, 27.10, 0|6, 37, N/A, 28.32, 0|
13:07:33 0, 46, N/A, 180.19, 100|1, 41, N/A, 40.41, 0|2, 36, N/A, 29.09, 0|3, 38, N/A, 27.09, 0|4, 39, N/A, 27.58, 0|5, 40, N/A, 27.11, 0|6, 37, N/A, 28.30, 0|
13:07:35 0, 47, N/A, 135.96, 100|1, 44, N/A, 138.91, 100|2, 36, N/A, 29.08, 0|3, 38, N/A, 27.09, 0|4, 39, N/A, 27.58, 0|5, 40, N/A, 27.10, 0|6, 37, N/A, 28.30, 0|
13:07:37 0, 46, N/A, 38.69, 0|1, 44, N/A, 175.27, 100|2, 35, N/A, 29.08, 0|3, 38, N/A, 27.09, 0|4, 39, N/A, 27.60, 0|5, 40, N/A, 27.10, 0|6, 38, N/A, 28.30, 0|
13:07:39 0, 49, N/A, 135.32, 100|1, 43, N/A, 41.15, 0|2, 36, N/A, 29.08, 0|3, 38, N/A, 27.09, 0|4, 39, N/A, 27.60, 0|5, 40, N/A, 27.11, 0|6, 37, N/A, 28.30, 0|
13:07:41 0, 50, N/A, 150.14, 100|1, 45, N/A, 42.13, 0|2, 36, N/A, 29.08, 0|3, 38, N/A, 27.09, 0|4, 39, N/A, 27.60, 0|5, 40, N/A, 27.10, 0|6, 38, N/A, 28.30, 0|
13:07:43 0, 50, N/A, 153.31, 100|1, 47, N/A, 177.50, 100|2, 36, N/A, 29.08, 0|3, 38, N/A, 27.09, 0|4, 39, N/A, 27.58, 0|5, 40, N/A, 27.10, 0|6, 37, N/A, 28.30, 0|
13:07:45 0, 50, N/A, 167.93, 100|1, 48, N/A, 150.85, 100|2, 36, N/A, 29.08, 0|3, 38, N/A, 27.09, 0|4, 39, N/A, 27.58, 0|5, 40, N/A, 27.10, 0|6, 38, N/A, 28.30, 0|
13:07:47 0, 49, N/A, 39.42, 0|1, 48, N/A, 140.15, 100|2, 36, N/A, 29.08, 0|3, 38, N/A, 27.09, 0|4, 39, N/A, 27.60, 0|5, 40, N/A, 27.12, 0|6, 37, N/A, 28.32, 0|
13:07:50 0, 49, N/A, 39.42, 0|1, 49, N/A, 157.41, 100|2, 36, N/A, 29.08, 0|3, 38, N/A, 27.09, 0|4, 39, N/A, 27.60, 0|5, 40, N/A, 27.10, 0|6, 38, N/A, 28.32, 0|
13:07:52 0, 52, N/A, 159.94, 100|1, 46, N/A, 41.89, 0|2, 36, N/A, 29.08, 0|3, 38, N/A, 27.09, 0|4, 39, N/A, 27.58, 0|5, 40, N/A, 27.10, 0|6, 38, N/A, 28.30, 0|
13:07:54 0, 49, N/A, 39.18, 0|1, 50, N/A, 165.22, 100|2, 36, N/A, 29.08, 0|3, 38, N/A, 27.09, 0|4, 39, N/A, 27.60, 0|5, 40, N/A, 27.10, 0|6, 38, N/A, 28.05, 0|
13:07:56 0, 51, N/A, 99.07, 46|1, 50, N/A, 105.22, 53|2, 36, N/A, 29.08, 0|3, 38, N/A, 27.09, 0|4, 39, N/A, 27.60, 0|5, 40, N/A, 27.10, 0|6, 38, N/A, 28.32, 0|
13:07:58 0, 51, N/A, 53.20, 45|1, 49, N/A, 176.88, 53|2, 36, N/A, 29.08, 0|3, 38, N/A, 27.10, 0|4, 39, N/A, 27.60, 0|5, 40, N/A, 27.12, 0|6, 38, N/A, 28.32, 0|
13:08:00 0, 51, N/A, 122.12, 45|1, 50, N/A, 120.64, 54|2, 36, N/A, 29.08, 0|3, 38, N/A, 27.10, 0|4, 39, N/A, 27.60, 0|5, 40, N/A, 27.12, 0|6, 38, N/A, 28.32, 0|
13:08:02 0, 52, N/A, 155.27, 46|1, 51, N/A, 60.09, 54|2, 36, N/A, 29.08, 0|3, 38, N/A, 27.09, 0|4, 39, N/A, 27.60, 0|5, 40, N/A, 27.12, 0|6, 37, N/A, 28.32, 0|
13:08:04 0, 51, N/A, 40.90, 45|1, 49, N/A, 44.35, 54|2, 36, N/A, 29.08, 0|3, 38, N/A, 27.09, 0|4, 39, N/A, 27.60, 0|5, 40, N/A, 27.12, 0|6, 38, N/A, 28.32, 0|
13:08:06 0, 53, N/A, 42.11, 40|1, 49, N/A, 146.20, 0|2, 36, N/A, 29.08, 0|3, 38, N/A, 27.09, 0|4, 39, N/A, 27.58, 0|5, 40, N/A, 27.10, 0|6, 38, N/A, 28.30, 0|
13:08:08 0, 52, N/A, 102.51, 45|1, 51, N/A, 138.43, 52|2, 36, N/A, 29.08, 0|3, 38, N/A, 27.09, 0|4, 39, N/A, 27.60, 0|5, 40, N/A, 27.10, 0|6, 38, N/A, 28.32, 0|
13:08:10 0, 53, N/A, 63.75, 45|1, 51, N/A, 169.66, 53|2, 36, N/A, 29.08, 0|3, 38, N/A, 27.10, 0|4, 39, N/A, 27.60, 0|5, 40, N/A, 27.12, 0|6, 38, N/A, 28.32, 0|
13:08:12 0, 54, N/A, 50.48, 46|1, 52, N/A, 179.95, 53|2, 36, N/A, 29.08, 0|3, 38, N/A, 27.09, 0|4, 39, N/A, 27.60, 0|5, 40, N/A, 27.10, 0|6, 38, N/A, 28.32, 0|
13:08:15 0, 51, N/A, 40.41, 0|1, 49, N/A, 43.61, 0|2, 36, N/A, 29.09, 0|3, 38, N/A, 27.10, 0|4, 39, N/A, 27.60, 0|5, 40, N/A, 27.12, 0|6, 38, N/A, 28.32, 0|
