13:10:22 0, 55, N/A, 40.63, 0|1, 53, N/A, 43.83, 0|2, 49, N/A, 45.28, 0|3, 45, N/A, 37.65, 0|4, 40, N/A, 27.58, 0|5, 41, N/A, 27.33, 0|6, 38, N/A, 28.28, 0|
13:10:24 0, 55, N/A, 40.36, 0|1, 53, N/A, 43.81, 0|2, 49, N/A, 45.28, 0|3, 45, N/A, 37.88, 0|4, 40, N/A, 33.47, 0|5, 41, N/A, 27.33, 0|6, 38, N/A, 28.28, 0|
13:10:26 0, 54, N/A, 41.10, 55|1, 53, N/A, 43.56, 0|2, 49, N/A, 45.03, 0|3, 45, N/A, 37.88, 0|4, 40, N/A, 33.47, 0|5, 41, N/A, 27.33, 0|6, 38, N/A, 28.28, 0|
13:10:28 0, 54, N/A, 40.36, 0|1, 53, N/A, 43.56, 0|2, 49, N/A, 45.53, 56|3, 45, N/A, 37.88, 0|4, 40, N/A, 33.47, 0|5, 41, N/A, 27.33, 0|6, 38, N/A, 28.28, 0|
13:10:30 0, 54, N/A, 40.36, 0|1, 53, N/A, 43.56, 0|2, 49, N/A, 45.04, 0|3, 45, N/A, 38.12, 54|4, 40, N/A, 33.47, 0|5, 41, N/A, 27.33, 0|6, 38, N/A, 28.28, 0|
13:10:32 0, 54, N/A, 40.11, 0|1, 53, N/A, 43.56, 0|2, 49, N/A, 45.04, 0|3, 45, N/A, 37.88, 0|4, 40, N/A, 38.14, 15|5, 41, N/A, 27.33, 0|6, 38, N/A, 28.28, 0|
13:10:34 0, 54, N/A, 41.10, 0|1, 52, N/A, 44.30, 0|2, 49, N/A, 45.78, 0|3, 45, N/A, 38.61, 0|4, 41, N/A, 38.88, 0|5, 41, N/A, 27.33, 0|6, 38, N/A, 28.28, 0|
13:10:36 0, 54, N/A, 40.85, 0|1, 52, N/A, 44.30, 0|2, 48, N/A, 45.78, 0|3, 45, N/A, 38.61, 0|4, 40, N/A, 33.72, 0|5, 41, N/A, 27.33, 0|6, 38, N/A, 28.28, 0|
13:10:38 0, 55, N/A, 72.72, 19|1, 53, N/A, 46.26, 18|2, 49, N/A, 49.93, 18|3, 46, N/A, 43.50, 18|4, 42, N/A, 52.60, 26|5, 41, N/A, 27.33, 0|6, 38, N/A, 28.28, 0|
13:10:40 0, 55, N/A, 43.31, 19|1, 53, N/A, 48.97, 18|2, 50, N/A, 57.30, 18|3, 46, N/A, 56.53, 18|4, 42, N/A, 104.06, 26|5, 41, N/A, 27.33, 0|6, 38, N/A, 28.28, 0|
13:10:43 0, 55, N/A, 80.14, 19|1, 53, N/A, 114.11, 20|2, 50, N/A, 64.65, 18|3, 46, N/A, 40.09, 16|4, 42, N/A, 37.88, 26|5, 41, N/A, 27.33, 0|6, 38, N/A, 28.28, 0|
13:10:45 0, 55, N/A, 44.51, 19|1, 53, N/A, 44.79, 18|2, 50, N/A, 65.18, 16|3, 46, N/A, 80.77, 18|4, 42, N/A, 106.68, 26|5, 41, N/A, 27.33, 0|6, 38, N/A, 28.28, 0|
13:10:47 0, 54, N/A, 35.69, 0|1, 52, N/A, 38.64, 0|2, 49, N/A, 47.50, 0|3, 46, N/A, 38.86, 0|4, 42, N/A, 33.96, 0|5, 41, N/A, 27.33, 0|6, 38, N/A, 28.28, 0|
13:10:49 0, 55, N/A, 41.34, 0|1, 54, N/A, 45.25, 0|2, 52, N/A, 168.08, 100|3, 45, N/A, 38.86, 0|4, 41, N/A, 33.71, 0|5, 41, N/A, 27.33, 0|6, 38, N/A, 28.28, 0|
13:10:51 0, 58, N/A, 169.18, 100|1, 53, N/A, 190.62, 76|2, 49, N/A, 47.22, 0|3, 46, N/A, 39.10, 0|4, 43, N/A, 39.35, 0|5, 41, N/A, 27.32, 0|6, 38, N/A, 28.26, 0|
13:10:53 0, 55, N/A, 41.31, 0|1, 54, N/A, 45.25, 0|2, 54, N/A, 167.97, 100|3, 49, N/A, 93.23, 100|4, 42, N/A, 91.04, 0|5, 41, N/A, 27.32, 0|6, 38, N/A, 28.26, 0|
13:10:55 0, 57, N/A, 42.54, 0|1, 57, N/A, 165.35, 100|2, 52, N/A, 161.76, 100|3, 47, N/A, 39.10, 0|4, 44, N/A, 40.08, 0|5, 41, N/A, 27.32, 0|6, 38, N/A, 28.53, 0|
13:10:57 0, 59, N/A, 176.27, 100|1, 54, N/A, 45.03, 0|2, 51, N/A, 47.46, 0|3, 49, N/A, 40.80, 100|4, 46, N/A, 151.21, 51|5, 41, N/A, 27.32, 0|6, 38, N/A, 28.51, 0|
13:10:59 0, 56, N/A, 41.56, 0|1, 55, N/A, 45.99, 0|2, 55, N/A, 113.13, 100|3, 50, N/A, 142.64, 100|4, 43, N/A, 39.84, 0|5, 41, N/A, 27.32, 0|6, 38, N/A, 28.51, 0|
13:11:01 0, 58, N/A, 179.22, 100|1, 53, N/A, 45.49, 0|2, 51, N/A, 47.22, 0|3, 48, N/A, 38.59, 0|4, 45, N/A, 39.84, 0|5, 41, N/A, 27.32, 0|6, 38, N/A, 28.51, 0|
13:11:03 0, 56, N/A, 41.34, 0|1, 54, N/A, 45.77, 0|2, 52, N/A, 47.22, 0|3, 49, N/A, 172.16, 100|4, 44, N/A, 39.35, 0|5, 41, N/A, 27.32, 0|6, 38, N/A, 28.28, 0|
13:11:05 0, 57, N/A, 55.10, 19|1, 55, N/A, 80.38, 19|2, 52, N/A, 139.32, 19|3, 48, N/A, 82.98, 18|4, 45, N/A, 41.81, 24|5, 41, N/A, 27.33, 0|6, 38, N/A, 28.28, 0|
13:11:08 0, 56, N/A, 132.94, 19|1, 54, N/A, 59.27, 19|2, 52, N/A, 49.95, 19|3, 49, N/A, 42.55, 19|4, 46, N/A, 53.34, 25|5, 41, N/A, 27.33, 0|6, 38, N/A, 28.28, 0|
13:11:10 0, 56, N/A, 44.05, 19|1, 55, N/A, 49.95, 18|2, 52, N/A, 58.78, 18|3, 49, N/A, 64.85, 19|4, 46, N/A, 157.20, 25|5, 41, N/A, 27.33, 0|6, 38, N/A, 28.28, 0|
13:11:12 0, 56, N/A, 52.91, 19|1, 55, N/A, 74.24, 19|2, 52, N/A, 124.17, 19|3, 49, N/A, 96.38, 19|4, 46, N/A, 42.06, 25|5, 41, N/A, 27.33, 0|6, 38, N/A, 28.28, 0|
13:11:14 0, 55, N/A, 134.17, 6|1, 54, N/A, 45.77, 6|2, 51, N/A, 48.23, 2|3, 48, N/A, 39.59, 6|4, 45, N/A, 40.33, 1|5, 41, N/A, 27.33, 0|6, 38, N/A, 28.53, 0|
13:11:16 0, 57, N/A, 42.57, 0|1, 56, N/A, 144.63, 100|2, 51, N/A, 47.99, 0|3, 48, N/A, 39.62, 0|4, 45, N/A, 40.36, 0|5, 41, N/A, 27.35, 0|6, 38, N/A, 28.30, 0|
13:11:18 0, 56, N/A, 41.83, 0|1, 54, N/A, 45.28, 0|2, 51, N/A, 48.23, 0|3, 49, N/A, 40.33, 0|4, 48, N/A, 180.76, 100|5, 41, N/A, 27.32, 0|6, 38, N/A, 28.51, 0|
13:11:20 0, 56, N/A, 44.54, 19|1, 54, N/A, 51.68, 18|2, 52, N/A, 62.97, 18|3, 49, N/A, 73.20, 19|4, 47, N/A, 155.49, 25|5, 41, N/A, 27.33, 0|6, 38, N/A, 28.28, 0|
13:11:22 0, 56, N/A, 45.03, 19|1, 55, N/A, 52.67, 18|2, 52, N/A, 66.17, 18|3, 49, N/A, 79.30, 18|4, 46, N/A, 110.62, 25|5, 41, N/A, 27.33, 0|6, 38, N/A, 28.53, 0|
13:11:24 0, 56, N/A, 42.08, 11|1, 54, N/A, 45.53, 4|2, 52, N/A, 48.49, 47|3, 49, N/A, 39.84, 14|4, 46, N/A, 39.38, 0|5, 41, N/A, 27.33, 0|6, 38, N/A, 28.28, 0|
13:11:26 0, 55, N/A, 40.60, 0|1, 53, N/A, 45.28, 0|2, 51, N/A, 46.02, 0|3, 48, N/A, 38.86, 0|4, 45, N/A, 39.10, 0|5, 41, N/A, 27.33, 0|6, 38, N/A, 28.28, 0|
