13:17:07 0, 56, N/A, 30.04, 0|1, 54, N/A, 32.75, 0|2, 53, N/A, 33.74, 0|3, 49, N/A, 29.04, 0|4, 46, N/A, 30.27, 0|5, 42, N/A, 27.33, 0|6, 38, N/A, 28.53, 0|
13:17:09 0, 56, N/A, 36.42, 0|1, 54, N/A, 39.38, 0|2, 53, N/A, 40.85, 0|3, 49, N/A, 34.68, 0|4, 46, N/A, 34.95, 0|5, 42, N/A, 33.24, 0|6, 38, N/A, 28.28, 0|
13:17:11 0, 56, N/A, 36.42, 8|1, 54, N/A, 39.38, 7|2, 53, N/A, 40.85, 6|3, 49, N/A, 34.68, 10|4, 46, N/A, 34.95, 8|5, 42, N/A, 33.47, 7|6, 38, N/A, 28.28, 0|
13:17:13 0, 56, N/A, 36.42, 8|1, 54, N/A, 39.38, 8|2, 52, N/A, 40.85, 9|3, 49, N/A, 34.68, 8|4, 46, N/A, 34.95, 8|5, 42, N/A, 33.49, 8|6, 38, N/A, 28.28, 0|
13:17:15 0, 55, N/A, 36.18, 9|1, 53, N/A, 39.40, 9|2, 52, N/A, 40.61, 10|3, 49, N/A, 34.68, 9|4, 45, N/A, 34.95, 8|5, 43, N/A, 33.24, 8|6, 38, N/A, 28.28, 0|
13:17:17 0, 55, N/A, 36.18, 2|1, 53, N/A, 39.13, 1|2, 52, N/A, 40.61, 6|3, 49, N/A, 34.68, 2|4, 45, N/A, 34.95, 0|5, 43, N/A, 33.47, 7|6, 38, N/A, 28.28, 0|
13:17:19 0, 55, N/A, 36.18, 0|1, 53, N/A, 38.88, 0|2, 52, N/A, 42.82, 0|3, 49, N/A, 34.45, 0|4, 45, N/A, 34.95, 0|5, 43, N/A, 34.72, 0|6, 38, N/A, 28.28, 0|
13:17:21 0, 55, N/A, 36.18, 0|1, 53, N/A, 38.88, 0|2, 52, N/A, 42.82, 0|3, 49, N/A, 34.43, 0|4, 46, N/A, 34.95, 0|5, 43, N/A, 33.47, 0|6, 39, N/A, 28.53, 0|
13:17:23 0, 56, N/A, 69.52, 44|1, 54, N/A, 73.49, 44|2, 53, N/A, 76.40, 41|3, 50, N/A, 68.74, 41|4, 46, N/A, 61.69, 40|5, 44, N/A, 58.99, 40|6, 38, N/A, 28.51, 0|
13:17:25 0, 56, N/A, 72.76, 43|1, 54, N/A, 76.94, 43|2, 53, N/A, 84.07, 40|3, 50, N/A, 69.72, 39|4, 47, N/A, 59.49, 39|5, 44, N/A, 60.22, 38|6, 39, N/A, 28.28, 0|
13:17:27 0, 56, N/A, 73.75, 44|1, 55, N/A, 77.93, 44|2, 54, N/A, 88.21, 41|3, 50, N/A, 71.49, 40|4, 47, N/A, 62.92, 39|5, 44, N/A, 60.01, 39|6, 38, N/A, 28.53, 0|
13:17:30 0, 56, N/A, 42.13, 0|1, 54, N/A, 45.56, 0|2, 53, N/A, 50.24, 0|3, 50, N/A, 40.11, 0|4, 46, N/A, 36.45, 0|5, 44, N/A, 33.76, 0|6, 39, N/A, 28.32, 0|
13:17:32 0, 56, N/A, 47.99, 86|1, 54, N/A, 58.29, 83|2, 53, N/A, 97.49, 63|3, 50, N/A, 81.45, 53|4, 47, N/A, 77.83, 40|5, 44, N/A, 67.56, 41|6, 39, N/A, 28.28, 0|
13:17:34 0, 56, N/A, 83.77, 88|1, 54, N/A, 73.24, 85|2, 54, N/A, 70.06, 58|3, 50, N/A, 50.85, 49|4, 47, N/A, 51.37, 32|5, 45, N/A, 67.31, 30|6, 39, N/A, 28.51, 0|
13:17:36 0, 57, N/A, 52.38, 87|1, 54, N/A, 73.24, 83|2, 54, N/A, 96.97, 65|3, 50, N/A, 69.96, 51|4, 47, N/A, 74.15, 37|5, 45, N/A, 62.19, 38|6, 39, N/A, 28.51, 0|
13:17:38 0, 56, N/A, 85.97, 88|1, 55, N/A, 76.65, 85|2, 54, N/A, 67.36, 68|3, 51, N/A, 52.08, 53|4, 47, N/A, 52.08, 36|5, 46, N/A, 85.64, 37|6, 38, N/A, 28.51, 0|
13:17:40 0, 56, N/A, 62.40, 87|1, 55, N/A, 58.99, 86|2, 54, N/A, 83.24, 54|3, 51, N/A, 75.85, 51|4, 48, N/A, 60.43, 40|5, 46, N/A, 54.08, 33|6, 39, N/A, 28.51, 0|
13:17:42 0, 57, N/A, 53.33, 87|1, 55, N/A, 59.51, 87|2, 54, N/A, 102.32, 68|3, 51, N/A, 75.56, 48|4, 48, N/A, 77.33, 37|5, 46, N/A, 62.67, 35|6, 38, N/A, 28.26, 0|
13:17:44 0, 57, N/A, 61.46, 84|1, 55, N/A, 49.93, 86|2, 54, N/A, 101.69, 65|3, 51, N/A, 75.57, 48|4, 48, N/A, 71.24, 39|5, 46, N/A, 65.84, 40|6, 39, N/A, 28.51, 0|
13:17:46 0, 57, N/A, 62.67, 89|1, 55, N/A, 61.98, 84|2, 54, N/A, 86.47, 64|3, 51, N/A, 79.99, 52|4, 48, N/A, 62.89, 32|5, 47, N/A, 55.56, 37|6, 39, N/A, 28.26, 0|
13:17:48 0, 57, N/A, 74.43, 89|1, 55, N/A, 82.30, 85|2, 54, N/A, 62.47, 63|3, 51, N/A, 49.16, 53|4, 48, N/A, 69.24, 37|5, 46, N/A, 89.37, 34|6, 39, N/A, 28.51, 0|
13:17:50 0, 57, N/A, 67.80, 83|1, 55, N/A, 91.08, 83|2, 54, N/A, 78.86, 64|3, 51, N/A, 58.18, 51|4, 48, N/A, 66.25, 38|5, 47, N/A, 64.90, 41|6, 39, N/A, 28.51, 0|
13:17:53 0, 57, N/A, 60.43, 85|1, 55, N/A, 76.65, 86|2, 54, N/A, 86.47, 62|3, 51, N/A, 52.57, 50|4, 49, N/A, 53.09, 41|5, 47, N/A, 54.33, 40|6, 39, N/A, 28.51, 0|
13:17:55 0, 57, N/A, 74.23, 88|1, 55, N/A, 60.99, 85|2, 54, N/A, 60.75, 60|3, 51, N/A, 70.66, 53|4, 49, N/A, 63.87, 37|5, 47, N/A, 83.72, 36|6, 39, N/A, 28.26, 0|
13:17:57 0, 57, N/A, 73.73, 44|1, 55, N/A, 76.89, 44|2, 55, N/A, 84.26, 40|3, 52, N/A, 69.02, 39|4, 49, N/A, 70.60, 36|5, 47, N/A, 70.26, 36|6, 39, N/A, 28.25, 0|
13:17:59 0, 57, N/A, 72.68, 43|1, 55, N/A, 77.91, 43|2, 55, N/A, 87.21, 40|3, 52, N/A, 69.68, 39|4, 49, N/A, 72.92, 36|5, 48, N/A, 70.75, 36|6, 39, N/A, 28.51, 0|
13:18:01 0, 57, N/A, 73.00, 43|1, 55, N/A, 79.89, 44|2, 55, N/A, 86.47, 41|3, 52, N/A, 70.46, 39|4, 49, N/A, 71.20, 36|5, 48, N/A, 70.26, 36|6, 39, N/A, 28.51, 0|
13:18:03 0, 56, N/A, 42.08, 3|1, 54, N/A, 45.77, 3|2, 54, N/A, 50.67, 3|3, 51, N/A, 40.58, 3|4, 48, N/A, 41.56, 2|5, 47, N/A, 43.53, 2|6, 39, N/A, 28.28, 0|
13:18:05 0, 57, N/A, 59.48, 88|1, 55, N/A, 64.89, 84|2, 55, N/A, 64.90, 63|3, 52, N/A, 83.38, 51|4, 49, N/A, 92.25, 40|5, 48, N/A, 73.17, 34|6, 39, N/A, 28.51, 0|
13:18:07 0, 57, N/A, 94.40, 20|1, 55, N/A, 100.60, 23|2, 55, N/A, 109.62, 17|3, 52, N/A, 92.82, 19|4, 49, N/A, 92.46, 26|5, 48, N/A, 78.81, 15|6, 39, N/A, 28.51, 0|
13:18:09 0, 57, N/A, 72.22, 44|1, 55, N/A, 78.61, 44|2, 55, N/A, 83.97, 41|3, 52, N/A, 67.26, 40|4, 50, N/A, 69.20, 36|5, 49, N/A, 69.24, 36|6, 39, N/A, 28.51, 0|
13:18:11 0, 57, N/A, 52.38, 43|1, 56, N/A, 54.85, 44|2, 56, N/A, 58.04, 40|3, 52, N/A, 45.47, 35|4, 50, N/A, 45.48, 36|5, 49, N/A, 43.04, 36|6, 39, N/A, 28.51, 0|
13:18:13 0, 56, N/A, 42.08, 0|1, 54, N/A, 45.78, 0|2, 54, N/A, 48.73, 0|3, 51, N/A, 39.60, 0|4, 49, N/A, 41.32, 0|5, 48, N/A, 39.38, 0|6, 39, N/A, 28.53, 0|
