13:11:28 0, 55, N/A, 40.60, 0|1, 53, N/A, 32.01, 0|2, 51, N/A, 46.02, 0|3, 48, N/A, 38.61, 0|4, 45, N/A, 39.11, 0|5, 41, N/A, 27.33, 0|6, 38, N/A, 28.53, 0|
13:11:31 0, 55, N/A, 40.60, 0|1, 53, N/A, 38.39, 0|2, 51, N/A, 46.02, 0|3, 48, N/A, 38.61, 0|4, 45, N/A, 38.86, 0|5, 42, N/A, 33.22, 0|6, 38, N/A, 28.53, 0|
13:11:33 0, 55, N/A, 40.60, 0|1, 52, N/A, 44.29, 97|2, 51, N/A, 45.77, 0|3, 48, N/A, 38.61, 0|4, 45, N/A, 39.10, 0|5, 42, N/A, 33.22, 0|6, 38, N/A, 28.53, 0|
13:11:35 0, 55, N/A, 40.61, 0|1, 52, N/A, 44.05, 0|2, 51, N/A, 45.78, 0|3, 48, N/A, 38.61, 25|4, 45, N/A, 39.85, 27|5, 42, N/A, 33.24, 0|6, 38, N/A, 28.53, 0|
13:11:37 0, 54, N/A, 36.17, 0|1, 52, N/A, 44.05, 0|2, 50, N/A, 45.78, 0|3, 48, N/A, 38.61, 0|4, 45, N/A, 39.60, 0|5, 42, N/A, 37.65, 0|6, 38, N/A, 28.53, 0|
13:11:39 0, 54, N/A, 35.71, 0|1, 52, N/A, 44.79, 0|2, 50, N/A, 47.01, 0|3, 48, N/A, 39.35, 0|4, 45, N/A, 40.10, 0|5, 42, N/A, 37.65, 0|6, 38, N/A, 28.28, 0|
13:11:41 0, 55, N/A, 41.83, 15|1, 53, N/A, 59.27, 15|2, 51, N/A, 82.10, 14|3, 49, N/A, 107.42, 16|4, 46, N/A, 99.08, 15|5, 43, N/A, 34.21, 23|6, 38, N/A, 28.28, 0|
13:11:43 0, 54, N/A, 91.83, 16|1, 53, N/A, 48.72, 15|2, 51, N/A, 49.19, 16|3, 49, N/A, 41.31, 15|4, 47, N/A, 44.02, 14|5, 43, N/A, 43.78, 23|6, 38, N/A, 28.53, 0|
13:11:45 0, 55, N/A, 38.14, 16|1, 53, N/A, 50.69, 13|2, 51, N/A, 61.49, 16|3, 49, N/A, 65.83, 16|4, 46, N/A, 87.17, 16|5, 43, N/A, 100.61, 23|6, 38, N/A, 28.53, 0|
13:11:47 0, 55, N/A, 65.91, 14|1, 53, N/A, 119.33, 15|2, 51, N/A, 82.85, 16|3, 49, N/A, 40.33, 16|4, 47, N/A, 41.84, 16|5, 44, N/A, 36.69, 21|6, 38, N/A, 28.53, 0|
13:11:49 0, 56, N/A, 42.33, 45|1, 54, N/A, 159.97, 46|2, 50, N/A, 39.87, 0|3, 48, N/A, 34.43, 0|4, 46, N/A, 40.33, 0|5, 43, N/A, 33.47, 0|6, 38, N/A, 28.53, 0|
13:11:51 0, 54, N/A, 41.10, 0|1, 53, N/A, 45.03, 0|2, 51, N/A, 46.51, 0|3, 49, N/A, 39.84, 0|4, 49, N/A, 157.11, 100|5, 43, N/A, 33.47, 0|6, 38, N/A, 28.51, 0|
13:11:53 0, 56, N/A, 42.08, 0|1, 56, N/A, 166.33, 100|2, 54, N/A, 153.62, 100|3, 48, N/A, 39.10, 0|4, 46, N/A, 40.58, 0|5, 44, N/A, 38.63, 0|6, 38, N/A, 28.53, 0|
13:11:56 0, 58, N/A, 165.39, 100|1, 56, N/A, 158.97, 100|2, 51, N/A, 47.46, 0|3, 49, N/A, 39.54, 0|4, 50, N/A, 45.19, 100|5, 46, N/A, 144.44, 12|6, 39, N/A, 28.49, 0|
13:11:58 0, 58, N/A, 171.52, 100|1, 54, N/A, 45.77, 0|2, 53, N/A, 48.45, 0|3, 52, N/A, 147.19, 100|4, 49, N/A, 42.98, 69|5, 46, N/A, 148.76, 0|6, 38, N/A, 28.49, 0|
13:12:00 0, 56, N/A, 41.56, 0|1, 55, N/A, 46.26, 0|2, 54, N/A, 49.22, 0|3, 53, N/A, 179.38, 100|4, 49, N/A, 138.82, 0|5, 45, N/A, 38.86, 0|6, 38, N/A, 28.26, 0|
13:12:02 0, 58, N/A, 173.61, 100|1, 54, N/A, 45.49, 0|2, 52, N/A, 47.72, 0|3, 50, N/A, 40.06, 0|4, 48, N/A, 41.30, 0|5, 46, N/A, 39.10, 0|6, 38, N/A, 28.26, 0|
13:12:04 0, 55, N/A, 41.35, 0|1, 54, N/A, 45.55, 0|2, 53, N/A, 47.99, 0|3, 52, N/A, 42.30, 67|4, 49, N/A, 143.08, 0|5, 45, N/A, 38.88, 0|6, 38, N/A, 28.28, 0|
13:12:06 0, 56, N/A, 47.71, 15|1, 54, N/A, 58.29, 15|2, 53, N/A, 78.42, 16|3, 50, N/A, 96.13, 16|4, 49, N/A, 115.70, 16|5, 47, N/A, 41.07, 22|6, 38, N/A, 28.51, 0|
13:12:08 0, 56, N/A, 106.07, 15|1, 54, N/A, 103.61, 15|2, 53, N/A, 49.44, 16|3, 51, N/A, 41.31, 16|4, 48, N/A, 37.88, 17|5, 47, N/A, 46.97, 22|6, 38, N/A, 28.53, 0|
13:12:10 0, 56, N/A, 46.24, 13|1, 54, N/A, 54.36, 15|2, 53, N/A, 70.80, 16|3, 51, N/A, 84.40, 16|4, 48, N/A, 104.72, 17|5, 47, N/A, 53.83, 21|6, 38, N/A, 28.51, 0|
13:12:12 0, 56, N/A, 75.17, 15|1, 54, N/A, 46.51, 15|2, 53, N/A, 50.42, 16|3, 51, N/A, 43.01, 16|4, 48, N/A, 40.58, 17|5, 48, N/A, 60.96, 21|6, 38, N/A, 28.53, 0|
13:12:14 0, 55, N/A, 42.08, 0|1, 53, N/A, 39.13, 0|2, 52, N/A, 48.73, 0|3, 50, N/A, 40.09, 0|4, 48, N/A, 35.42, 0|5, 47, N/A, 39.13, 0|6, 38, N/A, 28.53, 0|
13:12:16 0, 56, N/A, 42.33, 0|1, 56, N/A, 156.54, 100|2, 52, N/A, 48.70, 0|3, 50, N/A, 40.08, 0|4, 48, N/A, 35.42, 0|5, 46, N/A, 39.13, 0|6, 38, N/A, 28.53, 0|
13:12:18 0, 55, N/A, 41.83, 0|1, 53, N/A, 44.79, 0|2, 52, N/A, 48.72, 0|3, 50, N/A, 40.33, 0|4, 50, N/A, 42.79, 100|5, 48, N/A, 179.92, 11|6, 39, N/A, 28.51, 0|
13:12:21 0, 56, N/A, 43.06, 15|1, 54, N/A, 47.25, 15|2, 53, N/A, 52.91, 16|3, 51, N/A, 47.68, 17|4, 49, N/A, 57.28, 16|5, 48, N/A, 87.91, 21|6, 38, N/A, 28.53, 0|
13:12:23 0, 55, N/A, 36.91, 16|1, 54, N/A, 47.25, 15|2, 53, N/A, 52.63, 16|3, 51, N/A, 47.44, 16|4, 49, N/A, 55.79, 16|5, 48, N/A, 94.53, 21|6, 38, N/A, 28.51, 0|
13:12:25 0, 55, N/A, 40.60, 54|1, 54, N/A, 45.53, 48|2, 53, N/A, 48.94, 0|3, 50, N/A, 40.33, 55|4, 49, N/A, 41.32, 9|5, 47, N/A, 38.64, 84|6, 39, N/A, 28.53, 0|
13:12:27 0, 55, N/A, 40.61, 0|1, 53, N/A, 44.05, 0|2, 52, N/A, 46.51, 0|3, 50, N/A, 40.09, 0|4, 48, N/A, 40.33, 0|5, 47, N/A, 39.13, 0|6, 39, N/A, 28.53, 0|
