23:52:31 0, 52, N/A, 28.81, 0|1, 51, N/A, 32.75, 0|2, 42, N/A, 32.50, 0|3, 44, N/A, 28.55, 0|4, 45, N/A, 31.25, 0|5, 47, N/A, 28.07, 0|6, 44, N/A, 29.51, 0|
23:52:33 0, 52, N/A, 35.19, 2|1, 50, N/A, 37.67, 0|2, 42, N/A, 36.92, 0|3, 44, N/A, 33.22, 0|4, 45, N/A, 34.70, 2|5, 47, N/A, 34.23, 0|6, 44, N/A, 35.66, 1|
23:52:35 0, 52, N/A, 40.12, 51|1, 50, N/A, 37.65, 0|2, 42, N/A, 36.92, 0|3, 44, N/A, 33.22, 0|4, 45, N/A, 34.70, 0|5, 47, N/A, 34.47, 0|6, 44, N/A, 35.66, 0|
23:52:37 0, 52, N/A, 39.62, 0|1, 50, N/A, 43.07, 0|2, 42, N/A, 43.07, 69|3, 44, N/A, 33.22, 0|4, 45, N/A, 34.45, 0|5, 47, N/A, 34.23, 0|6, 44, N/A, 35.66, 0|
23:52:39 0, 52, N/A, 39.62, 0|1, 50, N/A, 43.07, 0|2, 42, N/A, 42.33, 0|3, 44, N/A, 37.38, 0|4, 45, N/A, 39.37, 0|5, 47, N/A, 38.88, 64|6, 44, N/A, 35.66, 0|
23:52:41 0, 52, N/A, 39.37, 1|1, 50, N/A, 43.31, 0|2, 43, N/A, 42.33, 0|3, 44, N/A, 37.63, 0|4, 45, N/A, 39.35, 0|5, 47, N/A, 39.38, 0|6, 44, N/A, 41.05, 1|
23:52:44 0, 52, N/A, 40.36, 0|1, 50, N/A, 44.05, 0|2, 43, N/A, 43.31, 0|3, 44, N/A, 38.37, 0|4, 45, N/A, 40.34, 0|5, 47, N/A, 39.38, 0|6, 44, N/A, 41.79, 0|
23:52:46 0, 52, N/A, 40.11, 0|1, 50, N/A, 44.05, 0|2, 43, N/A, 43.31, 0|3, 44, N/A, 38.37, 0|4, 45, N/A, 40.33, 0|5, 47, N/A, 39.38, 0|6, 44, N/A, 41.79, 0|
23:52:48 0, 53, N/A, 47.96, 10|1, 51, N/A, 57.80, 17|2, 44, N/A, 96.81, 11|3, 45, N/A, 127.61, 9|4, 46, N/A, 54.82, 11|5, 48, N/A, 39.62, 10|6, 45, N/A, 43.01, 34|
23:52:50 0, 53, N/A, 47.77, 20|1, 51, N/A, 59.60, 9|2, 44, N/A, 104.50, 11|3, 45, N/A, 120.49, 9|4, 46, N/A, 42.33, 11|5, 48, N/A, 39.92, 13|6, 46, N/A, 43.31, 22|
23:52:52 0, 53, N/A, 49.74, 10|1, 51, N/A, 63.99, 17|2, 44, N/A, 125.55, 11|3, 45, N/A, 103.86, 9|4, 46, N/A, 40.85, 11|5, 48, N/A, 40.14, 10|6, 46, N/A, 43.53, 38|
23:52:54 0, 53, N/A, 49.26, 10|1, 51, N/A, 63.29, 9|2, 44, N/A, 119.19, 11|3, 45, N/A, 107.80, 9|4, 47, N/A, 40.88, 14|5, 49, N/A, 40.16, 10|6, 47, N/A, 43.81, 22|
23:52:56 0, 53, N/A, 50.48, 11|1, 51, N/A, 64.23, 17|2, 45, N/A, 126.30, 22|3, 45, N/A, 103.62, 9|4, 47, N/A, 41.12, 11|5, 49, N/A, 39.92, 10|6, 47, N/A, 43.78, 34|
23:52:58 0, 53, N/A, 51.96, 10|1, 51, N/A, 69.40, 9|2, 44, N/A, 142.92, 11|3, 46, N/A, 85.26, 9|4, 47, N/A, 40.88, 18|5, 49, N/A, 40.14, 10|6, 47, N/A, 44.03, 22|
23:53:00 0, 53, N/A, 70.39, 14|1, 51, N/A, 106.15, 17|2, 44, N/A, 120.34, 11|3, 46, N/A, 38.91, 9|4, 47, N/A, 41.12, 11|5, 49, N/A, 40.41, 10|6, 48, N/A, 45.01, 32|
23:53:02 0, 53, N/A, 87.06, 10|1, 51, N/A, 133.09, 9|2, 45, N/A, 97.10, 11|3, 46, N/A, 39.13, 9|4, 47, N/A, 41.10, 19|5, 49, N/A, 40.38, 10|6, 48, N/A, 46.24, 22|
23:53:04 0, 53, N/A, 86.83, 19|1, 51, N/A, 135.56, 9|2, 45, N/A, 103.26, 14|3, 46, N/A, 38.91, 15|4, 47, N/A, 41.37, 11|5, 49, N/A, 40.41, 10|6, 48, N/A, 45.75, 23|
23:53:06 0, 53, N/A, 77.73, 10|1, 52, N/A, 128.51, 9|2, 45, N/A, 97.35, 11|3, 46, N/A, 39.13, 9|4, 48, N/A, 41.37, 12|5, 49, N/A, 40.41, 10|6, 49, N/A, 46.49, 22|
23:53:09 0, 54, N/A, 92.73, 10|1, 51, N/A, 133.92, 9|2, 45, N/A, 60.55, 22|3, 46, N/A, 38.91, 18|4, 48, N/A, 41.37, 11|5, 50, N/A, 40.41, 13|6, 49, N/A, 47.50, 22|
23:53:11 0, 53, N/A, 103.26, 10|1, 51, N/A, 120.39, 13|2, 45, N/A, 45.09, 11|3, 46, N/A, 39.15, 9|4, 48, N/A, 41.37, 11|5, 50, N/A, 40.66, 10|6, 49, N/A, 48.45, 24|
23:53:13 0, 53, N/A, 114.75, 11|1, 51, N/A, 44.60, 9|2, 45, N/A, 45.09, 21|3, 47, N/A, 39.38, 18|4, 48, N/A, 41.62, 11|5, 50, N/A, 40.88, 21|6, 50, N/A, 57.81, 29|
23:53:15 0, 53, N/A, 41.12, 10|1, 51, N/A, 44.60, 9|2, 46, N/A, 45.34, 11|3, 47, N/A, 39.40, 9|4, 48, N/A, 41.84, 11|5, 50, N/A, 42.11, 10|6, 50, N/A, 78.38, 22|
23:53:17 0, 53, N/A, 35.48, 14|1, 51, N/A, 38.44, 10|2, 46, N/A, 45.58, 20|3, 47, N/A, 40.11, 15|4, 48, N/A, 38.66, 12|5, 50, N/A, 49.96, 12|6, 50, N/A, 182.24, 34|
23:53:19 0, 53, N/A, 35.48, 11|1, 51, N/A, 38.46, 10|2, 45, N/A, 38.22, 12|3, 47, N/A, 33.98, 10|4, 48, N/A, 36.20, 12|5, 50, N/A, 36.96, 11|6, 50, N/A, 83.05, 29|
23:53:21 0, 53, N/A, 35.48, 20|1, 51, N/A, 38.44, 10|2, 45, N/A, 38.93, 22|3, 47, N/A, 36.20, 19|4, 48, N/A, 44.79, 12|5, 50, N/A, 66.70, 14|6, 49, N/A, 125.52, 28|
23:53:23 0, 53, N/A, 36.96, 11|1, 51, N/A, 41.89, 10|2, 46, N/A, 53.44, 12|3, 46, N/A, 72.27, 10|4, 48, N/A, 105.35, 12|5, 50, N/A, 35.24, 11|6, 50, N/A, 38.40, 24|
23:53:25 0, 53, N/A, 79.01, 11|1, 51, N/A, 101.29, 10|2, 45, N/A, 38.19, 12|3, 46, N/A, 33.98, 10|4, 48, N/A, 35.73, 12|5, 50, N/A, 35.48, 11|6, 50, N/A, 40.86, 24|
23:53:27 0, 53, N/A, 35.24, 11|1, 51, N/A, 38.19, 16|2, 45, N/A, 38.19, 12|3, 47, N/A, 34.23, 10|4, 48, N/A, 36.45, 12|5, 50, N/A, 37.70, 11|6, 50, N/A, 98.18, 33|
23:53:29 0, 53, N/A, 35.48, 11|1, 51, N/A, 38.44, 10|2, 46, N/A, 39.67, 12|3, 47, N/A, 37.43, 10|4, 48, N/A, 48.49, 12|5, 50, N/A, 81.92, 14|6, 50, N/A, 109.95, 24|
23:53:31 0, 53, N/A, 38.69, 11|1, 51, N/A, 46.08, 10|2, 46, N/A, 73.60, 12|3, 47, N/A, 104.36, 10|4, 48, N/A, 67.90, 17|5, 50, N/A, 35.48, 11|6, 50, N/A, 38.64, 24|
23:53:34 0, 53, N/A, 71.63, 11|1, 51, N/A, 109.41, 18|2, 46, N/A, 45.81, 12|3, 47, N/A, 33.98, 10|4, 48, N/A, 35.71, 12|5, 50, N/A, 35.48, 11|6, 50, N/A, 40.86, 33|
23:53:36 0, 53, N/A, 35.48, 14|1, 51, N/A, 38.19, 10|2, 46, N/A, 38.19, 12|3, 47, N/A, 34.23, 10|4, 48, N/A, 36.20, 12|5, 50, N/A, 36.72, 16|6, 51, N/A, 74.69, 24|
23:53:38 0, 54, N/A, 41.40, 0|1, 52, N/A, 144.31, 59|2, 45, N/A, 37.95, 0|3, 46, N/A, 33.74, 0|4, 48, N/A, 35.46, 0|5, 50, N/A, 34.99, 0|6, 49, N/A, 37.65, 0|
23:53:40 0, 53, N/A, 40.41, 0|1, 51, N/A, 43.61, 0|2, 46, N/A, 44.11, 0|3, 47, N/A, 38.88, 0|4, 49, N/A, 41.86, 84|5, 51, N/A, 137.87, 53|6, 49, N/A, 37.66, 0|
23:53:42 0, 54, N/A, 41.37, 0|1, 54, N/A, 160.32, 100|2, 49, N/A, 172.00, 100|3, 47, N/A, 38.88, 0|4, 48, N/A, 40.85, 0|5, 50, N/A, 40.38, 0|6, 49, N/A, 43.04, 0|
23:53:44 0, 54, N/A, 40.88, 0|1, 52, N/A, 45.06, 0|2, 49, N/A, 143.99, 100|3, 48, N/A, 39.10, 0|4, 50, N/A, 42.33, 0|5, 54, N/A, 185.16, 100|6, 51, N/A, 45.72, 100|
23:53:46 0, 53, N/A, 40.63, 0|1, 51, N/A, 44.32, 0|2, 47, N/A, 44.32, 0|3, 48, N/A, 38.86, 0|4, 50, N/A, 41.59, 0|5, 52, N/A, 41.10, 0|6, 52, N/A, 164.11, 100|
23:53:48 0, 54, N/A, 41.09, 0|1, 54, N/A, 46.76, 62|2, 50, N/A, 179.48, 94|3, 49, N/A, 155.69, 52|4, 49, N/A, 41.56, 0|5, 51, N/A, 40.60, 0|6, 50, N/A, 44.24, 0|
23:53:50 0, 57, N/A, 163.79, 100|1, 53, N/A, 45.49, 0|2, 50, N/A, 203.74, 100|3, 48, N/A, 39.32, 0|4, 51, N/A, 42.52, 0|5, 54, N/A, 147.30, 100|6, 51, N/A, 45.19, 100|
23:53:52 0, 54, N/A, 41.07, 0|1, 52, N/A, 44.79, 0|2, 48, N/A, 45.53, 0|3, 49, N/A, 39.82, 0|4, 53, N/A, 180.15, 100|5, 52, N/A, 41.32, 0|6, 53, N/A, 176.40, 100|
23:53:54 0, 57, N/A, 174.92, 100|1, 53, N/A, 179.96, 16|2, 47, N/A, 45.25, 0|3, 48, N/A, 39.35, 0|4, 50, N/A, 42.06, 0|5, 52, N/A, 40.85, 0|6, 51, N/A, 44.98, 0|
23:53:56 0, 58, N/A, 141.83, 100|1, 53, N/A, 44.04, 0|2, 49, N/A, 46.51, 0|3, 52, N/A, 170.07, 100|4, 53, N/A, 158.48, 100|5, 51, N/A, 40.82, 0|6, 51, N/A, 44.21, 0|
23:53:58 0, 55, N/A, 41.56, 0|1, 54, N/A, 45.74, 6|2, 51, N/A, 198.34, 76|3, 50, N/A, 40.06, 0|4, 53, N/A, 182.34, 100|5, 53, N/A, 41.31, 0|6, 52, N/A, 45.20, 0|
23:54:01 0, 54, N/A, 41.07, 0|1, 52, N/A, 44.29, 0|2, 49, N/A, 45.77, 0|3, 49, N/A, 39.57, 0|4, 52, N/A, 42.77, 0|5, 56, N/A, 93.50, 100|6, 52, N/A, 103.93, 0|
23:54:03 0, 56, N/A, 42.32, 0|1, 56, N/A, 169.41, 100|2, 51, N/A, 157.52, 100|3, 49, N/A, 39.10, 0|4, 51, N/A, 42.05, 0|5, 52, N/A, 40.85, 0|6, 52, N/A, 44.73, 0|
23:54:05 0, 56, N/A, 154.73, 0|1, 55, N/A, 46.97, 100|2, 51, N/A, 180.56, 0|3, 50, N/A, 39.79, 0|4, 54, N/A, 44.70, 65|5, 55, N/A, 147.20, 79|6, 52, N/A, 169.91, 70|
23:54:07 0, 55, N/A, 41.56, 0|1, 53, N/A, 45.52, 0|2, 51, N/A, 47.22, 0|3, 52, N/A, 166.18, 100|4, 52, N/A, 43.26, 0|5, 55, N/A, 166.54, 100|6, 52, N/A, 44.93, 0|
23:54:09 0, 56, N/A, 162.57, 50|1, 53, N/A, 38.88, 0|2, 49, N/A, 46.26, 0|3, 50, N/A, 40.06, 0|4, 52, N/A, 42.77, 1|5, 54, N/A, 41.56, 1|6, 55, N/A, 169.54, 100|
23:54:11 0, 56, N/A, 41.59, 0|1, 54, N/A, 45.77, 0|2, 53, N/A, 155.91, 100|3, 52, N/A, 153.66, 100|4, 51, N/A, 42.54, 0|5, 53, N/A, 41.07, 0|6, 52, N/A, 44.98, 0|
23:54:13 0, 59, N/A, 112.14, 100|1, 54, N/A, 93.11, 0|2, 52, N/A, 48.97, 100|3, 51, N/A, 139.21, 0|4, 53, N/A, 43.26, 0|5, 55, N/A, 43.04, 88|6, 54, N/A, 157.50, 61|
23:54:15 0, 56, N/A, 41.32, 0|1, 54, N/A, 45.28, 0|2, 51, N/A, 46.51, 0|3, 51, N/A, 40.80, 0|4, 55, N/A, 177.32, 100|5, 54, N/A, 42.06, 0|6, 55, N/A, 214.49, 100|
23:54:17 0, 59, N/A, 134.89, 100|1, 53, N/A, 59.03, 0|2, 50, N/A, 46.02, 0|3, 50, N/A, 40.08, 0|4, 52, N/A, 42.79, 0|5, 54, N/A, 41.56, 0|6, 53, N/A, 45.69, 0|
23:54:19 0, 58, N/A, 152.55, 100|1, 54, N/A, 46.26, 0|2, 52, N/A, 47.98, 0|3, 54, N/A, 138.97, 100|4, 55, N/A, 166.31, 100|5, 54, N/A, 41.29, 1|6, 52, N/A, 44.93, 0|
23:54:21 0, 57, N/A, 42.30, 0|1, 57, N/A, 146.32, 100|2, 51, N/A, 47.22, 0|3, 54, N/A, 147.52, 100|4, 53, N/A, 43.01, 0|5, 55, N/A, 42.05, 0|6, 54, N/A, 46.67, 100|
23:54:24 0, 56, N/A, 41.59, 0|1, 54, N/A, 45.53, 0|2, 51, N/A, 46.51, 0|3, 52, N/A, 40.55, 0|4, 55, N/A, 44.51, 56|5, 56, N/A, 147.16, 0|6, 53, N/A, 45.69, 0|
23:54:26 0, 60, N/A, 173.84, 100|1, 56, N/A, 159.96, 100|2, 51, N/A, 46.23, 0|3, 51, N/A, 40.31, 0|4, 53, N/A, 43.01, 0|5, 54, N/A, 41.83, 0|6, 54, N/A, 45.44, 0|
23:54:28 0, 60, N/A, 102.32, 100|1, 55, N/A, 97.04, 0|2, 52, N/A, 47.49, 0|3, 54, N/A, 43.74, 100|4, 56, N/A, 162.48, 100|5, 55, N/A, 141.11, 0|6, 53, N/A, 44.71, 0|
23:54:30 0, 57, N/A, 42.32, 0|1, 56, N/A, 47.49, 3|2, 54, N/A, 180.95, 91|3, 53, N/A, 41.29, 0|4, 56, N/A, 155.38, 100|5, 55, N/A, 42.06, 0|6, 54, N/A, 46.18, 1|
23:54:32 0, 56, N/A, 41.83, 0|1, 54, N/A, 45.77, 0|2, 52, N/A, 47.00, 0|3, 52, N/A, 40.80, 0|4, 55, N/A, 44.00, 0|5, 58, N/A, 193.12, 100|6, 54, N/A, 45.69, 0|
23:54:34 0, 60, N/A, 53.61, 100|1, 57, N/A, 177.13, 87|2, 52, N/A, 187.35, 5|3, 52, N/A, 40.57, 0|4, 53, N/A, 43.28, 0|5, 55, N/A, 41.83, 0|6, 54, N/A, 45.72, 0|
23:54:36 0, 57, N/A, 42.05, 0|1, 55, N/A, 46.01, 0|2, 53, N/A, 47.98, 0|3, 53, N/A, 41.51, 0|4, 57, N/A, 179.16, 100|5, 57, N/A, 198.88, 89|6, 53, N/A, 45.44, 0|
23:54:38 0, 59, N/A, 170.02, 100|1, 54, N/A, 45.77, 0|2, 52, N/A, 47.49, 0|3, 52, N/A, 40.80, 0|4, 54, N/A, 43.53, 0|5, 56, N/A, 42.33, 0|6, 55, N/A, 46.45, 0|
23:54:40 0, 57, N/A, 41.83, 0|1, 55, N/A, 45.77, 0|2, 53, N/A, 48.24, 0|3, 55, N/A, 70.46, 100|4, 53, N/A, 129.85, 0|5, 55, N/A, 41.83, 0|6, 54, N/A, 45.44, 0|
23:54:42 0, 56, N/A, 42.57, 14|1, 54, N/A, 46.02, 11|2, 52, N/A, 48.97, 15|3, 52, N/A, 44.24, 12|4, 55, N/A, 61.91, 1|5, 56, N/A, 125.02, 2|6, 55, N/A, 124.38, 10|
23:54:44 0, 57, N/A, 42.82, 11|1, 55, N/A, 46.76, 9|2, 53, N/A, 52.42, 12|3, 53, N/A, 50.38, 10|4, 55, N/A, 80.30, 12|5, 56, N/A, 152.08, 11|6, 55, N/A, 72.64, 26|
23:54:46 0, 57, N/A, 43.06, 11|1, 55, N/A, 47.77, 9|2, 53, N/A, 55.13, 12|3, 53, N/A, 56.53, 16|4, 54, N/A, 109.21, 12|5, 56, N/A, 139.91, 16|6, 55, N/A, 46.70, 23|
23:54:48 0, 57, N/A, 43.09, 11|1, 55, N/A, 47.03, 13|2, 53, N/A, 53.43, 12|3, 53, N/A, 51.89, 10|4, 55, N/A, 87.23, 12|5, 56, N/A, 148.08, 11|6, 55, N/A, 47.93, 34|
23:54:51 0, 57, N/A, 46.54, 15|1, 55, N/A, 55.87, 9|2, 53, N/A, 92.20, 17|3, 52, N/A, 140.85, 11|4, 54, N/A, 60.96, 13|5, 55, N/A, 36.94, 21|6, 56, N/A, 46.98, 23|
23:54:53 0, 57, N/A, 42.60, 11|1, 55, N/A, 46.08, 9|2, 53, N/A, 48.79, 12|3, 52, N/A, 41.10, 10|4, 54, N/A, 38.17, 18|5, 56, N/A, 39.15, 12|6, 56, N/A, 89.13, 25|
23:54:55 0, 57, N/A, 40.39, 12|1, 55, N/A, 57.13, 9|2, 53, N/A, 97.85, 12|3, 52, N/A, 134.09, 10|4, 54, N/A, 45.53, 15|5, 55, N/A, 36.96, 12|6, 55, N/A, 40.36, 25|
23:54:57 0, 57, N/A, 37.70, 12|1, 54, N/A, 42.63, 10|2, 52, N/A, 52.70, 13|3, 52, N/A, 65.92, 11|4, 54, N/A, 115.42, 13|5, 55, N/A, 36.71, 12|6, 55, N/A, 40.36, 28|
23:54:59 0, 57, N/A, 40.41, 12|1, 54, N/A, 49.99, 10|2, 52, N/A, 92.94, 13|3, 52, N/A, 91.88, 11|4, 54, N/A, 37.43, 16|5, 55, N/A, 36.96, 12|6, 55, N/A, 40.36, 25|
23:55:01 0, 57, N/A, 50.24, 12|1, 54, N/A, 69.17, 14|2, 52, N/A, 120.10, 13|3, 52, N/A, 35.46, 11|4, 54, N/A, 37.68, 13|5, 55, N/A, 36.71, 12|6, 55, N/A, 40.85, 28|
23:55:03 0, 57, N/A, 66.95, 12|1, 54, N/A, 116.71, 10|2, 52, N/A, 58.83, 13|3, 52, N/A, 35.46, 11|4, 54, N/A, 37.43, 14|5, 55, N/A, 36.96, 12|6, 56, N/A, 41.84, 25|
23:55:05 0, 56, N/A, 115.49, 12|1, 54, N/A, 67.93, 10|2, 52, N/A, 40.66, 13|3, 52, N/A, 35.46, 11|4, 54, N/A, 37.68, 13|5, 55, N/A, 36.96, 12|6, 56, N/A, 45.26, 29|
23:55:07 0, 56, N/A, 63.00, 15|1, 54, N/A, 39.42, 10|2, 52, N/A, 40.66, 13|3, 52, N/A, 35.46, 11|4, 54, N/A, 37.68, 13|5, 55, N/A, 37.45, 12|6, 56, N/A, 57.77, 25|
23:55:09 0, 56, N/A, 36.47, 12|1, 54, N/A, 39.67, 10|2, 52, N/A, 40.90, 13|3, 52, N/A, 35.71, 11|4, 54, N/A, 38.17, 13|5, 55, N/A, 39.40, 12|6, 56, N/A, 115.54, 26|
23:55:11 0, 56, N/A, 36.47, 15|1, 54, N/A, 39.42, 10|2, 52, N/A, 40.90, 13|3, 52, N/A, 35.95, 14|4, 54, N/A, 39.40, 13|5, 55, N/A, 43.34, 16|6, 56, N/A, 149.13, 25|
23:55:13 0, 56, N/A, 36.47, 12|1, 54, N/A, 39.42, 10|2, 52, N/A, 41.64, 13|3, 52, N/A, 37.43, 11|4, 54, N/A, 47.26, 13|5, 55, N/A, 74.54, 12|6, 56, N/A, 122.09, 25|
23:55:16 0, 56, N/A, 36.71, 12|1, 53, N/A, 39.92, 10|2, 52, N/A, 44.11, 16|3, 52, N/A, 44.30, 11|4, 54, N/A, 73.26, 13|5, 55, N/A, 113.94, 12|6, 56, N/A, 40.36, 26|
23:55:18 0, 56, N/A, 37.45, 12|1, 54, N/A, 41.89, 10|2, 52, N/A, 51.72, 13|3, 52, N/A, 65.67, 11|4, 53, N/A, 115.42, 14|5, 55, N/A, 36.72, 12|6, 56, N/A, 40.61, 25|
23:55:20 0, 56, N/A, 38.69, 12|1, 53, N/A, 45.09, 14|2, 52, N/A, 69.66, 13|3, 52, N/A, 112.89, 11|4, 53, N/A, 59.53, 13|5, 55, N/A, 36.96, 12|6, 56, N/A, 40.86, 28|
23:55:22 0, 56, N/A, 45.31, 12|1, 53, N/A, 63.78, 10|2, 52, N/A, 127.70, 13|3, 51, N/A, 35.46, 11|4, 53, N/A, 37.19, 16|5, 55, N/A, 36.96, 12|6, 56, N/A, 41.10, 25|
23:55:24 0, 56, N/A, 59.81, 12|1, 53, N/A, 109.90, 10|2, 52, N/A, 78.76, 13|3, 51, N/A, 35.46, 11|4, 53, N/A, 37.21, 13|5, 55, N/A, 36.72, 12|6, 56, N/A, 41.84, 28|
23:55:26 0, 55, N/A, 97.81, 15|1, 53, N/A, 39.18, 10|2, 52, N/A, 40.66, 13|3, 51, N/A, 35.46, 11|4, 53, N/A, 37.92, 13|5, 55, N/A, 37.21, 12|6, 56, N/A, 49.69, 25|
23:55:28 0, 55, N/A, 36.47, 12|1, 53, N/A, 39.18, 10|2, 52, N/A, 40.66, 13|3, 51, N/A, 35.46, 11|4, 53, N/A, 37.92, 13|5, 55, N/A, 38.19, 12|6, 57, N/A, 79.36, 25|
23:55:30 0, 55, N/A, 36.47, 12|1, 53, N/A, 39.67, 10|2, 52, N/A, 40.66, 17|3, 51, N/A, 35.71, 11|4, 53, N/A, 38.66, 13|5, 55, N/A, 42.36, 14|6, 56, N/A, 151.34, 25|
23:55:32 0, 55, N/A, 36.47, 12|1, 53, N/A, 39.42, 10|2, 52, N/A, 41.15, 13|3, 51, N/A, 36.69, 11|4, 54, N/A, 43.83, 13|5, 55, N/A, 62.02, 12|6, 56, N/A, 140.41, 25|
23:55:34 0, 55, N/A, 36.47, 12|1, 53, N/A, 39.67, 13|2, 52, N/A, 43.37, 13|3, 52, N/A, 43.07, 11|4, 53, N/A, 73.31, 13|5, 55, N/A, 120.45, 12|6, 56, N/A, 44.52, 28|
23:55:36 0, 58, N/A, 156.51, 100|1, 53, N/A, 38.93, 0|2, 51, N/A, 40.16, 0|3, 51, N/A, 35.21, 0|4, 53, N/A, 37.19, 0|5, 55, N/A, 36.47, 0|6, 55, N/A, 40.11, 0|
23:55:38 0, 57, N/A, 137.68, 7|1, 54, N/A, 45.83, 1|2, 54, N/A, 49.52, 81|3, 54, N/A, 172.02, 58|4, 54, N/A, 165.05, 62|5, 54, N/A, 36.69, 1|6, 55, N/A, 40.09, 1|
23:55:41 0, 58, N/A, 42.82, 0|1, 56, N/A, 161.04, 58|2, 53, N/A, 48.48, 10|3, 54, N/A, 167.26, 100|4, 54, N/A, 43.77, 0|5, 57, N/A, 42.79, 0|6, 58, N/A, 149.99, 100|
23:55:43 0, 56, N/A, 41.59, 0|1, 54, N/A, 45.55, 0|2, 53, N/A, 47.50, 0|3, 53, N/A, 40.83, 0|4, 57, N/A, 188.83, 100|5, 56, N/A, 42.58, 0|6, 58, N/A, 48.67, 100|
23:55:45 0, 59, N/A, 167.47, 100|1, 53, N/A, 38.63, 0|2, 52, N/A, 40.60, 0|3, 52, N/A, 40.33, 0|4, 54, N/A, 43.78, 0|5, 56, N/A, 42.33, 0|6, 57, N/A, 47.90, 0|
23:55:47 0, 58, N/A, 185.25, 8|1, 54, N/A, 46.01, 1|2, 56, N/A, 50.93, 74|3, 54, N/A, 147.53, 54|4, 55, N/A, 136.85, 68|5, 55, N/A, 36.89, 0|6, 56, N/A, 46.67, 1|
23:55:49 0, 58, N/A, 43.01, 100|1, 56, N/A, 152.34, 40|2, 55, N/A, 48.93, 25|3, 55, N/A, 149.13, 79|4, 55, N/A, 43.97, 0|5, 57, N/A, 43.25, 0|6, 59, N/A, 167.06, 63|
23:55:51 0, 57, N/A, 41.78, 0|1, 54, N/A, 45.74, 0|2, 54, N/A, 47.95, 0|3, 54, N/A, 41.51, 0|4, 58, N/A, 177.69, 100|5, 57, N/A, 43.01, 0|6, 59, N/A, 194.48, 100|
23:55:53 0, 59, N/A, 181.58, 100|1, 54, N/A, 45.74, 0|2, 53, N/A, 47.71, 0|3, 52, N/A, 41.04, 0|4, 55, N/A, 43.99, 0|5, 56, N/A, 42.55, 0|6, 58, N/A, 48.39, 59|
23:55:55 0, 57, N/A, 42.05, 0|1, 55, N/A, 46.48, 0|2, 57, N/A, 157.28, 100|3, 55, N/A, 48.42, 88|4, 55, N/A, 188.33, 9|5, 56, N/A, 42.30, 0|6, 56, N/A, 46.92, 0|
23:55:57 0, 60, N/A, 64.60, 100|1, 55, N/A, 144.61, 0|2, 56, N/A, 50.66, 100|3, 54, N/A, 174.37, 0|4, 56, N/A, 44.46, 0|5, 59, N/A, 44.24, 72|6, 58, N/A, 158.13, 0|
23:55:59 0, 57, N/A, 42.05, 0|1, 55, N/A, 46.01, 0|2, 55, N/A, 48.47, 0|3, 55, N/A, 42.52, 0|4, 58, N/A, 178.69, 100|5, 58, N/A, 43.50, 33|6, 59, N/A, 182.48, 100|
23:56:01 0, 59, N/A, 176.30, 100|1, 55, N/A, 46.01, 0|2, 54, N/A, 47.95, 2|3, 53, N/A, 41.29, 0|4, 56, N/A, 43.75, 0|5, 57, N/A, 43.04, 0|6, 61, N/A, 147.96, 100|
23:56:03 0, 58, N/A, 42.33, 0|1, 56, N/A, 47.25, 0|2, 58, N/A, 170.02, 100|3, 56, N/A, 143.21, 100|4, 55, N/A, 43.53, 0|5, 57, N/A, 42.55, 0|6, 57, N/A, 46.92, 0|
23:56:06 0, 61, N/A, 151.62, 100|1, 56, N/A, 46.97, 0|2, 58, N/A, 156.54, 100|3, 54, N/A, 41.51, 0|4, 57, N/A, 45.44, 0|5, 60, N/A, 181.99, 100|6, 59, N/A, 51.30, 100|
23:56:08 0, 57, N/A, 42.30, 0|1, 56, N/A, 46.48, 0|2, 56, N/A, 49.92, 0|3, 57, N/A, 181.71, 100|4, 57, N/A, 45.22, 0|5, 61, N/A, 169.48, 100|6, 57, N/A, 47.13, 0|
23:56:10 0, 57, N/A, 42.05, 0|1, 55, N/A, 45.99, 0|2, 54, N/A, 48.70, 0|3, 54, N/A, 41.29, 0|4, 56, N/A, 44.49, 0|5, 58, N/A, 43.28, 0|6, 60, N/A, 194.61, 100|
23:56:12 0, 58, N/A, 42.57, 0|1, 58, N/A, 52.88, 100|2, 57, N/A, 149.29, 100|3, 53, N/A, 85.39, 0|4, 56, N/A, 44.27, 0|5, 57, N/A, 42.55, 0|6, 57, N/A, 47.17, 0|
23:56:14 0, 58, N/A, 42.54, 0|1, 57, N/A, 48.20, 71|2, 56, N/A, 190.38, 22|3, 54, N/A, 41.78, 0|4, 60, N/A, 114.45, 100|5, 59, N/A, 88.77, 45|6, 58, N/A, 154.30, 10|
23:56:16 0, 57, N/A, 42.05, 0|1, 56, N/A, 46.48, 0|2, 58, N/A, 60.99, 100|3, 55, N/A, 155.75, 0|4, 58, N/A, 46.70, 100|5, 58, N/A, 182.11, 0|6, 57, N/A, 47.13, 0|
23:56:18 0, 57, N/A, 41.81, 0|1, 54, N/A, 46.02, 0|2, 54, N/A, 48.70, 0|3, 54, N/A, 41.54, 0|4, 57, N/A, 44.49, 0|5, 59, N/A, 44.27, 36|6, 58, N/A, 175.25, 19|
23:56:20 0, 59, N/A, 44.02, 40|1, 57, N/A, 187.43, 63|2, 56, N/A, 182.47, 36|3, 53, N/A, 41.29, 0|4, 56, N/A, 44.24, 0|5, 57, N/A, 42.79, 0|6, 57, N/A, 47.16, 0|
23:56:22 0, 59, N/A, 43.52, 68|1, 56, N/A, 181.15, 83|2, 55, N/A, 49.68, 0|3, 55, N/A, 42.74, 29|4, 60, N/A, 167.28, 100|5, 58, N/A, 174.86, 97|6, 56, N/A, 46.67, 0|
23:56:24 0, 58, N/A, 42.29, 0|1, 57, N/A, 47.71, 66|2, 57, N/A, 195.27, 26|3, 55, N/A, 42.52, 40|4, 58, N/A, 165.32, 59|5, 58, N/A, 43.28, 2|6, 57, N/A, 47.90, 2|
23:56:26 0, 57, N/A, 42.05, 0|1, 54, N/A, 45.77, 0|2, 54, N/A, 48.94, 0|3, 54, N/A, 41.54, 0|4, 58, N/A, 46.21, 57|5, 59, N/A, 165.92, 0|6, 57, N/A, 47.65, 0|
23:56:28 0, 60, N/A, 172.84, 100|1, 56, N/A, 157.51, 49|2, 54, N/A, 48.45, 0|3, 53, N/A, 41.29, 0|4, 56, N/A, 44.24, 0|5, 57, N/A, 42.79, 0|6, 57, N/A, 47.65, 0|
23:56:31 0, 58, N/A, 171.29, 59|1, 55, N/A, 46.26, 0|2, 57, N/A, 51.67, 44|3, 56, N/A, 167.50, 61|4, 58, N/A, 157.59, 100|5, 57, N/A, 42.55, 2|6, 56, N/A, 46.67, 2|
23:56:33 0, 59, N/A, 44.02, 100|1, 56, N/A, 176.39, 5|2, 56, N/A, 51.15, 76|3, 55, N/A, 157.21, 27|4, 56, N/A, 44.73, 0|5, 59, N/A, 44.27, 42|6, 58, N/A, 191.41, 14|
23:56:35 0, 57, N/A, 41.81, 0|1, 54, N/A, 45.77, 0|2, 55, N/A, 49.45, 0|3, 56, N/A, 42.76, 100|4, 58, N/A, 182.60, 0|5, 59, N/A, 44.02, 85|6, 58, N/A, 192.66, 70|
23:56:37 0, 57, N/A, 124.35, 0|1, 53, N/A, 38.88, 2|2, 54, N/A, 41.34, 2|3, 53, N/A, 41.29, 2|4, 56, N/A, 44.49, 0|5, 58, N/A, 43.04, 2|6, 59, N/A, 185.67, 68|
23:56:39 0, 57, N/A, 42.33, 0|1, 56, N/A, 47.74, 100|2, 57, N/A, 180.95, 100|3, 53, N/A, 106.43, 0|4, 55, N/A, 37.88, 0|5, 57, N/A, 37.16, 0|6, 56, N/A, 46.70, 0|
23:56:41 0, 57, N/A, 42.30, 0|1, 57, N/A, 150.23, 100|2, 54, N/A, 51.64, 0|3, 54, N/A, 41.29, 0|4, 59, N/A, 143.22, 100|5, 60, N/A, 149.11, 100|6, 55, N/A, 39.79, 0|
23:56:43 0, 57, N/A, 42.05, 0|1, 55, N/A, 46.23, 0|2, 57, N/A, 191.03, 100|3, 54, N/A, 41.29, 0|4, 59, N/A, 139.79, 100|5, 57, N/A, 42.79, 0|6, 56, N/A, 46.92, 0|
23:56:45 0, 56, N/A, 41.56, 0|1, 54, N/A, 45.53, 0|2, 54, N/A, 47.99, 0|3, 54, N/A, 41.04, 0|4, 57, N/A, 45.22, 0|5, 60, N/A, 191.07, 100|6, 56, N/A, 46.67, 0|
23:56:47 0, 56, N/A, 41.59, 0|1, 54, N/A, 45.99, 0|2, 56, N/A, 190.03, 100|3, 53, N/A, 40.58, 0|4, 55, N/A, 44.27, 0|5, 57, N/A, 42.57, 0|6, 56, N/A, 47.19, 0|
23:56:49 0, 58, N/A, 173.47, 79|1, 53, N/A, 45.03, 0|2, 53, N/A, 48.23, 0|3, 53, N/A, 40.82, 0|4, 55, N/A, 44.27, 2|5, 57, N/A, 42.58, 0|6, 56, N/A, 46.95, 2|
23:56:51 0, 56, N/A, 41.34, 0|1, 53, N/A, 45.53, 0|2, 55, N/A, 50.20, 90|3, 54, N/A, 165.43, 15|4, 55, N/A, 44.02, 0|5, 56, N/A, 42.33, 0|6, 55, N/A, 46.46, 0|
23:56:53 0, 55, N/A, 41.10, 0|1, 53, N/A, 45.03, 0|2, 53, N/A, 47.99, 0|3, 53, N/A, 40.58, 0|4, 55, N/A, 44.27, 0|5, 58, N/A, 43.78, 29|6, 56, N/A, 174.68, 30|
23:56:56 0, 56, N/A, 83.58, 11|1, 53, N/A, 148.57, 10|2, 53, N/A, 73.75, 13|3, 53, N/A, 41.32, 11|4, 55, N/A, 44.29, 18|5, 57, N/A, 43.07, 12|6, 56, N/A, 49.41, 24|
23:56:58 0, 56, N/A, 55.40, 11|1, 53, N/A, 80.23, 12|2, 53, N/A, 164.87, 17|3, 53, N/A, 41.35, 11|4, 55, N/A, 44.33, 13|5, 57, N/A, 42.85, 12|6, 56, N/A, 47.96, 25|
23:57:00 0, 56, N/A, 46.05, 11|1, 53, N/A, 55.65, 10|2, 53, N/A, 104.74, 13|3, 53, N/A, 134.65, 11|4, 55, N/A, 48.24, 13|5, 57, N/A, 42.60, 12|6, 57, N/A, 47.72, 24|
23:57:02 0, 56, N/A, 43.12, 15|1, 53, N/A, 48.05, 10|2, 54, N/A, 64.03, 13|3, 53, N/A, 77.93, 11|4, 55, N/A, 152.51, 18|5, 57, N/A, 42.60, 13|6, 57, N/A, 47.47, 24|
23:57:04 0, 56, N/A, 42.11, 11|1, 53, N/A, 46.08, 15|2, 54, N/A, 51.72, 13|3, 53, N/A, 47.99, 11|4, 56, N/A, 75.47, 13|5, 57, N/A, 154.23, 12|6, 57, N/A, 90.57, 28|
23:57:06 0, 56, N/A, 42.35, 11|1, 53, N/A, 45.58, 10|2, 54, N/A, 50.24, 13|3, 53, N/A, 43.81, 11|4, 56, N/A, 54.85, 13|5, 57, N/A, 76.25, 12|6, 57, N/A, 188.49, 24|
23:57:08 0, 55, N/A, 42.11, 16|1, 53, N/A, 45.09, 10|2, 54, N/A, 49.53, 13|3, 53, N/A, 41.59, 13|4, 55, N/A, 46.02, 13|5, 57, N/A, 49.25, 17|6, 57, N/A, 194.36, 24|
23:57:10 0, 55, N/A, 41.89, 11|1, 53, N/A, 45.09, 10|2, 54, N/A, 49.28, 13|3, 53, N/A, 41.35, 11|4, 55, N/A, 44.79, 13|5, 57, N/A, 44.08, 12|6, 58, N/A, 78.62, 29|
23:57:12 0, 55, N/A, 127.96, 11|1, 53, N/A, 45.34, 10|2, 54, N/A, 49.28, 13|3, 53, N/A, 41.35, 11|4, 56, N/A, 44.30, 13|5, 57, N/A, 43.34, 12|6, 58, N/A, 56.33, 24|
23:57:14 0, 56, N/A, 92.98, 14|1, 53, N/A, 139.24, 10|2, 54, N/A, 49.25, 18|3, 53, N/A, 41.37, 12|4, 55, N/A, 44.33, 13|5, 57, N/A, 42.85, 12|6, 58, N/A, 50.91, 24|
23:57:16 0, 56, N/A, 58.85, 11|1, 53, N/A, 92.19, 10|2, 54, N/A, 154.39, 13|3, 53, N/A, 41.37, 11|4, 56, N/A, 44.32, 13|5, 57, N/A, 42.87, 12|6, 58, N/A, 49.20, 29|
23:57:18 0, 56, N/A, 48.02, 11|1, 53, N/A, 61.53, 10|2, 54, N/A, 129.74, 13|3, 54, N/A, 112.88, 11|4, 55, N/A, 44.30, 18|5, 57, N/A, 42.85, 12|6, 58, N/A, 48.45, 24|
23:57:21 0, 56, N/A, 43.83, 11|1, 53, N/A, 49.74, 10|2, 55, N/A, 71.87, 18|3, 53, N/A, 99.20, 12|4, 55, N/A, 132.45, 13|5, 57, N/A, 43.10, 12|6, 58, N/A, 48.21, 24|
23:57:23 0, 56, N/A, 36.71, 12|1, 53, N/A, 39.92, 10|2, 54, N/A, 57.87, 13|3, 54, N/A, 58.29, 11|4, 56, N/A, 116.35, 13|5, 57, N/A, 124.94, 12|6, 58, N/A, 47.96, 24|
23:57:25 0, 56, N/A, 62.06, 13|1, 53, N/A, 119.18, 11|2, 53, N/A, 69.41, 14|3, 53, N/A, 35.71, 12|4, 55, N/A, 44.33, 13|5, 57, N/A, 43.12, 12|6, 59, N/A, 49.72, 22|
23:57:27 0, 55, N/A, 37.21, 13|1, 53, N/A, 40.90, 11|2, 54, N/A, 53.72, 14|3, 53, N/A, 72.07, 12|4, 55, N/A, 111.97, 14|5, 57, N/A, 37.21, 13|6, 58, N/A, 41.59, 23|
23:57:29 0, 55, N/A, 36.47, 13|1, 53, N/A, 39.42, 11|2, 53, N/A, 44.85, 14|3, 53, N/A, 45.78, 12|4, 56, N/A, 93.38, 11|5, 57, N/A, 99.03, 13|6, 58, N/A, 41.35, 26|
23:57:31 0, 55, N/A, 36.22, 13|1, 52, N/A, 38.93, 8|2, 53, N/A, 42.63, 14|3, 53, N/A, 39.65, 12|4, 55, N/A, 56.12, 14|5, 57, N/A, 110.52, 13|6, 58, N/A, 87.42, 25|
23:57:33 0, 55, N/A, 36.22, 13|1, 52, N/A, 39.18, 11|2, 53, N/A, 41.89, 14|3, 53, N/A, 37.18, 12|4, 55, N/A, 45.29, 14|5, 57, N/A, 68.87, 13|6, 58, N/A, 134.59, 26|
23:57:35 0, 55, N/A, 36.22, 12|1, 52, N/A, 38.93, 11|2, 53, N/A, 41.40, 11|3, 53, N/A, 36.20, 8|4, 55, N/A, 40.63, 14|5, 57, N/A, 47.28, 12|6, 58, N/A, 155.99, 26|
23:57:37 0, 55, N/A, 36.22, 13|1, 52, N/A, 38.93, 11|2, 53, N/A, 41.40, 14|3, 53, N/A, 35.71, 12|4, 55, N/A, 38.91, 14|5, 57, N/A, 41.40, 13|6, 59, N/A, 156.98, 23|
23:57:39 0, 55, N/A, 36.22, 13|1, 52, N/A, 38.69, 11|2, 53, N/A, 41.40, 14|3, 53, N/A, 35.71, 12|4, 55, N/A, 38.42, 9|5, 57, N/A, 39.43, 13|6, 58, N/A, 117.99, 26|
23:57:41 0, 55, N/A, 36.22, 13|1, 52, N/A, 38.71, 8|2, 53, N/A, 41.15, 14|3, 53, N/A, 35.71, 12|4, 55, N/A, 38.17, 14|5, 57, N/A, 38.44, 13|6, 59, N/A, 75.48, 23|
23:57:43 0, 55, N/A, 72.32, 12|1, 52, N/A, 38.69, 11|2, 53, N/A, 41.15, 14|3, 53, N/A, 35.71, 12|4, 55, N/A, 38.42, 14|5, 57, N/A, 37.70, 13|6, 59, N/A, 57.56, 26|
23:57:46 0, 55, N/A, 116.71, 12|1, 52, N/A, 38.93, 11|2, 53, N/A, 41.15, 14|3, 53, N/A, 35.71, 8|4, 55, N/A, 38.42, 14|5, 57, N/A, 37.46, 11|6, 58, N/A, 47.50, 26|
23:57:48 0, 55, N/A, 108.37, 13|1, 52, N/A, 78.02, 11|2, 53, N/A, 41.15, 14|3, 53, N/A, 35.71, 12|4, 55, N/A, 37.92, 14|5, 57, N/A, 37.21, 13|6, 59, N/A, 45.53, 23|
23:57:50 0, 54, N/A, 35.73, 0|1, 52, N/A, 38.93, 0|2, 53, N/A, 40.91, 0|3, 52, N/A, 35.46, 0|4, 55, N/A, 37.46, 0|5, 56, N/A, 36.96, 0|6, 58, N/A, 41.10, 15|
23:57:52 0, 57, N/A, 42.35, 0|1, 55, N/A, 149.87, 100|2, 55, N/A, 183.54, 100|3, 52, N/A, 35.46, 0|4, 54, N/A, 37.18, 0|5, 56, N/A, 36.96, 0|6, 57, N/A, 40.34, 0|
23:57:54 0, 57, N/A, 42.84, 1|1, 55, N/A, 149.20, 45|2, 54, N/A, 48.51, 0|3, 55, N/A, 41.83, 49|4, 59, N/A, 165.05, 100|5, 58, N/A, 144.64, 52|6, 57, N/A, 40.34, 0|
23:57:56 0, 56, N/A, 41.61, 0|1, 55, N/A, 48.01, 70|2, 56, N/A, 190.89, 24|3, 55, N/A, 42.08, 32|4, 58, N/A, 168.48, 73|5, 57, N/A, 42.85, 0|6, 59, N/A, 48.67, 2|
23:57:58 0, 56, N/A, 41.37, 0|1, 53, N/A, 45.09, 0|2, 54, N/A, 48.02, 0|3, 54, N/A, 41.10, 0|4, 59, N/A, 181.63, 100|5, 58, N/A, 43.10, 0|6, 59, N/A, 48.70, 51|
23:58:00 0, 59, N/A, 146.68, 100|1, 53, N/A, 45.31, 0|2, 54, N/A, 48.02, 0|3, 53, N/A, 40.85, 0|4, 55, N/A, 44.30, 0|5, 58, N/A, 42.85, 0|6, 60, N/A, 49.41, 15|
23:58:02 0, 56, N/A, 41.59, 0|1, 55, N/A, 46.26, 0|2, 58, N/A, 152.55, 100|3, 56, N/A, 174.72, 100|4, 55, N/A, 44.02, 0|5, 57, N/A, 42.57, 0|6, 58, N/A, 47.69, 0|
23:58:04 0, 59, N/A, 142.80, 100|1, 55, N/A, 46.47, 2|2, 58, N/A, 151.21, 100|3, 54, N/A, 41.51, 0|4, 58, N/A, 45.69, 0|5, 61, N/A, 148.75, 97|6, 61, N/A, 193.98, 100|
23:58:06 0, 56, N/A, 41.81, 0|1, 54, N/A, 46.02, 0|2, 57, N/A, 50.69, 41|3, 56, N/A, 174.01, 62|4, 58, N/A, 45.72, 13|5, 60, N/A, 181.15, 100|6, 58, N/A, 47.90, 0|
23:58:08 0, 56, N/A, 36.15, 0|1, 53, N/A, 39.12, 0|2, 55, N/A, 48.45, 0|3, 54, N/A, 41.29, 0|4, 57, N/A, 44.73, 0|5, 60, N/A, 44.27, 100|6, 60, N/A, 162.05, 55|
23:58:11 0, 60, N/A, 176.05, 100|1, 56, N/A, 53.86, 100|2, 54, N/A, 138.07, 0|3, 54, N/A, 35.90, 0|4, 56, N/A, 38.36, 0|5, 58, N/A, 42.79, 0|6, 59, N/A, 48.15, 0|
23:58:13 0, 59, N/A, 175.70, 100|1, 54, N/A, 45.77, 0|2, 56, N/A, 49.68, 0|3, 57, N/A, 172.30, 100|4, 59, N/A, 166.44, 100|5, 57, N/A, 37.13, 0|6, 58, N/A, 40.53, 0|
23:58:15 0, 58, N/A, 42.76, 0|1, 56, N/A, 154.82, 100|2, 56, N/A, 49.92, 0|3, 56, N/A, 150.70, 100|4, 57, N/A, 44.95, 0|5, 59, N/A, 43.75, 0|6, 61, N/A, 172.43, 100|
23:58:17 0, 56, N/A, 41.81, 0|1, 54, N/A, 45.49, 0|2, 55, N/A, 48.94, 0|3, 56, N/A, 42.00, 56|4, 59, N/A, 160.66, 45|5, 59, N/A, 43.99, 0|6, 60, N/A, 185.30, 70|
23:58:19 0, 56, N/A, 154.58, 0|1, 53, N/A, 45.28, 2|2, 54, N/A, 48.47, 2|3, 54, N/A, 41.04, 0|4, 57, N/A, 44.73, 0|5, 58, N/A, 43.28, 3|6, 61, N/A, 192.89, 76|
23:58:21 0, 57, N/A, 42.08, 0|1, 57, N/A, 151.88, 100|2, 58, N/A, 194.08, 100|3, 53, N/A, 41.07, 0|4, 56, N/A, 44.27, 0|5, 57, N/A, 42.82, 0|6, 58, N/A, 47.93, 0|
23:58:23 0, 57, N/A, 42.29, 0|1, 56, N/A, 188.76, 100|2, 55, N/A, 48.94, 0|3, 55, N/A, 42.25, 0|4, 60, N/A, 186.65, 100|5, 60, N/A, 155.87, 100|6, 57, N/A, 47.38, 0|
23:58:25 0, 56, N/A, 42.05, 0|1, 55, N/A, 46.72, 0|2, 57, N/A, 156.30, 97|3, 55, N/A, 42.52, 0|4, 59, N/A, 150.97, 100|5, 58, N/A, 43.28, 0|6, 58, N/A, 48.36, 3|
23:58:27 0, 56, N/A, 41.31, 0|1, 53, N/A, 45.28, 0|2, 55, N/A, 48.45, 0|3, 55, N/A, 41.54, 0|4, 61, N/A, 179.18, 100|5, 58, N/A, 43.28, 0|6, 59, N/A, 48.39, 0|
23:58:29 0, 59, N/A, 188.92, 100|1, 53, N/A, 45.03, 0|2, 54, N/A, 48.20, 0|3, 54, N/A, 41.29, 0|4, 56, N/A, 44.49, 0|5, 58, N/A, 43.04, 0|6, 60, N/A, 49.62, 80|
23:58:31 0, 56, N/A, 41.81, 0|1, 54, N/A, 46.23, 0|2, 58, N/A, 194.81, 100|3, 56, N/A, 180.60, 100|4, 56, N/A, 44.24, 0|5, 57, N/A, 42.79, 0|6, 57, N/A, 47.65, 0|
23:58:33 0, 58, N/A, 152.84, 6|1, 55, N/A, 46.72, 3|2, 57, N/A, 157.50, 100|3, 54, N/A, 41.51, 3|4, 59, N/A, 46.91, 85|5, 60, N/A, 152.19, 42|6, 59, N/A, 168.31, 96|
23:58:36 0, 56, N/A, 41.56, 0|1, 54, N/A, 45.74, 0|2, 58, N/A, 183.55, 100|3, 54, N/A, 41.53, 0|4, 60, N/A, 170.46, 100|5, 58, N/A, 43.04, 0|6, 57, N/A, 47.65, 0|
23:58:38 0, 55, N/A, 41.59, 0|1, 53, N/A, 45.03, 0|2, 55, N/A, 48.23, 0|3, 54, N/A, 41.54, 0|4, 57, N/A, 45.48, 0|5, 60, N/A, 148.38, 100|6, 57, N/A, 47.65, 0|
23:58:40 0, 59, N/A, 163.90, 100|1, 54, N/A, 169.04, 100|2, 54, N/A, 48.20, 0|3, 54, N/A, 41.31, 0|4, 56, N/A, 44.51, 0|5, 57, N/A, 43.06, 0|6, 58, N/A, 48.17, 0|
23:58:42 0, 57, N/A, 165.61, 0|1, 54, N/A, 46.02, 3|2, 58, N/A, 170.11, 100|3, 55, N/A, 42.79, 62|4, 57, N/A, 182.96, 43|5, 57, N/A, 42.82, 3|6, 57, N/A, 47.19, 3|
23:58:44 0, 59, N/A, 137.51, 100|1, 54, N/A, 45.77, 0|2, 57, N/A, 157.13, 100|3, 54, N/A, 41.78, 0|4, 57, N/A, 45.47, 0|5, 61, N/A, 192.75, 100|6, 59, N/A, 50.35, 100|
23:58:46 0, 56, N/A, 41.56, 0|1, 53, N/A, 45.53, 0|2, 56, N/A, 50.69, 0|3, 57, N/A, 168.47, 100|4, 58, N/A, 45.72, 0|5, 60, N/A, 181.62, 100|6, 57, N/A, 47.41, 0|
23:58:48 0, 55, N/A, 41.34, 0|1, 52, N/A, 45.03, 0|2, 54, N/A, 48.72, 0|3, 54, N/A, 41.31, 0|4, 57, N/A, 45.01, 0|5, 61, N/A, 47.96, 100|6, 57, N/A, 181.51, 0|
23:58:50 0, 60, N/A, 176.15, 100|1, 56, N/A, 196.10, 100|2, 54, N/A, 48.72, 0|3, 53, N/A, 41.31, 0|4, 56, N/A, 44.27, 0|5, 57, N/A, 42.82, 0|6, 58, N/A, 47.69, 0|
23:58:52 0, 58, N/A, 161.69, 90|1, 53, N/A, 45.30, 0|2, 56, N/A, 50.94, 29|3, 57, N/A, 174.75, 71|4, 58, N/A, 187.74, 100|5, 57, N/A, 42.55, 0|6, 57, N/A, 46.92, 0|
23:58:54 0, 59, N/A, 151.89, 100|1, 53, N/A, 45.77, 0|2, 58, N/A, 122.02, 99|3, 54, N/A, 85.57, 0|4, 57, N/A, 45.22, 0|5, 61, N/A, 171.93, 100|6, 58, N/A, 47.90, 0|
23:58:56 0, 55, N/A, 41.34, 0|1, 53, N/A, 45.03, 0|2, 56, N/A, 50.20, 0|3, 57, N/A, 142.72, 100|4, 57, N/A, 45.25, 0|5, 60, N/A, 172.93, 100|6, 57, N/A, 46.92, 0|
23:58:58 0, 55, N/A, 35.93, 0|1, 52, N/A, 38.88, 0|2, 54, N/A, 48.72, 0|3, 54, N/A, 41.29, 0|4, 57, N/A, 45.01, 0|5, 59, N/A, 44.27, 55|6, 59, N/A, 197.31, 100|
23:59:01 0, 59, N/A, 188.40, 100|1, 55, N/A, 182.90, 100|2, 53, N/A, 41.32, 0|3, 53, N/A, 35.90, 0|4, 56, N/A, 38.12, 0|5, 57, N/A, 42.79, 0|6, 57, N/A, 47.65, 0|
23:59:03 0, 58, N/A, 148.95, 100|1, 53, N/A, 45.28, 0|2, 56, N/A, 50.19, 14|3, 57, N/A, 142.14, 86|4, 58, N/A, 176.49, 100|5, 57, N/A, 37.13, 0|6, 56, N/A, 40.04, 0|
23:59:05 0, 59, N/A, 156.76, 100|1, 53, N/A, 45.52, 0|2, 57, N/A, 55.33, 100|3, 54, N/A, 163.98, 0|4, 57, N/A, 45.20, 0|5, 61, N/A, 95.15, 100|6, 57, N/A, 111.88, 0|
23:59:07 0, 55, N/A, 41.31, 0|1, 53, N/A, 45.03, 0|2, 56, N/A, 49.46, 0|3, 57, N/A, 177.42, 100|4, 57, N/A, 45.22, 0|5, 60, N/A, 145.11, 100|6, 56, N/A, 46.92, 0|
23:59:09 0, 55, N/A, 41.10, 0|1, 52, N/A, 44.81, 0|2, 54, N/A, 47.99, 0|3, 54, N/A, 41.31, 0|4, 57, N/A, 44.51, 0|5, 59, N/A, 44.27, 12|6, 58, N/A, 194.01, 57|
23:59:11 0, 60, N/A, 171.65, 100|1, 55, N/A, 195.76, 100|2, 53, N/A, 47.95, 0|3, 53, N/A, 41.31, 0|4, 56, N/A, 44.27, 0|5, 57, N/A, 42.82, 0|6, 57, N/A, 47.44, 0|
23:59:13 0, 58, N/A, 161.70, 100|1, 53, N/A, 45.30, 0|2, 56, N/A, 51.19, 0|3, 57, N/A, 174.99, 100|4, 58, N/A, 185.29, 100|5, 57, N/A, 42.55, 0|6, 56, N/A, 46.67, 0|
23:59:15 0, 59, N/A, 153.36, 100|1, 53, N/A, 45.49, 0|2, 58, N/A, 158.58, 100|3, 54, N/A, 41.29, 0|4, 57, N/A, 45.22, 0|5, 61, N/A, 153.20, 100|6, 57, N/A, 47.90, 46|
23:59:17 0, 55, N/A, 41.32, 0|1, 53, N/A, 45.03, 0|2, 56, N/A, 50.20, 0|3, 56, N/A, 141.66, 100|4, 57, N/A, 45.47, 0|5, 60, N/A, 145.68, 100|6, 56, N/A, 46.92, 0|
23:59:19 0, 54, N/A, 41.10, 0|1, 52, N/A, 44.82, 0|2, 54, N/A, 48.51, 0|3, 54, N/A, 41.32, 0|4, 57, N/A, 44.76, 0|5, 60, N/A, 46.51, 100|6, 57, N/A, 155.40, 0|
23:59:21 0, 59, N/A, 150.76, 100|1, 55, N/A, 185.59, 100|2, 53, N/A, 48.48, 0|3, 53, N/A, 41.31, 0|4, 56, N/A, 44.27, 0|5, 57, N/A, 43.07, 0|6, 57, N/A, 47.44, 0|
23:59:23 0, 56, N/A, 150.27, 0|1, 53, N/A, 45.55, 3|2, 58, N/A, 57.34, 100|3, 55, N/A, 162.62, 32|4, 58, N/A, 184.31, 71|5, 57, N/A, 42.79, 3|6, 56, N/A, 46.67, 3|
23:59:26 0, 58, N/A, 171.62, 100|1, 53, N/A, 45.52, 0|2, 58, N/A, 192.95, 100|3, 54, N/A, 41.29, 0|4, 57, N/A, 45.47, 0|5, 61, N/A, 151.80, 100|6, 59, N/A, 66.29, 99|
23:59:28 0, 55, N/A, 41.31, 0|1, 53, N/A, 45.28, 0|2, 57, N/A, 51.43, 71|3, 55, N/A, 160.42, 30|4, 58, N/A, 46.21, 46|5, 59, N/A, 153.93, 79|6, 56, N/A, 46.92, 0|
23:59:30 0, 54, N/A, 41.10, 0|1, 52, N/A, 44.79, 0|2, 54, N/A, 48.72, 0|3, 54, N/A, 41.29, 0|4, 57, N/A, 45.23, 0|5, 60, N/A, 168.14, 100|6, 56, N/A, 46.92, 0|
23:59:32 0, 58, N/A, 162.18, 100|1, 54, N/A, 167.80, 98|2, 54, N/A, 48.69, 0|3, 53, N/A, 41.29, 0|4, 56, N/A, 44.24, 0|5, 57, N/A, 42.79, 0|6, 57, N/A, 47.90, 0|
23:59:34 0, 55, N/A, 41.31, 0|1, 53, N/A, 45.25, 0|2, 58, N/A, 192.10, 100|3, 57, N/A, 178.50, 100|4, 55, N/A, 43.99, 0|5, 57, N/A, 42.54, 0|6, 56, N/A, 46.67, 0|
23:59:36 0, 57, N/A, 140.20, 17|1, 54, N/A, 46.26, 4|2, 57, N/A, 173.94, 100|3, 54, N/A, 41.53, 4|4, 59, N/A, 47.19, 83|5, 59, N/A, 155.38, 43|6, 58, N/A, 210.45, 100|
23:59:38 0, 55, N/A, 41.34, 0|1, 53, N/A, 45.53, 0|2, 58, N/A, 166.34, 100|3, 54, N/A, 41.78, 0|4, 60, N/A, 186.26, 100|5, 58, N/A, 43.06, 0|6, 57, N/A, 47.17, 0|
23:59:40 0, 55, N/A, 41.10, 0|1, 52, N/A, 44.79, 0|2, 55, N/A, 48.97, 0|3, 54, N/A, 41.81, 0|4, 59, N/A, 46.97, 65|5, 59, N/A, 181.25, 0|6, 57, N/A, 47.66, 0|
23:59:42 0, 58, N/A, 173.36, 100|1, 52, N/A, 44.79, 0|2, 54, N/A, 48.97, 0|3, 54, N/A, 41.54, 0|4, 56, N/A, 44.49, 0|5, 58, N/A, 43.04, 0|6, 61, N/A, 149.99, 100|
23:59:44 0, 56, N/A, 41.83, 0|1, 55, N/A, 46.76, 56|2, 59, N/A, 177.62, 100|3, 55, N/A, 165.65, 77|4, 56, N/A, 44.51, 0|5, 58, N/A, 42.55, 0|6, 57, N/A, 46.92, 0|
23:59:46 0, 57, N/A, 42.05, 0|1, 56, N/A, 169.53, 100|2, 56, N/A, 49.44, 0|3, 55, N/A, 42.27, 0|4, 61, N/A, 187.97, 100|5, 60, N/A, 146.41, 100|6, 56, N/A, 46.91, 0|
23:59:48 0, 56, N/A, 41.81, 0|1, 56, N/A, 47.46, 100|2, 58, N/A, 197.24, 0|3, 56, N/A, 43.01, 4|4, 60, N/A, 185.29, 96|5, 59, N/A, 43.53, 2|6, 58, N/A, 48.39, 4|
23:59:51 0, 55, N/A, 36.15, 0|1, 53, N/A, 45.03, 0|2, 56, N/A, 49.71, 0|3, 56, N/A, 42.27, 0|4, 61, N/A, 187.26, 100|5, 59, N/A, 43.78, 0|6, 60, N/A, 197.54, 100|
23:59:53 0, 55, N/A, 35.93, 0|1, 52, N/A, 38.63, 0|2, 55, N/A, 41.84, 0|3, 54, N/A, 41.56, 0|4, 57, N/A, 44.76, 0|5, 59, N/A, 43.28, 0|6, 60, N/A, 204.03, 88|
23:59:55 0, 57, N/A, 42.32, 0|1, 56, N/A, 182.65, 100|2, 57, N/A, 186.74, 100|3, 54, N/A, 35.90, 0|4, 56, N/A, 38.39, 0|5, 58, N/A, 37.65, 0|6, 57, N/A, 46.45, 0|
23:59:57 0, 59, N/A, 172.63, 100|1, 53, N/A, 45.03, 0|2, 56, N/A, 49.71, 0|3, 58, N/A, 174.03, 100|4, 60, N/A, 145.68, 100|5, 57, N/A, 37.38, 0|6, 56, N/A, 40.04, 0|
23:59:59 0, 58, N/A, 43.28, 79|1, 55, N/A, 187.29, 67|2, 57, N/A, 50.90, 1|3, 57, N/A, 174.26, 95|4, 57, N/A, 45.22, 0|5, 60, N/A, 44.51, 5|6, 59, N/A, 195.34, 65|
00:00:01 0, 55, N/A, 41.56, 0|1, 53, N/A, 45.03, 0|2, 56, N/A, 49.95, 0|3, 57, N/A, 162.38, 100|4, 58, N/A, 45.47, 0|5, 61, N/A, 178.21, 100|6, 56, N/A, 46.92, 0|
00:00:03 0, 55, N/A, 41.10, 0|1, 52, N/A, 45.03, 0|2, 55, N/A, 48.49, 0|3, 54, N/A, 41.56, 0|4, 58, N/A, 45.01, 0|5, 61, N/A, 46.02, 100|6, 57, N/A, 154.33, 9|
00:00:05 0, 59, N/A, 152.70, 100|1, 54, N/A, 181.43, 100|2, 54, N/A, 48.45, 0|3, 54, N/A, 41.31, 0|4, 56, N/A, 44.51, 0|5, 58, N/A, 42.82, 0|6, 57, N/A, 47.68, 0|
00:00:07 0, 55, N/A, 41.34, 0|1, 53, N/A, 45.28, 0|2, 59, N/A, 195.41, 100|3, 57, N/A, 97.16, 100|4, 56, N/A, 98.15, 0|5, 57, N/A, 42.82, 0|6, 56, N/A, 46.94, 0|
00:00:09 0, 58, N/A, 172.12, 43|1, 54, N/A, 46.25, 4|2, 57, N/A, 184.85, 100|3, 54, N/A, 41.75, 4|4, 59, N/A, 46.91, 71|5, 60, N/A, 180.61, 59|6, 58, N/A, 164.73, 100|
00:00:11 0, 55, N/A, 41.31, 0|1, 53, N/A, 45.74, 0|2, 59, N/A, 164.78, 100|3, 55, N/A, 41.78, 0|4, 60, N/A, 148.12, 100|5, 58, N/A, 43.28, 0|6, 57, N/A, 47.17, 0|
00:00:13 0, 55, N/A, 41.07, 0|1, 52, N/A, 44.76, 0|2, 55, N/A, 49.18, 0|3, 55, N/A, 41.51, 0|4, 61, N/A, 62.12, 100|5, 58, N/A, 143.90, 0|6, 57, N/A, 47.63, 0|
00:00:16 0, 57, N/A, 155.81, 100|1, 52, N/A, 44.51, 0|2, 54, N/A, 48.94, 0|3, 54, N/A, 41.51, 0|4, 57, N/A, 44.70, 0|5, 58, N/A, 43.01, 0|6, 60, N/A, 179.18, 100|
00:00:18 0, 56, N/A, 41.83, 0|1, 56, N/A, 54.11, 100|2, 58, N/A, 207.91, 100|3, 54, N/A, 41.31, 0|4, 56, N/A, 44.51, 0|5, 57, N/A, 42.82, 0|6, 56, N/A, 46.94, 0|
00:00:20 0, 56, N/A, 42.27, 0|1, 55, N/A, 173.56, 92|2, 55, N/A, 49.67, 0|3, 56, N/A, 42.73, 52|4, 61, N/A, 184.17, 100|5, 59, N/A, 180.63, 72|6, 56, N/A, 46.64, 0|
00:00:22 0, 56, N/A, 42.03, 0|1, 56, N/A, 188.16, 100|2, 56, N/A, 50.16, 0|3, 58, N/A, 175.36, 100|4, 57, N/A, 44.95, 0|5, 59, N/A, 43.74, 0|6, 59, N/A, 195.70, 100|
00:00:24 0, 55, N/A, 41.31, 0|1, 52, N/A, 44.78, 0|2, 56, N/A, 49.68, 0|3, 57, N/A, 49.37, 100|4, 57, N/A, 188.35, 0|5, 60, N/A, 44.73, 100|6, 57, N/A, 192.04, 0|
00:00:26 0, 55, N/A, 41.07, 0|1, 52, N/A, 44.54, 0|2, 55, N/A, 48.97, 0|3, 54, N/A, 41.29, 0|4, 57, N/A, 44.73, 0|5, 59, N/A, 43.78, 0|6, 58, N/A, 195.70, 100|
00:00:28 0, 59, N/A, 176.77, 100|1, 55, N/A, 145.33, 100|2, 54, N/A, 48.94, 0|3, 54, N/A, 41.29, 0|4, 56, N/A, 44.49, 0|5, 57, N/A, 42.79, 0|6, 57, N/A, 47.17, 0|
00:00:30 0, 56, N/A, 172.51, 17|1, 53, N/A, 45.28, 4|2, 59, N/A, 183.89, 100|3, 55, N/A, 42.76, 15|4, 58, N/A, 184.81, 86|5, 57, N/A, 42.54, 0|6, 56, N/A, 46.67, 4|
00:00:32 0, 56, N/A, 42.29, 100|1, 54, N/A, 145.24, 17|2, 58, N/A, 197.21, 100|3, 54, N/A, 41.51, 0|4, 59, N/A, 46.42, 12|5, 61, N/A, 183.09, 100|6, 58, N/A, 198.13, 100|
00:00:34 0, 55, N/A, 41.07, 0|1, 52, N/A, 44.79, 0|2, 55, N/A, 49.22, 0|3, 55, N/A, 41.81, 0|4, 60, N/A, 147.64, 100|5, 58, N/A, 43.04, 0|6, 56, N/A, 46.92, 0|
00:00:36 0, 54, N/A, 35.68, 0|1, 51, N/A, 44.29, 0|2, 54, N/A, 48.72, 0|3, 54, N/A, 41.31, 0|4, 57, N/A, 44.76, 0|5, 58, N/A, 43.28, 0|6, 59, N/A, 201.94, 77|
00:00:38 0, 55, N/A, 41.34, 0|1, 55, N/A, 166.11, 100|2, 54, N/A, 41.59, 0|3, 53, N/A, 41.31, 0|4, 56, N/A, 44.27, 0|5, 57, N/A, 42.82, 0|6, 56, N/A, 46.94, 0|
00:00:41 0, 54, N/A, 41.10, 0|1, 51, N/A, 44.05, 0|2, 55, N/A, 48.72, 0|3, 56, N/A, 47.68, 100|4, 56, N/A, 150.26, 0|5, 57, N/A, 42.55, 0|6, 55, N/A, 46.43, 0|
00:00:43 0, 54, N/A, 40.85, 0|1, 51, N/A, 44.05, 0|2, 54, N/A, 47.99, 0|3, 53, N/A, 41.07, 0|4, 56, N/A, 44.51, 0|5, 58, N/A, 43.31, 0|6, 58, N/A, 181.27, 100|
00:00:45 0, 54, N/A, 41.59, 6|1, 51, N/A, 44.82, 11|2, 54, N/A, 50.94, 15|3, 54, N/A, 46.24, 6|4, 57, N/A, 72.48, 15|5, 57, N/A, 141.46, 8|6, 56, N/A, 112.69, 27|
00:00:47 0, 54, N/A, 56.12, 13|1, 52, N/A, 93.85, 11|2, 54, N/A, 153.56, 15|3, 53, N/A, 41.34, 12|4, 56, N/A, 44.54, 7|5, 57, N/A, 42.85, 13|6, 57, N/A, 47.96, 27|
00:00:49 0, 54, N/A, 41.40, 13|1, 51, N/A, 44.60, 11|2, 54, N/A, 49.53, 15|3, 53, N/A, 41.59, 12|4, 56, N/A, 45.78, 13|5, 58, N/A, 48.02, 13|6, 57, N/A, 197.80, 27|
00:00:51 0, 54, N/A, 42.38, 13|1, 51, N/A, 47.31, 11|2, 55, N/A, 67.93, 15|3, 53, N/A, 95.52, 12|4, 56, N/A, 138.58, 15|5, 57, N/A, 42.85, 13|6, 56, N/A, 47.47, 19|
00:00:53 0, 54, N/A, 127.04, 13|1, 51, N/A, 44.60, 11|2, 54, N/A, 49.28, 15|3, 53, N/A, 41.35, 12|4, 56, N/A, 44.57, 15|5, 57, N/A, 43.34, 13|6, 58, N/A, 59.77, 20|
00:00:55 0, 54, N/A, 41.62, 13|1, 51, N/A, 44.85, 4|2, 54, N/A, 50.76, 15|3, 54, N/A, 45.04, 12|4, 57, N/A, 66.67, 15|5, 58, N/A, 138.12, 13|6, 57, N/A, 115.54, 27|
00:00:57 0, 55, N/A, 57.13, 13|1, 51, N/A, 95.93, 11|2, 54, N/A, 153.66, 8|3, 53, N/A, 41.37, 12|4, 56, N/A, 44.57, 15|5, 57, N/A, 42.87, 13|6, 57, N/A, 48.45, 27|
00:00:59 0, 54, N/A, 41.37, 7|1, 51, N/A, 44.60, 11|2, 54, N/A, 49.75, 15|3, 54, N/A, 42.08, 11|4, 57, N/A, 47.50, 15|5, 58, N/A, 52.42, 13|6, 58, N/A, 196.69, 27|
00:01:01 0, 54, N/A, 43.09, 8|1, 52, N/A, 49.74, 12|2, 55, N/A, 85.86, 15|3, 54, N/A, 128.52, 5|4, 56, N/A, 102.85, 10|5, 57, N/A, 43.10, 10|6, 57, N/A, 47.96, 27|
00:01:03 0, 54, N/A, 99.57, 13|1, 51, N/A, 44.60, 11|2, 54, N/A, 49.77, 15|3, 54, N/A, 41.35, 12|4, 56, N/A, 44.55, 15|5, 58, N/A, 43.34, 13|6, 58, N/A, 60.48, 27|
00:01:06 0, 54, N/A, 41.64, 13|1, 51, N/A, 45.09, 12|2, 54, N/A, 51.50, 15|3, 54, N/A, 46.02, 12|4, 57, N/A, 73.26, 15|5, 57, N/A, 161.10, 13|6, 57, N/A, 89.62, 27|
00:01:08 0, 55, N/A, 63.00, 13|1, 52, N/A, 115.79, 11|2, 54, N/A, 127.96, 15|3, 54, N/A, 41.37, 12|4, 56, N/A, 44.57, 15|5, 57, N/A, 43.12, 13|6, 58, N/A, 48.95, 20|
00:01:10 0, 54, N/A, 41.39, 13|1, 51, N/A, 44.60, 4|2, 54, N/A, 49.77, 15|3, 54, N/A, 42.08, 12|4, 57, N/A, 46.76, 15|5, 58, N/A, 51.94, 13|6, 59, N/A, 199.76, 27|
00:01:12 0, 54, N/A, 43.12, 13|1, 52, N/A, 49.25, 10|2, 55, N/A, 80.49, 13|3, 54, N/A, 134.66, 12|4, 56, N/A, 103.88, 15|5, 58, N/A, 42.85, 13|6, 58, N/A, 48.21, 27|
00:01:14 0, 54, N/A, 48.49, 13|1, 52, N/A, 44.60, 12|2, 55, N/A, 49.50, 13|3, 54, N/A, 41.59, 12|4, 56, N/A, 45.04, 15|5, 58, N/A, 43.83, 13|6, 59, N/A, 73.71, 27|
00:01:16 0, 54, N/A, 41.86, 5|1, 52, N/A, 45.09, 12|2, 55, N/A, 53.44, 15|3, 54, N/A, 51.16, 6|4, 57, N/A, 107.37, 15|5, 58, N/A, 138.28, 8|6, 58, N/A, 48.21, 27|
00:01:18 0, 55, N/A, 90.48, 13|1, 52, N/A, 144.07, 11|2, 54, N/A, 49.77, 15|3, 54, N/A, 41.62, 12|4, 56, N/A, 44.82, 7|5, 58, N/A, 43.37, 13|6, 59, N/A, 50.18, 27|
00:01:20 0, 54, N/A, 41.64, 13|1, 52, N/A, 44.60, 11|2, 55, N/A, 50.02, 15|3, 54, N/A, 42.33, 12|4, 57, N/A, 49.23, 12|5, 58, N/A, 62.77, 13|6, 59, N/A, 182.64, 27|
00:01:22 0, 54, N/A, 47.28, 14|1, 52, N/A, 92.49, 12|2, 55, N/A, 157.34, 15|3, 54, N/A, 41.37, 12|4, 56, N/A, 44.82, 15|5, 58, N/A, 43.12, 13|6, 59, N/A, 49.20, 27|
00:01:24 0, 54, N/A, 35.73, 14|1, 52, N/A, 38.93, 12|2, 55, N/A, 50.27, 15|3, 54, N/A, 43.31, 12|4, 57, N/A, 55.62, 15|5, 58, N/A, 81.13, 13|6, 59, N/A, 173.04, 27|
00:01:26 0, 54, N/A, 35.73, 14|1, 51, N/A, 38.44, 13|2, 54, N/A, 41.89, 16|3, 54, N/A, 35.95, 13|4, 56, N/A, 45.04, 3|5, 58, N/A, 44.08, 8|6, 60, N/A, 83.54, 27|
00:01:28 0, 54, N/A, 35.73, 14|1, 51, N/A, 38.44, 7|2, 54, N/A, 41.64, 9|3, 53, N/A, 35.95, 13|4, 56, N/A, 38.91, 16|5, 58, N/A, 38.44, 14|6, 60, N/A, 87.23, 21|
00:01:31 0, 54, N/A, 35.73, 8|1, 51, N/A, 38.44, 13|2, 54, N/A, 42.38, 10|3, 54, N/A, 38.91, 9|4, 56, N/A, 60.02, 16|5, 58, N/A, 132.72, 14|6, 59, N/A, 59.24, 29|
00:01:33 0, 54, N/A, 39.67, 7|1, 51, N/A, 51.22, 13|2, 54, N/A, 132.44, 17|3, 53, N/A, 70.80, 13|4, 56, N/A, 38.17, 16|5, 57, N/A, 37.70, 14|6, 59, N/A, 41.84, 29|
00:01:35 0, 54, N/A, 62.27, 14|1, 51, N/A, 38.44, 13|2, 54, N/A, 41.64, 17|3, 53, N/A, 35.95, 13|4, 56, N/A, 38.91, 16|5, 57, N/A, 37.70, 14|6, 59, N/A, 59.49, 22|
00:01:37 0, 54, N/A, 35.73, 14|1, 51, N/A, 38.44, 4|2, 54, N/A, 41.89, 17|3, 53, N/A, 37.18, 13|4, 56, N/A, 45.78, 16|5, 58, N/A, 66.66, 14|6, 59, N/A, 135.75, 13|
00:01:39 0, 54, N/A, 36.71, 14|1, 51, N/A, 41.89, 13|2, 54, N/A, 67.44, 7|3, 53, N/A, 108.29, 13|4, 56, N/A, 79.61, 16|5, 57, N/A, 37.45, 14|6, 59, N/A, 41.84, 29|
00:01:41 0, 54, N/A, 126.47, 0|1, 51, N/A, 59.60, 13|2, 54, N/A, 41.40, 16|3, 53, N/A, 35.95, 4|4, 56, N/A, 38.66, 4|5, 57, N/A, 37.70, 0|6, 59, N/A, 45.75, 29|
00:01:43 0, 54, N/A, 35.73, 14|1, 51, N/A, 38.44, 13|2, 54, N/A, 41.64, 16|3, 53, N/A, 36.20, 13|4, 56, N/A, 40.63, 16|5, 58, N/A, 48.02, 14|6, 59, N/A, 151.84, 29|
00:01:45 0, 54, N/A, 36.22, 14|1, 51, N/A, 40.16, 13|2, 54, N/A, 54.67, 16|3, 53, N/A, 85.54, 13|4, 56, N/A, 103.15, 16|5, 57, N/A, 37.45, 14|6, 59, N/A, 41.84, 14|
00:01:47 0, 58, N/A, 172.12, 100|1, 52, N/A, 159.94, 100|2, 53, N/A, 41.12, 0|3, 53, N/A, 35.70, 0|4, 55, N/A, 37.92, 0|5, 57, N/A, 37.19, 0|6, 58, N/A, 41.08, 0|
00:01:49 0, 55, N/A, 41.12, 0|1, 53, N/A, 44.82, 0|2, 58, N/A, 196.28, 100|3, 55, N/A, 146.49, 100|4, 55, N/A, 37.90, 0|5, 56, N/A, 36.94, 0|6, 58, N/A, 41.07, 0|
00:01:51 0, 55, N/A, 41.34, 0|1, 55, N/A, 144.94, 100|2, 55, N/A, 48.72, 0|3, 54, N/A, 41.81, 0|4, 60, N/A, 154.00, 100|5, 60, N/A, 183.22, 100|6, 57, N/A, 40.80, 0|
00:01:53 0, 55, N/A, 41.34, 0|1, 54, N/A, 46.51, 65|2, 57, N/A, 194.43, 32|3, 55, N/A, 42.79, 24|4, 59, N/A, 160.29, 77|5, 58, N/A, 43.06, 5|6, 60, N/A, 48.64, 5|
00:01:56 0, 54, N/A, 41.10, 0|1, 52, N/A, 44.57, 0|2, 56, N/A, 49.46, 0|3, 55, N/A, 42.05, 0|4, 60, N/A, 158.33, 100|5, 59, N/A, 43.56, 0|6, 61, N/A, 186.65, 100|
00:01:58 0, 54, N/A, 41.10, 0|1, 52, N/A, 44.57, 0|2, 55, N/A, 49.00, 0|3, 54, N/A, 41.32, 0|4, 57, N/A, 44.51, 0|5, 59, N/A, 43.31, 0|6, 62, N/A, 175.29, 100|
00:02:00 0, 58, N/A, 44.54, 88|1, 55, N/A, 161.67, 100|2, 57, N/A, 196.05, 0|3, 54, N/A, 41.31, 0|4, 56, N/A, 44.51, 0|5, 58, N/A, 42.82, 0|6, 59, N/A, 48.42, 0|
00:02:02 0, 58, N/A, 175.06, 100|1, 53, N/A, 45.03, 0|2, 58, N/A, 51.67, 27|3, 57, N/A, 174.75, 70|4, 59, N/A, 155.30, 100|5, 58, N/A, 42.79, 0|6, 59, N/A, 47.87, 0|
00:02:04 0, 59, N/A, 143.54, 100|1, 53, N/A, 45.76, 0|2, 59, N/A, 171.96, 100|3, 55, N/A, 42.00, 0|4, 59, N/A, 45.96, 0|5, 62, N/A, 160.19, 100|6, 62, N/A, 179.79, 100|
00:02:06 0, 55, N/A, 41.56, 0|1, 53, N/A, 45.49, 0|2, 60, N/A, 197.73, 100|3, 55, N/A, 41.78, 0|4, 62, N/A, 187.49, 100|5, 58, N/A, 43.04, 0|6, 59, N/A, 48.39, 0|
00:02:08 0, 55, N/A, 35.93, 0|1, 52, N/A, 44.79, 0|2, 56, N/A, 48.94, 0|3, 55, N/A, 41.78, 0|4, 60, N/A, 47.19, 100|5, 60, N/A, 176.74, 0|6, 59, N/A, 48.89, 0|
00:02:10 0, 57, N/A, 140.93, 100|1, 52, N/A, 44.78, 0|2, 55, N/A, 48.94, 0|3, 54, N/A, 41.51, 0|4, 57, N/A, 44.98, 0|5, 59, N/A, 43.01, 0|6, 63, N/A, 212.30, 100|
00:02:12 0, 56, N/A, 41.83, 0|1, 56, N/A, 192.20, 100|2, 58, N/A, 174.08, 100|3, 54, N/A, 41.56, 0|4, 56, N/A, 44.51, 0|5, 58, N/A, 43.06, 0|6, 59, N/A, 48.17, 0|
00:02:14 0, 59, N/A, 65.62, 100|1, 52, N/A, 139.53, 8|2, 56, N/A, 49.70, 0|3, 58, N/A, 169.84, 100|4, 61, N/A, 170.98, 100|5, 57, N/A, 37.63, 0|6, 58, N/A, 40.77, 0|
00:02:16 0, 57, N/A, 42.79, 97|1, 55, N/A, 187.29, 52|2, 57, N/A, 50.90, 8|3, 57, N/A, 175.46, 78|4, 57, N/A, 45.19, 0|5, 60, N/A, 44.73, 45|6, 61, N/A, 196.68, 31|
00:02:18 0, 55, N/A, 41.31, 0|1, 53, N/A, 45.03, 0|2, 57, N/A, 50.45, 0|3, 57, N/A, 139.95, 100|4, 58, N/A, 45.72, 0|5, 61, N/A, 146.66, 100|6, 58, N/A, 47.63, 0|
00:02:21 0, 54, N/A, 41.07, 0|1, 52, N/A, 44.79, 0|2, 55, N/A, 48.94, 0|3, 54, N/A, 41.54, 0|4, 58, N/A, 45.47, 0|5, 61, N/A, 179.52, 100|6, 58, N/A, 47.90, 0|
00:02:23 0, 58, N/A, 154.09, 100|1, 52, N/A, 160.69, 0|2, 55, N/A, 48.20, 0|3, 54, N/A, 41.54, 0|4, 57, N/A, 44.73, 0|5, 58, N/A, 43.28, 0|6, 60, N/A, 49.87, 0|
00:02:25 0, 55, N/A, 41.34, 0|1, 54, N/A, 46.01, 0|2, 59, N/A, 166.59, 100|3, 56, N/A, 174.85, 92|4, 56, N/A, 44.73, 0|5, 58, N/A, 43.04, 0|6, 58, N/A, 47.90, 0|
00:02:27 0, 56, N/A, 42.05, 0|1, 55, N/A, 187.06, 100|2, 56, N/A, 49.21, 0|3, 55, N/A, 42.52, 0|4, 61, N/A, 148.85, 100|5, 60, N/A, 145.52, 100|6, 57, N/A, 47.65, 0|
00:02:29 0, 56, N/A, 41.81, 0|1, 56, N/A, 170.74, 100|2, 56, N/A, 49.45, 0|3, 58, N/A, 173.02, 100|4, 57, N/A, 44.98, 0|5, 59, N/A, 43.53, 0|6, 61, N/A, 199.01, 100|
00:02:31 0, 55, N/A, 41.07, 0|1, 52, N/A, 44.81, 0|2, 56, N/A, 49.46, 0|3, 58, N/A, 108.82, 100|4, 58, N/A, 91.77, 0|5, 61, N/A, 47.22, 100|6, 59, N/A, 164.26, 0|
00:02:33 0, 54, N/A, 40.83, 0|1, 52, N/A, 44.54, 0|2, 55, N/A, 48.48, 0|3, 54, N/A, 41.54, 0|4, 58, N/A, 45.25, 0|5, 60, N/A, 44.27, 0|6, 60, N/A, 196.58, 80|
00:02:35 0, 59, N/A, 172.37, 100|1, 54, N/A, 190.13, 100|2, 54, N/A, 48.69, 0|3, 54, N/A, 41.53, 0|4, 57, N/A, 44.73, 0|5, 58, N/A, 43.04, 0|6, 59, N/A, 48.39, 0|
00:02:37 0, 55, N/A, 41.07, 0|1, 53, N/A, 45.25, 0|2, 59, N/A, 156.37, 100|3, 57, N/A, 176.07, 100|4, 56, N/A, 44.49, 0|5, 57, N/A, 43.04, 0|6, 58, N/A, 47.65, 0|
00:02:39 0, 55, N/A, 41.31, 0|1, 56, N/A, 108.27, 100|2, 55, N/A, 117.04, 0|3, 55, N/A, 41.78, 0|4, 61, N/A, 143.71, 100|5, 61, N/A, 158.81, 100|6, 57, N/A, 47.63, 0|
00:02:41 0, 55, N/A, 41.56, 0|1, 55, N/A, 46.97, 100|2, 58, N/A, 197.75, 0|3, 56, N/A, 43.01, 10|4, 59, N/A, 185.54, 99|5, 59, N/A, 43.28, 0|6, 59, N/A, 49.13, 5|
00:02:43 0, 54, N/A, 41.10, 0|1, 52, N/A, 44.57, 0|2, 56, N/A, 49.74, 0|3, 56, N/A, 42.27, 0|4, 60, N/A, 184.80, 100|5, 59, N/A, 44.02, 0|6, 60, N/A, 160.58, 100|
00:02:45 0, 54, N/A, 40.88, 0|1, 51, N/A, 44.57, 0|2, 55, N/A, 48.26, 0|3, 54, N/A, 41.56, 0|4, 57, N/A, 45.01, 0|5, 59, N/A, 43.81, 0|6, 60, N/A, 172.93, 100|
00:02:48 0, 59, N/A, 177.39, 100|1, 55, N/A, 147.14, 100|2, 54, N/A, 47.74, 0|3, 54, N/A, 41.32, 0|4, 56, N/A, 44.76, 0|5, 58, N/A, 43.07, 0|6, 58, N/A, 48.18, 0|
00:02:50 0, 55, N/A, 41.12, 0|1, 53, N/A, 45.30, 0|2, 59, N/A, 193.23, 100|3, 57, N/A, 170.07, 100|4, 56, N/A, 44.54, 0|5, 57, N/A, 42.85, 0|6, 57, N/A, 47.69, 0|
00:02:52 0, 55, N/A, 68.57, 0|1, 54, N/A, 46.75, 0|2, 58, N/A, 169.77, 100|3, 54, N/A, 42.03, 0|4, 62, N/A, 189.44, 100|5, 59, N/A, 44.27, 42|6, 58, N/A, 188.98, 39|
00:02:54 0, 55, N/A, 41.59, 0|1, 54, N/A, 46.02, 0|2, 58, N/A, 167.74, 100|3, 55, N/A, 42.54, 0|4, 60, N/A, 165.04, 100|5, 58, N/A, 43.31, 0|6, 58, N/A, 48.42, 5|
00:02:56 0, 54, N/A, 35.91, 0|1, 52, N/A, 44.54, 0|2, 56, N/A, 49.71, 0|3, 55, N/A, 42.27, 0|4, 60, N/A, 176.00, 100|5, 59, N/A, 43.78, 0|6, 60, N/A, 168.16, 100|
00:02:58 0, 54, N/A, 35.44, 0|1, 51, N/A, 38.17, 0|2, 54, N/A, 41.62, 0|3, 54, N/A, 41.32, 0|4, 57, N/A, 45.01, 0|5, 59, N/A, 43.56, 0|6, 60, N/A, 197.18, 100|
00:03:00 0, 59, N/A, 165.12, 100|1, 55, N/A, 153.45, 100|2, 54, N/A, 41.59, 0|3, 53, N/A, 35.90, 0|4, 56, N/A, 38.36, 0|5, 58, N/A, 41.59, 0|6, 58, N/A, 47.93, 0|
00:03:02 0, 54, N/A, 41.10, 0|1, 52, N/A, 44.54, 0|2, 59, N/A, 197.86, 100|3, 56, N/A, 50.88, 100|4, 56, N/A, 137.75, 0|5, 57, N/A, 37.65, 0|6, 57, N/A, 40.80, 0|
00:03:04 0, 55, N/A, 119.19, 0|1, 54, N/A, 46.51, 5|2, 57, N/A, 169.20, 59|3, 54, N/A, 41.78, 0|4, 62, N/A, 189.09, 100|5, 59, N/A, 44.27, 11|6, 57, N/A, 176.11, 70|
00:03:06 0, 55, N/A, 41.34, 0|1, 54, N/A, 46.02, 0|2, 58, N/A, 169.31, 100|3, 55, N/A, 42.54, 0|4, 60, N/A, 188.82, 100|5, 58, N/A, 43.04, 0|6, 58, N/A, 48.15, 0|
00:03:08 0, 54, N/A, 40.83, 0|1, 52, N/A, 44.54, 0|2, 55, N/A, 49.46, 0|3, 55, N/A, 42.27, 0|4, 60, N/A, 179.56, 100|5, 59, N/A, 43.53, 0|6, 60, N/A, 191.68, 100|
00:03:10 0, 54, N/A, 40.85, 0|1, 51, N/A, 43.58, 0|2, 55, N/A, 48.98, 0|3, 54, N/A, 41.31, 0|4, 57, N/A, 45.01, 0|5, 59, N/A, 43.53, 0|6, 60, N/A, 193.50, 100|
00:03:13 0, 59, N/A, 176.04, 100|1, 54, N/A, 183.14, 100|2, 54, N/A, 48.69, 0|3, 53, N/A, 41.29, 0|4, 56, N/A, 44.73, 0|5, 57, N/A, 42.79, 0|6, 58, N/A, 47.90, 0|
00:03:15 0, 54, N/A, 41.09, 0|1, 52, N/A, 45.03, 0|2, 59, N/A, 197.99, 100|3, 57, N/A, 167.26, 100|4, 56, N/A, 44.27, 0|5, 57, N/A, 42.79, 0|6, 57, N/A, 47.19, 0|
00:03:17 0, 55, N/A, 41.31, 0|1, 54, N/A, 46.47, 90|2, 58, N/A, 195.29, 24|3, 54, N/A, 41.78, 0|4, 61, N/A, 188.35, 100|5, 59, N/A, 44.76, 100|6, 58, N/A, 185.06, 54|
00:03:19 0, 55, N/A, 41.31, 0|1, 54, N/A, 46.23, 0|2, 58, N/A, 154.34, 100|3, 55, N/A, 42.52, 0|4, 60, N/A, 166.54, 100|5, 58, N/A, 43.28, 1|6, 58, N/A, 48.39, 5|
00:03:21 0, 54, N/A, 40.82, 0|1, 52, N/A, 44.54, 0|2, 56, N/A, 49.43, 0|3, 55, N/A, 42.49, 0|4, 60, N/A, 167.52, 100|5, 59, N/A, 43.75, 0|6, 59, N/A, 202.05, 100|
00:03:23 0, 54, N/A, 40.09, 0|1, 51, N/A, 44.29, 0|2, 55, N/A, 48.94, 0|3, 54, N/A, 41.54, 0|4, 57, N/A, 44.98, 0|5, 59, N/A, 43.53, 0|6, 59, N/A, 198.88, 100|
00:03:25 0, 58, N/A, 166.26, 100|1, 54, N/A, 188.16, 100|2, 54, N/A, 48.94, 0|3, 53, N/A, 41.29, 0|4, 56, N/A, 44.49, 0|5, 57, N/A, 42.79, 0|6, 58, N/A, 47.90, 0|
00:03:27 0, 54, N/A, 41.10, 0|1, 52, N/A, 45.03, 0|2, 59, N/A, 172.00, 100|3, 57, N/A, 176.57, 100|4, 56, N/A, 44.51, 0|5, 57, N/A, 42.79, 0|6, 57, N/A, 46.92, 0|
00:03:29 0, 55, N/A, 41.31, 0|1, 55, N/A, 159.07, 100|2, 55, N/A, 49.45, 0|3, 55, N/A, 41.78, 0|4, 61, N/A, 171.19, 100|5, 61, N/A, 184.81, 100|6, 56, N/A, 46.67, 0|
00:03:31 0, 55, N/A, 41.34, 0|1, 55, N/A, 197.96, 100|2, 56, N/A, 49.70, 0|3, 57, N/A, 49.65, 100|4, 57, N/A, 191.40, 0|5, 58, N/A, 43.78, 0|6, 60, N/A, 49.87, 100|
00:03:33 0, 54, N/A, 41.07, 0|1, 52, N/A, 44.54, 0|2, 56, N/A, 48.72, 0|3, 57, N/A, 45.71, 100|4, 58, N/A, 160.92, 0|5, 60, N/A, 44.51, 99|6, 58, N/A, 163.52, 0|
00:03:36 0, 54, N/A, 40.83, 0|1, 51, N/A, 44.29, 0|2, 55, N/A, 47.99, 0|3, 54, N/A, 41.29, 0|4, 58, N/A, 45.22, 0|5, 60, N/A, 44.51, 40|6, 58, N/A, 178.34, 42|
00:03:38 0, 58, N/A, 176.53, 100|1, 53, N/A, 184.00, 90|2, 54, N/A, 47.95, 0|3, 53, N/A, 41.29, 0|4, 57, N/A, 44.73, 0|5, 57, N/A, 42.79, 0|6, 59, N/A, 48.39, 0|
00:03:40 0, 54, N/A, 40.60, 0|1, 53, N/A, 45.53, 0|2, 59, N/A, 171.51, 100|3, 56, N/A, 148.85, 100|4, 56, N/A, 44.51, 0|5, 57, N/A, 42.57, 0|6, 57, N/A, 46.94, 0|
00:03:42 0, 55, N/A, 41.81, 0|1, 54, N/A, 167.80, 100|2, 55, N/A, 48.45, 0|3, 55, N/A, 42.52, 0|4, 61, N/A, 159.30, 100|5, 60, N/A, 157.10, 100|6, 56, N/A, 46.64, 0|
00:03:44 0, 56, N/A, 42.05, 0|1, 55, N/A, 155.87, 100|2, 56, N/A, 50.41, 0|3, 57, N/A, 159.90, 100|4, 57, N/A, 44.98, 0|5, 59, N/A, 43.53, 0|6, 60, N/A, 170.26, 100|
00:03:46 0, 54, N/A, 41.07, 0|1, 52, N/A, 44.78, 0|2, 56, N/A, 50.44, 0|3, 57, N/A, 173.91, 100|4, 58, N/A, 45.72, 0|5, 60, N/A, 187.73, 100|6, 57, N/A, 46.92, 0|
00:03:48 0, 53, N/A, 35.44, 0|1, 51, N/A, 38.14, 0|2, 55, N/A, 48.97, 0|3, 54, N/A, 41.29, 0|4, 58, N/A, 45.48, 0|5, 61, N/A, 164.45, 100|6, 57, N/A, 47.17, 0|
00:03:50 0, 58, N/A, 176.43, 100|1, 50, N/A, 38.14, 0|2, 54, N/A, 41.58, 0|3, 53, N/A, 35.63, 0|4, 57, N/A, 44.71, 0|5, 58, N/A, 43.01, 0|6, 61, N/A, 178.34, 100|
00:03:52 0, 55, N/A, 41.34, 0|1, 55, N/A, 83.52, 100|2, 58, N/A, 199.22, 100|3, 53, N/A, 35.66, 0|4, 56, N/A, 38.12, 0|5, 57, N/A, 37.40, 0|6, 57, N/A, 46.21, 0|
00:03:54 0, 58, N/A, 170.41, 100|1, 51, N/A, 44.54, 0|2, 56, N/A, 50.19, 0|3, 58, N/A, 157.32, 100|4, 60, N/A, 186.28, 100|5, 56, N/A, 37.14, 0|6, 56, N/A, 39.79, 0|
00:03:56 0, 58, N/A, 144.61, 100|1, 52, N/A, 45.00, 0|2, 59, N/A, 172.84, 100|3, 54, N/A, 41.53, 0|4, 58, N/A, 45.47, 0|5, 62, N/A, 184.55, 100|6, 57, N/A, 47.65, 0|
00:03:58 0, 54, N/A, 40.82, 0|1, 52, N/A, 44.76, 0|2, 60, N/A, 205.20, 100|3, 54, N/A, 41.78, 0|4, 61, N/A, 181.23, 100|5, 57, N/A, 42.79, 0|6, 57, N/A, 47.17, 0|
00:04:01 0, 54, N/A, 40.83, 0|1, 51, N/A, 44.54, 0|2, 55, N/A, 48.97, 0|3, 54, N/A, 41.54, 0|4, 62, N/A, 186.77, 100|5, 58, N/A, 43.04, 0|6, 57, N/A, 47.90, 0|
00:04:03 0, 55, N/A, 138.89, 0|1, 51, N/A, 44.29, 5|2, 54, N/A, 48.97, 5|3, 53, N/A, 41.29, 0|4, 57, N/A, 44.73, 0|5, 58, N/A, 43.04, 0|6, 60, N/A, 152.60, 100|
00:04:05 0, 56, N/A, 42.54, 0|1, 55, N/A, 188.65, 65|2, 56, N/A, 193.45, 100|3, 53, N/A, 41.29, 6|4, 56, N/A, 44.49, 0|5, 57, N/A, 42.79, 0|6, 57, N/A, 47.16, 0|
00:04:07 0, 56, N/A, 168.68, 74|1, 52, N/A, 45.03, 0|2, 59, N/A, 54.59, 100|3, 55, N/A, 138.47, 7|4, 59, N/A, 150.25, 100|5, 57, N/A, 42.54, 0|6, 56, N/A, 46.64, 0|
00:04:09 0, 56, N/A, 143.29, 100|1, 53, N/A, 45.49, 6|2, 58, N/A, 208.35, 100|3, 54, N/A, 41.51, 0|4, 60, N/A, 48.14, 100|5, 59, N/A, 146.80, 0|6, 59, N/A, 165.85, 100|
00:04:11 0, 54, N/A, 41.07, 0|1, 53, N/A, 45.99, 0|2, 58, N/A, 153.43, 100|3, 55, N/A, 42.27, 0|4, 60, N/A, 160.52, 100|5, 58, N/A, 43.04, 0|6, 57, N/A, 47.90, 0|
00:04:13 0, 54, N/A, 40.82, 0|1, 51, N/A, 44.29, 0|2, 55, N/A, 49.46, 0|3, 55, N/A, 42.27, 0|4, 60, N/A, 154.15, 100|5, 59, N/A, 43.78, 0|6, 59, N/A, 158.63, 100|
00:04:15 0, 53, N/A, 40.60, 0|1, 51, N/A, 44.05, 0|2, 55, N/A, 48.97, 0|3, 54, N/A, 41.32, 0|4, 57, N/A, 45.01, 0|5, 59, N/A, 43.53, 0|6, 59, N/A, 171.58, 100|
00:04:17 0, 58, N/A, 152.87, 100|1, 53, N/A, 159.47, 100|2, 54, N/A, 48.94, 0|3, 53, N/A, 41.29, 0|4, 56, N/A, 44.49, 0|5, 57, N/A, 42.79, 0|6, 58, N/A, 47.90, 0|
00:04:19 0, 54, N/A, 40.60, 0|1, 52, N/A, 45.50, 0|2, 59, N/A, 189.92, 100|3, 56, N/A, 161.87, 100|4, 56, N/A, 44.24, 0|5, 57, N/A, 42.54, 0|6, 56, N/A, 46.92, 0|
00:04:21 0, 55, N/A, 41.53, 0|1, 55, N/A, 185.71, 100|2, 55, N/A, 49.40, 0|3, 55, N/A, 42.24, 0|4, 61, N/A, 163.84, 100|5, 59, N/A, 177.19, 100|6, 56, N/A, 46.64, 0|
00:04:23 0, 55, N/A, 41.78, 0|1, 54, N/A, 172.34, 100|2, 56, N/A, 50.38, 0|3, 57, N/A, 179.75, 100|4, 57, N/A, 44.95, 0|5, 59, N/A, 43.72, 0|6, 59, N/A, 174.04, 100|
00:04:26 0, 54, N/A, 40.82, 0|1, 51, N/A, 44.54, 0|2, 56, N/A, 50.45, 0|3, 57, N/A, 144.10, 100|4, 58, N/A, 45.47, 0|5, 60, N/A, 161.67, 100|6, 56, N/A, 46.67, 0|
00:04:28 0, 53, N/A, 39.87, 0|1, 51, N/A, 44.29, 0|2, 55, N/A, 48.97, 0|3, 54, N/A, 41.54, 0|4, 58, N/A, 45.72, 0|5, 60, N/A, 182.96, 100|6, 57, N/A, 46.92, 0|
00:04:30 0, 57, N/A, 165.04, 100|1, 50, N/A, 44.29, 0|2, 54, N/A, 48.72, 0|3, 53, N/A, 41.29, 0|4, 57, N/A, 44.73, 0|5, 57, N/A, 42.79, 0|6, 61, N/A, 175.90, 100|
00:04:32 0, 55, N/A, 41.34, 0|1, 56, N/A, 187.46, 100|2, 58, N/A, 155.81, 100|3, 53, N/A, 41.07, 0|4, 56, N/A, 44.51, 0|5, 57, N/A, 42.57, 0|6, 57, N/A, 46.94, 0|
00:04:34 0, 57, N/A, 161.09, 100|1, 51, N/A, 44.75, 0|2, 57, N/A, 50.65, 0|3, 57, N/A, 168.27, 100|4, 60, N/A, 196.78, 100|5, 57, N/A, 42.52, 0|6, 56, N/A, 46.64, 0|
00:04:36 0, 57, N/A, 144.18, 100|1, 52, N/A, 45.22, 0|2, 59, N/A, 202.61, 100|3, 54, N/A, 41.72, 0|4, 58, N/A, 45.90, 0|5, 61, N/A, 138.64, 100|6, 60, N/A, 198.01, 100|
00:04:38 0, 54, N/A, 41.07, 0|1, 52, N/A, 45.00, 0|2, 59, N/A, 170.42, 100|3, 54, N/A, 41.78, 0|4, 61, N/A, 147.14, 100|5, 57, N/A, 42.79, 0|6, 57, N/A, 47.16, 0|
00:04:40 0, 53, N/A, 35.66, 0|1, 51, N/A, 38.16, 0|2, 55, N/A, 49.46, 0|3, 55, N/A, 41.78, 0|4, 61, N/A, 188.48, 100|5, 58, N/A, 43.28, 0|6, 60, N/A, 199.25, 100|
00:04:42 0, 53, N/A, 35.42, 0|1, 50, N/A, 38.14, 0|2, 54, N/A, 41.59, 0|3, 53, N/A, 35.64, 0|4, 57, N/A, 44.73, 0|5, 58, N/A, 43.04, 0|6, 59, N/A, 196.57, 100|
00:04:44 0, 58, N/A, 166.97, 100|1, 54, N/A, 185.71, 100|2, 54, N/A, 41.31, 0|3, 53, N/A, 35.63, 0|4, 56, N/A, 38.34, 0|5, 57, N/A, 42.54, 0|6, 57, N/A, 47.65, 0|
00:04:46 0, 54, N/A, 40.82, 0|1, 52, N/A, 44.76, 0|2, 59, N/A, 200.69, 100|3, 56, N/A, 157.07, 100|4, 55, N/A, 38.12, 0|5, 56, N/A, 36.91, 0|6, 56, N/A, 40.06, 0|
00:04:48 0, 55, N/A, 41.56, 0|1, 54, N/A, 187.78, 100|2, 55, N/A, 49.43, 0|3, 55, N/A, 42.03, 0|4, 60, N/A, 169.73, 100|5, 59, N/A, 182.11, 100|6, 55, N/A, 39.79, 0|
00:04:51 0, 55, N/A, 41.53, 0|1, 54, N/A, 159.96, 100|2, 56, N/A, 50.16, 0|3, 56, N/A, 149.39, 100|4, 57, N/A, 44.95, 0|5, 58, N/A, 43.50, 0|6, 59, N/A, 181.87, 100|
00:04:53 0, 54, N/A, 40.82, 0|1, 51, N/A, 44.54, 0|2, 57, N/A, 50.67, 0|3, 57, N/A, 149.89, 100|4, 58, N/A, 45.72, 0|5, 60, N/A, 155.15, 100|6, 56, N/A, 46.64, 0|
00:04:55 0, 53, N/A, 40.82, 0|1, 51, N/A, 44.05, 0|2, 55, N/A, 49.22, 0|3, 54, N/A, 41.29, 0|4, 59, N/A, 45.97, 0|5, 60, N/A, 183.59, 100|6, 57, N/A, 47.17, 0|
00:04:57 0, 57, N/A, 173.61, 100|1, 50, N/A, 44.04, 0|2, 54, N/A, 48.94, 0|3, 53, N/A, 41.29, 0|4, 57, N/A, 44.73, 0|5, 57, N/A, 42.79, 0|6, 60, N/A, 191.91, 100|
00:04:59 0, 55, N/A, 41.56, 0|1, 55, N/A, 145.75, 100|2, 57, N/A, 196.89, 100|3, 53, N/A, 41.29, 0|4, 56, N/A, 44.51, 7|5, 57, N/A, 42.57, 0|6, 57, N/A, 46.91, 0|
00:05:01 0, 57, N/A, 175.70, 100|1, 51, N/A, 44.78, 0|2, 58, N/A, 51.89, 91|3, 56, N/A, 175.24, 61|4, 59, N/A, 146.56, 100|5, 56, N/A, 42.27, 0|6, 56, N/A, 46.64, 0|
00:05:03 0, 56, N/A, 172.99, 100|1, 52, N/A, 45.49, 6|2, 58, N/A, 186.20, 100|3, 54, N/A, 41.51, 8|4, 60, N/A, 47.40, 100|5, 59, N/A, 169.61, 0|6, 58, N/A, 174.79, 100|
00:05:05 0, 54, N/A, 41.07, 0|1, 53, N/A, 45.99, 0|2, 58, N/A, 166.99, 100|3, 55, N/A, 42.27, 0|4, 60, N/A, 164.34, 100|5, 57, N/A, 43.04, 0|6, 57, N/A, 47.90, 0|
00:05:07 0, 54, N/A, 40.82, 0|1, 51, N/A, 44.29, 0|2, 55, N/A, 49.70, 0|3, 55, N/A, 42.52, 27|4, 60, N/A, 187.00, 84|5, 59, N/A, 43.75, 0|6, 59, N/A, 196.57, 100|
00:05:09 0, 53, N/A, 40.60, 0|1, 51, N/A, 44.05, 0|2, 55, N/A, 48.97, 0|3, 54, N/A, 41.29, 0|4, 58, N/A, 45.23, 0|5, 60, N/A, 44.27, 12|6, 58, N/A, 192.43, 76|
00:05:11 0, 57, N/A, 141.42, 100|1, 52, N/A, 186.57, 42|2, 54, N/A, 48.69, 0|3, 53, N/A, 41.31, 0|4, 57, N/A, 44.51, 0|5, 57, N/A, 42.55, 0|6, 59, N/A, 48.64, 28|
00:05:13 0, 54, N/A, 41.09, 0|1, 54, N/A, 46.23, 42|2, 58, N/A, 193.59, 100|3, 53, N/A, 172.14, 8|4, 56, N/A, 44.49, 0|5, 57, N/A, 42.55, 0|6, 56, N/A, 46.92, 0|
00:05:16 0, 57, N/A, 48.17, 100|1, 51, N/A, 184.59, 0|2, 56, N/A, 48.94, 0|3, 57, N/A, 169.21, 100|4, 61, N/A, 186.75, 100|5, 56, N/A, 42.30, 0|6, 56, N/A, 46.67, 0|
00:05:18 0, 58, N/A, 141.42, 100|1, 52, N/A, 44.78, 0|2, 60, N/A, 168.79, 100|3, 54, N/A, 41.53, 0|4, 58, N/A, 45.47, 0|5, 61, N/A, 184.81, 100|6, 57, N/A, 48.12, 0|
00:05:20 0, 54, N/A, 40.82, 0|1, 52, N/A, 44.76, 0|2, 60, N/A, 201.04, 100|3, 54, N/A, 41.53, 0|4, 61, N/A, 187.00, 100|5, 57, N/A, 42.79, 0|6, 56, N/A, 46.91, 0|
00:05:22 0, 53, N/A, 40.82, 0|1, 51, N/A, 44.29, 0|2, 55, N/A, 49.19, 0|3, 54, N/A, 41.54, 0|4, 61, N/A, 154.39, 100|5, 58, N/A, 43.04, 0|6, 58, N/A, 48.64, 100|
00:05:24 0, 53, N/A, 40.58, 0|1, 50, N/A, 44.29, 0|2, 54, N/A, 47.96, 0|3, 53, N/A, 41.29, 0|4, 57, N/A, 44.73, 0|5, 58, N/A, 43.04, 0|6, 60, N/A, 171.61, 100|
00:05:26 0, 58, N/A, 176.77, 100|1, 55, N/A, 167.57, 100|2, 54, N/A, 47.71, 0|3, 53, N/A, 41.29, 0|4, 56, N/A, 44.49, 0|5, 57, N/A, 42.55, 0|6, 57, N/A, 47.41, 0|
00:05:28 0, 54, N/A, 40.85, 0|1, 52, N/A, 45.03, 0|2, 60, N/A, 200.44, 100|3, 56, N/A, 174.11, 100|4, 56, N/A, 44.51, 0|5, 56, N/A, 42.55, 0|6, 56, N/A, 46.67, 0|
00:05:30 0, 55, N/A, 41.31, 0|1, 54, N/A, 188.53, 100|2, 55, N/A, 48.47, 0|3, 55, N/A, 42.03, 0|4, 60, N/A, 198.35, 100|5, 59, N/A, 164.68, 100|6, 56, N/A, 46.43, 0|
00:05:32 0, 55, N/A, 41.81, 0|1, 54, N/A, 179.31, 100|2, 56, N/A, 50.66, 0|3, 56, N/A, 150.45, 100|4, 57, N/A, 44.98, 0|5, 59, N/A, 43.75, 0|6, 59, N/A, 206.18, 100|
00:05:34 0, 54, N/A, 40.82, 0|1, 52, N/A, 44.54, 0|2, 57, N/A, 51.43, 0|3, 57, N/A, 176.46, 100|4, 59, N/A, 45.96, 0|5, 60, N/A, 182.61, 100|6, 56, N/A, 46.92, 0|
00:05:36 0, 53, N/A, 35.68, 0|1, 51, N/A, 37.65, 0|2, 56, N/A, 49.22, 0|3, 54, N/A, 41.54, 0|4, 60, N/A, 46.95, 2|5, 59, N/A, 158.58, 9|6, 57, N/A, 47.41, 0|
00:05:38 0, 54, N/A, 125.08, 25|1, 51, N/A, 37.90, 6|2, 55, N/A, 41.83, 0|3, 54, N/A, 35.88, 8|4, 57, N/A, 44.98, 10|5, 58, N/A, 43.04, 10|6, 61, N/A, 195.59, 100|
00:05:40 0, 57, N/A, 43.06, 22|1, 55, N/A, 185.10, 68|2, 57, N/A, 180.72, 85|3, 53, N/A, 35.92, 0|4, 57, N/A, 38.63, 0|5, 57, N/A, 37.42, 0|6, 57, N/A, 46.94, 0|
00:05:43 0, 54, N/A, 41.10, 0|1, 52, N/A, 44.54, 0|2, 61, N/A, 201.80, 100|3, 57, N/A, 45.25, 100|4, 57, N/A, 129.90, 0|5, 57, N/A, 37.43, 0|6, 57, N/A, 40.58, 0|
00:05:45 0, 55, N/A, 41.34, 0|1, 56, N/A, 103.42, 100|2, 56, N/A, 135.46, 0|3, 55, N/A, 42.03, 0|4, 62, N/A, 155.00, 100|5, 61, N/A, 170.83, 100|6, 56, N/A, 40.06, 0|
00:05:47 0, 56, N/A, 41.56, 0|1, 57, N/A, 182.41, 100|2, 57, N/A, 50.68, 0|3, 58, N/A, 165.54, 100|4, 58, N/A, 45.22, 0|5, 59, N/A, 43.78, 0|6, 61, N/A, 199.49, 100|
00:05:49 0, 55, N/A, 41.32, 0|1, 53, N/A, 45.03, 0|2, 58, N/A, 51.19, 0|3, 58, N/A, 175.35, 100|4, 59, N/A, 45.97, 0|5, 62, N/A, 182.12, 100|6, 57, N/A, 47.41, 0|
00:05:51 0, 55, N/A, 41.10, 0|1, 52, N/A, 44.82, 0|2, 57, N/A, 49.96, 0|3, 55, N/A, 41.81, 0|4, 60, N/A, 46.48, 0|5, 62, N/A, 158.44, 100|6, 58, N/A, 47.69, 0|
00:05:53 0, 58, N/A, 157.30, 100|1, 52, N/A, 44.81, 0|2, 56, N/A, 49.98, 0|3, 55, N/A, 41.81, 0|4, 58, N/A, 45.50, 0|5, 59, N/A, 43.53, 0|6, 62, N/A, 194.49, 100|
00:05:55 0, 57, N/A, 42.32, 0|1, 57, N/A, 161.67, 100|2, 59, N/A, 189.67, 100|3, 54, N/A, 41.81, 0|4, 58, N/A, 45.49, 0|5, 58, N/A, 43.06, 0|6, 59, N/A, 47.93, 0|
00:05:57 0, 57, N/A, 171.89, 50|1, 53, N/A, 45.52, 6|2, 61, N/A, 63.69, 85|3, 57, N/A, 161.37, 9|4, 61, N/A, 181.99, 100|5, 58, N/A, 43.28, 0|6, 58, N/A, 47.63, 0|
00:05:59 0, 56, N/A, 70.45, 0|1, 55, N/A, 46.97, 16|2, 60, N/A, 193.22, 100|3, 56, N/A, 42.00, 0|4, 64, N/A, 191.16, 100|5, 60, N/A, 44.97, 12|6, 59, N/A, 192.52, 83|
00:06:01 0, 56, N/A, 41.56, 0|1, 56, N/A, 50.90, 93|2, 59, N/A, 192.35, 0|3, 57, N/A, 43.99, 100|4, 60, N/A, 180.89, 9|5, 59, N/A, 43.77, 0|6, 61, N/A, 50.33, 100|
00:06:03 0, 55, N/A, 41.31, 0|1, 53, N/A, 45.03, 0|2, 58, N/A, 50.94, 0|3, 59, N/A, 185.00, 100|4, 59, N/A, 45.96, 0|5, 63, N/A, 192.52, 100|6, 58, N/A, 47.65, 0|
00:06:05 0, 55, N/A, 41.10, 0|1, 52, N/A, 44.79, 0|2, 57, N/A, 50.20, 0|3, 55, N/A, 42.06, 0|4, 60, N/A, 46.48, 0|5, 62, N/A, 178.33, 100|6, 58, N/A, 47.69, 0|
00:06:08 0, 58, N/A, 170.41, 100|1, 52, N/A, 44.79, 0|2, 56, N/A, 50.20, 0|3, 55, N/A, 42.03, 0|4, 58, N/A, 45.48, 0|5, 59, N/A, 43.28, 0|6, 63, N/A, 196.58, 100|
00:06:10 0, 56, N/A, 42.08, 0|1, 57, N/A, 189.41, 100|2, 60, N/A, 201.29, 100|3, 54, N/A, 41.56, 0|4, 58, N/A, 45.25, 0|5, 58, N/A, 43.31, 0|6, 58, N/A, 47.68, 0|
00:06:12 0, 58, N/A, 178.26, 100|1, 53, N/A, 45.06, 0|2, 60, N/A, 53.15, 14|3, 58, N/A, 174.86, 18|4, 61, N/A, 151.24, 100|5, 58, N/A, 43.04, 0|6, 57, N/A, 47.41, 0|
00:06:14 0, 57, N/A, 150.64, 41|1, 54, N/A, 46.26, 0|2, 60, N/A, 176.76, 100|3, 55, N/A, 42.03, 9|4, 63, N/A, 174.76, 100|5, 60, N/A, 44.27, 0|6, 60, N/A, 198.88, 100|
00:06:16 0, 56, N/A, 41.59, 0|1, 55, N/A, 47.25, 45|2, 60, N/A, 200.56, 83|3, 57, N/A, 43.28, 65|4, 61, N/A, 188.34, 57|5, 59, N/A, 43.31, 8|6, 59, N/A, 49.38, 54|
00:06:18 0, 55, N/A, 41.34, 0|1, 53, N/A, 45.06, 0|2, 58, N/A, 50.97, 0|3, 59, N/A, 150.32, 100|4, 59, N/A, 46.00, 0|5, 62, N/A, 145.29, 100|6, 57, N/A, 82.94, 0|
00:06:20 0, 54, N/A, 41.12, 0|1, 52, N/A, 44.82, 0|2, 57, N/A, 50.23, 0|3, 55, N/A, 41.83, 0|4, 60, N/A, 46.02, 0|5, 62, N/A, 184.81, 100|6, 58, N/A, 47.72, 0|
00:06:22 0, 58, N/A, 171.86, 100|1, 51, N/A, 38.19, 0|2, 56, N/A, 49.99, 0|3, 54, N/A, 41.59, 0|4, 58, N/A, 45.53, 0|5, 58, N/A, 43.07, 0|6, 62, N/A, 164.21, 100|
00:06:24 0, 56, N/A, 42.10, 0|1, 57, N/A, 188.56, 100|2, 60, N/A, 198.12, 100|3, 54, N/A, 36.17, 0|4, 58, N/A, 45.03, 0|5, 58, N/A, 43.09, 0|6, 58, N/A, 47.47, 0|
00:06:26 0, 58, N/A, 175.68, 100|1, 52, N/A, 44.60, 0|2, 59, N/A, 53.19, 49|3, 57, N/A, 174.98, 92|4, 60, N/A, 183.05, 100|5, 57, N/A, 37.41, 0|6, 57, N/A, 47.19, 0|
00:06:28 0, 56, N/A, 143.72, 0|1, 54, N/A, 46.29, 7|2, 59, N/A, 164.57, 100|3, 55, N/A, 42.05, 0|4, 63, N/A, 190.30, 100|5, 60, N/A, 44.29, 3|6, 58, N/A, 180.41, 91|
00:06:30 0, 55, N/A, 41.61, 0|1, 55, N/A, 48.01, 100|2, 59, N/A, 198.86, 12|3, 57, N/A, 43.28, 100|4, 60, N/A, 186.65, 0|5, 59, N/A, 43.34, 0|6, 59, N/A, 49.65, 100|
00:06:33 0, 55, N/A, 41.10, 0|1, 52, N/A, 45.06, 0|2, 58, N/A, 50.94, 0|3, 59, N/A, 162.96, 100|4, 59, N/A, 45.72, 0|5, 62, N/A, 183.83, 100|6, 57, N/A, 47.17, 0|
00:06:35 0, 54, N/A, 41.10, 0|1, 52, N/A, 43.34, 0|2, 56, N/A, 49.96, 0|3, 55, N/A, 41.56, 0|4, 60, N/A, 46.24, 0|5, 61, N/A, 182.72, 100|6, 57, N/A, 47.44, 0|
00:06:37 0, 57, N/A, 146.43, 100|1, 51, N/A, 43.83, 0|2, 56, N/A, 49.74, 0|3, 54, N/A, 41.56, 0|4, 58, N/A, 45.50, 0|5, 58, N/A, 43.07, 0|6, 62, N/A, 195.21, 100|
00:06:39 0, 56, N/A, 42.10, 0|1, 56, N/A, 150.74, 100|2, 59, N/A, 200.20, 100|3, 54, N/A, 41.59, 8|4, 57, N/A, 45.28, 8|5, 58, N/A, 42.85, 0|6, 58, N/A, 47.47, 0|
00:06:41 0, 56, N/A, 165.39, 89|1, 52, N/A, 44.57, 7|2, 61, N/A, 144.29, 100|3, 56, N/A, 69.76, 11|4, 61, N/A, 162.60, 100|5, 57, N/A, 42.82, 0|6, 57, N/A, 47.19, 0|
00:06:43 0, 55, N/A, 41.34, 0|1, 54, N/A, 46.78, 7|2, 59, N/A, 199.10, 100|3, 55, N/A, 41.81, 0|4, 63, N/A, 189.08, 100|5, 60, N/A, 45.53, 100|6, 57, N/A, 157.50, 8|
00:06:45 0, 55, N/A, 41.83, 0|1, 56, N/A, 176.37, 100|2, 57, N/A, 50.68, 0|3, 58, N/A, 141.74, 100|4, 58, N/A, 45.47, 0|5, 59, N/A, 43.53, 0|6, 61, N/A, 182.25, 100|
00:06:47 0, 55, N/A, 41.10, 0|1, 52, N/A, 44.81, 0|2, 58, N/A, 51.19, 0|3, 58, N/A, 177.79, 100|4, 59, N/A, 45.99, 0|5, 61, N/A, 183.71, 100|6, 57, N/A, 47.17, 0|
00:06:49 0, 54, N/A, 41.10, 0|1, 52, N/A, 44.57, 0|2, 56, N/A, 49.96, 0|3, 55, N/A, 41.81, 0|4, 60, N/A, 46.48, 0|5, 61, N/A, 166.04, 100|6, 57, N/A, 47.69, 0|
00:06:51 0, 57, N/A, 175.18, 100|1, 51, N/A, 44.57, 14|2, 56, N/A, 49.46, 9|3, 54, N/A, 41.54, 0|4, 58, N/A, 45.47, 0|5, 58, N/A, 43.28, 0|6, 62, N/A, 201.94, 100|
00:06:53 0, 57, N/A, 42.81, 0|1, 56, N/A, 191.37, 84|2, 58, N/A, 190.05, 100|3, 54, N/A, 41.81, 0|4, 57, N/A, 45.00, 0|5, 58, N/A, 42.82, 0|6, 58, N/A, 47.68, 0|
00:06:55 0, 54, N/A, 41.10, 0|1, 52, N/A, 45.03, 0|2, 61, N/A, 201.91, 100|3, 57, N/A, 53.83, 100|4, 57, N/A, 171.78, 0|5, 57, N/A, 43.31, 0|6, 57, N/A, 46.92, 0|
00:06:58 0, 55, N/A, 41.31, 0|1, 56, N/A, 150.74, 100|2, 56, N/A, 50.19, 0|3, 55, N/A, 42.03, 0|4, 63, N/A, 167.52, 100|5, 61, N/A, 184.32, 100|6, 56, N/A, 46.18, 0|
00:07:00 0, 56, N/A, 41.78, 0|1, 56, N/A, 189.38, 100|2, 57, N/A, 51.15, 0|3, 57, N/A, 174.73, 100|4, 58, N/A, 45.44, 0|5, 59, N/A, 43.75, 0|6, 60, N/A, 150.55, 100|
00:07:02 0, 54, N/A, 41.07, 0|1, 52, N/A, 44.79, 0|2, 58, N/A, 51.92, 0|3, 58, N/A, 173.52, 100|4, 60, N/A, 46.70, 0|5, 61, N/A, 183.59, 100|6, 57, N/A, 47.17, 0|
00:07:04 0, 54, N/A, 41.10, 0|1, 52, N/A, 44.54, 0|2, 56, N/A, 49.95, 0|3, 55, N/A, 41.78, 0|4, 61, N/A, 47.93, 63|5, 59, N/A, 180.51, 44|6, 58, N/A, 47.91, 0|
00:07:06 0, 54, N/A, 39.87, 0|1, 51, N/A, 44.32, 0|2, 56, N/A, 49.47, 0|3, 54, N/A, 41.56, 0|4, 58, N/A, 45.25, 0|5, 58, N/A, 43.31, 0|6, 61, N/A, 199.63, 59|
00:07:08 0, 59, N/A, 154.67, 100|1, 55, N/A, 184.35, 100|2, 55, N/A, 49.46, 0|3, 54, N/A, 41.56, 0|4, 57, N/A, 45.01, 0|5, 58, N/A, 42.82, 0|6, 58, N/A, 47.93, 0|
00:07:10 0, 54, N/A, 41.10, 0|1, 53, N/A, 45.03, 0|2, 61, N/A, 203.13, 100|3, 57, N/A, 175.84, 100|4, 57, N/A, 44.76, 0|5, 57, N/A, 42.55, 0|6, 57, N/A, 47.17, 0|
00:07:12 0, 56, N/A, 42.05, 0|1, 54, N/A, 182.01, 100|2, 57, N/A, 50.17, 0|3, 56, N/A, 42.76, 0|4, 62, N/A, 161.50, 100|5, 60, N/A, 183.59, 100|6, 56, N/A, 45.94, 0|
00:07:14 0, 57, N/A, 42.52, 62|1, 55, N/A, 188.40, 100|2, 58, N/A, 52.38, 0|3, 57, N/A, 175.22, 78|4, 58, N/A, 45.69, 0|5, 61, N/A, 45.47, 84|6, 58, N/A, 181.38, 20|
00:07:16 0, 55, N/A, 41.07, 0|1, 53, N/A, 45.00, 0|2, 61, N/A, 173.61, 100|3, 55, N/A, 41.78, 0|4, 63, N/A, 186.51, 100|5, 58, N/A, 43.04, 0|6, 57, N/A, 47.16, 0|
00:07:18 0, 54, N/A, 35.68, 0|1, 51, N/A, 37.90, 0|2, 56, N/A, 49.95, 0|3, 55, N/A, 41.78, 0|4, 62, N/A, 177.79, 100|5, 58, N/A, 43.28, 0|6, 59, N/A, 49.62, 87|
00:07:20 0, 53, N/A, 35.44, 0|1, 51, N/A, 37.90, 0|2, 55, N/A, 42.33, 0|3, 54, N/A, 35.88, 0|4, 58, N/A, 45.48, 0|5, 59, N/A, 43.53, 0|6, 60, N/A, 196.09, 100|
00:07:23 0, 59, N/A, 169.05, 100|1, 54, N/A, 143.86, 100|2, 55, N/A, 42.08, 0|3, 53, N/A, 35.90, 0|4, 57, N/A, 38.61, 0|5, 57, N/A, 36.91, 0|6, 58, N/A, 47.65, 0|
00:07:25 0, 55, N/A, 41.10, 0|1, 54, N/A, 45.53, 0|2, 60, N/A, 197.99, 100|3, 54, N/A, 117.64, 0|4, 57, N/A, 38.37, 0|5, 57, N/A, 37.16, 0|6, 57, N/A, 46.21, 0|
00:07:27 0, 58, N/A, 151.64, 100|1, 52, N/A, 44.29, 0|2, 57, N/A, 50.68, 0|3, 59, N/A, 172.30, 100|4, 61, N/A, 188.46, 100|5, 56, N/A, 37.13, 0|6, 56, N/A, 45.93, 0|
00:07:29 0, 58, N/A, 170.79, 100|1, 52, N/A, 44.50, 0|2, 60, N/A, 188.65, 100|3, 54, N/A, 41.48, 0|4, 59, N/A, 46.39, 0|5, 61, N/A, 170.09, 100|6, 60, N/A, 193.48, 100|
00:07:31 0, 55, N/A, 41.07, 0|1, 53, N/A, 45.00, 0|2, 60, N/A, 202.76, 100|3, 55, N/A, 42.27, 0|4, 62, N/A, 189.20, 100|5, 58, N/A, 43.28, 0|6, 57, N/A, 47.65, 0|
00:07:33 0, 54, N/A, 40.82, 0|1, 52, N/A, 44.04, 0|2, 57, N/A, 50.17, 0|3, 56, N/A, 42.76, 0|4, 61, N/A, 165.58, 100|5, 59, N/A, 44.02, 0|6, 60, N/A, 194.61, 100|
00:07:35 0, 53, N/A, 40.60, 0|1, 51, N/A, 43.80, 0|2, 56, N/A, 49.46, 0|3, 54, N/A, 41.54, 0|4, 59, N/A, 45.50, 0|5, 62, N/A, 124.36, 100|6, 57, N/A, 84.37, 0|
00:07:37 0, 58, N/A, 177.52, 100|1, 51, N/A, 43.83, 0|2, 55, N/A, 49.46, 0|3, 54, N/A, 41.54, 0|4, 57, N/A, 44.98, 0|5, 58, N/A, 42.79, 0|6, 62, N/A, 198.05, 100|
00:07:39 0, 55, N/A, 41.58, 0|1, 56, N/A, 191.34, 100|2, 59, N/A, 190.30, 100|3, 53, N/A, 41.31, 0|4, 57, N/A, 44.76, 0|5, 57, N/A, 42.82, 0|6, 57, N/A, 47.19, 0|
00:07:41 0, 57, N/A, 176.92, 100|1, 52, N/A, 44.78, 0|2, 59, N/A, 52.17, 100|3, 57, N/A, 171.57, 27|4, 60, N/A, 183.94, 100|5, 57, N/A, 42.52, 0|6, 57, N/A, 46.89, 0|
00:07:43 0, 55, N/A, 42.05, 0|1, 54, N/A, 46.23, 0|2, 59, N/A, 163.14, 100|3, 54, N/A, 41.75, 0|4, 62, N/A, 190.05, 100|5, 59, N/A, 44.48, 100|6, 58, N/A, 190.18, 12|
00:07:45 0, 55, N/A, 41.31, 0|1, 56, N/A, 185.94, 100|2, 57, N/A, 50.41, 0|3, 58, N/A, 141.16, 100|4, 58, N/A, 45.22, 0|5, 58, N/A, 43.26, 0|6, 61, N/A, 196.44, 100|
00:07:48 0, 54, N/A, 41.07, 0|1, 52, N/A, 44.79, 0|2, 57, N/A, 50.94, 0|3, 57, N/A, 156.58, 100|4, 59, N/A, 45.72, 0|5, 61, N/A, 182.93, 100|6, 57, N/A, 46.92, 0|
00:07:50 0, 54, N/A, 40.85, 0|1, 51, N/A, 44.57, 0|2, 56, N/A, 49.71, 0|3, 54, N/A, 41.78, 0|4, 60, N/A, 46.73, 0|5, 60, N/A, 182.73, 100|6, 57, N/A, 47.17, 0|
00:07:52 0, 54, N/A, 139.23, 0|1, 51, N/A, 44.57, 0|2, 55, N/A, 48.48, 4|3, 54, N/A, 41.81, 11|4, 57, N/A, 45.50, 0|5, 58, N/A, 43.28, 0|6, 61, N/A, 189.59, 100|
00:07:54 0, 59, N/A, 156.40, 100|1, 55, N/A, 179.57, 100|2, 55, N/A, 48.23, 0|3, 54, N/A, 41.32, 0|4, 57, N/A, 45.01, 0|5, 57, N/A, 42.85, 0|6, 58, N/A, 47.44, 0|
00:07:56 0, 54, N/A, 41.12, 0|1, 52, N/A, 45.31, 0|2, 61, N/A, 204.00, 100|3, 57, N/A, 175.46, 100|4, 57, N/A, 44.79, 0|5, 57, N/A, 42.60, 0|6, 57, N/A, 46.97, 0|
00:07:58 0, 56, N/A, 41.58, 0|1, 54, N/A, 187.53, 100|2, 56, N/A, 49.45, 0|3, 56, N/A, 42.76, 0|4, 62, N/A, 174.64, 100|5, 60, N/A, 183.92, 100|6, 56, N/A, 46.67, 0|
00:08:00 0, 57, N/A, 43.53, 100|1, 53, N/A, 177.85, 11|2, 59, N/A, 52.91, 100|3, 55, N/A, 143.20, 0|4, 58, N/A, 45.72, 0|5, 62, N/A, 174.39, 100|6, 57, N/A, 47.90, 0|
00:08:02 0, 54, N/A, 41.09, 0|1, 53, N/A, 45.03, 0|2, 61, N/A, 201.91, 100|3, 55, N/A, 41.81, 0|4, 62, N/A, 189.21, 100|5, 58, N/A, 42.82, 0|6, 57, N/A, 47.19, 0|
00:08:04 0, 54, N/A, 35.68, 0|1, 52, N/A, 38.41, 0|2, 57, N/A, 50.20, 0|3, 55, N/A, 42.30, 0|4, 62, N/A, 190.43, 100|5, 59, N/A, 43.53, 0|6, 61, N/A, 198.54, 100|
00:08:06 0, 54, N/A, 35.71, 0|1, 51, N/A, 38.19, 0|2, 56, N/A, 42.38, 0|3, 54, N/A, 36.18, 0|4, 59, N/A, 45.53, 0|5, 60, N/A, 44.06, 0|6, 60, N/A, 196.58, 100|
00:08:08 0, 58, N/A, 152.58, 100|1, 52, N/A, 134.98, 37|2, 56, N/A, 42.35, 0|3, 54, N/A, 36.18, 0|4, 58, N/A, 39.13, 0|5, 58, N/A, 43.34, 0|6, 61, N/A, 50.42, 58|
00:08:10 0, 56, N/A, 41.61, 0|1, 56, N/A, 182.91, 100|2, 60, N/A, 197.05, 100|3, 54, N/A, 35.93, 0|4, 57, N/A, 38.88, 0|5, 58, N/A, 37.43, 0|6, 58, N/A, 47.47, 0|
00:08:13 0, 58, N/A, 136.38, 100|1, 52, N/A, 44.60, 0|2, 59, N/A, 51.96, 0|3, 58, N/A, 176.20, 100|4, 61, N/A, 187.62, 100|5, 57, N/A, 37.16, 0|6, 57, N/A, 47.19, 0|
00:08:15 0, 57, N/A, 137.01, 0|1, 54, N/A, 45.80, 8|2, 60, N/A, 157.62, 100|3, 55, N/A, 42.05, 0|4, 64, N/A, 157.92, 100|5, 60, N/A, 44.02, 11|6, 60, N/A, 197.79, 100|
00:08:17 0, 56, N/A, 41.37, 0|1, 57, N/A, 124.49, 100|2, 58, N/A, 106.87, 0|3, 58, N/A, 44.76, 100|4, 59, N/A, 166.91, 0|5, 59, N/A, 43.58, 0|6, 61, N/A, 57.03, 93|
00:08:19 0, 55, N/A, 41.12, 0|1, 52, N/A, 44.35, 0|2, 58, N/A, 51.25, 0|3, 59, N/A, 176.69, 100|4, 59, N/A, 46.00, 0|5, 62, N/A, 183.83, 100|6, 58, N/A, 47.19, 0|
00:08:21 0, 54, N/A, 41.15, 0|1, 52, N/A, 43.86, 0|2, 57, N/A, 50.27, 0|3, 55, N/A, 41.84, 0|4, 61, N/A, 47.26, 0|5, 61, N/A, 182.97, 100|6, 58, N/A, 47.96, 0|
00:08:23 0, 55, N/A, 135.23, 0|1, 52, N/A, 43.83, 8|2, 56, N/A, 50.23, 0|3, 54, N/A, 42.08, 0|4, 59, N/A, 45.78, 0|5, 59, N/A, 43.09, 0|6, 62, N/A, 171.97, 100|
00:08:25 0, 59, N/A, 176.01, 100|1, 56, N/A, 183.00, 100|2, 56, N/A, 48.76, 0|3, 54, N/A, 41.59, 0|4, 58, N/A, 45.28, 0|5, 58, N/A, 43.09, 0|6, 59, N/A, 48.21, 0|
00:08:27 0, 55, N/A, 41.12, 0|1, 53, N/A, 45.31, 0|2, 61, N/A, 199.35, 100|3, 57, N/A, 167.86, 100|4, 57, N/A, 45.04, 0|5, 57, N/A, 42.85, 0|6, 58, N/A, 47.47, 0|
00:08:29 0, 56, N/A, 42.35, 0|1, 55, N/A, 185.07, 100|2, 57, N/A, 49.99, 0|3, 57, N/A, 43.28, 0|4, 63, N/A, 190.56, 100|5, 59, N/A, 175.72, 31|6, 57, N/A, 45.97, 0|
00:08:31 0, 59, N/A, 171.51, 100|1, 53, N/A, 45.06, 0|2, 61, N/A, 172.49, 100|3, 54, N/A, 41.81, 0|4, 59, N/A, 45.99, 0|5, 63, N/A, 185.04, 100|6, 59, N/A, 48.67, 0|
00:08:33 0, 55, N/A, 41.12, 0|1, 53, N/A, 45.31, 0|2, 61, N/A, 170.15, 100|3, 55, N/A, 42.08, 0|4, 62, N/A, 151.16, 100|5, 58, N/A, 43.09, 0|6, 58, N/A, 47.96, 0|
00:08:35 0, 54, N/A, 40.38, 0|1, 52, N/A, 44.84, 0|2, 57, N/A, 50.49, 0|3, 56, N/A, 42.33, 0|4, 62, N/A, 147.33, 100|5, 59, N/A, 43.83, 0|6, 60, N/A, 193.12, 100|
00:08:37 0, 54, N/A, 39.89, 0|1, 51, N/A, 44.60, 0|2, 56, N/A, 49.74, 0|3, 54, N/A, 41.59, 0|4, 59, N/A, 45.78, 0|5, 61, N/A, 45.31, 100|6, 59, N/A, 198.78, 3|
00:08:40 0, 58, N/A, 177.99, 100|1, 51, N/A, 44.60, 0|2, 56, N/A, 48.78, 0|3, 54, N/A, 41.59, 0|4, 58, N/A, 45.28, 0|5, 58, N/A, 43.10, 0|6, 62, N/A, 198.78, 100|
00:08:42 0, 55, N/A, 41.86, 0|1, 57, N/A, 190.52, 100|2, 60, N/A, 198.76, 100|3, 54, N/A, 41.59, 0|4, 57, N/A, 45.28, 0|5, 57, N/A, 42.85, 0|6, 58, N/A, 47.47, 0|
00:08:44 0, 57, N/A, 176.65, 100|1, 52, N/A, 45.06, 8|2, 61, N/A, 58.81, 100|3, 56, N/A, 166.04, 14|4, 60, N/A, 180.51, 100|5, 57, N/A, 42.82, 0|6, 57, N/A, 45.72, 0|
00:08:46 0, 55, N/A, 41.34, 0|1, 55, N/A, 47.03, 73|2, 59, N/A, 197.62, 0|3, 55, N/A, 42.05, 0|4, 63, N/A, 153.51, 100|5, 61, N/A, 156.47, 100|6, 56, N/A, 40.56, 0|
00:08:48 0, 56, N/A, 41.56, 0|1, 56, N/A, 189.51, 100|2, 58, N/A, 50.90, 0|3, 58, N/A, 176.70, 100|4, 58, N/A, 45.47, 0|5, 59, N/A, 43.77, 0|6, 60, N/A, 201.32, 100|
00:08:50 0, 54, N/A, 35.44, 0|1, 52, N/A, 45.03, 0|2, 59, N/A, 52.42, 0|3, 58, N/A, 177.92, 100|4, 60, N/A, 46.95, 0|5, 61, N/A, 184.08, 100|6, 57, N/A, 47.17, 0|
00:08:52 0, 54, N/A, 35.68, 0|1, 51, N/A, 38.17, 0|2, 57, N/A, 49.96, 0|3, 55, N/A, 41.81, 0|4, 63, N/A, 189.82, 100|5, 58, N/A, 43.31, 0|6, 58, N/A, 48.42, 0|
00:08:54 0, 53, N/A, 35.46, 0|1, 51, N/A, 38.19, 0|2, 56, N/A, 42.11, 0|3, 54, N/A, 35.93, 0|4, 58, N/A, 45.53, 0|5, 59, N/A, 43.58, 0|6, 61, N/A, 200.13, 100|
00:08:56 0, 55, N/A, 42.11, 0|1, 54, N/A, 186.71, 100|2, 55, N/A, 42.11, 0|3, 54, N/A, 35.95, 0|4, 57, N/A, 38.91, 0|5, 58, N/A, 37.45, 0|6, 59, N/A, 48.70, 0|
00:08:58 0, 54, N/A, 41.37, 0|1, 52, N/A, 44.57, 0|2, 60, N/A, 181.59, 100|3, 54, N/A, 105.51, 0|4, 57, N/A, 38.66, 0|5, 57, N/A, 37.18, 0|6, 57, N/A, 47.47, 0|
00:09:00 0, 53, N/A, 41.15, 0|1, 51, N/A, 44.35, 0|2, 56, N/A, 50.02, 0|3, 54, N/A, 41.59, 0|4, 61, N/A, 151.93, 100|5, 57, N/A, 37.21, 0|6, 57, N/A, 47.22, 0|
00:09:03 0, 53, N/A, 41.12, 0|1, 51, N/A, 44.11, 0|2, 55, N/A, 49.75, 0|3, 54, N/A, 41.35, 0|4, 57, N/A, 45.04, 0|5, 58, N/A, 43.59, 0|6, 60, N/A, 172.54, 100|
00:09:05 0, 57, N/A, 178.98, 100|1, 50, N/A, 44.11, 0|2, 55, N/A, 49.75, 0|3, 53, N/A, 41.35, 0|4, 57, N/A, 44.79, 0|5, 57, N/A, 42.85, 0|6, 57, N/A, 47.22, 0|
00:09:07 0, 53, N/A, 41.12, 0|1, 52, N/A, 44.82, 0|2, 59, N/A, 204.04, 100|3, 53, N/A, 41.35, 0|4, 57, N/A, 44.54, 0|5, 57, N/A, 42.36, 0|6, 57, N/A, 46.98, 0|
00:09:09 0, 53, N/A, 41.12, 0|1, 51, N/A, 44.11, 0|2, 55, N/A, 50.02, 0|3, 55, N/A, 42.58, 60|4, 59, N/A, 186.03, 42|5, 56, N/A, 42.60, 0|6, 56, N/A, 46.73, 0|
00:09:11 0, 52, N/A, 40.66, 0|1, 50, N/A, 44.11, 0|2, 55, N/A, 49.53, 0|3, 53, N/A, 41.10, 0|4, 57, N/A, 45.29, 0|5, 61, N/A, 184.20, 100|6, 56, N/A, 46.73, 0|
00:09:13 0, 53, N/A, 41.62, 0|1, 50, N/A, 47.52, 16|2, 55, N/A, 92.73, 0|3, 53, N/A, 155.49, 0|4, 56, N/A, 44.54, 0|5, 57, N/A, 42.60, 0|6, 57, N/A, 47.72, 34|
00:09:15 0, 53, N/A, 41.12, 16|1, 50, N/A, 44.35, 14|2, 55, N/A, 50.02, 19|3, 53, N/A, 42.08, 15|4, 57, N/A, 52.18, 19|5, 57, N/A, 85.56, 16|6, 57, N/A, 171.09, 32|
00:09:17 0, 54, N/A, 106.69, 16|1, 50, N/A, 131.14, 0|2, 55, N/A, 49.75, 19|3, 53, N/A, 41.35, 15|4, 57, N/A, 45.04, 19|5, 57, N/A, 42.85, 16|6, 57, N/A, 49.69, 32|
00:09:19 0, 53, N/A, 41.37, 16|1, 50, N/A, 44.35, 3|2, 55, N/A, 52.95, 19|3, 53, N/A, 53.62, 15|4, 57, N/A, 181.82, 10|5, 57, N/A, 75.69, 16|6, 57, N/A, 47.47, 32|
00:09:21 0, 53, N/A, 41.12, 16|1, 50, N/A, 43.86, 2|2, 54, N/A, 49.53, 19|3, 53, N/A, 41.35, 15|4, 57, N/A, 44.79, 19|5, 57, N/A, 43.10, 16|6, 58, N/A, 84.23, 29|
00:09:23 0, 53, N/A, 42.11, 16|1, 50, N/A, 48.51, 0|2, 55, N/A, 98.15, 19|3, 53, N/A, 146.74, 15|4, 56, N/A, 44.54, 19|5, 56, N/A, 42.60, 16|6, 57, N/A, 47.72, 32|
00:09:25 0, 52, N/A, 41.15, 16|1, 50, N/A, 43.86, 0|2, 54, N/A, 49.53, 19|3, 53, N/A, 41.59, 15|4, 56, N/A, 46.02, 11|5, 57, N/A, 51.22, 7|6, 58, N/A, 201.71, 16|
00:09:27 0, 53, N/A, 53.43, 16|1, 50, N/A, 104.97, 6|2, 54, N/A, 147.52, 19|3, 52, N/A, 41.10, 15|4, 56, N/A, 44.54, 19|5, 56, N/A, 42.60, 16|6, 57, N/A, 48.21, 25|
00:09:30 0, 53, N/A, 40.88, 16|1, 50, N/A, 44.11, 0|2, 55, N/A, 50.24, 19|3, 53, N/A, 43.81, 15|4, 57, N/A, 70.35, 1|5, 56, N/A, 172.67, 0|6, 57, N/A, 55.53, 32|
00:09:32 0, 53, N/A, 94.89, 16|1, 50, N/A, 44.11, 14|2, 54, N/A, 49.75, 19|3, 53, N/A, 41.35, 15|4, 56, N/A, 44.54, 7|5, 57, N/A, 43.10, 1|6, 58, N/A, 54.85, 9|
00:09:34 0, 54, N/A, 48.51, 10|1, 50, N/A, 79.21, 14|2, 54, N/A, 174.65, 0|3, 53, N/A, 41.37, 0|4, 56, N/A, 44.57, 19|5, 57, N/A, 42.63, 16|6, 57, N/A, 40.85, 4|
00:09:36 0, 53, N/A, 41.15, 0|1, 50, N/A, 38.69, 16|2, 55, N/A, 59.14, 6|3, 53, N/A, 82.60, 12|4, 57, N/A, 154.88, 19|5, 57, N/A, 42.85, 16|6, 57, N/A, 40.61, 34|
00:09:38 0, 53, N/A, 35.46, 17|1, 50, N/A, 38.19, 6|2, 55, N/A, 51.25, 19|3, 54, N/A, 47.25, 15|4, 57, N/A, 108.79, 12|5, 57, N/A, 140.24, 5|6, 57, N/A, 40.34, 34|
00:09:40 0, 52, N/A, 35.48, 17|1, 50, N/A, 38.21, 16|2, 55, N/A, 43.61, 0|3, 53, N/A, 46.02, 0|4, 57, N/A, 179.30, 18|5, 57, N/A, 74.05, 16|6, 57, N/A, 40.61, 31|
00:09:42 0, 53, N/A, 35.97, 17|1, 50, N/A, 40.66, 0|2, 55, N/A, 62.30, 21|3, 52, N/A, 127.86, 16|4, 56, N/A, 56.61, 0|5, 56, N/A, 37.21, 17|6, 57, N/A, 40.61, 33|
00:09:44 0, 53, N/A, 95.39, 9|1, 50, N/A, 97.11, 15|2, 54, N/A, 41.40, 21|3, 53, N/A, 35.71, 16|4, 56, N/A, 38.42, 21|5, 57, N/A, 37.21, 17|6, 57, N/A, 42.09, 34|
00:09:46 0, 52, N/A, 35.24, 0|1, 50, N/A, 37.97, 16|2, 54, N/A, 41.40, 3|3, 53, N/A, 35.71, 0|4, 56, N/A, 39.15, 19|5, 57, N/A, 42.11, 17|6, 58, N/A, 157.23, 33|
00:09:48 0, 52, N/A, 35.48, 17|1, 50, N/A, 38.19, 0|2, 54, N/A, 44.85, 14|3, 53, N/A, 52.67, 0|4, 56, N/A, 137.06, 8|5, 56, N/A, 37.21, 9|6, 57, N/A, 40.61, 19|
00:09:50 0, 53, N/A, 51.96, 17|1, 50, N/A, 126.37, 0|2, 54, N/A, 76.80, 21|3, 52, N/A, 35.71, 16|4, 56, N/A, 38.44, 19|5, 56, N/A, 37.21, 16|6, 57, N/A, 41.10, 25|
00:09:52 0, 52, N/A, 35.48, 17|1, 50, N/A, 37.95, 16|2, 54, N/A, 41.40, 21|3, 52, N/A, 35.71, 16|4, 56, N/A, 38.42, 21|5, 57, N/A, 38.44, 17|6, 58, N/A, 151.68, 34|
00:09:55 0, 52, N/A, 35.48, 7|1, 50, N/A, 37.97, 16|2, 54, N/A, 42.38, 0|3, 53, N/A, 40.39, 6|4, 56, N/A, 100.51, 21|5, 56, N/A, 96.87, 17|6, 57, N/A, 40.61, 34|
00:09:57 0, 53, N/A, 38.69, 17|1, 50, N/A, 57.87, 15|2, 54, N/A, 140.65, 0|3, 52, N/A, 35.71, 0|4, 56, N/A, 38.17, 21|5, 56, N/A, 37.21, 17|6, 58, N/A, 40.85, 1|
00:09:59 0, 52, N/A, 35.48, 17|1, 50, N/A, 37.95, 5|2, 54, N/A, 41.40, 21|3, 53, N/A, 35.71, 16|4, 56, N/A, 38.17, 13|5, 56, N/A, 37.45, 3|6, 58, N/A, 56.82, 13|
00:10:01 0, 52, N/A, 35.48, 17|1, 50, N/A, 37.95, 16|2, 54, N/A, 41.89, 21|3, 53, N/A, 36.44, 16|4, 56, N/A, 47.50, 21|5, 56, N/A, 105.90, 13|6, 57, N/A, 99.89, 34|
00:10:03 0, 52, N/A, 35.73, 0|1, 50, N/A, 40.16, 16|2, 54, N/A, 69.90, 8|3, 52, N/A, 120.99, 16|4, 56, N/A, 38.17, 21|5, 56, N/A, 37.21, 17|6, 57, N/A, 40.61, 34|
00:10:05 0, 52, N/A, 132.12, 5|1, 50, N/A, 49.03, 15|2, 54, N/A, 41.40, 0|3, 52, N/A, 35.71, 5|4, 56, N/A, 38.17, 21|5, 56, N/A, 37.21, 17|6, 58, N/A, 43.56, 5|
00:10:07 0, 52, N/A, 35.48, 17|1, 50, N/A, 37.97, 3|2, 54, N/A, 41.40, 21|3, 53, N/A, 35.71, 16|4, 56, N/A, 39.65, 0|5, 57, N/A, 47.53, 0|6, 58, N/A, 154.62, 0|
00:10:09 0, 52, N/A, 35.48, 17|1, 50, N/A, 38.44, 15|2, 54, N/A, 47.56, 21|3, 53, N/A, 70.06, 16|4, 55, N/A, 120.27, 21|5, 56, N/A, 37.21, 17|6, 57, N/A, 40.61, 34|
00:10:11 0, 53, N/A, 76.06, 0|1, 50, N/A, 109.83, 16|2, 54, N/A, 41.40, 17|3, 52, N/A, 35.71, 16|4, 56, N/A, 38.42, 21|5, 56, N/A, 37.21, 17|6, 58, N/A, 41.84, 34|
00:10:13 0, 52, N/A, 35.24, 17|1, 50, N/A, 37.95, 16|2, 54, N/A, 41.40, 14|3, 52, N/A, 35.71, 0|4, 56, N/A, 38.66, 7|5, 57, N/A, 39.92, 9|6, 58, N/A, 154.78, 14|
00:10:15 0, 52, N/A, 35.24, 17|1, 50, N/A, 37.95, 0|2, 54, N/A, 42.87, 21|3, 53, N/A, 43.07, 5|4, 56, N/A, 137.37, 0|5, 56, N/A, 86.79, 0|6, 58, N/A, 40.61, 5|
00:10:17 0, 52, N/A, 39.18, 17|1, 50, N/A, 60.09, 0|2, 53, N/A, 136.57, 21|3, 52, N/A, 35.46, 16|4, 56, N/A, 38.17, 21|5, 56, N/A, 37.21, 17|6, 58, N/A, 41.10, 34|
00:10:20 0, 52, N/A, 35.24, 7|1, 50, N/A, 37.95, 16|2, 54, N/A, 41.40, 21|3, 52, N/A, 35.71, 16|4, 56, N/A, 38.42, 21|5, 56, N/A, 37.46, 17|6, 58, N/A, 66.62, 34|
00:10:22 0, 52, N/A, 35.48, 17|1, 50, N/A, 37.95, 16|2, 54, N/A, 41.64, 0|3, 53, N/A, 36.69, 0|4, 56, N/A, 51.44, 15|5, 57, N/A, 139.18, 17|6, 58, N/A, 71.25, 31|
00:10:24 0, 53, N/A, 35.97, 17|1, 50, N/A, 42.38, 5|2, 54, N/A, 102.53, 7|3, 52, N/A, 96.50, 0|4, 55, N/A, 38.17, 5|5, 56, N/A, 37.19, 16|6, 58, N/A, 40.83, 13|
00:10:26 0, 53, N/A, 117.39, 17|1, 50, N/A, 37.95, 0|2, 53, N/A, 41.40, 21|3, 52, N/A, 35.71, 16|4, 55, N/A, 38.17, 21|5, 56, N/A, 37.21, 11|6, 58, N/A, 45.50, 22|
00:10:28 0, 52, N/A, 35.48, 17|1, 50, N/A, 37.95, 15|2, 54, N/A, 41.40, 21|3, 52, N/A, 35.71, 16|4, 56, N/A, 40.14, 21|5, 57, N/A, 51.96, 17|6, 58, N/A, 154.04, 34|
00:10:30 0, 52, N/A, 35.48, 3|1, 50, N/A, 38.69, 16|2, 54, N/A, 51.72, 0|3, 52, N/A, 90.90, 6|4, 55, N/A, 98.03, 21|5, 56, N/A, 37.21, 17|6, 58, N/A, 41.10, 34|
00:10:32 0, 52, N/A, 35.24, 0|1, 49, N/A, 37.70, 0|2, 53, N/A, 40.91, 0|3, 52, N/A, 35.22, 0|4, 55, N/A, 37.68, 0|5, 56, N/A, 36.72, 0|6, 57, N/A, 40.12, 0|
00:10:34 0, 52, N/A, 34.99, 0|1, 49, N/A, 37.70, 0|2, 53, N/A, 40.91, 0|3, 52, N/A, 35.46, 0|4, 55, N/A, 37.43, 0|5, 56, N/A, 36.72, 0|6, 57, N/A, 40.12, 0|
00:10:36 0, 52, N/A, 35.22, 0|1, 49, N/A, 42.60, 0|2, 53, N/A, 40.39, 39|3, 51, N/A, 35.93, 0|4, 54, N/A, 37.41, 0|5, 55, N/A, 36.69, 0|6, 57, N/A, 40.09, 0|
00:10:38 0, 52, N/A, 34.99, 0|1, 49, N/A, 42.60, 0|2, 53, N/A, 45.81, 0|3, 52, N/A, 38.64, 0|4, 55, N/A, 43.32, 0|5, 55, N/A, 38.91, 0|6, 57, N/A, 46.00, 35|
00:10:40 0, 52, N/A, 40.63, 0|1, 51, N/A, 44.79, 95|2, 54, N/A, 151.02, 0|3, 52, N/A, 35.44, 0|4, 54, N/A, 38.15, 0|5, 55, N/A, 38.91, 0|6, 57, N/A, 46.97, 0|
00:10:42 0, 52, N/A, 40.12, 0|1, 49, N/A, 43.09, 0|2, 53, N/A, 47.50, 0|3, 52, N/A, 40.33, 0|4, 55, N/A, 44.27, 0|5, 58, N/A, 165.54, 100|6, 56, N/A, 40.06, 0|
00:10:45 0, 52, N/A, 46.76, 17|1, 50, N/A, 76.98, 9|2, 54, N/A, 163.29, 18|3, 52, N/A, 61.42, 9|4, 55, N/A, 44.27, 11|5, 56, N/A, 42.58, 10|6, 58, N/A, 49.16, 29|
00:10:47 0, 54, N/A, 140.15, 100|1, 50, N/A, 44.11, 0|2, 53, N/A, 48.79, 0|3, 52, N/A, 40.85, 0|4, 55, N/A, 44.30, 0|5, 56, N/A, 42.36, 0|6, 58, N/A, 47.47, 0|
00:10:49 0, 55, N/A, 189.28, 5|1, 51, N/A, 44.32, 0|2, 56, N/A, 50.97, 100|3, 55, N/A, 168.98, 50|4, 57, N/A, 147.64, 49|5, 56, N/A, 42.33, 0|6, 57, N/A, 46.92, 0|
00:10:51 0, 53, N/A, 40.36, 0|1, 50, N/A, 44.08, 0|2, 54, N/A, 49.00, 0|3, 53, N/A, 41.07, 0|4, 57, N/A, 44.76, 0|5, 60, N/A, 186.48, 100|6, 58, N/A, 48.18, 56|
00:10:53 0, 53, N/A, 40.60, 0|1, 51, N/A, 44.54, 0|2, 56, N/A, 207.07, 100|3, 53, N/A, 41.10, 0|4, 55, N/A, 43.56, 0|5, 56, N/A, 42.33, 0|6, 57, N/A, 47.19, 0|
00:10:55 0, 52, N/A, 40.36, 0|1, 50, N/A, 43.83, 0|2, 54, N/A, 48.73, 0|3, 53, N/A, 41.07, 0|4, 56, N/A, 44.27, 0|5, 57, N/A, 43.31, 0|6, 59, N/A, 190.83, 100|
00:10:57 0, 53, N/A, 41.37, 14|1, 51, N/A, 44.60, 9|2, 54, N/A, 50.24, 11|3, 53, N/A, 43.07, 9|4, 56, N/A, 50.45, 11|5, 57, N/A, 62.03, 10|6, 59, N/A, 176.77, 22|
00:10:59 0, 56, N/A, 152.33, 100|1, 51, N/A, 169.49, 0|2, 54, N/A, 49.25, 0|3, 53, N/A, 41.10, 0|4, 56, N/A, 44.30, 0|5, 57, N/A, 42.35, 0|6, 58, N/A, 47.72, 0|
00:11:01 0, 57, N/A, 151.74, 100|1, 51, N/A, 44.57, 0|2, 55, N/A, 50.23, 0|3, 56, N/A, 175.34, 100|4, 58, N/A, 162.01, 100|5, 56, N/A, 42.33, 0|6, 57, N/A, 47.19, 0|
00:11:03 0, 54, N/A, 41.34, 0|1, 52, N/A, 45.28, 0|2, 58, N/A, 170.53, 100|3, 54, N/A, 42.05, 0|4, 59, N/A, 158.08, 100|5, 57, N/A, 42.82, 0|6, 58, N/A, 47.90, 0|
00:11:05 0, 53, N/A, 41.10, 0|1, 51, N/A, 44.05, 0|2, 55, N/A, 49.46, 0|3, 54, N/A, 41.29, 0|4, 57, N/A, 44.76, 0|5, 59, N/A, 43.78, 2|6, 60, N/A, 155.30, 100|
00:11:07 0, 55, N/A, 41.81, 0|1, 54, N/A, 46.48, 83|2, 58, N/A, 204.36, 100|3, 55, N/A, 151.69, 0|4, 56, N/A, 44.27, 0|5, 57, N/A, 42.79, 0|6, 58, N/A, 47.65, 0|
00:11:10 0, 57, N/A, 178.63, 100|1, 52, N/A, 45.25, 0|2, 58, N/A, 217.06, 100|3, 54, N/A, 41.53, 0|4, 57, N/A, 45.47, 0|5, 61, N/A, 155.87, 100|6, 59, N/A, 48.63, 100|
00:11:12 0, 54, N/A, 41.32, 0|1, 52, N/A, 44.79, 0|2, 56, N/A, 50.20, 0|3, 55, N/A, 42.27, 24|4, 59, N/A, 181.13, 79|5, 59, N/A, 43.53, 0|6, 60, N/A, 169.29, 100|
00:11:14 0, 57, N/A, 163.65, 100|1, 53, N/A, 162.27, 0|2, 55, N/A, 49.71, 0|3, 54, N/A, 41.56, 0|4, 57, N/A, 44.76, 0|5, 58, N/A, 43.06, 0|6, 59, N/A, 48.42, 0|
00:11:16 0, 58, N/A, 138.97, 100|1, 52, N/A, 45.03, 0|2, 57, N/A, 51.18, 0|3, 57, N/A, 189.29, 100|4, 60, N/A, 151.21, 100|5, 58, N/A, 42.79, 0|6, 58, N/A, 47.65, 0|
00:11:18 0, 55, N/A, 41.81, 0|1, 54, N/A, 46.23, 34|2, 58, N/A, 178.26, 100|3, 55, N/A, 42.52, 0|4, 59, N/A, 163.61, 100|5, 59, N/A, 43.53, 0|6, 59, N/A, 48.39, 0|
00:11:20 0, 55, N/A, 41.59, 0|1, 52, N/A, 44.79, 0|2, 56, N/A, 50.20, 0|3, 55, N/A, 41.54, 0|4, 58, N/A, 45.50, 0|5, 61, N/A, 58.26, 100|6, 59, N/A, 184.93, 0|
00:11:22 0, 56, N/A, 42.54, 0|1, 56, N/A, 201.99, 100|2, 58, N/A, 185.50, 100|3, 54, N/A, 41.54, 0|4, 57, N/A, 44.76, 0|5, 58, N/A, 43.04, 0|6, 59, N/A, 48.15, 0|
00:11:24 0, 56, N/A, 42.03, 0|1, 54, N/A, 45.49, 0|2, 59, N/A, 55.09, 100|3, 56, N/A, 171.44, 0|4, 60, N/A, 47.16, 94|5, 61, N/A, 138.73, 61|6, 60, N/A, 157.15, 93|
00:11:26 0, 58, N/A, 149.44, 100|1, 52, N/A, 45.03, 0|2, 56, N/A, 50.42, 0|3, 55, N/A, 41.78, 0|4, 58, N/A, 45.22, 0|5, 59, N/A, 43.53, 0|6, 60, N/A, 49.13, 0|
00:11:28 0, 55, N/A, 41.83, 0|1, 53, N/A, 44.54, 0|2, 57, N/A, 49.71, 0|3, 56, N/A, 43.04, 82|4, 58, N/A, 156.13, 13|5, 58, N/A, 37.65, 0|6, 59, N/A, 47.91, 0|
00:11:30 0, 55, N/A, 79.84, 11|1, 52, N/A, 126.06, 9|2, 56, N/A, 50.45, 14|3, 55, N/A, 41.81, 12|4, 58, N/A, 45.50, 14|5, 59, N/A, 43.78, 13|6, 60, N/A, 52.57, 24|
00:11:32 0, 55, N/A, 37.40, 20|1, 53, N/A, 48.72, 9|2, 57, N/A, 66.41, 12|3, 55, N/A, 76.60, 10|4, 58, N/A, 154.27, 11|5, 59, N/A, 55.80, 11|6, 59, N/A, 48.89, 23|
00:11:35 0, 54, N/A, 40.38, 0|1, 52, N/A, 44.54, 6|2, 56, N/A, 49.71, 2|3, 54, N/A, 41.34, 6|4, 57, N/A, 44.54, 6|5, 58, N/A, 42.85, 6|6, 58, N/A, 47.44, 6|
