18:34:33 0, 41, N/A, 26.84, 0|1, 39, N/A, 28.81, 0|2, 38, N/A, 29.31, 0|3, 40, N/A, 27.07, 0|4, 40, N/A, 27.58, 0|5, 42, N/A, 27.33, 0|6, 39, N/A, 28.53, 0|
18:34:35 0, 41, N/A, 26.59, 0|1, 39, N/A, 28.81, 0|2, 38, N/A, 29.30, 0|3, 40, N/A, 32.48, 0|4, 41, N/A, 33.72, 0|5, 43, N/A, 33.49, 0|6, 39, N/A, 34.68, 0|
18:34:37 0, 41, N/A, 26.59, 0|1, 39, N/A, 28.81, 0|2, 38, N/A, 29.30, 0|3, 40, N/A, 32.48, 14|4, 41, N/A, 33.72, 12|5, 43, N/A, 33.49, 14|6, 40, N/A, 38.59, 12|
18:34:39 0, 41, N/A, 26.84, 0|1, 39, N/A, 28.81, 0|2, 38, N/A, 29.30, 0|3, 40, N/A, 32.46, 13|4, 41, N/A, 33.72, 12|5, 43, N/A, 33.49, 13|6, 40, N/A, 34.68, 12|
18:34:41 0, 41, N/A, 26.59, 0|1, 39, N/A, 28.81, 0|2, 38, N/A, 29.30, 0|3, 40, N/A, 32.48, 15|4, 41, N/A, 33.72, 12|5, 43, N/A, 33.49, 15|6, 40, N/A, 34.92, 11|
18:34:43 0, 41, N/A, 26.57, 0|1, 39, N/A, 28.81, 0|2, 38, N/A, 29.30, 0|3, 41, N/A, 76.34, 6|4, 41, N/A, 81.84, 30|5, 43, N/A, 77.92, 34|6, 40, N/A, 87.96, 0|
18:34:45 0, 41, N/A, 26.84, 0|1, 39, N/A, 28.81, 0|2, 38, N/A, 29.30, 0|3, 41, N/A, 35.93, 0|4, 41, N/A, 33.72, 0|5, 43, N/A, 33.49, 0|6, 40, N/A, 39.82, 0|
18:34:47 0, 41, N/A, 26.59, 0|1, 39, N/A, 28.81, 0|2, 38, N/A, 29.30, 0|3, 41, N/A, 32.48, 0|4, 41, N/A, 33.72, 0|5, 43, N/A, 33.49, 0|6, 40, N/A, 39.82, 0|
18:34:49 0, 41, N/A, 26.58, 0|1, 39, N/A, 28.56, 0|2, 38, N/A, 29.30, 0|3, 43, N/A, 97.84, 73|4, 43, N/A, 102.03, 72|5, 45, N/A, 102.27, 73|6, 42, N/A, 104.85, 71|
18:34:52 0, 41, N/A, 26.58, 0|1, 39, N/A, 28.82, 0|2, 38, N/A, 29.30, 0|3, 44, N/A, 102.02, 71|4, 45, N/A, 106.69, 71|5, 46, N/A, 104.05, 72|6, 43, N/A, 104.61, 69|
18:34:54 0, 41, N/A, 26.82, 0|1, 39, N/A, 28.81, 0|2, 38, N/A, 29.30, 0|3, 44, N/A, 99.51, 71|4, 45, N/A, 103.01, 72|5, 47, N/A, 101.83, 72|6, 43, N/A, 104.91, 70|
18:34:56 0, 41, N/A, 26.59, 0|1, 39, N/A, 28.82, 0|2, 38, N/A, 29.32, 0|3, 45, N/A, 101.04, 72|4, 46, N/A, 105.02, 73|5, 48, N/A, 101.30, 73|6, 44, N/A, 106.14, 70|
18:34:58 0, 40, N/A, 26.58, 0|1, 39, N/A, 28.58, 0|2, 38, N/A, 29.30, 0|3, 45, N/A, 99.51, 73|4, 46, N/A, 103.75, 73|5, 48, N/A, 103.51, 73|6, 44, N/A, 106.63, 72|
18:35:00 0, 41, N/A, 26.58, 0|1, 39, N/A, 28.58, 0|2, 37, N/A, 29.32, 0|3, 46, N/A, 100.06, 72|4, 47, N/A, 104.97, 73|5, 49, N/A, 103.75, 73|6, 45, N/A, 118.01, 71|
18:35:02 0, 41, N/A, 26.58, 0|1, 39, N/A, 28.58, 0|2, 38, N/A, 29.32, 0|3, 46, N/A, 99.81, 72|4, 47, N/A, 104.48, 72|5, 49, N/A, 104.98, 73|6, 46, N/A, 115.14, 70|
18:35:04 0, 41, N/A, 26.58, 0|1, 39, N/A, 28.58, 0|2, 37, N/A, 29.32, 0|3, 47, N/A, 100.04, 71|4, 48, N/A, 105.40, 72|5, 50, N/A, 103.80, 72|6, 46, N/A, 113.48, 69|
18:35:06 0, 41, N/A, 26.58, 0|1, 39, N/A, 28.82, 0|2, 38, N/A, 29.30, 0|3, 47, N/A, 98.59, 72|4, 48, N/A, 103.01, 72|5, 50, N/A, 101.60, 72|6, 47, N/A, 107.79, 70|
18:35:08 0, 41, N/A, 26.59, 0|1, 39, N/A, 28.83, 0|2, 38, N/A, 29.32, 0|3, 47, N/A, 99.57, 71|4, 48, N/A, 105.53, 71|5, 51, N/A, 104.54, 71|6, 47, N/A, 110.49, 69|
18:35:10 0, 41, N/A, 26.58, 0|1, 39, N/A, 28.58, 0|2, 38, N/A, 29.32, 0|3, 48, N/A, 98.59, 72|4, 49, N/A, 103.75, 71|5, 51, N/A, 101.11, 72|6, 47, N/A, 109.26, 70|
18:35:12 0, 41, N/A, 26.59, 0|1, 39, N/A, 28.58, 0|2, 38, N/A, 29.32, 0|3, 48, N/A, 99.63, 73|4, 49, N/A, 107.74, 73|5, 51, N/A, 103.52, 73|6, 48, N/A, 111.11, 71|
18:35:14 0, 41, N/A, 26.59, 0|1, 39, N/A, 28.60, 0|2, 37, N/A, 29.32, 0|3, 48, N/A, 100.12, 72|4, 50, N/A, 107.25, 72|5, 52, N/A, 105.09, 72|6, 48, N/A, 111.05, 70|
18:35:17 0, 41, N/A, 26.61, 0|1, 39, N/A, 28.60, 0|2, 38, N/A, 29.34, 0|3, 49, N/A, 100.68, 73|4, 50, N/A, 105.85, 73|5, 52, N/A, 104.57, 73|6, 49, N/A, 110.93, 71|
18:35:19 0, 40, N/A, 26.86, 0|1, 39, N/A, 28.60, 0|2, 38, N/A, 29.34, 0|3, 49, N/A, 101.83, 72|4, 50, N/A, 106.83, 72|5, 53, N/A, 103.58, 72|6, 49, N/A, 111.85, 71|
18:35:21 0, 40, N/A, 26.61, 0|1, 39, N/A, 28.60, 0|2, 38, N/A, 29.34, 0|3, 50, N/A, 101.89, 72|4, 51, N/A, 105.11, 72|5, 53, N/A, 101.92, 72|6, 50, N/A, 108.18, 70|
18:35:23 0, 41, N/A, 26.61, 0|1, 39, N/A, 28.84, 0|2, 38, N/A, 29.34, 0|3, 50, N/A, 99.89, 72|4, 51, N/A, 106.58, 72|5, 53, N/A, 104.80, 73|6, 50, N/A, 110.31, 70|
18:35:25 0, 40, N/A, 26.61, 0|1, 39, N/A, 28.84, 0|2, 38, N/A, 29.34, 0|3, 50, N/A, 103.31, 72|4, 51, N/A, 106.58, 72|5, 54, N/A, 103.64, 72|6, 50, N/A, 111.80, 70|
18:35:27 0, 41, N/A, 26.61, 0|1, 39, N/A, 28.84, 0|2, 38, N/A, 29.34, 0|3, 51, N/A, 101.35, 72|4, 52, N/A, 106.52, 72|5, 54, N/A, 104.62, 73|6, 51, N/A, 110.63, 71|
18:35:29 0, 40, N/A, 26.86, 0|1, 39, N/A, 28.84, 0|2, 38, N/A, 29.34, 0|3, 51, N/A, 100.92, 73|4, 52, N/A, 107.56, 73|5, 54, N/A, 105.59, 73|6, 51, N/A, 111.07, 71|
18:35:31 0, 41, N/A, 26.61, 0|1, 39, N/A, 28.61, 0|2, 38, N/A, 29.34, 0|3, 51, N/A, 101.60, 72|4, 53, N/A, 107.75, 73|5, 55, N/A, 104.57, 73|6, 52, N/A, 112.35, 70|
18:35:33 0, 41, N/A, 26.61, 0|1, 39, N/A, 28.84, 0|2, 37, N/A, 29.34, 0|3, 52, N/A, 102.14, 73|4, 53, N/A, 107.75, 73|5, 55, N/A, 107.12, 73|6, 52, N/A, 113.57, 71|
18:35:35 0, 41, N/A, 26.63, 0|1, 39, N/A, 28.62, 0|2, 37, N/A, 29.36, 0|3, 51, N/A, 51.19, 63|4, 52, N/A, 91.11, 82|5, 54, N/A, 102.96, 37|6, 51, N/A, 94.06, 71|
18:35:37 0, 41, N/A, 26.68, 0|1, 39, N/A, 28.69, 0|2, 38, N/A, 29.43, 0|3, 51, N/A, 78.13, 90|4, 52, N/A, 87.76, 90|5, 55, N/A, 100.04, 90|6, 52, N/A, 81.84, 89|
18:35:39 0, 41, N/A, 26.78, 0|1, 39, N/A, 28.78, 0|2, 37, N/A, 29.53, 0|3, 52, N/A, 64.37, 91|4, 53, N/A, 108.15, 91|5, 55, N/A, 107.52, 90|6, 52, N/A, 96.11, 90|
18:35:42 0, 41, N/A, 26.87, 0|1, 39, N/A, 28.89, 0|2, 38, N/A, 29.64, 0|3, 52, N/A, 85.39, 90|4, 53, N/A, 77.25, 90|5, 55, N/A, 87.85, 89|6, 52, N/A, 99.94, 89|
18:35:44 0, 41, N/A, 26.96, 0|1, 39, N/A, 28.99, 0|2, 37, N/A, 29.49, 0|3, 52, N/A, 77.91, 90|4, 53, N/A, 100.56, 91|5, 55, N/A, 90.41, 89|6, 52, N/A, 82.39, 90|
18:35:46 0, 41, N/A, 27.06, 0|1, 39, N/A, 28.83, 0|2, 38, N/A, 29.58, 0|3, 52, N/A, 87.39, 90|4, 53, N/A, 119.98, 90|5, 55, N/A, 109.64, 90|6, 53, N/A, 97.84, 90|
18:35:48 0, 40, N/A, 27.13, 0|1, 39, N/A, 28.92, 0|2, 37, N/A, 29.43, 0|3, 52, N/A, 82.71, 89|4, 54, N/A, 91.95, 90|5, 56, N/A, 103.97, 89|6, 53, N/A, 94.96, 89|
18:35:50 0, 41, N/A, 26.95, 0|1, 39, N/A, 29.25, 0|2, 38, N/A, 29.48, 0|3, 52, N/A, 113.63, 91|4, 54, N/A, 100.46, 91|5, 56, N/A, 83.44, 90|6, 53, N/A, 78.36, 90|
18:35:52 0, 41, N/A, 26.95, 0|1, 38, N/A, 28.98, 0|2, 38, N/A, 29.48, 0|3, 53, N/A, 60.81, 90|4, 54, N/A, 93.42, 78|5, 56, N/A, 116.66, 89|6, 53, N/A, 106.87, 88|
18:35:54 0, 40, N/A, 26.95, 0|1, 39, N/A, 29.23, 0|2, 38, N/A, 29.48, 0|3, 53, N/A, 87.10, 90|4, 54, N/A, 81.68, 90|5, 56, N/A, 82.68, 91|6, 53, N/A, 107.87, 91|
18:35:56 0, 40, N/A, 26.95, 0|1, 39, N/A, 28.98, 0|2, 38, N/A, 29.48, 0|3, 53, N/A, 113.57, 91|4, 54, N/A, 94.44, 90|5, 56, N/A, 79.41, 89|6, 54, N/A, 79.32, 91|
18:35:58 0, 41, N/A, 26.95, 0|1, 39, N/A, 28.98, 0|2, 37, N/A, 29.48, 0|3, 53, N/A, 78.86, 90|4, 55, N/A, 73.92, 90|5, 57, N/A, 75.89, 89|6, 54, N/A, 115.03, 90|
18:36:00 0, 41, N/A, 26.94, 0|1, 38, N/A, 29.23, 0|2, 38, N/A, 29.48, 0|3, 54, N/A, 91.40, 90|4, 55, N/A, 80.16, 91|5, 57, N/A, 87.20, 90|6, 54, N/A, 114.64, 90|
18:36:02 0, 41, N/A, 26.95, 0|1, 39, N/A, 29.23, 0|2, 38, N/A, 29.48, 0|3, 54, N/A, 89.71, 90|4, 55, N/A, 80.17, 91|5, 57, N/A, 69.69, 90|6, 54, N/A, 83.29, 90|
18:36:05 0, 40, N/A, 26.95, 0|1, 39, N/A, 29.23, 0|2, 37, N/A, 29.48, 0|3, 54, N/A, 71.36, 91|4, 55, N/A, 73.34, 88|5, 57, N/A, 106.68, 89|6, 54, N/A, 124.05, 90|
18:36:07 0, 40, N/A, 26.95, 0|1, 39, N/A, 28.98, 0|2, 38, N/A, 29.48, 0|3, 54, N/A, 80.41, 89|4, 55, N/A, 99.15, 89|5, 57, N/A, 122.60, 89|6, 55, N/A, 120.10, 90|
18:36:09 0, 40, N/A, 27.20, 0|1, 38, N/A, 28.98, 0|2, 38, N/A, 29.48, 0|3, 54, N/A, 92.56, 91|4, 56, N/A, 121.85, 91|5, 58, N/A, 104.68, 90|6, 55, N/A, 95.33, 90|
18:36:11 0, 41, N/A, 26.95, 0|1, 38, N/A, 29.23, 0|2, 38, N/A, 29.48, 0|3, 55, N/A, 114.08, 89|4, 56, N/A, 100.16, 91|5, 58, N/A, 84.44, 90|6, 55, N/A, 82.29, 89|
18:36:13 0, 41, N/A, 27.20, 0|1, 39, N/A, 29.23, 0|2, 38, N/A, 29.48, 0|3, 55, N/A, 90.10, 89|4, 56, N/A, 97.70, 90|5, 58, N/A, 83.68, 90|6, 55, N/A, 77.39, 90|
18:36:15 0, 41, N/A, 26.93, 0|1, 38, N/A, 29.23, 0|2, 38, N/A, 29.48, 0|3, 55, N/A, 84.38, 90|4, 56, N/A, 79.36, 91|5, 58, N/A, 97.65, 91|6, 56, N/A, 102.85, 91|
18:36:17 0, 41, N/A, 26.95, 0|1, 39, N/A, 28.98, 0|2, 37, N/A, 29.48, 0|3, 55, N/A, 84.42, 91|4, 56, N/A, 78.15, 90|5, 58, N/A, 93.88, 90|6, 56, N/A, 102.61, 91|
18:36:19 0, 40, N/A, 26.95, 0|1, 38, N/A, 28.98, 0|2, 38, N/A, 29.48, 0|3, 55, N/A, 119.58, 82|4, 57, N/A, 105.43, 78|5, 58, N/A, 88.71, 77|6, 56, N/A, 87.80, 78|
18:36:21 0, 40, N/A, 26.95, 0|1, 38, N/A, 28.98, 0|2, 37, N/A, 29.48, 0|3, 55, N/A, 83.88, 89|4, 57, N/A, 108.00, 90|5, 59, N/A, 89.72, 90|6, 56, N/A, 76.86, 90|
18:36:23 0, 40, N/A, 26.95, 0|1, 38, N/A, 28.98, 0|2, 37, N/A, 29.48, 0|3, 56, N/A, 97.64, 90|4, 57, N/A, 78.41, 90|5, 59, N/A, 70.15, 90|6, 56, N/A, 101.54, 90|
18:36:25 0, 40, N/A, 26.95, 0|1, 39, N/A, 29.23, 0|2, 37, N/A, 29.48, 0|3, 56, N/A, 89.11, 90|4, 57, N/A, 83.19, 91|5, 59, N/A, 70.15, 90|6, 56, N/A, 84.34, 91|
18:36:28 0, 41, N/A, 26.95, 0|1, 39, N/A, 29.23, 0|2, 37, N/A, 29.48, 0|3, 56, N/A, 96.38, 89|4, 57, N/A, 85.18, 91|5, 60, N/A, 92.67, 90|6, 57, N/A, 114.02, 91|
18:36:30 0, 40, N/A, 26.95, 0|1, 39, N/A, 28.98, 0|2, 38, N/A, 29.48, 0|3, 56, N/A, 79.65, 91|4, 57, N/A, 72.38, 91|5, 59, N/A, 80.87, 89|6, 57, N/A, 115.53, 90|
18:36:32 0, 40, N/A, 26.95, 0|1, 38, N/A, 28.99, 0|2, 37, N/A, 29.48, 0|3, 56, N/A, 73.33, 76|4, 57, N/A, 111.15, 90|5, 59, N/A, 121.68, 89|6, 57, N/A, 104.87, 76|
18:36:34 0, 41, N/A, 27.20, 0|1, 38, N/A, 28.98, 0|2, 37, N/A, 29.48, 0|3, 57, N/A, 99.69, 91|4, 58, N/A, 86.40, 90|5, 60, N/A, 73.92, 90|6, 57, N/A, 88.05, 91|
18:36:36 0, 40, N/A, 27.20, 0|1, 38, N/A, 28.98, 0|2, 37, N/A, 29.48, 0|3, 57, N/A, 102.84, 91|4, 58, N/A, 124.13, 91|5, 60, N/A, 100.91, 91|6, 57, N/A, 91.62, 91|
18:36:38 0, 40, N/A, 26.95, 0|1, 39, N/A, 28.98, 0|2, 38, N/A, 29.48, 0|3, 57, N/A, 68.35, 90|4, 58, N/A, 90.41, 91|5, 60, N/A, 115.89, 89|6, 58, N/A, 119.34, 89|
18:36:40 0, 41, N/A, 26.95, 0|1, 39, N/A, 28.98, 0|2, 37, N/A, 29.48, 0|3, 57, N/A, 109.87, 90|4, 58, N/A, 99.21, 90|5, 60, N/A, 83.44, 91|6, 58, N/A, 116.96, 90|
18:36:42 0, 41, N/A, 26.95, 0|1, 38, N/A, 28.98, 0|2, 38, N/A, 29.48, 0|3, 57, N/A, 74.08, 90|4, 59, N/A, 127.87, 91|5, 61, N/A, 107.69, 91|6, 58, N/A, 96.60, 90|
18:36:44 0, 40, N/A, 26.95, 0|1, 39, N/A, 28.98, 0|2, 38, N/A, 29.48, 0|3, 58, N/A, 98.38, 73|4, 59, N/A, 89.20, 90|5, 61, N/A, 76.69, 89|6, 58, N/A, 74.80, 73|
18:36:46 0, 40, N/A, 27.20, 0|1, 39, N/A, 28.98, 0|2, 38, N/A, 29.48, 0|3, 58, N/A, 76.13, 90|4, 59, N/A, 118.35, 89|5, 61, N/A, 132.38, 90|6, 59, N/A, 142.02, 90|
18:36:48 0, 40, N/A, 26.93, 0|1, 38, N/A, 28.98, 0|2, 38, N/A, 29.48, 0|3, 58, N/A, 110.98, 90|4, 59, N/A, 99.51, 90|5, 61, N/A, 75.93, 90|6, 59, N/A, 81.32, 90|
18:36:50 0, 41, N/A, 26.95, 0|1, 39, N/A, 28.98, 0|2, 38, N/A, 29.48, 0|3, 58, N/A, 84.38, 90|4, 59, N/A, 74.39, 92|5, 61, N/A, 82.63, 90|6, 59, N/A, 118.34, 90|
18:36:53 0, 40, N/A, 27.18, 0|1, 38, N/A, 28.98, 0|2, 37, N/A, 29.48, 0|3, 58, N/A, 111.62, 75|4, 60, N/A, 115.83, 76|5, 62, N/A, 113.65, 76|6, 59, N/A, 121.28, 75|
18:36:55 0, 40, N/A, 26.86, 0|1, 38, N/A, 29.16, 0|2, 37, N/A, 29.41, 0|3, 59, N/A, 109.59, 75|4, 60, N/A, 115.41, 74|5, 62, N/A, 112.15, 74|6, 59, N/A, 124.72, 75|
18:36:57 0, 40, N/A, 26.81, 0|1, 38, N/A, 28.83, 0|2, 37, N/A, 29.33, 0|3, 59, N/A, 108.81, 75|4, 60, N/A, 116.26, 75|5, 62, N/A, 114.82, 75|6, 59, N/A, 121.41, 74|
18:36:59 0, 40, N/A, 26.74, 0|1, 38, N/A, 28.76, 0|2, 37, N/A, 29.26, 0|3, 59, N/A, 110.96, 75|4, 60, N/A, 115.71, 75|5, 62, N/A, 113.82, 76|6, 60, N/A, 118.98, 74|
18:37:01 0, 40, N/A, 26.67, 0|1, 38, N/A, 28.68, 0|2, 37, N/A, 29.43, 0|3, 59, N/A, 109.93, 74|4, 60, N/A, 115.96, 75|5, 62, N/A, 115.47, 75|6, 60, N/A, 126.18, 73|
18:37:03 0, 40, N/A, 26.84, 0|1, 38, N/A, 28.59, 0|2, 37, N/A, 29.36, 0|3, 59, N/A, 110.69, 75|4, 60, N/A, 110.95, 76|5, 63, N/A, 113.37, 76|6, 60, N/A, 123.61, 75|
18:37:05 0, 40, N/A, 26.77, 0|1, 38, N/A, 28.78, 0|2, 37, N/A, 29.28, 0|3, 59, N/A, 112.88, 74|4, 60, N/A, 115.85, 74|5, 62, N/A, 113.14, 74|6, 60, N/A, 120.84, 73|
18:37:07 0, 40, N/A, 26.72, 0|1, 38, N/A, 28.46, 0|2, 37, N/A, 29.20, 0|3, 59, N/A, 110.55, 75|4, 60, N/A, 116.54, 76|5, 63, N/A, 114.33, 76|6, 60, N/A, 122.07, 74|
18:37:09 0, 40, N/A, 26.65, 0|1, 38, N/A, 28.65, 0|2, 37, N/A, 29.13, 0|3, 59, N/A, 113.70, 75|4, 60, N/A, 119.73, 75|5, 63, N/A, 115.03, 75|6, 60, N/A, 120.29, 75|
18:37:11 0, 40, N/A, 26.36, 0|1, 38, N/A, 28.60, 0|2, 37, N/A, 29.09, 0|3, 59, N/A, 109.69, 75|4, 60, N/A, 116.83, 75|5, 63, N/A, 115.36, 75|6, 60, N/A, 121.10, 75|
18:37:13 0, 40, N/A, 26.60, 0|1, 38, N/A, 28.60, 0|2, 37, N/A, 29.09, 0|3, 59, N/A, 106.93, 75|4, 60, N/A, 114.61, 76|5, 63, N/A, 112.66, 76|6, 60, N/A, 119.82, 74|
18:37:15 0, 40, N/A, 26.59, 0|1, 38, N/A, 28.35, 0|2, 37, N/A, 29.09, 0|3, 59, N/A, 106.69, 75|4, 60, N/A, 113.83, 75|5, 63, N/A, 113.70, 75|6, 60, N/A, 117.92, 75|
18:37:18 0, 40, N/A, 26.35, 0|1, 38, N/A, 28.60, 0|2, 37, N/A, 29.09, 0|3, 59, N/A, 110.24, 57|4, 60, N/A, 113.64, 58|5, 63, N/A, 112.66, 58|6, 60, N/A, 120.68, 55|
18:37:20 0, 40, N/A, 26.61, 0|1, 38, N/A, 28.35, 0|2, 37, N/A, 29.09, 0|3, 60, N/A, 107.67, 76|4, 61, N/A, 115.85, 74|5, 63, N/A, 114.44, 75|6, 60, N/A, 124.47, 75|
18:37:22 0, 40, N/A, 26.35, 0|1, 38, N/A, 28.35, 0|2, 36, N/A, 29.09, 0|3, 60, N/A, 107.18, 73|4, 61, N/A, 111.06, 75|5, 63, N/A, 113.20, 75|6, 61, N/A, 121.10, 71|
18:37:24 0, 40, N/A, 26.36, 0|1, 38, N/A, 28.35, 0|2, 37, N/A, 29.09, 0|3, 60, N/A, 110.00, 76|4, 61, N/A, 118.24, 76|5, 63, N/A, 118.61, 76|6, 61, N/A, 127.55, 75|
18:37:26 0, 39, N/A, 26.61, 0|1, 38, N/A, 28.35, 0|2, 36, N/A, 29.09, 0|3, 60, N/A, 107.98, 75|4, 61, N/A, 114.06, 76|5, 63, N/A, 113.21, 76|6, 61, N/A, 121.61, 74|
18:37:28 0, 39, N/A, 26.60, 0|1, 37, N/A, 28.35, 0|2, 36, N/A, 29.09, 0|3, 60, N/A, 111.83, 76|4, 61, N/A, 123.38, 76|5, 63, N/A, 114.87, 76|6, 61, N/A, 122.51, 75|
18:37:30 0, 39, N/A, 26.36, 0|1, 37, N/A, 28.35, 0|2, 36, N/A, 29.09, 0|3, 60, N/A, 110.68, 75|4, 61, N/A, 115.60, 76|5, 64, N/A, 115.36, 75|6, 61, N/A, 123.00, 76|
18:37:32 0, 39, N/A, 26.36, 0|1, 37, N/A, 28.35, 0|2, 36, N/A, 28.84, 0|3, 60, N/A, 110.43, 74|4, 61, N/A, 118.84, 75|5, 64, N/A, 117.57, 75|6, 61, N/A, 123.87, 73|
18:37:34 0, 39, N/A, 26.36, 0|1, 37, N/A, 28.35, 0|2, 36, N/A, 28.84, 0|3, 60, N/A, 108.71, 76|4, 61, N/A, 113.14, 75|5, 64, N/A, 112.41, 75|6, 61, N/A, 122.15, 75|
18:37:36 0, 39, N/A, 26.61, 0|1, 37, N/A, 28.35, 0|2, 36, N/A, 29.09, 0|3, 60, N/A, 114.29, 74|4, 61, N/A, 122.32, 75|5, 64, N/A, 117.57, 75|6, 61, N/A, 125.77, 74|
18:37:38 0, 39, N/A, 26.38, 0|1, 37, N/A, 28.37, 0|2, 36, N/A, 28.86, 0|3, 59, N/A, 126.06, 91|4, 60, N/A, 145.87, 87|5, 63, N/A, 118.61, 91|6, 60, N/A, 106.04, 90|
18:37:41 0, 39, N/A, 26.49, 0|1, 37, N/A, 28.50, 0|2, 36, N/A, 29.00, 0|3, 60, N/A, 81.74, 89|4, 60, N/A, 95.54, 91|5, 63, N/A, 121.06, 90|6, 60, N/A, 155.21, 89|
18:37:43 0, 39, N/A, 26.59, 0|1, 37, N/A, 28.59, 0|2, 36, N/A, 29.09, 0|3, 60, N/A, 75.61, 91|4, 60, N/A, 70.70, 92|5, 63, N/A, 80.83, 90|6, 60, N/A, 108.86, 90|
18:37:45 0, 39, N/A, 26.69, 0|1, 37, N/A, 28.45, 0|2, 36, N/A, 28.93, 0|3, 59, N/A, 104.84, 90|4, 60, N/A, 95.72, 91|5, 63, N/A, 83.13, 90|6, 60, N/A, 103.55, 90|
18:37:47 0, 39, N/A, 26.74, 0|1, 37, N/A, 28.77, 0|2, 36, N/A, 29.01, 0|3, 59, N/A, 108.04, 91|4, 60, N/A, 97.46, 91|5, 63, N/A, 82.84, 89|6, 60, N/A, 107.55, 90|
18:37:49 0, 39, N/A, 26.81, 0|1, 37, N/A, 28.60, 0|2, 36, N/A, 29.10, 0|3, 59, N/A, 78.99, 91|4, 60, N/A, 93.46, 90|5, 63, N/A, 107.40, 90|6, 60, N/A, 99.15, 91|
18:37:51 0, 39, N/A, 26.90, 0|1, 37, N/A, 28.69, 0|2, 36, N/A, 29.19, 0|3, 59, N/A, 86.03, 91|4, 60, N/A, 78.51, 90|5, 63, N/A, 96.72, 89|6, 60, N/A, 103.17, 91|
18:37:53 0, 39, N/A, 26.95, 0|1, 37, N/A, 28.72, 0|2, 36, N/A, 28.98, 0|3, 59, N/A, 135.98, 91|4, 60, N/A, 135.90, 91|5, 63, N/A, 110.40, 90|6, 60, N/A, 98.34, 91|
18:37:55 0, 39, N/A, 26.69, 0|1, 37, N/A, 28.73, 0|2, 36, N/A, 28.98, 0|3, 59, N/A, 101.59, 91|4, 60, N/A, 131.82, 91|5, 63, N/A, 109.44, 91|6, 60, N/A, 99.09, 91|
18:37:57 0, 39, N/A, 26.68, 0|1, 37, N/A, 28.72, 0|2, 36, N/A, 28.98, 0|3, 59, N/A, 86.39, 91|4, 60, N/A, 94.64, 91|5, 63, N/A, 114.01, 91|6, 60, N/A, 104.16, 90|
18:37:59 0, 39, N/A, 26.69, 0|1, 37, N/A, 28.73, 0|2, 36, N/A, 28.98, 0|3, 59, N/A, 75.17, 90|4, 60, N/A, 86.91, 91|5, 63, N/A, 115.84, 90|6, 60, N/A, 132.32, 90|
18:38:01 0, 39, N/A, 26.70, 0|1, 37, N/A, 28.73, 0|2, 36, N/A, 28.98, 0|3, 59, N/A, 97.63, 91|4, 60, N/A, 82.43, 91|5, 63, N/A, 89.92, 91|6, 60, N/A, 117.11, 90|
18:38:03 0, 39, N/A, 26.69, 0|1, 37, N/A, 28.73, 0|2, 36, N/A, 28.98, 0|3, 59, N/A, 100.09, 77|4, 60, N/A, 92.97, 77|5, 63, N/A, 76.65, 79|6, 60, N/A, 80.53, 77|
18:38:06 0, 39, N/A, 26.69, 0|1, 37, N/A, 28.73, 0|2, 36, N/A, 28.98, 0|3, 59, N/A, 98.39, 89|4, 60, N/A, 88.92, 89|5, 63, N/A, 76.14, 89|6, 60, N/A, 80.57, 90|
18:38:08 0, 39, N/A, 26.69, 0|1, 37, N/A, 28.73, 0|2, 36, N/A, 28.98, 0|3, 59, N/A, 115.89, 90|4, 60, N/A, 107.38, 91|5, 63, N/A, 91.72, 90|6, 60, N/A, 82.08, 91|
18:38:10 0, 39, N/A, 26.69, 0|1, 37, N/A, 28.73, 0|2, 36, N/A, 28.98, 0|3, 59, N/A, 76.38, 90|4, 60, N/A, 70.65, 91|5, 63, N/A, 97.14, 89|6, 60, N/A, 128.98, 89|
18:38:12 0, 39, N/A, 26.69, 0|1, 36, N/A, 28.73, 0|2, 35, N/A, 28.98, 0|3, 59, N/A, 88.60, 92|4, 60, N/A, 84.69, 91|5, 63, N/A, 71.91, 89|6, 60, N/A, 97.28, 91|
18:38:14 0, 39, N/A, 26.69, 0|1, 37, N/A, 28.73, 0|2, 35, N/A, 28.98, 0|3, 59, N/A, 101.34, 92|4, 60, N/A, 92.88, 91|5, 63, N/A, 82.93, 90|6, 60, N/A, 77.85, 91|
18:38:16 0, 39, N/A, 26.68, 0|1, 36, N/A, 28.72, 0|2, 35, N/A, 28.98, 0|3, 59, N/A, 83.88, 91|4, 60, N/A, 87.90, 91|5, 63, N/A, 105.92, 90|6, 59, N/A, 132.73, 91|
18:38:18 0, 38, N/A, 26.69, 0|1, 37, N/A, 28.73, 0|2, 35, N/A, 28.98, 0|3, 59, N/A, 102.15, 89|4, 60, N/A, 90.17, 91|5, 63, N/A, 76.90, 89|6, 60, N/A, 101.54, 90|
18:38:20 0, 38, N/A, 26.69, 0|1, 36, N/A, 28.73, 0|2, 35, N/A, 28.98, 0|3, 59, N/A, 76.63, 90|4, 60, N/A, 74.89, 90|5, 63, N/A, 112.21, 89|6, 60, N/A, 130.29, 90|
18:38:22 0, 38, N/A, 26.44, 0|1, 37, N/A, 28.72, 0|2, 35, N/A, 28.98, 0|3, 59, N/A, 88.14, 90|4, 60, N/A, 86.64, 91|5, 63, N/A, 101.61, 90|6, 60, N/A, 102.60, 91|
18:38:24 0, 38, N/A, 26.44, 0|1, 36, N/A, 28.73, 0|2, 36, N/A, 28.98, 0|3, 59, N/A, 67.09, 91|4, 60, N/A, 100.85, 91|5, 63, N/A, 121.12, 90|6, 60, N/A, 116.33, 91|
18:38:26 0, 38, N/A, 26.71, 0|1, 37, N/A, 28.47, 0|2, 35, N/A, 28.98, 0|3, 59, N/A, 103.35, 86|4, 60, N/A, 94.18, 91|5, 63, N/A, 79.46, 90|6, 60, N/A, 96.09, 79|
18:38:29 0, 38, N/A, 26.69, 0|1, 37, N/A, 28.73, 0|2, 35, N/A, 28.98, 0|3, 59, N/A, 72.11, 90|4, 60, N/A, 66.13, 90|5, 63, N/A, 76.69, 91|6, 60, N/A, 108.63, 90|
18:38:31 0, 38, N/A, 26.69, 0|1, 36, N/A, 28.73, 0|2, 35, N/A, 28.98, 0|3, 59, N/A, 81.11, 91|4, 60, N/A, 113.90, 91|5, 63, N/A, 124.38, 91|6, 60, N/A, 113.83, 91|
18:38:33 0, 39, N/A, 26.43, 0|1, 36, N/A, 28.72, 0|2, 35, N/A, 28.98, 0|3, 60, N/A, 96.38, 91|4, 60, N/A, 97.40, 91|5, 63, N/A, 113.71, 90|6, 60, N/A, 102.36, 91|
18:38:35 0, 38, N/A, 26.69, 0|1, 36, N/A, 28.72, 0|2, 35, N/A, 28.98, 0|3, 59, N/A, 145.66, 91|4, 60, N/A, 157.45, 91|5, 63, N/A, 117.17, 90|6, 60, N/A, 103.35, 91|
18:38:37 0, 38, N/A, 26.69, 0|1, 36, N/A, 28.47, 0|2, 35, N/A, 28.98, 0|3, 59, N/A, 70.86, 91|4, 59, N/A, 111.64, 74|5, 63, N/A, 122.85, 74|6, 60, N/A, 113.83, 82|
18:38:39 0, 38, N/A, 26.69, 0|1, 36, N/A, 28.73, 0|2, 35, N/A, 28.98, 0|3, 59, N/A, 102.84, 88|4, 59, N/A, 93.68, 90|5, 63, N/A, 78.20, 90|6, 60, N/A, 74.09, 90|
18:38:41 0, 38, N/A, 26.44, 0|1, 36, N/A, 28.73, 0|2, 35, N/A, 28.98, 0|3, 59, N/A, 71.86, 91|4, 60, N/A, 81.42, 91|5, 63, N/A, 111.96, 91|6, 60, N/A, 132.32, 91|
18:38:43 0, 38, N/A, 26.69, 0|1, 36, N/A, 28.73, 0|2, 35, N/A, 28.98, 0|3, 59, N/A, 108.80, 91|4, 60, N/A, 108.64, 91|5, 63, N/A, 93.99, 89|6, 60, N/A, 84.85, 90|
18:38:45 0, 38, N/A, 26.43, 0|1, 36, N/A, 28.72, 0|2, 35, N/A, 28.98, 0|3, 59, N/A, 99.58, 92|4, 60, N/A, 128.88, 91|5, 63, N/A, 126.12, 91|6, 60, N/A, 113.08, 91|
18:38:47 0, 38, N/A, 26.44, 0|1, 36, N/A, 28.47, 0|2, 35, N/A, 28.98, 0|3, 59, N/A, 74.83, 74|4, 59, N/A, 110.89, 85|5, 63, N/A, 118.42, 85|6, 60, N/A, 107.87, 74|
18:38:49 0, 38, N/A, 26.69, 0|1, 36, N/A, 28.73, 0|2, 35, N/A, 28.98, 0|3, 59, N/A, 72.91, 90|4, 60, N/A, 114.09, 90|5, 63, N/A, 122.68, 88|6, 60, N/A, 96.34, 90|
18:38:51 0, 38, N/A, 26.69, 0|1, 36, N/A, 28.47, 0|2, 35, N/A, 28.98, 0|3, 59, N/A, 68.88, 90|4, 60, N/A, 84.85, 91|5, 63, N/A, 116.41, 91|6, 60, N/A, 112.57, 91|
18:38:54 0, 38, N/A, 26.68, 0|1, 36, N/A, 28.73, 0|2, 35, N/A, 28.98, 0|3, 60, N/A, 86.14, 90|4, 60, N/A, 97.14, 91|5, 63, N/A, 111.90, 89|6, 60, N/A, 102.15, 90|
18:38:56 0, 38, N/A, 26.69, 0|1, 36, N/A, 28.73, 0|2, 35, N/A, 28.98, 0|3, 59, N/A, 82.12, 91|4, 60, N/A, 102.17, 91|5, 63, N/A, 119.36, 90|6, 60, N/A, 149.18, 90|
18:38:58 0, 38, N/A, 26.44, 0|1, 36, N/A, 28.48, 0|2, 35, N/A, 28.98, 0|3, 59, N/A, 116.64, 92|4, 60, N/A, 102.47, 75|5, 63, N/A, 85.44, 74|6, 60, N/A, 86.30, 88|
18:39:00 0, 38, N/A, 26.44, 0|1, 36, N/A, 28.73, 0|2, 35, N/A, 28.98, 0|3, 59, N/A, 86.13, 91|4, 60, N/A, 77.41, 91|5, 63, N/A, 98.35, 91|6, 60, N/A, 129.99, 91|
18:39:02 0, 38, N/A, 26.44, 0|1, 36, N/A, 28.47, 0|2, 35, N/A, 28.98, 0|3, 59, N/A, 117.07, 41|4, 59, N/A, 105.68, 24|5, 62, N/A, 87.20, 21|6, 59, N/A, 83.09, 30|
18:39:04 0, 38, N/A, 26.44, 0|1, 36, N/A, 28.73, 0|2, 35, N/A, 28.98, 0|3, 59, N/A, 65.58, 91|4, 60, N/A, 76.39, 92|5, 63, N/A, 96.49, 91|6, 60, N/A, 86.60, 92|
18:39:06 0, 38, N/A, 26.41, 0|1, 36, N/A, 28.69, 0|2, 35, N/A, 28.69, 0|3, 60, N/A, 112.24, 78|4, 60, N/A, 118.94, 78|5, 64, N/A, 127.28, 79|6, 60, N/A, 123.82, 78|
18:39:08 0, 38, N/A, 26.34, 0|1, 36, N/A, 28.62, 0|2, 35, N/A, 28.87, 0|3, 60, N/A, 114.63, 78|4, 60, N/A, 120.70, 79|5, 64, N/A, 118.40, 78|6, 60, N/A, 127.06, 79|
18:39:10 0, 38, N/A, 26.27, 0|1, 36, N/A, 28.54, 0|2, 35, N/A, 28.80, 0|3, 60, N/A, 116.15, 78|4, 61, N/A, 122.34, 78|5, 64, N/A, 125.96, 78|6, 61, N/A, 126.68, 79|
18:39:12 0, 38, N/A, 26.69, 0|1, 36, N/A, 28.47, 0|2, 35, N/A, 28.72, 0|3, 60, N/A, 115.29, 78|4, 61, N/A, 121.82, 78|5, 64, N/A, 119.28, 78|6, 61, N/A, 127.89, 78|
18:39:14 0, 38, N/A, 26.62, 0|1, 36, N/A, 28.38, 0|2, 35, N/A, 28.64, 0|3, 61, N/A, 122.18, 78|4, 61, N/A, 120.52, 79|5, 64, N/A, 119.96, 79|6, 61, N/A, 125.41, 79|
18:39:17 0, 38, N/A, 26.31, 0|1, 36, N/A, 28.32, 0|2, 35, N/A, 28.57, 0|3, 61, N/A, 112.64, 78|4, 61, N/A, 120.88, 79|5, 64, N/A, 118.61, 79|6, 61, N/A, 128.96, 78|
18:39:19 0, 38, N/A, 26.24, 0|1, 36, N/A, 28.23, 0|2, 35, N/A, 28.48, 0|3, 61, N/A, 113.77, 78|4, 61, N/A, 120.02, 79|5, 65, N/A, 118.17, 79|6, 61, N/A, 126.83, 79|
18:39:21 0, 38, N/A, 26.18, 0|1, 36, N/A, 28.18, 0|2, 35, N/A, 28.43, 0|3, 61, N/A, 114.34, 78|4, 61, N/A, 121.48, 78|5, 65, N/A, 119.52, 78|6, 61, N/A, 130.94, 79|
18:39:23 0, 38, N/A, 26.12, 0|1, 36, N/A, 28.11, 0|2, 35, N/A, 28.35, 0|3, 61, N/A, 112.08, 79|4, 61, N/A, 118.24, 78|5, 65, N/A, 117.81, 78|6, 61, N/A, 127.24, 79|
18:39:25 0, 38, N/A, 26.36, 0|1, 36, N/A, 28.35, 0|2, 35, N/A, 28.60, 0|3, 61, N/A, 115.58, 79|4, 61, N/A, 121.68, 79|5, 65, N/A, 120.93, 79|6, 61, N/A, 137.93, 79|
18:39:27 0, 38, N/A, 26.12, 0|1, 36, N/A, 28.11, 0|2, 35, N/A, 28.60, 0|3, 61, N/A, 113.25, 77|4, 61, N/A, 121.24, 78|5, 65, N/A, 119.78, 78|6, 62, N/A, 127.41, 77|
18:39:29 0, 38, N/A, 26.12, 0|1, 36, N/A, 28.11, 0|2, 35, N/A, 28.35, 0|3, 61, N/A, 117.90, 78|4, 61, N/A, 121.48, 79|5, 65, N/A, 118.00, 79|6, 62, N/A, 128.45, 78|
18:39:31 0, 38, N/A, 26.36, 0|1, 36, N/A, 28.10, 0|2, 35, N/A, 28.35, 0|3, 61, N/A, 114.05, 78|4, 62, N/A, 120.68, 79|5, 65, N/A, 120.50, 79|6, 62, N/A, 127.71, 78|
18:39:33 0, 38, N/A, 26.36, 0|1, 36, N/A, 28.11, 0|2, 35, N/A, 28.35, 0|3, 61, N/A, 116.25, 78|4, 62, N/A, 129.51, 79|5, 65, N/A, 118.30, 78|6, 62, N/A, 125.03, 79|
18:39:35 0, 38, N/A, 26.12, 0|1, 36, N/A, 28.11, 0|2, 35, N/A, 28.35, 0|3, 61, N/A, 112.82, 79|4, 62, N/A, 120.21, 78|5, 66, N/A, 120.26, 78|6, 62, N/A, 127.55, 79|
18:39:37 0, 38, N/A, 26.12, 0|1, 36, N/A, 28.11, 0|2, 35, N/A, 28.35, 0|3, 62, N/A, 115.27, 79|4, 62, N/A, 120.94, 79|5, 65, N/A, 122.71, 78|6, 62, N/A, 131.26, 78|
18:39:39 0, 38, N/A, 26.36, 0|1, 36, N/A, 28.10, 0|2, 35, N/A, 28.35, 0|3, 62, N/A, 114.23, 78|4, 62, N/A, 119.72, 79|5, 66, N/A, 119.53, 79|6, 62, N/A, 127.71, 79|
18:39:42 0, 38, N/A, 26.35, 0|1, 36, N/A, 28.10, 0|2, 35, N/A, 28.60, 0|3, 62, N/A, 119.75, 78|4, 62, N/A, 126.08, 79|5, 66, N/A, 118.18, 78|6, 62, N/A, 127.41, 78|
18:39:44 0, 38, N/A, 26.36, 0|1, 36, N/A, 28.11, 0|2, 35, N/A, 28.35, 0|3, 62, N/A, 115.76, 78|4, 62, N/A, 121.11, 78|5, 66, N/A, 119.78, 78|6, 62, N/A, 127.34, 59|
18:39:46 0, 38, N/A, 26.36, 0|1, 36, N/A, 28.10, 0|2, 34, N/A, 28.35, 0|3, 61, N/A, 115.58, 78|4, 62, N/A, 121.41, 79|5, 65, N/A, 118.79, 79|6, 62, N/A, 127.72, 79|
18:39:48 0, 38, N/A, 26.12, 0|1, 36, N/A, 28.10, 0|2, 34, N/A, 28.35, 0|3, 61, N/A, 115.52, 78|4, 62, N/A, 120.68, 79|5, 65, N/A, 120.99, 79|6, 62, N/A, 127.72, 79|
18:39:50 0, 38, N/A, 26.10, 0|1, 36, N/A, 28.11, 0|2, 34, N/A, 28.35, 0|3, 61, N/A, 119.12, 79|4, 61, N/A, 118.78, 79|5, 65, N/A, 118.97, 79|6, 61, N/A, 126.74, 79|
18:39:52 0, 38, N/A, 26.12, 0|1, 36, N/A, 28.11, 0|2, 34, N/A, 28.34, 0|3, 59, N/A, 44.06, 1|4, 59, N/A, 46.27, 0|5, 63, N/A, 45.56, 0|6, 60, N/A, 49.20, 0|
18:39:54 0, 38, N/A, 26.22, 0|1, 35, N/A, 28.23, 0|2, 34, N/A, 28.47, 0|3, 60, N/A, 105.93, 91|4, 60, N/A, 123.93, 91|5, 64, N/A, 99.91, 91|6, 60, N/A, 89.99, 91|
18:39:56 0, 38, N/A, 26.32, 0|1, 35, N/A, 28.09, 0|2, 34, N/A, 28.57, 0|3, 60, N/A, 115.43, 91|4, 60, N/A, 113.55, 91|5, 64, N/A, 96.83, 89|6, 60, N/A, 87.61, 90|
18:39:58 0, 37, N/A, 26.41, 0|1, 35, N/A, 28.19, 0|2, 34, N/A, 28.68, 0|3, 59, N/A, 124.49, 92|4, 60, N/A, 133.77, 91|5, 64, N/A, 112.55, 90|6, 60, N/A, 100.82, 91|
18:40:00 0, 37, N/A, 26.26, 0|1, 35, N/A, 28.27, 0|2, 34, N/A, 28.52, 0|3, 59, N/A, 96.46, 72|4, 59, N/A, 88.33, 92|5, 63, N/A, 78.11, 92|6, 59, N/A, 105.07, 82|
18:40:02 0, 37, N/A, 26.58, 0|1, 35, N/A, 28.35, 0|2, 34, N/A, 28.60, 0|3, 59, N/A, 89.51, 91|4, 59, N/A, 82.82, 90|5, 63, N/A, 71.85, 89|6, 59, N/A, 87.66, 90|
18:40:04 0, 37, N/A, 26.41, 0|1, 35, N/A, 28.20, 0|2, 34, N/A, 28.69, 0|3, 59, N/A, 106.47, 91|4, 59, N/A, 125.79, 91|5, 63, N/A, 97.58, 90|6, 59, N/A, 86.29, 91|
18:40:07 0, 37, N/A, 26.17, 0|1, 35, N/A, 28.22, 0|2, 34, N/A, 28.73, 0|3, 59, N/A, 74.62, 91|4, 58, N/A, 99.91, 92|5, 62, N/A, 118.42, 91|6, 59, N/A, 142.42, 92|
18:40:09 0, 37, N/A, 26.19, 0|1, 35, N/A, 28.22, 0|2, 34, N/A, 28.73, 0|3, 58, N/A, 87.13, 91|4, 59, N/A, 78.65, 90|5, 62, N/A, 104.87, 90|6, 58, N/A, 100.64, 90|
18:40:11 0, 37, N/A, 26.44, 0|1, 35, N/A, 28.22, 0|2, 34, N/A, 28.73, 0|3, 58, N/A, 82.62, 73|4, 58, N/A, 78.91, 82|5, 62, N/A, 99.65, 84|6, 58, N/A, 126.47, 73|
18:40:13 0, 37, N/A, 26.44, 0|1, 35, N/A, 28.47, 0|2, 34, N/A, 28.73, 0|3, 58, N/A, 85.93, 92|4, 58, N/A, 119.91, 91|5, 62, N/A, 107.69, 91|6, 58, N/A, 95.87, 92|
18:40:15 0, 37, N/A, 26.43, 0|1, 35, N/A, 28.47, 0|2, 34, N/A, 28.72, 0|3, 58, N/A, 111.37, 91|4, 58, N/A, 99.91, 91|5, 62, N/A, 120.79, 90|6, 58, N/A, 147.86, 91|
18:40:17 0, 37, N/A, 26.44, 0|1, 35, N/A, 28.47, 0|2, 34, N/A, 28.73, 0|3, 58, N/A, 98.33, 90|4, 57, N/A, 91.16, 92|5, 61, N/A, 78.41, 91|6, 58, N/A, 74.55, 91|
18:40:19 0, 37, N/A, 26.19, 0|1, 35, N/A, 28.22, 0|2, 34, N/A, 28.73, 0|3, 57, N/A, 106.11, 91|4, 57, N/A, 123.93, 91|5, 61, N/A, 98.96, 90|6, 57, N/A, 93.63, 91|
18:40:21 0, 37, N/A, 26.44, 0|1, 35, N/A, 28.47, 0|2, 34, N/A, 28.73, 0|3, 58, N/A, 93.12, 91|4, 57, N/A, 105.68, 91|5, 61, N/A, 85.44, 91|6, 57, N/A, 81.13, 91|
18:40:23 0, 37, N/A, 26.43, 0|1, 35, N/A, 28.22, 0|2, 34, N/A, 28.73, 0|3, 57, N/A, 77.39, 91|4, 57, N/A, 86.89, 91|5, 61, N/A, 103.67, 91|6, 57, N/A, 129.98, 91|
18:40:25 0, 37, N/A, 26.43, 0|1, 35, N/A, 28.47, 0|2, 34, N/A, 28.73, 0|3, 58, N/A, 92.11, 92|4, 58, N/A, 94.89, 91|5, 62, N/A, 117.96, 91|6, 58, N/A, 107.31, 91|
18:40:27 0, 37, N/A, 26.44, 0|1, 35, N/A, 28.47, 0|2, 34, N/A, 28.73, 0|3, 58, N/A, 111.31, 91|4, 58, N/A, 117.15, 92|5, 62, N/A, 94.19, 91|6, 58, N/A, 86.35, 91|
18:40:30 0, 37, N/A, 26.19, 0|1, 35, N/A, 28.22, 0|2, 34, N/A, 28.73, 0|3, 58, N/A, 117.08, 72|4, 58, N/A, 137.33, 72|5, 61, N/A, 145.77, 71|6, 58, N/A, 165.01, 73|
18:40:32 0, 37, N/A, 26.19, 0|1, 35, N/A, 28.47, 0|2, 34, N/A, 28.73, 0|3, 58, N/A, 75.63, 89|4, 58, N/A, 65.84, 91|5, 62, N/A, 96.64, 91|6, 58, N/A, 121.28, 90|
18:40:34 0, 37, N/A, 26.44, 0|1, 35, N/A, 28.22, 0|2, 34, N/A, 28.73, 0|3, 58, N/A, 117.33, 91|4, 58, N/A, 137.58, 91|5, 62, N/A, 146.27, 91|6, 58, N/A, 166.29, 92|
18:40:36 0, 37, N/A, 26.43, 0|1, 35, N/A, 28.47, 0|2, 34, N/A, 28.73, 0|3, 59, N/A, 94.87, 92|4, 58, N/A, 91.12, 93|5, 62, N/A, 109.33, 92|6, 58, N/A, 105.81, 92|
18:40:38 0, 37, N/A, 26.19, 0|1, 35, N/A, 28.47, 0|2, 34, N/A, 28.73, 0|3, 58, N/A, 105.15, 91|4, 58, N/A, 95.39, 91|5, 62, N/A, 77.44, 91|6, 58, N/A, 73.58, 91|
18:40:40 0, 37, N/A, 26.44, 0|1, 35, N/A, 28.47, 0|2, 34, N/A, 28.73, 0|3, 58, N/A, 111.56, 91|4, 58, N/A, 137.08, 91|5, 62, N/A, 145.53, 90|6, 58, N/A, 172.93, 90|
18:40:42 0, 37, N/A, 26.44, 0|1, 35, N/A, 28.47, 0|2, 34, N/A, 28.73, 0|3, 59, N/A, 97.07, 92|4, 58, N/A, 90.46, 92|5, 62, N/A, 79.20, 92|6, 59, N/A, 90.80, 92|
18:40:44 0, 37, N/A, 26.44, 0|1, 35, N/A, 28.22, 0|2, 34, N/A, 28.73, 0|3, 58, N/A, 88.10, 91|4, 58, N/A, 111.65, 91|5, 62, N/A, 92.27, 90|6, 58, N/A, 87.65, 91|
18:40:46 0, 37, N/A, 26.43, 0|1, 35, N/A, 28.47, 0|2, 34, N/A, 28.74, 0|3, 58, N/A, 73.87, 92|4, 58, N/A, 101.71, 92|5, 62, N/A, 93.03, 91|6, 58, N/A, 84.59, 91|
18:40:48 0, 37, N/A, 26.17, 0|1, 35, N/A, 28.47, 0|2, 34, N/A, 28.73, 0|3, 59, N/A, 97.07, 91|4, 59, N/A, 124.37, 91|5, 63, N/A, 141.84, 90|6, 59, N/A, 121.79, 90|
18:40:50 0, 37, N/A, 26.19, 0|1, 35, N/A, 28.47, 0|2, 34, N/A, 28.73, 0|3, 59, N/A, 110.56, 92|4, 59, N/A, 122.36, 92|5, 62, N/A, 100.41, 91|6, 59, N/A, 92.38, 92|
18:40:52 0, 37, N/A, 26.44, 0|1, 35, N/A, 28.47, 0|2, 34, N/A, 28.73, 0|3, 59, N/A, 91.86, 92|4, 59, N/A, 85.40, 91|5, 63, N/A, 73.17, 91|6, 59, N/A, 82.54, 91|
18:40:55 0, 37, N/A, 26.44, 0|1, 35, N/A, 28.47, 0|2, 34, N/A, 28.73, 0|3, 59, N/A, 105.34, 91|4, 59, N/A, 95.89, 92|5, 62, N/A, 84.44, 91|6, 59, N/A, 77.39, 91|
18:40:57 0, 37, N/A, 26.69, 0|1, 35, N/A, 28.47, 0|2, 34, N/A, 28.73, 0|3, 58, N/A, 115.57, 92|4, 58, N/A, 109.19, 72|5, 62, N/A, 93.98, 72|6, 59, N/A, 83.34, 90|
18:40:59 0, 37, N/A, 26.43, 0|1, 35, N/A, 28.47, 0|2, 34, N/A, 28.73, 0|3, 59, N/A, 90.15, 91|4, 59, N/A, 101.41, 92|5, 63, N/A, 112.90, 91|6, 59, N/A, 107.88, 91|
18:41:01 0, 37, N/A, 26.44, 0|1, 35, N/A, 28.22, 0|2, 34, N/A, 28.73, 0|3, 59, N/A, 79.86, 92|4, 59, N/A, 86.15, 92|5, 63, N/A, 125.06, 90|6, 59, N/A, 119.54, 92|
18:41:03 0, 37, N/A, 26.19, 0|1, 35, N/A, 28.47, 0|2, 34, N/A, 28.73, 0|3, 59, N/A, 108.61, 91|4, 59, N/A, 91.93, 92|5, 63, N/A, 85.94, 91|6, 59, N/A, 120.40, 91|
18:41:05 0, 37, N/A, 26.44, 0|1, 35, N/A, 28.47, 0|2, 34, N/A, 28.73, 0|3, 59, N/A, 80.15, 72|4, 59, N/A, 72.67, 89|5, 63, N/A, 90.93, 80|6, 59, N/A, 129.56, 71|
18:41:07 0, 37, N/A, 26.69, 0|1, 35, N/A, 28.47, 0|2, 34, N/A, 28.73, 0|3, 59, N/A, 97.38, 91|4, 59, N/A, 89.41, 91|5, 63, N/A, 76.44, 91|6, 59, N/A, 105.56, 92|
18:41:09 0, 37, N/A, 26.19, 0|1, 35, N/A, 28.47, 0|2, 34, N/A, 28.73, 0|3, 59, N/A, 132.97, 92|4, 59, N/A, 153.27, 92|5, 63, N/A, 157.70, 91|6, 59, N/A, 178.68, 92|
18:41:11 0, 37, N/A, 26.19, 0|1, 35, N/A, 28.47, 0|2, 34, N/A, 28.73, 0|3, 59, N/A, 139.99, 91|4, 59, N/A, 157.45, 92|5, 63, N/A, 161.96, 91|6, 59, N/A, 178.68, 91|
18:41:13 0, 37, N/A, 26.43, 0|1, 35, N/A, 28.47, 0|2, 34, N/A, 28.72, 0|3, 59, N/A, 150.66, 87|4, 59, N/A, 166.38, 92|5, 63, N/A, 171.62, 91|6, 60, N/A, 179.03, 91|
18:41:15 0, 37, N/A, 26.43, 0|1, 35, N/A, 28.47, 0|2, 34, N/A, 28.73, 0|3, 60, N/A, 91.60, 90|4, 60, N/A, 116.59, 91|5, 63, N/A, 97.16, 92|6, 60, N/A, 87.10, 92|
18:41:18 0, 37, N/A, 26.44, 0|1, 35, N/A, 28.47, 0|2, 34, N/A, 28.73, 0|3, 60, N/A, 93.12, 92|4, 60, N/A, 87.19, 91|5, 63, N/A, 82.63, 90|6, 60, N/A, 122.78, 92|
18:41:20 0, 37, N/A, 26.17, 0|1, 35, N/A, 28.22, 0|2, 34, N/A, 28.73, 0|3, 60, N/A, 88.14, 91|4, 60, N/A, 101.66, 92|5, 64, N/A, 109.89, 92|6, 60, N/A, 98.15, 92|
18:41:22 0, 37, N/A, 26.17, 0|1, 35, N/A, 28.47, 0|2, 34, N/A, 28.73, 0|3, 60, N/A, 132.72, 92|4, 60, N/A, 124.87, 92|5, 64, N/A, 97.21, 91|6, 60, N/A, 103.54, 92|
18:41:24 0, 37, N/A, 26.44, 0|1, 35, N/A, 28.47, 0|2, 34, N/A, 28.73, 0|3, 60, N/A, 112.31, 90|4, 60, N/A, 123.61, 91|5, 63, N/A, 103.92, 91|6, 60, N/A, 92.38, 90|
18:41:26 0, 37, N/A, 26.44, 0|1, 35, N/A, 28.22, 0|2, 34, N/A, 28.73, 0|3, 60, N/A, 91.86, 92|4, 60, N/A, 81.38, 92|5, 64, N/A, 92.38, 92|6, 60, N/A, 103.30, 92|
18:41:28 0, 37, N/A, 26.44, 0|1, 35, N/A, 28.47, 0|2, 34, N/A, 28.73, 0|3, 60, N/A, 114.56, 90|4, 60, N/A, 120.42, 91|5, 64, N/A, 89.91, 90|6, 60, N/A, 85.35, 91|
18:41:30 0, 37, N/A, 26.44, 0|1, 35, N/A, 28.47, 0|2, 34, N/A, 28.73, 0|3, 60, N/A, 88.34, 92|4, 60, N/A, 118.92, 92|5, 64, N/A, 94.74, 92|6, 60, N/A, 85.60, 91|
18:41:32 0, 37, N/A, 26.19, 0|1, 35, N/A, 28.47, 0|2, 34, N/A, 28.73, 0|3, 60, N/A, 100.38, 92|4, 60, N/A, 128.12, 92|5, 64, N/A, 112.64, 91|6, 60, N/A, 96.39, 91|
18:41:34 0, 37, N/A, 26.68, 0|1, 35, N/A, 28.47, 0|2, 34, N/A, 28.73, 0|3, 60, N/A, 97.33, 91|4, 60, N/A, 113.90, 91|5, 64, N/A, 94.18, 91|6, 60, N/A, 88.11, 91|
18:41:36 0, 37, N/A, 26.43, 0|1, 35, N/A, 28.47, 0|2, 34, N/A, 28.73, 0|3, 60, N/A, 127.53, 92|4, 60, N/A, 144.03, 92|5, 64, N/A, 118.92, 92|6, 60, N/A, 108.57, 93|
18:41:38 0, 37, N/A, 26.43, 0|1, 35, N/A, 28.47, 0|2, 34, N/A, 28.71, 0|3, 60, N/A, 162.83, 92|4, 60, N/A, 175.28, 91|5, 64, N/A, 173.38, 91|6, 60, N/A, 148.44, 92|
18:41:40 0, 37, N/A, 26.43, 0|1, 35, N/A, 28.47, 0|2, 34, N/A, 28.73, 0|3, 61, N/A, 129.22, 91|4, 60, N/A, 137.57, 92|5, 64, N/A, 108.24, 91|6, 61, N/A, 97.58, 92|
18:41:43 0, 37, N/A, 26.43, 0|1, 35, N/A, 28.47, 0|2, 34, N/A, 28.72, 0|3, 60, N/A, 168.33, 91|4, 60, N/A, 125.87, 91|5, 64, N/A, 104.68, 92|6, 60, N/A, 145.10, 91|
18:41:45 0, 37, N/A, 26.69, 0|1, 35, N/A, 28.47, 0|2, 34, N/A, 28.73, 0|3, 60, N/A, 80.36, 91|4, 60, N/A, 89.41, 92|5, 64, N/A, 117.16, 90|6, 60, N/A, 144.17, 91|
18:41:47 0, 37, N/A, 26.44, 0|1, 35, N/A, 28.47, 0|2, 34, N/A, 28.73, 0|3, 60, N/A, 77.89, 79|4, 60, N/A, 91.87, 92|5, 64, N/A, 103.42, 92|6, 60, N/A, 98.35, 85|
18:41:49 0, 37, N/A, 26.44, 0|1, 35, N/A, 28.47, 0|2, 34, N/A, 28.73, 0|3, 60, N/A, 92.31, 92|4, 60, N/A, 99.65, 92|5, 64, N/A, 87.00, 91|6, 60, N/A, 79.11, 91|
18:41:51 0, 37, N/A, 26.44, 0|1, 35, N/A, 28.22, 0|2, 34, N/A, 28.73, 0|3, 60, N/A, 107.85, 92|4, 60, N/A, 123.67, 92|5, 64, N/A, 93.69, 92|6, 61, N/A, 85.85, 92|
18:41:53 0, 37, N/A, 26.42, 0|1, 35, N/A, 28.47, 0|2, 34, N/A, 28.73, 0|3, 61, N/A, 87.58, 92|4, 61, N/A, 115.85, 91|5, 65, N/A, 98.45, 91|6, 61, N/A, 92.58, 92|
18:41:55 0, 37, N/A, 26.44, 0|1, 35, N/A, 28.22, 0|2, 34, N/A, 28.72, 0|3, 60, N/A, 146.40, 71|4, 60, N/A, 161.46, 69|5, 64, N/A, 165.62, 69|6, 60, N/A, 184.82, 70|
18:41:57 0, 37, N/A, 26.43, 0|1, 35, N/A, 28.22, 0|2, 34, N/A, 28.71, 0|3, 60, N/A, 158.10, 92|4, 60, N/A, 171.39, 91|5, 64, N/A, 173.88, 91|6, 60, N/A, 189.58, 92|
18:41:59 0, 37, N/A, 26.44, 0|1, 35, N/A, 28.47, 0|2, 34, N/A, 28.73, 0|3, 60, N/A, 85.18, 91|4, 60, N/A, 77.69, 91|5, 64, N/A, 70.16, 91|6, 61, N/A, 111.02, 91|
18:42:01 0, 37, N/A, 26.44, 0|1, 35, N/A, 28.47, 0|2, 34, N/A, 28.72, 0|3, 61, N/A, 110.62, 91|4, 61, N/A, 99.40, 92|5, 64, N/A, 84.94, 92|6, 61, N/A, 100.81, 92|
18:42:03 0, 37, N/A, 26.19, 0|1, 35, N/A, 28.47, 0|2, 34, N/A, 28.73, 0|3, 61, N/A, 60.59, 93|4, 60, N/A, 59.12, 93|5, 64, N/A, 56.13, 91|6, 61, N/A, 57.33, 92|
18:42:06 0, 37, N/A, 26.42, 0|1, 35, N/A, 28.46, 0|2, 34, N/A, 28.72, 0|3, 61, N/A, 167.75, 91|4, 60, N/A, 179.28, 92|5, 65, N/A, 152.27, 91|6, 61, N/A, 133.74, 92|
18:42:08 0, 37, N/A, 26.44, 0|1, 35, N/A, 28.47, 0|2, 34, N/A, 28.73, 0|3, 61, N/A, 93.61, 91|4, 61, N/A, 101.16, 92|5, 65, N/A, 87.96, 91|6, 61, N/A, 82.12, 91|
18:42:10 0, 37, N/A, 26.44, 0|1, 35, N/A, 28.22, 0|2, 34, N/A, 28.73, 0|3, 61, N/A, 78.11, 92|4, 61, N/A, 87.90, 92|5, 65, N/A, 115.91, 92|6, 61, N/A, 135.75, 92|
18:42:12 0, 37, N/A, 26.44, 0|1, 35, N/A, 28.47, 0|2, 34, N/A, 28.72, 0|3, 61, N/A, 123.34, 91|4, 61, N/A, 109.70, 93|5, 65, N/A, 90.47, 91|6, 61, N/A, 126.36, 91|
18:42:14 0, 37, N/A, 26.69, 0|1, 35, N/A, 28.47, 0|2, 34, N/A, 28.73, 0|3, 61, N/A, 82.62, 92|4, 61, N/A, 88.90, 92|5, 65, N/A, 107.63, 92|6, 61, N/A, 133.75, 91|
18:42:16 0, 37, N/A, 26.44, 0|1, 35, N/A, 28.47, 0|2, 34, N/A, 28.73, 0|3, 61, N/A, 96.44, 92|4, 61, N/A, 87.16, 93|5, 65, N/A, 75.43, 92|6, 61, N/A, 86.30, 92|
18:42:18 0, 37, N/A, 26.42, 0|1, 35, N/A, 28.46, 0|2, 34, N/A, 28.72, 0|3, 61, N/A, 169.50, 92|4, 61, N/A, 153.95, 92|5, 65, N/A, 128.39, 92|6, 62, N/A, 118.78, 92|
18:42:20 0, 37, N/A, 26.68, 0|1, 35, N/A, 28.47, 0|2, 34, N/A, 28.73, 0|3, 61, N/A, 74.37, 91|4, 61, N/A, 97.40, 92|5, 65, N/A, 115.40, 92|6, 61, N/A, 140.92, 91|
18:42:22 0, 37, N/A, 26.44, 0|1, 35, N/A, 28.47, 0|2, 34, N/A, 28.73, 0|3, 61, N/A, 71.11, 92|4, 61, N/A, 86.60, 92|5, 65, N/A, 113.40, 91|6, 61, N/A, 119.79, 92|
18:42:24 0, 37, N/A, 26.43, 0|1, 35, N/A, 28.47, 0|2, 34, N/A, 28.71, 0|3, 61, N/A, 141.24, 93|4, 61, N/A, 123.11, 92|5, 65, N/A, 104.87, 91|6, 62, N/A, 141.17, 92|
18:42:26 0, 37, N/A, 26.19, 0|1, 35, N/A, 28.22, 0|2, 34, N/A, 28.73, 0|3, 61, N/A, 90.60, 92|4, 61, N/A, 104.44, 70|5, 65, N/A, 85.65, 70|6, 61, N/A, 80.37, 88|
18:42:28 0, 37, N/A, 26.44, 0|1, 35, N/A, 28.47, 0|2, 34, N/A, 28.73, 0|3, 61, N/A, 72.61, 92|4, 61, N/A, 82.38, 93|5, 65, N/A, 110.08, 92|6, 61, N/A, 131.75, 92|
18:42:31 0, 37, N/A, 26.43, 0|1, 35, N/A, 28.20, 0|2, 34, N/A, 28.72, 0|3, 61, N/A, 169.00, 91|4, 61, N/A, 180.28, 92|5, 65, N/A, 178.28, 91|6, 62, N/A, 158.63, 92|
18:42:33 0, 37, N/A, 26.19, 0|1, 35, N/A, 28.47, 0|2, 34, N/A, 28.73, 0|3, 61, N/A, 105.09, 92|4, 61, N/A, 128.87, 92|5, 65, N/A, 105.18, 91|6, 61, N/A, 98.59, 91|
18:42:35 0, 37, N/A, 26.19, 0|1, 35, N/A, 28.47, 0|2, 34, N/A, 28.73, 0|3, 62, N/A, 111.57, 91|4, 61, N/A, 93.43, 92|5, 65, N/A, 86.39, 91|6, 62, N/A, 140.74, 92|
18:42:37 0, 37, N/A, 26.68, 0|1, 35, N/A, 28.47, 0|2, 34, N/A, 28.73, 0|3, 61, N/A, 85.07, 92|4, 61, N/A, 106.37, 92|5, 65, N/A, 122.60, 92|6, 61, N/A, 146.68, 92|
18:42:39 0, 37, N/A, 26.18, 0|1, 35, N/A, 28.22, 0|2, 34, N/A, 28.73, 0|3, 61, N/A, 81.91, 92|4, 61, N/A, 91.11, 92|5, 65, N/A, 115.64, 91|6, 61, N/A, 136.81, 92|
18:42:41 0, 37, N/A, 26.44, 0|1, 35, N/A, 28.47, 0|2, 34, N/A, 28.73, 0|3, 60, N/A, 86.88, 92|4, 60, N/A, 118.66, 86|5, 64, N/A, 113.96, 77|6, 61, N/A, 99.84, 93|
18:42:43 0, 37, N/A, 26.19, 0|1, 35, N/A, 28.48, 0|2, 34, N/A, 28.73, 0|3, 60, N/A, 85.14, 92|4, 60, N/A, 79.70, 92|5, 64, N/A, 69.65, 92|6, 60, N/A, 82.58, 91|
18:42:45 0, 37, N/A, 26.43, 0|1, 35, N/A, 28.47, 0|2, 34, N/A, 28.72, 0|3, 60, N/A, 165.83, 91|4, 60, N/A, 177.28, 91|5, 64, N/A, 177.29, 92|6, 60, N/A, 192.97, 91|
18:42:47 0, 37, N/A, 26.19, 0|1, 35, N/A, 28.22, 0|2, 34, N/A, 28.73, 0|3, 59, N/A, 44.53, 83|4, 59, N/A, 46.56, 44|5, 63, N/A, 45.81, 56|6, 59, N/A, 49.53, 77|
18:42:49 0, 37, N/A, 26.44, 0|1, 35, N/A, 28.22, 0|2, 34, N/A, 28.47, 0|3, 59, N/A, 81.36, 92|4, 59, N/A, 71.38, 93|5, 64, N/A, 93.39, 92|6, 60, N/A, 126.47, 92|
18:42:51 0, 37, N/A, 26.43, 0|1, 35, N/A, 28.46, 0|2, 34, N/A, 28.71, 0|3, 60, N/A, 117.82, 79|4, 60, N/A, 123.28, 80|5, 64, N/A, 123.61, 80|6, 60, N/A, 131.16, 80|
18:42:54 0, 37, N/A, 26.36, 0|1, 35, N/A, 28.38, 0|2, 34, N/A, 28.64, 0|3, 60, N/A, 118.20, 79|4, 60, N/A, 124.04, 80|5, 64, N/A, 124.29, 80|6, 60, N/A, 131.40, 80|
18:42:56 0, 37, N/A, 26.54, 0|1, 35, N/A, 28.33, 0|2, 34, N/A, 28.58, 0|3, 59, N/A, 116.54, 80|4, 60, N/A, 123.47, 80|5, 64, N/A, 123.98, 80|6, 60, N/A, 132.07, 80|
18:42:58 0, 37, N/A, 26.24, 0|1, 35, N/A, 28.27, 0|2, 34, N/A, 28.52, 0|3, 59, N/A, 118.17, 80|4, 59, N/A, 125.23, 79|5, 64, N/A, 125.90, 80|6, 60, N/A, 136.45, 80|
18:43:00 0, 37, N/A, 26.17, 0|1, 35, N/A, 28.20, 0|2, 34, N/A, 28.45, 0|3, 59, N/A, 119.42, 79|4, 59, N/A, 133.04, 80|5, 63, N/A, 120.69, 80|6, 59, N/A, 127.08, 81|
18:43:02 0, 37, N/A, 26.36, 0|1, 35, N/A, 28.13, 0|2, 34, N/A, 28.38, 0|3, 59, N/A, 114.67, 80|4, 59, N/A, 122.35, 80|5, 63, N/A, 120.87, 79|6, 59, N/A, 130.63, 79|
18:43:04 0, 37, N/A, 26.06, 0|1, 35, N/A, 28.06, 0|2, 34, N/A, 28.31, 0|3, 59, N/A, 119.06, 80|4, 59, N/A, 123.59, 80|5, 63, N/A, 122.29, 80|6, 59, N/A, 130.86, 79|
18:43:06 0, 37, N/A, 25.99, 0|1, 35, N/A, 27.99, 0|2, 33, N/A, 28.48, 0|3, 59, N/A, 118.82, 80|4, 59, N/A, 123.20, 80|5, 63, N/A, 123.53, 80|6, 59, N/A, 130.70, 80|
18:43:08 0, 37, N/A, 25.92, 0|1, 35, N/A, 27.91, 0|2, 33, N/A, 28.65, 0|3, 59, N/A, 117.78, 79|4, 59, N/A, 123.39, 80|5, 63, N/A, 121.60, 80|6, 59, N/A, 129.38, 80|
18:43:10 0, 37, N/A, 26.10, 0|1, 34, N/A, 27.86, 0|2, 33, N/A, 28.35, 0|3, 59, N/A, 117.23, 80|4, 59, N/A, 124.13, 80|5, 63, N/A, 124.86, 79|6, 59, N/A, 132.80, 80|
18:43:12 0, 37, N/A, 25.87, 0|1, 34, N/A, 27.86, 0|2, 33, N/A, 28.60, 0|3, 59, N/A, 118.21, 80|4, 59, N/A, 125.09, 80|5, 63, N/A, 123.63, 80|6, 59, N/A, 129.75, 80|
18:43:14 0, 37, N/A, 26.10, 0|1, 35, N/A, 27.86, 0|2, 33, N/A, 28.35, 0|3, 59, N/A, 120.66, 80|4, 59, N/A, 124.79, 80|5, 63, N/A, 120.69, 80|6, 59, N/A, 127.41, 81|
18:43:16 0, 37, N/A, 26.10, 0|1, 34, N/A, 27.86, 0|2, 33, N/A, 28.35, 0|3, 59, N/A, 116.50, 80|4, 59, N/A, 121.41, 80|5, 63, N/A, 121.90, 80|6, 59, N/A, 130.60, 80|
18:43:19 0, 36, N/A, 26.10, 0|1, 34, N/A, 27.86, 0|2, 33, N/A, 28.35, 0|3, 59, N/A, 117.97, 79|4, 58, N/A, 122.15, 80|5, 63, N/A, 123.14, 80|6, 59, N/A, 129.37, 81|
18:43:21 0, 37, N/A, 25.87, 0|1, 34, N/A, 27.86, 0|2, 33, N/A, 28.60, 0|3, 59, N/A, 118.53, 79|4, 59, N/A, 122.64, 80|5, 63, N/A, 123.39, 80|6, 59, N/A, 131.33, 80|
18:43:23 0, 37, N/A, 26.12, 0|1, 34, N/A, 27.86, 0|2, 33, N/A, 28.35, 0|3, 59, N/A, 117.66, 80|4, 59, N/A, 124.44, 80|5, 63, N/A, 122.65, 80|6, 59, N/A, 132.80, 80|
18:43:25 0, 37, N/A, 26.12, 0|1, 34, N/A, 27.86, 0|2, 33, N/A, 28.35, 0|3, 59, N/A, 117.72, 80|4, 58, N/A, 126.01, 80|5, 63, N/A, 126.39, 80|6, 59, N/A, 132.54, 80|
18:43:27 0, 37, N/A, 26.12, 0|1, 34, N/A, 27.86, 0|2, 33, N/A, 28.60, 0|3, 58, N/A, 120.42, 79|4, 58, N/A, 132.53, 80|5, 62, N/A, 121.25, 80|6, 58, N/A, 127.90, 80|
18:43:29 0, 36, N/A, 26.12, 0|1, 34, N/A, 27.86, 0|2, 33, N/A, 28.60, 0|3, 58, N/A, 115.45, 79|4, 58, N/A, 120.70, 80|5, 62, N/A, 121.42, 79|6, 58, N/A, 130.60, 80|
18:43:31 0, 37, N/A, 25.85, 0|1, 35, N/A, 27.86, 0|2, 33, N/A, 28.60, 0|3, 58, N/A, 117.97, 80|4, 58, N/A, 122.64, 81|5, 62, N/A, 122.47, 80|6, 58, N/A, 129.05, 80|
18:43:33 0, 37, N/A, 26.12, 0|1, 35, N/A, 27.86, 0|2, 33, N/A, 28.35, 0|3, 58, N/A, 117.97, 80|4, 58, N/A, 123.45, 80|5, 62, N/A, 123.39, 80|6, 58, N/A, 128.87, 81|
18:43:35 0, 37, N/A, 25.87, 0|1, 34, N/A, 27.86, 0|2, 33, N/A, 28.35, 0|3, 58, N/A, 117.23, 80|4, 58, N/A, 124.30, 80|5, 62, N/A, 124.80, 80|6, 58, N/A, 131.82, 80|
18:43:37 0, 36, N/A, 26.12, 0|1, 34, N/A, 27.86, 0|2, 33, N/A, 28.35, 0|3, 58, N/A, 125.50, 79|4, 58, N/A, 118.90, 80|5, 62, N/A, 120.99, 80|6, 58, N/A, 125.94, 80|
18:43:39 0, 37, N/A, 26.10, 0|1, 34, N/A, 27.86, 0|2, 33, N/A, 28.60, 0|3, 58, N/A, 116.01, 79|4, 59, N/A, 121.90, 80|5, 62, N/A, 120.43, 80|6, 58, N/A, 128.15, 80|
18:43:41 0, 37, N/A, 26.14, 0|1, 34, N/A, 27.86, 0|2, 33, N/A, 28.35, 0|3, 57, N/A, 43.34, 0|4, 57, N/A, 45.07, 0|5, 61, N/A, 44.60, 0|6, 57, N/A, 47.72, 0|
18:43:44 0, 37, N/A, 25.92, 0|1, 34, N/A, 27.91, 0|2, 33, N/A, 28.41, 0|3, 58, N/A, 152.59, 93|4, 58, N/A, 167.58, 93|5, 62, N/A, 168.98, 92|6, 59, N/A, 185.70, 92|
18:43:46 0, 36, N/A, 26.01, 0|1, 34, N/A, 28.02, 0|2, 33, N/A, 28.52, 0|3, 58, N/A, 77.11, 92|4, 58, N/A, 100.48, 92|5, 62, N/A, 98.11, 91|6, 58, N/A, 91.15, 91|
18:43:48 0, 37, N/A, 26.11, 0|1, 34, N/A, 28.11, 0|2, 33, N/A, 28.36, 0|3, 59, N/A, 130.37, 67|4, 59, N/A, 111.96, 70|5, 63, N/A, 93.29, 91|6, 59, N/A, 107.00, 73|
18:43:50 0, 37, N/A, 26.19, 0|1, 34, N/A, 28.22, 0|2, 33, N/A, 28.47, 0|3, 59, N/A, 129.38, 92|4, 59, N/A, 113.20, 93|5, 63, N/A, 114.44, 92|6, 59, N/A, 144.15, 92|
18:43:52 0, 37, N/A, 26.31, 0|1, 34, N/A, 28.08, 0|2, 33, N/A, 28.58, 0|3, 59, N/A, 103.57, 93|4, 59, N/A, 87.41, 92|5, 63, N/A, 78.72, 92|6, 59, N/A, 88.34, 92|
18:43:54 0, 37, N/A, 26.12, 0|1, 35, N/A, 28.15, 0|2, 33, N/A, 28.65, 0|3, 59, N/A, 119.70, 92|4, 59, N/A, 139.91, 92|5, 63, N/A, 150.38, 93|6, 59, N/A, 171.24, 92|
18:43:56 0, 37, N/A, 26.44, 0|1, 35, N/A, 28.22, 0|2, 33, N/A, 28.73, 0|3, 59, N/A, 95.17, 92|4, 59, N/A, 87.20, 93|5, 63, N/A, 73.42, 91|6, 59, N/A, 89.31, 91|
18:43:58 0, 37, N/A, 26.17, 0|1, 35, N/A, 28.47, 0|2, 33, N/A, 28.73, 0|3, 59, N/A, 87.15, 92|4, 59, N/A, 79.42, 92|5, 63, N/A, 96.19, 91|6, 59, N/A, 122.79, 92|
18:44:00 0, 37, N/A, 26.17, 0|1, 35, N/A, 27.97, 0|2, 33, N/A, 28.73, 0|3, 60, N/A, 103.35, 91|4, 60, N/A, 126.86, 92|5, 63, N/A, 143.26, 92|6, 60, N/A, 134.74, 91|
18:44:02 0, 37, N/A, 26.44, 0|1, 35, N/A, 28.22, 0|2, 33, N/A, 28.73, 0|3, 59, N/A, 103.30, 67|4, 59, N/A, 95.74, 92|5, 63, N/A, 83.73, 83|6, 59, N/A, 75.09, 69|
18:44:04 0, 37, N/A, 26.17, 0|1, 35, N/A, 28.20, 0|2, 33, N/A, 28.72, 0|3, 60, N/A, 136.23, 92|4, 60, N/A, 117.90, 93|5, 64, N/A, 108.58, 92|6, 60, N/A, 143.85, 92|
18:44:07 0, 37, N/A, 26.44, 0|1, 35, N/A, 28.22, 0|2, 33, N/A, 28.73, 0|3, 60, N/A, 96.33, 93|4, 60, N/A, 117.65, 93|5, 64, N/A, 94.69, 92|6, 60, N/A, 85.60, 93|
18:44:09 0, 37, N/A, 26.19, 0|1, 35, N/A, 28.22, 0|2, 33, N/A, 28.73, 0|3, 60, N/A, 92.61, 92|4, 59, N/A, 84.64, 92|5, 64, N/A, 90.92, 92|6, 60, N/A, 116.78, 92|
18:44:11 0, 37, N/A, 26.42, 0|1, 35, N/A, 28.22, 0|2, 33, N/A, 28.72, 0|3, 60, N/A, 120.34, 92|4, 60, N/A, 103.37, 91|5, 64, N/A, 132.06, 91|6, 60, N/A, 150.44, 92|
18:44:13 0, 37, N/A, 26.44, 0|1, 35, N/A, 28.22, 0|2, 33, N/A, 28.73, 0|3, 60, N/A, 91.61, 93|4, 60, N/A, 84.14, 92|5, 64, N/A, 76.19, 93|6, 60, N/A, 111.32, 93|
18:44:15 0, 37, N/A, 26.44, 0|1, 35, N/A, 28.47, 0|2, 33, N/A, 28.73, 0|3, 60, N/A, 87.84, 92|4, 59, N/A, 83.68, 92|5, 64, N/A, 72.67, 92|6, 60, N/A, 90.06, 93|
18:44:17 0, 37, N/A, 26.44, 0|1, 35, N/A, 27.97, 0|2, 33, N/A, 28.73, 0|3, 59, N/A, 127.03, 66|4, 59, N/A, 146.26, 72|5, 64, N/A, 153.95, 82|6, 60, N/A, 174.93, 66|
18:44:19 0, 37, N/A, 26.44, 0|1, 35, N/A, 28.47, 0|2, 34, N/A, 28.73, 0|3, 60, N/A, 83.83, 93|4, 60, N/A, 113.40, 93|5, 64, N/A, 95.19, 93|6, 60, N/A, 90.62, 93|
18:44:21 0, 37, N/A, 26.44, 0|1, 35, N/A, 28.22, 0|2, 34, N/A, 28.73, 0|3, 60, N/A, 93.62, 91|4, 60, N/A, 82.67, 91|5, 64, N/A, 97.40, 92|6, 60, N/A, 110.33, 92|
18:44:23 0, 37, N/A, 26.44, 0|1, 35, N/A, 28.24, 0|2, 34, N/A, 28.73, 0|3, 60, N/A, 83.83, 92|4, 60, N/A, 117.65, 92|5, 64, N/A, 118.92, 92|6, 60, N/A, 103.61, 92|
18:44:25 0, 37, N/A, 26.44, 0|1, 35, N/A, 28.47, 0|2, 34, N/A, 28.72, 0|3, 61, N/A, 120.59, 92|4, 60, N/A, 105.93, 93|5, 65, N/A, 91.98, 92|6, 61, N/A, 119.16, 91|
18:44:27 0, 37, N/A, 26.19, 0|1, 35, N/A, 28.22, 0|2, 34, N/A, 28.73, 0|3, 60, N/A, 84.38, 93|4, 60, N/A, 93.17, 93|5, 64, N/A, 111.95, 93|6, 61, N/A, 104.16, 92|
18:44:29 0, 37, N/A, 26.43, 0|1, 35, N/A, 28.47, 0|2, 34, N/A, 28.98, 0|3, 60, N/A, 67.59, 92|4, 60, N/A, 92.38, 91|5, 64, N/A, 121.86, 92|6, 61, N/A, 119.54, 93|
18:44:32 0, 37, N/A, 26.44, 0|1, 35, N/A, 28.22, 0|2, 34, N/A, 28.73, 0|3, 60, N/A, 140.24, 92|4, 60, N/A, 155.70, 92|5, 65, N/A, 160.71, 92|6, 60, N/A, 180.93, 92|
18:44:34 0, 37, N/A, 26.17, 0|1, 35, N/A, 28.22, 0|2, 34, N/A, 28.71, 0|3, 61, N/A, 169.85, 92|4, 61, N/A, 141.83, 93|5, 65, N/A, 113.41, 93|6, 61, N/A, 119.78, 92|
18:44:36 0, 37, N/A, 26.43, 0|1, 35, N/A, 28.47, 0|2, 34, N/A, 28.73, 0|3, 61, N/A, 139.73, 92|4, 60, N/A, 119.10, 92|5, 65, N/A, 101.97, 92|6, 61, N/A, 95.58, 92|
18:44:38 0, 37, N/A, 26.43, 0|1, 35, N/A, 28.47, 0|2, 34, N/A, 28.73, 0|3, 61, N/A, 91.41, 90|4, 61, N/A, 102.86, 66|5, 65, N/A, 117.78, 67|6, 61, N/A, 101.35, 93|
18:44:40 0, 37, N/A, 26.44, 0|1, 35, N/A, 28.47, 0|2, 34, N/A, 28.98, 0|3, 61, N/A, 82.16, 92|4, 60, N/A, 72.92, 93|5, 65, N/A, 92.97, 93|6, 61, N/A, 127.22, 92|
18:44:42 0, 37, N/A, 26.19, 0|1, 35, N/A, 28.22, 0|2, 34, N/A, 28.73, 0|3, 61, N/A, 116.32, 93|4, 60, N/A, 92.17, 93|5, 64, N/A, 79.71, 92|6, 61, N/A, 111.82, 91|
18:44:44 0, 37, N/A, 26.19, 0|1, 35, N/A, 28.22, 0|2, 34, N/A, 28.73, 0|3, 61, N/A, 133.47, 93|4, 61, N/A, 153.20, 93|5, 65, N/A, 158.20, 93|6, 61, N/A, 175.18, 93|
18:44:46 0, 37, N/A, 26.43, 0|1, 35, N/A, 28.22, 0|2, 34, N/A, 28.72, 0|3, 61, N/A, 112.12, 93|4, 61, N/A, 97.14, 92|5, 65, N/A, 97.89, 93|6, 61, N/A, 125.92, 92|
18:44:48 0, 37, N/A, 26.44, 0|1, 35, N/A, 28.22, 0|2, 34, N/A, 28.73, 0|3, 61, N/A, 123.79, 92|4, 61, N/A, 107.94, 93|5, 65, N/A, 91.67, 92|6, 61, N/A, 98.33, 92|
18:44:50 0, 37, N/A, 26.19, 0|1, 35, N/A, 28.47, 0|2, 34, N/A, 28.73, 0|3, 61, N/A, 108.61, 93|4, 61, N/A, 98.65, 92|5, 65, N/A, 85.69, 91|6, 61, N/A, 103.55, 93|
18:44:52 0, 37, N/A, 26.44, 0|1, 35, N/A, 28.47, 0|2, 34, N/A, 28.98, 0|3, 61, N/A, 71.36, 92|4, 61, N/A, 107.38, 91|5, 65, N/A, 126.89, 92|6, 62, N/A, 112.83, 92|
18:44:55 0, 37, N/A, 26.19, 0|1, 35, N/A, 28.47, 0|2, 34, N/A, 28.73, 0|3, 61, N/A, 84.58, 92|4, 61, N/A, 106.37, 91|5, 65, N/A, 124.61, 92|6, 61, N/A, 146.68, 92|
18:44:57 0, 37, N/A, 26.68, 0|1, 35, N/A, 28.22, 0|2, 34, N/A, 28.98, 0|3, 61, N/A, 78.14, 93|4, 61, N/A, 96.89, 93|5, 65, N/A, 112.39, 92|6, 61, N/A, 140.25, 92|
18:44:59 0, 37, N/A, 26.44, 0|1, 35, N/A, 28.22, 0|2, 34, N/A, 28.73, 0|3, 61, N/A, 94.12, 91|4, 61, N/A, 123.35, 68|5, 65, N/A, 106.93, 68|6, 61, N/A, 97.08, 77|
18:45:01 0, 37, N/A, 26.41, 0|1, 35, N/A, 28.22, 0|2, 34, N/A, 28.96, 0|3, 62, N/A, 131.54, 93|4, 62, N/A, 111.64, 93|5, 66, N/A, 117.85, 94|6, 62, N/A, 149.36, 93|
18:45:03 0, 37, N/A, 26.42, 0|1, 35, N/A, 28.47, 0|2, 34, N/A, 28.96, 0|3, 62, N/A, 144.24, 92|4, 62, N/A, 123.87, 91|5, 66, N/A, 105.12, 92|6, 62, N/A, 142.67, 93|
18:45:05 0, 37, N/A, 26.17, 0|1, 35, N/A, 28.20, 0|2, 34, N/A, 28.96, 0|3, 61, N/A, 174.00, 92|4, 61, N/A, 153.35, 93|5, 66, N/A, 124.93, 93|6, 62, N/A, 112.77, 92|
18:45:07 0, 37, N/A, 26.44, 0|1, 35, N/A, 28.47, 0|2, 34, N/A, 28.98, 0|3, 62, N/A, 86.14, 92|4, 62, N/A, 76.40, 93|5, 66, N/A, 68.43, 91|6, 62, N/A, 62.86, 91|
18:45:09 0, 37, N/A, 26.17, 0|1, 35, N/A, 28.22, 0|2, 34, N/A, 28.98, 0|3, 62, N/A, 92.11, 93|4, 62, N/A, 86.14, 93|5, 66, N/A, 106.62, 94|6, 62, N/A, 94.09, 92|
18:45:11 0, 37, N/A, 26.43, 0|1, 35, N/A, 28.47, 0|2, 34, N/A, 28.98, 0|3, 62, N/A, 96.63, 93|4, 62, N/A, 86.94, 93|5, 66, N/A, 96.95, 92|6, 62, N/A, 122.30, 92|
18:45:13 0, 37, N/A, 26.19, 0|1, 35, N/A, 28.47, 0|2, 34, N/A, 28.98, 0|3, 62, N/A, 86.34, 92|4, 61, N/A, 111.64, 91|5, 66, N/A, 87.20, 89|6, 62, N/A, 76.60, 93|
18:45:15 0, 37, N/A, 26.44, 0|1, 35, N/A, 28.47, 0|2, 34, N/A, 28.98, 0|3, 62, N/A, 91.86, 92|4, 62, N/A, 85.18, 93|5, 66, N/A, 75.93, 92|6, 62, N/A, 90.02, 92|
18:45:17 0, 37, N/A, 26.44, 0|1, 35, N/A, 28.47, 0|2, 34, N/A, 28.98, 0|3, 62, N/A, 116.07, 93|4, 62, N/A, 105.68, 92|5, 66, N/A, 87.20, 94|6, 62, N/A, 96.08, 93|
18:45:20 0, 37, N/A, 26.19, 0|1, 35, N/A, 28.47, 0|2, 34, N/A, 28.98, 0|3, 62, N/A, 69.82, 92|4, 62, N/A, 106.82, 93|5, 66, N/A, 128.19, 93|6, 62, N/A, 117.09, 93|
18:45:22 0, 37, N/A, 26.44, 0|1, 35, N/A, 28.47, 0|2, 34, N/A, 28.73, 0|3, 62, N/A, 83.13, 92|4, 62, N/A, 72.13, 93|5, 66, N/A, 97.64, 91|6, 62, N/A, 128.00, 93|
18:45:24 0, 37, N/A, 26.19, 0|1, 35, N/A, 28.47, 0|2, 34, N/A, 28.98, 0|3, 62, N/A, 99.14, 91|4, 62, N/A, 89.66, 93|5, 66, N/A, 89.96, 92|6, 62, N/A, 113.02, 91|
18:45:26 0, 37, N/A, 26.43, 0|1, 35, N/A, 28.22, 0|2, 34, N/A, 28.98, 0|3, 62, N/A, 76.89, 71|4, 62, N/A, 112.15, 93|5, 66, N/A, 94.99, 92|6, 62, N/A, 86.39, 67|
18:45:28 0, 37, N/A, 26.18, 0|1, 35, N/A, 28.47, 0|2, 34, N/A, 28.98, 0|3, 62, N/A, 72.07, 92|4, 62, N/A, 103.81, 93|5, 66, N/A, 122.93, 92|6, 62, N/A, 105.05, 92|
18:45:30 0, 37, N/A, 26.44, 0|1, 35, N/A, 28.22, 0|2, 34, N/A, 28.98, 0|3, 62, N/A, 121.08, 93|4, 62, N/A, 107.69, 92|5, 66, N/A, 92.92, 92|6, 62, N/A, 86.85, 93|
18:45:32 0, 37, N/A, 26.19, 0|1, 35, N/A, 28.47, 0|2, 34, N/A, 28.98, 0|3, 62, N/A, 120.77, 64|4, 61, N/A, 111.40, 93|5, 66, N/A, 96.94, 78|6, 62, N/A, 91.32, 68|
18:45:34 0, 37, N/A, 26.44, 0|1, 35, N/A, 28.47, 0|2, 34, N/A, 28.73, 0|3, 62, N/A, 124.78, 93|4, 61, N/A, 99.91, 92|5, 66, N/A, 86.20, 92|6, 62, N/A, 100.85, 93|
18:45:36 0, 37, N/A, 26.18, 0|1, 35, N/A, 28.47, 0|2, 34, N/A, 28.98, 0|3, 62, N/A, 113.38, 92|4, 61, N/A, 101.61, 93|5, 66, N/A, 89.36, 93|6, 61, N/A, 121.22, 92|
18:45:38 0, 37, N/A, 26.17, 0|1, 35, N/A, 28.22, 0|2, 34, N/A, 28.73, 0|3, 62, N/A, 139.29, 93|4, 61, N/A, 120.41, 93|5, 66, N/A, 105.18, 93|6, 61, N/A, 97.84, 93|
18:45:40 0, 37, N/A, 26.43, 0|1, 35, N/A, 28.22, 0|2, 34, N/A, 28.98, 0|3, 61, N/A, 94.87, 92|4, 61, N/A, 87.40, 93|5, 65, N/A, 74.43, 93|6, 61, N/A, 68.35, 92|
18:45:43 0, 37, N/A, 26.16, 0|1, 35, N/A, 28.20, 0|2, 34, N/A, 28.96, 0|3, 61, N/A, 127.54, 91|4, 61, N/A, 107.06, 93|5, 65, N/A, 133.82, 93|6, 61, N/A, 145.26, 92|
18:45:45 0, 37, N/A, 26.19, 0|1, 35, N/A, 28.22, 0|2, 34, N/A, 28.98, 0|3, 60, N/A, 131.28, 93|4, 60, N/A, 149.52, 93|5, 64, N/A, 156.19, 93|6, 60, N/A, 173.26, 93|
18:45:47 0, 37, N/A, 26.17, 0|1, 35, N/A, 28.22, 0|2, 33, N/A, 28.72, 0|3, 60, N/A, 161.84, 91|4, 60, N/A, 174.36, 93|5, 64, N/A, 175.13, 93|6, 60, N/A, 190.58, 91|
18:45:49 0, 37, N/A, 26.44, 0|1, 35, N/A, 28.22, 0|2, 33, N/A, 28.73, 0|3, 60, N/A, 118.58, 94|4, 60, N/A, 108.19, 93|5, 64, N/A, 92.92, 93|6, 60, N/A, 99.09, 93|
18:45:51 0, 37, N/A, 26.19, 0|1, 35, N/A, 28.22, 0|2, 33, N/A, 28.73, 0|3, 60, N/A, 81.11, 92|4, 60, N/A, 80.38, 92|5, 64, N/A, 111.14, 92|6, 60, N/A, 136.99, 92|
18:45:53 0, 37, N/A, 26.44, 0|1, 35, N/A, 28.22, 0|2, 33, N/A, 28.72, 0|3, 60, N/A, 102.84, 92|4, 60, N/A, 92.43, 93|5, 64, N/A, 78.66, 92|6, 60, N/A, 102.85, 92|
18:45:55 0, 37, N/A, 26.19, 0|1, 34, N/A, 28.22, 0|2, 33, N/A, 28.73, 0|3, 60, N/A, 124.09, 93|4, 60, N/A, 110.38, 92|5, 64, N/A, 93.42, 93|6, 60, N/A, 90.82, 93|
18:45:57 0, 37, N/A, 26.42, 0|1, 35, N/A, 28.20, 0|2, 33, N/A, 28.70, 0|3, 60, N/A, 173.99, 92|4, 59, N/A, 184.53, 93|5, 64, N/A, 170.22, 90|6, 60, N/A, 142.18, 92|
18:45:59 0, 37, N/A, 26.17, 0|1, 35, N/A, 28.22, 0|2, 33, N/A, 28.73, 0|3, 60, N/A, 116.50, 93|4, 60, N/A, 144.75, 94|5, 64, N/A, 124.36, 93|6, 60, N/A, 112.08, 93|
18:46:01 0, 37, N/A, 26.43, 0|1, 35, N/A, 28.22, 0|2, 33, N/A, 28.71, 0|3, 59, N/A, 161.08, 93|4, 59, N/A, 176.28, 93|5, 63, N/A, 176.04, 92|6, 59, N/A, 191.80, 92|
18:46:03 0, 37, N/A, 26.18, 0|1, 34, N/A, 28.22, 0|2, 33, N/A, 28.73, 0|3, 59, N/A, 84.08, 93|4, 59, N/A, 111.18, 93|5, 63, N/A, 94.39, 91|6, 59, N/A, 84.85, 91|
18:46:06 0, 37, N/A, 26.17, 0|1, 34, N/A, 27.97, 0|2, 33, N/A, 28.73, 0|3, 59, N/A, 82.87, 91|4, 59, N/A, 91.67, 93|5, 63, N/A, 113.01, 91|6, 59, N/A, 99.09, 92|
18:46:08 0, 37, N/A, 26.17, 0|1, 35, N/A, 28.22, 0|2, 33, N/A, 28.73, 0|3, 59, N/A, 94.61, 94|4, 59, N/A, 120.60, 91|5, 63, N/A, 121.62, 92|6, 59, N/A, 108.31, 94|
18:46:10 0, 37, N/A, 26.19, 0|1, 34, N/A, 28.47, 0|2, 33, N/A, 28.72, 0|3, 59, N/A, 150.66, 93|4, 59, N/A, 164.63, 93|5, 63, N/A, 167.12, 91|6, 59, N/A, 183.82, 93|
18:46:12 0, 37, N/A, 26.19, 0|1, 34, N/A, 28.22, 0|2, 33, N/A, 28.73, 0|3, 59, N/A, 112.82, 93|4, 58, N/A, 133.57, 93|5, 63, N/A, 143.01, 92|6, 58, N/A, 164.01, 93|
18:46:14 0, 36, N/A, 26.19, 0|1, 35, N/A, 28.22, 0|2, 33, N/A, 28.73, 0|3, 59, N/A, 73.37, 93|4, 58, N/A, 88.61, 93|5, 63, N/A, 115.09, 92|6, 59, N/A, 129.29, 92|
18:46:16 0, 36, N/A, 26.41, 0|1, 34, N/A, 28.20, 0|2, 33, N/A, 28.70, 0|3, 59, N/A, 174.74, 93|4, 59, N/A, 161.96, 92|5, 63, N/A, 131.64, 93|6, 59, N/A, 112.33, 93|
18:46:18 0, 37, N/A, 26.42, 0|1, 34, N/A, 28.22, 0|2, 33, N/A, 28.71, 0|3, 59, N/A, 172.00, 93|4, 59, N/A, 182.53, 93|5, 63, N/A, 181.04, 93|6, 58, N/A, 194.45, 93|
18:46:20 0, 37, N/A, 26.19, 0|1, 34, N/A, 27.97, 0|2, 33, N/A, 28.73, 0|3, 58, N/A, 96.12, 91|4, 58, N/A, 83.93, 93|5, 62, N/A, 89.92, 93|6, 58, N/A, 112.84, 92|
18:46:22 0, 37, N/A, 26.16, 0|1, 34, N/A, 28.20, 0|2, 33, N/A, 28.72, 0|3, 59, N/A, 111.62, 92|4, 58, N/A, 113.83, 93|5, 63, N/A, 134.25, 92|6, 59, N/A, 145.44, 92|
18:46:24 0, 37, N/A, 26.16, 0|1, 34, N/A, 28.20, 0|2, 33, N/A, 28.70, 0|3, 58, N/A, 173.00, 93|4, 59, N/A, 183.03, 92|5, 63, N/A, 182.01, 93|6, 58, N/A, 194.55, 93|
18:46:26 0, 36, N/A, 26.19, 0|1, 34, N/A, 28.22, 0|2, 33, N/A, 28.73, 0|3, 58, N/A, 72.62, 94|4, 58, N/A, 79.37, 93|5, 62, N/A, 111.89, 91|6, 58, N/A, 131.31, 94|
18:46:28 0, 36, N/A, 26.16, 0|1, 34, N/A, 28.22, 0|2, 33, N/A, 28.72, 0|3, 59, N/A, 112.12, 93|4, 59, N/A, 112.39, 91|5, 62, N/A, 134.32, 92|6, 58, N/A, 149.94, 93|
18:46:31 0, 36, N/A, 26.17, 0|1, 34, N/A, 28.22, 0|2, 33, N/A, 28.71, 0|3, 58, N/A, 161.83, 92|4, 58, N/A, 173.64, 93|5, 62, N/A, 174.38, 93|6, 58, N/A, 188.83, 91|
18:46:33 0, 37, N/A, 26.19, 0|1, 34, N/A, 28.22, 0|2, 33, N/A, 28.73, 0|3, 59, N/A, 120.34, 91|4, 58, N/A, 102.42, 93|5, 62, N/A, 89.21, 92|6, 58, N/A, 94.08, 92|
18:46:35 0, 37, N/A, 26.16, 0|1, 34, N/A, 28.20, 0|2, 33, N/A, 28.70, 0|3, 59, N/A, 149.91, 92|4, 59, N/A, 130.57, 94|5, 63, N/A, 107.94, 93|6, 59, N/A, 128.40, 93|
18:46:37 0, 36, N/A, 26.17, 0|1, 34, N/A, 27.97, 0|2, 33, N/A, 28.71, 0|3, 59, N/A, 168.25, 93|4, 58, N/A, 179.03, 92|5, 63, N/A, 179.29, 92|6, 59, N/A, 193.05, 93|
18:46:39 0, 37, N/A, 26.19, 0|1, 34, N/A, 28.22, 0|2, 33, N/A, 28.73, 0|3, 59, N/A, 119.82, 94|4, 59, N/A, 112.40, 93|5, 63, N/A, 95.95, 91|6, 59, N/A, 86.85, 93|
18:46:41 0, 37, N/A, 26.17, 0|1, 34, N/A, 28.47, 0|2, 33, N/A, 28.72, 0|3, 59, N/A, 169.75, 93|4, 59, N/A, 180.28, 92|5, 63, N/A, 179.29, 92|6, 59, N/A, 193.33, 93|
18:46:43 0, 37, N/A, 26.19, 0|1, 35, N/A, 28.22, 0|2, 33, N/A, 28.73, 0|3, 59, N/A, 119.83, 92|4, 59, N/A, 147.03, 94|5, 63, N/A, 153.95, 93|6, 59, N/A, 173.01, 93|
18:46:45 0, 37, N/A, 26.19, 0|1, 35, N/A, 28.22, 0|2, 33, N/A, 28.73, 0|3, 59, N/A, 97.44, 92|4, 59, N/A, 86.45, 94|5, 63, N/A, 95.39, 92|6, 59, N/A, 116.10, 93|
18:46:47 0, 37, N/A, 26.44, 0|1, 35, N/A, 28.22, 0|2, 33, N/A, 28.73, 0|3, 59, N/A, 107.80, 92|4, 59, N/A, 130.56, 93|5, 63, N/A, 140.76, 92|6, 59, N/A, 161.79, 93|
18:46:49 0, 37, N/A, 26.19, 0|1, 35, N/A, 28.22, 0|2, 33, N/A, 28.73, 0|3, 60, N/A, 106.57, 93|4, 59, N/A, 92.93, 92|5, 64, N/A, 83.44, 93|6, 60, N/A, 78.87, 93|
18:46:51 0, 37, N/A, 26.41, 0|1, 35, N/A, 28.22, 0|2, 33, N/A, 28.72, 0|3, 60, N/A, 111.12, 93|4, 60, N/A, 135.57, 92|5, 64, N/A, 141.34, 93|6, 60, N/A, 126.04, 92|
18:46:53 0, 37, N/A, 26.44, 0|1, 35, N/A, 27.97, 0|2, 33, N/A, 28.98, 0|3, 60, N/A, 119.89, 93|4, 60, N/A, 105.93, 92|5, 64, N/A, 90.47, 93|6, 60, N/A, 89.56, 93|
18:46:56 0, 37, N/A, 26.19, 0|1, 35, N/A, 28.22, 0|2, 33, N/A, 28.73, 0|3, 61, N/A, 98.14, 93|4, 60, N/A, 86.44, 92|5, 64, N/A, 91.17, 92|6, 60, N/A, 140.50, 92|
18:46:58 0, 37, N/A, 26.17, 0|1, 35, N/A, 28.22, 0|2, 33, N/A, 28.73, 0|3, 60, N/A, 78.39, 94|4, 60, N/A, 96.14, 93|5, 64, N/A, 115.15, 93|6, 60, N/A, 138.92, 94|
18:47:00 0, 37, N/A, 26.16, 0|1, 35, N/A, 28.45, 0|2, 33, N/A, 28.72, 0|3, 61, N/A, 142.99, 93|4, 61, N/A, 128.13, 91|5, 65, N/A, 105.68, 93|6, 61, N/A, 147.11, 93|
18:47:02 0, 37, N/A, 26.19, 0|1, 35, N/A, 28.22, 0|2, 33, N/A, 28.73, 0|3, 60, N/A, 129.03, 93|4, 60, N/A, 148.26, 93|5, 64, N/A, 155.21, 92|6, 61, N/A, 174.68, 93|
18:47:04 0, 37, N/A, 26.17, 0|1, 35, N/A, 27.97, 0|2, 34, N/A, 28.73, 0|3, 61, N/A, 105.21, 94|4, 61, N/A, 94.44, 93|5, 65, N/A, 82.47, 92|6, 61, N/A, 96.83, 93|
18:47:06 0, 37, N/A, 26.44, 0|1, 35, N/A, 28.47, 0|2, 34, N/A, 28.73, 0|3, 61, N/A, 95.43, 93|4, 60, N/A, 83.89, 93|5, 65, N/A, 74.72, 91|6, 61, N/A, 117.78, 93|
18:47:08 0, 37, N/A, 26.19, 0|1, 35, N/A, 28.22, 0|2, 34, N/A, 28.73, 0|3, 61, N/A, 89.41, 90|4, 61, N/A, 79.41, 93|5, 65, N/A, 104.42, 89|6, 61, N/A, 135.16, 89|
18:47:10 0, 37, N/A, 26.21, 0|1, 35, N/A, 28.22, 0|2, 33, N/A, 28.98, 0|3, 60, N/A, 98.89, 93|4, 60, N/A, 87.65, 94|5, 65, N/A, 80.17, 91|6, 61, N/A, 106.81, 93|
18:47:12 0, 37, N/A, 26.16, 0|1, 35, N/A, 28.45, 0|2, 33, N/A, 28.71, 0|3, 61, N/A, 176.24, 94|4, 61, N/A, 186.03, 92|5, 65, N/A, 184.51, 93|6, 62, N/A, 161.76, 94|
18:47:14 0, 37, N/A, 26.19, 0|1, 35, N/A, 28.22, 0|2, 33, N/A, 28.98, 0|3, 61, N/A, 117.51, 92|4, 61, N/A, 108.69, 93|5, 65, N/A, 83.93, 92|6, 61, N/A, 93.82, 92|
18:47:16 0, 37, N/A, 26.16, 0|1, 35, N/A, 28.20, 0|2, 34, N/A, 28.96, 0|3, 61, N/A, 144.98, 93|4, 62, N/A, 130.38, 92|5, 66, N/A, 106.68, 91|6, 62, N/A, 133.22, 93|
18:47:18 0, 37, N/A, 26.17, 0|1, 35, N/A, 28.47, 0|2, 34, N/A, 28.73, 0|3, 61, N/A, 84.63, 94|4, 61, N/A, 98.85, 92|5, 66, N/A, 112.97, 93|6, 62, N/A, 101.40, 94|
18:47:21 0, 37, N/A, 26.41, 0|1, 35, N/A, 28.47, 0|2, 34, N/A, 28.73, 0|3, 62, N/A, 105.85, 94|4, 62, N/A, 125.55, 93|5, 66, N/A, 143.76, 91|6, 62, N/A, 135.24, 93|
18:47:23 0, 37, N/A, 26.44, 0|1, 35, N/A, 28.47, 0|2, 34, N/A, 28.98, 0|3, 61, N/A, 93.87, 94|4, 62, N/A, 108.64, 92|5, 65, N/A, 95.95, 94|6, 62, N/A, 85.60, 94|
18:47:25 0, 37, N/A, 26.19, 0|1, 35, N/A, 28.22, 0|2, 34, N/A, 28.73, 0|3, 61, N/A, 109.06, 94|4, 61, N/A, 118.11, 93|5, 65, N/A, 97.69, 93|6, 62, N/A, 90.12, 94|
18:47:27 0, 37, N/A, 26.43, 0|1, 35, N/A, 28.22, 0|2, 34, N/A, 28.73, 0|3, 62, N/A, 82.67, 94|4, 62, N/A, 105.37, 92|5, 66, N/A, 102.97, 93|6, 62, N/A, 96.64, 93|
18:47:29 0, 37, N/A, 26.17, 0|1, 35, N/A, 28.47, 0|2, 34, N/A, 28.73, 0|3, 62, N/A, 91.36, 93|4, 61, N/A, 112.90, 93|5, 66, N/A, 86.45, 93|6, 62, N/A, 79.32, 93|
18:47:31 0, 37, N/A, 26.17, 0|1, 35, N/A, 28.47, 0|2, 34, N/A, 28.71, 0|3, 61, N/A, 166.75, 62|4, 61, N/A, 178.78, 63|5, 65, N/A, 180.01, 72|6, 62, N/A, 194.45, 74|
18:47:33 0, 37, N/A, 26.19, 0|1, 35, N/A, 28.47, 0|2, 34, N/A, 28.73, 0|3, 61, N/A, 101.84, 93|4, 62, N/A, 93.98, 94|5, 66, N/A, 81.17, 94|6, 62, N/A, 106.06, 94|
18:47:35 0, 37, N/A, 26.44, 0|1, 35, N/A, 28.22, 0|2, 34, N/A, 28.73, 0|3, 61, N/A, 135.23, 94|4, 61, N/A, 154.70, 94|5, 65, N/A, 158.70, 92|6, 61, N/A, 177.43, 93|
18:47:37 0, 37, N/A, 26.21, 0|1, 35, N/A, 28.24, 0|2, 34, N/A, 28.73, 0|3, 61, N/A, 48.80, 92|4, 61, N/A, 50.10, 94|5, 65, N/A, 49.08, 92|6, 61, N/A, 52.30, 91|
18:47:39 0, 37, N/A, 26.44, 0|1, 35, N/A, 28.22, 0|2, 33, N/A, 28.73, 0|3, 61, N/A, 121.84, 92|4, 61, N/A, 105.18, 93|5, 65, N/A, 90.97, 91|6, 61, N/A, 83.09, 91|
18:47:41 0, 37, N/A, 26.17, 0|1, 35, N/A, 28.22, 0|2, 33, N/A, 28.72, 0|3, 60, N/A, 164.58, 93|4, 61, N/A, 177.11, 93|5, 65, N/A, 178.04, 93|6, 61, N/A, 192.80, 94|
18:47:44 0, 37, N/A, 26.44, 0|1, 35, N/A, 28.47, 0|2, 33, N/A, 28.73, 0|3, 61, N/A, 89.84, 93|4, 61, N/A, 122.60, 92|5, 65, N/A, 120.42, 94|6, 61, N/A, 105.05, 94|
18:47:46 0, 37, N/A, 26.17, 0|1, 35, N/A, 28.47, 0|2, 33, N/A, 28.73, 0|3, 60, N/A, 80.36, 93|4, 60, N/A, 95.18, 94|5, 64, N/A, 110.69, 93|6, 60, N/A, 138.42, 93|
18:47:48 0, 37, N/A, 26.42, 0|1, 35, N/A, 28.45, 0|2, 33, N/A, 28.71, 0|3, 60, N/A, 168.00, 93|4, 60, N/A, 179.28, 94|5, 65, N/A, 179.01, 91|6, 60, N/A, 192.96, 91|
18:47:50 0, 37, N/A, 26.18, 0|1, 35, N/A, 28.22, 0|2, 33, N/A, 28.73, 0|3, 60, N/A, 93.91, 90|4, 60, N/A, 88.15, 94|5, 64, N/A, 110.49, 92|6, 60, N/A, 105.11, 91|
18:47:52 0, 37, N/A, 26.19, 0|1, 34, N/A, 28.47, 0|2, 33, N/A, 28.73, 0|3, 60, N/A, 81.91, 93|4, 60, N/A, 93.13, 94|5, 64, N/A, 118.40, 92|6, 60, N/A, 123.04, 93|
18:47:54 0, 37, N/A, 26.19, 0|1, 34, N/A, 28.22, 0|2, 33, N/A, 28.73, 0|3, 60, N/A, 106.36, 93|4, 60, N/A, 128.56, 94|5, 64, N/A, 139.84, 93|6, 60, N/A, 160.29, 94|
18:47:56 0, 37, N/A, 26.19, 0|1, 35, N/A, 28.22, 0|2, 33, N/A, 28.73, 0|3, 60, N/A, 97.13, 93|4, 60, N/A, 85.40, 92|5, 64, N/A, 74.68, 93|6, 60, N/A, 69.36, 94|
18:47:58 0, 37, N/A, 26.44, 0|1, 34, N/A, 28.22, 0|2, 33, N/A, 28.73, 0|3, 60, N/A, 86.39, 93|4, 60, N/A, 84.13, 94|5, 64, N/A, 103.36, 94|6, 60, N/A, 106.12, 93|
18:48:00 0, 37, N/A, 26.19, 0|1, 35, N/A, 28.22, 0|2, 33, N/A, 28.73, 0|3, 59, N/A, 115.07, 93|4, 59, N/A, 99.91, 93|5, 63, N/A, 85.94, 91|6, 59, N/A, 86.55, 93|
18:48:02 0, 36, N/A, 26.19, 0|1, 34, N/A, 28.22, 0|2, 33, N/A, 28.73, 0|3, 60, N/A, 78.90, 92|4, 60, N/A, 111.82, 93|5, 64, N/A, 129.81, 91|6, 60, N/A, 120.10, 91|
18:48:04 0, 37, N/A, 26.19, 0|1, 34, N/A, 28.22, 0|2, 33, N/A, 28.73, 0|3, 60, N/A, 92.12, 94|4, 60, N/A, 94.38, 93|5, 63, N/A, 115.77, 94|6, 60, N/A, 95.84, 94|
18:48:07 0, 37, N/A, 26.19, 0|1, 34, N/A, 28.22, 0|2, 33, N/A, 28.73, 0|3, 59, N/A, 92.60, 92|4, 59, N/A, 123.86, 62|5, 63, N/A, 106.48, 76|6, 59, N/A, 99.35, 80|
18:48:09 0, 37, N/A, 26.41, 0|1, 34, N/A, 28.22, 0|2, 33, N/A, 28.70, 0|3, 60, N/A, 174.65, 93|4, 60, N/A, 152.28, 94|5, 64, N/A, 128.14, 93|6, 60, N/A, 113.84, 93|
18:48:11 0, 36, N/A, 26.43, 0|1, 34, N/A, 28.22, 0|2, 33, N/A, 28.73, 0|3, 60, N/A, 130.78, 93|4, 60, N/A, 143.02, 94|5, 63, N/A, 111.65, 91|6, 60, N/A, 101.10, 92|
18:48:13 0, 36, N/A, 26.19, 0|1, 34, N/A, 27.97, 0|2, 33, N/A, 28.73, 0|3, 59, N/A, 93.31, 94|4, 59, N/A, 100.42, 94|5, 63, N/A, 86.45, 92|6, 59, N/A, 77.35, 93|
18:48:15 0, 36, N/A, 26.44, 0|1, 34, N/A, 28.22, 0|2, 33, N/A, 28.73, 0|3, 59, N/A, 102.15, 93|4, 59, N/A, 91.42, 93|5, 63, N/A, 78.95, 93|6, 59, N/A, 100.56, 93|
18:48:17 0, 37, N/A, 26.19, 0|1, 34, N/A, 27.97, 0|2, 33, N/A, 28.73, 0|3, 59, N/A, 95.63, 94|4, 59, N/A, 85.39, 94|5, 63, N/A, 90.66, 93|6, 59, N/A, 122.47, 93|
18:48:19 0, 36, N/A, 26.41, 0|1, 34, N/A, 27.95, 0|2, 33, N/A, 28.70, 0|3, 59, N/A, 144.65, 92|4, 59, N/A, 129.63, 93|5, 63, N/A, 106.88, 90|6, 59, N/A, 141.92, 92|
18:48:21 0, 37, N/A, 26.17, 0|1, 34, N/A, 28.22, 0|2, 33, N/A, 28.73, 0|3, 59, N/A, 87.59, 93|4, 59, N/A, 107.18, 92|5, 63, N/A, 103.67, 94|6, 59, N/A, 92.33, 93|
18:48:23 0, 36, N/A, 26.44, 0|1, 34, N/A, 28.22, 0|2, 33, N/A, 28.73, 0|3, 59, N/A, 102.09, 92|4, 59, N/A, 107.94, 94|5, 63, N/A, 88.67, 92|6, 59, N/A, 84.14, 92|
18:48:25 0, 36, N/A, 26.19, 0|1, 34, N/A, 27.97, 0|2, 33, N/A, 28.73, 0|3, 58, N/A, 114.38, 93|4, 59, N/A, 97.20, 93|5, 62, N/A, 84.94, 92|6, 58, N/A, 92.31, 92|
18:48:27 0, 36, N/A, 26.19, 0|1, 34, N/A, 28.22, 0|2, 33, N/A, 28.73, 0|3, 58, N/A, 111.81, 93|4, 59, N/A, 120.11, 94|5, 62, N/A, 98.16, 93|6, 58, N/A, 91.12, 93|
18:48:30 0, 36, N/A, 26.19, 0|1, 34, N/A, 27.97, 0|2, 33, N/A, 28.73, 0|3, 58, N/A, 106.36, 59|4, 58, N/A, 118.60, 66|5, 62, N/A, 101.46, 86|6, 58, N/A, 90.87, 59|
18:48:32 0, 36, N/A, 26.41, 0|1, 34, N/A, 27.95, 0|2, 33, N/A, 28.72, 0|3, 59, N/A, 118.82, 93|4, 59, N/A, 107.13, 94|5, 63, N/A, 132.81, 92|6, 59, N/A, 155.67, 92|
18:48:34 0, 36, N/A, 26.41, 0|1, 34, N/A, 27.97, 0|2, 33, N/A, 28.70, 0|3, 59, N/A, 173.99, 94|4, 59, N/A, 149.10, 93|5, 63, N/A, 117.40, 92|6, 59, N/A, 132.98, 93|
18:48:36 0, 36, N/A, 26.19, 0|1, 34, N/A, 28.22, 0|2, 33, N/A, 28.73, 0|3, 58, N/A, 91.61, 93|4, 58, N/A, 117.40, 94|5, 62, N/A, 124.94, 94|6, 58, N/A, 108.62, 93|
18:48:38 0, 36, N/A, 26.19, 0|1, 34, N/A, 28.22, 0|2, 33, N/A, 28.73, 0|3, 58, N/A, 119.26, 93|4, 58, N/A, 109.14, 94|5, 62, N/A, 93.74, 91|6, 58, N/A, 86.34, 92|
18:48:40 0, 36, N/A, 26.44, 0|1, 34, N/A, 28.22, 0|2, 33, N/A, 28.73, 0|3, 58, N/A, 91.36, 94|4, 58, N/A, 84.68, 94|5, 62, N/A, 74.13, 94|6, 58, N/A, 94.53, 94|
18:48:42 0, 36, N/A, 26.44, 0|1, 34, N/A, 27.97, 0|2, 33, N/A, 28.73, 0|3, 58, N/A, 90.41, 94|4, 58, N/A, 80.17, 94|5, 62, N/A, 92.68, 94|6, 58, N/A, 114.51, 94|
18:48:44 0, 36, N/A, 26.19, 0|1, 34, N/A, 27.97, 0|2, 33, N/A, 28.73, 0|3, 58, N/A, 95.92, 93|4, 58, N/A, 84.40, 92|5, 62, N/A, 95.19, 93|6, 58, N/A, 118.27, 93|
18:48:46 0, 36, N/A, 26.19, 0|1, 34, N/A, 27.97, 0|2, 33, N/A, 28.73, 0|3, 58, N/A, 80.36, 70|4, 58, N/A, 81.16, 94|5, 62, N/A, 118.41, 92|6, 58, N/A, 117.84, 83|
18:48:48 0, 36, N/A, 26.42, 0|1, 34, N/A, 28.22, 0|2, 33, N/A, 28.71, 0|3, 59, N/A, 174.99, 93|4, 59, N/A, 184.78, 94|5, 63, N/A, 182.51, 91|6, 59, N/A, 196.20, 92|
18:48:50 0, 36, N/A, 26.17, 0|1, 34, N/A, 28.22, 0|2, 33, N/A, 28.72, 0|3, 58, N/A, 168.50, 94|4, 59, N/A, 180.03, 94|5, 63, N/A, 178.79, 94|6, 59, N/A, 193.08, 94|
18:48:52 0, 37, N/A, 26.17, 0|1, 34, N/A, 28.22, 0|2, 33, N/A, 28.73, 0|3, 60, N/A, 143.24, 92|4, 60, N/A, 124.12, 94|5, 64, N/A, 105.73, 93|6, 59, N/A, 96.60, 93|
18:48:55 0, 37, N/A, 26.16, 0|1, 34, N/A, 27.97, 0|2, 33, N/A, 28.70, 0|3, 59, N/A, 165.34, 94|4, 60, N/A, 143.33, 91|5, 64, N/A, 115.90, 93|6, 60, N/A, 118.78, 94|
18:48:57 0, 36, N/A, 26.17, 0|1, 34, N/A, 28.22, 0|2, 33, N/A, 28.72, 0|3, 59, N/A, 173.25, 92|4, 59, N/A, 183.28, 94|5, 63, N/A, 181.76, 92|6, 60, N/A, 195.20, 92|
18:48:59 0, 37, N/A, 26.17, 0|1, 34, N/A, 28.22, 0|2, 33, N/A, 28.73, 0|3, 60, N/A, 90.86, 92|4, 60, N/A, 104.11, 93|5, 64, N/A, 108.39, 90|6, 60, N/A, 98.86, 91|
18:49:01 0, 37, N/A, 26.17, 0|1, 34, N/A, 28.22, 0|2, 33, N/A, 28.73, 0|3, 60, N/A, 129.53, 93|4, 60, N/A, 143.02, 94|5, 64, N/A, 116.17, 93|6, 60, N/A, 102.60, 93|
18:49:03 0, 37, N/A, 26.42, 0|1, 34, N/A, 28.20, 0|2, 33, N/A, 28.71, 0|3, 60, N/A, 175.00, 94|4, 60, N/A, 185.28, 92|5, 64, N/A, 183.26, 93|6, 60, N/A, 196.45, 94|
18:49:05 0, 37, N/A, 26.19, 0|1, 35, N/A, 28.22, 0|2, 33, N/A, 28.73, 0|3, 60, N/A, 101.65, 94|4, 60, N/A, 83.89, 92|5, 64, N/A, 106.93, 93|6, 60, N/A, 108.62, 94|
18:49:07 0, 37, N/A, 26.17, 0|1, 35, N/A, 28.47, 0|2, 33, N/A, 28.73, 0|3, 61, N/A, 122.08, 94|4, 61, N/A, 147.51, 94|5, 65, N/A, 127.12, 91|6, 61, N/A, 115.59, 93|
18:49:09 0, 37, N/A, 26.21, 0|1, 35, N/A, 28.24, 0|2, 33, N/A, 28.74, 0|3, 60, N/A, 49.31, 92|4, 60, N/A, 50.60, 92|5, 64, N/A, 49.37, 93|6, 60, N/A, 51.57, 87|
18:49:11 0, 37, N/A, 26.19, 0|1, 34, N/A, 28.22, 0|2, 33, N/A, 28.73, 0|3, 61, N/A, 81.16, 93|4, 61, N/A, 89.11, 95|5, 65, N/A, 116.10, 92|6, 61, N/A, 138.25, 92|
18:49:13 0, 37, N/A, 26.16, 0|1, 34, N/A, 28.20, 0|2, 33, N/A, 28.71, 0|3, 61, N/A, 137.56, 94|4, 61, N/A, 120.17, 93|5, 65, N/A, 113.15, 93|6, 61, N/A, 144.17, 94|
18:49:15 0, 37, N/A, 26.43, 0|1, 35, N/A, 28.22, 0|2, 34, N/A, 28.73, 0|3, 61, N/A, 102.34, 91|4, 61, N/A, 130.31, 95|5, 65, N/A, 113.71, 93|6, 61, N/A, 102.35, 92|
18:49:18 0, 37, N/A, 26.44, 0|1, 35, N/A, 28.47, 0|2, 33, N/A, 28.72, 0|3, 61, N/A, 125.85, 94|4, 61, N/A, 109.18, 92|5, 65, N/A, 92.23, 94|6, 62, N/A, 114.26, 94|
18:49:20 0, 37, N/A, 26.42, 0|1, 35, N/A, 28.47, 0|2, 33, N/A, 28.71, 0|3, 61, N/A, 173.75, 94|4, 61, N/A, 184.03, 93|5, 65, N/A, 183.26, 93|6, 61, N/A, 196.70, 94|
18:49:22 0, 37, N/A, 26.18, 0|1, 35, N/A, 28.22, 0|2, 34, N/A, 28.73, 0|3, 62, N/A, 110.92, 94|4, 62, N/A, 102.98, 92|5, 66, N/A, 89.71, 93|6, 62, N/A, 84.30, 94|
18:49:24 0, 37, N/A, 26.16, 0|1, 35, N/A, 28.20, 0|2, 34, N/A, 28.72, 0|3, 61, N/A, 176.99, 94|4, 62, N/A, 186.93, 93|5, 66, N/A, 184.51, 92|6, 62, N/A, 198.20, 93|
18:49:26 0, 37, N/A, 26.41, 0|1, 35, N/A, 28.22, 0|2, 34, N/A, 28.72, 0|3, 62, N/A, 123.09, 94|4, 62, N/A, 113.84, 92|5, 66, N/A, 138.77, 94|6, 62, N/A, 154.86, 93|
18:49:28 0, 37, N/A, 26.16, 0|1, 35, N/A, 28.20, 0|2, 34, N/A, 28.70, 0|3, 61, N/A, 175.99, 93|4, 62, N/A, 186.18, 94|5, 66, N/A, 184.18, 91|6, 62, N/A, 197.95, 92|
18:49:30 0, 37, N/A, 26.19, 0|1, 35, N/A, 28.22, 0|2, 34, N/A, 28.73, 0|3, 61, N/A, 122.52, 93|4, 61, N/A, 109.44, 94|5, 65, N/A, 92.18, 93|6, 61, N/A, 85.89, 92|
18:49:32 0, 37, N/A, 26.69, 0|1, 35, N/A, 28.47, 0|2, 34, N/A, 28.73, 0|3, 61, N/A, 78.39, 94|4, 61, N/A, 91.67, 94|5, 66, N/A, 107.13, 91|6, 62, N/A, 135.01, 93|
18:49:34 0, 37, N/A, 26.19, 0|1, 35, N/A, 28.22, 0|2, 34, N/A, 28.73, 0|3, 62, N/A, 87.84, 92|4, 61, N/A, 110.84, 94|5, 65, N/A, 90.47, 94|6, 62, N/A, 80.62, 93|
18:49:36 0, 37, N/A, 26.19, 0|1, 35, N/A, 28.47, 0|2, 34, N/A, 28.73, 0|3, 62, N/A, 89.11, 93|4, 62, N/A, 80.67, 57|5, 66, N/A, 103.66, 94|6, 62, N/A, 136.91, 93|
18:49:38 0, 37, N/A, 26.44, 0|1, 35, N/A, 28.47, 0|2, 33, N/A, 28.73, 0|3, 61, N/A, 106.86, 92|4, 61, N/A, 132.38, 94|5, 65, N/A, 102.46, 93|6, 61, N/A, 93.83, 92|
18:49:40 0, 37, N/A, 26.16, 0|1, 35, N/A, 28.22, 0|2, 33, N/A, 28.73, 0|3, 62, N/A, 122.26, 94|4, 61, N/A, 146.26, 95|5, 66, N/A, 126.61, 94|6, 62, N/A, 113.52, 94|
18:49:43 0, 37, N/A, 26.17, 0|1, 35, N/A, 28.22, 0|2, 33, N/A, 28.72, 0|3, 62, N/A, 138.39, 94|4, 62, N/A, 128.13, 94|5, 66, N/A, 106.18, 92|6, 62, N/A, 96.83, 93|
18:49:45 0, 37, N/A, 26.17, 0|1, 35, N/A, 28.20, 0|2, 34, N/A, 28.96, 0|3, 61, N/A, 174.74, 92|4, 61, N/A, 185.03, 94|5, 65, N/A, 183.26, 92|6, 61, N/A, 197.20, 92|
18:49:47 0, 37, N/A, 26.19, 0|1, 34, N/A, 27.97, 0|2, 33, N/A, 28.73, 0|3, 61, N/A, 70.32, 94|4, 61, N/A, 105.87, 94|5, 65, N/A, 123.37, 94|6, 61, N/A, 117.90, 94|
18:49:49 0, 37, N/A, 26.17, 0|1, 34, N/A, 28.22, 0|2, 33, N/A, 28.72, 0|3, 60, N/A, 152.41, 92|4, 60, N/A, 167.38, 94|5, 64, N/A, 171.12, 94|6, 61, N/A, 186.32, 91|
18:49:51 0, 37, N/A, 26.19, 0|1, 35, N/A, 28.22, 0|2, 33, N/A, 28.73, 0|3, 61, N/A, 76.84, 93|4, 60, N/A, 112.64, 94|5, 64, N/A, 126.61, 94|6, 61, N/A, 110.08, 92|
18:49:53 0, 37, N/A, 26.19, 0|1, 34, N/A, 28.22, 0|2, 33, N/A, 28.73, 0|3, 60, N/A, 46.03, 88|4, 60, N/A, 47.83, 93|5, 64, N/A, 47.32, 92|6, 60, N/A, 51.29, 73|
18:49:55 0, 36, N/A, 26.17, 0|1, 35, N/A, 28.22, 0|2, 33, N/A, 28.73, 0|3, 61, N/A, 91.36, 92|4, 61, N/A, 102.67, 94|5, 65, N/A, 119.97, 92|6, 61, N/A, 109.82, 93|
18:49:57 0, 37, N/A, 26.44, 0|1, 34, N/A, 28.22, 0|2, 33, N/A, 28.71, 0|3, 60, N/A, 146.66, 94|4, 60, N/A, 161.71, 94|5, 64, N/A, 164.87, 94|6, 60, N/A, 181.93, 92|
18:49:59 0, 36, N/A, 26.19, 0|1, 34, N/A, 28.22, 0|2, 33, N/A, 28.72, 0|3, 60, N/A, 155.66, 94|4, 59, N/A, 169.13, 91|5, 64, N/A, 174.12, 92|6, 60, N/A, 189.30, 94|
18:50:01 0, 37, N/A, 26.19, 0|1, 34, N/A, 28.22, 0|2, 33, N/A, 28.73, 0|3, 60, N/A, 91.61, 92|4, 60, N/A, 83.93, 94|5, 64, N/A, 100.40, 91|6, 60, N/A, 116.04, 91|
18:50:03 0, 37, N/A, 26.16, 0|1, 34, N/A, 28.22, 0|2, 33, N/A, 28.72, 0|3, 60, N/A, 102.34, 61|4, 60, N/A, 128.56, 57|5, 64, N/A, 144.82, 82|6, 60, N/A, 130.98, 77|
18:50:05 0, 36, N/A, 26.43, 0|1, 34, N/A, 27.97, 0|2, 33, N/A, 28.73, 0|3, 60, N/A, 89.10, 94|4, 60, N/A, 102.16, 92|5, 64, N/A, 110.65, 93|6, 60, N/A, 100.04, 95|
18:50:08 0, 36, N/A, 26.44, 0|1, 34, N/A, 27.97, 0|2, 33, N/A, 28.73, 0|3, 59, N/A, 134.73, 95|4, 59, N/A, 153.20, 94|5, 63, N/A, 158.70, 94|6, 59, N/A, 180.68, 95|
18:50:10 0, 36, N/A, 26.19, 0|1, 34, N/A, 28.22, 0|2, 33, N/A, 28.73, 0|3, 59, N/A, 121.26, 91|4, 59, N/A, 141.59, 94|5, 63, N/A, 150.76, 94|6, 59, N/A, 168.51, 93|
18:50:12 0, 36, N/A, 26.17, 0|1, 34, N/A, 28.22, 0|2, 33, N/A, 28.73, 0|3, 60, N/A, 80.32, 94|4, 59, N/A, 101.36, 92|5, 63, N/A, 99.40, 94|6, 60, N/A, 91.57, 94|
18:50:14 0, 36, N/A, 26.42, 0|1, 34, N/A, 27.97, 0|2, 33, N/A, 28.70, 0|3, 59, N/A, 172.25, 94|4, 60, N/A, 182.78, 93|5, 64, N/A, 181.51, 93|6, 60, N/A, 194.95, 95|
18:50:16 0, 36, N/A, 26.42, 0|1, 34, N/A, 28.20, 0|2, 33, N/A, 28.72, 0|3, 60, N/A, 174.50, 93|4, 59, N/A, 184.78, 94|5, 64, N/A, 182.51, 92|6, 60, N/A, 195.70, 93|
18:50:18 0, 36, N/A, 26.16, 0|1, 34, N/A, 27.95, 0|2, 33, N/A, 28.70, 0|3, 59, N/A, 174.75, 95|4, 60, N/A, 184.28, 92|5, 63, N/A, 182.93, 94|6, 59, N/A, 195.70, 94|
18:50:20 0, 36, N/A, 26.43, 0|1, 34, N/A, 27.97, 0|2, 33, N/A, 28.72, 0|3, 59, N/A, 169.75, 90|4, 59, N/A, 180.03, 94|5, 63, N/A, 179.54, 90|6, 60, N/A, 193.58, 90|
18:50:22 0, 36, N/A, 26.41, 0|1, 34, N/A, 27.95, 0|2, 33, N/A, 28.70, 0|3, 59, N/A, 120.68, 82|4, 59, N/A, 127.28, 82|5, 63, N/A, 128.40, 82|6, 59, N/A, 137.15, 82|
18:50:24 0, 36, N/A, 26.34, 0|1, 34, N/A, 27.88, 0|2, 33, N/A, 28.64, 0|3, 59, N/A, 127.12, 82|4, 59, N/A, 131.89, 83|5, 63, N/A, 131.88, 82|6, 59, N/A, 138.22, 82|
18:50:26 0, 36, N/A, 26.29, 0|1, 34, N/A, 28.31, 0|2, 33, N/A, 28.56, 0|3, 59, N/A, 123.38, 82|4, 59, N/A, 128.08, 82|5, 63, N/A, 130.13, 82|6, 59, N/A, 138.46, 82|
18:50:28 0, 36, N/A, 26.23, 0|1, 34, N/A, 28.24, 0|2, 33, N/A, 28.49, 0|3, 59, N/A, 126.23, 82|4, 59, N/A, 139.18, 82|5, 63, N/A, 127.09, 82|6, 59, N/A, 134.12, 83|
18:50:30 0, 36, N/A, 26.17, 0|1, 34, N/A, 28.19, 0|2, 33, N/A, 28.43, 0|3, 59, N/A, 123.75, 82|4, 59, N/A, 132.21, 82|5, 63, N/A, 131.52, 81|6, 59, N/A, 137.68, 82|
18:50:33 0, 36, N/A, 26.11, 0|1, 34, N/A, 28.13, 0|2, 33, N/A, 28.36, 0|3, 59, N/A, 122.26, 82|4, 59, N/A, 127.17, 82|5, 63, N/A, 128.16, 82|6, 59, N/A, 137.30, 82|
18:50:35 0, 36, N/A, 26.04, 0|1, 34, N/A, 28.06, 0|2, 33, N/A, 28.55, 0|3, 59, N/A, 122.33, 81|4, 59, N/A, 126.11, 69|5, 63, N/A, 127.72, 82|6, 59, N/A, 136.69, 83|
18:50:37 0, 36, N/A, 25.97, 0|1, 34, N/A, 27.98, 0|2, 33, N/A, 28.48, 0|3, 59, N/A, 125.82, 83|4, 59, N/A, 132.81, 82|5, 63, N/A, 133.06, 82|6, 59, N/A, 140.52, 82|
18:50:39 0, 36, N/A, 25.90, 0|1, 34, N/A, 27.90, 0|2, 33, N/A, 28.39, 0|3, 59, N/A, 121.74, 82|4, 59, N/A, 130.12, 82|5, 63, N/A, 129.44, 82|6, 59, N/A, 139.60, 82|
18:50:41 0, 36, N/A, 25.87, 0|1, 34, N/A, 27.86, 0|2, 33, N/A, 28.35, 0|3, 59, N/A, 124.83, 82|4, 59, N/A, 137.04, 82|5, 63, N/A, 126.76, 83|6, 59, N/A, 133.47, 82|
18:50:43 0, 36, N/A, 25.85, 0|1, 34, N/A, 27.86, 0|2, 33, N/A, 28.35, 0|3, 59, N/A, 122.32, 82|4, 59, N/A, 128.95, 82|5, 63, N/A, 129.77, 82|6, 59, N/A, 137.12, 82|
18:50:45 0, 36, N/A, 26.10, 0|1, 34, N/A, 27.61, 0|2, 33, N/A, 28.35, 0|3, 59, N/A, 120.42, 83|4, 59, N/A, 127.30, 82|5, 63, N/A, 127.08, 82|6, 59, N/A, 135.24, 82|
18:50:47 0, 36, N/A, 25.87, 0|1, 34, N/A, 27.86, 0|2, 33, N/A, 28.60, 0|3, 59, N/A, 124.02, 83|4, 59, N/A, 128.95, 82|5, 63, N/A, 128.95, 82|6, 59, N/A, 139.16, 82|
18:50:49 0, 36, N/A, 26.10, 0|1, 34, N/A, 27.86, 0|2, 33, N/A, 28.35, 0|3, 59, N/A, 123.53, 82|4, 59, N/A, 129.15, 82|5, 63, N/A, 127.42, 82|6, 59, N/A, 136.09, 82|
18:50:51 0, 36, N/A, 25.85, 0|1, 34, N/A, 27.86, 0|2, 33, N/A, 28.35, 0|3, 59, N/A, 119.37, 82|4, 59, N/A, 126.01, 82|5, 63, N/A, 127.49, 82|6, 59, N/A, 135.80, 82|
18:50:53 0, 36, N/A, 25.85, 0|1, 34, N/A, 27.86, 0|2, 33, N/A, 28.35, 0|3, 59, N/A, 124.51, 82|4, 59, N/A, 131.71, 82|5, 63, N/A, 129.13, 82|6, 59, N/A, 137.87, 83|
18:50:55 0, 36, N/A, 25.87, 0|1, 34, N/A, 27.86, 0|2, 33, N/A, 28.11, 0|3, 59, N/A, 120.41, 82|4, 59, N/A, 126.75, 82|5, 63, N/A, 127.06, 82|6, 59, N/A, 136.46, 82|
18:50:58 0, 36, N/A, 26.10, 0|1, 34, N/A, 27.86, 0|2, 33, N/A, 28.35, 0|3, 59, N/A, 123.46, 83|4, 59, N/A, 129.69, 82|5, 63, N/A, 130.36, 82|6, 58, N/A, 147.41, 82|
18:51:00 0, 36, N/A, 26.12, 0|1, 34, N/A, 27.61, 0|2, 33, N/A, 28.35, 0|3, 59, N/A, 120.67, 82|4, 59, N/A, 126.50, 82|5, 62, N/A, 127.80, 82|6, 58, N/A, 135.57, 82|
18:51:02 0, 36, N/A, 26.12, 0|1, 34, N/A, 27.86, 0|2, 33, N/A, 28.11, 0|3, 59, N/A, 125.75, 82|4, 59, N/A, 131.23, 82|5, 63, N/A, 130.49, 82|6, 58, N/A, 146.25, 82|
18:51:04 0, 36, N/A, 25.87, 0|1, 34, N/A, 27.86, 0|2, 33, N/A, 28.60, 0|3, 59, N/A, 123.54, 82|4, 59, N/A, 130.98, 83|5, 62, N/A, 130.49, 82|6, 58, N/A, 138.68, 82|
18:51:06 0, 36, N/A, 26.10, 0|1, 34, N/A, 27.86, 0|2, 33, N/A, 28.35, 0|3, 59, N/A, 121.33, 82|4, 58, N/A, 126.50, 82|5, 62, N/A, 126.98, 82|6, 58, N/A, 134.52, 82|
18:51:08 0, 36, N/A, 26.12, 0|1, 34, N/A, 27.86, 0|2, 33, N/A, 28.60, 0|3, 59, N/A, 124.59, 82|4, 59, N/A, 132.94, 82|5, 63, N/A, 132.62, 82|6, 58, N/A, 139.08, 82|
18:51:10 0, 36, N/A, 26.10, 0|1, 34, N/A, 27.61, 0|2, 33, N/A, 28.35, 0|3, 59, N/A, 121.40, 82|4, 58, N/A, 127.07, 82|5, 62, N/A, 126.01, 82|6, 58, N/A, 135.35, 82|
18:51:12 0, 36, N/A, 25.87, 0|1, 34, N/A, 27.86, 0|2, 33, N/A, 28.60, 0|3, 59, N/A, 124.52, 82|4, 59, N/A, 130.01, 83|5, 63, N/A, 128.47, 83|6, 58, N/A, 143.34, 82|
18:51:14 0, 36, N/A, 26.12, 0|1, 34, N/A, 27.88, 0|2, 33, N/A, 28.35, 0|3, 59, N/A, 122.56, 82|4, 59, N/A, 126.99, 82|5, 63, N/A, 127.74, 83|6, 59, N/A, 137.46, 82|
18:51:16 0, 36, N/A, 26.12, 0|1, 34, N/A, 27.88, 0|2, 33, N/A, 28.35, 0|3, 59, N/A, 124.28, 82|4, 59, N/A, 130.91, 82|5, 63, N/A, 130.26, 82|6, 59, N/A, 142.93, 82|
18:51:18 0, 36, N/A, 26.12, 0|1, 34, N/A, 27.86, 0|2, 33, N/A, 28.35, 0|3, 59, N/A, 120.91, 82|4, 59, N/A, 126.83, 82|5, 63, N/A, 127.80, 82|6, 59, N/A, 137.21, 83|
18:51:20 0, 36, N/A, 26.12, 0|1, 34, N/A, 27.84, 0|2, 33, N/A, 28.34, 0|3, 57, N/A, 42.58, 0|4, 57, N/A, 44.55, 0|5, 61, N/A, 44.08, 0|6, 57, N/A, 47.23, 0|
18:51:23 0, 36, N/A, 26.12, 0|1, 34, N/A, 27.84, 0|2, 33, N/A, 28.34, 0|3, 56, N/A, 36.67, 0|4, 55, N/A, 38.15, 0|5, 60, N/A, 38.17, 0|6, 56, N/A, 39.60, 0|
18:51:25 0, 36, N/A, 26.10, 0|1, 34, N/A, 27.83, 0|2, 33, N/A, 28.56, 0|3, 55, N/A, 36.40, 4|4, 55, N/A, 37.88, 5|5, 59, N/A, 37.90, 3|6, 55, N/A, 39.57, 3|
18:51:27 0, 36, N/A, 26.10, 0|1, 34, N/A, 27.83, 0|2, 33, N/A, 28.56, 0|3, 55, N/A, 36.40, 6|4, 54, N/A, 37.90, 7|5, 58, N/A, 37.65, 6|6, 55, N/A, 39.33, 3|
18:51:29 0, 36, N/A, 26.12, 0|1, 34, N/A, 27.88, 0|2, 33, N/A, 28.37, 0|3, 56, N/A, 65.43, 90|4, 56, N/A, 122.22, 90|5, 60, N/A, 97.31, 91|6, 56, N/A, 87.47, 91|
18:51:31 0, 37, N/A, 26.22, 0|1, 35, N/A, 27.97, 0|2, 33, N/A, 28.46, 0|3, 57, N/A, 116.28, 56|4, 56, N/A, 112.85, 58|5, 60, N/A, 110.63, 35|6, 56, N/A, 115.49, 35|
18:51:33 0, 37, N/A, 26.17, 0|1, 34, N/A, 27.91, 0|2, 33, N/A, 28.41, 0|3, 57, N/A, 105.53, 73|4, 57, N/A, 110.66, 74|5, 61, N/A, 109.68, 74|6, 57, N/A, 116.42, 72|
18:51:35 0, 36, N/A, 25.97, 0|1, 34, N/A, 27.97, 0|2, 33, N/A, 28.46, 0|3, 57, N/A, 88.00, 91|4, 57, N/A, 80.21, 91|5, 61, N/A, 70.63, 91|6, 57, N/A, 82.83, 90|
18:51:37 0, 37, N/A, 26.31, 0|1, 35, N/A, 28.06, 0|2, 33, N/A, 28.56, 0|3, 57, N/A, 101.39, 89|4, 57, N/A, 91.31, 90|5, 61, N/A, 76.51, 90|6, 57, N/A, 101.34, 90|
18:51:39 0, 36, N/A, 26.14, 0|1, 34, N/A, 28.15, 0|2, 33, N/A, 28.65, 0|3, 57, N/A, 87.39, 89|4, 57, N/A, 77.76, 89|5, 61, N/A, 97.78, 89|6, 57, N/A, 94.05, 89|
18:51:41 0, 37, N/A, 26.23, 0|1, 34, N/A, 28.24, 0|2, 33, N/A, 28.49, 0|3, 57, N/A, 94.88, 91|4, 57, N/A, 86.13, 90|5, 61, N/A, 73.31, 89|6, 57, N/A, 89.25, 90|
18:51:43 0, 36, N/A, 26.02, 0|1, 34, N/A, 28.29, 0|2, 33, N/A, 28.54, 0|3, 57, N/A, 103.75, 56|4, 57, N/A, 108.19, 72|5, 61, N/A, 106.69, 62|6, 57, N/A, 114.78, 57|
18:51:45 0, 36, N/A, 26.21, 0|1, 34, N/A, 28.22, 0|2, 33, N/A, 28.47, 0|3, 58, N/A, 102.43, 71|4, 57, N/A, 104.43, 72|5, 61, N/A, 104.23, 70|6, 57, N/A, 113.31, 68|
18:51:48 0, 37, N/A, 25.99, 0|1, 34, N/A, 28.02, 0|2, 33, N/A, 28.52, 0|3, 57, N/A, 70.07, 89|4, 57, N/A, 122.93, 91|5, 61, N/A, 104.38, 90|6, 57, N/A, 96.15, 90|
18:51:50 0, 37, N/A, 26.07, 0|1, 35, N/A, 28.10, 0|2, 33, N/A, 28.85, 0|3, 57, N/A, 65.29, 90|4, 57, N/A, 96.20, 90|5, 61, N/A, 118.57, 89|6, 57, N/A, 112.82, 89|
18:51:52 0, 37, N/A, 26.12, 0|1, 34, N/A, 28.17, 0|2, 33, N/A, 28.67, 0|3, 57, N/A, 95.89, 90|4, 57, N/A, 85.27, 90|5, 61, N/A, 71.48, 89|6, 57, N/A, 81.62, 89|
18:51:54 0, 37, N/A, 26.44, 0|1, 34, N/A, 28.22, 0|2, 34, N/A, 28.73, 0|3, 57, N/A, 118.40, 90|4, 57, N/A, 104.93, 91|5, 61, N/A, 88.71, 89|6, 57, N/A, 81.12, 90|
18:51:56 0, 37, N/A, 26.44, 0|1, 35, N/A, 28.22, 0|2, 33, N/A, 28.73, 0|3, 57, N/A, 84.34, 89|4, 57, N/A, 105.13, 90|5, 61, N/A, 85.44, 89|6, 57, N/A, 78.11, 90|
18:51:58 0, 37, N/A, 26.44, 0|1, 35, N/A, 28.22, 0|2, 33, N/A, 28.73, 0|3, 57, N/A, 83.33, 89|4, 57, N/A, 117.11, 90|5, 61, N/A, 117.67, 89|6, 57, N/A, 106.37, 90|
18:52:00 0, 37, N/A, 26.44, 0|1, 35, N/A, 28.22, 0|2, 33, N/A, 28.73, 0|3, 57, N/A, 69.64, 90|4, 57, N/A, 79.36, 90|5, 61, N/A, 111.83, 89|6, 57, N/A, 129.06, 90|
18:52:02 0, 37, N/A, 26.19, 0|1, 35, N/A, 28.22, 0|2, 34, N/A, 28.73, 0|3, 57, N/A, 116.14, 90|4, 57, N/A, 105.13, 90|5, 61, N/A, 91.72, 90|6, 57, N/A, 84.34, 90|
18:52:04 0, 37, N/A, 26.44, 0|1, 35, N/A, 28.22, 0|2, 34, N/A, 28.73, 0|3, 57, N/A, 81.37, 90|4, 57, N/A, 85.39, 90|5, 61, N/A, 104.57, 90|6, 57, N/A, 93.08, 90|
18:52:06 0, 37, N/A, 26.19, 0|1, 35, N/A, 28.22, 0|2, 33, N/A, 28.73, 0|3, 57, N/A, 90.61, 89|4, 57, N/A, 89.66, 90|5, 61, N/A, 107.55, 90|6, 57, N/A, 95.59, 90|
18:52:08 0, 37, N/A, 26.43, 0|1, 35, N/A, 28.22, 0|2, 34, N/A, 28.73, 0|3, 57, N/A, 72.57, 90|4, 57, N/A, 99.35, 91|5, 61, N/A, 112.90, 90|6, 57, N/A, 105.37, 90|
18:52:11 0, 37, N/A, 26.44, 0|1, 35, N/A, 28.22, 0|2, 34, N/A, 28.73, 0|3, 57, N/A, 80.11, 89|4, 57, N/A, 83.64, 90|5, 61, N/A, 109.44, 89|6, 57, N/A, 101.11, 90|
18:52:13 0, 37, N/A, 26.19, 0|1, 35, N/A, 28.22, 0|2, 34, N/A, 28.73, 0|3, 57, N/A, 93.37, 90|4, 56, N/A, 85.15, 78|5, 60, N/A, 73.71, 89|6, 57, N/A, 97.84, 90|
18:52:15 0, 37, N/A, 26.44, 0|1, 35, N/A, 28.47, 0|2, 34, N/A, 28.73, 0|3, 57, N/A, 103.81, 90|4, 57, N/A, 91.97, 89|5, 61, N/A, 71.41, 90|6, 57, N/A, 87.55, 90|
18:52:17 0, 37, N/A, 26.44, 0|1, 35, N/A, 28.47, 0|2, 33, N/A, 28.73, 0|3, 57, N/A, 79.15, 89|4, 57, N/A, 89.11, 90|5, 61, N/A, 107.68, 89|6, 57, N/A, 127.31, 89|
18:52:19 0, 37, N/A, 26.44, 0|1, 35, N/A, 28.47, 0|2, 34, N/A, 28.98, 0|3, 57, N/A, 97.07, 90|4, 57, N/A, 94.90, 90|5, 61, N/A, 82.47, 89|6, 57, N/A, 74.84, 89|
18:52:21 0, 37, N/A, 26.44, 0|1, 35, N/A, 28.22, 0|2, 34, N/A, 28.73, 0|3, 57, N/A, 79.61, 90|4, 57, N/A, 72.38, 90|5, 61, N/A, 117.60, 90|6, 57, N/A, 107.87, 90|
18:52:23 0, 37, N/A, 26.44, 0|1, 35, N/A, 28.22, 0|2, 34, N/A, 28.73, 0|3, 57, N/A, 110.06, 90|4, 57, N/A, 120.68, 91|5, 61, N/A, 96.70, 90|6, 57, N/A, 85.60, 90|
18:52:25 0, 37, N/A, 26.17, 0|1, 35, N/A, 28.47, 0|2, 34, N/A, 28.73, 0|3, 57, N/A, 108.55, 74|4, 57, N/A, 119.29, 74|5, 61, N/A, 114.96, 74|6, 57, N/A, 118.47, 72|
18:52:27 0, 37, N/A, 26.40, 0|1, 35, N/A, 28.44, 0|2, 34, N/A, 28.94, 0|3, 58, N/A, 106.52, 72|4, 58, N/A, 109.74, 73|5, 62, N/A, 109.24, 72|6, 58, N/A, 115.37, 70|
18:52:29 0, 37, N/A, 26.34, 0|1, 35, N/A, 28.10, 0|2, 34, N/A, 28.60, 0|3, 55, N/A, 42.35, 0|4, 55, N/A, 44.11, 0|5, 59, N/A, 43.63, 0|6, 55, N/A, 46.58, 0|
