14:40:27 0, 74, N/A, 36.89, 0|1, 72, N/A, 39.32, 0|2, 70, N/A, 42.05, 0|3, 62, N/A, 32.53, 0|
14:40:30 0, 75, N/A, 45.85, 0|1, 72, N/A, 48.78, 0|2, 70, N/A, 50.06, 0|3, 63, N/A, 39.82, 0|
14:40:32 0, 74, N/A, 45.85, 0|1, 72, N/A, 49.48, 39|2, 70, N/A, 50.06, 0|3, 63, N/A, 39.80, 0|
14:40:34 0, 74, N/A, 45.85, 0|1, 72, N/A, 48.53, 0|2, 70, N/A, 50.06, 0|3, 63, N/A, 40.78, 39|
14:40:36 0, 74, N/A, 45.85, 0|1, 72, N/A, 48.29, 0|2, 71, N/A, 51.03, 0|3, 63, N/A, 40.07, 0|
14:40:38 0, 74, N/A, 45.85, 0|1, 72, N/A, 48.02, 0|2, 71, N/A, 51.00, 0|3, 63, N/A, 40.02, 0|
14:40:40 0, 75, N/A, 46.67, 18|1, 73, N/A, 49.57, 18|2, 72, N/A, 55.70, 29|3, 66, N/A, 187.79, 30|
14:40:42 0, 75, N/A, 113.36, 18|1, 73, N/A, 49.11, 18|2, 72, N/A, 52.82, 20|3, 67, N/A, 74.88, 30|
14:40:44 0, 76, N/A, 118.89, 31|1, 73, N/A, 95.51, 19|2, 72, N/A, 52.57, 20|3, 67, N/A, 54.03, 42|
14:40:46 0, 76, N/A, 54.42, 18|1, 73, N/A, 108.12, 30|2, 72, N/A, 55.94, 32|3, 67, N/A, 50.14, 30|
14:40:48 0, 76, N/A, 48.85, 18|1, 73, N/A, 63.17, 18|2, 73, N/A, 145.71, 20|3, 67, N/A, 49.90, 30|
14:40:50 0, 76, N/A, 47.64, 21|1, 73, N/A, 52.93, 18|2, 73, N/A, 85.71, 20|3, 67, N/A, 161.17, 42|
14:40:52 0, 76, N/A, 47.12, 18|1, 73, N/A, 50.26, 31|2, 73, N/A, 59.83, 22|3, 68, N/A, 194.92, 38|
14:40:55 0, 76, N/A, 62.84, 18|1, 73, N/A, 49.56, 18|2, 73, N/A, 53.76, 20|3, 69, N/A, 96.89, 30|
14:40:57 0, 76, N/A, 124.44, 20|1, 73, N/A, 106.01, 18|2, 73, N/A, 53.03, 20|3, 68, N/A, 54.03, 31|
14:40:59 0, 76, N/A, 55.14, 28|1, 74, N/A, 116.65, 23|2, 72, N/A, 102.18, 20|3, 68, N/A, 51.11, 41|
14:41:01 0, 76, N/A, 49.10, 18|1, 74, N/A, 63.17, 25|2, 73, N/A, 145.87, 32|3, 68, N/A, 50.62, 30|
14:41:03 0, 76, N/A, 47.85, 18|1, 74, N/A, 52.23, 18|2, 73, N/A, 77.26, 20|3, 69, N/A, 174.37, 30|
14:41:05 0, 76, N/A, 47.61, 26|1, 74, N/A, 50.74, 18|2, 73, N/A, 61.94, 20|3, 69, N/A, 202.45, 42|
14:41:07 0, 76, N/A, 47.61, 18|1, 74, N/A, 50.02, 20|2, 73, N/A, 54.94, 32|3, 70, N/A, 195.20, 30|
14:41:09 0, 76, N/A, 114.21, 18|1, 74, N/A, 49.80, 18|2, 72, N/A, 53.27, 20|3, 70, N/A, 73.90, 30|
14:41:11 0, 77, N/A, 112.33, 30|1, 74, N/A, 100.73, 18|2, 72, N/A, 52.81, 20|3, 69, N/A, 55.98, 41|
14:41:13 0, 77, N/A, 60.00, 18|1, 74, N/A, 152.92, 28|2, 72, N/A, 75.61, 32|3, 69, N/A, 52.54, 30|
14:41:15 0, 77, N/A, 50.80, 18|1, 75, N/A, 75.47, 18|2, 72, N/A, 136.98, 20|3, 69, N/A, 51.84, 30|
14:41:17 0, 77, N/A, 48.85, 30|1, 75, N/A, 58.76, 18|2, 72, N/A, 138.73, 20|3, 69, N/A, 107.73, 42|
14:41:20 0, 77, N/A, 48.07, 18|1, 74, N/A, 51.71, 30|2, 72, N/A, 66.84, 23|3, 69, N/A, 190.48, 30|
14:41:22 0, 77, N/A, 48.06, 18|1, 74, N/A, 50.74, 18|2, 72, N/A, 56.40, 20|3, 70, N/A, 193.14, 30|
14:41:24 0, 77, N/A, 49.04, 30|1, 74, N/A, 50.29, 18|2, 72, N/A, 53.24, 20|3, 70, N/A, 121.21, 39|
14:41:26 0, 77, N/A, 132.77, 18|1, 74, N/A, 50.05, 27|2, 72, N/A, 52.33, 25|3, 70, N/A, 68.07, 32|
14:41:28 0, 78, N/A, 108.04, 18|1, 74, N/A, 109.06, 18|2, 71, N/A, 52.30, 20|3, 70, N/A, 55.94, 30|
14:41:30 0, 80, N/A, 159.34, 100|1, 74, N/A, 49.59, 0|2, 70, N/A, 51.11, 0|3, 68, N/A, 50.35, 0|
14:41:32 0, 77, N/A, 47.40, 0|1, 75, N/A, 58.31, 0|2, 74, N/A, 164.57, 100|3, 67, N/A, 42.35, 0|
14:41:34 0, 79, N/A, 107.75, 100|1, 77, N/A, 62.81, 100|2, 72, N/A, 159.25, 0|3, 67, N/A, 48.58, 0|
14:41:36 0, 80, N/A, 133.55, 100|1, 76, N/A, 59.09, 0|2, 75, N/A, 200.59, 100|3, 68, N/A, 49.45, 0|
14:41:38 0, 78, N/A, 47.85, 0|1, 76, N/A, 59.45, 0|2, 75, N/A, 201.38, 100|3, 67, N/A, 48.64, 0|
14:41:40 0, 80, N/A, 117.74, 100|1, 75, N/A, 50.56, 0|2, 72, N/A, 60.61, 0|3, 68, N/A, 49.68, 0|
14:41:43 0, 79, N/A, 54.03, 85|1, 77, N/A, 184.29, 16|2, 74, N/A, 63.72, 90|3, 69, N/A, 167.05, 15|
14:41:45 0, 78, N/A, 49.28, 0|1, 77, N/A, 96.83, 100|2, 74, N/A, 63.12, 0|3, 69, N/A, 188.53, 100|
14:41:47 0, 78, N/A, 51.05, 0|1, 79, N/A, 180.78, 100|2, 74, N/A, 63.00, 0|3, 71, N/A, 192.62, 100|
14:41:49 0, 78, N/A, 50.29, 0|1, 76, N/A, 51.26, 0|2, 74, N/A, 62.72, 0|3, 71, N/A, 161.41, 100|
14:41:51 0, 79, N/A, 98.57, 100|1, 78, N/A, 167.87, 100|2, 73, N/A, 61.71, 0|3, 68, N/A, 49.59, 0|
14:41:53 0, 79, N/A, 143.84, 6|1, 80, N/A, 168.27, 100|2, 74, N/A, 62.99, 0|3, 71, N/A, 164.98, 100|
14:41:55 0, 79, N/A, 66.48, 100|1, 80, N/A, 143.67, 100|2, 74, N/A, 62.75, 0|3, 70, N/A, 51.81, 72|
14:41:57 0, 79, N/A, 49.03, 2|1, 78, N/A, 178.34, 100|2, 74, N/A, 62.95, 0|3, 70, N/A, 51.81, 16|
14:41:59 0, 78, N/A, 48.09, 0|1, 77, N/A, 56.05, 0|2, 75, N/A, 64.62, 0|3, 70, N/A, 178.63, 100|
14:42:01 0, 79, N/A, 91.73, 100|1, 78, N/A, 168.59, 8|2, 73, N/A, 62.19, 0|3, 68, N/A, 49.82, 0|
14:42:04 0, 79, N/A, 48.69, 0|1, 79, N/A, 151.24, 100|2, 75, N/A, 64.78, 0|3, 70, N/A, 151.42, 100|
14:42:06 0, 79, N/A, 43.82, 100|1, 77, N/A, 165.32, 0|2, 75, N/A, 64.05, 0|3, 71, N/A, 183.60, 100|
14:42:08 0, 79, N/A, 66.60, 100|1, 77, N/A, 58.69, 0|2, 76, N/A, 65.54, 51|3, 70, N/A, 176.57, 50|
14:42:10 0, 78, N/A, 48.31, 0|1, 78, N/A, 56.04, 0|2, 77, N/A, 185.13, 100|3, 68, N/A, 49.61, 0|
14:42:12 0, 80, N/A, 134.87, 100|1, 77, N/A, 54.90, 0|2, 74, N/A, 63.03, 0|3, 69, N/A, 51.11, 0|
14:42:14 0, 79, N/A, 63.28, 100|1, 78, N/A, 59.69, 0|2, 76, N/A, 163.23, 100|3, 67, N/A, 49.35, 0|
14:42:16 0, 79, N/A, 100.81, 100|1, 80, N/A, 161.20, 100|2, 74, N/A, 62.67, 0|3, 68, N/A, 49.77, 0|
14:42:18 0, 78, N/A, 60.41, 100|1, 77, N/A, 52.44, 0|2, 75, N/A, 63.89, 0|3, 70, N/A, 172.09, 100|
14:42:21 0, 79, N/A, 56.07, 100|1, 77, N/A, 52.44, 0|2, 78, N/A, 192.76, 100|3, 67, N/A, 49.13, 0|
14:42:23 0, 78, N/A, 48.09, 0|1, 77, N/A, 52.72, 0|2, 77, N/A, 164.57, 100|3, 68, N/A, 49.37, 0|
14:42:25 0, 80, N/A, 109.07, 100|1, 77, N/A, 51.57, 0|2, 74, N/A, 63.08, 0|3, 69, N/A, 50.66, 0|
14:42:27 0, 79, N/A, 95.61, 100|1, 79, N/A, 152.96, 100|2, 74, N/A, 52.99, 1|3, 67, N/A, 49.35, 0|
14:42:29 0, 79, N/A, 93.43, 100|1, 79, N/A, 133.75, 100|2, 75, N/A, 63.44, 0|3, 70, N/A, 51.29, 55|
14:42:31 0, 79, N/A, 121.71, 69|1, 79, N/A, 122.85, 100|2, 75, N/A, 64.25, 1|3, 71, N/A, 182.40, 100|
14:42:33 0, 79, N/A, 57.53, 100|1, 77, N/A, 58.00, 0|2, 76, N/A, 64.37, 0|3, 71, N/A, 179.24, 100|
14:42:35 0, 78, N/A, 48.13, 0|1, 78, N/A, 52.47, 0|2, 78, N/A, 170.00, 100|3, 68, N/A, 48.89, 0|
14:42:38 0, 80, N/A, 111.68, 100|1, 77, N/A, 51.54, 0|2, 75, N/A, 63.77, 0|3, 70, N/A, 50.87, 22|
14:42:40 0, 79, N/A, 69.11, 100|1, 80, N/A, 130.53, 100|2, 75, N/A, 138.98, 1|3, 68, N/A, 49.13, 0|
14:42:42 0, 79, N/A, 67.65, 100|1, 80, N/A, 205.94, 100|2, 75, N/A, 64.17, 0|3, 70, N/A, 50.84, 35|
14:42:44 0, 79, N/A, 99.61, 100|1, 77, N/A, 57.71, 0|2, 77, N/A, 65.54, 0|3, 71, N/A, 177.09, 100|
14:42:46 0, 78, N/A, 64.53, 100|1, 77, N/A, 56.78, 0|2, 79, N/A, 185.29, 100|3, 68, N/A, 49.10, 0|
14:42:48 0, 78, N/A, 49.31, 0|1, 78, N/A, 54.60, 0|2, 78, N/A, 203.05, 100|3, 69, N/A, 49.58, 0|
14:42:50 0, 80, N/A, 138.56, 100|1, 76, N/A, 53.69, 0|2, 76, N/A, 55.98, 0|3, 71, N/A, 52.33, 100|
14:42:52 0, 79, N/A, 107.44, 100|1, 79, N/A, 192.34, 100|2, 75, N/A, 55.35, 0|3, 69, N/A, 49.77, 0|
14:42:54 0, 78, N/A, 48.42, 0|1, 79, N/A, 171.62, 100|2, 77, N/A, 67.12, 0|3, 71, N/A, 178.31, 100|
14:42:57 0, 78, N/A, 48.06, 0|1, 77, N/A, 58.47, 0|2, 77, N/A, 61.71, 0|3, 72, N/A, 189.61, 100|
14:42:59 0, 79, N/A, 56.71, 100|1, 77, N/A, 58.63, 0|2, 76, N/A, 59.95, 0|3, 69, N/A, 50.23, 0|
14:43:01 0, 78, N/A, 48.09, 0|1, 78, N/A, 59.21, 0|2, 79, N/A, 184.66, 100|3, 68, N/A, 49.59, 0|
14:43:03 0, 78, N/A, 48.55, 19|1, 78, N/A, 59.90, 22|2, 77, N/A, 70.61, 24|3, 71, N/A, 194.83, 25|
14:43:05 0, 79, N/A, 51.95, 24|1, 78, N/A, 88.66, 19|2, 77, N/A, 172.80, 20|3, 70, N/A, 52.50, 32|
14:43:07 0, 78, N/A, 148.23, 20|1, 78, N/A, 59.48, 27|2, 77, N/A, 62.96, 20|3, 72, N/A, 59.80, 32|
14:43:09 0, 79, N/A, 49.01, 20|1, 78, N/A, 59.93, 18|2, 77, N/A, 67.49, 24|3, 72, N/A, 194.25, 39|
14:43:11 0, 79, N/A, 50.97, 27|1, 79, N/A, 76.34, 18|2, 77, N/A, 186.21, 20|3, 71, N/A, 58.30, 41|
14:43:13 0, 78, N/A, 139.21, 27|1, 78, N/A, 59.69, 18|2, 76, N/A, 56.88, 21|3, 72, N/A, 65.88, 32|
14:43:15 0, 79, N/A, 49.79, 23|1, 79, N/A, 68.92, 18|2, 77, N/A, 147.05, 21|3, 71, N/A, 100.89, 32|
14:43:17 0, 79, N/A, 108.39, 24|1, 78, N/A, 59.94, 18|2, 76, N/A, 56.63, 21|3, 72, N/A, 81.35, 32|
14:43:19 0, 79, N/A, 52.93, 22|1, 79, N/A, 98.37, 18|2, 75, N/A, 138.26, 22|3, 71, N/A, 53.26, 32|
14:43:22 0, 79, N/A, 49.03, 26|1, 78, N/A, 60.87, 18|2, 76, N/A, 58.31, 22|3, 72, N/A, 194.84, 32|
14:43:24 0, 79, N/A, 70.07, 24|1, 78, N/A, 184.74, 18|2, 75, N/A, 55.90, 22|3, 72, N/A, 54.21, 32|
14:43:26 0, 79, N/A, 49.03, 27|1, 78, N/A, 61.35, 18|2, 75, N/A, 65.07, 22|3, 72, N/A, 208.91, 32|
14:43:28 0, 79, N/A, 97.54, 23|1, 78, N/A, 149.82, 20|2, 75, N/A, 55.87, 22|3, 72, N/A, 56.11, 32|
14:43:30 0, 79, N/A, 49.28, 22|1, 79, N/A, 62.84, 18|2, 75, N/A, 74.53, 22|3, 72, N/A, 186.84, 32|
14:43:32 0, 79, N/A, 139.77, 22|1, 78, N/A, 60.41, 18|2, 75, N/A, 55.91, 22|3, 73, N/A, 65.63, 32|
14:43:34 0, 79, N/A, 50.52, 20|1, 79, N/A, 72.76, 18|2, 75, N/A, 153.41, 22|3, 72, N/A, 61.20, 32|
14:43:36 0, 79, N/A, 48.79, 26|1, 78, N/A, 52.93, 20|2, 75, N/A, 56.42, 22|3, 73, N/A, 113.76, 32|
14:43:38 0, 79, N/A, 69.15, 21|1, 78, N/A, 146.98, 20|2, 75, N/A, 55.42, 21|3, 72, N/A, 54.72, 38|
14:43:40 0, 79, N/A, 50.56, 20|1, 78, N/A, 67.95, 20|2, 75, N/A, 149.00, 22|3, 72, N/A, 53.51, 32|
14:43:42 0, 79, N/A, 49.03, 20|1, 78, N/A, 53.63, 25|2, 75, N/A, 65.07, 27|3, 72, N/A, 203.14, 32|
14:43:44 0, 78, N/A, 49.03, 20|1, 77, N/A, 52.41, 20|2, 75, N/A, 55.42, 22|3, 74, N/A, 135.17, 32|
14:43:47 0, 79, N/A, 136.53, 22|1, 77, N/A, 52.44, 20|2, 74, N/A, 54.23, 22|3, 73, N/A, 62.23, 37|
14:43:49 0, 79, N/A, 65.51, 20|1, 78, N/A, 152.53, 20|2, 74, N/A, 53.99, 22|3, 72, N/A, 54.72, 32|
14:43:51 0, 79, N/A, 50.77, 20|1, 78, N/A, 71.11, 25|2, 74, N/A, 145.34, 27|3, 72, N/A, 53.51, 32|
14:43:53 0, 78, N/A, 49.28, 20|1, 78, N/A, 54.60, 20|2, 74, N/A, 76.72, 22|3, 72, N/A, 181.55, 32|
14:43:55 0, 78, N/A, 48.49, 0|1, 77, N/A, 51.88, 0|2, 73, N/A, 52.92, 0|3, 71, N/A, 52.68, 0|
14:43:57 0, 78, N/A, 58.66, 100|1, 76, N/A, 51.60, 0|2, 72, N/A, 52.43, 0|3, 70, N/A, 51.66, 0|
14:43:59 0, 79, N/A, 59.69, 100|1, 77, N/A, 51.96, 0|2, 76, N/A, 161.16, 100|3, 69, N/A, 43.54, 0|
14:44:01 0, 79, N/A, 99.11, 100|1, 77, N/A, 52.16, 0|2, 77, N/A, 161.78, 100|3, 70, N/A, 50.05, 0|
14:44:03 0, 79, N/A, 71.29, 100|1, 78, N/A, 53.42, 5|2, 76, N/A, 159.61, 100|3, 70, N/A, 50.31, 0|
14:44:05 0, 78, N/A, 48.37, 0|1, 79, N/A, 156.30, 100|2, 74, N/A, 62.51, 0|3, 72, N/A, 51.81, 38|
14:44:07 0, 78, N/A, 48.09, 0|1, 77, N/A, 51.72, 0|2, 76, N/A, 64.91, 0|3, 72, N/A, 157.29, 100|
14:44:09 0, 79, N/A, 56.22, 100|1, 76, N/A, 51.60, 1|2, 74, N/A, 62.15, 0|3, 71, N/A, 50.72, 0|
14:44:12 0, 79, N/A, 103.00, 100|1, 78, N/A, 59.17, 0|2, 76, N/A, 192.17, 100|3, 70, N/A, 50.01, 0|
14:44:14 0, 80, N/A, 106.07, 100|1, 78, N/A, 52.86, 0|2, 77, N/A, 164.33, 100|3, 71, N/A, 51.01, 0|
14:44:16 0, 79, N/A, 77.59, 100|1, 80, N/A, 90.36, 100|2, 74, N/A, 134.21, 1|3, 72, N/A, 51.53, 0|
14:44:18 0, 78, N/A, 48.61, 0|1, 79, N/A, 121.48, 100|2, 75, N/A, 63.73, 0|3, 74, N/A, 59.60, 100|
14:44:20 0, 78, N/A, 47.85, 0|1, 77, N/A, 57.55, 0|2, 76, N/A, 64.42, 0|3, 74, N/A, 163.00, 100|
14:44:22 0, 79, N/A, 55.74, 100|1, 76, N/A, 51.36, 0|2, 75, N/A, 63.12, 0|3, 71, N/A, 51.42, 0|
14:44:24 0, 79, N/A, 88.10, 100|1, 77, N/A, 58.93, 0|2, 78, N/A, 168.35, 100|3, 70, N/A, 50.77, 0|
14:44:26 0, 80, N/A, 83.79, 100|1, 77, N/A, 55.53, 0|2, 79, N/A, 183.58, 100|3, 71, N/A, 51.47, 0|
14:44:28 0, 79, N/A, 100.99, 100|1, 80, N/A, 170.88, 100|2, 75, N/A, 63.85, 0|3, 71, N/A, 51.71, 0|
14:44:31 0, 78, N/A, 52.09, 0|1, 79, N/A, 126.72, 100|2, 76, N/A, 65.21, 0|3, 73, N/A, 185.41, 100|
14:44:33 0, 78, N/A, 48.06, 0|1, 76, N/A, 51.68, 0|2, 76, N/A, 62.19, 0|3, 74, N/A, 192.67, 100|
14:44:35 0, 79, N/A, 67.69, 100|1, 77, N/A, 144.62, 21|2, 75, N/A, 60.78, 0|3, 71, N/A, 51.29, 0|
14:44:37 0, 79, N/A, 95.12, 100|1, 77, N/A, 57.72, 0|2, 79, N/A, 183.48, 100|3, 70, N/A, 51.01, 0|
14:44:39 0, 78, N/A, 56.77, 100|1, 78, N/A, 58.93, 0|2, 78, N/A, 207.12, 100|3, 71, N/A, 51.22, 0|
14:44:41 0, 79, N/A, 84.14, 100|1, 79, N/A, 122.37, 100|2, 76, N/A, 63.94, 1|3, 72, N/A, 52.54, 0|
14:44:43 0, 78, N/A, 50.70, 100|1, 77, N/A, 130.59, 8|2, 76, N/A, 57.98, 0|3, 74, N/A, 179.60, 100|
14:44:45 0, 78, N/A, 48.06, 0|1, 77, N/A, 57.99, 0|2, 79, N/A, 200.60, 100|3, 71, N/A, 51.01, 0|
14:44:48 0, 80, N/A, 96.52, 100|1, 76, N/A, 57.62, 0|2, 76, N/A, 63.77, 0|3, 72, N/A, 52.60, 0|
14:44:50 0, 79, N/A, 104.72, 100|1, 79, N/A, 216.93, 100|2, 75, N/A, 63.04, 0|3, 70, N/A, 50.94, 0|
14:44:52 0, 78, N/A, 52.12, 0|1, 79, N/A, 112.77, 100|2, 77, N/A, 63.81, 0|3, 72, N/A, 176.93, 100|
14:44:54 0, 78, N/A, 55.56, 100|1, 76, N/A, 51.68, 0|2, 77, N/A, 64.34, 0|3, 74, N/A, 185.26, 100|
14:44:56 0, 79, N/A, 78.28, 100|1, 77, N/A, 58.47, 0|2, 79, N/A, 169.67, 100|3, 71, N/A, 50.77, 0|
14:44:58 0, 78, N/A, 48.13, 0|1, 77, N/A, 52.24, 0|2, 79, N/A, 157.62, 100|3, 72, N/A, 51.56, 0|
14:45:00 0, 80, N/A, 150.75, 100|1, 76, N/A, 51.50, 0|2, 76, N/A, 60.56, 0|3, 74, N/A, 53.75, 87|
14:45:02 0, 79, N/A, 101.36, 100|1, 80, N/A, 144.43, 100|2, 76, N/A, 55.62, 1|3, 71, N/A, 50.77, 0|
14:45:04 0, 79, N/A, 108.37, 69|1, 80, N/A, 129.53, 100|2, 76, N/A, 56.45, 0|3, 74, N/A, 186.63, 100|
14:45:07 0, 79, N/A, 98.57, 100|1, 76, N/A, 51.64, 1|2, 77, N/A, 58.47, 0|3, 74, N/A, 190.58, 100|
14:45:09 0, 79, N/A, 48.73, 91|1, 78, N/A, 133.33, 14|2, 79, N/A, 205.52, 100|3, 70, N/A, 50.49, 0|
14:45:11 0, 78, N/A, 48.09, 0|1, 77, N/A, 52.20, 0|2, 80, N/A, 187.93, 100|3, 71, N/A, 50.80, 0|
14:45:13 0, 80, N/A, 118.39, 100|1, 76, N/A, 51.54, 0|2, 76, N/A, 62.31, 0|3, 72, N/A, 52.08, 0|
14:45:15 0, 79, N/A, 93.31, 100|1, 79, N/A, 203.18, 100|2, 75, N/A, 61.62, 0|3, 70, N/A, 50.21, 0|
14:45:17 0, 78, N/A, 48.45, 0|1, 80, N/A, 151.13, 100|2, 77, N/A, 65.91, 0|3, 72, N/A, 188.16, 100|
14:45:19 0, 79, N/A, 48.45, 67|1, 78, N/A, 151.96, 12|2, 77, N/A, 64.01, 0|3, 74, N/A, 152.48, 100|
14:45:21 0, 79, N/A, 92.47, 100|1, 77, N/A, 122.94, 0|2, 79, N/A, 139.84, 100|3, 70, N/A, 50.28, 0|
14:45:24 0, 78, N/A, 48.13, 0|1, 77, N/A, 55.15, 0|2, 80, N/A, 160.54, 100|3, 71, N/A, 50.83, 0|
14:45:26 0, 80, N/A, 143.09, 100|1, 76, N/A, 51.50, 0|2, 77, N/A, 62.26, 0|3, 74, N/A, 54.00, 31|
14:45:28 0, 78, N/A, 79.74, 100|1, 80, N/A, 142.44, 100|2, 76, N/A, 61.71, 2|3, 71, N/A, 51.29, 0|
14:45:30 0, 79, N/A, 108.30, 4|1, 80, N/A, 217.07, 100|2, 77, N/A, 57.03, 0|3, 75, N/A, 204.02, 100|
14:45:32 0, 79, N/A, 48.90, 11|1, 78, N/A, 145.68, 100|2, 78, N/A, 58.42, 11|3, 73, N/A, 187.45, 74|
14:45:34 0, 79, N/A, 56.32, 100|1, 77, N/A, 57.78, 0|2, 80, N/A, 166.13, 100|3, 71, N/A, 51.77, 2|
14:45:36 0, 78, N/A, 48.09, 0|1, 78, N/A, 53.17, 13|2, 79, N/A, 179.34, 100|3, 72, N/A, 52.05, 0|
14:45:38 0, 77, N/A, 47.82, 0|1, 76, N/A, 51.47, 0|2, 77, N/A, 58.55, 0|3, 75, N/A, 195.57, 100|
14:45:40 0, 78, N/A, 48.31, 0|1, 77, N/A, 60.90, 0|2, 79, N/A, 197.71, 100|3, 71, N/A, 51.25, 0|
14:45:42 0, 80, N/A, 91.68, 100|1, 76, N/A, 59.53, 0|2, 77, N/A, 65.96, 0|3, 72, N/A, 52.36, 0|
14:45:45 0, 78, N/A, 47.82, 0|1, 78, N/A, 59.69, 50|2, 78, N/A, 199.19, 67|3, 71, N/A, 43.99, 0|
14:45:47 0, 77, N/A, 47.58, 0|1, 76, N/A, 57.78, 0|2, 77, N/A, 62.47, 0|3, 74, N/A, 151.08, 100|
14:45:49 0, 78, N/A, 89.13, 21|1, 76, N/A, 159.31, 20|2, 77, N/A, 56.87, 23|3, 73, N/A, 56.36, 34|
14:45:51 0, 78, N/A, 48.52, 21|1, 77, N/A, 58.93, 21|2, 77, N/A, 60.48, 23|3, 74, N/A, 201.45, 34|
14:45:53 0, 78, N/A, 52.19, 21|1, 77, N/A, 102.65, 20|2, 76, N/A, 139.22, 24|3, 73, N/A, 54.45, 34|
14:45:55 0, 78, N/A, 113.77, 22|1, 76, N/A, 58.48, 20|2, 76, N/A, 56.88, 24|3, 74, N/A, 81.10, 34|
14:45:57 0, 78, N/A, 48.79, 23|1, 77, N/A, 61.84, 20|2, 76, N/A, 91.72, 23|3, 73, N/A, 167.99, 35|
14:45:59 0, 78, N/A, 89.61, 21|1, 77, N/A, 156.66, 20|2, 76, N/A, 56.35, 23|3, 73, N/A, 56.36, 35|
14:46:01 0, 78, N/A, 48.52, 21|1, 77, N/A, 58.96, 20|2, 76, N/A, 59.72, 23|3, 74, N/A, 202.04, 35|
14:46:03 0, 78, N/A, 52.43, 21|1, 77, N/A, 105.07, 20|2, 76, N/A, 134.93, 23|3, 73, N/A, 54.72, 34|
14:46:05 0, 78, N/A, 76.83, 21|1, 77, N/A, 58.72, 21|2, 76, N/A, 56.88, 24|3, 74, N/A, 107.19, 34|
14:46:07 0, 78, N/A, 49.31, 21|1, 77, N/A, 68.43, 21|2, 76, N/A, 157.29, 24|3, 73, N/A, 104.47, 34|
14:46:10 0, 78, N/A, 148.56, 22|1, 77, N/A, 58.72, 20|2, 76, N/A, 56.15, 23|3, 74, N/A, 62.19, 34|
14:46:12 0, 78, N/A, 48.31, 21|1, 76, N/A, 52.65, 21|2, 76, N/A, 63.15, 23|3, 74, N/A, 211.38, 33|
14:46:14 0, 78, N/A, 147.75, 21|1, 76, N/A, 51.71, 21|2, 75, N/A, 55.94, 23|3, 74, N/A, 60.76, 34|
14:46:16 0, 78, N/A, 49.55, 21|1, 77, N/A, 65.28, 21|2, 75, N/A, 153.02, 23|3, 73, N/A, 54.72, 34|
14:46:18 0, 78, N/A, 48.55, 21|1, 76, N/A, 51.68, 21|2, 75, N/A, 57.32, 23|3, 75, N/A, 204.25, 34|
14:46:20 0, 78, N/A, 95.20, 21|1, 76, N/A, 125.01, 21|2, 75, N/A, 55.45, 23|3, 74, N/A, 56.91, 34|
14:46:22 0, 78, N/A, 48.85, 21|1, 76, N/A, 56.58, 21|2, 75, N/A, 126.46, 23|3, 74, N/A, 123.73, 34|
14:46:24 0, 78, N/A, 50.25, 21|1, 76, N/A, 51.47, 21|2, 75, N/A, 56.15, 23|3, 75, N/A, 107.68, 34|
14:46:26 0, 78, N/A, 65.51, 21|1, 76, N/A, 153.15, 21|2, 74, N/A, 55.42, 23|3, 74, N/A, 55.69, 34|
14:46:28 0, 78, N/A, 48.79, 21|1, 76, N/A, 53.38, 21|2, 75, N/A, 77.65, 23|3, 74, N/A, 185.08, 34|
14:46:30 0, 78, N/A, 101.21, 21|1, 75, N/A, 51.26, 21|2, 74, N/A, 54.97, 23|3, 74, N/A, 71.47, 33|
14:46:32 0, 78, N/A, 135.43, 18|1, 75, N/A, 51.26, 21|2, 74, N/A, 54.72, 23|3, 74, N/A, 58.10, 37|
14:46:34 0, 78, N/A, 133.17, 21|1, 75, N/A, 51.26, 18|2, 74, N/A, 54.24, 20|3, 73, N/A, 58.14, 37|
14:46:37 0, 78, N/A, 145.51, 21|1, 75, N/A, 51.02, 21|2, 74, N/A, 54.24, 23|3, 73, N/A, 51.33, 33|
14:46:39 0, 78, N/A, 148.80, 21|1, 75, N/A, 51.02, 18|2, 74, N/A, 54.25, 20|3, 73, N/A, 49.89, 37|
14:46:41 0, 78, N/A, 71.86, 21|1, 75, N/A, 147.85, 21|2, 74, N/A, 53.75, 23|3, 73, N/A, 46.24, 34|
14:46:43 0, 78, N/A, 58.78, 21|1, 75, N/A, 155.96, 21|2, 74, N/A, 54.73, 23|3, 73, N/A, 46.00, 37|
14:46:45 0, 81, N/A, 162.40, 100|1, 74, N/A, 50.05, 0|2, 73, N/A, 53.02, 0|3, 71, N/A, 44.51, 0|
14:46:47 0, 79, N/A, 108.73, 100|1, 76, N/A, 60.10, 0|2, 76, N/A, 189.89, 100|3, 71, N/A, 44.21, 0|
14:46:49 0, 79, N/A, 108.12, 100|1, 78, N/A, 61.03, 100|2, 75, N/A, 169.45, 16|3, 73, N/A, 53.16, 36|
14:46:51 0, 79, N/A, 101.50, 100|1, 79, N/A, 154.55, 100|2, 75, N/A, 63.20, 0|3, 76, N/A, 156.93, 100|
14:46:53 0, 78, N/A, 48.15, 0|1, 79, N/A, 203.23, 100|2, 75, N/A, 64.45, 0|3, 76, N/A, 165.44, 100|
14:46:55 0, 77, N/A, 47.80, 0|1, 76, N/A, 54.35, 0|2, 77, N/A, 66.03, 0|3, 75, N/A, 193.10, 100|
14:46:58 0, 80, N/A, 112.58, 100|1, 75, N/A, 50.56, 0|2, 75, N/A, 63.28, 0|3, 73, N/A, 53.30, 0|
14:47:00 0, 79, N/A, 112.28, 100|1, 76, N/A, 51.86, 0|2, 77, N/A, 182.36, 100|3, 72, N/A, 51.95, 0|
14:47:02 0, 80, N/A, 110.59, 100|1, 76, N/A, 53.55, 0|2, 79, N/A, 189.78, 100|3, 74, N/A, 53.13, 27|
14:47:04 0, 79, N/A, 113.73, 100|1, 79, N/A, 172.81, 100|2, 75, N/A, 63.61, 0|3, 73, N/A, 52.41, 0|
14:47:06 0, 78, N/A, 48.48, 0|1, 78, N/A, 151.96, 100|2, 77, N/A, 66.92, 3|3, 74, N/A, 172.47, 100|
14:47:08 0, 78, N/A, 47.85, 0|1, 76, N/A, 50.99, 0|2, 77, N/A, 57.85, 17|3, 75, N/A, 195.18, 81|
14:47:10 0, 79, N/A, 80.43, 100|1, 75, N/A, 50.84, 0|2, 75, N/A, 55.29, 0|3, 74, N/A, 54.07, 0|
14:47:12 0, 79, N/A, 84.77, 100|1, 77, N/A, 53.65, 92|2, 76, N/A, 150.74, 18|3, 72, N/A, 52.99, 0|
14:47:14 0, 79, N/A, 104.10, 100|1, 79, N/A, 102.00, 100|2, 76, N/A, 119.44, 0|3, 76, N/A, 169.35, 100|
14:47:16 0, 79, N/A, 100.95, 100|1, 77, N/A, 178.82, 51|2, 76, N/A, 65.09, 0|3, 77, N/A, 175.97, 100|
14:47:19 0, 79, N/A, 48.90, 17|1, 79, N/A, 147.02, 75|2, 79, N/A, 200.81, 100|3, 72, N/A, 52.58, 0|
14:47:21 0, 78, N/A, 47.85, 0|1, 77, N/A, 54.88, 0|2, 79, N/A, 161.29, 100|3, 73, N/A, 53.23, 0|
14:47:23 0, 80, N/A, 123.17, 100|1, 76, N/A, 54.18, 0|2, 75, N/A, 61.29, 0|3, 76, N/A, 56.43, 100|
14:47:25 0, 79, N/A, 99.85, 100|1, 79, N/A, 151.20, 100|2, 75, N/A, 60.72, 0|3, 72, N/A, 52.71, 0|
14:47:27 0, 78, N/A, 48.18, 0|1, 79, N/A, 171.53, 100|2, 76, N/A, 65.91, 0|3, 74, N/A, 163.63, 100|
14:47:29 0, 78, N/A, 55.77, 100|1, 76, N/A, 57.23, 2|2, 76, N/A, 64.58, 0|3, 76, N/A, 194.81, 100|
14:47:31 0, 79, N/A, 97.24, 100|1, 77, N/A, 52.62, 0|2, 78, N/A, 180.31, 100|3, 72, N/A, 51.25, 0|
14:47:33 0, 78, N/A, 51.81, 0|1, 78, N/A, 59.54, 0|2, 79, N/A, 169.72, 100|3, 76, N/A, 156.86, 100|
14:47:35 0, 77, N/A, 47.94, 0|1, 76, N/A, 58.11, 0|2, 76, N/A, 62.83, 0|3, 76, N/A, 69.42, 100|
14:47:38 0, 78, N/A, 55.73, 100|1, 76, N/A, 57.42, 2|2, 75, N/A, 61.87, 0|3, 72, N/A, 51.66, 0|
14:47:40 0, 79, N/A, 83.31, 100|1, 78, N/A, 58.69, 0|2, 78, N/A, 173.43, 100|3, 71, N/A, 50.49, 0|
14:47:42 0, 79, N/A, 111.51, 100|1, 77, N/A, 52.69, 0|2, 78, N/A, 161.28, 100|3, 76, N/A, 164.67, 100|
14:47:44 0, 79, N/A, 102.85, 100|1, 78, N/A, 185.92, 100|2, 76, N/A, 56.32, 0|3, 75, N/A, 56.11, 100|
14:47:46 0, 79, N/A, 49.42, 0|1, 79, N/A, 166.92, 62|2, 80, N/A, 166.52, 100|3, 72, N/A, 51.42, 0|
14:47:48 0, 78, N/A, 48.61, 0|1, 77, N/A, 58.31, 0|2, 79, N/A, 146.88, 100|3, 73, N/A, 52.30, 0|
14:47:50 0, 80, N/A, 164.76, 100|1, 76, N/A, 51.07, 0|2, 76, N/A, 56.21, 0|3, 77, N/A, 175.98, 100|
14:47:52 0, 79, N/A, 84.52, 100|1, 78, N/A, 192.35, 100|2, 75, N/A, 55.35, 0|3, 72, N/A, 51.71, 0|
14:47:54 0, 78, N/A, 48.69, 0|1, 79, N/A, 169.34, 100|2, 79, N/A, 159.30, 100|3, 72, N/A, 50.46, 0|
14:47:57 0, 79, N/A, 96.40, 100|1, 76, N/A, 56.05, 0|2, 79, N/A, 135.83, 100|3, 73, N/A, 52.01, 0|
14:47:59 0, 79, N/A, 92.47, 100|1, 78, N/A, 59.41, 49|2, 77, N/A, 152.43, 34|3, 73, N/A, 52.25, 0|
14:48:01 0, 78, N/A, 48.18, 0|1, 80, N/A, 158.37, 100|2, 77, N/A, 56.77, 0|3, 77, N/A, 173.54, 100|
14:48:03 0, 77, N/A, 47.58, 0|1, 76, N/A, 51.68, 0|2, 77, N/A, 57.09, 0|3, 76, N/A, 196.88, 100|
14:48:05 0, 79, N/A, 71.96, 100|1, 75, N/A, 51.57, 0|2, 76, N/A, 56.26, 0|3, 74, N/A, 53.82, 0|
14:48:07 0, 79, N/A, 99.59, 100|1, 80, N/A, 174.99, 100|2, 75, N/A, 55.62, 0|3, 72, N/A, 52.95, 0|
14:48:09 0, 78, N/A, 47.97, 0|1, 79, N/A, 160.20, 100|2, 77, N/A, 61.33, 0|3, 76, N/A, 170.43, 100|
14:48:11 0, 78, N/A, 48.63, 0|1, 79, N/A, 199.31, 100|2, 77, N/A, 57.42, 0|3, 77, N/A, 170.91, 100|
14:48:13 0, 79, N/A, 86.29, 100|1, 76, N/A, 52.23, 0|2, 79, N/A, 124.03, 100|3, 73, N/A, 53.48, 0|
14:48:16 0, 77, N/A, 47.88, 0|1, 77, N/A, 53.69, 0|2, 80, N/A, 150.20, 100|3, 75, N/A, 54.49, 0|
14:48:18 0, 77, N/A, 47.58, 0|1, 75, N/A, 52.20, 0|2, 77, N/A, 56.88, 0|3, 79, N/A, 186.97, 100|
14:48:20 0, 79, N/A, 100.50, 100|1, 77, N/A, 182.96, 100|2, 76, N/A, 56.32, 0|3, 75, N/A, 54.38, 0|
14:48:22 0, 78, N/A, 53.23, 0|1, 80, N/A, 207.82, 100|2, 80, N/A, 166.94, 100|3, 73, N/A, 45.54, 0|
14:48:24 0, 79, N/A, 107.24, 100|1, 76, N/A, 51.23, 0|2, 79, N/A, 105.49, 100|3, 75, N/A, 54.24, 0|
14:48:26 0, 79, N/A, 76.58, 100|1, 78, N/A, 60.42, 0|2, 78, N/A, 142.37, 100|3, 75, N/A, 54.42, 0|
14:48:28 0, 77, N/A, 47.90, 0|1, 80, N/A, 163.46, 100|2, 77, N/A, 57.17, 0|3, 78, N/A, 209.83, 100|
14:48:31 0, 77, N/A, 47.58, 0|1, 76, N/A, 50.74, 0|2, 77, N/A, 57.81, 0|3, 77, N/A, 188.66, 100|
14:48:33 0, 79, N/A, 108.77, 100|1, 75, N/A, 50.56, 0|2, 76, N/A, 56.22, 0|3, 75, N/A, 54.76, 0|
14:48:35 0, 79, N/A, 96.03, 100|1, 77, N/A, 60.13, 0|2, 78, N/A, 168.73, 100|3, 73, N/A, 53.16, 0|
14:48:37 0, 79, N/A, 140.72, 93|1, 77, N/A, 55.52, 0|2, 79, N/A, 159.45, 100|3, 77, N/A, 165.15, 100|
14:48:39 0, 79, N/A, 117.94, 100|1, 80, N/A, 191.58, 100|2, 76, N/A, 60.73, 0|3, 78, N/A, 143.49, 100|
14:48:41 0, 78, N/A, 52.12, 0|1, 80, N/A, 158.95, 100|2, 79, N/A, 127.17, 100|3, 73, N/A, 52.68, 3|
14:48:43 0, 78, N/A, 51.74, 0|1, 77, N/A, 51.75, 0|2, 79, N/A, 147.78, 100|3, 73, N/A, 53.26, 0|
14:48:45 0, 80, N/A, 132.97, 100|1, 76, N/A, 51.09, 0|2, 76, N/A, 60.33, 0|3, 78, N/A, 202.41, 100|
14:48:47 0, 79, N/A, 94.51, 100|1, 79, N/A, 157.27, 100|2, 75, N/A, 55.38, 0|3, 73, N/A, 53.16, 0|
14:48:50 0, 78, N/A, 48.66, 0|1, 79, N/A, 153.69, 100|2, 79, N/A, 70.99, 100|3, 73, N/A, 159.58, 3|
14:48:52 0, 79, N/A, 109.61, 100|1, 77, N/A, 53.07, 0|2, 80, N/A, 173.07, 100|3, 72, N/A, 51.95, 0|
14:48:54 0, 79, N/A, 107.21, 100|1, 79, N/A, 54.49, 35|2, 77, N/A, 193.59, 58|3, 73, N/A, 52.89, 0|
14:48:56 0, 78, N/A, 48.21, 0|1, 80, N/A, 169.69, 100|2, 76, N/A, 56.48, 0|3, 75, N/A, 182.15, 100|
14:48:58 0, 77, N/A, 47.79, 0|1, 77, N/A, 56.02, 0|2, 77, N/A, 64.09, 47|3, 74, N/A, 191.91, 38|
14:49:00 0, 80, N/A, 164.43, 100|1, 76, N/A, 51.23, 0|2, 75, N/A, 61.05, 0|3, 74, N/A, 53.75, 0|
14:49:02 0, 79, N/A, 101.54, 100|1, 79, N/A, 126.74, 100|2, 74, N/A, 60.49, 0|3, 71, N/A, 51.04, 0|
14:49:04 0, 78, N/A, 47.94, 0|1, 79, N/A, 149.44, 100|2, 76, N/A, 65.41, 0|3, 73, N/A, 184.54, 100|
14:49:07 0, 79, N/A, 76.72, 100|1, 76, N/A, 51.41, 0|2, 77, N/A, 64.82, 0|3, 73, N/A, 161.68, 100|
14:49:09 0, 79, N/A, 86.17, 100|1, 78, N/A, 58.40, 0|2, 77, N/A, 185.38, 100|3, 71, N/A, 50.98, 0|
14:49:11 0, 78, N/A, 48.00, 0|1, 80, N/A, 112.53, 100|2, 75, N/A, 64.28, 0|3, 74, N/A, 185.27, 100|
14:49:13 0, 77, N/A, 47.82, 0|1, 77, N/A, 51.68, 0|2, 77, N/A, 64.37, 0|3, 74, N/A, 190.71, 100|
14:49:15 0, 79, N/A, 97.74, 100|1, 76, N/A, 51.29, 0|2, 75, N/A, 62.06, 0|3, 72, N/A, 51.87, 0|
14:49:17 0, 79, N/A, 82.88, 100|1, 79, N/A, 126.40, 100|2, 74, N/A, 61.02, 0|3, 70, N/A, 50.35, 0|
14:49:19 0, 78, N/A, 49.17, 0|1, 79, N/A, 145.99, 100|2, 76, N/A, 64.73, 0|3, 73, N/A, 159.86, 100|
14:49:21 0, 79, N/A, 104.38, 100|1, 77, N/A, 54.77, 0|2, 77, N/A, 62.80, 0|3, 73, N/A, 189.02, 100|
14:49:23 0, 79, N/A, 98.33, 100|1, 77, N/A, 52.58, 0|2, 79, N/A, 205.54, 100|3, 71, N/A, 50.74, 0|
14:49:25 0, 78, N/A, 48.27, 0|1, 79, N/A, 90.24, 100|2, 76, N/A, 55.83, 0|3, 75, N/A, 192.30, 100|
14:49:27 0, 77, N/A, 47.82, 0|1, 76, N/A, 51.44, 0|2, 77, N/A, 64.13, 0|3, 73, N/A, 185.26, 100|
14:49:30 0, 80, N/A, 106.83, 100|1, 76, N/A, 51.29, 0|2, 75, N/A, 62.52, 0|3, 73, N/A, 52.82, 0|
14:49:32 0, 79, N/A, 83.30, 100|1, 80, N/A, 165.70, 100|2, 75, N/A, 61.45, 0|3, 71, N/A, 50.52, 0|
14:49:34 0, 78, N/A, 48.18, 0|1, 80, N/A, 166.80, 100|2, 77, N/A, 64.40, 0|3, 72, N/A, 201.54, 100|
14:49:36 0, 80, N/A, 100.33, 100|1, 76, N/A, 51.64, 0|2, 80, N/A, 180.81, 100|3, 71, N/A, 50.74, 0|
14:49:38 0, 79, N/A, 112.28, 100|1, 77, N/A, 59.13, 0|2, 78, N/A, 161.58, 100|3, 72, N/A, 51.49, 0|
14:49:40 0, 78, N/A, 47.97, 0|1, 79, N/A, 139.49, 100|2, 76, N/A, 57.70, 0|3, 75, N/A, 193.84, 100|
14:49:42 0, 77, N/A, 47.82, 0|1, 76, N/A, 51.20, 0|2, 78, N/A, 62.91, 84|3, 73, N/A, 188.90, 0|
14:49:44 0, 79, N/A, 129.14, 100|1, 75, N/A, 50.77, 0|2, 76, N/A, 60.08, 0|3, 76, N/A, 56.18, 88|
14:49:46 0, 79, N/A, 106.72, 100|1, 79, N/A, 205.06, 100|2, 75, N/A, 55.55, 0|3, 72, N/A, 51.18, 0|
14:49:48 0, 78, N/A, 53.48, 0|1, 79, N/A, 158.98, 100|2, 78, N/A, 58.15, 12|3, 74, N/A, 190.95, 61|
14:49:51 0, 79, N/A, 106.24, 100|1, 75, N/A, 54.28, 0|2, 77, N/A, 60.16, 0|3, 75, N/A, 175.00, 83|
14:49:53 0, 79, N/A, 108.49, 100|1, 77, N/A, 57.42, 0|2, 79, N/A, 167.28, 100|3, 73, N/A, 51.95, 0|
14:49:55 0, 77, N/A, 47.69, 0|1, 78, N/A, 58.77, 73|2, 79, N/A, 158.21, 15|3, 76, N/A, 194.53, 100|
14:49:57 0, 77, N/A, 47.55, 0|1, 75, N/A, 56.74, 0|2, 77, N/A, 58.30, 0|3, 76, N/A, 178.74, 100|
14:49:59 0, 80, N/A, 106.59, 100|1, 75, N/A, 50.56, 0|2, 75, N/A, 57.19, 0|3, 74, N/A, 54.27, 0|
14:50:01 0, 79, N/A, 88.34, 100|1, 80, N/A, 128.03, 100|2, 75, N/A, 100.88, 0|3, 72, N/A, 51.28, 0|
14:50:03 0, 77, N/A, 47.70, 0|1, 79, N/A, 162.83, 100|2, 77, N/A, 63.72, 0|3, 75, N/A, 173.82, 100|
14:50:05 0, 79, N/A, 48.87, 100|1, 77, N/A, 190.42, 19|2, 78, N/A, 58.19, 28|3, 75, N/A, 175.37, 58|
14:50:07 0, 79, N/A, 102.93, 100|1, 77, N/A, 51.85, 0|2, 80, N/A, 212.51, 100|3, 73, N/A, 51.95, 0|
14:50:09 0, 77, N/A, 48.00, 0|1, 79, N/A, 142.65, 100|2, 76, N/A, 56.49, 0|3, 76, N/A, 188.91, 100|
14:50:12 0, 77, N/A, 47.58, 0|1, 76, N/A, 51.71, 0|2, 77, N/A, 61.94, 0|3, 75, N/A, 201.93, 100|
14:50:14 0, 79, N/A, 110.45, 100|1, 75, N/A, 51.29, 0|2, 76, N/A, 60.36, 0|3, 75, N/A, 55.25, 5|
14:50:16 0, 79, N/A, 99.11, 100|1, 80, N/A, 167.87, 100|2, 76, N/A, 59.97, 3|3, 73, N/A, 52.95, 0|
14:50:18 0, 77, N/A, 47.76, 0|1, 79, N/A, 142.88, 100|2, 77, N/A, 57.94, 0|3, 75, N/A, 193.84, 100|
14:50:20 0, 79, N/A, 94.77, 100|1, 76, N/A, 57.18, 0|2, 78, N/A, 57.98, 0|3, 77, N/A, 198.81, 100|
14:50:22 0, 77, N/A, 47.73, 0|1, 78, N/A, 144.21, 100|2, 79, N/A, 191.32, 95|3, 74, N/A, 53.61, 0|
14:50:24 0, 77, N/A, 47.61, 0|1, 75, N/A, 57.27, 0|2, 78, N/A, 58.58, 27|3, 78, N/A, 170.16, 100|
14:50:26 0, 78, N/A, 187.04, 50|1, 75, N/A, 56.74, 3|2, 77, N/A, 56.60, 3|3, 76, N/A, 55.39, 15|
14:50:28 0, 78, N/A, 53.12, 0|1, 78, N/A, 204.98, 100|2, 76, N/A, 55.87, 0|3, 74, N/A, 52.95, 0|
14:50:31 0, 77, N/A, 52.19, 0|1, 76, N/A, 59.20, 0|2, 79, N/A, 154.84, 100|3, 73, N/A, 52.53, 0|
14:50:33 0, 76, N/A, 47.24, 2|1, 75, N/A, 58.63, 0|2, 75, N/A, 56.05, 0|3, 76, N/A, 56.78, 69|
14:50:35 0, 77, N/A, 52.64, 23|1, 76, N/A, 142.67, 22|2, 75, N/A, 124.02, 26|3, 75, N/A, 55.66, 37|
14:50:37 0, 77, N/A, 48.58, 24|1, 76, N/A, 66.25, 22|2, 76, N/A, 150.03, 26|3, 74, N/A, 102.96, 27|
14:50:39 0, 77, N/A, 48.04, 24|1, 76, N/A, 60.62, 22|2, 76, N/A, 63.12, 15|3, 74, N/A, 211.12, 38|
14:50:41 0, 77, N/A, 47.79, 13|1, 76, N/A, 59.90, 15|2, 75, N/A, 56.35, 26|3, 76, N/A, 189.87, 38|
14:50:43 0, 77, N/A, 118.07, 24|1, 75, N/A, 51.23, 24|2, 75, N/A, 55.18, 26|3, 76, N/A, 82.55, 23|
14:50:45 0, 77, N/A, 105.31, 24|1, 75, N/A, 50.99, 24|2, 75, N/A, 55.45, 13|3, 76, N/A, 90.33, 38|
14:50:47 0, 77, N/A, 69.11, 24|1, 75, N/A, 50.74, 24|2, 75, N/A, 55.42, 26|3, 76, N/A, 112.29, 25|
14:50:49 0, 76, N/A, 47.82, 24|1, 75, N/A, 50.50, 24|2, 75, N/A, 56.12, 13|3, 77, N/A, 184.58, 38|
14:50:51 0, 77, N/A, 47.82, 24|1, 74, N/A, 50.50, 23|2, 76, N/A, 55.90, 26|3, 77, N/A, 176.68, 25|
14:50:53 0, 77, N/A, 84.83, 24|1, 74, N/A, 50.50, 24|2, 75, N/A, 55.45, 13|3, 77, N/A, 103.14, 38|
14:50:56 0, 77, N/A, 47.58, 24|1, 74, N/A, 50.50, 24|2, 75, N/A, 55.69, 26|3, 77, N/A, 125.97, 25|
14:50:58 0, 76, N/A, 47.58, 24|1, 74, N/A, 50.26, 24|2, 75, N/A, 55.66, 13|3, 78, N/A, 148.90, 38|
14:51:00 0, 77, N/A, 47.58, 24|1, 74, N/A, 50.23, 23|2, 76, N/A, 56.12, 26|3, 77, N/A, 185.13, 25|
14:51:02 0, 76, N/A, 47.55, 24|1, 74, N/A, 50.22, 24|2, 75, N/A, 56.60, 13|3, 78, N/A, 207.28, 38|
14:51:04 0, 76, N/A, 47.80, 24|1, 74, N/A, 49.98, 24|2, 76, N/A, 57.32, 26|3, 77, N/A, 210.76, 25|
14:51:06 0, 76, N/A, 47.80, 24|1, 74, N/A, 50.72, 24|2, 75, N/A, 61.94, 13|3, 77, N/A, 212.79, 38|
14:51:08 0, 76, N/A, 47.82, 24|1, 74, N/A, 50.95, 22|2, 76, N/A, 73.56, 26|3, 76, N/A, 191.56, 25|
14:51:10 0, 76, N/A, 47.85, 24|1, 74, N/A, 51.96, 24|2, 75, N/A, 93.61, 13|3, 77, N/A, 166.93, 38|
14:51:12 0, 76, N/A, 48.09, 21|1, 73, N/A, 54.88, 21|2, 75, N/A, 156.65, 26|3, 77, N/A, 84.49, 28|
14:51:14 0, 77, N/A, 48.58, 24|1, 74, N/A, 62.13, 24|2, 75, N/A, 151.72, 13|3, 77, N/A, 56.91, 38|
14:51:16 0, 77, N/A, 49.58, 22|1, 74, N/A, 81.49, 22|2, 74, N/A, 137.62, 26|3, 76, N/A, 56.91, 35|
14:51:18 0, 77, N/A, 51.25, 24|1, 74, N/A, 114.46, 24|2, 74, N/A, 110.10, 13|3, 77, N/A, 57.13, 38|
14:51:21 0, 77, N/A, 62.38, 24|1, 73, N/A, 152.02, 24|2, 74, N/A, 53.96, 26|3, 76, N/A, 57.37, 32|
14:51:23 0, 77, N/A, 86.96, 24|1, 73, N/A, 129.46, 24|2, 74, N/A, 53.99, 17|3, 77, N/A, 58.34, 38|
14:51:25 0, 77, N/A, 150.55, 24|1, 73, N/A, 71.54, 24|2, 73, N/A, 53.96, 26|3, 77, N/A, 60.52, 25|
14:51:27 0, 77, N/A, 150.25, 24|1, 73, N/A, 49.28, 24|2, 73, N/A, 53.99, 14|3, 77, N/A, 63.21, 38|
14:51:29 0, 76, N/A, 133.17, 24|1, 73, N/A, 49.53, 24|2, 73, N/A, 53.75, 26|3, 78, N/A, 73.61, 25|
14:51:31 0, 76, N/A, 60.13, 24|1, 73, N/A, 49.28, 24|2, 73, N/A, 53.96, 12|3, 77, N/A, 111.07, 38|
14:51:33 0, 76, N/A, 47.37, 24|1, 73, N/A, 49.28, 20|2, 73, N/A, 54.69, 26|3, 78, N/A, 189.85, 25|
14:51:35 0, 76, N/A, 47.55, 24|1, 73, N/A, 49.49, 24|2, 73, N/A, 55.14, 12|3, 78, N/A, 208.21, 38|
14:51:37 0, 75, N/A, 117.49, 0|1, 72, N/A, 48.86, 2|2, 72, N/A, 52.81, 3|3, 75, N/A, 55.70, 11|
14:51:39 0, 79, N/A, 144.70, 100|1, 75, N/A, 187.85, 100|2, 72, N/A, 51.91, 0|3, 74, N/A, 45.82, 0|
14:51:41 0, 77, N/A, 47.69, 0|1, 77, N/A, 166.32, 100|2, 76, N/A, 193.59, 100|3, 73, N/A, 45.58, 0|
14:51:43 0, 80, N/A, 147.84, 100|1, 74, N/A, 57.63, 0|2, 78, N/A, 179.12, 100|3, 76, N/A, 55.27, 17|
14:51:46 0, 79, N/A, 108.17, 100|1, 78, N/A, 181.67, 100|2, 73, N/A, 61.83, 0|3, 75, N/A, 54.58, 0|
14:51:48 0, 77, N/A, 51.26, 0|1, 79, N/A, 188.85, 100|2, 76, N/A, 66.35, 97|3, 76, N/A, 194.92, 8|
14:51:50 0, 76, N/A, 47.31, 0|1, 74, N/A, 57.96, 0|2, 78, N/A, 72.11, 84|3, 76, N/A, 189.48, 16|
14:51:52 0, 79, N/A, 183.93, 100|1, 73, N/A, 49.13, 0|2, 74, N/A, 62.79, 0|3, 79, N/A, 135.70, 100|
14:51:54 0, 79, N/A, 105.10, 100|1, 76, N/A, 176.42, 100|2, 73, N/A, 52.71, 0|3, 75, N/A, 47.09, 0|
14:51:56 0, 77, N/A, 47.39, 0|1, 78, N/A, 205.29, 100|2, 79, N/A, 202.37, 100|3, 74, N/A, 46.27, 0|
14:51:58 0, 80, N/A, 139.91, 100|1, 74, N/A, 57.95, 0|2, 79, N/A, 69.14, 100|3, 76, N/A, 178.78, 3|
14:52:00 0, 79, N/A, 104.75, 100|1, 77, N/A, 62.32, 100|2, 75, N/A, 135.00, 0|3, 76, N/A, 53.19, 0|
14:52:02 0, 77, N/A, 52.47, 0|1, 79, N/A, 186.07, 100|2, 76, N/A, 64.60, 0|3, 78, N/A, 199.36, 100|
14:52:04 0, 77, N/A, 52.19, 0|1, 74, N/A, 56.29, 0|2, 76, N/A, 63.40, 0|3, 78, N/A, 178.51, 100|
14:52:06 0, 79, N/A, 135.09, 100|1, 74, N/A, 56.60, 0|2, 74, N/A, 61.29, 0|3, 77, N/A, 50.38, 8|
14:52:09 0, 79, N/A, 98.57, 100|1, 79, N/A, 206.42, 100|2, 74, N/A, 60.40, 3|3, 74, N/A, 48.06, 0|
14:52:11 0, 77, N/A, 47.87, 0|1, 80, N/A, 187.04, 100|2, 76, N/A, 65.66, 0|3, 77, N/A, 170.47, 100|
14:52:13 0, 79, N/A, 91.38, 100|1, 75, N/A, 50.43, 0|2, 76, N/A, 65.99, 0|3, 77, N/A, 160.93, 100|
14:52:15 0, 79, N/A, 89.93, 100|1, 77, N/A, 60.54, 28|2, 77, N/A, 198.43, 77|3, 74, N/A, 53.85, 0|
14:52:17 0, 77, N/A, 47.63, 0|1, 80, N/A, 168.25, 100|2, 75, N/A, 64.41, 0|3, 77, N/A, 189.62, 100|
14:52:19 0, 77, N/A, 47.58, 0|1, 75, N/A, 50.74, 0|2, 77, N/A, 66.32, 0|3, 76, N/A, 153.41, 100|
14:52:21 0, 81, N/A, 159.18, 100|1, 75, N/A, 49.70, 0|2, 74, N/A, 63.12, 0|3, 78, N/A, 95.54, 100|
14:52:23 0, 79, N/A, 98.73, 100|1, 80, N/A, 212.85, 100|2, 74, N/A, 62.30, 0|3, 73, N/A, 53.37, 0|
14:52:25 0, 77, N/A, 48.18, 0|1, 79, N/A, 149.52, 100|2, 77, N/A, 68.62, 100|3, 73, N/A, 167.14, 4|
14:52:27 0, 79, N/A, 85.39, 100|1, 76, N/A, 52.37, 0|2, 79, N/A, 202.06, 100|3, 73, N/A, 52.92, 0|
14:52:30 0, 79, N/A, 113.97, 100|1, 79, N/A, 145.88, 100|2, 75, N/A, 63.35, 4|3, 74, N/A, 54.17, 0|
14:52:32 0, 77, N/A, 47.84, 0|1, 80, N/A, 207.54, 100|2, 77, N/A, 66.26, 0|3, 76, N/A, 198.73, 100|
14:52:34 0, 76, N/A, 47.40, 0|1, 75, N/A, 57.09, 0|2, 79, N/A, 132.84, 100|3, 74, N/A, 53.75, 0|
14:52:36 0, 78, N/A, 185.46, 100|1, 74, N/A, 56.34, 0|2, 76, N/A, 61.29, 0|3, 80, N/A, 157.63, 100|
14:52:38 0, 79, N/A, 96.37, 100|1, 78, N/A, 190.78, 100|2, 75, N/A, 53.92, 0|3, 75, N/A, 52.22, 0|
14:52:40 0, 77, N/A, 47.90, 0|1, 79, N/A, 206.01, 100|2, 79, N/A, 153.38, 100|3, 74, N/A, 46.06, 0|
14:52:42 0, 80, N/A, 152.15, 100|1, 75, N/A, 58.81, 0|2, 79, N/A, 158.95, 100|3, 77, N/A, 55.76, 0|
14:52:44 0, 79, N/A, 120.10, 100|1, 79, N/A, 206.47, 100|2, 76, N/A, 54.54, 0|3, 77, N/A, 52.85, 86|
14:52:46 0, 77, N/A, 47.93, 0|1, 79, N/A, 207.20, 100|2, 79, N/A, 82.52, 100|3, 74, N/A, 128.62, 4|
14:52:48 0, 76, N/A, 47.12, 0|1, 75, N/A, 58.72, 0|2, 80, N/A, 162.27, 100|3, 75, N/A, 54.69, 0|
14:52:51 0, 78, N/A, 182.69, 100|1, 74, N/A, 49.81, 4|2, 76, N/A, 60.04, 0|3, 79, N/A, 182.98, 100|
14:52:53 0, 79, N/A, 127.24, 100|1, 77, N/A, 200.62, 100|2, 75, N/A, 59.39, 0|3, 75, N/A, 53.34, 0|
14:52:55 0, 77, N/A, 48.11, 0|1, 79, N/A, 217.34, 100|2, 79, N/A, 202.23, 100|3, 73, N/A, 52.54, 0|
14:52:57 0, 80, N/A, 161.94, 100|1, 76, N/A, 56.87, 0|2, 79, N/A, 165.69, 100|3, 77, N/A, 57.67, 100|
14:52:59 0, 79, N/A, 103.51, 100|1, 79, N/A, 202.05, 100|2, 75, N/A, 61.34, 0|3, 76, N/A, 55.80, 0|
14:53:01 0, 78, N/A, 48.17, 0|1, 79, N/A, 165.50, 100|2, 79, N/A, 202.24, 100|3, 73, N/A, 52.78, 0|
14:53:03 0, 77, N/A, 47.64, 0|1, 76, N/A, 51.75, 0|2, 79, N/A, 153.01, 100|3, 75, N/A, 54.96, 0|
14:53:05 0, 77, N/A, 47.30, 0|1, 75, N/A, 51.19, 0|2, 75, N/A, 62.14, 0|3, 78, N/A, 200.71, 60|
14:53:07 0, 79, N/A, 92.34, 100|1, 75, N/A, 110.52, 0|2, 74, N/A, 61.95, 0|3, 73, N/A, 53.23, 0|
14:53:09 0, 79, N/A, 102.20, 100|1, 77, N/A, 58.65, 0|2, 77, N/A, 181.88, 100|3, 72, N/A, 51.67, 0|
14:53:12 0, 78, N/A, 162.37, 7|1, 79, N/A, 119.32, 100|2, 75, N/A, 64.08, 0|3, 76, N/A, 196.95, 100|
14:53:14 0, 79, N/A, 95.42, 100|1, 76, N/A, 56.67, 0|2, 77, N/A, 67.40, 77|3, 75, N/A, 195.90, 100|
14:53:16 0, 79, N/A, 98.63, 100|1, 77, N/A, 52.82, 0|2, 78, N/A, 198.43, 100|3, 73, N/A, 52.92, 0|
14:53:18 0, 77, N/A, 47.73, 0|1, 79, N/A, 134.28, 100|2, 76, N/A, 65.26, 0|3, 76, N/A, 162.66, 100|
14:53:20 0, 77, N/A, 47.61, 0|1, 76, N/A, 51.24, 0|2, 79, N/A, 172.69, 100|3, 72, N/A, 52.30, 0|
14:53:22 0, 80, N/A, 185.81, 100|1, 75, N/A, 50.78, 0|2, 75, N/A, 58.84, 0|3, 78, N/A, 191.79, 100|
14:53:24 0, 79, N/A, 114.62, 100|1, 78, N/A, 197.86, 100|2, 74, N/A, 53.61, 0|3, 73, N/A, 52.89, 0|
14:53:26 0, 78, N/A, 48.38, 0|1, 79, N/A, 188.85, 100|2, 79, N/A, 204.54, 100|3, 72, N/A, 45.33, 0|
14:53:28 0, 79, N/A, 142.44, 100|1, 76, N/A, 51.40, 0|2, 80, N/A, 163.34, 100|3, 78, N/A, 98.62, 100|
14:53:31 0, 79, N/A, 98.96, 100|1, 79, N/A, 202.24, 100|2, 76, N/A, 56.10, 0|3, 78, N/A, 197.68, 100|
14:53:33 0, 78, N/A, 53.67, 0|1, 79, N/A, 198.57, 100|2, 80, N/A, 189.00, 100|3, 73, N/A, 52.81, 0|
14:53:35 0, 77, N/A, 52.44, 0|1, 77, N/A, 53.17, 0|2, 80, N/A, 207.88, 100|3, 78, N/A, 198.84, 100|
14:53:37 0, 77, N/A, 47.30, 0|1, 75, N/A, 50.71, 0|2, 76, N/A, 58.54, 0|3, 78, N/A, 196.64, 100|
14:53:39 0, 79, N/A, 120.50, 100|1, 75, N/A, 50.53, 0|2, 75, N/A, 57.64, 0|3, 75, N/A, 54.72, 0|
14:53:41 0, 79, N/A, 98.57, 100|1, 80, N/A, 188.01, 100|2, 74, N/A, 57.01, 4|3, 73, N/A, 52.19, 0|
14:53:43 0, 77, N/A, 47.69, 0|1, 79, N/A, 135.55, 100|2, 77, N/A, 64.45, 0|3, 75, N/A, 193.60, 44|
14:53:45 0, 79, N/A, 106.07, 100|1, 76, N/A, 57.40, 0|2, 79, N/A, 175.40, 100|3, 74, N/A, 53.41, 0|
14:53:47 0, 79, N/A, 112.59, 100|1, 79, N/A, 132.29, 100|2, 75, N/A, 60.48, 0|3, 75, N/A, 54.41, 0|
14:53:49 0, 77, N/A, 51.33, 0|1, 79, N/A, 145.83, 100|2, 77, N/A, 64.69, 0|3, 77, N/A, 189.14, 100|
14:53:52 0, 76, N/A, 51.04, 0|1, 75, N/A, 52.02, 0|2, 79, N/A, 116.97, 100|3, 75, N/A, 54.03, 0|
14:53:54 0, 76, N/A, 166.29, 4|1, 74, N/A, 51.52, 4|2, 76, N/A, 62.19, 0|3, 79, N/A, 187.19, 82|
14:53:56 0, 79, N/A, 108.83, 100|1, 77, N/A, 199.30, 92|2, 76, N/A, 61.58, 0|3, 75, N/A, 48.27, 0|
14:53:58 0, 78, N/A, 48.59, 9|1, 78, N/A, 204.77, 100|2, 80, N/A, 205.47, 100|3, 73, N/A, 47.21, 0|
14:54:00 0, 78, N/A, 129.49, 22|1, 76, N/A, 51.65, 4|2, 80, N/A, 182.61, 100|3, 78, N/A, 173.61, 100|
14:54:02 0, 78, N/A, 143.03, 0|1, 77, N/A, 169.12, 100|2, 76, N/A, 56.54, 0|3, 78, N/A, 196.35, 100|
14:54:04 0, 79, N/A, 49.18, 61|1, 77, N/A, 152.95, 47|2, 80, N/A, 176.10, 100|3, 74, N/A, 53.79, 0|
14:54:06 0, 77, N/A, 50.88, 0|1, 77, N/A, 59.05, 0|2, 79, N/A, 156.39, 100|3, 79, N/A, 169.22, 100|
14:54:08 0, 76, N/A, 50.70, 0|1, 75, N/A, 57.96, 0|2, 77, N/A, 57.32, 0|3, 79, N/A, 198.82, 100|
14:54:10 0, 80, N/A, 155.54, 100|1, 74, N/A, 57.40, 0|2, 76, N/A, 56.28, 0|3, 79, N/A, 145.21, 100|
14:54:13 0, 79, N/A, 134.64, 100|1, 79, N/A, 203.98, 100|2, 76, N/A, 55.76, 0|3, 75, N/A, 47.06, 0|
14:54:15 0, 77, N/A, 47.51, 0|1, 79, N/A, 169.04, 100|2, 79, N/A, 117.39, 100|3, 74, N/A, 46.12, 0|
14:54:17 0, 80, N/A, 186.54, 100|1, 74, N/A, 50.16, 0|2, 79, N/A, 119.99, 100|3, 77, N/A, 50.97, 30|
14:54:19 0, 79, N/A, 112.85, 100|1, 78, N/A, 217.26, 100|2, 76, N/A, 56.49, 0|3, 78, N/A, 52.85, 81|
14:54:21 0, 77, N/A, 47.69, 0|1, 79, N/A, 187.76, 100|2, 80, N/A, 126.59, 100|3, 75, N/A, 50.69, 0|
14:54:23 0, 76, N/A, 47.01, 0|1, 75, N/A, 57.40, 0|2, 79, N/A, 119.67, 100|3, 80, N/A, 187.56, 100|
14:54:25 0, 75, N/A, 46.67, 0|1, 73, N/A, 49.80, 0|2, 76, N/A, 56.67, 0|3, 79, N/A, 145.60, 100|
14:54:27 0, 80, N/A, 135.20, 100|1, 73, N/A, 49.10, 2|2, 75, N/A, 55.98, 0|3, 76, N/A, 47.95, 0|
14:54:29 0, 79, N/A, 114.93, 100|1, 76, N/A, 60.79, 32|2, 77, N/A, 194.58, 50|3, 74, N/A, 46.61, 0|
14:54:31 0, 76, N/A, 47.24, 0|1, 77, N/A, 59.05, 17|2, 79, N/A, 139.56, 100|3, 77, N/A, 190.73, 100|
14:54:34 0, 79, N/A, 113.74, 100|1, 75, N/A, 56.70, 0|2, 77, N/A, 57.74, 0|3, 78, N/A, 194.44, 100|
14:54:36 0, 79, N/A, 99.12, 100|1, 78, N/A, 60.38, 30|2, 77, N/A, 155.86, 58|3, 75, N/A, 49.28, 0|
14:54:38 0, 77, N/A, 51.37, 0|1, 79, N/A, 124.24, 100|2, 77, N/A, 63.80, 0|3, 77, N/A, 173.44, 100|
14:54:40 0, 76, N/A, 47.36, 0|1, 75, N/A, 50.53, 0|2, 79, N/A, 144.30, 100|3, 75, N/A, 54.72, 0|
14:54:42 0, 78, N/A, 157.85, 60|1, 74, N/A, 49.88, 4|2, 76, N/A, 62.51, 4|3, 79, N/A, 169.24, 100|
14:54:44 0, 79, N/A, 104.12, 100|1, 77, N/A, 191.28, 100|2, 75, N/A, 55.31, 0|3, 75, N/A, 46.85, 0|
14:54:46 0, 78, N/A, 48.39, 93|1, 77, N/A, 170.06, 16|2, 79, N/A, 203.82, 100|3, 73, N/A, 45.79, 0|
14:54:48 0, 77, N/A, 153.01, 25|1, 77, N/A, 58.34, 0|2, 79, N/A, 195.95, 100|3, 78, N/A, 199.07, 100|
14:54:50 0, 78, N/A, 48.60, 90|1, 77, N/A, 187.87, 28|2, 76, N/A, 56.41, 0|3, 78, N/A, 198.64, 100|
14:54:52 0, 79, N/A, 96.70, 100|1, 77, N/A, 54.03, 0|2, 78, N/A, 185.50, 100|3, 74, N/A, 53.65, 0|
14:54:54 0, 77, N/A, 47.73, 0|1, 79, N/A, 131.15, 100|2, 76, N/A, 62.06, 0|3, 77, N/A, 196.57, 100|
14:54:57 0, 77, N/A, 47.55, 0|1, 76, N/A, 57.22, 0|2, 78, N/A, 67.24, 49|3, 75, N/A, 194.92, 52|
14:54:59 0, 80, N/A, 196.51, 100|1, 75, N/A, 56.79, 0|2, 75, N/A, 63.16, 0|3, 79, N/A, 170.44, 100|
14:55:01 0, 79, N/A, 102.98, 100|1, 78, N/A, 177.31, 100|2, 74, N/A, 61.17, 0|3, 74, N/A, 53.41, 0|
14:55:03 0, 78, N/A, 48.87, 33|1, 78, N/A, 190.29, 90|2, 79, N/A, 200.69, 100|3, 72, N/A, 51.84, 0|
14:55:05 0, 78, N/A, 134.61, 58|1, 77, N/A, 57.85, 0|2, 78, N/A, 200.99, 100|3, 77, N/A, 199.20, 100|
14:55:07 0, 79, N/A, 109.78, 100|1, 76, N/A, 56.88, 0|2, 76, N/A, 63.51, 0|3, 78, N/A, 196.97, 100|
14:55:09 0, 79, N/A, 113.72, 100|1, 77, N/A, 54.72, 0|2, 78, N/A, 194.31, 100|3, 74, N/A, 53.58, 0|
14:55:11 0, 77, N/A, 47.72, 0|1, 79, N/A, 123.98, 100|2, 77, N/A, 56.97, 0|3, 76, N/A, 196.83, 100|
14:55:13 0, 77, N/A, 47.37, 0|1, 76, N/A, 51.26, 0|2, 79, N/A, 133.96, 100|3, 74, N/A, 53.27, 0|
14:55:15 0, 78, N/A, 138.65, 20|1, 75, N/A, 50.82, 5|2, 75, N/A, 61.05, 5|3, 78, N/A, 199.49, 100|
14:55:17 0, 79, N/A, 110.10, 100|1, 76, N/A, 178.87, 52|2, 74, N/A, 60.65, 0|3, 73, N/A, 52.68, 0|
14:55:20 0, 79, N/A, 97.90, 100|1, 77, N/A, 52.10, 0|2, 77, N/A, 188.39, 100|3, 72, N/A, 51.98, 0|
14:55:22 0, 77, N/A, 51.09, 0|1, 79, N/A, 61.96, 100|2, 76, N/A, 166.17, 0|3, 77, N/A, 173.70, 100|
14:55:24 0, 79, N/A, 95.00, 100|1, 75, N/A, 51.13, 0|2, 77, N/A, 63.77, 20|3, 77, N/A, 196.61, 100|
14:55:26 0, 79, N/A, 112.11, 100|1, 79, N/A, 127.52, 100|2, 75, N/A, 60.97, 5|3, 74, N/A, 53.68, 0|
14:55:28 0, 77, N/A, 50.14, 0|1, 80, N/A, 157.65, 100|2, 79, N/A, 85.00, 100|3, 73, N/A, 143.59, 1|
14:55:30 0, 77, N/A, 47.61, 0|1, 76, N/A, 51.50, 0|2, 79, N/A, 141.72, 100|3, 74, N/A, 53.99, 0|
14:55:32 0, 76, N/A, 47.31, 0|1, 75, N/A, 50.71, 0|2, 76, N/A, 61.45, 0|3, 77, N/A, 161.78, 100|
14:55:34 0, 80, N/A, 151.13, 100|1, 75, N/A, 50.29, 0|2, 74, N/A, 53.79, 0|3, 74, N/A, 54.72, 0|
14:55:37 0, 79, N/A, 95.97, 100|1, 80, N/A, 176.69, 100|2, 74, N/A, 53.16, 5|3, 72, N/A, 52.92, 0|
14:55:39 0, 77, N/A, 47.90, 0|1, 79, N/A, 165.85, 100|2, 78, N/A, 71.67, 100|3, 72, N/A, 180.19, 5|
14:55:41 0, 80, N/A, 123.57, 100|1, 76, N/A, 52.13, 0|2, 79, N/A, 149.66, 100|3, 74, N/A, 53.89, 0|
14:55:43 0, 79, N/A, 120.73, 100|1, 79, N/A, 162.40, 100|2, 75, N/A, 60.93, 0|3, 78, N/A, 183.26, 100|
14:55:45 0, 78, N/A, 49.63, 0|1, 79, N/A, 180.15, 100|2, 79, N/A, 181.29, 100|3, 73, N/A, 53.02, 0|
14:55:47 0, 77, N/A, 48.77, 0|1, 77, N/A, 57.72, 0|2, 79, N/A, 191.43, 100|3, 77, N/A, 59.48, 100|
14:55:49 0, 76, N/A, 48.52, 0|1, 76, N/A, 56.74, 0|2, 76, N/A, 56.35, 0|3, 77, N/A, 175.23, 100|
14:55:51 0, 79, N/A, 119.83, 100|1, 75, N/A, 50.71, 0|2, 75, N/A, 53.72, 0|3, 79, N/A, 73.85, 100|
14:55:53 0, 79, N/A, 100.98, 100|1, 79, N/A, 194.39, 100|2, 74, N/A, 53.12, 0|3, 73, N/A, 52.15, 0|
14:55:55 0, 77, N/A, 48.14, 0|1, 79, N/A, 163.93, 100|2, 79, N/A, 194.55, 100|3, 72, N/A, 51.40, 0|
14:55:58 0, 80, N/A, 142.38, 100|1, 76, N/A, 52.13, 0|2, 79, N/A, 181.07, 100|3, 77, N/A, 199.55, 100|
14:56:00 0, 79, N/A, 118.41, 47|1, 79, N/A, 197.21, 100|2, 75, N/A, 59.20, 0|3, 78, N/A, 199.33, 100|
14:56:02 0, 79, N/A, 78.66, 100|1, 76, N/A, 53.07, 0|2, 79, N/A, 202.52, 100|3, 73, N/A, 52.44, 0|
14:56:04 0, 77, N/A, 47.69, 0|1, 79, N/A, 131.63, 100|2, 76, N/A, 61.58, 0|3, 77, N/A, 197.94, 100|
14:56:06 0, 76, N/A, 47.40, 0|1, 76, N/A, 51.02, 0|2, 79, N/A, 105.56, 100|3, 73, N/A, 105.02, 0|
14:56:08 0, 78, N/A, 186.16, 43|1, 75, N/A, 50.29, 5|2, 75, N/A, 61.01, 5|3, 78, N/A, 195.61, 100|
14:56:10 0, 79, N/A, 110.64, 100|1, 74, N/A, 50.29, 0|2, 75, N/A, 60.32, 0|3, 74, N/A, 52.78, 0|
14:56:12 0, 79, N/A, 106.24, 100|1, 77, N/A, 59.32, 0|2, 77, N/A, 190.93, 100|3, 72, N/A, 45.15, 0|
14:56:14 0, 77, N/A, 47.49, 0|1, 79, N/A, 86.44, 100|2, 76, N/A, 114.82, 0|3, 74, N/A, 194.31, 100|
14:56:16 0, 79, N/A, 119.12, 100|1, 75, N/A, 50.85, 0|2, 77, N/A, 63.03, 17|3, 75, N/A, 196.97, 48|
14:56:19 0, 79, N/A, 105.16, 100|1, 79, N/A, 143.05, 100|2, 74, N/A, 59.97, 5|3, 73, N/A, 53.19, 0|
14:56:21 0, 77, N/A, 47.72, 0|1, 79, N/A, 144.31, 100|2, 79, N/A, 158.56, 100|3, 71, N/A, 51.67, 5|
14:56:23 0, 76, N/A, 47.33, 0|1, 76, N/A, 54.35, 0|2, 80, N/A, 183.33, 100|3, 74, N/A, 53.92, 0|
14:56:25 0, 76, N/A, 47.06, 0|1, 75, N/A, 53.62, 0|2, 75, N/A, 62.18, 0|3, 77, N/A, 180.91, 100|
14:56:27 0, 79, N/A, 118.24, 100|1, 74, N/A, 52.96, 0|2, 74, N/A, 61.25, 0|3, 74, N/A, 54.44, 0|
14:56:29 0, 79, N/A, 106.89, 100|1, 79, N/A, 208.44, 100|2, 74, N/A, 60.85, 5|3, 72, N/A, 52.85, 0|
14:56:31 0, 77, N/A, 53.02, 0|1, 79, N/A, 150.40, 100|2, 79, N/A, 85.48, 100|3, 72, N/A, 153.57, 0|
14:56:33 0, 80, N/A, 132.09, 100|1, 75, N/A, 55.24, 0|2, 80, N/A, 157.93, 100|3, 74, N/A, 54.10, 0|
14:56:35 0, 79, N/A, 116.40, 100|1, 80, N/A, 207.68, 100|2, 75, N/A, 61.79, 0|3, 75, N/A, 55.76, 7|
14:56:37 0, 78, N/A, 51.74, 0|1, 80, N/A, 206.96, 100|2, 79, N/A, 174.54, 100|3, 72, N/A, 52.54, 0|
14:56:40 0, 77, N/A, 47.39, 0|1, 76, N/A, 51.27, 0|2, 80, N/A, 184.65, 100|3, 77, N/A, 201.28, 100|
14:56:42 0, 76, N/A, 47.33, 0|1, 75, N/A, 50.26, 0|2, 76, N/A, 62.44, 0|3, 76, N/A, 169.11, 100|
14:56:44 0, 80, N/A, 120.97, 100|1, 74, N/A, 50.04, 0|2, 75, N/A, 61.26, 0|3, 77, N/A, 57.13, 55|
14:56:46 0, 80, N/A, 128.77, 100|1, 79, N/A, 206.01, 100|2, 74, N/A, 60.82, 0|3, 72, N/A, 52.85, 0|
14:56:48 0, 77, N/A, 47.60, 0|1, 80, N/A, 189.43, 100|2, 79, N/A, 199.82, 100|3, 71, N/A, 52.09, 0|
14:56:50 0, 80, N/A, 164.71, 100|1, 76, N/A, 51.10, 0|2, 79, N/A, 190.77, 100|3, 76, N/A, 201.71, 100|
14:56:52 0, 79, N/A, 119.48, 100|1, 78, N/A, 174.16, 100|2, 75, N/A, 62.58, 0|3, 77, N/A, 195.23, 100|
14:56:54 0, 79, N/A, 93.49, 100|1, 76, N/A, 56.19, 0|2, 78, N/A, 203.59, 100|3, 72, N/A, 52.64, 0|
14:56:56 0, 77, N/A, 47.45, 0|1, 78, N/A, 56.14, 90|2, 76, N/A, 167.54, 32|3, 75, N/A, 161.48, 100|
14:56:58 0, 76, N/A, 46.82, 0|1, 75, N/A, 52.38, 0|2, 77, N/A, 64.08, 25|3, 75, N/A, 199.26, 36|
14:57:01 0, 78, N/A, 184.50, 100|1, 74, N/A, 51.96, 0|2, 74, N/A, 60.77, 5|3, 77, N/A, 202.48, 100|
14:57:03 0, 79, N/A, 114.12, 100|1, 77, N/A, 207.92, 100|2, 74, N/A, 59.88, 0|3, 72, N/A, 52.85, 0|
14:57:05 0, 78, N/A, 48.63, 25|1, 78, N/A, 192.34, 100|2, 77, N/A, 198.03, 100|3, 71, N/A, 44.33, 0|
14:57:07 0, 76, N/A, 47.21, 0|1, 77, N/A, 56.88, 0|2, 79, N/A, 163.52, 100|3, 75, N/A, 167.86, 100|
14:57:09 0, 79, N/A, 111.72, 100|1, 75, N/A, 54.97, 0|2, 76, N/A, 63.03, 0|3, 75, N/A, 195.15, 100|
14:57:11 0, 79, N/A, 113.41, 100|1, 79, N/A, 178.74, 100|2, 74, N/A, 78.08, 0|3, 72, N/A, 52.19, 0|
14:57:13 0, 77, N/A, 51.02, 0|1, 79, N/A, 161.27, 100|2, 77, N/A, 64.61, 65|3, 73, N/A, 195.27, 100|
14:57:15 0, 76, N/A, 50.73, 0|1, 75, N/A, 56.29, 0|2, 80, N/A, 183.33, 100|3, 72, N/A, 52.71, 0|
14:57:17 0, 76, N/A, 50.25, 0|1, 74, N/A, 55.61, 0|2, 75, N/A, 58.86, 0|3, 77, N/A, 110.91, 100|
14:57:19 0, 79, N/A, 97.50, 100|1, 73, N/A, 49.84, 5|2, 74, N/A, 57.93, 0|3, 73, N/A, 53.10, 0|
14:57:22 0, 79, N/A, 116.95, 100|1, 79, N/A, 197.63, 100|2, 74, N/A, 57.45, 0|3, 71, N/A, 51.64, 0|
14:57:24 0, 77, N/A, 52.72, 0|1, 79, N/A, 185.01, 100|2, 78, N/A, 67.32, 100|3, 72, N/A, 148.57, 5|
14:57:26 0, 79, N/A, 158.24, 100|1, 75, N/A, 57.35, 0|2, 80, N/A, 166.43, 100|3, 73, N/A, 53.34, 0|
14:57:28 0, 79, N/A, 120.25, 100|1, 79, N/A, 205.05, 100|2, 75, N/A, 61.06, 0|3, 75, N/A, 55.49, 100|
14:57:30 0, 77, N/A, 51.74, 0|1, 79, N/A, 205.05, 100|2, 80, N/A, 179.59, 100|3, 72, N/A, 51.81, 0|
14:57:32 0, 76, N/A, 50.81, 0|1, 76, N/A, 57.08, 0|2, 80, N/A, 205.13, 100|3, 76, N/A, 170.20, 100|
14:57:34 0, 76, N/A, 46.82, 0|1, 75, N/A, 55.78, 0|2, 76, N/A, 62.88, 0|3, 76, N/A, 173.53, 100|
14:57:36 0, 80, N/A, 183.88, 100|1, 74, N/A, 55.34, 0|2, 75, N/A, 61.21, 0|3, 78, N/A, 200.56, 100|
14:57:38 0, 79, N/A, 111.48, 100|1, 78, N/A, 200.25, 100|2, 74, N/A, 60.85, 0|3, 72, N/A, 52.36, 0|
14:57:40 0, 77, N/A, 51.23, 0|1, 78, N/A, 206.59, 100|2, 78, N/A, 198.50, 100|3, 72, N/A, 52.02, 0|
14:57:42 0, 78, N/A, 191.44, 94|1, 75, N/A, 58.82, 0|2, 80, N/A, 174.55, 100|3, 77, N/A, 197.40, 100|
14:57:45 0, 77, N/A, 54.16, 0|1, 76, N/A, 203.61, 68|2, 76, N/A, 56.20, 0|3, 77, N/A, 164.38, 100|
14:57:47 0, 79, N/A, 122.84, 100|1, 75, N/A, 59.33, 0|2, 78, N/A, 178.99, 100|3, 74, N/A, 53.13, 0|
14:57:49 0, 76, N/A, 50.78, 0|1, 79, N/A, 210.66, 100|2, 77, N/A, 62.95, 0|3, 76, N/A, 166.70, 100|
14:57:51 0, 76, N/A, 50.00, 0|1, 74, N/A, 57.75, 0|2, 79, N/A, 146.87, 100|3, 74, N/A, 53.24, 0|
14:57:53 0, 75, N/A, 49.94, 0|1, 73, N/A, 56.94, 0|2, 76, N/A, 61.37, 0|3, 79, N/A, 201.54, 55|
14:57:55 0, 79, N/A, 130.48, 100|1, 72, N/A, 110.11, 0|2, 75, N/A, 60.86, 0|3, 75, N/A, 53.09, 0|
14:57:57 0, 79, N/A, 129.58, 100|1, 75, N/A, 59.97, 50|2, 76, N/A, 188.38, 62|3, 73, N/A, 45.33, 0|
14:57:59 0, 76, N/A, 47.39, 0|1, 76, N/A, 60.91, 45|2, 78, N/A, 178.37, 68|3, 75, N/A, 187.67, 100|
14:58:01 0, 80, N/A, 168.61, 100|1, 73, N/A, 57.03, 0|2, 78, N/A, 65.09, 75|3, 76, N/A, 197.68, 6|
14:58:03 0, 79, N/A, 143.96, 100|1, 77, N/A, 176.89, 100|2, 75, N/A, 61.82, 0|3, 75, N/A, 54.72, 0|
14:58:05 0, 76, N/A, 47.93, 0|1, 77, N/A, 203.13, 100|2, 79, N/A, 160.51, 100|3, 73, N/A, 52.78, 0|
14:58:08 0, 75, N/A, 46.97, 0|1, 72, N/A, 56.62, 0|2, 79, N/A, 133.76, 100|3, 79, N/A, 200.45, 100|
14:58:10 0, 74, N/A, 46.36, 0|1, 70, N/A, 47.31, 0|2, 76, N/A, 55.14, 0|3, 80, N/A, 175.36, 100|
14:58:12 0, 79, N/A, 200.27, 100|1, 69, N/A, 46.55, 0|2, 75, N/A, 54.37, 0|3, 78, N/A, 53.16, 93|
14:58:14 0, 79, N/A, 158.51, 100|1, 74, N/A, 202.50, 100|2, 74, N/A, 53.75, 0|3, 74, N/A, 49.87, 0|
14:58:16 0, 75, N/A, 52.67, 0|1, 75, N/A, 204.53, 100|2, 79, N/A, 165.23, 100|3, 73, N/A, 48.93, 0|
14:58:18 0, 78, N/A, 181.75, 100|1, 70, N/A, 54.75, 0|2, 79, N/A, 156.97, 100|3, 78, N/A, 172.89, 100|
14:58:20 0, 79, N/A, 170.43, 100|1, 72, N/A, 170.23, 100|2, 76, N/A, 57.26, 0|3, 79, N/A, 165.62, 100|
14:58:22 0, 77, N/A, 53.92, 0|1, 74, N/A, 174.28, 100|2, 79, N/A, 203.69, 100|3, 75, N/A, 52.02, 0|
14:58:24 0, 75, N/A, 52.26, 0|1, 70, N/A, 55.90, 0|2, 79, N/A, 171.63, 100|3, 79, N/A, 200.80, 100|
14:58:26 0, 74, N/A, 51.67, 0|1, 68, N/A, 53.83, 0|2, 77, N/A, 56.32, 0|3, 79, N/A, 198.06, 87|
14:58:28 0, 76, N/A, 188.11, 100|1, 68, N/A, 53.44, 1|2, 76, N/A, 54.51, 0|3, 79, N/A, 162.69, 100|
14:58:31 0, 80, N/A, 181.35, 100|1, 71, N/A, 198.40, 100|2, 75, N/A, 53.75, 0|3, 75, N/A, 46.76, 0|
14:58:33 0, 77, N/A, 54.40, 0|1, 73, N/A, 200.22, 100|2, 78, N/A, 200.30, 100|3, 74, N/A, 45.76, 0|
14:58:35 0, 75, N/A, 52.30, 0|1, 70, N/A, 55.67, 0|2, 79, N/A, 134.74, 100|3, 76, N/A, 197.81, 100|
14:58:37 0, 79, N/A, 166.68, 100|1, 69, N/A, 53.90, 0|2, 77, N/A, 63.40, 0|3, 78, N/A, 175.02, 100|
14:58:39 0, 79, N/A, 148.94, 100|1, 73, N/A, 190.37, 100|2, 76, N/A, 61.06, 0|3, 76, N/A, 53.06, 0|
14:58:41 0, 76, N/A, 49.15, 0|1, 74, N/A, 193.31, 100|2, 79, N/A, 152.44, 100|3, 74, N/A, 46.55, 0|
14:58:43 0, 75, N/A, 48.45, 0|1, 69, N/A, 54.49, 0|2, 79, N/A, 120.15, 100|3, 80, N/A, 190.81, 100|
14:58:45 0, 74, N/A, 48.34, 0|1, 68, N/A, 53.69, 0|2, 76, N/A, 54.97, 0|3, 79, N/A, 133.98, 100|
14:58:47 0, 79, N/A, 201.47, 100|1, 68, N/A, 53.34, 0|2, 75, N/A, 54.37, 0|3, 78, N/A, 53.90, 83|
14:58:49 0, 79, N/A, 149.18, 100|1, 73, N/A, 196.77, 100|2, 75, N/A, 54.06, 0|3, 75, N/A, 50.70, 0|
14:58:52 0, 76, N/A, 52.98, 0|1, 74, N/A, 201.59, 100|2, 79, N/A, 157.48, 100|3, 75, N/A, 50.42, 0|
14:58:54 0, 79, N/A, 196.96, 100|1, 69, N/A, 54.54, 0|2, 79, N/A, 141.36, 100|3, 79, N/A, 153.73, 100|
14:58:56 0, 78, N/A, 149.04, 100|1, 72, N/A, 162.87, 100|2, 76, N/A, 62.83, 0|3, 80, N/A, 166.14, 100|
14:58:58 0, 79, N/A, 49.63, 100|1, 72, N/A, 180.91, 0|2, 78, N/A, 204.51, 100|3, 75, N/A, 46.97, 0|
14:59:00 0, 76, N/A, 47.00, 0|1, 73, N/A, 57.63, 16|2, 78, N/A, 152.03, 100|3, 77, N/A, 187.18, 100|
14:59:02 0, 75, N/A, 46.58, 0|1, 70, N/A, 54.80, 0|2, 78, N/A, 57.53, 97|3, 77, N/A, 197.58, 0|
14:59:04 0, 76, N/A, 120.27, 3|1, 69, N/A, 54.24, 0|2, 75, N/A, 54.30, 6|3, 79, N/A, 167.14, 100|
14:59:06 0, 78, N/A, 148.22, 100|1, 68, N/A, 53.65, 0|2, 74, N/A, 53.75, 0|3, 75, N/A, 51.08, 0|
14:59:08 0, 79, N/A, 139.18, 100|1, 72, N/A, 57.42, 100|2, 75, N/A, 146.42, 21|3, 74, N/A, 49.52, 0|
14:59:10 0, 76, N/A, 52.22, 0|1, 75, N/A, 185.46, 100|2, 77, N/A, 64.41, 100|3, 75, N/A, 185.87, 70|
14:59:13 0, 79, N/A, 177.46, 100|1, 70, N/A, 54.94, 0|2, 79, N/A, 165.80, 100|3, 75, N/A, 55.04, 0|
14:59:15 0, 79, N/A, 139.63, 100|1, 74, N/A, 182.58, 100|2, 75, N/A, 59.40, 0|3, 77, N/A, 56.74, 50|
14:59:17 0, 77, N/A, 52.70, 0|1, 75, N/A, 201.79, 100|2, 79, N/A, 205.51, 100|3, 73, N/A, 52.54, 0|
14:59:19 0, 76, N/A, 51.75, 0|1, 72, N/A, 56.35, 0|2, 80, N/A, 180.09, 100|3, 79, N/A, 199.97, 100|
14:59:21 0, 76, N/A, 51.43, 0|1, 71, N/A, 55.29, 0|2, 76, N/A, 62.39, 0|3, 79, N/A, 200.74, 100|
14:59:23 0, 79, N/A, 206.33, 100|1, 70, N/A, 54.40, 0|2, 75, N/A, 61.02, 0|3, 80, N/A, 170.09, 100|
14:59:25 0, 79, N/A, 109.61, 100|1, 73, N/A, 195.66, 100|2, 75, N/A, 60.86, 0|3, 75, N/A, 52.64, 0|
14:59:27 0, 78, N/A, 48.63, 9|1, 74, N/A, 200.01, 79|2, 78, N/A, 167.03, 100|3, 74, N/A, 46.30, 0|
14:59:29 0, 76, N/A, 47.00, 0|1, 74, N/A, 58.12, 18|2, 79, N/A, 169.80, 100|3, 77, N/A, 175.48, 100|
14:59:31 0, 79, N/A, 103.84, 100|1, 71, N/A, 55.70, 0|2, 77, N/A, 57.49, 100|3, 77, N/A, 196.14, 55|
14:59:33 0, 79, N/A, 111.48, 100|1, 76, N/A, 203.98, 100|2, 75, N/A, 54.10, 0|3, 77, N/A, 53.37, 0|
14:59:35 0, 78, N/A, 53.40, 0|1, 77, N/A, 204.29, 100|2, 80, N/A, 205.95, 100|3, 74, N/A, 51.08, 0|
14:59:38 0, 77, N/A, 52.71, 0|1, 74, N/A, 57.28, 0|2, 80, N/A, 185.02, 100|3, 79, N/A, 201.52, 100|
14:59:40 0, 76, N/A, 52.40, 0|1, 72, N/A, 48.52, 0|2, 76, N/A, 63.11, 0|3, 78, N/A, 199.78, 100|
14:59:42 0, 79, N/A, 160.53, 100|1, 71, N/A, 48.12, 0|2, 75, N/A, 61.79, 0|3, 80, N/A, 188.16, 100|
14:59:44 0, 79, N/A, 113.97, 100|1, 75, N/A, 163.42, 100|2, 74, N/A, 61.14, 0|3, 74, N/A, 52.19, 0|
14:59:46 0, 79, N/A, 54.68, 100|1, 74, N/A, 174.33, 0|2, 77, N/A, 161.35, 100|3, 73, N/A, 51.12, 0|
14:59:48 0, 77, N/A, 49.63, 0|1, 76, N/A, 61.19, 88|2, 77, N/A, 203.70, 0|3, 76, N/A, 150.74, 100|
14:59:50 0, 79, N/A, 115.98, 100|1, 73, N/A, 56.70, 0|2, 78, N/A, 66.67, 100|3, 74, N/A, 181.04, 1|
14:59:52 0, 79, N/A, 113.58, 100|1, 77, N/A, 204.70, 100|2, 75, N/A, 61.82, 0|3, 76, N/A, 56.24, 18|
14:59:54 0, 78, N/A, 48.36, 0|1, 77, N/A, 219.84, 100|2, 80, N/A, 199.71, 100|3, 74, N/A, 53.06, 0|
14:59:56 0, 77, N/A, 47.40, 0|1, 75, N/A, 58.49, 0|2, 79, N/A, 183.93, 100|3, 79, N/A, 201.52, 100|
14:59:59 0, 76, N/A, 47.06, 0|1, 73, N/A, 56.98, 0|2, 77, N/A, 59.75, 0|3, 78, N/A, 177.29, 100|
15:00:01 0, 79, N/A, 164.86, 100|1, 73, N/A, 56.62, 0|2, 75, N/A, 58.14, 0|3, 79, N/A, 151.36, 100|
15:00:03 0, 79, N/A, 134.81, 100|1, 75, N/A, 202.17, 100|2, 74, N/A, 57.42, 0|3, 74, N/A, 50.90, 0|
15:00:05 0, 79, N/A, 106.00, 100|1, 75, N/A, 59.32, 11|2, 77, N/A, 191.18, 100|3, 73, N/A, 49.98, 0|
15:00:07 0, 77, N/A, 50.98, 0|1, 79, N/A, 205.49, 100|2, 76, N/A, 64.57, 22|3, 75, N/A, 195.86, 100|
15:00:09 0, 79, N/A, 115.27, 100|1, 74, N/A, 57.63, 0|2, 80, N/A, 184.18, 100|3, 74, N/A, 54.06, 0|
15:00:11 0, 79, N/A, 128.59, 100|1, 78, N/A, 212.24, 100|2, 75, N/A, 59.89, 0|3, 79, N/A, 200.64, 100|
15:00:13 0, 78, N/A, 48.60, 25|1, 77, N/A, 205.05, 100|2, 79, N/A, 176.46, 100|3, 73, N/A, 52.54, 0|
15:00:15 0, 76, N/A, 47.39, 0|1, 76, N/A, 60.14, 0|2, 79, N/A, 198.26, 94|3, 77, N/A, 191.28, 100|
15:00:17 0, 76, N/A, 46.57, 0|1, 73, N/A, 56.95, 0|2, 77, N/A, 59.71, 20|3, 77, N/A, 197.24, 49|
15:00:20 0, 76, N/A, 128.77, 17|1, 72, N/A, 56.10, 0|2, 75, N/A, 56.65, 0|3, 79, N/A, 204.41, 100|
15:00:22 0, 79, N/A, 131.15, 100|1, 71, N/A, 55.80, 0|2, 74, N/A, 55.90, 0|3, 75, N/A, 52.74, 0|
15:00:24 0, 75, N/A, 52.12, 0|1, 76, N/A, 207.50, 100|2, 74, N/A, 55.59, 0|3, 73, N/A, 51.49, 0|
15:00:26 0, 75, N/A, 46.33, 0|1, 71, N/A, 55.78, 0|2, 79, N/A, 196.48, 100|3, 72, N/A, 51.04, 0|
15:00:28 0, 74, N/A, 45.88, 0|1, 70, N/A, 47.10, 0|2, 75, N/A, 64.09, 0|3, 79, N/A, 208.83, 100|
15:00:30 0, 80, N/A, 201.49, 100|1, 69, N/A, 46.58, 0|2, 74, N/A, 63.61, 0|3, 74, N/A, 53.92, 0|
15:00:32 0, 75, N/A, 50.21, 0|1, 74, N/A, 201.75, 100|2, 74, N/A, 53.19, 0|3, 73, N/A, 53.44, 0|
15:00:34 0, 74, N/A, 49.52, 0|1, 70, N/A, 55.08, 0|2, 80, N/A, 205.57, 100|3, 73, N/A, 53.44, 0|
15:00:36 0, 74, N/A, 49.25, 0|1, 69, N/A, 54.35, 0|2, 75, N/A, 61.21, 0|3, 79, N/A, 204.36, 100|
15:00:38 0, 75, N/A, 180.89, 3|1, 69, N/A, 71.66, 28|2, 75, N/A, 61.71, 29|3, 77, N/A, 56.84, 46|
15:00:40 0, 75, N/A, 51.67, 6|1, 71, N/A, 76.06, 28|2, 76, N/A, 180.10, 3|3, 77, N/A, 56.60, 46|
15:00:42 0, 75, N/A, 50.70, 29|1, 70, N/A, 55.52, 28|2, 76, N/A, 65.02, 7|3, 78, N/A, 202.07, 27|
15:00:44 0, 75, N/A, 175.23, 29|1, 70, N/A, 55.31, 28|2, 76, N/A, 62.18, 30|3, 78, N/A, 62.19, 28|
15:00:47 0, 75, N/A, 52.64, 29|1, 71, N/A, 102.83, 3|2, 76, N/A, 160.55, 30|3, 77, N/A, 57.09, 27|
15:00:49 0, 75, N/A, 50.70, 29|1, 70, N/A, 55.77, 7|2, 77, N/A, 70.12, 30|3, 77, N/A, 209.32, 20|
15:00:51 0, 75, N/A, 149.96, 29|1, 70, N/A, 55.04, 21|2, 76, N/A, 62.18, 30|3, 78, N/A, 73.56, 22|
15:00:53 0, 76, N/A, 57.70, 14|1, 71, N/A, 203.55, 23|2, 75, N/A, 61.91, 30|3, 77, N/A, 57.33, 45|
15:00:55 0, 75, N/A, 50.94, 12|1, 71, N/A, 56.99, 25|2, 77, N/A, 99.37, 17|3, 77, N/A, 184.66, 46|
15:00:57 0, 75, N/A, 50.70, 24|1, 70, N/A, 55.53, 28|2, 76, N/A, 62.18, 9|3, 78, N/A, 135.82, 43|
15:00:59 0, 76, N/A, 80.16, 27|1, 70, N/A, 185.62, 28|2, 76, N/A, 61.67, 25|3, 77, N/A, 57.57, 40|
15:01:01 0, 75, N/A, 51.22, 29|1, 71, N/A, 59.17, 21|2, 76, N/A, 167.97, 28|3, 77, N/A, 111.12, 13|
15:01:03 0, 75, N/A, 50.70, 29|1, 70, N/A, 55.52, 18|2, 76, N/A, 62.42, 30|3, 78, N/A, 205.21, 13|
15:01:05 0, 76, N/A, 133.31, 28|1, 70, N/A, 134.22, 13|2, 76, N/A, 61.67, 30|3, 77, N/A, 58.78, 13|
15:01:07 0, 75, N/A, 51.68, 29|1, 71, N/A, 70.04, 17|2, 76, N/A, 188.64, 30|3, 77, N/A, 57.33, 43|
15:01:09 0, 75, N/A, 50.92, 27|1, 70, N/A, 55.50, 28|2, 76, N/A, 64.29, 23|3, 78, N/A, 200.49, 46|
15:01:12 0, 75, N/A, 143.86, 10|1, 70, N/A, 55.32, 28|2, 75, N/A, 61.71, 16|3, 78, N/A, 68.27, 46|
15:01:14 0, 76, N/A, 87.48, 30|1, 70, N/A, 128.40, 30|2, 75, N/A, 61.25, 30|3, 77, N/A, 57.85, 36|
15:01:16 0, 76, N/A, 78.28, 20|1, 70, N/A, 141.23, 11|2, 75, N/A, 61.25, 30|3, 77, N/A, 57.60, 46|
15:01:18 0, 76, N/A, 52.92, 13|1, 70, N/A, 154.19, 30|2, 75, N/A, 55.69, 12|3, 77, N/A, 57.36, 46|
15:01:20 0, 75, N/A, 84.83, 22|1, 70, N/A, 127.55, 7|2, 74, N/A, 54.45, 32|3, 77, N/A, 57.85, 12|
15:01:22 0, 75, N/A, 154.57, 26|1, 69, N/A, 46.62, 30|2, 74, N/A, 54.21, 25|3, 77, N/A, 60.76, 36|
15:01:24 0, 75, N/A, 128.88, 6|1, 69, N/A, 46.61, 23|2, 74, N/A, 54.24, 32|3, 77, N/A, 75.80, 27|
15:01:26 0, 75, N/A, 46.36, 30|1, 69, N/A, 46.61, 30|2, 73, N/A, 53.99, 0|3, 78, N/A, 125.73, 20|
15:01:28 0, 75, N/A, 46.39, 30|1, 69, N/A, 46.62, 30|2, 74, N/A, 54.69, 32|3, 77, N/A, 203.52, 40|
15:01:30 0, 75, N/A, 46.36, 30|1, 69, N/A, 46.61, 29|2, 74, N/A, 59.51, 14|3, 77, N/A, 204.97, 10|
15:01:32 0, 75, N/A, 46.61, 17|1, 69, N/A, 47.10, 30|2, 74, N/A, 75.99, 18|3, 77, N/A, 189.76, 46|
15:01:34 0, 75, N/A, 46.67, 30|1, 69, N/A, 51.50, 8|2, 74, N/A, 155.20, 32|3, 77, N/A, 56.91, 18|
15:01:36 0, 75, N/A, 47.64, 0|1, 69, N/A, 78.62, 30|2, 73, N/A, 135.42, 0|3, 77, N/A, 57.16, 46|
15:01:39 0, 75, N/A, 51.01, 30|1, 69, N/A, 155.97, 0|2, 73, N/A, 53.51, 32|3, 77, N/A, 57.16, 37|
15:01:41 0, 75, N/A, 51.98, 14|1, 69, N/A, 154.45, 30|2, 73, N/A, 53.51, 15|3, 77, N/A, 57.40, 46|
15:01:43 0, 75, N/A, 53.19, 15|1, 69, N/A, 153.40, 14|2, 73, N/A, 53.51, 32|3, 77, N/A, 57.64, 46|
15:01:45 0, 75, N/A, 154.43, 30|1, 69, N/A, 92.29, 30|2, 73, N/A, 53.51, 32|3, 77, N/A, 58.59, 27|
15:01:47 0, 74, N/A, 144.85, 0|1, 68, N/A, 45.92, 30|2, 73, N/A, 53.51, 32|3, 78, N/A, 65.15, 46|
15:01:49 0, 74, N/A, 90.16, 30|1, 68, N/A, 46.15, 30|2, 73, N/A, 53.51, 32|3, 78, N/A, 86.44, 9|
15:01:51 0, 74, N/A, 46.12, 9|1, 69, N/A, 46.34, 30|2, 73, N/A, 53.69, 27|3, 78, N/A, 207.60, 45|
15:01:53 0, 74, N/A, 46.34, 30|1, 69, N/A, 46.34, 16|2, 73, N/A, 56.11, 25|3, 78, N/A, 218.33, 10|
15:01:55 0, 74, N/A, 45.57, 0|1, 68, N/A, 45.55, 0|2, 71, N/A, 51.70, 0|3, 75, N/A, 55.35, 0|
15:01:57 0, 73, N/A, 45.57, 0|1, 68, N/A, 45.33, 0|2, 71, N/A, 51.24, 0|3, 74, N/A, 46.12, 0|
15:01:59 0, 73, N/A, 45.82, 0|1, 67, N/A, 45.08, 0|2, 70, N/A, 51.00, 0|3, 73, N/A, 45.63, 0|
15:02:01 0, 74, N/A, 45.57, 18|1, 68, N/A, 45.34, 18|2, 71, N/A, 51.49, 26|3, 73, N/A, 46.36, 23|
15:02:04 0, 74, N/A, 53.19, 0|1, 70, N/A, 55.12, 99|2, 71, N/A, 176.32, 74|3, 72, N/A, 45.24, 0|
15:02:06 0, 74, N/A, 45.88, 18|1, 68, N/A, 53.86, 17|2, 72, N/A, 63.41, 22|3, 76, N/A, 118.29, 29|
15:02:08 0, 75, N/A, 59.97, 18|1, 68, N/A, 143.59, 27|2, 71, N/A, 64.42, 20|3, 75, N/A, 56.91, 40|
15:02:10 0, 78, N/A, 203.80, 100|1, 69, N/A, 174.38, 63|2, 71, N/A, 51.39, 0|3, 74, N/A, 54.34, 0|
15:02:12 0, 75, N/A, 54.00, 0|1, 70, N/A, 54.94, 0|2, 75, N/A, 186.26, 100|3, 76, N/A, 209.45, 100|
15:02:14 0, 75, N/A, 53.89, 0|1, 69, N/A, 54.35, 0|2, 77, N/A, 208.48, 100|3, 76, N/A, 55.87, 0|
15:02:16 0, 76, N/A, 55.10, 0|1, 70, N/A, 194.29, 100|2, 73, N/A, 60.97, 0|3, 75, N/A, 51.74, 0|
15:02:18 0, 74, N/A, 53.58, 0|1, 68, N/A, 53.38, 0|2, 74, N/A, 62.42, 0|3, 78, N/A, 187.68, 100|
15:02:20 0, 76, N/A, 73.18, 17|1, 69, N/A, 175.42, 17|2, 74, N/A, 107.55, 23|3, 77, N/A, 58.27, 30|
15:02:22 0, 78, N/A, 163.73, 100|1, 68, N/A, 53.41, 0|2, 73, N/A, 63.69, 0|3, 76, N/A, 55.91, 0|
15:02:24 0, 76, N/A, 55.82, 0|1, 72, N/A, 201.56, 100|2, 76, N/A, 208.96, 100|3, 75, N/A, 54.72, 0|
15:02:26 0, 80, N/A, 167.31, 100|1, 71, N/A, 165.01, 95|2, 74, N/A, 64.85, 0|3, 79, N/A, 122.56, 100|
15:02:29 0, 76, N/A, 51.58, 0|1, 70, N/A, 55.21, 0|2, 78, N/A, 182.84, 100|3, 78, N/A, 178.02, 100|
15:02:31 0, 79, N/A, 197.04, 100|1, 69, N/A, 53.86, 0|2, 74, N/A, 64.86, 0|3, 77, N/A, 56.64, 0|
15:02:33 0, 77, N/A, 53.72, 0|1, 73, N/A, 172.49, 100|2, 78, N/A, 185.01, 100|3, 75, N/A, 55.24, 0|
15:02:35 0, 79, N/A, 127.72, 100|1, 72, N/A, 188.81, 100|2, 75, N/A, 65.71, 0|3, 77, N/A, 48.73, 32|
15:02:37 0, 76, N/A, 47.87, 0|1, 71, N/A, 55.59, 0|2, 79, N/A, 203.81, 100|3, 78, N/A, 181.91, 100|
15:02:39 0, 79, N/A, 191.26, 100|1, 69, N/A, 54.28, 0|2, 75, N/A, 65.26, 0|3, 76, N/A, 55.83, 0|
15:02:41 0, 77, N/A, 51.29, 0|1, 74, N/A, 167.21, 100|2, 78, N/A, 185.98, 100|3, 74, N/A, 54.30, 0|
15:02:43 0, 80, N/A, 117.04, 100|1, 73, N/A, 171.62, 100|2, 75, N/A, 66.39, 0|3, 79, N/A, 70.54, 94|
15:02:45 0, 77, N/A, 47.42, 0|1, 72, N/A, 56.87, 0|2, 79, N/A, 170.66, 100|3, 78, N/A, 168.97, 100|
15:02:47 0, 79, N/A, 164.59, 100|1, 70, N/A, 54.83, 0|2, 75, N/A, 66.07, 0|3, 76, N/A, 56.60, 38|
15:02:49 0, 78, N/A, 48.39, 0|1, 74, N/A, 166.33, 89|2, 78, N/A, 176.70, 100|3, 74, N/A, 54.30, 0|
15:02:51 0, 78, N/A, 48.63, 0|1, 74, N/A, 186.30, 100|2, 77, N/A, 68.00, 0|3, 78, N/A, 181.19, 100|
15:02:54 0, 78, N/A, 172.20, 50|1, 71, N/A, 55.31, 2|2, 76, N/A, 60.00, 0|3, 77, N/A, 56.60, 1|
15:02:56 0, 77, N/A, 47.33, 0|1, 72, N/A, 56.99, 0|2, 76, N/A, 191.93, 84|3, 74, N/A, 53.96, 0|
15:02:58 0, 77, N/A, 77.98, 23|1, 71, N/A, 170.53, 23|2, 75, N/A, 64.81, 23|3, 76, N/A, 58.02, 34|
15:03:00 0, 77, N/A, 50.46, 19|1, 72, N/A, 74.36, 29|2, 76, N/A, 200.37, 19|3, 75, N/A, 87.48, 43|
15:03:02 0, 76, N/A, 53.07, 0|1, 70, N/A, 55.01, 0|2, 75, N/A, 65.56, 0|3, 74, N/A, 54.59, 0|
