15:03:04 0, 76, N/A, 42.89, 0|1, 69, N/A, 53.83, 0|2, 74, N/A, 60.97, 0|3, 73, N/A, 52.19, 0|
15:03:06 0, 75, N/A, 46.76, 11|1, 69, N/A, 54.53, 13|2, 74, N/A, 60.92, 15|3, 73, N/A, 52.40, 14|
15:03:08 0, 74, N/A, 46.52, 9|1, 68, N/A, 53.80, 8|2, 74, N/A, 60.44, 9|3, 73, N/A, 52.18, 8|
15:03:10 0, 74, N/A, 46.03, 0|1, 68, N/A, 53.55, 0|2, 74, N/A, 60.68, 0|3, 72, N/A, 51.70, 0|
15:03:12 0, 74, N/A, 45.85, 0|1, 68, N/A, 53.38, 0|2, 74, N/A, 63.41, 0|3, 72, N/A, 53.20, 0|
15:03:14 0, 74, N/A, 45.57, 0|1, 68, N/A, 53.10, 0|2, 73, N/A, 63.37, 0|3, 72, N/A, 53.16, 0|
15:03:17 0, 78, N/A, 160.00, 91|1, 71, N/A, 157.23, 90|2, 78, N/A, 173.73, 89|3, 77, N/A, 172.77, 89|
15:03:19 0, 79, N/A, 164.34, 90|1, 72, N/A, 145.88, 90|2, 79, N/A, 162.97, 89|3, 78, N/A, 160.97, 89|
15:03:21 0, 79, N/A, 166.14, 90|1, 72, N/A, 143.21, 90|2, 79, N/A, 139.15, 89|3, 79, N/A, 152.54, 88|
15:03:23 0, 79, N/A, 133.56, 90|1, 73, N/A, 141.06, 89|2, 79, N/A, 139.62, 89|3, 79, N/A, 139.35, 89|
15:03:25 0, 79, N/A, 135.85, 91|1, 73, N/A, 144.41, 91|2, 79, N/A, 109.25, 89|3, 79, N/A, 135.85, 87|
15:03:27 0, 79, N/A, 103.31, 90|1, 74, N/A, 144.07, 93|2, 79, N/A, 133.26, 89|3, 79, N/A, 125.90, 90|
15:03:29 0, 79, N/A, 107.99, 93|1, 74, N/A, 151.87, 88|2, 79, N/A, 119.39, 89|3, 79, N/A, 138.41, 87|
15:03:32 0, 79, N/A, 126.47, 90|1, 74, N/A, 140.09, 92|2, 79, N/A, 123.25, 88|3, 79, N/A, 144.41, 89|
15:03:34 0, 79, N/A, 113.85, 91|1, 74, N/A, 145.37, 88|2, 79, N/A, 128.25, 89|3, 79, N/A, 148.76, 90|
15:03:36 0, 78, N/A, 52.08, 0|1, 72, N/A, 56.92, 0|2, 77, N/A, 61.13, 0|3, 77, N/A, 54.80, 0|
15:03:38 0, 80, N/A, 129.95, 100|1, 75, N/A, 173.79, 100|2, 79, N/A, 149.50, 100|3, 79, N/A, 154.80, 100|
15:03:40 0, 79, N/A, 112.06, 100|1, 76, N/A, 174.85, 100|2, 78, N/A, 140.72, 100|3, 79, N/A, 141.06, 100|
15:03:43 0, 79, N/A, 103.67, 92|1, 76, N/A, 157.34, 100|2, 79, N/A, 141.11, 100|3, 79, N/A, 147.97, 100|
15:03:45 0, 79, N/A, 97.58, 100|1, 76, N/A, 136.81, 100|2, 79, N/A, 144.32, 100|3, 79, N/A, 134.27, 100|
15:03:47 0, 79, N/A, 94.74, 100|1, 76, N/A, 138.82, 100|2, 79, N/A, 146.72, 100|3, 79, N/A, 128.21, 100|
15:03:49 0, 79, N/A, 92.53, 100|1, 76, N/A, 160.39, 100|2, 79, N/A, 122.97, 100|3, 79, N/A, 131.09, 100|
15:03:51 0, 79, N/A, 97.64, 89|1, 76, N/A, 137.06, 89|2, 79, N/A, 115.33, 100|3, 79, N/A, 133.35, 100|
15:03:53 0, 79, N/A, 93.96, 100|1, 76, N/A, 140.37, 100|2, 79, N/A, 129.01, 100|3, 79, N/A, 135.58, 100|
15:03:55 0, 79, N/A, 100.89, 100|1, 77, N/A, 133.15, 100|2, 79, N/A, 116.61, 100|3, 79, N/A, 147.39, 100|
15:03:57 0, 79, N/A, 94.39, 100|1, 77, N/A, 161.54, 100|2, 79, N/A, 135.34, 100|3, 79, N/A, 138.08, 100|
15:04:00 0, 79, N/A, 97.70, 100|1, 77, N/A, 137.75, 100|2, 80, N/A, 132.46, 100|3, 80, N/A, 157.63, 100|
15:04:02 0, 79, N/A, 100.59, 89|1, 77, N/A, 146.20, 100|2, 79, N/A, 113.54, 100|3, 79, N/A, 148.57, 95|
15:04:04 0, 79, N/A, 103.24, 100|1, 77, N/A, 164.49, 100|2, 79, N/A, 134.15, 100|3, 79, N/A, 124.09, 100|
15:04:06 0, 79, N/A, 107.88, 100|1, 78, N/A, 169.24, 87|2, 79, N/A, 125.21, 87|3, 79, N/A, 136.32, 87|
15:04:08 0, 79, N/A, 105.86, 100|1, 78, N/A, 157.65, 100|2, 79, N/A, 122.64, 100|3, 79, N/A, 148.40, 100|
15:04:11 0, 79, N/A, 100.95, 67|1, 78, N/A, 159.91, 73|2, 79, N/A, 76.28, 72|3, 78, N/A, 63.52, 72|
15:04:13 0, 79, N/A, 97.94, 100|1, 79, N/A, 138.20, 100|2, 79, N/A, 120.63, 100|3, 79, N/A, 125.24, 100|
15:04:15 0, 79, N/A, 102.69, 100|1, 79, N/A, 114.63, 100|2, 79, N/A, 76.03, 100|3, 79, N/A, 129.49, 87|
15:04:17 0, 79, N/A, 103.72, 100|1, 79, N/A, 135.06, 100|2, 79, N/A, 118.87, 100|3, 79, N/A, 138.56, 100|
15:04:19 0, 79, N/A, 97.16, 100|1, 79, N/A, 161.08, 100|2, 79, N/A, 121.28, 100|3, 79, N/A, 132.92, 100|
15:04:21 0, 78, N/A, 48.88, 69|1, 78, N/A, 62.69, 100|2, 78, N/A, 61.58, 86|3, 78, N/A, 54.55, 28|
15:04:24 0, 79, N/A, 116.14, 89|1, 79, N/A, 159.96, 88|2, 79, N/A, 139.02, 89|3, 79, N/A, 143.67, 87|
15:04:26 0, 79, N/A, 121.82, 89|1, 79, N/A, 157.58, 88|2, 79, N/A, 150.54, 89|3, 79, N/A, 121.22, 89|
15:04:28 0, 80, N/A, 110.16, 93|1, 79, N/A, 149.29, 91|2, 79, N/A, 125.07, 88|3, 79, N/A, 134.92, 91|
15:04:30 0, 78, N/A, 86.78, 93|1, 78, N/A, 131.12, 90|2, 79, N/A, 132.23, 89|3, 79, N/A, 134.54, 91|
15:04:32 0, 79, N/A, 90.32, 90|1, 79, N/A, 137.29, 90|2, 79, N/A, 126.79, 89|3, 79, N/A, 139.25, 87|
15:04:34 0, 79, N/A, 97.29, 93|1, 79, N/A, 144.93, 89|2, 79, N/A, 135.24, 91|3, 79, N/A, 138.93, 87|
15:04:37 0, 79, N/A, 93.45, 89|1, 79, N/A, 148.31, 92|2, 79, N/A, 130.96, 88|3, 79, N/A, 131.59, 91|
15:04:39 0, 79, N/A, 104.27, 93|1, 80, N/A, 146.10, 88|2, 79, N/A, 128.55, 88|3, 79, N/A, 135.57, 91|
15:04:41 0, 79, N/A, 51.53, 89|1, 78, N/A, 69.85, 92|2, 78, N/A, 127.42, 92|3, 78, N/A, 140.88, 87|
15:04:43 0, 79, N/A, 111.77, 91|1, 79, N/A, 130.58, 89|2, 79, N/A, 133.00, 91|3, 79, N/A, 141.52, 86|
15:04:45 0, 78, N/A, 48.71, 1|1, 77, N/A, 60.58, 0|2, 78, N/A, 63.36, 26|3, 77, N/A, 56.78, 0|
15:04:47 0, 79, N/A, 109.15, 100|1, 79, N/A, 143.21, 100|2, 79, N/A, 124.73, 100|3, 79, N/A, 148.83, 100|
15:04:50 0, 79, N/A, 110.39, 100|1, 79, N/A, 141.99, 94|2, 79, N/A, 126.42, 86|3, 79, N/A, 142.82, 86|
15:04:52 0, 79, N/A, 110.45, 100|1, 79, N/A, 147.98, 100|2, 79, N/A, 144.55, 100|3, 79, N/A, 157.79, 100|
15:04:54 0, 79, N/A, 61.62, 99|1, 79, N/A, 120.91, 91|2, 79, N/A, 148.31, 100|3, 79, N/A, 157.30, 86|
15:04:56 0, 79, N/A, 110.33, 100|1, 79, N/A, 139.82, 100|2, 79, N/A, 141.52, 100|3, 79, N/A, 135.44, 100|
15:04:59 0, 79, N/A, 107.09, 100|1, 79, N/A, 131.30, 100|2, 79, N/A, 134.94, 100|3, 79, N/A, 139.04, 100|
15:05:01 0, 79, N/A, 105.16, 100|1, 79, N/A, 132.97, 100|2, 79, N/A, 115.08, 100|3, 79, N/A, 141.07, 100|
15:05:03 0, 79, N/A, 88.54, 100|1, 78, N/A, 98.32, 100|2, 78, N/A, 116.86, 100|3, 78, N/A, 150.52, 100|
15:05:05 0, 79, N/A, 93.89, 100|1, 79, N/A, 134.96, 100|2, 79, N/A, 126.20, 100|3, 78, N/A, 118.50, 100|
15:05:07 0, 79, N/A, 104.85, 86|1, 79, N/A, 136.15, 85|2, 79, N/A, 142.57, 85|3, 79, N/A, 153.29, 85|
15:05:10 0, 79, N/A, 102.93, 100|1, 79, N/A, 149.91, 100|2, 79, N/A, 118.30, 100|3, 79, N/A, 138.40, 100|
15:05:12 0, 79, N/A, 97.57, 100|1, 79, N/A, 127.11, 100|2, 79, N/A, 131.08, 100|3, 79, N/A, 145.13, 100|
15:05:14 0, 79, N/A, 109.19, 98|1, 79, N/A, 150.57, 93|2, 79, N/A, 128.67, 85|3, 79, N/A, 137.74, 91|
15:05:16 0, 79, N/A, 106.32, 100|1, 79, N/A, 132.38, 100|2, 79, N/A, 135.42, 100|3, 79, N/A, 139.35, 100|
15:05:19 0, 79, N/A, 112.89, 100|1, 79, N/A, 160.84, 100|2, 79, N/A, 141.41, 100|3, 79, N/A, 125.53, 100|
15:05:21 0, 79, N/A, 135.65, 100|1, 79, N/A, 147.15, 100|2, 79, N/A, 129.10, 85|3, 79, N/A, 131.40, 84|
15:05:23 0, 79, N/A, 117.95, 100|1, 79, N/A, 135.51, 100|2, 79, N/A, 131.73, 100|3, 79, N/A, 142.08, 100|
15:05:26 0, 79, N/A, 99.99, 100|1, 79, N/A, 140.32, 100|2, 79, N/A, 119.11, 100|3, 79, N/A, 135.92, 100|
15:05:28 0, 79, N/A, 101.07, 85|1, 79, N/A, 164.58, 100|2, 78, N/A, 111.61, 100|3, 79, N/A, 126.31, 100|
15:05:30 0, 79, N/A, 108.47, 100|1, 79, N/A, 128.26, 100|2, 79, N/A, 142.05, 100|3, 79, N/A, 175.51, 100|
15:05:32 0, 79, N/A, 109.11, 100|1, 79, N/A, 139.68, 100|2, 79, N/A, 113.53, 100|3, 79, N/A, 149.22, 100|
15:05:35 0, 78, N/A, 124.04, 89|1, 79, N/A, 144.58, 100|2, 79, N/A, 137.20, 89|3, 79, N/A, 132.38, 84|
15:05:37 0, 79, N/A, 104.13, 99|1, 79, N/A, 165.68, 100|2, 79, N/A, 156.59, 99|3, 79, N/A, 143.84, 100|
15:05:39 0, 79, N/A, 49.65, 96|1, 78, N/A, 54.98, 60|2, 78, N/A, 58.45, 40|3, 78, N/A, 56.26, 77|
15:05:42 0, 79, N/A, 122.39, 89|1, 79, N/A, 150.82, 91|2, 79, N/A, 157.75, 88|3, 79, N/A, 174.54, 87|
15:05:44 0, 79, N/A, 96.69, 91|1, 79, N/A, 118.69, 87|2, 79, N/A, 124.21, 91|3, 79, N/A, 140.58, 91|
15:05:46 0, 79, N/A, 106.95, 92|1, 79, N/A, 124.32, 88|2, 79, N/A, 125.71, 91|3, 79, N/A, 136.00, 90|
15:05:48 0, 79, N/A, 95.10, 89|1, 79, N/A, 119.83, 91|2, 79, N/A, 121.58, 87|3, 79, N/A, 147.63, 87|
15:05:50 0, 79, N/A, 98.49, 89|1, 79, N/A, 131.51, 90|2, 79, N/A, 138.74, 91|3, 79, N/A, 141.19, 87|
15:05:53 0, 79, N/A, 103.38, 92|1, 79, N/A, 131.14, 87|2, 79, N/A, 127.68, 91|3, 79, N/A, 136.15, 91|
15:05:55 0, 79, N/A, 106.20, 93|1, 79, N/A, 140.18, 89|2, 79, N/A, 124.02, 90|3, 79, N/A, 148.04, 90|
15:05:57 0, 79, N/A, 97.52, 89|1, 79, N/A, 130.54, 91|2, 79, N/A, 136.46, 88|3, 78, N/A, 136.74, 85|
15:05:59 0, 79, N/A, 102.43, 88|1, 79, N/A, 132.10, 91|2, 79, N/A, 119.10, 91|3, 79, N/A, 153.29, 90|
15:06:01 0, 79, N/A, 106.00, 92|1, 79, N/A, 139.71, 91|2, 79, N/A, 136.21, 87|3, 79, N/A, 148.28, 87|
15:06:04 0, 79, N/A, 99.80, 89|1, 79, N/A, 129.32, 90|2, 79, N/A, 142.24, 90|3, 79, N/A, 159.41, 90|
15:06:06 0, 79, N/A, 113.93, 100|1, 79, N/A, 117.01, 100|2, 79, N/A, 165.77, 100|3, 80, N/A, 167.42, 100|
15:06:08 0, 79, N/A, 85.15, 100|1, 79, N/A, 72.26, 100|2, 79, N/A, 120.38, 100|3, 78, N/A, 119.11, 100|
15:06:10 0, 79, N/A, 96.01, 100|1, 79, N/A, 114.40, 100|2, 79, N/A, 120.08, 100|3, 78, N/A, 152.74, 100|
15:06:12 0, 79, N/A, 87.52, 64|1, 79, N/A, 119.25, 54|2, 79, N/A, 184.55, 61|3, 78, N/A, 165.27, 57|
15:06:14 0, 79, N/A, 94.32, 84|1, 79, N/A, 93.80, 94|2, 79, N/A, 122.90, 100|3, 79, N/A, 121.69, 83|
15:06:17 0, 79, N/A, 97.75, 100|1, 79, N/A, 134.71, 100|2, 79, N/A, 171.93, 100|3, 79, N/A, 180.45, 100|
15:06:19 0, 79, N/A, 112.62, 100|1, 79, N/A, 142.24, 100|2, 78, N/A, 122.56, 100|3, 79, N/A, 159.24, 100|
15:06:21 0, 80, N/A, 117.71, 100|1, 79, N/A, 121.16, 100|2, 79, N/A, 148.16, 100|3, 79, N/A, 142.59, 100|
15:06:23 0, 79, N/A, 95.95, 100|1, 79, N/A, 124.30, 100|2, 79, N/A, 178.75, 100|3, 78, N/A, 108.29, 100|
15:06:25 0, 79, N/A, 112.97, 83|1, 79, N/A, 118.04, 83|2, 79, N/A, 135.42, 83|3, 79, N/A, 167.80, 82|
15:06:28 0, 79, N/A, 102.82, 88|1, 79, N/A, 134.29, 76|2, 79, N/A, 129.40, 76|3, 79, N/A, 152.27, 76|
15:06:30 0, 79, N/A, 99.40, 100|1, 79, N/A, 117.94, 100|2, 79, N/A, 142.96, 100|3, 79, N/A, 185.96, 100|
15:06:32 0, 79, N/A, 101.65, 100|1, 79, N/A, 143.09, 100|2, 79, N/A, 172.26, 100|3, 79, N/A, 183.69, 100|
15:06:34 0, 79, N/A, 99.21, 100|1, 79, N/A, 139.62, 100|2, 79, N/A, 156.25, 100|3, 79, N/A, 150.91, 100|
15:06:36 0, 79, N/A, 105.07, 100|1, 79, N/A, 135.52, 100|2, 79, N/A, 137.73, 100|3, 79, N/A, 188.63, 100|
15:06:39 0, 79, N/A, 107.43, 100|1, 79, N/A, 127.59, 100|2, 79, N/A, 141.28, 100|3, 79, N/A, 175.18, 100|
15:06:41 0, 79, N/A, 112.57, 100|1, 79, N/A, 132.13, 100|2, 79, N/A, 149.45, 100|3, 79, N/A, 174.79, 100|
15:06:43 0, 79, N/A, 107.66, 100|1, 80, N/A, 128.31, 100|2, 79, N/A, 150.73, 100|3, 79, N/A, 167.93, 100|
15:06:45 0, 79, N/A, 109.50, 100|1, 79, N/A, 101.41, 100|2, 79, N/A, 119.68, 100|3, 79, N/A, 146.52, 100|
15:06:48 0, 79, N/A, 106.53, 100|1, 79, N/A, 117.25, 100|2, 79, N/A, 160.80, 100|3, 79, N/A, 177.31, 100|
15:06:50 0, 79, N/A, 92.83, 88|1, 79, N/A, 123.24, 100|2, 79, N/A, 153.48, 100|3, 78, N/A, 172.65, 100|
15:06:52 0, 79, N/A, 84.95, 100|1, 79, N/A, 100.26, 87|2, 79, N/A, 126.27, 91|3, 77, N/A, 120.82, 82|
15:06:54 0, 79, N/A, 94.04, 83|1, 79, N/A, 108.40, 82|2, 79, N/A, 119.68, 82|3, 77, N/A, 151.07, 82|
15:06:56 0, 78, N/A, 112.58, 82|1, 79, N/A, 164.49, 93|2, 79, N/A, 190.63, 93|3, 77, N/A, 188.95, 100|
15:06:59 0, 78, N/A, 110.73, 82|1, 79, N/A, 95.67, 62|2, 79, N/A, 96.21, 62|3, 77, N/A, 103.28, 69|
15:07:01 0, 78, N/A, 113.86, 100|1, 79, N/A, 160.85, 80|2, 79, N/A, 160.92, 81|3, 77, N/A, 187.42, 90|
15:07:03 0, 79, N/A, 108.47, 100|1, 80, N/A, 129.76, 100|2, 79, N/A, 134.30, 100|3, 78, N/A, 175.53, 100|
15:07:05 0, 79, N/A, 108.29, 100|1, 79, N/A, 124.93, 100|2, 79, N/A, 157.60, 100|3, 78, N/A, 171.39, 100|
15:07:07 0, 79, N/A, 108.94, 100|1, 79, N/A, 141.32, 100|2, 79, N/A, 156.65, 100|3, 78, N/A, 192.08, 100|
15:07:10 0, 79, N/A, 112.88, 100|1, 78, N/A, 103.24, 100|2, 79, N/A, 113.68, 100|3, 78, N/A, 129.34, 100|
15:07:12 0, 79, N/A, 88.79, 100|1, 79, N/A, 151.00, 100|2, 79, N/A, 104.80, 100|3, 78, N/A, 75.06, 100|
15:07:14 0, 79, N/A, 94.88, 100|1, 79, N/A, 128.24, 100|2, 78, N/A, 139.29, 100|3, 77, N/A, 187.52, 100|
15:07:16 0, 79, N/A, 96.01, 100|1, 79, N/A, 122.14, 100|2, 78, N/A, 161.29, 100|3, 77, N/A, 186.45, 100|
15:07:18 0, 79, N/A, 96.61, 100|1, 79, N/A, 123.47, 100|2, 79, N/A, 153.54, 100|3, 77, N/A, 169.52, 100|
15:07:20 0, 79, N/A, 91.31, 100|1, 79, N/A, 136.56, 100|2, 79, N/A, 128.18, 100|3, 77, N/A, 128.95, 100|
15:07:23 0, 79, N/A, 97.99, 100|1, 78, N/A, 143.41, 100|2, 79, N/A, 153.93, 100|3, 77, N/A, 136.88, 100|
15:07:25 0, 79, N/A, 102.01, 100|1, 79, N/A, 163.89, 100|2, 79, N/A, 184.55, 100|3, 78, N/A, 190.42, 100|
15:07:27 0, 79, N/A, 111.10, 100|1, 78, N/A, 112.67, 100|2, 79, N/A, 124.74, 100|3, 78, N/A, 148.14, 100|
15:07:29 0, 79, N/A, 109.73, 100|1, 79, N/A, 132.49, 100|2, 79, N/A, 144.08, 100|3, 78, N/A, 156.11, 100|
15:07:31 0, 79, N/A, 113.12, 100|1, 79, N/A, 137.11, 100|2, 79, N/A, 149.77, 100|3, 79, N/A, 194.65, 100|
15:07:33 0, 79, N/A, 104.95, 100|1, 80, N/A, 100.70, 100|2, 79, N/A, 127.80, 100|3, 78, N/A, 153.24, 100|
15:07:36 0, 79, N/A, 97.11, 100|1, 79, N/A, 113.54, 100|2, 79, N/A, 118.13, 100|3, 78, N/A, 151.27, 100|
15:07:38 0, 79, N/A, 90.65, 100|1, 79, N/A, 74.99, 100|2, 79, N/A, 135.83, 100|3, 78, N/A, 126.76, 100|
15:07:40 0, 79, N/A, 95.06, 100|1, 79, N/A, 108.93, 100|2, 79, N/A, 118.32, 100|3, 77, N/A, 135.22, 100|
15:07:42 0, 79, N/A, 92.28, 100|1, 79, N/A, 148.22, 100|2, 79, N/A, 94.99, 100|3, 77, N/A, 83.22, 100|
15:07:44 0, 79, N/A, 91.54, 100|1, 79, N/A, 71.97, 100|2, 79, N/A, 120.86, 100|3, 78, N/A, 121.70, 100|
15:07:46 0, 79, N/A, 90.58, 100|1, 79, N/A, 73.19, 100|2, 79, N/A, 115.72, 100|3, 77, N/A, 130.06, 100|
15:07:49 0, 79, N/A, 96.36, 100|1, 79, N/A, 153.63, 100|2, 79, N/A, 179.25, 100|3, 77, N/A, 194.14, 100|
15:07:51 0, 79, N/A, 94.44, 100|1, 79, N/A, 148.02, 100|2, 79, N/A, 187.52, 100|3, 77, N/A, 135.35, 100|
15:07:53 0, 79, N/A, 96.80, 100|1, 79, N/A, 150.28, 100|2, 79, N/A, 98.87, 100|3, 77, N/A, 96.33, 100|
15:07:55 0, 79, N/A, 90.64, 100|1, 79, N/A, 106.10, 100|2, 79, N/A, 128.47, 100|3, 77, N/A, 156.21, 100|
15:07:57 0, 79, N/A, 97.59, 100|1, 79, N/A, 126.38, 100|2, 79, N/A, 134.80, 100|3, 77, N/A, 142.01, 100|
15:08:00 0, 78, N/A, 101.41, 91|1, 78, N/A, 94.59, 87|2, 77, N/A, 73.61, 100|3, 75, N/A, 57.69, 98|
15:08:02 0, 78, N/A, 74.92, 100|1, 77, N/A, 67.90, 100|2, 77, N/A, 85.65, 100|3, 75, N/A, 103.54, 100|
15:08:04 0, 79, N/A, 119.79, 100|1, 79, N/A, 127.33, 100|2, 79, N/A, 137.34, 100|3, 78, N/A, 152.10, 100|
15:08:06 0, 79, N/A, 100.72, 100|1, 79, N/A, 123.89, 100|2, 79, N/A, 144.24, 100|3, 77, N/A, 188.48, 100|
15:08:08 0, 79, N/A, 106.24, 100|1, 79, N/A, 142.21, 100|2, 79, N/A, 163.12, 100|3, 77, N/A, 182.04, 100|
15:08:10 0, 79, N/A, 111.35, 100|1, 79, N/A, 126.14, 100|2, 79, N/A, 150.08, 100|3, 77, N/A, 186.36, 100|
15:08:13 0, 79, N/A, 101.69, 100|1, 79, N/A, 135.83, 100|2, 79, N/A, 137.67, 100|3, 77, N/A, 120.31, 100|
15:08:15 0, 79, N/A, 97.24, 100|1, 79, N/A, 121.23, 100|2, 79, N/A, 138.95, 100|3, 77, N/A, 141.54, 100|
15:08:17 0, 79, N/A, 112.25, 55|1, 78, N/A, 150.72, 100|2, 79, N/A, 157.21, 83|3, 76, N/A, 114.02, 95|
15:08:19 0, 78, N/A, 52.04, 3|1, 77, N/A, 52.75, 2|2, 77, N/A, 58.90, 0|3, 75, N/A, 55.04, 0|
15:08:21 0, 79, N/A, 97.65, 92|1, 79, N/A, 139.82, 90|2, 79, N/A, 156.25, 90|3, 77, N/A, 143.13, 90|
15:08:24 0, 78, N/A, 98.74, 91|1, 79, N/A, 138.58, 90|2, 79, N/A, 128.69, 90|3, 77, N/A, 148.15, 89|
15:08:26 0, 79, N/A, 104.27, 90|1, 79, N/A, 132.41, 91|2, 79, N/A, 155.16, 90|3, 77, N/A, 164.50, 88|
15:08:28 0, 79, N/A, 105.74, 91|1, 79, N/A, 131.35, 91|2, 79, N/A, 141.89, 87|3, 77, N/A, 163.73, 89|
15:08:30 0, 79, N/A, 114.61, 89|1, 79, N/A, 144.20, 91|2, 79, N/A, 142.98, 90|3, 77, N/A, 149.71, 87|
15:08:32 0, 79, N/A, 119.13, 92|1, 79, N/A, 129.33, 92|2, 79, N/A, 169.71, 90|3, 77, N/A, 139.46, 85|
15:08:35 0, 79, N/A, 94.06, 92|1, 79, N/A, 121.03, 90|2, 79, N/A, 157.09, 89|3, 76, N/A, 140.96, 88|
15:08:37 0, 79, N/A, 98.83, 91|1, 79, N/A, 123.02, 90|2, 79, N/A, 149.87, 89|3, 76, N/A, 131.51, 88|
15:08:39 0, 79, N/A, 91.50, 92|1, 78, N/A, 140.97, 91|2, 79, N/A, 148.59, 90|3, 77, N/A, 144.35, 90|
15:08:41 0, 79, N/A, 116.55, 91|1, 79, N/A, 138.70, 90|2, 79, N/A, 138.52, 89|3, 77, N/A, 152.45, 90|
15:08:43 0, 79, N/A, 94.56, 91|1, 79, N/A, 124.59, 91|2, 79, N/A, 157.12, 89|3, 77, N/A, 167.38, 90|
15:08:45 0, 79, N/A, 102.28, 92|1, 79, N/A, 132.35, 91|2, 79, N/A, 153.31, 90|3, 77, N/A, 172.68, 88|
15:08:47 0, 77, N/A, 48.16, 2|1, 77, N/A, 53.48, 6|2, 76, N/A, 66.20, 2|3, 73, N/A, 55.73, 2|
15:08:49 0, 79, N/A, 103.89, 79|1, 79, N/A, 146.43, 92|2, 79, N/A, 189.22, 79|3, 77, N/A, 200.96, 78|
15:08:52 0, 79, N/A, 109.62, 100|1, 78, N/A, 114.33, 100|2, 79, N/A, 123.13, 100|3, 76, N/A, 110.78, 100|
15:08:54 0, 79, N/A, 80.11, 100|1, 79, N/A, 59.24, 100|2, 77, N/A, 60.81, 100|3, 76, N/A, 115.19, 100|
15:08:56 0, 79, N/A, 87.46, 100|1, 79, N/A, 151.99, 100|2, 78, N/A, 200.72, 100|3, 76, N/A, 205.30, 100|
15:08:58 0, 79, N/A, 106.66, 100|1, 79, N/A, 117.15, 100|2, 78, N/A, 154.34, 100|3, 75, N/A, 147.31, 100|
15:09:00 0, 79, N/A, 125.02, 100|1, 77, N/A, 113.07, 100|2, 78, N/A, 174.34, 100|3, 74, N/A, 184.65, 100|
15:09:02 0, 79, N/A, 119.38, 100|1, 79, N/A, 140.50, 100|2, 80, N/A, 204.04, 100|3, 77, N/A, 159.13, 100|
15:09:05 0, 79, N/A, 137.27, 100|1, 78, N/A, 143.93, 78|2, 79, N/A, 187.03, 78|3, 77, N/A, 209.06, 78|
15:09:07 0, 79, N/A, 121.06, 83|1, 78, N/A, 148.88, 79|2, 78, N/A, 128.26, 74|3, 77, N/A, 131.90, 72|
15:09:09 0, 79, N/A, 118.02, 79|1, 79, N/A, 113.13, 93|2, 78, N/A, 135.08, 99|3, 77, N/A, 155.94, 89|
15:09:11 0, 79, N/A, 110.09, 100|1, 79, N/A, 165.35, 100|2, 79, N/A, 184.28, 100|3, 78, N/A, 208.92, 100|
15:09:13 0, 79, N/A, 111.23, 100|1, 79, N/A, 172.16, 100|2, 79, N/A, 181.40, 100|3, 78, N/A, 148.01, 100|
15:09:16 0, 79, N/A, 110.02, 100|1, 79, N/A, 166.68, 100|2, 79, N/A, 180.09, 100|3, 78, N/A, 210.87, 100|
15:09:18 0, 79, N/A, 108.26, 100|1, 79, N/A, 143.62, 100|2, 79, N/A, 144.08, 100|3, 78, N/A, 141.35, 100|
15:09:20 0, 79, N/A, 111.47, 100|1, 79, N/A, 119.33, 100|2, 79, N/A, 137.19, 100|3, 77, N/A, 175.88, 100|
15:09:22 0, 79, N/A, 109.06, 100|1, 79, N/A, 135.79, 100|2, 79, N/A, 186.08, 100|3, 78, N/A, 121.60, 100|
15:09:25 0, 79, N/A, 88.72, 100|1, 78, N/A, 150.28, 100|2, 77, N/A, 108.66, 100|3, 77, N/A, 199.52, 100|
15:09:27 0, 79, N/A, 110.94, 100|1, 79, N/A, 99.11, 100|2, 78, N/A, 133.65, 100|3, 78, N/A, 198.56, 100|
15:09:29 0, 79, N/A, 108.67, 100|1, 79, N/A, 148.78, 100|2, 79, N/A, 190.15, 100|3, 78, N/A, 207.66, 100|
15:09:31 0, 79, N/A, 110.68, 100|1, 79, N/A, 151.31, 100|2, 79, N/A, 198.77, 100|3, 78, N/A, 169.03, 100|
15:09:33 0, 79, N/A, 109.71, 100|1, 79, N/A, 127.24, 100|2, 79, N/A, 155.69, 100|3, 77, N/A, 174.01, 100|
15:09:35 0, 79, N/A, 110.43, 100|1, 79, N/A, 160.53, 100|2, 77, N/A, 143.63, 100|3, 78, N/A, 119.73, 100|
15:09:38 0, 79, N/A, 110.98, 100|1, 78, N/A, 142.71, 100|2, 79, N/A, 136.87, 100|3, 78, N/A, 150.17, 100|
15:09:40 0, 79, N/A, 115.30, 100|1, 79, N/A, 140.91, 100|2, 79, N/A, 178.86, 100|3, 78, N/A, 206.91, 100|
15:09:42 0, 79, N/A, 112.95, 100|1, 79, N/A, 150.17, 100|2, 79, N/A, 155.81, 100|3, 78, N/A, 187.40, 100|
15:09:44 0, 79, N/A, 116.41, 100|1, 79, N/A, 141.17, 100|2, 79, N/A, 118.30, 100|3, 78, N/A, 162.14, 100|
15:09:46 0, 79, N/A, 101.28, 100|1, 79, N/A, 117.16, 100|2, 79, N/A, 137.99, 100|3, 77, N/A, 151.32, 100|
15:09:49 0, 79, N/A, 104.15, 100|1, 79, N/A, 126.29, 100|2, 79, N/A, 141.07, 100|3, 77, N/A, 176.85, 100|
15:09:51 0, 79, N/A, 108.59, 100|1, 79, N/A, 130.69, 100|2, 79, N/A, 157.42, 100|3, 77, N/A, 169.89, 100|
15:09:53 0, 79, N/A, 105.31, 100|1, 79, N/A, 126.28, 100|2, 79, N/A, 173.85, 100|3, 77, N/A, 161.28, 100|
15:09:55 0, 79, N/A, 103.61, 100|1, 79, N/A, 130.12, 100|2, 78, N/A, 138.99, 100|3, 77, N/A, 156.72, 100|
15:09:57 0, 79, N/A, 105.50, 100|1, 79, N/A, 131.57, 100|2, 79, N/A, 169.62, 100|3, 77, N/A, 201.78, 100|
15:09:59 0, 79, N/A, 131.62, 57|1, 79, N/A, 150.76, 53|2, 79, N/A, 127.62, 53|3, 77, N/A, 161.28, 80|
15:10:02 0, 79, N/A, 105.19, 100|1, 79, N/A, 147.61, 100|2, 79, N/A, 194.36, 100|3, 78, N/A, 210.97, 100|
15:10:04 0, 79, N/A, 99.53, 100|1, 79, N/A, 74.31, 100|2, 80, N/A, 109.44, 100|3, 78, N/A, 142.81, 100|
15:10:06 0, 79, N/A, 112.00, 100|1, 79, N/A, 146.43, 100|2, 78, N/A, 143.54, 100|3, 78, N/A, 208.00, 100|
15:10:08 0, 79, N/A, 104.61, 100|1, 79, N/A, 137.94, 100|2, 78, N/A, 150.71, 100|3, 77, N/A, 184.87, 100|
15:10:10 0, 79, N/A, 102.14, 100|1, 79, N/A, 146.60, 100|2, 79, N/A, 172.30, 100|3, 77, N/A, 163.87, 100|
15:10:13 0, 79, N/A, 107.32, 100|1, 79, N/A, 170.63, 100|2, 79, N/A, 204.38, 100|3, 78, N/A, 211.68, 100|
15:10:15 0, 79, N/A, 108.89, 100|1, 79, N/A, 149.50, 100|2, 79, N/A, 189.78, 100|3, 78, N/A, 212.78, 100|
15:10:17 0, 79, N/A, 107.22, 100|1, 79, N/A, 151.41, 100|2, 79, N/A, 173.24, 100|3, 78, N/A, 156.97, 100|
15:10:19 0, 79, N/A, 107.34, 100|1, 79, N/A, 129.96, 100|2, 79, N/A, 162.95, 100|3, 77, N/A, 185.94, 100|
15:10:21 0, 79, N/A, 107.54, 100|1, 79, N/A, 132.88, 100|2, 79, N/A, 166.81, 100|3, 78, N/A, 175.41, 100|
15:10:23 0, 79, N/A, 108.91, 100|1, 79, N/A, 90.36, 100|2, 79, N/A, 162.18, 100|3, 77, N/A, 158.60, 100|
15:10:26 0, 79, N/A, 88.82, 76|1, 79, N/A, 70.03, 84|2, 78, N/A, 99.73, 75|3, 76, N/A, 127.34, 77|
15:10:28 0, 79, N/A, 85.96, 100|1, 80, N/A, 154.49, 100|2, 79, N/A, 101.72, 100|3, 77, N/A, 68.75, 100|
15:10:30 0, 79, N/A, 89.39, 100|1, 79, N/A, 107.32, 100|2, 78, N/A, 136.78, 100|3, 75, N/A, 149.55, 100|
15:10:32 0, 79, N/A, 88.36, 100|1, 79, N/A, 145.87, 98|2, 78, N/A, 120.38, 100|3, 76, N/A, 103.34, 100|
15:10:34 0, 79, N/A, 86.02, 100|1, 79, N/A, 152.63, 100|2, 78, N/A, 114.84, 100|3, 76, N/A, 86.56, 100|
15:10:36 0, 79, N/A, 96.61, 100|1, 79, N/A, 138.70, 100|2, 78, N/A, 175.65, 100|3, 75, N/A, 184.17, 100|
15:10:39 0, 79, N/A, 101.25, 100|1, 79, N/A, 138.06, 100|2, 78, N/A, 183.21, 100|3, 75, N/A, 192.34, 100|
15:10:41 0, 79, N/A, 112.80, 83|1, 79, N/A, 76.24, 83|2, 78, N/A, 113.93, 69|3, 74, N/A, 158.37, 72|
15:10:43 0, 79, N/A, 98.51, 100|1, 79, N/A, 106.67, 100|2, 78, N/A, 148.21, 100|3, 75, N/A, 147.07, 100|
15:10:45 0, 79, N/A, 105.73, 100|1, 79, N/A, 108.25, 100|2, 78, N/A, 158.84, 100|3, 75, N/A, 155.64, 100|
15:10:47 0, 79, N/A, 103.91, 100|1, 79, N/A, 116.00, 100|2, 78, N/A, 159.40, 100|3, 75, N/A, 138.79, 100|
15:10:49 0, 79, N/A, 107.25, 100|1, 79, N/A, 142.27, 100|2, 79, N/A, 201.30, 100|3, 76, N/A, 210.53, 100|
15:10:52 0, 79, N/A, 97.18, 100|1, 79, N/A, 60.38, 100|2, 79, N/A, 141.72, 100|3, 75, N/A, 159.16, 100|
15:10:54 0, 79, N/A, 134.35, 100|1, 78, N/A, 149.03, 74|2, 79, N/A, 204.89, 74|3, 76, N/A, 211.01, 74|
15:10:56 0, 79, N/A, 104.71, 100|1, 79, N/A, 144.81, 100|2, 79, N/A, 206.07, 100|3, 77, N/A, 104.72, 100|
15:10:58 0, 79, N/A, 111.99, 100|1, 79, N/A, 150.97, 100|2, 79, N/A, 184.28, 100|3, 76, N/A, 192.30, 100|
15:11:00 0, 79, N/A, 102.31, 100|1, 79, N/A, 146.59, 100|2, 78, N/A, 162.19, 100|3, 76, N/A, 139.03, 100|
15:11:02 0, 79, N/A, 96.35, 100|1, 79, N/A, 122.53, 100|2, 79, N/A, 118.54, 100|3, 75, N/A, 126.35, 100|
15:11:05 0, 79, N/A, 100.94, 75|1, 79, N/A, 152.32, 74|2, 79, N/A, 162.60, 74|3, 76, N/A, 144.80, 74|
15:11:07 0, 79, N/A, 100.78, 100|1, 79, N/A, 123.57, 100|2, 79, N/A, 126.75, 100|3, 76, N/A, 158.50, 100|
15:11:09 0, 78, N/A, 134.76, 100|1, 78, N/A, 84.11, 100|2, 79, N/A, 155.97, 100|3, 75, N/A, 133.60, 100|
15:11:11 0, 79, N/A, 109.21, 100|1, 79, N/A, 143.23, 100|2, 79, N/A, 191.62, 100|3, 76, N/A, 197.71, 100|
15:11:13 0, 79, N/A, 107.42, 100|1, 79, N/A, 144.04, 100|2, 79, N/A, 159.99, 100|3, 76, N/A, 192.34, 100|
15:11:15 0, 79, N/A, 112.47, 100|1, 79, N/A, 144.67, 100|2, 79, N/A, 189.19, 100|3, 76, N/A, 211.25, 100|
15:11:18 0, 79, N/A, 109.71, 100|1, 79, N/A, 146.16, 100|2, 79, N/A, 202.02, 100|3, 76, N/A, 101.35, 100|
15:11:20 0, 79, N/A, 89.33, 100|1, 79, N/A, 105.97, 100|2, 77, N/A, 121.99, 100|3, 74, N/A, 107.81, 100|
15:11:22 0, 79, N/A, 92.45, 100|1, 80, N/A, 58.96, 100|2, 78, N/A, 104.74, 100|3, 74, N/A, 126.38, 100|
15:11:24 0, 79, N/A, 97.15, 100|1, 79, N/A, 83.98, 100|2, 78, N/A, 94.75, 100|3, 75, N/A, 80.74, 87|
15:11:26 0, 79, N/A, 101.35, 100|1, 79, N/A, 144.19, 100|2, 78, N/A, 201.78, 100|3, 74, N/A, 210.40, 100|
15:11:28 0, 79, N/A, 98.16, 100|1, 79, N/A, 128.45, 100|2, 79, N/A, 148.12, 100|3, 75, N/A, 128.12, 100|
15:11:30 0, 79, N/A, 100.32, 100|1, 79, N/A, 125.63, 100|2, 79, N/A, 201.90, 100|3, 75, N/A, 182.96, 100|
15:11:33 0, 79, N/A, 100.58, 100|1, 79, N/A, 99.96, 100|2, 79, N/A, 97.59, 100|3, 75, N/A, 82.44, 100|
15:11:35 0, 79, N/A, 84.39, 51|1, 79, N/A, 75.76, 59|2, 78, N/A, 95.05, 82|3, 74, N/A, 80.12, 68|
15:11:37 0, 78, N/A, 53.48, 100|1, 78, N/A, 58.55, 100|2, 77, N/A, 67.13, 100|3, 72, N/A, 55.97, 100|
15:11:39 0, 79, N/A, 113.84, 100|1, 78, N/A, 116.33, 78|2, 78, N/A, 116.12, 100|3, 74, N/A, 136.72, 89|
15:11:41 0, 79, N/A, 97.64, 100|1, 79, N/A, 142.99, 100|2, 78, N/A, 200.70, 100|3, 74, N/A, 206.33, 100|
15:11:43 0, 79, N/A, 100.45, 100|1, 79, N/A, 131.66, 100|2, 78, N/A, 137.60, 100|3, 74, N/A, 146.57, 100|
15:11:45 0, 79, N/A, 91.92, 100|1, 79, N/A, 61.38, 100|2, 78, N/A, 73.12, 100|3, 74, N/A, 109.33, 100|
15:11:47 0, 79, N/A, 117.87, 49|1, 79, N/A, 136.57, 59|2, 78, N/A, 136.90, 81|3, 74, N/A, 98.81, 63|
15:11:50 0, 79, N/A, 107.68, 100|1, 79, N/A, 147.64, 100|2, 79, N/A, 136.35, 100|3, 76, N/A, 138.90, 100|
15:11:52 0, 79, N/A, 109.90, 100|1, 79, N/A, 148.37, 100|2, 79, N/A, 161.09, 100|3, 76, N/A, 198.43, 100|
15:11:54 0, 79, N/A, 110.10, 100|1, 79, N/A, 163.87, 100|2, 79, N/A, 181.41, 100|3, 76, N/A, 197.71, 100|
15:11:56 0, 79, N/A, 102.83, 100|1, 79, N/A, 114.19, 100|2, 79, N/A, 149.12, 100|3, 76, N/A, 163.81, 100|
15:11:58 0, 79, N/A, 72.84, 71|1, 79, N/A, 126.46, 81|2, 78, N/A, 172.02, 65|3, 75, N/A, 182.37, 81|
15:12:00 0, 79, N/A, 94.08, 100|1, 79, N/A, 55.81, 100|2, 79, N/A, 105.23, 100|3, 75, N/A, 127.56, 100|
15:12:02 0, 79, N/A, 95.51, 100|1, 79, N/A, 146.73, 100|2, 79, N/A, 150.91, 100|3, 76, N/A, 131.91, 100|
15:12:05 0, 79, N/A, 100.28, 100|1, 79, N/A, 120.38, 100|2, 78, N/A, 153.33, 100|3, 74, N/A, 129.18, 100|
15:12:07 0, 79, N/A, 91.66, 100|1, 79, N/A, 109.08, 100|2, 79, N/A, 80.10, 100|3, 75, N/A, 67.01, 100|
15:12:09 0, 79, N/A, 93.89, 100|1, 79, N/A, 143.38, 100|2, 79, N/A, 205.13, 100|3, 75, N/A, 202.99, 100|
15:12:11 0, 79, N/A, 93.78, 100|1, 79, N/A, 75.80, 100|2, 79, N/A, 88.26, 100|3, 75, N/A, 73.07, 100|
15:12:13 0, 79, N/A, 93.41, 100|1, 79, N/A, 145.29, 100|2, 79, N/A, 202.74, 100|3, 74, N/A, 207.29, 100|
15:12:15 0, 79, N/A, 102.88, 100|1, 79, N/A, 109.65, 100|2, 78, N/A, 133.34, 100|3, 74, N/A, 153.06, 100|
15:12:17 0, 79, N/A, 95.93, 100|1, 80, N/A, 164.14, 100|2, 79, N/A, 205.23, 100|3, 74, N/A, 205.85, 100|
15:12:19 0, 78, N/A, 53.96, 100|1, 77, N/A, 57.82, 100|2, 75, N/A, 65.46, 100|3, 70, N/A, 54.27, 100|
15:12:22 0, 79, N/A, 98.64, 100|1, 79, N/A, 145.29, 100|2, 78, N/A, 199.98, 100|3, 73, N/A, 205.85, 100|
15:12:24 0, 79, N/A, 46.21, 51|1, 78, N/A, 97.44, 45|2, 77, N/A, 144.99, 51|3, 72, N/A, 191.62, 80|
15:12:26 0, 79, N/A, 92.89, 100|1, 79, N/A, 73.18, 100|2, 78, N/A, 81.09, 100|3, 73, N/A, 67.78, 100|
15:12:28 0, 79, N/A, 95.23, 100|1, 79, N/A, 132.28, 100|2, 78, N/A, 172.41, 100|3, 73, N/A, 180.36, 100|
15:12:30 0, 79, N/A, 91.30, 85|1, 78, N/A, 98.43, 72|2, 77, N/A, 139.53, 72|3, 73, N/A, 155.86, 89|
15:12:32 0, 79, N/A, 93.30, 100|1, 79, N/A, 80.84, 100|2, 78, N/A, 87.54, 100|3, 74, N/A, 68.42, 100|
15:12:35 0, 79, N/A, 98.50, 100|1, 79, N/A, 107.74, 100|2, 78, N/A, 151.93, 100|3, 74, N/A, 159.71, 100|
15:12:37 0, 79, N/A, 105.71, 100|1, 79, N/A, 149.26, 100|2, 79, N/A, 206.57, 100|3, 74, N/A, 182.02, 100|
15:12:39 0, 79, N/A, 106.95, 100|1, 79, N/A, 129.24, 100|2, 79, N/A, 148.99, 100|3, 74, N/A, 165.19, 100|
15:12:41 0, 79, N/A, 105.70, 100|1, 79, N/A, 147.83, 100|2, 80, N/A, 127.15, 100|3, 75, N/A, 106.60, 100|
15:12:43 0, 79, N/A, 114.33, 100|1, 79, N/A, 131.80, 100|2, 78, N/A, 165.79, 100|3, 75, N/A, 207.56, 100|
15:12:45 0, 79, N/A, 103.37, 100|1, 79, N/A, 134.59, 100|2, 79, N/A, 173.44, 100|3, 75, N/A, 153.79, 100|
15:12:47 0, 79, N/A, 100.68, 76|1, 79, N/A, 124.31, 92|2, 78, N/A, 164.98, 92|3, 74, N/A, 162.98, 92|
15:12:50 0, 79, N/A, 104.64, 100|1, 79, N/A, 121.50, 100|2, 79, N/A, 207.05, 100|3, 75, N/A, 210.88, 100|
15:12:52 0, 79, N/A, 106.01, 100|1, 79, N/A, 137.70, 100|2, 79, N/A, 202.02, 100|3, 75, N/A, 206.67, 100|
15:12:54 0, 79, N/A, 105.53, 100|1, 79, N/A, 125.07, 100|2, 79, N/A, 98.50, 100|3, 75, N/A, 83.85, 100|
15:12:56 0, 79, N/A, 106.02, 100|1, 79, N/A, 121.80, 100|2, 79, N/A, 138.33, 100|3, 75, N/A, 97.29, 100|
15:12:58 0, 79, N/A, 131.14, 80|1, 79, N/A, 138.95, 65|2, 78, N/A, 201.78, 46|3, 74, N/A, 146.18, 74|
15:13:00 0, 79, N/A, 97.75, 100|1, 79, N/A, 108.66, 100|2, 78, N/A, 152.00, 100|3, 73, N/A, 165.59, 100|
15:13:02 0, 79, N/A, 104.57, 100|1, 79, N/A, 146.39, 100|2, 78, N/A, 205.13, 100|3, 74, N/A, 92.03, 100|
15:13:05 0, 79, N/A, 98.98, 70|1, 79, N/A, 112.77, 81|2, 78, N/A, 147.76, 69|3, 73, N/A, 156.42, 100|
15:13:07 0, 79, N/A, 107.84, 100|1, 79, N/A, 146.50, 100|2, 79, N/A, 199.63, 100|3, 74, N/A, 204.65, 100|
15:13:09 0, 79, N/A, 105.74, 100|1, 79, N/A, 130.87, 100|2, 78, N/A, 169.52, 100|3, 73, N/A, 177.21, 100|
15:13:11 0, 79, N/A, 101.51, 100|1, 79, N/A, 115.21, 100|2, 78, N/A, 100.44, 100|3, 73, N/A, 122.98, 100|
15:13:13 0, 79, N/A, 99.00, 100|1, 79, N/A, 69.43, 100|2, 78, N/A, 121.37, 100|3, 73, N/A, 127.32, 100|
15:13:15 0, 79, N/A, 85.53, 100|1, 79, N/A, 121.80, 100|2, 79, N/A, 205.73, 100|3, 74, N/A, 199.05, 100|
15:13:17 0, 79, N/A, 88.13, 100|1, 79, N/A, 167.03, 100|2, 78, N/A, 201.05, 100|3, 72, N/A, 206.46, 100|
15:13:20 0, 79, N/A, 94.31, 100|1, 79, N/A, 138.65, 100|2, 78, N/A, 113.12, 100|3, 73, N/A, 93.22, 100|
15:13:22 0, 79, N/A, 93.72, 100|1, 79, N/A, 92.53, 100|2, 78, N/A, 72.63, 100|3, 72, N/A, 60.03, 100|
15:13:24 0, 79, N/A, 105.02, 100|1, 79, N/A, 87.99, 100|2, 78, N/A, 131.36, 100|3, 73, N/A, 132.62, 100|
15:13:26 0, 79, N/A, 107.43, 100|1, 79, N/A, 127.02, 100|2, 78, N/A, 171.80, 100|3, 73, N/A, 157.05, 100|
15:13:28 0, 79, N/A, 107.74, 100|1, 79, N/A, 121.38, 100|2, 78, N/A, 158.27, 100|3, 73, N/A, 164.80, 100|
15:13:30 0, 79, N/A, 115.94, 100|1, 79, N/A, 102.26, 100|2, 79, N/A, 204.79, 100|3, 74, N/A, 134.61, 100|
15:13:33 0, 79, N/A, 92.21, 100|1, 79, N/A, 112.04, 100|2, 79, N/A, 192.91, 100|3, 73, N/A, 169.26, 100|
15:13:35 0, 79, N/A, 96.44, 100|1, 78, N/A, 105.49, 100|2, 77, N/A, 142.32, 100|3, 72, N/A, 140.40, 100|
15:13:37 0, 79, N/A, 103.04, 100|1, 79, N/A, 131.18, 100|2, 78, N/A, 162.47, 100|3, 72, N/A, 144.18, 100|
15:13:39 0, 79, N/A, 98.39, 100|1, 79, N/A, 133.39, 100|2, 78, N/A, 204.89, 100|3, 73, N/A, 156.91, 100|
15:13:41 0, 79, N/A, 105.44, 100|1, 79, N/A, 129.01, 100|2, 78, N/A, 174.51, 100|3, 72, N/A, 182.73, 100|
15:13:43 0, 79, N/A, 99.84, 100|1, 79, N/A, 133.48, 100|2, 78, N/A, 202.03, 100|3, 73, N/A, 117.58, 100|
15:13:45 0, 79, N/A, 96.58, 100|1, 79, N/A, 76.15, 100|2, 78, N/A, 135.76, 100|3, 72, N/A, 114.08, 100|
15:13:48 0, 78, N/A, 121.08, 60|1, 78, N/A, 129.01, 100|2, 77, N/A, 171.94, 72|3, 71, N/A, 181.08, 41|
15:13:50 0, 79, N/A, 106.46, 100|1, 79, N/A, 136.45, 100|2, 78, N/A, 182.01, 100|3, 72, N/A, 196.88, 100|
15:13:52 0, 79, N/A, 100.08, 100|1, 79, N/A, 129.65, 100|2, 78, N/A, 192.67, 100|3, 73, N/A, 119.98, 100|
15:13:54 0, 79, N/A, 96.32, 100|1, 79, N/A, 63.29, 100|2, 78, N/A, 133.91, 100|3, 72, N/A, 110.89, 100|
15:13:56 0, 79, N/A, 106.33, 100|1, 79, N/A, 97.11, 100|2, 77, N/A, 150.83, 100|3, 72, N/A, 167.76, 100|
15:13:58 0, 79, N/A, 101.80, 100|1, 79, N/A, 116.12, 100|2, 78, N/A, 165.92, 100|3, 72, N/A, 165.51, 100|
15:14:00 0, 79, N/A, 78.12, 100|1, 78, N/A, 95.80, 87|2, 76, N/A, 130.21, 54|3, 70, N/A, 176.13, 100|
15:14:03 0, 79, N/A, 103.42, 100|1, 79, N/A, 125.47, 100|2, 78, N/A, 169.43, 100|3, 72, N/A, 150.73, 100|
15:14:05 0, 79, N/A, 97.88, 100|1, 79, N/A, 138.27, 100|2, 78, N/A, 203.46, 100|3, 73, N/A, 207.52, 100|
15:14:07 0, 79, N/A, 94.25, 100|1, 79, N/A, 140.95, 100|2, 79, N/A, 119.81, 100|3, 73, N/A, 103.03, 100|
15:14:09 0, 79, N/A, 96.94, 100|1, 79, N/A, 67.36, 100|2, 78, N/A, 74.78, 100|3, 72, N/A, 126.59, 100|
15:14:11 0, 79, N/A, 113.04, 100|1, 79, N/A, 143.96, 100|2, 78, N/A, 188.85, 100|3, 73, N/A, 196.86, 100|
15:14:13 0, 78, N/A, 111.92, 53|1, 78, N/A, 162.55, 78|2, 78, N/A, 195.52, 78|3, 72, N/A, 206.87, 60|
15:14:15 0, 79, N/A, 111.49, 100|1, 79, N/A, 102.06, 100|2, 78, N/A, 174.30, 100|3, 73, N/A, 202.02, 100|
15:14:18 0, 79, N/A, 107.77, 100|1, 79, N/A, 151.77, 100|2, 78, N/A, 199.85, 100|3, 73, N/A, 203.32, 100|
15:14:20 0, 79, N/A, 103.50, 100|1, 79, N/A, 149.50, 100|2, 78, N/A, 201.78, 100|3, 72, N/A, 204.55, 100|
15:14:22 0, 79, N/A, 106.02, 100|1, 79, N/A, 141.68, 100|2, 79, N/A, 206.57, 100|3, 73, N/A, 90.56, 100|
15:14:24 0, 79, N/A, 105.91, 100|1, 79, N/A, 140.36, 100|2, 78, N/A, 202.50, 100|3, 73, N/A, 208.04, 100|
15:14:26 0, 79, N/A, 105.98, 100|1, 79, N/A, 141.85, 100|2, 78, N/A, 170.37, 100|3, 72, N/A, 190.42, 100|
15:14:28 0, 79, N/A, 100.25, 100|1, 79, N/A, 114.84, 100|2, 78, N/A, 174.10, 100|3, 72, N/A, 161.91, 100|
15:14:31 0, 79, N/A, 121.62, 100|1, 79, N/A, 148.16, 100|2, 77, N/A, 191.35, 100|3, 71, N/A, 177.06, 100|
15:14:33 0, 79, N/A, 91.07, 100|1, 79, N/A, 122.04, 100|2, 78, N/A, 138.64, 100|3, 71, N/A, 106.83, 100|
15:14:35 0, 80, N/A, 133.31, 90|1, 79, N/A, 146.43, 90|2, 77, N/A, 180.84, 89|3, 71, N/A, 169.99, 89|
15:14:37 0, 79, N/A, 109.23, 92|1, 79, N/A, 100.86, 90|2, 78, N/A, 164.99, 88|3, 71, N/A, 151.77, 88|
15:14:39 0, 79, N/A, 112.27, 90|1, 79, N/A, 122.90, 90|2, 78, N/A, 161.39, 90|3, 71, N/A, 138.64, 88|
15:14:41 0, 79, N/A, 97.92, 92|1, 79, N/A, 124.77, 89|2, 78, N/A, 173.30, 88|3, 71, N/A, 159.32, 87|
15:14:43 0, 79, N/A, 110.16, 90|1, 79, N/A, 132.95, 90|2, 78, N/A, 176.09, 89|3, 71, N/A, 170.77, 88|
15:14:46 0, 79, N/A, 96.48, 90|1, 79, N/A, 118.50, 89|2, 79, N/A, 172.22, 89|3, 71, N/A, 156.95, 92|
15:14:48 0, 79, N/A, 114.69, 91|1, 79, N/A, 133.42, 94|2, 79, N/A, 177.89, 92|3, 71, N/A, 161.15, 88|
15:14:50 0, 79, N/A, 101.31, 91|1, 79, N/A, 127.40, 89|2, 79, N/A, 170.05, 89|3, 72, N/A, 152.26, 88|
15:14:52 0, 79, N/A, 110.35, 91|1, 79, N/A, 134.10, 90|2, 79, N/A, 175.74, 92|3, 72, N/A, 158.09, 91|
15:14:54 0, 79, N/A, 111.55, 91|1, 79, N/A, 141.45, 91|2, 79, N/A, 172.16, 88|3, 72, N/A, 159.79, 88|
15:14:56 0, 79, N/A, 112.90, 95|1, 79, N/A, 142.19, 91|2, 79, N/A, 178.77, 89|3, 71, N/A, 160.75, 88|
15:14:58 0, 79, N/A, 98.76, 91|1, 79, N/A, 133.58, 89|2, 79, N/A, 166.23, 89|3, 71, N/A, 157.04, 91|
15:15:01 0, 79, N/A, 117.67, 94|1, 79, N/A, 134.92, 90|2, 79, N/A, 183.22, 88|3, 71, N/A, 166.43, 88|
15:15:03 0, 79, N/A, 105.50, 90|1, 79, N/A, 135.37, 93|2, 79, N/A, 176.54, 89|3, 71, N/A, 160.96, 88|
15:15:05 0, 78, N/A, 48.85, 0|1, 78, N/A, 58.31, 0|2, 77, N/A, 69.56, 0|3, 68, N/A, 52.32, 0|
15:15:07 0, 77, N/A, 47.64, 0|1, 76, N/A, 56.85, 0|2, 74, N/A, 66.40, 0|3, 66, N/A, 50.13, 0|
15:15:09 0, 76, N/A, 47.46, 0|1, 76, N/A, 51.08, 0|2, 72, N/A, 52.11, 0|3, 65, N/A, 41.18, 0|
15:15:11 0, 76, N/A, 46.97, 3|1, 75, N/A, 50.59, 3|2, 71, N/A, 51.63, 3|3, 64, N/A, 40.45, 3|
15:15:13 0, 75, N/A, 47.00, 2|1, 75, N/A, 50.39, 2|2, 70, N/A, 50.69, 2|3, 63, N/A, 40.23, 3|
15:15:15 0, 80, N/A, 184.69, 100|1, 78, N/A, 185.19, 100|2, 74, N/A, 177.55, 100|3, 66, N/A, 180.31, 100|
15:15:17 0, 79, N/A, 150.03, 85|1, 79, N/A, 180.80, 100|2, 75, N/A, 190.40, 100|3, 67, N/A, 186.08, 100|
15:15:20 0, 79, N/A, 115.65, 100|1, 79, N/A, 159.36, 100|2, 77, N/A, 179.25, 100|3, 69, N/A, 167.21, 100|
15:15:22 0, 78, N/A, 135.30, 15|1, 78, N/A, 128.46, 24|2, 76, N/A, 167.65, 40|3, 67, N/A, 142.43, 3|
15:15:24 0, 79, N/A, 116.17, 100|1, 79, N/A, 149.13, 100|2, 78, N/A, 183.37, 100|3, 69, N/A, 166.46, 100|
15:15:26 0, 79, N/A, 108.91, 100|1, 79, N/A, 144.42, 100|2, 78, N/A, 167.99, 100|3, 70, N/A, 168.58, 100|
15:15:28 0, 79, N/A, 114.00, 100|1, 79, N/A, 149.44, 100|2, 78, N/A, 188.74, 100|3, 70, N/A, 149.28, 100|
15:15:30 0, 79, N/A, 76.08, 100|1, 79, N/A, 130.56, 100|2, 78, N/A, 172.15, 97|3, 70, N/A, 179.85, 88|
15:15:32 0, 79, N/A, 104.01, 100|1, 79, N/A, 128.55, 100|2, 79, N/A, 162.15, 100|3, 70, N/A, 137.98, 100|
15:15:35 0, 79, N/A, 102.62, 100|1, 79, N/A, 126.78, 100|2, 79, N/A, 179.61, 100|3, 70, N/A, 167.86, 100|
15:15:37 0, 79, N/A, 102.60, 100|1, 79, N/A, 140.68, 100|2, 79, N/A, 178.02, 100|3, 70, N/A, 138.22, 100|
15:15:39 0, 79, N/A, 102.25, 100|1, 79, N/A, 134.55, 100|2, 78, N/A, 162.74, 100|3, 70, N/A, 163.30, 100|
15:15:41 0, 79, N/A, 111.19, 90|1, 79, N/A, 124.51, 98|2, 79, N/A, 181.36, 89|3, 70, N/A, 162.05, 100|
15:15:43 0, 79, N/A, 115.68, 100|1, 79, N/A, 142.49, 100|2, 79, N/A, 189.30, 100|3, 70, N/A, 162.19, 100|
15:15:45 0, 78, N/A, 49.58, 25|1, 78, N/A, 60.46, 49|2, 76, N/A, 69.76, 8|3, 68, N/A, 51.84, 36|
15:15:47 0, 79, N/A, 132.88, 74|1, 79, N/A, 145.15, 89|2, 77, N/A, 159.00, 76|3, 68, N/A, 147.57, 88|
15:15:49 0, 79, N/A, 111.34, 93|1, 79, N/A, 124.53, 93|2, 77, N/A, 158.17, 90|3, 69, N/A, 140.20, 88|
15:15:52 0, 79, N/A, 106.11, 91|1, 79, N/A, 128.98, 90|2, 78, N/A, 162.70, 91|3, 69, N/A, 138.72, 88|
15:15:54 0, 79, N/A, 119.51, 89|1, 79, N/A, 141.59, 89|2, 78, N/A, 148.78, 90|3, 69, N/A, 135.93, 90|
15:15:56 0, 79, N/A, 110.93, 91|1, 79, N/A, 135.46, 90|2, 78, N/A, 158.97, 93|3, 70, N/A, 160.85, 88|
15:15:58 0, 79, N/A, 115.50, 93|1, 79, N/A, 131.85, 90|2, 78, N/A, 154.25, 88|3, 70, N/A, 138.16, 88|
15:16:00 0, 79, N/A, 115.44, 93|1, 79, N/A, 137.65, 89|2, 79, N/A, 167.01, 88|3, 70, N/A, 146.90, 88|
15:16:02 0, 79, N/A, 111.57, 93|1, 79, N/A, 142.86, 92|2, 79, N/A, 169.28, 88|3, 70, N/A, 150.38, 91|
15:16:04 0, 79, N/A, 98.03, 90|1, 79, N/A, 99.66, 83|2, 78, N/A, 85.50, 92|3, 69, N/A, 81.24, 88|
15:16:07 0, 79, N/A, 93.00, 90|1, 79, N/A, 123.19, 90|2, 78, N/A, 150.20, 91|3, 69, N/A, 140.54, 91|
15:16:09 0, 79, N/A, 102.20, 91|1, 79, N/A, 133.19, 89|2, 78, N/A, 151.62, 90|3, 69, N/A, 136.61, 90|
15:16:11 0, 79, N/A, 104.38, 90|1, 79, N/A, 124.58, 92|2, 78, N/A, 159.28, 91|3, 69, N/A, 150.28, 91|
15:16:13 0, 79, N/A, 101.06, 90|1, 79, N/A, 119.82, 89|2, 78, N/A, 146.69, 87|3, 69, N/A, 128.37, 91|
15:16:15 0, 79, N/A, 108.49, 91|1, 79, N/A, 127.83, 89|2, 78, N/A, 160.69, 89|3, 69, N/A, 139.42, 88|
15:16:17 0, 77, N/A, 49.09, 0|1, 77, N/A, 59.03, 0|2, 75, N/A, 67.86, 0|3, 66, N/A, 50.62, 0|
15:16:19 0, 80, N/A, 120.51, 90|1, 79, N/A, 125.22, 89|2, 78, N/A, 152.68, 88|3, 69, N/A, 137.66, 92|
15:16:21 0, 79, N/A, 120.83, 90|1, 79, N/A, 127.76, 91|2, 78, N/A, 143.51, 88|3, 69, N/A, 139.93, 92|
15:16:24 0, 79, N/A, 106.85, 94|1, 79, N/A, 119.61, 91|2, 78, N/A, 150.38, 93|3, 69, N/A, 129.79, 88|
15:16:26 0, 79, N/A, 106.18, 91|1, 79, N/A, 119.24, 88|2, 78, N/A, 161.75, 87|3, 69, N/A, 148.97, 87|
15:16:28 0, 79, N/A, 103.85, 92|1, 79, N/A, 101.61, 91|2, 78, N/A, 160.81, 91|3, 69, N/A, 146.25, 90|
15:16:30 0, 79, N/A, 94.22, 82|1, 78, N/A, 103.66, 71|2, 77, N/A, 149.43, 78|3, 68, N/A, 148.05, 86|
15:16:32 0, 79, N/A, 94.80, 91|1, 79, N/A, 101.53, 94|2, 77, N/A, 156.30, 89|3, 68, N/A, 134.18, 88|
15:16:34 0, 79, N/A, 96.38, 90|1, 79, N/A, 108.41, 93|2, 77, N/A, 157.50, 88|3, 68, N/A, 140.03, 90|
15:16:37 0, 79, N/A, 98.96, 92|1, 79, N/A, 119.02, 92|2, 78, N/A, 164.70, 92|3, 68, N/A, 144.12, 90|
15:16:39 0, 79, N/A, 94.57, 90|1, 79, N/A, 118.92, 91|2, 78, N/A, 155.67, 88|3, 68, N/A, 140.54, 89|
15:16:41 0, 79, N/A, 97.02, 91|1, 79, N/A, 119.53, 92|2, 78, N/A, 153.56, 89|3, 68, N/A, 144.01, 92|
15:16:43 0, 79, N/A, 93.70, 91|1, 79, N/A, 127.62, 92|2, 78, N/A, 173.21, 89|3, 68, N/A, 142.51, 92|
15:16:45 0, 79, N/A, 106.93, 91|1, 79, N/A, 114.80, 93|2, 78, N/A, 154.68, 90|3, 68, N/A, 137.31, 87|
15:16:47 0, 79, N/A, 97.55, 94|1, 79, N/A, 125.92, 89|2, 78, N/A, 158.47, 88|3, 68, N/A, 148.89, 92|
15:16:50 0, 79, N/A, 105.95, 93|1, 79, N/A, 130.09, 90|2, 78, N/A, 167.12, 89|3, 68, N/A, 150.32, 92|
15:16:52 0, 79, N/A, 120.61, 94|1, 78, N/A, 126.16, 91|2, 78, N/A, 156.51, 89|3, 68, N/A, 132.77, 92|
15:16:54 0, 78, N/A, 124.00, 98|1, 78, N/A, 134.51, 95|2, 77, N/A, 142.62, 92|3, 67, N/A, 128.46, 98|
15:16:56 0, 79, N/A, 117.05, 91|1, 79, N/A, 152.71, 89|2, 78, N/A, 159.60, 89|3, 68, N/A, 145.15, 87|
15:16:58 0, 79, N/A, 112.60, 92|1, 79, N/A, 121.07, 90|2, 78, N/A, 168.34, 89|3, 68, N/A, 141.22, 88|
15:17:00 0, 79, N/A, 121.51, 90|1, 79, N/A, 128.40, 89|2, 78, N/A, 157.81, 92|3, 68, N/A, 142.20, 88|
15:17:02 0, 80, N/A, 117.07, 91|1, 79, N/A, 127.22, 90|2, 78, N/A, 157.26, 90|3, 69, N/A, 135.03, 88|
15:17:05 0, 79, N/A, 104.08, 91|1, 79, N/A, 142.18, 89|2, 78, N/A, 151.88, 92|3, 68, N/A, 132.77, 92|
15:17:07 0, 79, N/A, 97.33, 70|1, 79, N/A, 101.57, 69|2, 78, N/A, 153.54, 92|3, 68, N/A, 138.88, 83|
15:17:09 0, 79, N/A, 103.74, 94|1, 78, N/A, 115.61, 94|2, 78, N/A, 146.52, 91|3, 68, N/A, 137.30, 88|
15:17:11 0, 79, N/A, 99.68, 92|1, 79, N/A, 121.01, 91|2, 78, N/A, 148.93, 88|3, 68, N/A, 144.49, 86|
15:17:13 0, 79, N/A, 92.70, 91|1, 79, N/A, 107.62, 91|2, 78, N/A, 150.45, 88|3, 68, N/A, 126.45, 91|
15:17:15 0, 79, N/A, 97.59, 91|1, 79, N/A, 107.96, 93|2, 78, N/A, 153.78, 88|3, 68, N/A, 140.56, 92|
15:17:18 0, 79, N/A, 110.37, 91|1, 79, N/A, 123.25, 91|2, 78, N/A, 167.81, 88|3, 68, N/A, 140.32, 86|
15:17:20 0, 79, N/A, 101.45, 91|1, 79, N/A, 124.50, 93|2, 78, N/A, 151.82, 88|3, 68, N/A, 148.35, 87|
15:17:22 0, 79, N/A, 95.36, 90|1, 79, N/A, 118.29, 90|2, 78, N/A, 150.29, 88|3, 68, N/A, 148.76, 90|
15:17:24 0, 79, N/A, 110.65, 90|1, 79, N/A, 130.87, 92|2, 78, N/A, 156.39, 87|3, 68, N/A, 139.58, 90|
15:17:26 0, 79, N/A, 101.20, 91|1, 79, N/A, 120.27, 90|2, 78, N/A, 155.03, 91|3, 68, N/A, 145.78, 90|
15:17:28 0, 79, N/A, 102.52, 91|1, 79, N/A, 113.89, 90|2, 78, N/A, 150.92, 89|3, 68, N/A, 138.06, 89|
15:17:30 0, 77, N/A, 54.72, 0|1, 77, N/A, 59.08, 0|2, 74, N/A, 65.99, 7|3, 64, N/A, 45.32, 7|
