15:17:33 0, 77, N/A, 54.00, 0|1, 76, N/A, 58.35, 0|2, 73, N/A, 59.67, 0|3, 63, N/A, 45.57, 0|
15:17:35 0, 76, N/A, 47.22, 0|1, 75, N/A, 50.62, 0|2, 71, N/A, 44.38, 0|3, 62, N/A, 32.18, 0|
15:17:37 0, 75, N/A, 47.70, 39|1, 74, N/A, 50.38, 0|2, 70, N/A, 42.42, 0|3, 61, N/A, 31.94, 0|
15:17:39 0, 75, N/A, 46.52, 0|1, 74, N/A, 50.88, 40|2, 69, N/A, 41.97, 0|3, 60, N/A, 31.72, 0|
15:17:41 0, 75, N/A, 46.36, 0|1, 74, N/A, 56.07, 0|2, 69, N/A, 41.54, 0|3, 59, N/A, 31.54, 0|
15:17:43 0, 75, N/A, 46.33, 0|1, 73, N/A, 55.82, 0|2, 68, N/A, 41.27, 0|3, 59, N/A, 31.51, 0|
15:17:45 0, 77, N/A, 64.02, 42|1, 77, N/A, 211.01, 57|2, 68, N/A, 41.10, 0|3, 59, N/A, 31.62, 0|
15:17:47 0, 78, N/A, 63.56, 33|1, 78, N/A, 213.07, 65|2, 68, N/A, 41.10, 0|3, 59, N/A, 31.62, 0|
15:17:49 0, 78, N/A, 60.90, 33|1, 79, N/A, 214.76, 66|2, 68, N/A, 41.08, 0|3, 59, N/A, 31.38, 0|
15:17:51 0, 78, N/A, 59.65, 51|1, 79, N/A, 226.14, 53|2, 68, N/A, 40.86, 0|3, 59, N/A, 31.39, 0|
15:17:54 0, 79, N/A, 60.52, 33|1, 78, N/A, 151.25, 66|2, 68, N/A, 40.67, 0|3, 59, N/A, 31.43, 0|
15:17:56 0, 79, N/A, 208.10, 33|1, 78, N/A, 69.59, 66|2, 68, N/A, 40.88, 0|3, 59, N/A, 31.39, 0|
15:17:58 0, 78, N/A, 177.10, 36|1, 79, N/A, 74.45, 49|2, 68, N/A, 40.62, 0|3, 59, N/A, 31.39, 0|
15:18:00 0, 78, N/A, 49.49, 43|1, 79, N/A, 208.81, 57|2, 68, N/A, 40.61, 0|3, 59, N/A, 31.37, 0|
15:18:02 0, 78, N/A, 182.33, 37|1, 77, N/A, 63.08, 62|2, 67, N/A, 40.64, 0|3, 59, N/A, 31.39, 0|
15:18:04 0, 79, N/A, 201.99, 46|1, 78, N/A, 69.07, 55|2, 67, N/A, 40.59, 0|3, 59, N/A, 31.37, 0|
15:18:06 0, 79, N/A, 202.95, 46|1, 78, N/A, 68.10, 48|2, 67, N/A, 40.35, 0|3, 59, N/A, 31.37, 0|
15:18:08 0, 79, N/A, 202.45, 35|1, 78, N/A, 69.07, 66|2, 67, N/A, 40.13, 0|3, 59, N/A, 31.37, 0|
15:18:10 0, 79, N/A, 193.97, 50|1, 78, N/A, 75.13, 56|2, 67, N/A, 40.35, 0|3, 59, N/A, 31.37, 0|
15:18:12 0, 78, N/A, 146.07, 37|1, 78, N/A, 78.09, 63|2, 67, N/A, 40.16, 0|3, 59, N/A, 31.41, 0|
15:18:14 0, 78, N/A, 88.79, 34|1, 78, N/A, 150.08, 63|2, 67, N/A, 40.13, 0|3, 59, N/A, 31.37, 0|
15:18:17 0, 78, N/A, 82.35, 38|1, 78, N/A, 156.11, 66|2, 67, N/A, 39.89, 0|3, 59, N/A, 31.37, 0|
15:18:19 0, 78, N/A, 129.29, 51|1, 77, N/A, 63.66, 49|2, 67, N/A, 39.96, 0|3, 59, N/A, 31.45, 0|
15:18:21 0, 78, N/A, 57.77, 48|1, 78, N/A, 211.86, 49|2, 67, N/A, 39.89, 0|3, 59, N/A, 31.39, 0|
15:18:23 0, 79, N/A, 120.60, 50|1, 78, N/A, 161.86, 49|2, 67, N/A, 39.88, 0|3, 59, N/A, 31.39, 0|
15:18:25 0, 79, N/A, 113.65, 35|1, 78, N/A, 165.97, 61|2, 67, N/A, 39.89, 0|3, 59, N/A, 31.39, 0|
15:18:27 0, 79, N/A, 123.24, 42|1, 78, N/A, 162.77, 56|2, 66, N/A, 39.89, 0|3, 59, N/A, 31.13, 0|
15:18:29 0, 78, N/A, 104.76, 37|1, 79, N/A, 115.42, 62|2, 67, N/A, 39.91, 0|3, 59, N/A, 31.41, 0|
15:18:31 0, 78, N/A, 57.73, 34|1, 79, N/A, 217.73, 63|2, 66, N/A, 39.86, 0|3, 59, N/A, 31.37, 0|
15:18:33 0, 79, N/A, 155.96, 100|1, 74, N/A, 58.55, 0|2, 66, N/A, 39.69, 0|3, 59, N/A, 31.19, 0|
15:18:35 0, 78, N/A, 155.54, 85|1, 77, N/A, 182.85, 100|2, 66, N/A, 39.59, 0|3, 59, N/A, 31.33, 0|
15:18:37 0, 77, N/A, 53.88, 0|1, 76, N/A, 218.71, 100|2, 66, N/A, 39.65, 0|3, 59, N/A, 31.39, 0|
15:18:40 0, 79, N/A, 141.41, 100|1, 74, N/A, 58.31, 0|2, 66, N/A, 39.72, 0|3, 59, N/A, 31.43, 0|
15:18:42 0, 79, N/A, 152.20, 100|1, 75, N/A, 60.25, 5|2, 66, N/A, 39.45, 0|3, 59, N/A, 31.41, 0|
15:18:44 0, 76, N/A, 47.40, 0|1, 77, N/A, 171.34, 100|2, 66, N/A, 39.45, 0|3, 59, N/A, 31.17, 0|
15:18:46 0, 79, N/A, 139.55, 100|1, 73, N/A, 57.82, 0|2, 66, N/A, 39.45, 0|3, 59, N/A, 31.19, 0|
15:18:48 0, 79, N/A, 152.39, 100|1, 77, N/A, 209.38, 100|2, 66, N/A, 39.57, 0|3, 59, N/A, 31.11, 0|
15:18:50 0, 79, N/A, 140.45, 100|1, 77, N/A, 218.48, 100|2, 66, N/A, 39.30, 0|3, 59, N/A, 31.07, 0|
15:18:52 0, 77, N/A, 48.33, 0|1, 76, N/A, 195.50, 100|2, 66, N/A, 39.43, 0|3, 59, N/A, 31.17, 0|
15:18:54 0, 79, N/A, 148.65, 100|1, 74, N/A, 58.31, 0|2, 65, N/A, 39.48, 0|3, 58, N/A, 31.19, 0|
15:18:56 0, 77, N/A, 140.27, 36|1, 77, N/A, 191.73, 74|2, 65, N/A, 39.32, 0|3, 58, N/A, 31.09, 0|
15:18:58 0, 78, N/A, 52.47, 72|1, 75, N/A, 173.34, 100|2, 65, N/A, 39.45, 0|3, 58, N/A, 31.40, 0|
15:19:01 0, 80, N/A, 134.54, 100|1, 74, N/A, 59.07, 0|2, 65, N/A, 38.99, 0|3, 58, N/A, 30.95, 0|
15:19:03 0, 79, N/A, 131.68, 100|1, 77, N/A, 202.44, 100|2, 65, N/A, 39.13, 0|3, 59, N/A, 31.11, 0|
15:19:05 0, 79, N/A, 133.22, 99|1, 77, N/A, 173.29, 100|2, 65, N/A, 38.89, 0|3, 58, N/A, 31.11, 0|
15:19:07 0, 78, N/A, 50.31, 40|1, 76, N/A, 187.66, 100|2, 65, N/A, 39.18, 0|3, 58, N/A, 31.17, 0|
15:19:09 0, 79, N/A, 194.97, 100|1, 76, N/A, 60.62, 63|2, 65, N/A, 39.16, 0|3, 59, N/A, 31.15, 0|
15:19:11 0, 78, N/A, 48.61, 0|1, 76, N/A, 163.86, 100|2, 65, N/A, 38.94, 0|3, 58, N/A, 31.17, 0|
15:19:13 0, 80, N/A, 123.71, 100|1, 73, N/A, 58.10, 0|2, 65, N/A, 38.74, 0|3, 58, N/A, 31.19, 0|
15:19:15 0, 79, N/A, 130.72, 100|1, 77, N/A, 186.43, 100|2, 65, N/A, 38.64, 0|3, 58, N/A, 31.13, 0|
15:19:17 0, 79, N/A, 149.36, 100|1, 76, N/A, 170.03, 100|2, 65, N/A, 39.15, 0|3, 58, N/A, 31.11, 0|
15:19:19 0, 78, N/A, 49.31, 0|1, 75, N/A, 209.48, 100|2, 65, N/A, 39.18, 0|3, 58, N/A, 31.17, 0|
15:19:21 0, 79, N/A, 166.26, 100|1, 74, N/A, 59.25, 41|2, 65, N/A, 38.96, 0|3, 58, N/A, 30.93, 0|
15:19:24 0, 77, N/A, 48.34, 0|1, 75, N/A, 181.02, 100|2, 65, N/A, 39.21, 0|3, 58, N/A, 30.95, 0|
15:19:26 0, 79, N/A, 133.33, 100|1, 73, N/A, 57.83, 0|2, 65, N/A, 39.21, 0|3, 58, N/A, 31.17, 0|
15:19:28 0, 80, N/A, 142.94, 100|1, 77, N/A, 163.81, 100|2, 64, N/A, 38.86, 0|3, 58, N/A, 31.07, 0|
15:19:30 0, 79, N/A, 127.82, 68|1, 76, N/A, 177.05, 100|2, 64, N/A, 39.11, 0|3, 58, N/A, 31.11, 0|
15:19:32 0, 78, N/A, 49.07, 10|1, 74, N/A, 193.70, 47|2, 64, N/A, 38.92, 0|3, 58, N/A, 30.91, 0|
15:19:34 0, 78, N/A, 156.27, 68|1, 76, N/A, 160.36, 100|2, 64, N/A, 39.13, 0|3, 58, N/A, 31.13, 0|
15:19:36 0, 78, N/A, 49.55, 0|1, 73, N/A, 167.37, 80|2, 64, N/A, 38.96, 0|3, 58, N/A, 31.17, 0|
15:19:38 0, 80, N/A, 139.05, 100|1, 71, N/A, 56.85, 0|2, 64, N/A, 38.72, 0|3, 58, N/A, 30.93, 0|
15:19:40 0, 79, N/A, 135.54, 100|1, 74, N/A, 172.72, 100|2, 64, N/A, 38.84, 0|3, 58, N/A, 31.09, 0|
15:19:42 0, 77, N/A, 52.40, 0|1, 73, N/A, 208.22, 100|2, 64, N/A, 38.67, 0|3, 58, N/A, 31.15, 0|
15:19:45 0, 79, N/A, 157.90, 100|1, 70, N/A, 55.39, 0|2, 64, N/A, 38.72, 0|3, 58, N/A, 30.94, 0|
15:19:47 0, 75, N/A, 50.38, 0|1, 72, N/A, 116.17, 100|2, 64, N/A, 38.72, 0|3, 58, N/A, 30.94, 0|
15:19:49 0, 79, N/A, 164.34, 100|1, 68, N/A, 53.93, 0|2, 64, N/A, 38.72, 0|3, 58, N/A, 31.19, 0|
15:19:51 0, 80, N/A, 181.82, 100|1, 72, N/A, 58.75, 100|2, 64, N/A, 38.72, 0|3, 58, N/A, 31.19, 0|
15:19:53 0, 79, N/A, 171.60, 100|1, 73, N/A, 169.81, 100|2, 64, N/A, 38.38, 0|3, 58, N/A, 31.09, 0|
15:19:55 0, 78, N/A, 48.37, 1|1, 72, N/A, 159.70, 100|2, 64, N/A, 38.48, 0|3, 58, N/A, 30.95, 0|
15:19:57 0, 79, N/A, 150.42, 100|1, 71, N/A, 56.12, 0|2, 64, N/A, 38.48, 0|3, 58, N/A, 30.95, 0|
15:19:59 0, 76, N/A, 51.01, 0|1, 73, N/A, 203.57, 100|2, 64, N/A, 38.43, 0|3, 58, N/A, 31.15, 0|
15:20:01 0, 79, N/A, 135.43, 100|1, 69, N/A, 54.45, 0|2, 64, N/A, 38.50, 0|3, 58, N/A, 31.19, 0|
15:20:03 0, 79, N/A, 151.32, 100|1, 72, N/A, 179.10, 100|2, 64, N/A, 38.35, 0|3, 58, N/A, 31.09, 0|
15:20:05 0, 77, N/A, 47.88, 0|1, 72, N/A, 170.29, 100|2, 64, N/A, 38.24, 0|3, 58, N/A, 31.19, 0|
15:20:08 0, 79, N/A, 194.65, 100|1, 70, N/A, 55.35, 0|2, 64, N/A, 38.21, 0|3, 58, N/A, 31.15, 0|
15:20:10 0, 77, N/A, 48.61, 0|1, 71, N/A, 191.61, 100|2, 64, N/A, 38.48, 0|3, 58, N/A, 31.17, 0|
15:20:12 0, 77, N/A, 135.04, 47|1, 72, N/A, 95.70, 49|2, 64, N/A, 38.48, 0|3, 58, N/A, 31.17, 0|
15:20:14 0, 78, N/A, 173.39, 42|1, 73, N/A, 80.22, 52|2, 64, N/A, 38.45, 0|3, 58, N/A, 30.91, 0|
15:20:16 0, 79, N/A, 181.28, 36|1, 73, N/A, 78.53, 57|2, 64, N/A, 38.45, 0|3, 58, N/A, 31.15, 0|
15:20:18 0, 78, N/A, 163.59, 41|1, 73, N/A, 87.98, 63|2, 64, N/A, 38.45, 0|3, 58, N/A, 31.15, 0|
15:20:20 0, 79, N/A, 130.50, 36|1, 74, N/A, 118.25, 62|2, 64, N/A, 38.21, 0|3, 58, N/A, 30.91, 0|
15:20:22 0, 79, N/A, 102.93, 43|1, 74, N/A, 130.04, 63|2, 63, N/A, 38.45, 0|3, 58, N/A, 31.15, 0|
15:20:24 0, 78, N/A, 53.16, 38|1, 74, N/A, 207.52, 62|2, 64, N/A, 38.21, 0|3, 58, N/A, 30.93, 0|
15:20:26 0, 78, N/A, 54.62, 39|1, 74, N/A, 178.11, 59|2, 64, N/A, 38.21, 0|3, 58, N/A, 31.17, 0|
15:20:28 0, 79, N/A, 53.88, 37|1, 74, N/A, 173.39, 61|2, 63, N/A, 38.21, 0|3, 58, N/A, 31.15, 0|
15:20:30 0, 78, N/A, 55.55, 36|1, 74, N/A, 205.94, 53|2, 63, N/A, 38.18, 0|3, 58, N/A, 31.13, 0|
15:20:33 0, 78, N/A, 65.25, 47|1, 73, N/A, 202.73, 63|2, 63, N/A, 37.94, 0|3, 58, N/A, 31.13, 0|
15:20:35 0, 79, N/A, 68.37, 36|1, 73, N/A, 203.21, 52|2, 63, N/A, 38.18, 0|3, 58, N/A, 30.89, 0|
15:20:37 0, 79, N/A, 68.82, 44|1, 73, N/A, 203.79, 63|2, 63, N/A, 38.18, 0|3, 58, N/A, 31.15, 0|
15:20:39 0, 79, N/A, 69.34, 36|1, 72, N/A, 201.04, 59|2, 63, N/A, 37.94, 0|3, 58, N/A, 31.13, 0|
15:20:41 0, 79, N/A, 70.51, 36|1, 71, N/A, 202.57, 63|2, 63, N/A, 38.18, 0|3, 58, N/A, 31.13, 0|
15:20:43 0, 78, N/A, 64.74, 42|1, 71, N/A, 204.96, 63|2, 63, N/A, 37.94, 0|3, 58, N/A, 31.13, 0|
15:20:45 0, 79, N/A, 62.59, 36|1, 72, N/A, 205.73, 53|2, 63, N/A, 37.96, 0|3, 58, N/A, 30.90, 0|
15:20:47 0, 78, N/A, 63.08, 48|1, 72, N/A, 205.20, 63|2, 63, N/A, 37.94, 0|3, 58, N/A, 30.91, 0|
15:20:49 0, 79, N/A, 63.08, 36|1, 71, N/A, 205.44, 52|2, 63, N/A, 37.94, 0|3, 58, N/A, 30.90, 0|
15:20:51 0, 79, N/A, 63.04, 47|1, 72, N/A, 206.54, 63|2, 63, N/A, 37.94, 0|3, 58, N/A, 30.89, 0|
15:20:53 0, 79, N/A, 68.12, 36|1, 71, N/A, 202.21, 52|2, 63, N/A, 37.94, 0|3, 58, N/A, 31.13, 0|
15:20:55 0, 79, N/A, 70.27, 43|1, 72, N/A, 199.23, 63|2, 63, N/A, 37.94, 0|3, 58, N/A, 31.13, 0|
15:20:57 0, 79, N/A, 71.25, 36|1, 71, N/A, 197.05, 52|2, 63, N/A, 37.94, 0|3, 58, N/A, 30.90, 0|
15:21:00 0, 79, N/A, 68.14, 36|1, 71, N/A, 202.00, 63|2, 63, N/A, 37.96, 0|3, 58, N/A, 31.15, 0|
15:21:02 0, 77, N/A, 56.50, 0|1, 69, N/A, 54.81, 0|2, 63, N/A, 37.85, 0|3, 58, N/A, 31.01, 0|
15:21:04 0, 79, N/A, 117.74, 100|1, 67, N/A, 53.03, 0|2, 63, N/A, 37.79, 0|3, 58, N/A, 30.99, 0|
15:21:06 0, 80, N/A, 180.89, 100|1, 71, N/A, 208.76, 100|2, 63, N/A, 37.62, 0|3, 58, N/A, 31.07, 0|
15:21:08 0, 77, N/A, 107.82, 0|1, 71, N/A, 166.55, 100|2, 63, N/A, 37.91, 0|3, 58, N/A, 30.87, 0|
15:21:10 0, 80, N/A, 139.29, 100|1, 68, N/A, 53.97, 0|2, 63, N/A, 37.77, 0|3, 58, N/A, 30.94, 0|
15:21:12 0, 79, N/A, 124.59, 100|1, 71, N/A, 183.04, 100|2, 62, N/A, 37.65, 0|3, 58, N/A, 31.09, 0|
15:21:14 0, 76, N/A, 47.39, 0|1, 71, N/A, 203.80, 100|2, 63, N/A, 37.75, 0|3, 58, N/A, 31.15, 0|
15:21:16 0, 79, N/A, 164.10, 100|1, 68, N/A, 53.93, 0|2, 62, N/A, 37.77, 0|3, 58, N/A, 31.17, 0|
15:21:18 0, 77, N/A, 53.68, 0|1, 70, N/A, 205.99, 100|2, 62, N/A, 37.75, 0|3, 58, N/A, 30.91, 0|
15:21:20 0, 79, N/A, 125.67, 100|1, 68, N/A, 53.76, 0|2, 63, N/A, 37.77, 0|3, 58, N/A, 31.19, 0|
15:21:23 0, 79, N/A, 143.18, 100|1, 72, N/A, 198.26, 100|2, 62, N/A, 37.62, 0|3, 58, N/A, 31.09, 0|
15:21:25 0, 77, N/A, 52.71, 0|1, 71, N/A, 193.07, 100|2, 62, N/A, 37.75, 0|3, 58, N/A, 31.17, 0|
15:21:27 0, 79, N/A, 149.15, 100|1, 68, N/A, 54.19, 0|2, 62, N/A, 37.77, 0|3, 58, N/A, 31.21, 0|
15:21:29 0, 76, N/A, 47.15, 0|1, 72, N/A, 175.59, 100|2, 62, N/A, 37.77, 0|3, 58, N/A, 31.17, 0|
15:21:31 0, 79, N/A, 124.21, 100|1, 68, N/A, 53.76, 0|2, 62, N/A, 37.79, 0|3, 58, N/A, 31.21, 0|
15:21:33 0, 79, N/A, 130.72, 100|1, 72, N/A, 197.40, 100|2, 62, N/A, 37.65, 0|3, 58, N/A, 31.09, 0|
15:21:35 0, 77, N/A, 48.58, 13|1, 70, N/A, 202.33, 100|2, 62, N/A, 37.70, 0|3, 58, N/A, 31.15, 0|
15:21:37 0, 79, N/A, 148.80, 100|1, 69, N/A, 55.39, 0|2, 62, N/A, 37.75, 0|3, 58, N/A, 30.93, 0|
15:21:39 0, 78, N/A, 138.47, 100|1, 72, N/A, 169.68, 100|2, 62, N/A, 37.67, 0|3, 58, N/A, 31.09, 0|
15:21:41 0, 78, N/A, 49.07, 32|1, 70, N/A, 191.26, 100|2, 62, N/A, 37.50, 0|3, 58, N/A, 30.94, 0|
15:21:44 0, 76, N/A, 147.05, 0|1, 72, N/A, 169.69, 73|2, 62, N/A, 37.43, 0|3, 58, N/A, 31.11, 0|
15:21:46 0, 79, N/A, 161.04, 100|1, 67, N/A, 53.48, 0|2, 62, N/A, 37.55, 0|3, 58, N/A, 30.97, 0|
15:21:48 0, 80, N/A, 166.65, 100|1, 72, N/A, 168.39, 100|2, 62, N/A, 37.43, 0|3, 58, N/A, 31.11, 0|
15:21:50 0, 77, N/A, 53.44, 0|1, 71, N/A, 187.05, 100|2, 62, N/A, 37.51, 0|3, 58, N/A, 31.19, 0|
15:21:52 0, 79, N/A, 125.92, 100|1, 69, N/A, 54.25, 0|2, 62, N/A, 37.55, 0|3, 58, N/A, 30.97, 0|
15:21:54 0, 79, N/A, 155.26, 100|1, 72, N/A, 173.19, 100|2, 62, N/A, 37.43, 0|3, 58, N/A, 31.09, 0|
15:21:56 0, 77, N/A, 48.31, 0|1, 72, N/A, 199.73, 100|2, 62, N/A, 37.48, 0|3, 58, N/A, 31.17, 0|
15:21:58 0, 78, N/A, 171.25, 100|1, 73, N/A, 166.28, 100|2, 62, N/A, 37.38, 0|3, 58, N/A, 31.07, 0|
15:22:00 0, 79, N/A, 116.29, 100|1, 68, N/A, 53.49, 0|2, 62, N/A, 37.55, 0|3, 58, N/A, 30.97, 0|
15:22:02 0, 79, N/A, 142.87, 100|1, 72, N/A, 199.06, 100|2, 62, N/A, 37.43, 0|3, 58, N/A, 31.13, 0|
15:22:04 0, 77, N/A, 53.41, 0|1, 72, N/A, 206.09, 100|2, 62, N/A, 37.48, 0|3, 58, N/A, 31.17, 0|
15:22:07 0, 79, N/A, 122.83, 100|1, 69, N/A, 54.49, 0|2, 62, N/A, 37.55, 0|3, 58, N/A, 31.21, 0|
15:22:09 0, 79, N/A, 148.86, 100|1, 72, N/A, 198.12, 100|2, 62, N/A, 37.38, 0|3, 58, N/A, 31.07, 0|
15:22:11 0, 78, N/A, 48.58, 0|1, 70, N/A, 190.22, 100|2, 62, N/A, 37.48, 0|3, 58, N/A, 31.15, 0|
15:22:13 0, 77, N/A, 139.46, 67|1, 72, N/A, 197.86, 65|2, 62, N/A, 37.38, 0|3, 58, N/A, 31.09, 0|
15:22:15 0, 79, N/A, 157.48, 100|1, 67, N/A, 53.20, 0|2, 62, N/A, 37.51, 0|3, 58, N/A, 30.95, 0|
15:22:17 0, 79, N/A, 157.74, 100|1, 71, N/A, 214.27, 100|2, 62, N/A, 37.12, 0|3, 58, N/A, 31.09, 0|
15:22:19 0, 77, N/A, 52.67, 0|1, 70, N/A, 209.82, 100|2, 61, N/A, 37.23, 0|3, 58, N/A, 30.91, 0|
15:22:21 0, 79, N/A, 158.85, 100|1, 68, N/A, 53.93, 0|2, 61, N/A, 37.26, 0|3, 58, N/A, 31.15, 0|
15:22:23 0, 79, N/A, 153.76, 100|1, 70, N/A, 194.24, 100|2, 62, N/A, 37.12, 0|3, 58, N/A, 31.07, 0|
15:22:25 0, 77, N/A, 48.37, 0|1, 69, N/A, 158.87, 100|2, 61, N/A, 37.01, 0|3, 58, N/A, 31.17, 0|
15:22:27 0, 76, N/A, 131.61, 0|1, 70, N/A, 191.73, 72|2, 62, N/A, 37.16, 0|3, 58, N/A, 31.09, 0|
15:22:30 0, 79, N/A, 137.60, 100|1, 65, N/A, 51.05, 0|2, 61, N/A, 37.28, 0|3, 58, N/A, 30.94, 0|
15:22:32 0, 80, N/A, 169.43, 100|1, 69, N/A, 176.69, 100|2, 61, N/A, 37.16, 0|3, 58, N/A, 31.09, 0|
15:22:34 0, 77, N/A, 53.96, 0|1, 68, N/A, 173.03, 100|2, 61, N/A, 37.26, 0|3, 58, N/A, 30.93, 0|
15:22:36 0, 79, N/A, 158.95, 100|1, 67, N/A, 52.75, 0|2, 61, N/A, 37.28, 0|3, 58, N/A, 31.19, 0|
15:22:38 0, 79, N/A, 156.13, 100|1, 70, N/A, 154.30, 100|2, 61, N/A, 37.21, 0|3, 58, N/A, 31.11, 0|
15:22:40 0, 78, N/A, 53.44, 69|1, 68, N/A, 185.62, 38|2, 61, N/A, 37.26, 0|3, 58, N/A, 31.17, 0|
15:22:42 0, 76, N/A, 51.71, 0|1, 71, N/A, 184.88, 100|2, 61, N/A, 37.23, 0|3, 58, N/A, 31.17, 0|
15:22:44 0, 78, N/A, 115.79, 100|1, 66, N/A, 51.81, 0|2, 61, N/A, 37.06, 0|3, 58, N/A, 30.97, 0|
15:22:46 0, 79, N/A, 172.95, 100|1, 69, N/A, 167.51, 100|2, 61, N/A, 37.19, 0|3, 58, N/A, 31.11, 0|
15:22:48 0, 78, N/A, 51.74, 76|1, 67, N/A, 187.29, 24|2, 61, N/A, 37.01, 0|3, 58, N/A, 31.17, 0|
15:22:50 0, 79, N/A, 153.60, 100|1, 70, N/A, 188.99, 100|2, 61, N/A, 36.92, 0|3, 58, N/A, 31.09, 0|
15:22:53 0, 77, N/A, 47.64, 0|1, 69, N/A, 190.58, 100|2, 61, N/A, 36.77, 0|3, 58, N/A, 31.17, 0|
15:22:55 0, 79, N/A, 125.18, 100|1, 67, N/A, 52.79, 0|2, 61, N/A, 37.06, 0|3, 58, N/A, 31.21, 0|
15:22:57 0, 76, N/A, 47.12, 0|1, 71, N/A, 185.12, 100|2, 61, N/A, 37.01, 0|3, 58, N/A, 31.19, 0|
15:22:59 0, 80, N/A, 185.59, 100|1, 67, N/A, 53.44, 0|2, 61, N/A, 37.01, 0|3, 58, N/A, 31.17, 0|
15:23:01 0, 78, N/A, 175.81, 58|1, 68, N/A, 53.93, 6|2, 61, N/A, 36.77, 0|3, 58, N/A, 30.93, 0|
15:23:03 0, 79, N/A, 139.86, 100|1, 66, N/A, 52.06, 0|2, 61, N/A, 36.82, 0|3, 58, N/A, 31.21, 0|
15:23:05 0, 76, N/A, 47.15, 0|1, 70, N/A, 199.57, 100|2, 61, N/A, 36.77, 0|3, 58, N/A, 31.17, 0|
15:23:07 0, 78, N/A, 67.69, 39|1, 69, N/A, 200.10, 60|2, 61, N/A, 36.75, 0|3, 58, N/A, 31.15, 0|
15:23:09 0, 78, N/A, 61.42, 44|1, 70, N/A, 205.29, 55|2, 61, N/A, 36.75, 0|3, 58, N/A, 31.15, 0|
15:23:11 0, 78, N/A, 58.99, 39|1, 70, N/A, 215.72, 60|2, 61, N/A, 36.75, 0|3, 58, N/A, 31.15, 0|
15:23:13 0, 78, N/A, 58.01, 39|1, 71, N/A, 166.91, 60|2, 61, N/A, 36.75, 0|3, 58, N/A, 31.17, 0|
15:23:16 0, 78, N/A, 143.91, 44|1, 69, N/A, 116.17, 55|2, 61, N/A, 36.77, 0|3, 58, N/A, 31.17, 0|
15:23:18 0, 78, N/A, 189.78, 39|1, 70, N/A, 59.97, 60|2, 61, N/A, 37.24, 0|3, 58, N/A, 31.15, 0|
15:23:20 0, 79, N/A, 210.27, 44|1, 70, N/A, 57.74, 55|2, 61, N/A, 36.97, 0|3, 58, N/A, 31.15, 0|
15:23:22 0, 79, N/A, 118.31, 39|1, 70, N/A, 155.88, 58|2, 61, N/A, 36.99, 0|3, 58, N/A, 31.39, 0|
15:23:24 0, 79, N/A, 73.22, 39|1, 70, N/A, 197.63, 60|2, 61, N/A, 36.75, 0|3, 58, N/A, 31.15, 0|
15:23:26 0, 79, N/A, 68.62, 41|1, 70, N/A, 196.60, 58|2, 61, N/A, 36.75, 0|3, 58, N/A, 31.15, 0|
15:23:28 0, 79, N/A, 64.29, 39|1, 71, N/A, 204.99, 60|2, 61, N/A, 36.75, 0|3, 58, N/A, 31.15, 0|
15:23:30 0, 78, N/A, 49.49, 44|1, 72, N/A, 216.68, 55|2, 61, N/A, 36.73, 0|3, 58, N/A, 30.91, 0|
15:23:32 0, 78, N/A, 56.28, 40|1, 71, N/A, 211.12, 59|2, 61, N/A, 36.73, 0|3, 58, N/A, 31.15, 0|
15:23:34 0, 78, N/A, 56.74, 40|1, 71, N/A, 209.32, 55|2, 61, N/A, 36.74, 0|3, 58, N/A, 31.15, 0|
15:23:36 0, 78, N/A, 58.91, 39|1, 71, N/A, 214.97, 60|2, 61, N/A, 36.97, 0|3, 58, N/A, 31.13, 0|
15:23:39 0, 78, N/A, 58.46, 44|1, 71, N/A, 202.71, 55|2, 61, N/A, 36.50, 0|3, 58, N/A, 30.91, 0|
15:23:41 0, 78, N/A, 58.01, 39|1, 71, N/A, 182.69, 60|2, 61, N/A, 36.50, 0|3, 58, N/A, 31.15, 0|
15:23:43 0, 78, N/A, 165.89, 39|1, 71, N/A, 89.87, 60|2, 61, N/A, 36.75, 0|3, 58, N/A, 31.15, 0|
15:23:45 0, 79, N/A, 193.63, 44|1, 71, N/A, 66.19, 55|2, 61, N/A, 36.75, 0|3, 58, N/A, 31.15, 0|
15:23:47 0, 78, N/A, 105.27, 55|1, 70, N/A, 56.44, 43|2, 61, N/A, 36.58, 0|3, 58, N/A, 30.99, 0|
15:23:49 0, 77, N/A, 50.73, 44|1, 71, N/A, 206.35, 55|2, 60, N/A, 36.75, 0|3, 58, N/A, 30.90, 0|
15:23:51 0, 78, N/A, 84.09, 39|1, 69, N/A, 183.29, 60|2, 60, N/A, 36.50, 0|3, 58, N/A, 31.15, 0|
15:23:53 0, 78, N/A, 61.13, 44|1, 70, N/A, 206.09, 55|2, 61, N/A, 36.50, 0|3, 58, N/A, 30.91, 0|
15:23:55 0, 78, N/A, 59.71, 39|1, 71, N/A, 210.39, 57|2, 61, N/A, 36.75, 0|3, 58, N/A, 31.15, 0|
15:23:57 0, 78, N/A, 59.20, 39|1, 71, N/A, 215.96, 60|2, 60, N/A, 36.75, 0|3, 58, N/A, 31.15, 0|
15:23:59 0, 79, N/A, 58.47, 44|1, 71, N/A, 208.41, 55|2, 60, N/A, 36.75, 0|3, 58, N/A, 31.15, 0|
15:24:02 0, 79, N/A, 119.75, 100|1, 67, N/A, 53.27, 1|2, 60, N/A, 36.58, 0|3, 58, N/A, 31.21, 0|
15:24:04 0, 77, N/A, 53.92, 0|1, 70, N/A, 173.51, 100|2, 60, N/A, 36.55, 0|3, 58, N/A, 31.19, 0|
15:24:06 0, 80, N/A, 126.64, 100|1, 69, N/A, 54.49, 0|2, 60, N/A, 36.58, 0|3, 58, N/A, 31.21, 0|
15:24:08 0, 79, N/A, 134.82, 100|1, 72, N/A, 197.05, 100|2, 60, N/A, 36.46, 0|3, 58, N/A, 31.11, 0|
15:24:10 0, 79, N/A, 128.09, 100|1, 68, N/A, 53.76, 0|2, 60, N/A, 36.58, 0|3, 58, N/A, 30.97, 0|
15:24:12 0, 80, N/A, 127.67, 100|1, 73, N/A, 171.00, 100|2, 60, N/A, 36.46, 0|3, 58, N/A, 31.13, 0|
15:24:14 0, 77, N/A, 48.13, 0|1, 71, N/A, 160.34, 100|2, 60, N/A, 36.55, 0|3, 58, N/A, 31.19, 0|
15:24:16 0, 77, N/A, 135.22, 0|1, 73, N/A, 197.29, 65|2, 60, N/A, 36.46, 0|3, 58, N/A, 31.11, 0|
15:24:18 0, 79, N/A, 111.76, 100|1, 68, N/A, 53.52, 0|2, 60, N/A, 36.58, 0|3, 58, N/A, 31.21, 0|
15:24:20 0, 79, N/A, 165.72, 100|1, 72, N/A, 178.02, 100|2, 60, N/A, 36.43, 0|3, 58, N/A, 31.11, 0|
15:24:22 0, 78, N/A, 52.22, 66|1, 69, N/A, 185.60, 24|2, 60, N/A, 36.53, 0|3, 58, N/A, 31.17, 0|
15:24:25 0, 79, N/A, 130.87, 100|1, 72, N/A, 208.29, 100|2, 60, N/A, 36.43, 0|3, 58, N/A, 31.11, 0|
15:24:27 0, 77, N/A, 48.34, 0|1, 71, N/A, 177.72, 100|2, 60, N/A, 36.50, 0|3, 58, N/A, 31.17, 0|
15:24:29 0, 79, N/A, 112.00, 100|1, 69, N/A, 54.70, 0|2, 60, N/A, 36.55, 0|3, 58, N/A, 31.19, 0|
15:24:31 0, 76, N/A, 50.79, 0|1, 71, N/A, 172.79, 100|2, 60, N/A, 36.55, 0|3, 58, N/A, 31.19, 0|
15:24:33 0, 80, N/A, 157.27, 100|1, 69, N/A, 54.70, 0|2, 60, N/A, 36.55, 0|3, 58, N/A, 31.19, 0|
15:24:35 0, 77, N/A, 48.34, 0|1, 70, N/A, 193.91, 100|2, 60, N/A, 36.53, 0|3, 58, N/A, 30.94, 0|
15:24:37 0, 80, N/A, 157.98, 100|1, 71, N/A, 56.85, 59|2, 60, N/A, 36.55, 0|3, 58, N/A, 31.19, 0|
15:24:39 0, 77, N/A, 120.74, 0|1, 71, N/A, 175.37, 100|2, 60, N/A, 36.46, 0|3, 58, N/A, 31.09, 0|
15:24:41 0, 78, N/A, 101.14, 100|1, 68, N/A, 54.49, 0|2, 60, N/A, 36.58, 0|3, 58, N/A, 30.97, 0|
15:24:43 0, 78, N/A, 131.29, 100|1, 71, N/A, 197.73, 100|2, 60, N/A, 36.44, 0|3, 58, N/A, 31.09, 0|
15:24:46 0, 79, N/A, 139.06, 100|1, 67, N/A, 53.48, 0|2, 60, N/A, 36.55, 0|3, 58, N/A, 31.19, 0|
15:24:48 0, 76, N/A, 46.91, 0|1, 71, N/A, 177.49, 100|2, 60, N/A, 36.53, 0|3, 58, N/A, 31.17, 0|
15:24:50 0, 79, N/A, 130.92, 100|1, 68, N/A, 53.76, 0|2, 60, N/A, 36.55, 0|3, 58, N/A, 31.19, 0|
15:24:52 0, 77, N/A, 52.22, 0|1, 71, N/A, 196.82, 100|2, 60, N/A, 36.53, 0|3, 58, N/A, 31.17, 0|
15:24:54 0, 79, N/A, 121.62, 100|1, 68, N/A, 54.49, 0|2, 60, N/A, 36.33, 0|3, 58, N/A, 31.23, 0|
15:24:56 0, 78, N/A, 155.99, 100|1, 71, N/A, 163.85, 100|2, 60, N/A, 36.48, 0|3, 58, N/A, 31.13, 0|
15:24:58 0, 78, N/A, 106.73, 100|1, 68, N/A, 53.80, 0|2, 60, N/A, 36.36, 0|3, 58, N/A, 31.23, 0|
15:25:00 0, 79, N/A, 134.98, 100|1, 72, N/A, 195.11, 100|2, 60, N/A, 36.46, 0|3, 58, N/A, 31.13, 0|
15:25:02 0, 79, N/A, 107.71, 100|1, 68, N/A, 53.80, 0|2, 60, N/A, 36.36, 0|3, 58, N/A, 31.23, 0|
15:25:04 0, 76, N/A, 50.80, 0|1, 72, N/A, 168.46, 100|2, 60, N/A, 36.55, 0|3, 58, N/A, 31.19, 0|
15:25:06 0, 79, N/A, 111.76, 100|1, 69, N/A, 54.26, 0|2, 60, N/A, 36.36, 0|3, 58, N/A, 31.23, 0|
15:25:09 0, 77, N/A, 48.58, 0|1, 71, N/A, 196.35, 100|2, 60, N/A, 36.53, 0|3, 59, N/A, 31.17, 0|
15:25:11 0, 80, N/A, 129.30, 100|1, 71, N/A, 57.13, 83|2, 60, N/A, 36.58, 0|3, 58, N/A, 31.21, 0|
15:25:13 0, 77, N/A, 47.67, 0|1, 72, N/A, 166.19, 100|2, 60, N/A, 36.28, 0|3, 59, N/A, 31.19, 0|
15:25:15 0, 78, N/A, 111.50, 100|1, 70, N/A, 55.22, 0|2, 60, N/A, 36.58, 0|3, 59, N/A, 31.21, 0|
15:25:17 0, 77, N/A, 135.72, 13|1, 71, N/A, 187.66, 100|2, 60, N/A, 36.46, 0|3, 59, N/A, 31.33, 0|
15:25:19 0, 78, N/A, 115.55, 100|1, 69, N/A, 54.49, 0|2, 60, N/A, 36.33, 0|3, 59, N/A, 31.45, 0|
15:25:21 0, 76, N/A, 52.71, 0|1, 71, N/A, 164.55, 100|2, 60, N/A, 36.26, 0|3, 59, N/A, 31.15, 0|
15:25:23 0, 79, N/A, 183.18, 100|1, 69, N/A, 55.35, 0|2, 60, N/A, 36.26, 0|3, 59, N/A, 31.15, 0|
15:25:25 0, 77, N/A, 54.86, 66|1, 69, N/A, 193.81, 97|2, 60, N/A, 36.26, 0|3, 59, N/A, 31.15, 0|
15:25:27 0, 80, N/A, 145.50, 100|1, 71, N/A, 174.73, 100|2, 60, N/A, 36.21, 0|3, 59, N/A, 31.35, 0|
15:25:29 0, 76, N/A, 47.64, 0|1, 69, N/A, 184.51, 100|2, 60, N/A, 36.26, 0|3, 59, N/A, 31.15, 0|
15:25:32 0, 79, N/A, 135.19, 100|1, 68, N/A, 54.94, 37|2, 60, N/A, 36.31, 0|3, 58, N/A, 31.19, 0|
15:25:34 0, 77, N/A, 150.40, 0|1, 70, N/A, 156.76, 100|2, 60, N/A, 36.44, 0|3, 59, N/A, 31.09, 0|
15:25:36 0, 79, N/A, 171.08, 100|1, 67, N/A, 53.24, 0|2, 60, N/A, 36.31, 0|3, 59, N/A, 31.19, 0|
15:25:38 0, 76, N/A, 53.19, 0|1, 70, N/A, 197.68, 100|2, 60, N/A, 36.26, 0|3, 59, N/A, 31.17, 0|
15:25:40 0, 79, N/A, 200.07, 100|1, 68, N/A, 53.90, 0|2, 60, N/A, 36.28, 0|3, 59, N/A, 31.15, 0|
15:25:42 0, 77, N/A, 54.40, 50|1, 68, N/A, 194.18, 100|2, 60, N/A, 36.53, 0|3, 59, N/A, 31.17, 0|
15:25:44 0, 79, N/A, 127.52, 100|1, 71, N/A, 161.71, 100|2, 60, N/A, 36.48, 0|3, 59, N/A, 31.15, 0|
15:25:46 0, 77, N/A, 47.88, 0|1, 70, N/A, 188.88, 100|2, 60, N/A, 36.26, 0|3, 59, N/A, 31.41, 0|
15:25:48 0, 80, N/A, 128.33, 100|1, 69, N/A, 55.88, 98|2, 60, N/A, 36.31, 0|3, 59, N/A, 31.19, 0|
15:25:50 0, 77, N/A, 48.61, 0|1, 71, N/A, 179.47, 100|2, 60, N/A, 36.28, 0|3, 59, N/A, 31.17, 0|
15:25:52 0, 79, N/A, 127.21, 100|1, 68, N/A, 54.49, 0|2, 60, N/A, 36.33, 0|3, 59, N/A, 31.21, 0|
15:25:55 0, 77, N/A, 52.95, 0|1, 71, N/A, 197.31, 100|2, 60, N/A, 36.28, 0|3, 59, N/A, 31.17, 0|
15:25:57 0, 79, N/A, 183.53, 100|1, 72, N/A, 193.50, 100|2, 60, N/A, 36.17, 0|3, 59, N/A, 31.09, 0|
15:25:59 0, 78, N/A, 121.62, 100|1, 67, N/A, 52.79, 0|2, 60, N/A, 36.36, 0|3, 59, N/A, 31.23, 0|
15:26:01 0, 79, N/A, 139.01, 100|1, 71, N/A, 162.58, 100|2, 60, N/A, 36.21, 0|3, 59, N/A, 31.09, 0|
15:26:03 0, 79, N/A, 111.34, 100|1, 67, N/A, 53.31, 0|2, 60, N/A, 36.36, 0|3, 59, N/A, 31.23, 0|
15:26:05 0, 80, N/A, 145.52, 100|1, 72, N/A, 200.62, 100|2, 60, N/A, 36.19, 0|3, 59, N/A, 31.33, 0|
15:26:07 0, 79, N/A, 51.25, 100|1, 68, N/A, 194.65, 0|2, 60, N/A, 36.26, 0|3, 59, N/A, 31.17, 0|
15:26:09 0, 79, N/A, 128.07, 100|1, 72, N/A, 185.81, 100|2, 60, N/A, 36.19, 0|3, 59, N/A, 31.09, 0|
15:26:11 0, 78, N/A, 54.37, 56|1, 70, N/A, 196.22, 94|2, 60, N/A, 36.26, 0|3, 59, N/A, 31.39, 0|
15:26:13 0, 76, N/A, 52.50, 0|1, 71, N/A, 175.24, 100|2, 60, N/A, 36.28, 0|3, 59, N/A, 31.15, 0|
15:26:15 0, 79, N/A, 142.70, 100|1, 68, N/A, 53.48, 0|2, 60, N/A, 36.31, 0|3, 59, N/A, 31.19, 0|
15:26:18 0, 76, N/A, 47.61, 0|1, 70, N/A, 195.13, 100|2, 60, N/A, 36.28, 0|3, 59, N/A, 31.17, 0|
15:26:20 0, 79, N/A, 152.75, 100|1, 69, N/A, 54.94, 0|2, 60, N/A, 36.33, 0|3, 59, N/A, 31.21, 0|
15:26:22 0, 77, N/A, 139.88, 0|1, 71, N/A, 180.54, 100|2, 60, N/A, 36.19, 0|3, 59, N/A, 31.33, 0|
15:26:24 0, 79, N/A, 93.74, 100|1, 69, N/A, 54.53, 0|2, 60, N/A, 36.36, 0|3, 59, N/A, 31.23, 0|
15:26:26 0, 77, N/A, 126.70, 0|1, 71, N/A, 194.86, 100|2, 60, N/A, 36.19, 0|3, 59, N/A, 31.09, 0|
15:26:28 0, 79, N/A, 119.75, 100|1, 69, N/A, 54.73, 0|2, 59, N/A, 36.33, 0|3, 59, N/A, 31.21, 0|
15:26:30 0, 77, N/A, 47.61, 0|1, 72, N/A, 198.64, 100|2, 59, N/A, 36.28, 0|3, 59, N/A, 31.17, 0|
15:26:32 0, 79, N/A, 195.52, 100|1, 73, N/A, 200.73, 100|2, 60, N/A, 36.14, 0|3, 59, N/A, 31.29, 0|
15:26:34 0, 79, N/A, 141.73, 100|1, 68, N/A, 53.51, 0|2, 60, N/A, 36.31, 0|3, 59, N/A, 31.21, 0|
15:26:36 0, 79, N/A, 134.02, 100|1, 72, N/A, 190.91, 100|2, 59, N/A, 36.24, 0|3, 59, N/A, 31.37, 0|
15:26:39 0, 80, N/A, 138.92, 100|1, 68, N/A, 54.00, 0|2, 59, N/A, 36.33, 0|3, 59, N/A, 31.45, 0|
15:26:41 0, 79, N/A, 158.65, 100|1, 73, N/A, 200.28, 100|2, 60, N/A, 36.19, 0|3, 59, N/A, 31.35, 0|
15:26:43 0, 79, N/A, 111.08, 100|1, 68, N/A, 54.03, 0|2, 59, N/A, 36.36, 0|3, 59, N/A, 31.47, 0|
15:26:45 0, 79, N/A, 142.95, 100|1, 73, N/A, 186.43, 100|2, 59, N/A, 36.24, 0|3, 59, N/A, 31.13, 0|
15:26:47 0, 79, N/A, 144.39, 100|1, 69, N/A, 54.49, 0|2, 60, N/A, 36.33, 0|3, 59, N/A, 31.45, 0|
15:26:49 0, 77, N/A, 47.36, 0|1, 73, N/A, 205.97, 100|2, 60, N/A, 36.26, 0|3, 59, N/A, 31.41, 0|
15:26:51 0, 80, N/A, 124.68, 100|1, 71, N/A, 55.92, 0|2, 59, N/A, 36.33, 0|3, 59, N/A, 31.45, 0|
15:26:53 0, 78, N/A, 49.34, 52|1, 69, N/A, 194.90, 0|2, 59, N/A, 36.26, 0|3, 59, N/A, 31.41, 0|
15:26:55 0, 79, N/A, 135.45, 100|1, 73, N/A, 190.38, 100|2, 59, N/A, 36.19, 0|3, 59, N/A, 31.31, 0|
15:26:58 0, 78, N/A, 49.06, 2|1, 70, N/A, 196.22, 31|2, 59, N/A, 36.26, 0|3, 59, N/A, 31.39, 0|
15:27:00 0, 79, N/A, 135.45, 100|1, 72, N/A, 190.40, 100|2, 59, N/A, 36.21, 0|3, 59, N/A, 31.35, 0|
15:27:02 0, 77, N/A, 48.55, 0|1, 70, N/A, 204.03, 100|2, 59, N/A, 36.26, 0|3, 59, N/A, 31.39, 0|
15:27:04 0, 79, N/A, 116.22, 100|1, 72, N/A, 169.79, 100|2, 59, N/A, 36.24, 0|3, 59, N/A, 31.37, 0|
15:27:06 0, 77, N/A, 48.09, 0|1, 69, N/A, 194.29, 100|2, 59, N/A, 36.26, 0|3, 59, N/A, 31.39, 0|
15:27:08 0, 75, N/A, 46.63, 0|1, 71, N/A, 191.39, 100|2, 59, N/A, 36.26, 0|3, 59, N/A, 31.39, 0|
15:27:10 0, 80, N/A, 181.35, 100|1, 67, N/A, 53.20, 0|2, 59, N/A, 36.04, 0|3, 59, N/A, 31.41, 0|
15:27:12 0, 76, N/A, 47.42, 0|1, 69, N/A, 181.67, 100|2, 59, N/A, 36.28, 0|3, 59, N/A, 31.17, 0|
15:27:14 0, 79, N/A, 108.68, 100|1, 69, N/A, 55.71, 98|2, 59, N/A, 36.09, 0|3, 59, N/A, 31.45, 0|
15:27:16 0, 77, N/A, 51.01, 0|1, 70, N/A, 195.39, 100|2, 59, N/A, 36.04, 0|3, 59, N/A, 31.43, 0|
15:27:18 0, 79, N/A, 115.15, 100|1, 69, N/A, 55.96, 87|2, 59, N/A, 36.09, 0|3, 59, N/A, 31.45, 0|
15:27:21 0, 77, N/A, 52.71, 0|1, 70, N/A, 194.65, 100|2, 59, N/A, 36.04, 0|3, 59, N/A, 31.41, 0|
15:27:23 0, 79, N/A, 123.25, 100|1, 70, N/A, 55.71, 0|2, 59, N/A, 36.09, 0|3, 59, N/A, 31.45, 0|
15:27:25 0, 77, N/A, 47.64, 0|1, 71, N/A, 179.20, 100|2, 59, N/A, 36.02, 0|3, 59, N/A, 31.41, 0|
15:27:27 0, 76, N/A, 46.88, 0|1, 71, N/A, 192.24, 100|2, 59, N/A, 36.04, 0|3, 59, N/A, 31.41, 0|
15:27:29 0, 79, N/A, 136.96, 100|1, 68, N/A, 53.51, 0|2, 59, N/A, 36.06, 0|3, 59, N/A, 31.45, 0|
15:27:31 0, 76, N/A, 47.40, 0|1, 71, N/A, 171.01, 100|2, 59, N/A, 36.04, 0|3, 59, N/A, 31.42, 0|
15:27:33 0, 79, N/A, 153.65, 100|1, 69, N/A, 55.18, 0|2, 59, N/A, 36.07, 0|3, 59, N/A, 31.44, 0|
15:27:35 0, 77, N/A, 47.37, 0|1, 71, N/A, 202.84, 100|2, 59, N/A, 36.28, 0|3, 59, N/A, 31.41, 0|
15:27:37 0, 79, N/A, 127.85, 100|1, 70, N/A, 55.43, 0|2, 59, N/A, 36.09, 0|3, 59, N/A, 31.43, 0|
15:27:39 0, 77, N/A, 48.09, 0|1, 72, N/A, 199.61, 100|2, 59, N/A, 36.04, 0|3, 59, N/A, 31.41, 0|
15:27:41 0, 79, N/A, 128.99, 100|1, 70, N/A, 55.91, 19|2, 59, N/A, 36.09, 0|3, 59, N/A, 31.45, 0|
15:27:44 0, 77, N/A, 51.29, 0|1, 72, N/A, 164.18, 100|2, 59, N/A, 36.06, 0|3, 59, N/A, 31.43, 0|
15:27:46 0, 76, N/A, 47.04, 0|1, 72, N/A, 58.70, 100|2, 59, N/A, 36.14, 0|3, 59, N/A, 31.25, 0|
15:27:48 0, 79, N/A, 158.24, 100|1, 69, N/A, 54.21, 0|2, 59, N/A, 36.06, 0|3, 59, N/A, 31.45, 0|
15:27:50 0, 77, N/A, 47.39, 0|1, 72, N/A, 187.54, 100|2, 59, N/A, 36.04, 0|3, 59, N/A, 31.41, 0|
15:27:52 0, 79, N/A, 128.83, 100|1, 71, N/A, 57.17, 25|2, 59, N/A, 36.09, 0|3, 59, N/A, 31.45, 0|
15:27:54 0, 77, N/A, 47.88, 0|1, 72, N/A, 198.52, 100|2, 59, N/A, 36.04, 0|3, 59, N/A, 31.41, 0|
15:27:56 0, 79, N/A, 132.64, 100|1, 73, N/A, 197.49, 100|2, 59, N/A, 36.19, 0|3, 59, N/A, 31.33, 0|
15:27:58 0, 78, N/A, 51.95, 63|1, 71, N/A, 195.98, 60|2, 59, N/A, 36.02, 0|3, 59, N/A, 31.39, 0|
15:28:00 0, 79, N/A, 137.38, 100|1, 73, N/A, 163.74, 100|2, 59, N/A, 35.95, 0|3, 59, N/A, 31.33, 0|
15:28:02 0, 79, N/A, 108.42, 100|1, 68, N/A, 53.77, 0|2, 59, N/A, 36.11, 0|3, 59, N/A, 31.48, 0|
15:28:04 0, 76, N/A, 47.15, 0|1, 73, N/A, 200.36, 100|2, 59, N/A, 36.04, 0|3, 59, N/A, 31.41, 0|
15:28:06 0, 80, N/A, 177.36, 100|1, 70, N/A, 55.63, 0|2, 59, N/A, 36.06, 0|3, 59, N/A, 31.43, 0|
15:28:09 0, 78, N/A, 122.10, 100|1, 68, N/A, 53.52, 0|2, 59, N/A, 36.09, 0|3, 59, N/A, 31.45, 0|
15:28:11 0, 80, N/A, 142.71, 100|1, 73, N/A, 199.21, 100|2, 59, N/A, 35.97, 0|3, 59, N/A, 31.35, 0|
15:28:13 0, 79, N/A, 115.15, 100|1, 69, N/A, 54.25, 0|2, 59, N/A, 36.09, 0|3, 59, N/A, 31.46, 0|
15:28:15 0, 80, N/A, 198.32, 100|1, 73, N/A, 177.63, 100|2, 59, N/A, 35.92, 0|3, 59, N/A, 31.31, 0|
15:28:17 0, 78, N/A, 117.33, 100|1, 69, N/A, 54.73, 0|2, 59, N/A, 36.09, 0|3, 59, N/A, 31.45, 0|
15:28:19 0, 78, N/A, 141.98, 20|1, 73, N/A, 200.63, 100|2, 59, N/A, 35.95, 0|3, 59, N/A, 31.33, 0|
15:28:21 0, 79, N/A, 104.79, 100|1, 70, N/A, 55.71, 0|2, 59, N/A, 36.11, 0|3, 59, N/A, 31.48, 0|
15:28:23 0, 77, N/A, 47.64, 0|1, 73, N/A, 199.83, 100|2, 59, N/A, 36.02, 0|3, 59, N/A, 31.41, 0|
15:28:25 0, 76, N/A, 150.97, 0|1, 74, N/A, 180.66, 61|2, 59, N/A, 35.95, 0|3, 59, N/A, 31.33, 0|
15:28:27 0, 79, N/A, 136.16, 100|1, 70, N/A, 54.70, 0|2, 59, N/A, 36.06, 0|3, 59, N/A, 31.43, 0|
15:28:30 0, 76, N/A, 47.60, 0|1, 73, N/A, 200.07, 100|2, 59, N/A, 36.02, 0|3, 59, N/A, 31.39, 0|
15:28:32 0, 79, N/A, 114.67, 100|1, 71, N/A, 57.65, 100|2, 59, N/A, 36.09, 0|3, 59, N/A, 31.45, 0|
15:28:34 0, 77, N/A, 52.71, 0|1, 73, N/A, 201.90, 100|2, 59, N/A, 36.04, 0|3, 59, N/A, 31.41, 0|
15:28:36 0, 78, N/A, 117.35, 100|1, 74, N/A, 201.51, 100|2, 59, N/A, 35.97, 0|3, 59, N/A, 31.37, 0|
15:28:38 0, 77, N/A, 48.61, 0|1, 72, N/A, 182.59, 100|2, 59, N/A, 36.06, 0|3, 59, N/A, 31.43, 0|
15:28:40 0, 77, N/A, 54.62, 0|1, 74, N/A, 201.05, 100|2, 59, N/A, 36.02, 0|3, 59, N/A, 31.41, 0|
15:28:42 0, 76, N/A, 53.61, 0|1, 73, N/A, 58.91, 100|2, 59, N/A, 36.11, 0|3, 59, N/A, 31.46, 0|
15:28:44 0, 79, N/A, 131.48, 100|1, 69, N/A, 54.46, 0|2, 59, N/A, 36.09, 0|3, 59, N/A, 31.43, 0|
15:28:46 0, 77, N/A, 47.61, 0|1, 73, N/A, 198.88, 100|2, 59, N/A, 36.02, 0|3, 59, N/A, 31.41, 0|
15:28:48 0, 76, N/A, 46.88, 0|1, 74, N/A, 200.33, 85|2, 59, N/A, 36.02, 0|3, 59, N/A, 31.41, 0|
15:28:50 0, 78, N/A, 60.13, 37|1, 73, N/A, 210.54, 62|2, 59, N/A, 35.99, 0|3, 59, N/A, 31.38, 0|
15:28:53 0, 78, N/A, 210.50, 37|1, 72, N/A, 59.17, 62|2, 59, N/A, 35.99, 0|3, 59, N/A, 31.37, 0|
15:28:55 0, 78, N/A, 57.98, 41|1, 73, N/A, 212.94, 54|2, 59, N/A, 36.02, 0|3, 59, N/A, 31.39, 0|
15:28:57 0, 79, N/A, 118.72, 45|1, 72, N/A, 162.69, 54|2, 59, N/A, 36.02, 0|3, 59, N/A, 31.41, 0|
15:28:59 0, 78, N/A, 160.21, 45|1, 73, N/A, 96.61, 54|2, 59, N/A, 36.02, 0|3, 59, N/A, 31.39, 0|
15:29:01 0, 79, N/A, 65.02, 45|1, 72, N/A, 205.47, 57|2, 59, N/A, 36.02, 0|3, 59, N/A, 31.39, 0|
15:29:03 0, 79, N/A, 206.55, 45|1, 72, N/A, 61.62, 62|2, 59, N/A, 35.99, 0|3, 59, N/A, 31.37, 0|
15:29:05 0, 78, N/A, 50.94, 37|1, 73, N/A, 209.13, 62|2, 59, N/A, 36.01, 0|3, 59, N/A, 31.37, 0|
15:29:07 0, 79, N/A, 197.04, 37|1, 72, N/A, 59.19, 62|2, 59, N/A, 36.00, 0|3, 59, N/A, 31.38, 0|
15:29:09 0, 78, N/A, 58.46, 37|1, 72, N/A, 216.17, 62|2, 59, N/A, 36.00, 0|3, 59, N/A, 31.39, 0|
15:29:11 0, 79, N/A, 163.44, 37|1, 71, N/A, 140.59, 54|2, 59, N/A, 36.02, 0|3, 59, N/A, 31.39, 0|
15:29:13 0, 78, N/A, 139.53, 45|1, 73, N/A, 108.89, 54|2, 59, N/A, 36.02, 0|3, 59, N/A, 31.39, 0|
15:29:15 0, 79, N/A, 60.65, 45|1, 72, N/A, 208.98, 54|2, 59, N/A, 36.00, 0|3, 59, N/A, 31.64, 0|
15:29:18 0, 79, N/A, 207.90, 45|1, 72, N/A, 60.42, 55|2, 59, N/A, 36.02, 0|3, 59, N/A, 31.39, 0|
15:29:20 0, 79, N/A, 54.85, 45|1, 73, N/A, 221.61, 54|2, 59, N/A, 35.77, 0|3, 59, N/A, 31.39, 0|
15:29:22 0, 80, N/A, 194.16, 45|1, 72, N/A, 95.57, 60|2, 59, N/A, 35.77, 0|3, 59, N/A, 31.39, 0|
15:29:24 0, 78, N/A, 54.35, 46|1, 73, N/A, 218.49, 53|2, 59, N/A, 35.77, 0|3, 59, N/A, 31.39, 0|
15:29:26 0, 79, N/A, 195.13, 45|1, 73, N/A, 60.42, 54|2, 59, N/A, 35.77, 0|3, 59, N/A, 31.39, 0|
15:29:28 0, 78, N/A, 58.95, 45|1, 74, N/A, 218.60, 56|2, 59, N/A, 35.99, 0|3, 59, N/A, 31.39, 0|
15:29:30 0, 80, N/A, 163.83, 45|1, 72, N/A, 135.21, 61|2, 59, N/A, 36.02, 0|3, 59, N/A, 31.39, 0|
15:29:32 0, 78, N/A, 141.77, 43|1, 74, N/A, 103.14, 61|2, 59, N/A, 36.00, 0|3, 59, N/A, 31.39, 0|
15:29:34 0, 79, N/A, 69.34, 35|1, 73, N/A, 194.07, 62|2, 59, N/A, 35.75, 0|3, 59, N/A, 31.39, 0|
15:29:36 0, 78, N/A, 63.80, 48|1, 73, N/A, 207.65, 62|2, 59, N/A, 35.77, 0|3, 59, N/A, 31.64, 0|
15:29:38 0, 79, N/A, 85.49, 37|1, 72, N/A, 189.59, 62|2, 59, N/A, 35.99, 0|3, 59, N/A, 31.37, 0|
15:29:41 0, 78, N/A, 156.57, 37|1, 73, N/A, 96.83, 62|2, 59, N/A, 35.77, 0|3, 59, N/A, 31.39, 0|
15:29:43 0, 77, N/A, 124.78, 50|1, 73, N/A, 104.40, 49|2, 59, N/A, 35.80, 0|3, 59, N/A, 31.42, 0|
15:29:45 0, 79, N/A, 194.53, 46|1, 72, N/A, 58.48, 53|2, 59, N/A, 35.77, 0|3, 59, N/A, 31.39, 0|
15:29:47 0, 78, N/A, 58.22, 45|1, 73, N/A, 205.11, 54|2, 59, N/A, 35.77, 0|3, 59, N/A, 31.41, 0|
15:29:49 0, 79, N/A, 90.58, 45|1, 72, N/A, 182.60, 54|2, 59, N/A, 35.77, 0|3, 59, N/A, 31.64, 0|
15:29:51 0, 80, N/A, 158.72, 100|1, 69, N/A, 54.42, 0|2, 59, N/A, 35.80, 0|3, 59, N/A, 31.43, 0|
15:29:53 0, 79, N/A, 101.21, 100|1, 68, N/A, 46.01, 0|2, 59, N/A, 35.87, 0|3, 59, N/A, 31.47, 0|
15:29:55 0, 79, N/A, 137.23, 100|1, 73, N/A, 180.90, 100|2, 59, N/A, 35.97, 0|3, 59, N/A, 31.35, 0|
15:29:57 0, 79, N/A, 126.88, 100|1, 70, N/A, 55.22, 0|2, 59, N/A, 35.84, 0|3, 59, N/A, 31.45, 0|
15:29:59 0, 78, N/A, 145.99, 46|1, 73, N/A, 193.41, 100|2, 59, N/A, 35.70, 0|3, 59, N/A, 31.33, 0|
15:30:01 0, 79, N/A, 129.54, 100|1, 71, N/A, 56.16, 0|2, 59, N/A, 35.82, 0|3, 59, N/A, 31.43, 0|
15:30:03 0, 77, N/A, 51.22, 0|1, 73, N/A, 200.92, 100|2, 59, N/A, 35.77, 0|3, 59, N/A, 31.39, 0|
15:30:06 0, 79, N/A, 112.24, 100|1, 73, N/A, 58.10, 100|2, 59, N/A, 35.84, 0|3, 59, N/A, 31.45, 0|
15:30:08 0, 77, N/A, 51.73, 0|1, 71, N/A, 199.13, 100|2, 59, N/A, 35.77, 0|3, 59, N/A, 31.39, 0|
15:30:10 0, 76, N/A, 50.49, 0|1, 74, N/A, 200.93, 100|2, 59, N/A, 36.04, 0|3, 59, N/A, 31.43, 0|
15:30:12 0, 79, N/A, 115.63, 100|1, 70, N/A, 55.22, 0|2, 59, N/A, 35.84, 0|3, 59, N/A, 31.45, 0|
15:30:14 0, 77, N/A, 48.34, 37|1, 71, N/A, 197.68, 65|2, 59, N/A, 35.80, 0|3, 59, N/A, 31.41, 0|
15:30:16 0, 79, N/A, 161.72, 100|1, 73, N/A, 192.22, 100|2, 59, N/A, 35.70, 0|3, 59, N/A, 31.33, 0|
15:30:18 0, 79, N/A, 55.86, 100|1, 70, N/A, 190.33, 0|2, 59, N/A, 35.79, 0|3, 59, N/A, 31.43, 0|
15:30:20 0, 79, N/A, 137.38, 100|1, 74, N/A, 177.05, 100|2, 58, N/A, 35.73, 0|3, 59, N/A, 31.33, 0|
15:30:22 0, 79, N/A, 129.79, 100|1, 69, N/A, 54.21, 0|2, 59, N/A, 35.58, 0|3, 59, N/A, 31.43, 0|
15:30:24 0, 79, N/A, 152.17, 100|1, 73, N/A, 162.46, 100|2, 59, N/A, 35.70, 0|3, 59, N/A, 31.33, 0|
15:30:27 0, 79, N/A, 154.99, 100|1, 68, N/A, 54.17, 0|2, 58, N/A, 35.82, 0|3, 59, N/A, 31.68, 0|
15:30:29 0, 76, N/A, 50.76, 0|1, 71, N/A, 186.12, 100|2, 58, N/A, 35.77, 0|3, 59, N/A, 31.64, 0|
15:30:31 0, 78, N/A, 175.81, 100|1, 72, N/A, 198.81, 100|2, 58, N/A, 35.90, 0|3, 59, N/A, 31.29, 0|
15:30:33 0, 80, N/A, 163.71, 100|1, 67, N/A, 53.20, 0|2, 59, N/A, 35.80, 0|3, 59, N/A, 31.41, 0|
15:30:35 0, 78, N/A, 168.42, 100|1, 70, N/A, 174.28, 100|2, 58, N/A, 35.70, 0|3, 59, N/A, 31.31, 0|
15:30:37 0, 78, N/A, 122.52, 100|1, 67, N/A, 53.76, 0|2, 58, N/A, 35.84, 0|3, 59, N/A, 31.45, 0|
15:30:39 0, 77, N/A, 179.32, 82|1, 70, N/A, 196.40, 100|2, 58, N/A, 35.70, 0|3, 59, N/A, 31.33, 0|
15:30:41 0, 79, N/A, 135.11, 100|1, 68, N/A, 54.49, 0|2, 58, N/A, 35.84, 0|3, 59, N/A, 31.45, 0|
15:30:43 0, 76, N/A, 47.37, 0|1, 71, N/A, 196.59, 100|2, 59, N/A, 35.80, 0|3, 59, N/A, 31.41, 0|
15:30:45 0, 79, N/A, 135.11, 100|1, 70, N/A, 56.40, 100|2, 58, N/A, 35.84, 0|3, 59, N/A, 31.45, 0|
15:30:47 0, 77, N/A, 47.60, 0|1, 71, N/A, 209.56, 100|2, 58, N/A, 35.77, 0|3, 59, N/A, 31.41, 0|
15:30:49 0, 76, N/A, 46.91, 0|1, 72, N/A, 176.77, 100|2, 58, N/A, 35.78, 0|3, 59, N/A, 31.66, 0|
15:30:52 0, 79, N/A, 136.48, 100|1, 68, N/A, 53.98, 0|2, 58, N/A, 35.84, 0|3, 59, N/A, 31.44, 0|
15:30:54 0, 77, N/A, 53.19, 0|1, 70, N/A, 210.30, 100|2, 58, N/A, 35.80, 0|3, 60, N/A, 31.43, 0|
15:30:56 0, 79, N/A, 123.08, 100|1, 72, N/A, 200.65, 100|2, 58, N/A, 35.73, 0|3, 59, N/A, 31.35, 0|
15:30:58 0, 79, N/A, 72.60, 100|1, 68, N/A, 143.19, 0|2, 59, N/A, 35.82, 0|3, 59, N/A, 31.68, 0|
15:31:00 0, 79, N/A, 136.27, 100|1, 73, N/A, 199.45, 100|2, 58, N/A, 35.70, 0|3, 59, N/A, 31.31, 0|
15:31:02 0, 80, N/A, 127.78, 100|1, 69, N/A, 54.21, 0|2, 59, N/A, 35.82, 0|3, 59, N/A, 31.68, 0|
15:31:04 0, 79, N/A, 146.44, 100|1, 72, N/A, 193.79, 100|2, 58, N/A, 35.68, 0|3, 59, N/A, 31.56, 0|
15:31:06 0, 79, N/A, 99.51, 100|1, 69, N/A, 54.73, 0|2, 58, N/A, 35.84, 0|3, 59, N/A, 31.45, 0|
15:31:08 0, 77, N/A, 47.64, 0|1, 71, N/A, 168.33, 100|2, 58, N/A, 35.80, 0|3, 59, N/A, 31.41, 0|
15:31:10 0, 75, N/A, 46.88, 0|1, 73, N/A, 199.96, 100|2, 58, N/A, 35.77, 0|3, 60, N/A, 31.39, 0|
15:31:13 0, 79, N/A, 152.28, 100|1, 68, N/A, 53.96, 0|2, 59, N/A, 35.82, 0|3, 59, N/A, 31.43, 0|
15:31:15 0, 77, N/A, 48.37, 0|1, 70, N/A, 195.64, 100|2, 58, N/A, 35.80, 0|3, 59, N/A, 31.41, 0|
15:31:17 0, 79, N/A, 140.24, 100|1, 72, N/A, 156.97, 100|2, 58, N/A, 35.75, 0|3, 59, N/A, 31.62, 0|
15:31:19 0, 78, N/A, 53.68, 67|1, 69, N/A, 194.89, 17|2, 58, N/A, 35.80, 0|3, 59, N/A, 31.41, 0|
15:31:21 0, 79, N/A, 104.99, 100|1, 72, N/A, 162.78, 100|2, 58, N/A, 35.78, 0|3, 59, N/A, 31.39, 0|
15:31:23 0, 79, N/A, 116.29, 100|1, 68, N/A, 53.52, 0|2, 58, N/A, 35.60, 0|3, 59, N/A, 31.45, 0|
15:31:25 0, 79, N/A, 148.39, 100|1, 72, N/A, 175.85, 100|2, 58, N/A, 35.73, 0|3, 60, N/A, 31.59, 0|
15:31:27 0, 79, N/A, 124.52, 100|1, 69, N/A, 54.45, 0|2, 58, N/A, 35.82, 0|3, 60, N/A, 31.43, 0|
15:31:29 0, 77, N/A, 51.01, 0|1, 72, N/A, 205.87, 100|2, 58, N/A, 35.79, 0|3, 59, N/A, 31.66, 0|
15:31:31 0, 76, N/A, 46.88, 0|1, 72, N/A, 198.88, 60|2, 58, N/A, 35.77, 0|3, 60, N/A, 31.66, 0|
15:31:33 0, 79, N/A, 143.42, 100|1, 68, N/A, 53.96, 0|2, 58, N/A, 35.82, 0|3, 60, N/A, 31.68, 0|
15:31:36 0, 77, N/A, 48.85, 0|1, 70, N/A, 180.55, 100|2, 58, N/A, 35.80, 0|3, 60, N/A, 31.41, 0|
15:31:38 0, 79, N/A, 136.66, 100|1, 73, N/A, 200.65, 100|2, 58, N/A, 35.71, 0|3, 60, N/A, 31.35, 0|
15:31:40 0, 79, N/A, 121.55, 100|1, 68, N/A, 53.72, 0|2, 58, N/A, 35.82, 0|3, 59, N/A, 31.43, 0|
15:31:42 0, 80, N/A, 159.30, 100|1, 72, N/A, 190.88, 100|2, 58, N/A, 35.68, 0|3, 59, N/A, 31.55, 0|
15:31:44 0, 79, N/A, 118.30, 100|1, 68, N/A, 54.25, 0|2, 58, N/A, 35.60, 0|3, 60, N/A, 31.72, 0|
15:31:46 0, 79, N/A, 195.44, 100|1, 73, N/A, 184.01, 100|2, 58, N/A, 35.68, 0|3, 59, N/A, 31.57, 0|
15:31:48 0, 79, N/A, 125.27, 100|1, 70, N/A, 55.22, 0|2, 58, N/A, 35.60, 0|3, 60, N/A, 31.45, 0|
15:31:50 0, 77, N/A, 47.61, 0|1, 72, N/A, 198.88, 100|2, 58, N/A, 35.80, 0|3, 59, N/A, 31.41, 0|
15:31:52 0, 76, N/A, 47.12, 0|1, 74, N/A, 200.81, 100|2, 58, N/A, 35.79, 0|3, 59, N/A, 31.66, 0|
15:31:54 0, 79, N/A, 143.17, 100|1, 69, N/A, 54.70, 0|2, 58, N/A, 35.58, 0|3, 60, N/A, 31.68, 0|
15:31:57 0, 77, N/A, 53.65, 0|1, 71, N/A, 199.71, 100|2, 58, N/A, 35.53, 0|3, 59, N/A, 31.64, 0|
15:31:59 0, 79, N/A, 104.36, 100|1, 73, N/A, 199.93, 100|2, 58, N/A, 35.73, 0|3, 59, N/A, 31.59, 0|
15:32:01 0, 79, N/A, 123.31, 100|1, 68, N/A, 54.00, 0|2, 58, N/A, 35.60, 0|3, 60, N/A, 31.70, 0|
15:32:03 0, 80, N/A, 194.57, 100|1, 73, N/A, 200.49, 100|2, 58, N/A, 35.66, 0|3, 59, N/A, 31.53, 0|
15:32:05 0, 79, N/A, 145.76, 100|1, 69, N/A, 54.45, 0|2, 58, N/A, 35.60, 0|3, 59, N/A, 31.45, 0|
15:32:07 0, 76, N/A, 124.60, 0|1, 72, N/A, 197.49, 100|2, 58, N/A, 35.71, 0|3, 59, N/A, 31.33, 0|
15:32:09 0, 79, N/A, 110.13, 100|1, 71, N/A, 56.93, 87|2, 58, N/A, 35.62, 0|3, 60, N/A, 31.47, 0|
15:32:11 0, 77, N/A, 52.95, 0|1, 72, N/A, 198.88, 100|2, 58, N/A, 35.80, 0|3, 59, N/A, 31.41, 0|
15:32:13 0, 76, N/A, 51.74, 0|1, 74, N/A, 186.11, 100|2, 58, N/A, 35.80, 0|3, 59, N/A, 31.43, 0|
15:32:15 0, 79, N/A, 140.86, 100|1, 70, N/A, 55.18, 4|2, 58, N/A, 35.60, 0|3, 60, N/A, 31.45, 0|
15:32:18 0, 79, N/A, 56.84, 100|1, 68, N/A, 200.31, 0|2, 58, N/A, 35.80, 0|3, 60, N/A, 31.68, 0|
15:32:20 0, 80, N/A, 170.27, 100|1, 73, N/A, 186.57, 100|2, 58, N/A, 35.70, 0|3, 60, N/A, 31.57, 0|
15:32:22 0, 79, N/A, 119.69, 100|1, 69, N/A, 54.73, 0|2, 58, N/A, 35.84, 0|3, 60, N/A, 31.70, 0|
15:32:24 0, 78, N/A, 167.63, 89|1, 74, N/A, 201.10, 100|2, 58, N/A, 35.68, 0|3, 60, N/A, 31.55, 0|
15:32:26 0, 79, N/A, 127.35, 100|1, 71, N/A, 56.16, 0|2, 58, N/A, 35.58, 0|3, 60, N/A, 31.43, 0|
15:32:28 0, 77, N/A, 47.60, 0|1, 72, N/A, 195.60, 100|2, 58, N/A, 35.80, 0|3, 59, N/A, 31.41, 0|
15:32:30 0, 79, N/A, 107.03, 100|1, 73, N/A, 209.16, 100|2, 58, N/A, 35.73, 0|3, 59, N/A, 31.61, 0|
15:32:32 0, 79, N/A, 56.84, 100|1, 69, N/A, 180.51, 16|2, 58, N/A, 35.80, 0|3, 60, N/A, 31.66, 0|
15:32:34 0, 76, N/A, 52.46, 0|1, 73, N/A, 198.39, 100|2, 58, N/A, 35.80, 0|3, 60, N/A, 31.41, 0|
15:32:36 0, 80, N/A, 203.37, 100|1, 74, N/A, 164.76, 100|2, 58, N/A, 35.71, 0|3, 60, N/A, 31.60, 0|
15:32:38 0, 79, N/A, 128.90, 100|1, 68, N/A, 53.76, 0|2, 58, N/A, 35.60, 0|3, 60, N/A, 31.70, 0|
15:32:41 0, 78, N/A, 172.34, 64|1, 73, N/A, 199.54, 100|2, 58, N/A, 35.68, 0|3, 60, N/A, 31.56, 0|
15:32:43 0, 79, N/A, 140.27, 100|1, 71, N/A, 56.40, 0|2, 58, N/A, 35.34, 0|3, 59, N/A, 31.44, 0|
15:32:45 0, 77, N/A, 47.85, 0|1, 73, N/A, 208.39, 100|2, 58, N/A, 35.80, 0|3, 60, N/A, 31.66, 0|
15:32:47 0, 79, N/A, 112.36, 100|1, 74, N/A, 204.14, 100|2, 58, N/A, 35.73, 0|3, 59, N/A, 31.62, 0|
15:32:49 0, 79, N/A, 104.13, 100|1, 69, N/A, 54.53, 0|2, 58, N/A, 35.87, 0|3, 60, N/A, 31.48, 0|
15:32:51 0, 79, N/A, 147.21, 100|1, 75, N/A, 209.87, 100|2, 58, N/A, 35.71, 0|3, 60, N/A, 31.33, 0|
15:32:53 0, 79, N/A, 135.99, 100|1, 70, N/A, 55.63, 0|2, 58, N/A, 35.58, 0|3, 60, N/A, 31.68, 0|
15:32:55 0, 77, N/A, 52.44, 0|1, 74, N/A, 201.64, 100|2, 58, N/A, 35.77, 0|3, 60, N/A, 31.64, 0|
15:32:57 0, 76, N/A, 51.95, 0|1, 75, N/A, 202.84, 100|2, 58, N/A, 35.77, 0|3, 60, N/A, 31.64, 0|
15:32:59 0, 79, N/A, 132.86, 100|1, 70, N/A, 55.46, 0|2, 58, N/A, 35.60, 0|3, 60, N/A, 31.70, 0|
15:33:01 0, 78, N/A, 52.50, 78|1, 70, N/A, 164.69, 0|2, 58, N/A, 35.58, 0|3, 60, N/A, 31.68, 0|
15:33:04 0, 80, N/A, 146.32, 100|1, 74, N/A, 193.92, 100|2, 58, N/A, 35.68, 0|3, 60, N/A, 31.55, 0|
15:33:06 0, 79, N/A, 111.81, 100|1, 70, N/A, 55.22, 0|2, 58, N/A, 35.60, 0|3, 60, N/A, 31.72, 0|
15:33:08 0, 77, N/A, 52.50, 0|1, 74, N/A, 169.16, 100|2, 58, N/A, 35.82, 0|3, 60, N/A, 31.68, 0|
15:33:10 0, 79, N/A, 112.72, 100|1, 74, N/A, 59.35, 100|2, 58, N/A, 35.60, 0|3, 60, N/A, 31.70, 0|
15:33:12 0, 78, N/A, 48.58, 0|1, 73, N/A, 192.01, 100|2, 58, N/A, 35.53, 0|3, 60, N/A, 31.66, 0|
15:33:14 0, 80, N/A, 101.77, 100|1, 75, N/A, 207.38, 100|2, 58, N/A, 35.75, 0|3, 60, N/A, 31.62, 0|
15:33:16 0, 79, N/A, 106.72, 100|1, 70, N/A, 55.46, 0|2, 58, N/A, 35.60, 0|3, 60, N/A, 31.70, 0|
15:33:18 0, 76, N/A, 47.39, 0|1, 74, N/A, 199.47, 100|2, 58, N/A, 35.53, 0|3, 60, N/A, 31.64, 0|
15:33:20 0, 75, N/A, 46.76, 0|1, 73, N/A, 109.65, 75|2, 58, N/A, 35.60, 0|3, 60, N/A, 31.45, 0|
15:33:22 0, 79, N/A, 143.45, 100|1, 70, N/A, 55.18, 0|2, 58, N/A, 35.60, 0|3, 60, N/A, 31.70, 0|
15:33:24 0, 77, N/A, 53.68, 0|1, 71, N/A, 189.35, 100|2, 58, N/A, 35.55, 0|3, 60, N/A, 31.66, 0|
15:33:27 0, 79, N/A, 109.04, 100|1, 74, N/A, 202.09, 100|2, 58, N/A, 35.75, 0|3, 60, N/A, 31.59, 0|
15:33:29 0, 79, N/A, 102.42, 100|1, 70, N/A, 54.94, 0|2, 58, N/A, 35.60, 0|3, 60, N/A, 31.70, 0|
15:33:31 0, 78, N/A, 191.46, 100|1, 74, N/A, 201.19, 100|2, 58, N/A, 35.66, 0|3, 60, N/A, 31.53, 0|
15:33:33 0, 79, N/A, 128.25, 100|1, 71, N/A, 56.86, 0|2, 58, N/A, 35.58, 0|3, 60, N/A, 31.68, 0|
15:33:35 0, 77, N/A, 47.85, 0|1, 73, N/A, 201.05, 100|2, 58, N/A, 35.53, 0|3, 60, N/A, 31.66, 0|
15:33:37 0, 79, N/A, 136.75, 100|1, 74, N/A, 202.68, 100|2, 58, N/A, 35.71, 0|3, 59, N/A, 31.58, 0|
15:33:39 0, 79, N/A, 130.77, 100|1, 69, N/A, 54.45, 0|2, 58, N/A, 35.60, 0|3, 60, N/A, 31.70, 0|
15:33:41 0, 76, N/A, 47.15, 0|1, 74, N/A, 176.09, 100|2, 58, N/A, 35.55, 0|3, 60, N/A, 31.66, 0|
15:33:43 0, 79, N/A, 171.82, 100|1, 75, N/A, 196.90, 100|2, 58, N/A, 35.68, 0|3, 60, N/A, 31.55, 0|
15:33:45 0, 79, N/A, 126.88, 100|1, 69, N/A, 54.94, 0|2, 58, N/A, 35.60, 0|3, 60, N/A, 31.70, 0|
15:33:47 0, 76, N/A, 53.41, 0|1, 73, N/A, 194.31, 100|2, 58, N/A, 35.77, 0|3, 60, N/A, 31.64, 0|
15:33:50 0, 79, N/A, 117.12, 100|1, 73, N/A, 187.89, 100|2, 58, N/A, 35.73, 0|3, 60, N/A, 31.59, 0|
15:33:52 0, 78, N/A, 51.53, 81|1, 70, N/A, 166.01, 0|2, 58, N/A, 35.55, 0|3, 60, N/A, 31.66, 0|
15:33:54 0, 80, N/A, 166.67, 100|1, 73, N/A, 198.45, 100|2, 58, N/A, 35.68, 0|3, 60, N/A, 31.55, 0|
15:33:56 0, 79, N/A, 120.65, 100|1, 69, N/A, 54.98, 0|2, 58, N/A, 35.36, 0|3, 60, N/A, 31.70, 0|
15:33:58 0, 77, N/A, 139.98, 41|1, 73, N/A, 206.28, 100|2, 58, N/A, 35.71, 0|3, 60, N/A, 31.58, 0|
15:34:00 0, 79, N/A, 103.88, 100|1, 73, N/A, 58.39, 30|2, 58, N/A, 35.38, 0|3, 60, N/A, 31.48, 0|
15:34:02 0, 78, N/A, 48.58, 0|1, 71, N/A, 196.35, 78|2, 58, N/A, 35.55, 0|3, 60, N/A, 31.66, 0|
15:34:04 0, 76, N/A, 47.15, 0|1, 74, N/A, 194.68, 100|2, 58, N/A, 35.31, 0|3, 60, N/A, 31.66, 0|
15:34:06 0, 80, N/A, 201.43, 100|1, 75, N/A, 204.09, 100|2, 58, N/A, 35.66, 0|3, 60, N/A, 31.53, 0|
15:34:08 0, 79, N/A, 137.20, 100|1, 70, N/A, 54.90, 0|2, 58, N/A, 35.33, 0|3, 60, N/A, 31.41, 0|
15:34:10 0, 77, N/A, 52.22, 0|1, 74, N/A, 182.95, 100|2, 58, N/A, 35.80, 0|3, 60, N/A, 31.68, 0|
15:34:12 0, 79, N/A, 134.97, 100|1, 75, N/A, 200.28, 100|2, 58, N/A, 35.70, 0|3, 60, N/A, 31.57, 0|
15:34:15 0, 77, N/A, 48.82, 23|1, 72, N/A, 200.07, 100|2, 58, N/A, 35.53, 0|3, 60, N/A, 31.64, 0|
15:34:17 0, 79, N/A, 138.59, 100|1, 74, N/A, 202.66, 100|2, 58, N/A, 35.46, 0|3, 60, N/A, 31.57, 0|
15:34:19 0, 79, N/A, 126.17, 100|1, 69, N/A, 54.73, 0|2, 58, N/A, 35.36, 0|3, 60, N/A, 31.70, 0|
15:34:21 0, 78, N/A, 180.75, 69|1, 73, N/A, 200.62, 100|2, 58, N/A, 35.68, 0|3, 60, N/A, 31.55, 0|
15:34:23 0, 79, N/A, 137.20, 100|1, 72, N/A, 57.37, 28|2, 58, N/A, 35.36, 0|3, 60, N/A, 31.70, 0|
15:34:25 0, 77, N/A, 52.98, 0|1, 72, N/A, 195.42, 100|2, 58, N/A, 35.29, 0|3, 60, N/A, 31.66, 0|
15:34:27 0, 76, N/A, 51.74, 0|1, 74, N/A, 180.15, 100|2, 58, N/A, 35.31, 0|3, 60, N/A, 31.64, 0|
15:34:29 0, 79, N/A, 135.27, 100|1, 73, N/A, 57.82, 0|2, 58, N/A, 35.33, 0|3, 60, N/A, 31.68, 0|
15:34:31 0, 79, N/A, 125.44, 100|1, 69, N/A, 54.45, 0|2, 58, N/A, 35.36, 0|3, 60, N/A, 31.70, 0|
15:34:33 0, 77, N/A, 142.47, 5|1, 73, N/A, 180.66, 100|2, 58, N/A, 35.48, 0|3, 60, N/A, 31.60, 0|
15:34:36 0, 79, N/A, 119.21, 100|1, 72, N/A, 58.11, 91|2, 58, N/A, 35.36, 0|3, 60, N/A, 31.70, 0|
15:34:38 0, 77, N/A, 48.37, 0|1, 72, N/A, 194.87, 100|2, 58, N/A, 35.29, 0|3, 60, N/A, 31.66, 0|
15:34:40 0, 80, N/A, 165.33, 100|1, 74, N/A, 175.37, 100|2, 58, N/A, 35.46, 0|3, 60, N/A, 31.58, 0|
15:34:42 0, 79, N/A, 127.37, 100|1, 69, N/A, 54.70, 0|2, 58, N/A, 35.36, 0|3, 60, N/A, 31.68, 0|
15:34:44 0, 78, N/A, 181.85, 100|1, 74, N/A, 202.17, 100|2, 58, N/A, 35.44, 0|3, 60, N/A, 31.55, 0|
15:34:46 0, 79, N/A, 109.40, 100|1, 72, N/A, 57.41, 0|2, 58, N/A, 35.62, 0|3, 60, N/A, 31.72, 0|
15:34:48 0, 77, N/A, 48.09, 0|1, 72, N/A, 209.36, 100|2, 58, N/A, 35.31, 0|3, 60, N/A, 31.66, 0|
15:34:50 0, 76, N/A, 46.91, 0|1, 74, N/A, 171.95, 100|2, 58, N/A, 35.55, 0|3, 60, N/A, 31.66, 0|
15:34:52 0, 79, N/A, 165.45, 100|1, 73, N/A, 59.00, 100|2, 58, N/A, 35.55, 0|3, 60, N/A, 31.66, 0|
15:34:54 0, 79, N/A, 127.85, 100|1, 69, N/A, 54.45, 0|2, 58, N/A, 35.33, 0|3, 60, N/A, 31.68, 0|
15:34:56 0, 76, N/A, 47.12, 0|1, 72, N/A, 209.68, 100|2, 58, N/A, 35.53, 0|3, 60, N/A, 31.64, 0|
15:34:58 0, 78, N/A, 135.69, 100|1, 74, N/A, 190.89, 100|2, 58, N/A, 35.48, 0|3, 60, N/A, 31.59, 0|
15:35:01 0, 77, N/A, 53.88, 0|1, 70, N/A, 197.42, 92|2, 58, N/A, 35.53, 0|3, 60, N/A, 31.64, 0|
15:35:03 0, 79, N/A, 160.73, 100|1, 72, N/A, 184.52, 100|2, 58, N/A, 35.44, 0|3, 60, N/A, 31.57, 0|
15:35:05 0, 79, N/A, 136.25, 100|1, 68, N/A, 53.97, 0|2, 58, N/A, 35.60, 0|3, 60, N/A, 31.68, 0|
15:35:07 0, 76, N/A, 134.34, 3|1, 71, N/A, 172.27, 100|2, 58, N/A, 35.48, 0|3, 60, N/A, 31.57, 0|
15:35:09 0, 78, N/A, 114.60, 100|1, 72, N/A, 65.85, 100|2, 58, N/A, 35.36, 0|3, 60, N/A, 31.70, 0|
15:35:11 0, 77, N/A, 48.09, 0|1, 71, N/A, 186.59, 100|2, 58, N/A, 35.53, 0|3, 60, N/A, 31.66, 0|
15:35:13 0, 75, N/A, 46.63, 0|1, 73, N/A, 202.36, 100|2, 58, N/A, 35.29, 0|3, 60, N/A, 31.64, 0|
15:35:15 0, 79, N/A, 196.99, 100|1, 73, N/A, 202.39, 100|2, 58, N/A, 35.41, 0|3, 60, N/A, 31.53, 0|
15:35:17 0, 79, N/A, 152.54, 100|1, 67, N/A, 53.24, 0|2, 58, N/A, 35.33, 0|3, 60, N/A, 31.68, 0|
15:35:19 0, 76, N/A, 48.37, 0|1, 71, N/A, 175.92, 100|2, 58, N/A, 35.33, 0|3, 60, N/A, 31.68, 0|
15:35:21 0, 79, N/A, 141.25, 100|1, 73, N/A, 197.77, 100|2, 58, N/A, 35.48, 0|3, 60, N/A, 31.62, 0|
15:35:24 0, 78, N/A, 53.44, 0|1, 70, N/A, 198.04, 78|2, 58, N/A, 35.31, 0|3, 60, N/A, 31.66, 0|
15:35:26 0, 80, N/A, 188.73, 100|1, 72, N/A, 171.01, 100|2, 58, N/A, 35.46, 0|3, 60, N/A, 31.58, 0|
15:35:28 0, 79, N/A, 135.29, 100|1, 69, N/A, 54.49, 0|2, 58, N/A, 35.36, 0|3, 60, N/A, 31.70, 0|
15:35:30 0, 77, N/A, 47.37, 0|1, 73, N/A, 197.20, 100|2, 58, N/A, 35.55, 0|3, 60, N/A, 31.66, 0|
15:35:32 0, 79, N/A, 127.66, 100|1, 74, N/A, 201.72, 100|2, 58, N/A, 35.46, 0|3, 60, N/A, 31.57, 0|
15:35:34 0, 79, N/A, 127.05, 100|1, 69, N/A, 54.21, 0|2, 58, N/A, 35.36, 0|3, 60, N/A, 31.68, 0|
15:35:36 0, 76, N/A, 47.12, 0|1, 74, N/A, 201.29, 100|2, 58, N/A, 35.31, 0|3, 60, N/A, 31.66, 0|
15:35:38 0, 79, N/A, 171.35, 100|1, 74, N/A, 190.18, 100|2, 58, N/A, 35.44, 0|3, 60, N/A, 31.55, 0|
15:35:40 0, 79, N/A, 136.08, 100|1, 70, N/A, 54.98, 0|2, 58, N/A, 35.36, 0|3, 60, N/A, 31.70, 0|
15:35:42 0, 77, N/A, 48.12, 0|1, 72, N/A, 181.38, 100|2, 58, N/A, 35.58, 0|3, 60, N/A, 31.68, 0|
15:35:44 0, 79, N/A, 95.37, 100|1, 74, N/A, 193.68, 100|2, 58, N/A, 35.26, 0|3, 60, N/A, 31.62, 0|
15:35:47 0, 79, N/A, 136.42, 100|1, 70, N/A, 55.18, 0|2, 58, N/A, 35.60, 0|3, 60, N/A, 31.70, 0|
15:35:49 0, 77, N/A, 47.61, 0|1, 74, N/A, 200.33, 100|2, 58, N/A, 35.55, 0|3, 60, N/A, 31.66, 0|
15:35:51 0, 79, N/A, 119.28, 100|1, 75, N/A, 185.95, 100|2, 58, N/A, 35.51, 0|3, 60, N/A, 31.62, 0|
15:35:53 0, 79, N/A, 109.39, 100|1, 70, N/A, 54.73, 0|2, 58, N/A, 35.38, 0|3, 60, N/A, 31.72, 0|
15:35:55 0, 79, N/A, 140.06, 100|1, 75, N/A, 188.73, 100|2, 58, N/A, 35.48, 0|3, 60, N/A, 31.59, 0|
15:35:57 0, 79, N/A, 108.42, 100|1, 73, N/A, 58.14, 35|2, 58, N/A, 35.36, 0|3, 60, N/A, 31.70, 0|
15:35:59 0, 78, N/A, 54.37, 50|1, 73, N/A, 200.20, 100|2, 58, N/A, 35.29, 0|3, 60, N/A, 31.64, 0|
15:36:01 0, 76, N/A, 52.95, 0|1, 74, N/A, 172.67, 100|2, 58, N/A, 35.55, 0|3, 60, N/A, 31.66, 0|
15:36:03 0, 79, N/A, 182.57, 100|1, 76, N/A, 204.79, 100|2, 58, N/A, 35.41, 0|3, 60, N/A, 31.78, 0|
15:36:05 0, 79, N/A, 120.17, 100|1, 70, N/A, 55.22, 0|2, 58, N/A, 35.60, 0|3, 60, N/A, 31.70, 0|
15:36:07 0, 77, N/A, 47.64, 0|1, 74, N/A, 201.04, 100|2, 58, N/A, 35.55, 0|3, 60, N/A, 31.66, 0|
15:36:10 0, 79, N/A, 125.24, 100|1, 75, N/A, 203.05, 100|2, 58, N/A, 35.48, 0|3, 60, N/A, 31.59, 0|
15:36:12 0, 79, N/A, 139.78, 100|1, 70, N/A, 55.18, 0|2, 58, N/A, 35.58, 0|3, 60, N/A, 31.68, 0|
15:36:14 0, 79, N/A, 156.51, 100|1, 75, N/A, 203.26, 100|2, 58, N/A, 35.46, 0|3, 60, N/A, 31.57, 0|
15:36:16 0, 79, N/A, 122.85, 100|1, 73, N/A, 58.11, 13|2, 58, N/A, 35.60, 0|3, 60, N/A, 31.70, 0|
15:36:18 0, 77, N/A, 48.34, 0|1, 73, N/A, 185.03, 100|2, 58, N/A, 35.31, 0|3, 60, N/A, 31.68, 0|
15:36:20 0, 79, N/A, 122.53, 100|1, 75, N/A, 203.16, 100|2, 58, N/A, 35.48, 0|3, 60, N/A, 31.59, 0|
15:36:22 0, 79, N/A, 136.24, 100|1, 71, N/A, 55.91, 0|2, 58, N/A, 35.33, 0|3, 60, N/A, 31.70, 0|
15:36:24 0, 76, N/A, 47.64, 0|1, 74, N/A, 175.20, 100|2, 58, N/A, 35.58, 0|3, 60, N/A, 31.66, 0|
15:36:26 0, 76, N/A, 46.91, 0|1, 75, N/A, 178.46, 100|2, 58, N/A, 35.33, 0|3, 60, N/A, 31.68, 0|
15:36:28 0, 80, N/A, 141.46, 100|1, 73, N/A, 57.58, 0|2, 58, N/A, 35.33, 0|3, 60, N/A, 31.66, 0|
15:36:30 0, 79, N/A, 162.41, 100|1, 70, N/A, 53.93, 0|2, 58, N/A, 35.58, 0|3, 60, N/A, 31.68, 0|
15:36:33 0, 78, N/A, 175.21, 100|1, 75, N/A, 203.85, 100|2, 58, N/A, 35.44, 0|3, 60, N/A, 31.55, 0|
15:36:35 0, 79, N/A, 131.24, 100|1, 74, N/A, 57.86, 28|2, 58, N/A, 35.58, 0|3, 60, N/A, 31.68, 0|
15:36:37 0, 77, N/A, 48.33, 0|1, 73, N/A, 196.48, 100|2, 58, N/A, 35.53, 0|3, 60, N/A, 31.66, 0|
15:36:39 0, 80, N/A, 146.95, 100|1, 75, N/A, 196.43, 100|2, 58, N/A, 35.46, 0|3, 60, N/A, 31.57, 0|
15:36:41 0, 79, N/A, 140.44, 100|1, 71, N/A, 56.13, 0|2, 58, N/A, 35.33, 0|3, 60, N/A, 31.68, 0|
15:36:43 0, 77, N/A, 51.25, 0|1, 75, N/A, 201.88, 100|2, 58, N/A, 35.29, 0|3, 60, N/A, 31.64, 0|
15:36:45 0, 79, N/A, 115.02, 100|1, 75, N/A, 173.16, 100|2, 58, N/A, 35.26, 0|3, 60, N/A, 31.60, 0|
15:36:47 0, 79, N/A, 113.29, 100|1, 70, N/A, 54.50, 0|2, 58, N/A, 35.38, 0|3, 60, N/A, 31.72, 0|
15:36:49 0, 76, N/A, 47.18, 0|1, 75, N/A, 168.47, 100|2, 58, N/A, 35.33, 0|3, 60, N/A, 31.68, 0|
15:36:51 0, 76, N/A, 122.35, 0|1, 76, N/A, 204.63, 57|2, 58, N/A, 35.46, 0|3, 60, N/A, 31.57, 0|
15:36:53 0, 79, N/A, 138.92, 100|1, 72, N/A, 56.65, 0|2, 58, N/A, 35.60, 0|3, 60, N/A, 31.70, 0|
15:36:56 0, 78, N/A, 53.48, 75|1, 72, N/A, 179.93, 0|2, 58, N/A, 35.58, 0|3, 60, N/A, 31.66, 0|
15:36:58 0, 80, N/A, 148.28, 100|1, 76, N/A, 172.81, 100|2, 58, N/A, 35.51, 0|3, 60, N/A, 31.62, 0|
15:37:00 0, 79, N/A, 112.32, 100|1, 72, N/A, 57.17, 0|2, 58, N/A, 35.62, 0|3, 60, N/A, 31.72, 0|
15:37:02 0, 77, N/A, 48.33, 0|1, 75, N/A, 201.04, 100|2, 58, N/A, 35.53, 0|3, 60, N/A, 31.66, 0|
15:37:04 0, 79, N/A, 105.95, 100|1, 76, N/A, 168.59, 100|2, 58, N/A, 35.26, 0|3, 60, N/A, 31.86, 0|
15:37:06 0, 79, N/A, 125.48, 100|1, 72, N/A, 56.16, 0|2, 58, N/A, 35.60, 0|3, 60, N/A, 31.70, 0|
15:37:08 0, 76, N/A, 52.22, 0|1, 75, N/A, 202.50, 100|2, 58, N/A, 35.53, 0|3, 60, N/A, 31.64, 0|
15:37:10 0, 79, N/A, 126.79, 100|1, 76, N/A, 172.92, 100|2, 58, N/A, 35.51, 0|3, 60, N/A, 31.62, 0|
15:37:12 0, 79, N/A, 123.33, 100|1, 71, N/A, 54.73, 0|2, 58, N/A, 35.60, 0|3, 60, N/A, 31.70, 0|
15:37:14 0, 76, N/A, 52.74, 0|1, 75, N/A, 169.41, 100|2, 58, N/A, 35.31, 0|3, 60, N/A, 31.68, 0|
15:37:16 0, 76, N/A, 130.48, 26|1, 77, N/A, 203.40, 100|2, 58, N/A, 35.48, 0|3, 60, N/A, 31.59, 0|
15:37:18 0, 79, N/A, 117.51, 100|1, 72, N/A, 56.40, 0|2, 58, N/A, 35.36, 0|3, 60, N/A, 31.70, 0|
15:37:21 0, 78, N/A, 48.88, 100|1, 71, N/A, 138.03, 0|2, 58, N/A, 35.55, 0|3, 60, N/A, 31.68, 0|
15:37:23 0, 80, N/A, 200.95, 100|1, 75, N/A, 204.19, 100|2, 58, N/A, 35.41, 0|3, 60, N/A, 31.53, 0|
15:37:25 0, 79, N/A, 134.79, 100|1, 71, N/A, 56.64, 0|2, 58, N/A, 35.35, 0|3, 60, N/A, 31.68, 0|
15:37:27 0, 76, N/A, 47.39, 0|1, 74, N/A, 173.99, 100|2, 58, N/A, 35.33, 0|3, 60, N/A, 31.68, 0|
15:37:29 0, 79, N/A, 130.81, 100|1, 75, N/A, 184.99, 100|2, 58, N/A, 35.24, 0|3, 60, N/A, 31.59, 0|
15:37:31 0, 79, N/A, 129.30, 100|1, 71, N/A, 54.45, 0|2, 58, N/A, 35.58, 0|3, 60, N/A, 31.70, 0|
15:37:33 0, 78, N/A, 152.41, 59|1, 75, N/A, 203.30, 100|2, 58, N/A, 35.44, 0|3, 60, N/A, 31.56, 0|
15:37:35 0, 80, N/A, 132.93, 100|1, 76, N/A, 82.75, 91|2, 58, N/A, 35.58, 0|3, 60, N/A, 31.70, 0|
15:37:37 0, 78, N/A, 48.64, 90|1, 72, N/A, 153.25, 16|2, 58, N/A, 35.33, 0|3, 60, N/A, 31.66, 0|
15:37:39 0, 76, N/A, 47.12, 0|1, 76, N/A, 203.67, 100|2, 58, N/A, 35.29, 0|3, 60, N/A, 31.66, 0|
15:37:42 0, 79, N/A, 194.08, 100|1, 77, N/A, 202.75, 100|2, 58, N/A, 35.41, 0|3, 60, N/A, 31.53, 0|
15:37:44 0, 79, N/A, 127.85, 100|1, 71, N/A, 56.16, 0|2, 58, N/A, 35.60, 0|3, 60, N/A, 31.70, 0|
15:37:46 0, 77, N/A, 51.73, 0|1, 73, N/A, 199.85, 100|2, 58, N/A, 35.55, 0|3, 60, N/A, 31.66, 0|
15:37:48 0, 80, N/A, 162.29, 100|1, 75, N/A, 175.13, 100|2, 58, N/A, 35.48, 0|3, 60, N/A, 31.58, 0|
15:37:50 0, 79, N/A, 147.44, 100|1, 71, N/A, 56.64, 0|2, 58, N/A, 35.58, 0|3, 60, N/A, 31.70, 0|
15:37:52 0, 77, N/A, 47.39, 0|1, 74, N/A, 175.59, 100|2, 58, N/A, 35.58, 0|3, 60, N/A, 31.92, 0|
15:37:54 0, 79, N/A, 128.31, 100|1, 76, N/A, 203.77, 100|2, 58, N/A, 35.46, 0|3, 60, N/A, 31.59, 0|
15:37:56 0, 79, N/A, 133.34, 100|1, 71, N/A, 54.25, 0|2, 58, N/A, 35.36, 0|3, 60, N/A, 31.70, 0|
15:37:58 0, 78, N/A, 170.39, 59|1, 75, N/A, 204.22, 100|2, 58, N/A, 35.44, 0|3, 60, N/A, 31.55, 0|
15:38:00 0, 79, N/A, 108.48, 100|1, 76, N/A, 169.18, 100|2, 58, N/A, 35.53, 0|3, 60, N/A, 31.66, 0|
15:38:02 0, 79, N/A, 108.42, 100|1, 71, N/A, 54.73, 0|2, 58, N/A, 35.60, 0|3, 60, N/A, 31.70, 0|
15:38:05 0, 76, N/A, 47.12, 0|1, 76, N/A, 198.88, 100|2, 58, N/A, 35.55, 0|3, 60, N/A, 31.68, 0|
15:38:07 0, 75, N/A, 46.63, 0|1, 77, N/A, 206.45, 59|2, 58, N/A, 35.29, 0|3, 60, N/A, 31.88, 0|
15:38:09 0, 79, N/A, 153.42, 100|1, 72, N/A, 56.88, 0|2, 58, N/A, 35.60, 0|3, 60, N/A, 31.70, 0|
15:38:11 0, 79, N/A, 74.11, 100|1, 71, N/A, 129.98, 0|2, 58, N/A, 35.34, 0|3, 60, N/A, 31.70, 0|
15:38:13 0, 79, N/A, 177.87, 100|1, 76, N/A, 204.22, 100|2, 58, N/A, 35.44, 0|3, 60, N/A, 31.55, 0|
15:38:15 0, 79, N/A, 125.67, 100|1, 73, N/A, 57.87, 0|2, 58, N/A, 35.36, 0|3, 60, N/A, 31.70, 0|
15:38:17 0, 77, N/A, 48.37, 0|1, 75, N/A, 176.16, 100|2, 58, N/A, 35.56, 0|3, 60, N/A, 31.66, 0|
15:38:19 0, 79, N/A, 121.21, 100|1, 77, N/A, 206.42, 100|2, 58, N/A, 35.49, 0|3, 60, N/A, 31.60, 0|
15:38:21 0, 79, N/A, 106.98, 100|1, 73, N/A, 57.42, 0|2, 58, N/A, 35.38, 0|3, 60, N/A, 31.72, 0|
15:38:23 0, 77, N/A, 53.43, 0|1, 76, N/A, 203.70, 100|2, 58, N/A, 35.55, 0|3, 60, N/A, 31.66, 0|
15:38:25 0, 79, N/A, 93.74, 100|1, 77, N/A, 178.25, 100|2, 58, N/A, 35.53, 0|3, 60, N/A, 31.64, 0|
15:38:28 0, 79, N/A, 98.11, 100|1, 73, N/A, 57.69, 0|2, 58, N/A, 35.38, 0|3, 60, N/A, 31.72, 0|
15:38:30 0, 77, N/A, 48.37, 0|1, 75, N/A, 170.49, 100|2, 58, N/A, 35.33, 0|3, 60, N/A, 31.92, 0|
15:38:32 0, 76, N/A, 47.42, 0|1, 77, N/A, 163.64, 100|2, 58, N/A, 35.58, 0|3, 60, N/A, 31.68, 0|
15:38:34 0, 79, N/A, 196.62, 100|1, 78, N/A, 208.78, 100|2, 58, N/A, 35.44, 0|3, 60, N/A, 31.80, 0|
15:38:36 0, 79, N/A, 108.67, 100|1, 73, N/A, 57.41, 0|2, 58, N/A, 35.62, 0|3, 60, N/A, 31.96, 0|
15:38:38 0, 78, N/A, 48.85, 19|1, 74, N/A, 190.10, 14|2, 58, N/A, 35.55, 0|3, 60, N/A, 31.66, 0|
15:38:40 0, 80, N/A, 150.32, 100|1, 78, N/A, 207.62, 100|2, 58, N/A, 35.46, 0|3, 60, N/A, 31.82, 0|
15:38:42 0, 79, N/A, 126.48, 100|1, 74, N/A, 58.84, 0|2, 58, N/A, 35.36, 0|3, 60, N/A, 31.94, 0|
15:38:44 0, 77, N/A, 48.13, 0|1, 76, N/A, 184.40, 100|2, 58, N/A, 35.55, 0|3, 60, N/A, 31.90, 0|
15:38:46 0, 79, N/A, 155.04, 100|1, 78, N/A, 207.04, 100|2, 58, N/A, 35.46, 0|3, 60, N/A, 31.82, 0|
15:38:48 0, 79, N/A, 115.56, 100|1, 74, N/A, 58.38, 0|2, 58, N/A, 35.60, 0|3, 60, N/A, 31.94, 0|
15:38:50 0, 77, N/A, 51.49, 0|1, 77, N/A, 179.33, 100|2, 58, N/A, 35.31, 0|3, 60, N/A, 31.90, 0|
15:38:53 0, 79, N/A, 99.36, 100|1, 78, N/A, 200.29, 100|2, 58, N/A, 35.51, 0|3, 60, N/A, 31.86, 0|
15:38:55 0, 79, N/A, 126.39, 100|1, 73, N/A, 57.87, 0|2, 58, N/A, 35.60, 0|3, 60, N/A, 31.94, 0|
15:38:57 0, 77, N/A, 47.64, 0|1, 76, N/A, 164.18, 100|2, 58, N/A, 35.57, 0|3, 60, N/A, 31.92, 0|
15:38:59 0, 76, N/A, 46.88, 0|1, 78, N/A, 211.26, 100|2, 58, N/A, 35.53, 0|3, 60, N/A, 31.66, 0|
15:39:01 0, 80, N/A, 154.34, 100|1, 79, N/A, 180.55, 100|2, 58, N/A, 35.46, 0|3, 60, N/A, 31.82, 0|
15:39:03 0, 79, N/A, 150.10, 100|1, 73, N/A, 57.37, 0|2, 58, N/A, 35.36, 0|3, 60, N/A, 31.70, 0|
15:39:05 0, 76, N/A, 50.07, 0|1, 77, N/A, 169.41, 100|2, 58, N/A, 35.55, 0|3, 60, N/A, 31.68, 0|
15:39:07 0, 79, N/A, 107.02, 100|1, 78, N/A, 205.22, 100|2, 58, N/A, 35.48, 0|3, 60, N/A, 31.59, 0|
15:39:09 0, 79, N/A, 118.23, 100|1, 74, N/A, 57.62, 0|2, 58, N/A, 35.36, 0|3, 60, N/A, 31.70, 0|
15:39:11 0, 76, N/A, 47.60, 0|1, 77, N/A, 201.77, 100|2, 58, N/A, 35.29, 0|3, 60, N/A, 31.88, 0|
15:39:13 0, 79, N/A, 118.80, 100|1, 79, N/A, 209.68, 100|2, 58, N/A, 35.48, 0|3, 60, N/A, 31.84, 0|
15:39:16 0, 79, N/A, 110.79, 100|1, 73, N/A, 57.65, 0|2, 58, N/A, 35.36, 0|3, 60, N/A, 31.70, 0|
15:39:18 0, 76, N/A, 47.88, 0|1, 77, N/A, 163.88, 100|2, 58, N/A, 35.55, 0|3, 60, N/A, 31.90, 0|
15:39:20 0, 79, N/A, 95.79, 100|1, 79, N/A, 204.39, 100|2, 58, N/A, 35.51, 0|3, 60, N/A, 31.86, 0|
15:39:22 0, 79, N/A, 117.09, 100|1, 74, N/A, 57.90, 0|2, 58, N/A, 35.36, 0|3, 60, N/A, 31.94, 0|
15:39:24 0, 77, N/A, 47.61, 0|1, 78, N/A, 200.31, 100|2, 58, N/A, 35.55, 0|3, 60, N/A, 31.92, 0|
15:39:26 0, 76, N/A, 46.94, 0|1, 79, N/A, 163.00, 100|2, 58, N/A, 35.58, 0|3, 60, N/A, 31.92, 0|
15:39:28 0, 79, N/A, 118.55, 100|1, 77, N/A, 58.14, 0|2, 58, N/A, 35.36, 0|3, 60, N/A, 31.96, 0|
15:39:30 0, 79, N/A, 118.54, 100|1, 74, N/A, 55.46, 0|2, 58, N/A, 35.36, 0|3, 60, N/A, 31.96, 0|
15:39:32 0, 77, N/A, 47.61, 0|1, 78, N/A, 206.25, 100|2, 58, N/A, 35.55, 0|3, 60, N/A, 31.90, 0|
15:39:34 0, 79, N/A, 118.08, 100|1, 80, N/A, 164.59, 100|2, 58, N/A, 35.49, 0|3, 61, N/A, 31.84, 0|
15:39:37 0, 79, N/A, 104.54, 100|1, 74, N/A, 56.69, 0|2, 58, N/A, 35.62, 0|3, 61, N/A, 31.96, 0|
15:39:39 0, 77, N/A, 47.60, 0|1, 78, N/A, 203.84, 100|2, 58, N/A, 35.53, 0|3, 60, N/A, 31.88, 0|
15:39:41 0, 79, N/A, 119.83, 100|1, 79, N/A, 183.56, 100|2, 58, N/A, 35.73, 0|3, 60, N/A, 31.84, 0|
15:39:43 0, 79, N/A, 124.46, 100|1, 74, N/A, 55.91, 0|2, 58, N/A, 35.58, 0|3, 60, N/A, 31.92, 0|
15:39:45 0, 76, N/A, 47.39, 0|1, 78, N/A, 177.74, 100|2, 58, N/A, 35.55, 0|3, 61, N/A, 31.90, 0|
15:39:47 0, 79, N/A, 107.75, 100|1, 79, N/A, 173.65, 100|2, 58, N/A, 35.51, 0|3, 60, N/A, 31.84, 0|
15:39:49 0, 78, N/A, 130.25, 100|1, 73, N/A, 57.86, 0|2, 58, N/A, 35.58, 0|3, 61, N/A, 31.92, 0|
15:39:51 0, 76, N/A, 47.39, 0|1, 78, N/A, 177.16, 100|2, 58, N/A, 35.55, 0|3, 60, N/A, 31.90, 0|
15:39:53 0, 75, N/A, 46.63, 0|1, 79, N/A, 207.45, 100|2, 58, N/A, 35.53, 0|3, 61, N/A, 31.90, 0|
15:39:55 0, 79, N/A, 116.52, 100|1, 75, N/A, 59.81, 6|2, 58, N/A, 35.60, 0|3, 61, N/A, 31.94, 0|
15:39:57 0, 79, N/A, 151.47, 100|1, 73, N/A, 57.59, 0|2, 58, N/A, 35.60, 0|3, 60, N/A, 31.94, 0|
15:40:00 0, 76, N/A, 52.44, 0|1, 77, N/A, 206.21, 100|2, 58, N/A, 35.51, 0|3, 61, N/A, 31.88, 0|
15:40:02 0, 79, N/A, 122.75, 100|1, 78, N/A, 204.96, 100|2, 58, N/A, 35.48, 0|3, 60, N/A, 31.84, 0|
15:40:04 0, 79, N/A, 120.65, 100|1, 73, N/A, 57.37, 0|2, 58, N/A, 35.60, 0|3, 60, N/A, 31.94, 0|
15:40:06 0, 78, N/A, 185.21, 93|1, 78, N/A, 206.01, 100|2, 58, N/A, 35.44, 0|3, 60, N/A, 31.80, 0|
15:40:08 0, 79, N/A, 141.26, 100|1, 79, N/A, 204.48, 100|2, 58, N/A, 35.46, 0|3, 60, N/A, 31.82, 0|
15:40:10 0, 78, N/A, 49.34, 100|1, 74, N/A, 177.75, 3|2, 58, N/A, 35.55, 0|3, 61, N/A, 31.90, 0|
15:40:12 0, 79, N/A, 154.24, 100|1, 78, N/A, 205.70, 100|2, 58, N/A, 35.44, 0|3, 60, N/A, 31.80, 0|
15:40:14 0, 79, N/A, 139.71, 100|1, 75, N/A, 59.76, 0|2, 58, N/A, 35.58, 0|3, 60, N/A, 31.92, 0|
15:40:16 0, 78, N/A, 48.58, 0|1, 76, N/A, 203.84, 100|2, 58, N/A, 35.53, 0|3, 61, N/A, 31.90, 0|
15:40:18 0, 76, N/A, 47.15, 0|1, 78, N/A, 186.81, 100|2, 58, N/A, 35.56, 0|3, 60, N/A, 31.92, 0|
15:40:20 0, 78, N/A, 193.02, 100|1, 79, N/A, 208.40, 100|2, 58, N/A, 35.44, 0|3, 60, N/A, 31.80, 0|
15:40:23 0, 80, N/A, 140.37, 100|1, 74, N/A, 57.62, 0|2, 58, N/A, 35.60, 0|3, 61, N/A, 31.94, 0|
15:40:25 0, 78, N/A, 49.34, 20|1, 75, N/A, 199.02, 87|2, 58, N/A, 35.55, 0|3, 60, N/A, 31.90, 0|
15:40:27 0, 79, N/A, 136.03, 100|1, 79, N/A, 209.40, 100|2, 58, N/A, 35.48, 0|3, 60, N/A, 31.84, 0|
15:40:29 0, 79, N/A, 125.18, 100|1, 76, N/A, 60.06, 0|2, 58, N/A, 35.36, 0|3, 60, N/A, 31.94, 0|
15:40:31 0, 78, N/A, 54.86, 0|1, 77, N/A, 202.36, 100|2, 58, N/A, 35.53, 0|3, 61, N/A, 31.90, 0|
15:40:33 0, 80, N/A, 130.01, 100|1, 79, N/A, 212.51, 100|2, 58, N/A, 35.48, 0|3, 61, N/A, 31.84, 0|
15:40:35 0, 79, N/A, 130.76, 100|1, 76, N/A, 59.56, 0|2, 58, N/A, 35.60, 0|3, 61, N/A, 31.94, 0|
15:40:37 0, 77, N/A, 48.34, 0|1, 77, N/A, 216.17, 100|2, 58, N/A, 35.53, 0|3, 61, N/A, 31.90, 0|
15:40:39 0, 79, N/A, 150.72, 100|1, 79, N/A, 198.84, 100|2, 58, N/A, 35.46, 0|3, 61, N/A, 31.82, 0|
15:40:41 0, 79, N/A, 115.39, 100|1, 75, N/A, 58.14, 0|2, 58, N/A, 35.36, 0|3, 61, N/A, 31.94, 0|
15:40:43 0, 77, N/A, 48.12, 0|1, 77, N/A, 186.23, 100|2, 58, N/A, 35.80, 0|3, 61, N/A, 31.90, 0|
15:40:46 0, 76, N/A, 47.12, 0|1, 79, N/A, 207.65, 100|2, 58, N/A, 35.53, 0|3, 61, N/A, 31.88, 0|
15:40:48 0, 79, N/A, 175.45, 100|1, 79, N/A, 201.93, 100|2, 58, N/A, 35.44, 0|3, 61, N/A, 31.78, 0|
15:40:50 0, 79, N/A, 138.68, 100|1, 74, N/A, 54.00, 0|2, 58, N/A, 35.60, 0|3, 60, N/A, 31.94, 0|
15:40:52 0, 78, N/A, 48.61, 4|1, 76, N/A, 195.16, 100|2, 58, N/A, 35.55, 0|3, 61, N/A, 31.90, 0|
15:40:54 0, 79, N/A, 124.12, 100|1, 79, N/A, 205.94, 100|2, 58, N/A, 35.49, 0|3, 60, N/A, 31.84, 0|
15:40:56 0, 78, N/A, 110.61, 100|1, 76, N/A, 58.15, 0|2, 58, N/A, 35.62, 0|3, 61, N/A, 31.96, 0|
15:40:58 0, 79, N/A, 116.36, 100|1, 74, N/A, 56.20, 0|2, 58, N/A, 35.62, 0|3, 61, N/A, 31.96, 0|
15:41:00 0, 79, N/A, 146.01, 100|1, 79, N/A, 211.21, 100|2, 58, N/A, 35.46, 0|3, 61, N/A, 31.82, 0|
15:41:02 0, 79, N/A, 109.89, 100|1, 77, N/A, 59.35, 70|2, 58, N/A, 35.62, 0|3, 61, N/A, 31.96, 0|
15:41:04 0, 79, N/A, 109.15, 100|1, 74, N/A, 57.18, 0|2, 58, N/A, 35.38, 0|3, 61, N/A, 31.96, 0|
15:41:07 0, 80, N/A, 158.31, 100|1, 79, N/A, 170.64, 100|2, 58, N/A, 35.75, 0|3, 61, N/A, 31.84, 0|
15:41:09 0, 79, N/A, 117.99, 100|1, 78, N/A, 57.87, 100|2, 58, N/A, 35.60, 0|3, 61, N/A, 31.94, 0|
15:41:11 0, 79, N/A, 108.42, 100|1, 74, N/A, 53.27, 0|2, 58, N/A, 35.60, 0|3, 61, N/A, 31.94, 0|
15:41:13 0, 76, N/A, 47.36, 0|1, 79, N/A, 207.65, 100|2, 58, N/A, 35.53, 0|3, 61, N/A, 31.88, 0|
15:41:15 0, 76, N/A, 46.64, 0|1, 80, N/A, 190.54, 100|2, 58, N/A, 35.53, 0|3, 61, N/A, 31.88, 0|
15:41:17 0, 79, N/A, 134.79, 100|1, 76, N/A, 58.56, 6|2, 58, N/A, 35.58, 0|3, 61, N/A, 31.92, 0|
15:41:19 0, 79, N/A, 130.27, 100|1, 74, N/A, 56.41, 0|2, 58, N/A, 35.60, 0|3, 61, N/A, 31.92, 0|
15:41:21 0, 76, N/A, 53.48, 0|1, 78, N/A, 178.40, 100|2, 58, N/A, 35.58, 0|3, 61, N/A, 31.92, 0|
15:41:23 0, 79, N/A, 123.00, 100|1, 79, N/A, 182.84, 100|2, 58, N/A, 35.51, 0|3, 61, N/A, 31.84, 0|
15:41:25 0, 79, N/A, 110.36, 100|1, 74, N/A, 58.63, 0|2, 58, N/A, 35.62, 0|3, 61, N/A, 31.96, 0|
15:41:28 0, 77, N/A, 47.37, 0|1, 79, N/A, 209.86, 100|2, 58, N/A, 35.53, 0|3, 61, N/A, 31.90, 0|
15:41:30 0, 79, N/A, 134.67, 100|1, 79, N/A, 165.22, 100|2, 58, N/A, 35.48, 0|3, 61, N/A, 31.86, 0|
15:41:32 0, 79, N/A, 125.19, 100|1, 74, N/A, 50.81, 0|2, 58, N/A, 35.60, 0|3, 61, N/A, 31.94, 0|
15:41:34 0, 77, N/A, 47.60, 0|1, 79, N/A, 208.38, 100|2, 58, N/A, 35.53, 0|3, 61, N/A, 31.88, 0|
15:41:36 0, 79, N/A, 113.80, 100|1, 78, N/A, 182.24, 100|2, 58, N/A, 35.53, 0|3, 61, N/A, 31.88, 0|
15:41:38 0, 79, N/A, 114.18, 100|1, 73, N/A, 53.03, 0|2, 58, N/A, 35.36, 0|3, 61, N/A, 31.94, 0|
15:41:40 0, 76, N/A, 52.19, 0|1, 78, N/A, 208.51, 100|2, 58, N/A, 35.53, 0|3, 61, N/A, 31.88, 0|
15:41:42 0, 75, N/A, 46.63, 0|1, 79, N/A, 209.58, 100|2, 58, N/A, 35.53, 0|3, 61, N/A, 31.90, 0|
15:41:44 0, 79, N/A, 180.63, 100|1, 78, N/A, 64.79, 100|2, 58, N/A, 35.31, 0|3, 61, N/A, 31.90, 0|
15:41:47 0, 79, N/A, 132.37, 100|1, 73, N/A, 57.62, 0|2, 58, N/A, 35.57, 0|3, 61, N/A, 31.92, 0|
15:41:49 0, 76, N/A, 51.04, 0|1, 77, N/A, 165.79, 100|2, 58, N/A, 35.58, 0|3, 61, N/A, 31.92, 0|
15:41:51 0, 79, N/A, 121.61, 100|1, 78, N/A, 196.55, 100|2, 58, N/A, 35.48, 0|3, 61, N/A, 31.86, 0|
15:41:53 0, 79, N/A, 131.65, 100|1, 74, N/A, 58.34, 0|2, 58, N/A, 35.58, 0|3, 61, N/A, 31.94, 0|
15:41:55 0, 77, N/A, 53.44, 0|1, 77, N/A, 177.01, 100|2, 58, N/A, 35.55, 0|3, 61, N/A, 31.90, 0|
15:41:57 0, 79, N/A, 131.36, 100|1, 78, N/A, 201.72, 100|2, 58, N/A, 35.70, 0|3, 61, N/A, 31.82, 0|
15:41:59 0, 79, N/A, 115.32, 100|1, 73, N/A, 57.62, 0|2, 58, N/A, 35.36, 0|3, 61, N/A, 31.94, 0|
15:42:01 0, 76, N/A, 47.39, 0|1, 76, N/A, 187.34, 100|2, 58, N/A, 35.53, 0|3, 61, N/A, 31.90, 0|
15:42:03 0, 79, N/A, 163.51, 100|1, 78, N/A, 206.62, 100|2, 58, N/A, 35.46, 0|3, 61, N/A, 31.84, 0|
15:42:05 0, 79, N/A, 134.07, 100|1, 73, N/A, 57.37, 0|2, 58, N/A, 35.35, 0|3, 61, N/A, 31.94, 0|
15:42:07 0, 76, N/A, 47.12, 0|1, 77, N/A, 206.01, 100|2, 58, N/A, 35.53, 0|3, 61, N/A, 31.90, 0|
15:42:10 0, 75, N/A, 46.63, 0|1, 78, N/A, 210.34, 100|2, 58, N/A, 35.53, 0|3, 61, N/A, 31.90, 0|
15:42:12 0, 79, N/A, 169.66, 100|1, 79, N/A, 172.24, 100|2, 58, N/A, 35.46, 0|3, 61, N/A, 31.84, 0|
15:42:14 0, 79, N/A, 138.92, 100|1, 73, N/A, 57.37, 0|2, 58, N/A, 35.33, 0|3, 61, N/A, 31.92, 0|
15:42:16 0, 77, N/A, 47.61, 0|1, 77, N/A, 206.73, 100|2, 58, N/A, 35.55, 0|3, 61, N/A, 31.90, 0|
15:42:18 0, 76, N/A, 53.16, 0|1, 79, N/A, 195.37, 100|2, 58, N/A, 35.31, 0|3, 61, N/A, 31.90, 0|
15:42:20 0, 77, N/A, 160.06, 89|1, 76, N/A, 60.01, 24|2, 58, N/A, 35.31, 0|3, 61, N/A, 31.90, 0|
15:42:22 0, 79, N/A, 138.32, 100|1, 73, N/A, 57.58, 0|2, 58, N/A, 35.55, 0|3, 61, N/A, 31.90, 0|
15:42:24 0, 79, N/A, 129.95, 100|1, 72, N/A, 55.91, 0|2, 58, N/A, 35.33, 0|3, 60, N/A, 31.92, 0|
15:42:26 0, 76, N/A, 46.88, 0|1, 77, N/A, 207.65, 100|2, 58, N/A, 35.53, 0|3, 61, N/A, 31.88, 0|
15:42:28 0, 75, N/A, 46.15, 0|1, 77, N/A, 208.99, 100|2, 58, N/A, 35.29, 0|3, 60, N/A, 31.88, 0|
15:42:30 0, 76, N/A, 56.53, 56|1, 76, N/A, 203.07, 44|2, 58, N/A, 35.28, 0|3, 61, N/A, 31.62, 0|
15:42:33 0, 78, N/A, 215.32, 48|1, 74, N/A, 63.32, 55|2, 58, N/A, 35.27, 0|3, 60, N/A, 31.86, 0|
15:42:35 0, 77, N/A, 57.50, 55|1, 75, N/A, 215.45, 43|2, 58, N/A, 35.29, 0|3, 61, N/A, 31.88, 0|
15:42:37 0, 78, N/A, 210.64, 42|1, 74, N/A, 59.93, 44|2, 58, N/A, 35.29, 0|3, 61, N/A, 31.88, 0|
15:42:39 0, 78, N/A, 58.23, 51|1, 75, N/A, 214.18, 43|2, 58, N/A, 35.51, 0|3, 61, N/A, 31.88, 0|
15:42:41 0, 77, N/A, 204.63, 56|1, 75, N/A, 66.69, 43|2, 58, N/A, 35.29, 0|3, 61, N/A, 31.88, 0|
15:42:43 0, 78, N/A, 69.86, 37|1, 75, N/A, 207.41, 43|2, 58, N/A, 35.75, 0|3, 61, N/A, 31.88, 0|
15:42:45 0, 78, N/A, 57.44, 46|1, 76, N/A, 164.81, 43|2, 58, N/A, 35.53, 0|3, 61, N/A, 31.88, 0|
15:42:47 0, 79, N/A, 215.80, 23|1, 75, N/A, 66.22, 54|2, 58, N/A, 35.53, 0|3, 61, N/A, 31.86, 0|
15:42:49 0, 78, N/A, 58.22, 28|1, 76, N/A, 215.10, 46|2, 58, N/A, 35.29, 0|3, 61, N/A, 31.86, 0|
15:42:51 0, 79, N/A, 211.04, 23|1, 75, N/A, 62.11, 70|2, 58, N/A, 35.53, 0|3, 61, N/A, 31.88, 0|
15:42:53 0, 78, N/A, 54.13, 33|1, 75, N/A, 207.17, 75|2, 58, N/A, 35.53, 0|3, 61, N/A, 31.88, 0|
15:42:55 0, 78, N/A, 55.35, 56|1, 77, N/A, 209.32, 48|2, 58, N/A, 35.55, 0|3, 61, N/A, 31.88, 0|
15:42:58 0, 80, N/A, 215.21, 49|1, 76, N/A, 60.65, 56|2, 58, N/A, 35.51, 0|3, 61, N/A, 31.88, 0|
15:43:00 0, 78, N/A, 66.41, 58|1, 75, N/A, 59.65, 12|2, 58, N/A, 35.40, 0|3, 61, N/A, 31.99, 0|
15:43:02 0, 77, N/A, 57.04, 32|1, 76, N/A, 125.28, 39|2, 58, N/A, 35.31, 0|3, 61, N/A, 31.90, 0|
15:43:04 0, 78, N/A, 185.48, 58|1, 76, N/A, 65.75, 64|2, 58, N/A, 35.29, 0|3, 61, N/A, 31.90, 0|
15:43:06 0, 79, N/A, 72.98, 56|1, 76, N/A, 204.41, 64|2, 58, N/A, 35.53, 0|3, 61, N/A, 31.88, 0|
15:43:08 0, 78, N/A, 57.74, 56|1, 77, N/A, 211.02, 43|2, 58, N/A, 35.53, 0|3, 61, N/A, 31.88, 0|
15:43:10 0, 78, N/A, 166.26, 23|1, 76, N/A, 62.15, 41|2, 58, N/A, 35.55, 0|3, 61, N/A, 31.90, 0|
15:43:12 0, 79, N/A, 66.19, 23|1, 76, N/A, 207.69, 60|2, 58, N/A, 35.53, 0|3, 61, N/A, 31.88, 0|
15:43:14 0, 78, N/A, 114.35, 59|1, 75, N/A, 80.58, 56|2, 58, N/A, 35.33, 0|3, 61, N/A, 31.90, 0|
15:43:16 0, 78, N/A, 69.39, 23|1, 76, N/A, 193.96, 63|2, 58, N/A, 35.78, 0|3, 61, N/A, 31.88, 0|
15:43:18 0, 78, N/A, 57.98, 45|1, 77, N/A, 217.75, 63|2, 58, N/A, 35.53, 0|3, 61, N/A, 31.88, 0|
15:43:21 0, 80, N/A, 215.08, 38|1, 76, N/A, 61.60, 75|2, 58, N/A, 35.53, 0|3, 61, N/A, 31.86, 0|
15:43:23 0, 79, N/A, 55.10, 56|1, 77, N/A, 217.51, 75|2, 58, N/A, 35.53, 0|3, 61, N/A, 31.88, 0|
15:43:25 0, 78, N/A, 75.66, 60|1, 78, N/A, 126.01, 40|2, 58, N/A, 35.55, 0|3, 61, N/A, 31.90, 0|
15:43:27 0, 79, N/A, 179.41, 23|1, 77, N/A, 63.58, 41|2, 58, N/A, 35.31, 0|3, 61, N/A, 31.90, 0|
15:43:29 0, 78, N/A, 124.22, 59|1, 76, N/A, 61.76, 61|2, 58, N/A, 35.36, 0|3, 61, N/A, 31.94, 0|
15:43:31 0, 78, N/A, 155.64, 34|1, 77, N/A, 67.01, 75|2, 58, N/A, 35.31, 0|3, 61, N/A, 31.90, 0|
15:43:33 0, 79, N/A, 106.51, 42|1, 77, N/A, 171.27, 74|2, 58, N/A, 35.53, 0|3, 61, N/A, 31.86, 0|
15:43:35 0, 78, N/A, 81.19, 44|1, 76, N/A, 180.18, 39|2, 58, N/A, 35.53, 0|3, 61, N/A, 31.88, 0|
15:43:37 0, 78, N/A, 57.98, 34|1, 78, N/A, 226.14, 46|2, 58, N/A, 35.53, 0|3, 61, N/A, 31.88, 0|
15:43:39 0, 79, N/A, 207.52, 23|1, 77, N/A, 64.50, 68|2, 58, N/A, 35.26, 0|3, 61, N/A, 31.86, 0|
15:43:41 0, 77, N/A, 47.85, 65|1, 77, N/A, 211.12, 33|2, 58, N/A, 35.31, 0|3, 61, N/A, 31.90, 0|
15:43:44 0, 77, N/A, 127.85, 29|1, 77, N/A, 90.13, 75|2, 58, N/A, 35.31, 0|3, 61, N/A, 31.90, 0|
15:43:46 0, 76, N/A, 53.86, 0|1, 74, N/A, 58.22, 0|2, 58, N/A, 35.40, 0|3, 61, N/A, 31.99, 0|
15:43:48 0, 75, N/A, 46.82, 0|1, 72, N/A, 49.24, 0|2, 58, N/A, 35.43, 0|3, 61, N/A, 32.01, 0|
15:43:50 0, 75, N/A, 46.33, 0|1, 71, N/A, 48.04, 0|2, 58, N/A, 35.43, 0|3, 61, N/A, 32.01, 0|
15:43:52 0, 76, N/A, 58.99, 34|1, 73, N/A, 205.40, 66|2, 58, N/A, 35.78, 0|3, 61, N/A, 31.88, 0|
15:43:54 0, 80, N/A, 206.45, 100|1, 71, N/A, 55.84, 0|2, 58, N/A, 35.31, 0|3, 61, N/A, 31.90, 0|
15:43:56 0, 77, N/A, 65.75, 0|1, 75, N/A, 205.16, 53|2, 58, N/A, 35.53, 0|3, 61, N/A, 31.88, 0|
15:43:58 0, 78, N/A, 86.33, 45|1, 75, N/A, 192.49, 49|2, 58, N/A, 35.31, 0|3, 61, N/A, 32.13, 0|
15:44:00 0, 80, N/A, 157.51, 100|1, 72, N/A, 56.88, 0|2, 58, N/A, 35.60, 0|3, 61, N/A, 31.94, 0|
15:44:02 0, 79, N/A, 163.62, 100|1, 76, N/A, 198.82, 100|2, 58, N/A, 35.70, 0|3, 61, N/A, 31.82, 0|
15:44:04 0, 78, N/A, 197.49, 44|1, 76, N/A, 165.79, 100|2, 58, N/A, 35.70, 0|3, 61, N/A, 31.82, 0|
15:44:07 0, 77, N/A, 47.58, 0|1, 77, N/A, 222.66, 100|2, 58, N/A, 35.53, 0|3, 61, N/A, 31.88, 0|
15:44:09 0, 79, N/A, 162.62, 100|1, 72, N/A, 56.12, 0|2, 58, N/A, 35.33, 0|3, 61, N/A, 31.92, 0|
15:44:11 0, 76, N/A, 47.15, 0|1, 76, N/A, 161.83, 100|2, 58, N/A, 35.31, 0|3, 61, N/A, 31.90, 0|
15:44:13 0, 78, N/A, 59.15, 50|1, 75, N/A, 212.20, 65|2, 58, N/A, 35.53, 0|3, 61, N/A, 31.88, 0|
15:44:15 0, 79, N/A, 205.61, 100|1, 71, N/A, 56.53, 0|2, 58, N/A, 35.53, 0|3, 61, N/A, 31.88, 0|
15:44:17 0, 78, N/A, 167.26, 57|1, 73, N/A, 173.65, 100|2, 58, N/A, 35.48, 0|3, 61, N/A, 31.82, 0|
15:44:19 0, 78, N/A, 54.65, 0|1, 73, N/A, 184.77, 100|2, 58, N/A, 35.29, 0|3, 61, N/A, 31.88, 0|
15:44:21 0, 79, N/A, 119.20, 100|1, 71, N/A, 56.44, 0|2, 58, N/A, 35.36, 0|3, 61, N/A, 31.95, 0|
15:44:23 0, 79, N/A, 158.48, 100|1, 73, N/A, 58.59, 83|2, 58, N/A, 35.36, 0|3, 61, N/A, 31.94, 0|
15:44:25 0, 76, N/A, 49.79, 0|1, 75, N/A, 176.20, 100|2, 58, N/A, 35.55, 0|3, 61, N/A, 31.92, 0|
15:44:28 0, 79, N/A, 139.94, 100|1, 71, N/A, 55.63, 0|2, 58, N/A, 35.31, 0|3, 61, N/A, 31.90, 0|
15:44:30 0, 79, N/A, 149.41, 100|1, 74, N/A, 204.45, 100|2, 58, N/A, 35.44, 0|3, 61, N/A, 31.77, 0|
15:44:32 0, 79, N/A, 160.47, 100|1, 74, N/A, 168.21, 100|2, 58, N/A, 35.48, 0|3, 61, N/A, 31.84, 0|
15:44:34 0, 77, N/A, 53.37, 0|1, 73, N/A, 211.98, 100|2, 58, N/A, 35.51, 0|3, 61, N/A, 31.88, 0|
15:44:36 0, 79, N/A, 54.62, 100|1, 70, N/A, 185.00, 0|2, 58, N/A, 35.31, 0|3, 61, N/A, 31.90, 0|
15:44:38 0, 78, N/A, 153.65, 100|1, 72, N/A, 58.28, 94|2, 58, N/A, 35.31, 0|3, 61, N/A, 31.90, 0|
15:44:40 0, 77, N/A, 51.77, 0|1, 71, N/A, 165.39, 100|2, 58, N/A, 35.33, 0|3, 61, N/A, 31.92, 0|
15:44:42 0, 79, N/A, 121.86, 100|1, 69, N/A, 54.94, 0|2, 58, N/A, 35.36, 0|3, 61, N/A, 31.92, 0|
15:44:44 0, 79, N/A, 151.71, 100|1, 72, N/A, 58.28, 68|2, 58, N/A, 35.31, 0|3, 61, N/A, 31.92, 0|
15:44:46 0, 79, N/A, 171.38, 100|1, 73, N/A, 203.13, 100|2, 58, N/A, 35.44, 0|3, 61, N/A, 32.04, 0|
15:44:48 0, 77, N/A, 48.15, 0|1, 72, N/A, 166.75, 100|2, 58, N/A, 35.58, 0|3, 61, N/A, 31.92, 0|
15:44:51 0, 79, N/A, 211.38, 100|1, 70, N/A, 55.83, 0|2, 58, N/A, 35.55, 0|3, 61, N/A, 31.90, 0|
15:44:53 0, 77, N/A, 66.44, 1|1, 72, N/A, 170.98, 100|2, 58, N/A, 35.29, 0|3, 61, N/A, 31.88, 0|
15:44:55 0, 79, N/A, 120.65, 100|1, 69, N/A, 54.98, 0|2, 58, N/A, 35.38, 0|3, 61, N/A, 31.94, 0|
15:44:57 0, 80, N/A, 136.66, 100|1, 71, N/A, 56.64, 0|2, 58, N/A, 35.36, 0|3, 61, N/A, 31.92, 0|
15:44:59 0, 79, N/A, 159.20, 100|1, 71, N/A, 56.40, 0|2, 58, N/A, 35.31, 0|3, 61, N/A, 31.90, 0|
15:45:01 0, 78, N/A, 48.58, 0|1, 72, N/A, 192.98, 100|2, 58, N/A, 35.55, 0|3, 61, N/A, 31.92, 0|
15:45:03 0, 78, N/A, 59.40, 38|1, 73, N/A, 211.93, 59|2, 58, N/A, 35.51, 0|3, 61, N/A, 31.86, 0|
15:45:05 0, 79, N/A, 199.08, 49|1, 73, N/A, 64.01, 50|2, 58, N/A, 35.75, 0|3, 61, N/A, 31.86, 0|
15:45:07 0, 76, N/A, 55.85, 0|1, 69, N/A, 54.61, 0|2, 58, N/A, 35.43, 0|3, 61, N/A, 32.01, 0|
