16:13:24 0, 58, N/A, 30.80, 0|1, 55, N/A, 38.17, 0|2, 33, N/A, 28.34, 0|3, 35, N/A, 26.10, 0|4, 36, N/A, 27.09, 0|5, 37, N/A, 26.12, 0|6, 34, N/A, 27.32, 0|
16:13:27 0, 57, N/A, 36.96, 32|1, 54, N/A, 40.39, 0|2, 33, N/A, 34.25, 0|3, 35, N/A, 26.10, 0|4, 36, N/A, 27.10, 0|5, 37, N/A, 26.37, 0|6, 34, N/A, 27.32, 0|
16:13:29 0, 57, N/A, 36.96, 23|1, 54, N/A, 39.92, 22|2, 34, N/A, 35.98, 21|3, 35, N/A, 26.12, 0|4, 36, N/A, 27.11, 0|5, 37, N/A, 26.14, 0|6, 34, N/A, 27.33, 0|
16:13:31 0, 57, N/A, 36.71, 22|1, 54, N/A, 39.67, 20|2, 34, N/A, 34.50, 19|3, 35, N/A, 26.12, 0|4, 36, N/A, 27.10, 0|5, 37, N/A, 26.38, 0|6, 34, N/A, 27.33, 0|
16:13:33 0, 57, N/A, 36.71, 2|1, 54, N/A, 39.92, 6|2, 34, N/A, 35.24, 2|3, 35, N/A, 26.36, 0|4, 36, N/A, 27.10, 0|5, 37, N/A, 26.37, 0|6, 34, N/A, 27.58, 0|
16:13:35 0, 57, N/A, 41.40, 0|1, 54, N/A, 44.35, 0|2, 34, N/A, 38.69, 0|3, 35, N/A, 26.36, 0|4, 36, N/A, 27.10, 0|5, 37, N/A, 26.38, 0|6, 34, N/A, 27.58, 0|
16:13:37 0, 60, N/A, 122.09, 79|1, 57, N/A, 128.60, 74|2, 38, N/A, 128.37, 73|3, 35, N/A, 26.10, 0|4, 36, N/A, 27.09, 0|5, 37, N/A, 26.12, 0|6, 34, N/A, 27.56, 0|
16:13:39 0, 61, N/A, 120.99, 79|1, 58, N/A, 130.73, 75|2, 39, N/A, 132.95, 74|3, 35, N/A, 26.10, 0|4, 36, N/A, 27.33, 0|5, 38, N/A, 26.36, 0|6, 34, N/A, 27.55, 0|
16:13:41 0, 61, N/A, 126.71, 79|1, 58, N/A, 128.77, 74|2, 40, N/A, 129.57, 74|3, 35, N/A, 26.35, 0|4, 36, N/A, 27.09, 0|5, 38, N/A, 26.36, 0|6, 35, N/A, 27.56, 0|
16:13:43 0, 62, N/A, 123.76, 79|1, 59, N/A, 127.13, 74|2, 41, N/A, 132.54, 74|3, 36, N/A, 26.35, 0|4, 36, N/A, 27.33, 0|5, 38, N/A, 26.36, 0|6, 34, N/A, 27.81, 0|
16:13:45 0, 62, N/A, 123.50, 79|1, 59, N/A, 129.34, 75|2, 41, N/A, 132.89, 74|3, 35, N/A, 26.10, 0|4, 36, N/A, 27.09, 0|5, 38, N/A, 26.36, 0|6, 35, N/A, 27.56, 0|
16:13:47 0, 62, N/A, 123.69, 79|1, 60, N/A, 131.54, 74|2, 42, N/A, 132.95, 74|3, 36, N/A, 26.35, 0|4, 37, N/A, 27.33, 0|5, 38, N/A, 26.36, 0|6, 35, N/A, 27.56, 0|
16:13:49 0, 63, N/A, 121.74, 79|1, 60, N/A, 130.81, 75|2, 43, N/A, 135.16, 74|3, 36, N/A, 26.59, 0|4, 37, N/A, 27.08, 0|5, 38, N/A, 26.36, 0|6, 35, N/A, 27.56, 0|
16:13:52 0, 63, N/A, 124.44, 79|1, 60, N/A, 133.51, 74|2, 43, N/A, 134.48, 73|3, 36, N/A, 26.59, 0|4, 37, N/A, 27.09, 0|5, 38, N/A, 26.36, 0|6, 35, N/A, 27.56, 0|
16:13:54 0, 63, N/A, 121.74, 79|1, 60, N/A, 127.37, 75|2, 44, N/A, 130.33, 74|3, 36, N/A, 26.35, 0|4, 37, N/A, 27.09, 0|5, 38, N/A, 26.36, 0|6, 35, N/A, 27.56, 0|
16:13:56 0, 63, N/A, 124.50, 78|1, 60, N/A, 130.56, 74|2, 44, N/A, 132.05, 74|3, 36, N/A, 26.35, 0|4, 37, N/A, 27.33, 0|5, 38, N/A, 26.36, 0|6, 35, N/A, 27.56, 0|
16:13:58 0, 63, N/A, 136.04, 79|1, 60, N/A, 133.76, 75|2, 45, N/A, 138.67, 74|3, 36, N/A, 26.35, 0|4, 37, N/A, 27.33, 0|5, 38, N/A, 26.36, 0|6, 35, N/A, 27.56, 0|
16:14:00 0, 63, N/A, 123.01, 79|1, 61, N/A, 128.53, 75|2, 45, N/A, 133.11, 74|3, 36, N/A, 26.33, 0|4, 37, N/A, 27.09, 0|5, 38, N/A, 26.36, 0|6, 35, N/A, 27.56, 0|
16:14:02 0, 63, N/A, 123.42, 79|1, 61, N/A, 130.46, 75|2, 46, N/A, 133.54, 74|3, 36, N/A, 26.56, 0|4, 37, N/A, 27.06, 0|5, 38, N/A, 26.58, 0|6, 35, N/A, 27.54, 0|
16:14:04 0, 63, N/A, 132.92, 79|1, 61, N/A, 132.85, 75|2, 46, N/A, 137.09, 74|3, 36, N/A, 26.56, 0|4, 37, N/A, 27.32, 0|5, 38, N/A, 26.35, 0|6, 35, N/A, 27.79, 0|
16:14:06 0, 64, N/A, 123.19, 79|1, 61, N/A, 129.81, 75|2, 47, N/A, 136.35, 74|3, 36, N/A, 26.33, 0|4, 37, N/A, 27.32, 0|5, 38, N/A, 26.35, 0|6, 35, N/A, 27.53, 0|
16:14:08 0, 64, N/A, 123.36, 79|1, 61, N/A, 130.89, 75|2, 47, N/A, 137.51, 73|3, 36, N/A, 26.58, 0|4, 37, N/A, 27.05, 0|5, 38, N/A, 26.33, 0|6, 35, N/A, 27.79, 0|
16:14:10 0, 64, N/A, 124.40, 79|1, 61, N/A, 129.90, 75|2, 48, N/A, 140.96, 74|3, 36, N/A, 26.33, 0|4, 37, N/A, 27.31, 0|5, 38, N/A, 26.35, 0|6, 35, N/A, 27.54, 0|
16:14:12 0, 64, N/A, 125.07, 79|1, 61, N/A, 128.87, 74|2, 48, N/A, 136.60, 73|3, 36, N/A, 26.33, 0|4, 37, N/A, 27.07, 0|5, 38, N/A, 26.35, 0|6, 35, N/A, 27.79, 0|
16:14:14 0, 64, N/A, 124.17, 79|1, 61, N/A, 131.71, 75|2, 49, N/A, 133.61, 74|3, 36, N/A, 26.31, 0|4, 37, N/A, 27.30, 0|5, 38, N/A, 26.33, 0|6, 35, N/A, 27.54, 0|
16:14:17 0, 64, N/A, 131.92, 79|1, 61, N/A, 136.85, 75|2, 49, N/A, 136.53, 73|3, 36, N/A, 26.56, 0|4, 37, N/A, 27.32, 0|5, 38, N/A, 26.33, 0|6, 35, N/A, 27.54, 0|
16:14:19 0, 64, N/A, 124.15, 79|1, 61, N/A, 129.72, 75|2, 50, N/A, 136.29, 73|3, 36, N/A, 26.33, 0|4, 37, N/A, 27.32, 0|5, 38, N/A, 26.33, 0|6, 35, N/A, 27.54, 0|
16:14:21 0, 64, N/A, 125.62, 79|1, 62, N/A, 132.44, 74|2, 50, N/A, 136.48, 73|3, 36, N/A, 26.58, 0|4, 37, N/A, 27.05, 0|5, 38, N/A, 26.35, 0|6, 35, N/A, 27.54, 0|
16:14:23 0, 64, N/A, 127.54, 79|1, 62, N/A, 145.33, 75|2, 50, N/A, 141.92, 73|3, 36, N/A, 26.31, 0|4, 37, N/A, 27.05, 0|5, 38, N/A, 26.35, 0|6, 35, N/A, 27.77, 0|
16:14:25 0, 63, N/A, 46.02, 48|1, 61, N/A, 50.20, 68|2, 50, N/A, 49.47, 43|3, 36, N/A, 26.33, 0|4, 37, N/A, 27.32, 0|5, 38, N/A, 26.35, 0|6, 35, N/A, 27.54, 0|
16:14:27 0, 64, N/A, 101.89, 93|1, 61, N/A, 130.97, 79|2, 50, N/A, 150.99, 75|3, 36, N/A, 26.58, 0|4, 37, N/A, 27.32, 0|5, 38, N/A, 26.35, 0|6, 35, N/A, 27.54, 0|
16:14:29 0, 64, N/A, 116.57, 92|1, 62, N/A, 101.21, 79|2, 51, N/A, 128.34, 78|3, 36, N/A, 26.33, 0|4, 37, N/A, 27.32, 0|5, 38, N/A, 26.35, 0|6, 35, N/A, 27.54, 0|
16:14:31 0, 64, N/A, 109.26, 93|1, 62, N/A, 123.61, 82|2, 51, N/A, 131.96, 76|3, 36, N/A, 26.33, 0|4, 37, N/A, 27.32, 0|5, 38, N/A, 26.35, 0|6, 35, N/A, 27.54, 0|
16:14:33 0, 64, N/A, 120.25, 93|1, 62, N/A, 141.43, 74|2, 51, N/A, 150.93, 75|3, 36, N/A, 26.58, 0|4, 37, N/A, 27.32, 0|5, 38, N/A, 26.35, 0|6, 35, N/A, 27.79, 0|
16:14:35 0, 64, N/A, 119.02, 89|1, 62, N/A, 133.49, 77|2, 52, N/A, 142.26, 76|3, 36, N/A, 26.33, 0|4, 37, N/A, 27.32, 0|5, 38, N/A, 26.35, 0|6, 35, N/A, 27.54, 0|
16:14:37 0, 65, N/A, 106.56, 91|1, 62, N/A, 126.06, 76|2, 52, N/A, 141.69, 76|3, 36, N/A, 26.33, 0|4, 37, N/A, 27.32, 0|5, 38, N/A, 26.35, 0|6, 35, N/A, 27.54, 0|
16:14:39 0, 64, N/A, 130.23, 88|1, 62, N/A, 133.18, 80|2, 52, N/A, 142.17, 77|3, 36, N/A, 26.58, 0|4, 37, N/A, 27.32, 0|5, 38, N/A, 26.35, 0|6, 35, N/A, 27.79, 0|
16:14:42 0, 64, N/A, 90.16, 86|1, 62, N/A, 127.54, 82|2, 53, N/A, 147.81, 77|3, 36, N/A, 26.33, 0|4, 37, N/A, 27.32, 0|5, 38, N/A, 26.35, 0|6, 35, N/A, 27.54, 0|
16:14:44 0, 65, N/A, 136.28, 93|1, 62, N/A, 125.82, 74|2, 53, N/A, 136.30, 75|3, 36, N/A, 26.33, 0|4, 37, N/A, 27.32, 0|5, 38, N/A, 26.35, 0|6, 35, N/A, 27.54, 0|
16:14:46 0, 64, N/A, 130.71, 88|1, 62, N/A, 144.87, 75|2, 53, N/A, 142.67, 80|3, 36, N/A, 26.58, 0|4, 37, N/A, 27.32, 0|5, 38, N/A, 26.35, 0|6, 35, N/A, 27.79, 0|
16:14:48 0, 65, N/A, 130.55, 86|1, 62, N/A, 118.71, 78|2, 53, N/A, 121.41, 79|3, 36, N/A, 26.33, 0|4, 37, N/A, 27.32, 0|5, 38, N/A, 26.35, 0|6, 35, N/A, 27.79, 0|
16:14:50 0, 65, N/A, 111.90, 91|1, 62, N/A, 121.89, 82|2, 54, N/A, 111.97, 75|3, 36, N/A, 26.33, 0|4, 37, N/A, 27.31, 0|5, 38, N/A, 26.35, 0|6, 35, N/A, 27.54, 0|
16:14:52 0, 65, N/A, 126.80, 94|1, 62, N/A, 151.95, 76|2, 54, N/A, 127.06, 76|3, 36, N/A, 26.58, 0|4, 37, N/A, 27.32, 0|5, 38, N/A, 26.35, 0|6, 35, N/A, 27.79, 0|
16:14:54 0, 65, N/A, 108.27, 83|1, 62, N/A, 126.62, 74|2, 54, N/A, 137.35, 80|3, 36, N/A, 26.33, 0|4, 37, N/A, 27.32, 0|5, 38, N/A, 26.35, 0|6, 35, N/A, 27.54, 0|
16:14:56 0, 65, N/A, 129.57, 75|1, 62, N/A, 123.43, 66|2, 54, N/A, 130.72, 71|3, 36, N/A, 26.58, 0|4, 37, N/A, 27.32, 0|5, 38, N/A, 26.35, 0|6, 35, N/A, 27.54, 0|
16:14:58 0, 65, N/A, 93.30, 89|1, 62, N/A, 121.71, 68|2, 54, N/A, 128.77, 76|3, 36, N/A, 26.58, 0|4, 37, N/A, 27.32, 0|5, 38, N/A, 26.35, 0|6, 35, N/A, 27.54, 0|
16:15:00 0, 65, N/A, 123.86, 94|1, 63, N/A, 149.51, 73|2, 55, N/A, 139.81, 71|3, 36, N/A, 26.58, 0|4, 37, N/A, 27.32, 0|5, 38, N/A, 26.35, 0|6, 35, N/A, 27.79, 0|
16:15:02 0, 65, N/A, 143.14, 84|1, 63, N/A, 132.91, 71|2, 55, N/A, 124.85, 79|3, 36, N/A, 26.56, 0|4, 37, N/A, 27.31, 0|5, 38, N/A, 26.35, 0|6, 35, N/A, 27.54, 0|
16:15:04 0, 65, N/A, 130.47, 90|1, 63, N/A, 151.72, 82|2, 55, N/A, 148.30, 76|3, 36, N/A, 26.58, 0|4, 37, N/A, 27.32, 0|5, 38, N/A, 26.35, 0|6, 35, N/A, 27.54, 0|
16:15:07 0, 65, N/A, 108.96, 86|1, 63, N/A, 123.37, 75|2, 55, N/A, 142.41, 79|3, 36, N/A, 26.58, 0|4, 37, N/A, 27.32, 0|5, 38, N/A, 26.35, 0|6, 35, N/A, 27.79, 0|
16:15:09 0, 65, N/A, 116.07, 85|1, 63, N/A, 121.40, 80|2, 56, N/A, 136.78, 77|3, 36, N/A, 26.58, 0|4, 37, N/A, 27.32, 0|5, 38, N/A, 26.35, 0|6, 35, N/A, 27.54, 0|
16:15:11 0, 65, N/A, 115.34, 87|1, 63, N/A, 128.58, 74|2, 56, N/A, 127.06, 76|3, 36, N/A, 26.33, 0|4, 37, N/A, 27.32, 0|5, 38, N/A, 26.35, 0|6, 35, N/A, 28.03, 0|
16:15:13 0, 65, N/A, 105.58, 83|1, 63, N/A, 117.29, 85|2, 56, N/A, 131.96, 79|3, 36, N/A, 26.33, 0|4, 37, N/A, 27.31, 0|5, 38, N/A, 26.35, 0|6, 35, N/A, 27.54, 0|
16:15:15 0, 66, N/A, 135.64, 87|1, 63, N/A, 122.93, 73|2, 56, N/A, 121.16, 75|3, 36, N/A, 26.33, 0|4, 37, N/A, 27.31, 0|5, 38, N/A, 26.33, 0|6, 35, N/A, 27.79, 0|
16:15:17 0, 65, N/A, 127.34, 82|1, 63, N/A, 109.76, 82|2, 56, N/A, 132.21, 70|3, 36, N/A, 26.58, 0|4, 37, N/A, 27.32, 0|5, 38, N/A, 26.35, 0|6, 35, N/A, 27.54, 0|
16:15:19 0, 65, N/A, 118.53, 86|1, 62, N/A, 131.20, 73|2, 56, N/A, 146.02, 76|3, 36, N/A, 26.58, 0|4, 37, N/A, 27.32, 0|5, 38, N/A, 26.35, 0|6, 35, N/A, 27.54, 0|
16:15:21 0, 65, N/A, 115.09, 74|1, 62, N/A, 142.41, 63|2, 56, N/A, 138.73, 77|3, 36, N/A, 26.58, 0|4, 37, N/A, 27.31, 0|5, 38, N/A, 26.35, 0|6, 35, N/A, 27.79, 0|
16:15:23 0, 64, N/A, 96.74, 93|1, 62, N/A, 141.68, 74|2, 56, N/A, 142.90, 74|3, 36, N/A, 26.58, 0|4, 37, N/A, 27.32, 0|5, 38, N/A, 26.35, 0|6, 35, N/A, 27.54, 0|
16:15:25 0, 64, N/A, 129.33, 88|1, 62, N/A, 116.07, 75|2, 56, N/A, 136.05, 76|3, 36, N/A, 26.58, 0|4, 37, N/A, 27.31, 0|5, 38, N/A, 26.35, 0|6, 35, N/A, 27.54, 0|
16:15:27 0, 64, N/A, 141.67, 90|1, 61, N/A, 111.96, 75|2, 56, N/A, 118.53, 74|3, 36, N/A, 26.58, 0|4, 37, N/A, 27.32, 0|5, 38, N/A, 26.35, 0|6, 35, N/A, 27.54, 0|
16:15:29 0, 64, N/A, 134.48, 93|1, 61, N/A, 120.42, 81|2, 56, N/A, 121.17, 72|3, 36, N/A, 26.33, 0|4, 37, N/A, 27.31, 0|5, 38, N/A, 26.35, 0|6, 35, N/A, 27.54, 0|
16:15:32 0, 64, N/A, 129.24, 85|1, 61, N/A, 114.17, 74|2, 56, N/A, 119.44, 80|3, 36, N/A, 26.58, 0|4, 37, N/A, 27.31, 0|5, 38, N/A, 26.35, 0|6, 35, N/A, 27.54, 0|
16:15:34 0, 63, N/A, 131.20, 85|1, 61, N/A, 148.78, 73|2, 56, N/A, 133.18, 81|3, 36, N/A, 26.33, 0|4, 37, N/A, 27.32, 0|5, 38, N/A, 26.35, 0|6, 35, N/A, 27.54, 0|
16:15:36 0, 63, N/A, 123.73, 78|1, 60, N/A, 132.75, 74|2, 56, N/A, 141.35, 73|3, 36, N/A, 26.33, 0|4, 37, N/A, 27.32, 0|5, 38, N/A, 26.35, 0|6, 35, N/A, 27.79, 0|
16:15:38 0, 63, N/A, 123.54, 78|1, 61, N/A, 134.30, 74|2, 56, N/A, 146.70, 73|3, 36, N/A, 26.31, 0|4, 37, N/A, 27.31, 0|5, 38, N/A, 26.35, 0|6, 35, N/A, 27.53, 0|
16:15:40 0, 63, N/A, 122.81, 78|1, 60, N/A, 133.33, 74|2, 56, N/A, 146.51, 73|3, 36, N/A, 26.56, 0|4, 37, N/A, 27.32, 0|5, 38, N/A, 26.33, 0|6, 35, N/A, 27.54, 0|
16:15:42 0, 63, N/A, 125.38, 78|1, 60, N/A, 127.83, 74|2, 56, N/A, 141.66, 73|3, 36, N/A, 26.56, 0|4, 37, N/A, 27.05, 0|5, 38, N/A, 26.33, 0|6, 35, N/A, 27.53, 0|
16:15:44 0, 63, N/A, 123.85, 78|1, 60, N/A, 133.35, 74|2, 56, N/A, 143.98, 73|3, 36, N/A, 26.31, 0|4, 37, N/A, 27.30, 0|5, 38, N/A, 26.33, 0|6, 35, N/A, 28.02, 0|
16:15:46 0, 63, N/A, 126.19, 78|1, 60, N/A, 132.92, 73|2, 56, N/A, 138.86, 73|3, 36, N/A, 26.33, 0|4, 37, N/A, 27.07, 0|5, 38, N/A, 26.35, 0|6, 35, N/A, 27.53, 0|
16:15:48 0, 63, N/A, 137.82, 78|1, 60, N/A, 135.62, 74|2, 57, N/A, 147.81, 73|3, 36, N/A, 26.31, 0|4, 37, N/A, 27.05, 0|5, 38, N/A, 26.35, 0|6, 35, N/A, 27.53, 0|
16:15:50 0, 62, N/A, 126.05, 78|1, 60, N/A, 128.44, 74|2, 57, N/A, 142.90, 73|3, 36, N/A, 26.33, 0|4, 37, N/A, 27.31, 0|5, 38, N/A, 26.10, 0|6, 35, N/A, 27.54, 0|
16:15:52 0, 62, N/A, 123.91, 78|1, 59, N/A, 132.44, 74|2, 57, N/A, 143.07, 73|3, 36, N/A, 26.56, 0|4, 37, N/A, 27.32, 0|5, 38, N/A, 26.33, 0|6, 35, N/A, 27.53, 0|
16:15:54 0, 62, N/A, 122.21, 78|1, 60, N/A, 129.67, 74|2, 57, N/A, 143.51, 73|3, 36, N/A, 26.33, 0|4, 37, N/A, 27.31, 0|5, 38, N/A, 26.33, 0|6, 35, N/A, 27.77, 0|
16:15:57 0, 62, N/A, 123.43, 78|1, 59, N/A, 144.62, 74|2, 57, N/A, 145.91, 73|3, 36, N/A, 26.58, 0|4, 37, N/A, 27.31, 0|5, 38, N/A, 26.35, 0|6, 35, N/A, 27.54, 0|
16:15:59 0, 62, N/A, 123.66, 78|1, 59, N/A, 133.59, 74|2, 57, N/A, 146.34, 73|3, 36, N/A, 26.07, 0|4, 37, N/A, 27.30, 0|5, 38, N/A, 26.33, 0|6, 35, N/A, 27.53, 0|
16:16:01 0, 62, N/A, 123.87, 78|1, 59, N/A, 128.76, 74|2, 57, N/A, 144.54, 73|3, 36, N/A, 26.33, 0|4, 37, N/A, 27.07, 0|5, 38, N/A, 26.35, 0|6, 35, N/A, 27.54, 0|
16:16:03 0, 62, N/A, 129.82, 78|1, 59, N/A, 130.28, 74|2, 57, N/A, 152.46, 73|3, 36, N/A, 26.31, 0|4, 37, N/A, 27.07, 0|5, 38, N/A, 26.33, 0|6, 35, N/A, 27.53, 0|
16:16:05 0, 61, N/A, 121.88, 78|1, 59, N/A, 133.91, 59|2, 57, N/A, 156.05, 73|3, 36, N/A, 26.56, 0|4, 36, N/A, 27.07, 0|5, 38, N/A, 26.35, 0|6, 35, N/A, 27.54, 0|
16:16:07 0, 62, N/A, 127.85, 78|1, 59, N/A, 133.00, 74|2, 57, N/A, 142.98, 73|3, 36, N/A, 26.31, 0|4, 37, N/A, 27.07, 0|5, 38, N/A, 26.35, 0|6, 35, N/A, 27.54, 0|
16:16:09 0, 62, N/A, 123.41, 78|1, 59, N/A, 135.40, 74|2, 57, N/A, 150.50, 73|3, 36, N/A, 26.33, 0|4, 37, N/A, 27.30, 0|5, 38, N/A, 26.35, 0|6, 35, N/A, 27.54, 0|
16:16:11 0, 62, N/A, 126.85, 78|1, 59, N/A, 129.66, 74|2, 58, N/A, 144.05, 73|3, 36, N/A, 26.58, 0|4, 37, N/A, 27.31, 0|5, 38, N/A, 26.35, 0|6, 35, N/A, 27.53, 0|
16:16:13 0, 62, N/A, 128.87, 78|1, 60, N/A, 129.30, 74|2, 58, N/A, 147.92, 73|3, 36, N/A, 26.33, 0|4, 37, N/A, 27.07, 0|5, 38, N/A, 26.35, 0|6, 35, N/A, 27.79, 0|
16:16:15 0, 62, N/A, 122.89, 78|1, 60, N/A, 134.71, 74|2, 58, N/A, 144.56, 73|3, 36, N/A, 26.58, 0|4, 37, N/A, 27.31, 0|5, 38, N/A, 26.33, 0|6, 35, N/A, 27.77, 0|
16:16:17 0, 63, N/A, 125.56, 78|1, 60, N/A, 129.23, 74|2, 58, N/A, 146.28, 73|3, 36, N/A, 26.58, 0|4, 37, N/A, 27.07, 0|5, 38, N/A, 26.35, 0|6, 35, N/A, 27.77, 0|
16:16:19 0, 63, N/A, 129.82, 78|1, 60, N/A, 132.69, 74|2, 59, N/A, 144.56, 73|3, 36, N/A, 26.33, 0|4, 37, N/A, 27.07, 0|5, 38, N/A, 26.33, 0|6, 35, N/A, 27.54, 0|
16:16:22 0, 63, N/A, 123.91, 78|1, 60, N/A, 130.23, 74|2, 59, N/A, 145.54, 73|3, 36, N/A, 26.31, 0|4, 37, N/A, 27.32, 0|5, 38, N/A, 26.35, 0|6, 35, N/A, 27.77, 0|
16:16:24 0, 63, N/A, 125.12, 78|1, 60, N/A, 131.86, 74|2, 59, N/A, 147.01, 73|3, 36, N/A, 26.56, 0|4, 37, N/A, 27.30, 0|5, 38, N/A, 26.33, 0|6, 35, N/A, 27.53, 0|
16:16:26 0, 63, N/A, 125.87, 78|1, 60, N/A, 129.91, 74|2, 59, N/A, 148.12, 73|3, 36, N/A, 26.33, 0|4, 37, N/A, 27.31, 0|5, 38, N/A, 26.35, 0|6, 35, N/A, 27.79, 0|
16:16:28 0, 63, N/A, 122.13, 78|1, 61, N/A, 128.99, 74|2, 60, N/A, 143.56, 73|3, 36, N/A, 26.56, 0|4, 37, N/A, 27.31, 0|5, 38, N/A, 26.33, 0|6, 35, N/A, 27.53, 0|
16:16:30 0, 63, N/A, 108.52, 94|1, 61, N/A, 148.03, 72|2, 59, N/A, 155.59, 68|3, 36, N/A, 26.33, 0|4, 37, N/A, 27.32, 0|5, 38, N/A, 26.35, 0|6, 35, N/A, 27.54, 0|
16:16:32 0, 63, N/A, 120.98, 86|1, 60, N/A, 133.67, 76|2, 60, N/A, 137.85, 74|3, 36, N/A, 26.58, 0|4, 37, N/A, 27.32, 0|5, 38, N/A, 26.35, 0|6, 35, N/A, 27.54, 0|
16:16:34 0, 63, N/A, 163.28, 85|1, 61, N/A, 88.20, 71|2, 60, N/A, 109.52, 81|3, 36, N/A, 26.33, 0|4, 37, N/A, 27.32, 0|5, 38, N/A, 26.35, 0|6, 35, N/A, 27.54, 0|
16:16:36 0, 63, N/A, 144.38, 93|1, 60, N/A, 161.35, 73|2, 60, N/A, 153.45, 73|3, 36, N/A, 26.33, 0|4, 37, N/A, 27.32, 0|5, 38, N/A, 26.35, 0|6, 35, N/A, 27.54, 0|
16:16:38 0, 63, N/A, 120.92, 73|1, 60, N/A, 140.45, 61|2, 60, N/A, 146.25, 70|3, 36, N/A, 26.33, 0|4, 37, N/A, 27.32, 0|5, 38, N/A, 26.35, 0|6, 35, N/A, 27.54, 0|
16:16:40 0, 64, N/A, 129.90, 85|1, 61, N/A, 120.97, 73|2, 61, N/A, 119.70, 73|3, 36, N/A, 26.33, 0|4, 37, N/A, 27.31, 0|5, 38, N/A, 26.33, 0|6, 35, N/A, 27.79, 0|
16:16:42 0, 64, N/A, 126.79, 87|1, 61, N/A, 104.35, 78|2, 61, N/A, 124.36, 72|3, 36, N/A, 26.58, 0|4, 37, N/A, 27.32, 0|5, 38, N/A, 26.35, 0|6, 35, N/A, 27.54, 0|
16:16:44 0, 64, N/A, 125.62, 88|1, 61, N/A, 123.43, 82|2, 61, N/A, 140.05, 74|3, 36, N/A, 26.33, 0|4, 37, N/A, 27.32, 0|5, 38, N/A, 26.35, 0|6, 35, N/A, 27.54, 0|
16:16:47 0, 64, N/A, 141.67, 87|1, 61, N/A, 121.46, 71|2, 61, N/A, 130.98, 76|3, 36, N/A, 26.58, 0|4, 37, N/A, 27.31, 0|5, 38, N/A, 26.35, 0|6, 35, N/A, 27.54, 0|
16:16:49 0, 64, N/A, 109.32, 84|1, 61, N/A, 131.46, 71|2, 61, N/A, 152.24, 73|3, 36, N/A, 26.33, 0|4, 37, N/A, 27.33, 0|5, 38, N/A, 26.35, 0|6, 35, N/A, 27.54, 0|
16:16:51 0, 64, N/A, 133.00, 84|1, 61, N/A, 178.49, 73|2, 62, N/A, 115.09, 74|3, 36, N/A, 26.33, 0|4, 37, N/A, 27.32, 0|5, 38, N/A, 26.35, 0|6, 35, N/A, 27.54, 0|
16:16:53 0, 64, N/A, 128.75, 82|1, 61, N/A, 97.72, 85|2, 62, N/A, 122.64, 72|3, 36, N/A, 26.58, 0|4, 37, N/A, 27.31, 0|5, 38, N/A, 26.35, 0|6, 35, N/A, 27.54, 0|
16:16:55 0, 65, N/A, 143.98, 84|1, 61, N/A, 100.66, 69|2, 62, N/A, 116.75, 81|3, 36, N/A, 26.33, 0|4, 37, N/A, 27.31, 0|5, 38, N/A, 26.35, 0|6, 35, N/A, 27.54, 0|
16:16:57 0, 65, N/A, 117.55, 94|1, 62, N/A, 119.22, 72|2, 62, N/A, 144.71, 72|3, 36, N/A, 26.58, 0|4, 37, N/A, 27.32, 0|5, 38, N/A, 26.35, 0|6, 35, N/A, 27.79, 0|
16:16:59 0, 64, N/A, 143.16, 89|1, 62, N/A, 122.93, 71|2, 62, N/A, 135.81, 74|3, 36, N/A, 26.58, 0|4, 37, N/A, 27.31, 0|5, 38, N/A, 26.35, 0|6, 35, N/A, 27.54, 0|
16:17:01 0, 65, N/A, 119.74, 91|1, 62, N/A, 158.98, 71|2, 62, N/A, 127.36, 74|3, 36, N/A, 26.58, 0|4, 37, N/A, 27.31, 0|5, 38, N/A, 26.35, 0|6, 35, N/A, 27.54, 0|
16:17:03 0, 65, N/A, 130.49, 94|1, 62, N/A, 101.40, 70|2, 62, N/A, 136.05, 69|3, 36, N/A, 26.33, 0|4, 37, N/A, 27.31, 0|5, 38, N/A, 26.35, 0|6, 35, N/A, 27.79, 0|
16:17:05 0, 64, N/A, 126.87, 70|1, 62, N/A, 146.80, 62|2, 63, N/A, 158.01, 75|3, 36, N/A, 26.33, 0|4, 37, N/A, 27.32, 0|5, 38, N/A, 26.35, 0|6, 35, N/A, 27.79, 0|
16:17:07 0, 65, N/A, 143.24, 82|1, 62, N/A, 126.54, 72|2, 63, N/A, 150.91, 80|3, 36, N/A, 26.58, 0|4, 37, N/A, 27.32, 0|5, 38, N/A, 26.35, 0|6, 35, N/A, 28.03, 0|
16:17:09 0, 65, N/A, 104.10, 93|1, 62, N/A, 128.52, 72|2, 63, N/A, 150.66, 83|3, 36, N/A, 26.58, 0|4, 37, N/A, 27.32, 0|5, 38, N/A, 26.35, 0|6, 35, N/A, 27.54, 0|
16:17:12 0, 65, N/A, 107.55, 82|1, 62, N/A, 127.71, 73|2, 63, N/A, 146.99, 74|3, 37, N/A, 26.33, 0|4, 37, N/A, 27.32, 0|5, 38, N/A, 26.59, 0|6, 35, N/A, 27.54, 0|
16:17:14 0, 65, N/A, 104.85, 94|1, 62, N/A, 119.75, 74|2, 63, N/A, 147.48, 83|3, 36, N/A, 26.33, 0|4, 37, N/A, 27.31, 0|5, 39, N/A, 26.35, 0|6, 35, N/A, 27.79, 0|
16:17:16 0, 65, N/A, 127.77, 86|1, 62, N/A, 141.43, 72|2, 63, N/A, 166.51, 71|3, 36, N/A, 26.58, 0|4, 37, N/A, 27.32, 0|5, 38, N/A, 26.59, 0|6, 35, N/A, 27.79, 0|
16:17:18 0, 65, N/A, 136.03, 93|1, 63, N/A, 149.51, 84|2, 63, N/A, 133.61, 73|3, 36, N/A, 26.33, 0|4, 37, N/A, 27.31, 0|5, 38, N/A, 26.59, 0|6, 35, N/A, 27.79, 0|
16:17:20 0, 65, N/A, 120.49, 84|1, 63, N/A, 135.06, 72|2, 63, N/A, 146.82, 72|3, 36, N/A, 26.33, 0|4, 37, N/A, 27.32, 0|5, 38, N/A, 26.35, 0|6, 35, N/A, 27.79, 0|
16:17:22 0, 65, N/A, 136.12, 94|1, 63, N/A, 107.78, 84|2, 63, N/A, 129.50, 71|3, 37, N/A, 26.33, 0|4, 37, N/A, 27.32, 0|5, 38, N/A, 26.35, 0|6, 36, N/A, 27.54, 0|
16:17:24 0, 65, N/A, 115.58, 84|1, 63, N/A, 115.76, 70|2, 63, N/A, 136.54, 72|3, 37, N/A, 26.33, 0|4, 37, N/A, 27.31, 0|5, 38, N/A, 26.59, 0|6, 36, N/A, 27.79, 0|
16:17:26 0, 66, N/A, 125.07, 94|1, 63, N/A, 150.65, 84|2, 64, N/A, 157.55, 70|3, 37, N/A, 26.33, 0|4, 37, N/A, 27.32, 0|5, 38, N/A, 26.59, 0|6, 35, N/A, 27.79, 0|
16:17:28 0, 65, N/A, 56.32, 78|1, 63, N/A, 59.03, 86|2, 64, N/A, 64.65, 83|3, 37, N/A, 26.58, 0|4, 37, N/A, 27.32, 0|5, 38, N/A, 26.35, 0|6, 36, N/A, 27.54, 0|
16:17:30 0, 66, N/A, 75.70, 85|1, 63, N/A, 106.99, 73|2, 64, N/A, 161.61, 73|3, 37, N/A, 26.33, 0|4, 37, N/A, 27.32, 0|5, 38, N/A, 26.35, 0|6, 36, N/A, 27.54, 0|
16:17:32 0, 66, N/A, 149.28, 84|1, 63, N/A, 170.90, 85|2, 64, N/A, 174.99, 73|3, 37, N/A, 26.33, 0|4, 37, N/A, 27.32, 0|5, 38, N/A, 26.59, 0|6, 36, N/A, 27.79, 0|
16:17:34 0, 65, N/A, 141.18, 95|1, 63, N/A, 121.89, 86|2, 63, N/A, 128.04, 68|3, 36, N/A, 26.33, 0|4, 37, N/A, 27.31, 0|5, 38, N/A, 26.35, 0|6, 35, N/A, 27.54, 0|
16:17:37 0, 65, N/A, 121.64, 84|1, 63, N/A, 148.36, 71|2, 63, N/A, 129.75, 73|3, 36, N/A, 26.31, 0|4, 37, N/A, 27.31, 0|5, 38, N/A, 26.35, 0|6, 35, N/A, 27.54, 0|
16:17:39 0, 65, N/A, 86.23, 84|1, 62, N/A, 79.35, 83|2, 63, N/A, 196.53, 73|3, 36, N/A, 26.33, 0|4, 37, N/A, 27.32, 0|5, 38, N/A, 26.35, 0|6, 35, N/A, 27.79, 0|
16:17:41 0, 64, N/A, 141.91, 84|1, 62, N/A, 109.44, 86|2, 63, N/A, 125.02, 71|3, 36, N/A, 26.33, 0|4, 37, N/A, 27.32, 0|5, 38, N/A, 26.35, 0|6, 35, N/A, 27.79, 0|
16:17:43 0, 64, N/A, 78.86, 94|1, 62, N/A, 167.48, 69|2, 62, N/A, 124.60, 71|3, 36, N/A, 26.33, 0|4, 37, N/A, 27.32, 0|5, 38, N/A, 26.35, 0|6, 35, N/A, 27.79, 0|
16:17:45 0, 64, N/A, 128.10, 80|1, 61, N/A, 117.97, 71|2, 62, N/A, 140.44, 83|3, 36, N/A, 26.33, 0|4, 37, N/A, 27.32, 0|5, 38, N/A, 26.35, 0|6, 35, N/A, 27.54, 0|
16:17:47 0, 64, N/A, 141.04, 81|1, 61, N/A, 113.86, 70|2, 62, N/A, 132.38, 83|3, 36, N/A, 26.33, 0|4, 37, N/A, 27.32, 0|5, 38, N/A, 26.35, 0|6, 35, N/A, 27.79, 0|
16:17:49 0, 64, N/A, 139.71, 80|1, 61, N/A, 135.29, 71|2, 62, N/A, 122.39, 81|3, 36, N/A, 26.56, 0|4, 37, N/A, 27.31, 0|5, 38, N/A, 26.33, 0|6, 35, N/A, 27.52, 0|
16:17:51 0, 63, N/A, 120.25, 94|1, 60, N/A, 137.09, 70|2, 61, N/A, 123.68, 70|3, 36, N/A, 26.33, 0|4, 37, N/A, 27.30, 0|5, 38, N/A, 26.58, 0|6, 35, N/A, 27.54, 0|
16:17:53 0, 63, N/A, 120.49, 94|1, 61, N/A, 126.38, 84|2, 61, N/A, 115.53, 70|3, 36, N/A, 26.58, 0|4, 37, N/A, 27.32, 0|5, 38, N/A, 26.35, 0|6, 35, N/A, 27.79, 0|
16:17:55 0, 63, N/A, 125.07, 77|1, 60, N/A, 131.44, 73|2, 62, N/A, 151.97, 73|3, 36, N/A, 26.31, 0|4, 37, N/A, 27.31, 0|5, 38, N/A, 26.59, 0|6, 35, N/A, 27.54, 0|
16:17:57 0, 63, N/A, 126.85, 77|1, 60, N/A, 128.74, 73|2, 62, N/A, 149.39, 73|3, 36, N/A, 26.33, 0|4, 37, N/A, 27.31, 0|5, 38, N/A, 26.35, 0|6, 35, N/A, 27.54, 0|
16:17:59 0, 63, N/A, 127.36, 77|1, 60, N/A, 124.76, 73|2, 61, N/A, 148.14, 73|3, 36, N/A, 26.33, 0|4, 37, N/A, 27.31, 0|5, 38, N/A, 26.33, 0|6, 35, N/A, 27.53, 0|
16:18:02 0, 63, N/A, 121.88, 77|1, 60, N/A, 128.43, 73|2, 62, N/A, 147.32, 73|3, 36, N/A, 26.56, 0|4, 37, N/A, 27.30, 0|5, 38, N/A, 26.33, 0|6, 35, N/A, 27.53, 0|
16:18:04 0, 63, N/A, 122.93, 77|1, 60, N/A, 129.58, 74|2, 61, N/A, 151.73, 73|3, 36, N/A, 26.31, 0|4, 37, N/A, 27.31, 0|5, 38, N/A, 26.33, 0|6, 35, N/A, 27.53, 0|
16:18:06 0, 62, N/A, 124.85, 77|1, 60, N/A, 127.51, 73|2, 61, N/A, 146.02, 73|3, 36, N/A, 26.31, 0|4, 37, N/A, 27.30, 0|5, 38, N/A, 26.59, 0|6, 35, N/A, 27.53, 0|
16:18:08 0, 62, N/A, 128.01, 77|1, 60, N/A, 130.15, 73|2, 61, N/A, 149.22, 73|3, 36, N/A, 26.31, 0|4, 37, N/A, 27.31, 0|5, 38, N/A, 26.33, 0|6, 35, N/A, 27.53, 0|
16:18:10 0, 62, N/A, 121.88, 77|1, 60, N/A, 128.43, 73|2, 61, N/A, 145.60, 73|3, 36, N/A, 26.33, 0|4, 37, N/A, 27.32, 0|5, 38, N/A, 26.33, 0|6, 35, N/A, 27.77, 0|
16:18:12 0, 62, N/A, 125.33, 77|1, 59, N/A, 130.95, 73|2, 61, N/A, 148.97, 73|3, 36, N/A, 26.33, 0|4, 37, N/A, 27.31, 0|5, 38, N/A, 26.33, 0|6, 35, N/A, 27.54, 0|
16:18:14 0, 62, N/A, 122.13, 77|1, 59, N/A, 128.74, 73|2, 61, N/A, 146.99, 73|3, 36, N/A, 26.31, 0|4, 37, N/A, 27.31, 0|5, 38, N/A, 26.33, 0|6, 35, N/A, 27.54, 0|
16:18:16 0, 62, N/A, 123.11, 77|1, 59, N/A, 128.92, 73|2, 61, N/A, 146.74, 73|3, 36, N/A, 26.56, 0|4, 37, N/A, 27.05, 0|5, 38, N/A, 26.33, 0|6, 35, N/A, 27.53, 0|
16:18:18 0, 62, N/A, 123.29, 77|1, 59, N/A, 133.18, 73|2, 61, N/A, 147.48, 73|3, 36, N/A, 26.31, 0|4, 37, N/A, 27.31, 0|5, 38, N/A, 26.33, 0|6, 35, N/A, 27.53, 0|
16:18:20 0, 62, N/A, 126.43, 77|1, 59, N/A, 126.48, 73|2, 61, N/A, 147.26, 73|3, 36, N/A, 26.58, 0|4, 37, N/A, 27.31, 0|5, 38, N/A, 26.35, 0|6, 35, N/A, 27.54, 0|
16:18:22 0, 62, N/A, 128.08, 77|1, 59, N/A, 133.10, 73|2, 61, N/A, 149.19, 73|3, 36, N/A, 26.31, 0|4, 37, N/A, 27.31, 0|5, 38, N/A, 26.33, 0|6, 35, N/A, 27.53, 0|
16:18:24 0, 62, N/A, 128.34, 77|1, 59, N/A, 127.76, 73|2, 61, N/A, 148.86, 73|3, 36, N/A, 26.31, 0|4, 37, N/A, 27.07, 0|5, 38, N/A, 26.33, 0|6, 35, N/A, 27.79, 0|
16:18:27 0, 62, N/A, 122.13, 77|1, 59, N/A, 134.47, 73|2, 61, N/A, 148.79, 73|3, 36, N/A, 26.31, 0|4, 37, N/A, 27.31, 0|5, 38, N/A, 26.35, 0|6, 35, N/A, 27.79, 0|
16:18:29 0, 62, N/A, 126.38, 77|1, 60, N/A, 132.37, 74|2, 62, N/A, 149.46, 73|3, 36, N/A, 26.33, 0|4, 37, N/A, 27.30, 0|5, 38, N/A, 26.33, 0|6, 35, N/A, 27.53, 0|
16:18:31 0, 63, N/A, 122.38, 77|1, 60, N/A, 128.20, 73|2, 62, N/A, 146.03, 73|3, 36, N/A, 26.31, 0|4, 37, N/A, 27.32, 0|5, 38, N/A, 26.33, 0|6, 35, N/A, 27.53, 0|
16:18:33 0, 63, N/A, 126.85, 77|1, 60, N/A, 127.45, 73|2, 62, N/A, 152.13, 73|3, 36, N/A, 26.56, 0|4, 37, N/A, 27.07, 0|5, 38, N/A, 26.35, 0|6, 35, N/A, 27.53, 0|
16:18:35 0, 63, N/A, 126.05, 77|1, 60, N/A, 135.61, 73|2, 62, N/A, 160.87, 73|3, 36, N/A, 26.31, 0|4, 37, N/A, 27.30, 0|5, 38, N/A, 26.35, 0|6, 35, N/A, 27.54, 0|
16:18:37 0, 63, N/A, 120.11, 77|1, 60, N/A, 128.26, 73|2, 63, N/A, 149.37, 73|3, 36, N/A, 26.56, 0|4, 37, N/A, 27.31, 0|5, 38, N/A, 26.33, 0|6, 35, N/A, 27.54, 0|
16:18:39 0, 63, N/A, 126.68, 77|1, 60, N/A, 125.25, 73|2, 63, N/A, 145.03, 73|3, 36, N/A, 26.33, 0|4, 37, N/A, 27.32, 0|5, 38, N/A, 26.35, 0|6, 35, N/A, 27.79, 0|
16:18:41 0, 63, N/A, 129.55, 77|1, 61, N/A, 138.99, 73|2, 63, N/A, 153.27, 73|3, 36, N/A, 26.58, 0|4, 37, N/A, 27.32, 0|5, 38, N/A, 26.35, 0|6, 35, N/A, 27.54, 0|
16:18:43 0, 63, N/A, 128.57, 77|1, 61, N/A, 138.63, 73|2, 63, N/A, 152.13, 73|3, 36, N/A, 26.31, 0|4, 37, N/A, 27.31, 0|5, 38, N/A, 26.35, 0|6, 35, N/A, 27.77, 0|
16:18:45 0, 64, N/A, 130.78, 77|1, 61, N/A, 131.93, 73|2, 63, N/A, 152.38, 73|3, 36, N/A, 26.56, 0|4, 37, N/A, 27.05, 0|5, 38, N/A, 26.33, 0|6, 35, N/A, 27.77, 0|
16:18:47 0, 64, N/A, 122.09, 77|1, 61, N/A, 132.66, 73|2, 64, N/A, 148.88, 73|3, 36, N/A, 26.56, 0|4, 37, N/A, 27.31, 0|5, 38, N/A, 26.58, 0|6, 35, N/A, 27.77, 0|
16:18:49 0, 64, N/A, 129.06, 77|1, 61, N/A, 135.55, 73|2, 64, N/A, 149.43, 73|3, 36, N/A, 26.56, 0|4, 37, N/A, 27.30, 0|5, 38, N/A, 26.33, 0|6, 35, N/A, 27.77, 0|
16:18:52 0, 64, N/A, 122.86, 80|1, 61, N/A, 139.94, 70|2, 63, N/A, 165.04, 83|3, 36, N/A, 26.33, 0|4, 37, N/A, 27.32, 0|5, 38, N/A, 26.33, 0|6, 35, N/A, 27.54, 0|
16:18:54 0, 64, N/A, 142.89, 80|1, 61, N/A, 128.27, 69|2, 64, N/A, 127.30, 83|3, 36, N/A, 26.33, 0|4, 37, N/A, 27.32, 0|5, 38, N/A, 26.35, 0|6, 35, N/A, 27.79, 0|
16:18:56 0, 64, N/A, 113.87, 80|1, 61, N/A, 134.16, 70|2, 64, N/A, 157.77, 84|3, 36, N/A, 26.33, 0|4, 37, N/A, 27.32, 0|5, 38, N/A, 26.35, 0|6, 35, N/A, 27.79, 0|
16:18:58 0, 64, N/A, 136.11, 80|1, 61, N/A, 117.11, 70|2, 64, N/A, 129.91, 84|3, 37, N/A, 26.33, 0|4, 37, N/A, 27.31, 0|5, 38, N/A, 26.35, 0|6, 35, N/A, 27.54, 0|
16:19:00 0, 64, N/A, 109.76, 82|1, 62, N/A, 95.51, 77|2, 64, N/A, 213.90, 71|3, 36, N/A, 26.33, 0|4, 37, N/A, 27.32, 0|5, 38, N/A, 26.35, 0|6, 35, N/A, 27.54, 0|
16:19:02 0, 64, N/A, 115.76, 82|1, 62, N/A, 147.55, 68|2, 64, N/A, 137.27, 69|3, 37, N/A, 26.33, 0|4, 37, N/A, 27.32, 0|5, 38, N/A, 26.35, 0|6, 35, N/A, 27.54, 0|
16:19:04 0, 64, N/A, 120.56, 82|1, 62, N/A, 130.72, 69|2, 65, N/A, 146.82, 71|3, 36, N/A, 26.33, 0|4, 37, N/A, 27.31, 0|5, 38, N/A, 26.35, 0|6, 35, N/A, 27.54, 0|
16:19:06 0, 64, N/A, 132.44, 94|1, 62, N/A, 153.59, 69|2, 65, N/A, 186.74, 74|3, 36, N/A, 26.33, 0|4, 37, N/A, 27.31, 0|5, 38, N/A, 26.35, 0|6, 35, N/A, 27.54, 0|
16:19:08 0, 65, N/A, 175.42, 79|1, 62, N/A, 77.93, 70|2, 65, N/A, 85.50, 83|3, 37, N/A, 26.58, 0|4, 37, N/A, 27.32, 0|5, 38, N/A, 26.59, 0|6, 35, N/A, 27.79, 0|
16:19:10 0, 65, N/A, 76.68, 81|1, 62, N/A, 106.80, 86|2, 65, N/A, 170.91, 70|3, 36, N/A, 26.33, 0|4, 37, N/A, 27.32, 0|5, 38, N/A, 26.35, 0|6, 35, N/A, 27.54, 0|
16:19:12 0, 64, N/A, 51.44, 79|1, 62, N/A, 58.78, 86|2, 65, N/A, 102.64, 83|3, 36, N/A, 26.58, 0|4, 37, N/A, 27.32, 0|5, 38, N/A, 26.35, 0|6, 35, N/A, 27.54, 0|
16:19:14 0, 65, N/A, 114.60, 95|1, 62, N/A, 127.18, 86|2, 65, N/A, 148.81, 69|3, 36, N/A, 26.58, 0|4, 37, N/A, 27.32, 0|5, 38, N/A, 26.35, 0|6, 35, N/A, 27.54, 0|
16:19:17 0, 65, N/A, 105.57, 94|1, 62, N/A, 128.27, 68|2, 65, N/A, 157.28, 70|3, 37, N/A, 26.33, 0|4, 37, N/A, 27.32, 0|5, 38, N/A, 26.35, 0|6, 35, N/A, 27.79, 0|
16:19:19 0, 65, N/A, 130.71, 81|1, 62, N/A, 119.99, 69|2, 66, N/A, 133.60, 70|3, 37, N/A, 26.33, 0|4, 37, N/A, 27.31, 0|5, 38, N/A, 26.35, 0|6, 35, N/A, 27.79, 0|
16:19:21 0, 64, N/A, 127.78, 73|1, 62, N/A, 135.37, 76|2, 66, N/A, 144.14, 71|3, 36, N/A, 26.33, 0|4, 37, N/A, 27.32, 0|5, 38, N/A, 26.35, 0|6, 35, N/A, 27.79, 0|
16:19:23 0, 65, N/A, 119.02, 95|1, 63, N/A, 133.67, 87|2, 66, N/A, 164.63, 71|3, 37, N/A, 26.33, 0|4, 37, N/A, 27.32, 0|5, 38, N/A, 26.35, 0|6, 35, N/A, 27.79, 0|
16:19:25 0, 65, N/A, 120.49, 96|1, 62, N/A, 116.38, 72|2, 66, N/A, 139.32, 68|3, 37, N/A, 26.58, 0|4, 37, N/A, 27.32, 0|5, 38, N/A, 26.59, 0|6, 35, N/A, 27.54, 0|
16:19:27 0, 64, N/A, 120.72, 81|1, 62, N/A, 144.11, 69|2, 66, N/A, 166.99, 69|3, 36, N/A, 26.33, 0|4, 37, N/A, 27.32, 0|5, 38, N/A, 26.35, 0|6, 35, N/A, 27.79, 0|
16:19:29 0, 64, N/A, 70.76, 76|1, 61, N/A, 100.91, 77|2, 65, N/A, 117.30, 69|3, 37, N/A, 26.33, 0|4, 37, N/A, 27.32, 0|5, 38, N/A, 26.35, 0|6, 35, N/A, 27.79, 0|
16:19:31 0, 64, N/A, 121.47, 95|1, 62, N/A, 144.70, 69|2, 65, N/A, 140.69, 68|3, 37, N/A, 26.33, 0|4, 37, N/A, 27.32, 0|5, 38, N/A, 26.35, 0|6, 35, N/A, 27.54, 0|
16:19:33 0, 64, N/A, 174.57, 81|1, 62, N/A, 113.11, 67|2, 65, N/A, 123.92, 85|3, 36, N/A, 26.33, 0|4, 37, N/A, 27.32, 0|5, 38, N/A, 26.59, 0|6, 35, N/A, 27.79, 0|
16:19:35 0, 64, N/A, 133.33, 81|1, 61, N/A, 149.74, 76|2, 64, N/A, 151.90, 69|3, 36, N/A, 26.33, 0|4, 37, N/A, 27.31, 0|5, 38, N/A, 26.59, 0|6, 35, N/A, 27.79, 0|
16:19:37 0, 63, N/A, 128.10, 95|1, 61, N/A, 130.97, 86|2, 64, N/A, 149.52, 68|3, 36, N/A, 26.33, 0|4, 37, N/A, 27.31, 0|5, 38, N/A, 26.35, 0|6, 35, N/A, 27.54, 0|
16:19:39 0, 64, N/A, 108.03, 85|1, 61, N/A, 130.47, 67|2, 64, N/A, 152.65, 67|3, 36, N/A, 26.33, 0|4, 37, N/A, 27.32, 0|5, 38, N/A, 26.35, 0|6, 35, N/A, 27.79, 0|
16:19:42 0, 63, N/A, 111.95, 80|1, 61, N/A, 99.93, 87|2, 64, N/A, 216.10, 69|3, 36, N/A, 26.33, 0|4, 37, N/A, 27.32, 0|5, 38, N/A, 26.35, 0|6, 35, N/A, 27.54, 0|
16:19:44 0, 63, N/A, 109.51, 94|1, 60, N/A, 124.10, 73|2, 64, N/A, 147.41, 69|3, 36, N/A, 26.33, 0|4, 37, N/A, 27.32, 0|5, 38, N/A, 26.35, 0|6, 35, N/A, 27.54, 0|
16:19:46 0, 63, N/A, 132.93, 76|1, 60, N/A, 115.89, 68|2, 64, N/A, 131.96, 82|3, 36, N/A, 26.33, 0|4, 37, N/A, 27.33, 0|5, 38, N/A, 26.36, 0|6, 35, N/A, 27.54, 0|
16:19:48 0, 63, N/A, 110.32, 80|1, 60, N/A, 94.83, 88|2, 64, N/A, 215.27, 68|3, 36, N/A, 26.35, 0|4, 37, N/A, 27.33, 0|5, 38, N/A, 26.36, 0|6, 35, N/A, 27.56, 0|
16:19:50 0, 63, N/A, 116.64, 75|1, 60, N/A, 130.32, 68|2, 63, N/A, 156.91, 73|3, 36, N/A, 26.35, 0|4, 37, N/A, 27.33, 0|5, 38, N/A, 26.61, 0|6, 35, N/A, 27.56, 0|
16:19:52 0, 63, N/A, 64.24, 78|1, 60, N/A, 60.79, 52|2, 63, N/A, 165.51, 79|3, 36, N/A, 26.35, 0|4, 37, N/A, 27.09, 0|5, 38, N/A, 26.36, 0|6, 35, N/A, 27.56, 0|
16:19:54 0, 62, N/A, 124.01, 79|1, 60, N/A, 144.23, 69|2, 63, N/A, 170.29, 69|3, 36, N/A, 26.35, 0|4, 37, N/A, 27.33, 0|5, 38, N/A, 26.36, 0|6, 35, N/A, 27.56, 0|
16:19:56 0, 63, N/A, 100.05, 96|1, 59, N/A, 122.52, 72|2, 63, N/A, 142.27, 85|3, 36, N/A, 26.35, 0|4, 37, N/A, 27.33, 0|5, 38, N/A, 26.36, 0|6, 35, N/A, 27.56, 0|
16:19:58 0, 62, N/A, 122.84, 80|1, 60, N/A, 130.07, 73|2, 63, N/A, 142.27, 70|3, 36, N/A, 26.35, 0|4, 37, N/A, 27.33, 0|5, 38, N/A, 26.36, 0|6, 35, N/A, 27.56, 0|
16:20:00 0, 62, N/A, 105.64, 80|1, 60, N/A, 130.32, 84|2, 63, N/A, 140.57, 68|3, 36, N/A, 26.35, 0|4, 37, N/A, 27.33, 0|5, 38, N/A, 26.36, 0|6, 35, N/A, 27.56, 0|
16:20:02 0, 62, N/A, 132.27, 75|1, 59, N/A, 161.78, 77|2, 63, N/A, 182.67, 85|3, 36, N/A, 26.33, 0|4, 37, N/A, 27.32, 0|5, 38, N/A, 26.35, 0|6, 35, N/A, 27.54, 0|
16:20:04 0, 62, N/A, 102.94, 79|1, 59, N/A, 167.57, 65|2, 62, N/A, 140.05, 67|3, 36, N/A, 26.35, 0|4, 37, N/A, 27.33, 0|5, 38, N/A, 26.36, 0|6, 35, N/A, 27.81, 0|
16:20:07 0, 61, N/A, 115.17, 71|1, 59, N/A, 128.35, 59|2, 63, N/A, 156.40, 85|3, 36, N/A, 26.35, 0|4, 37, N/A, 27.33, 0|5, 38, N/A, 26.36, 0|6, 35, N/A, 27.56, 0|
16:20:09 0, 62, N/A, 80.92, 83|1, 59, N/A, 74.53, 88|2, 63, N/A, 216.88, 68|3, 36, N/A, 26.35, 0|4, 37, N/A, 27.09, 0|5, 38, N/A, 26.36, 0|6, 35, N/A, 27.58, 0|
16:20:11 0, 62, N/A, 119.83, 75|1, 59, N/A, 134.56, 67|2, 62, N/A, 140.15, 79|3, 36, N/A, 26.35, 0|4, 37, N/A, 27.33, 0|5, 38, N/A, 26.36, 0|6, 35, N/A, 27.56, 0|
16:20:13 0, 61, N/A, 112.52, 95|1, 59, N/A, 125.89, 88|2, 62, N/A, 152.50, 65|3, 36, N/A, 26.35, 0|4, 37, N/A, 27.33, 0|5, 38, N/A, 26.36, 0|6, 35, N/A, 27.56, 0|
16:20:15 0, 62, N/A, 170.36, 95|1, 59, N/A, 181.04, 66|2, 62, N/A, 203.64, 67|3, 36, N/A, 26.59, 0|4, 37, N/A, 27.33, 0|5, 38, N/A, 26.36, 0|6, 35, N/A, 27.56, 0|
16:20:17 0, 62, N/A, 55.16, 79|1, 59, N/A, 70.10, 80|2, 63, N/A, 164.02, 67|3, 36, N/A, 26.35, 0|4, 37, N/A, 27.33, 0|5, 38, N/A, 26.36, 0|6, 35, N/A, 27.56, 0|
16:20:19 0, 62, N/A, 110.75, 94|1, 59, N/A, 110.07, 66|2, 63, N/A, 144.73, 67|3, 36, N/A, 26.35, 0|4, 37, N/A, 27.33, 0|5, 38, N/A, 26.36, 0|6, 35, N/A, 27.56, 0|
16:20:21 0, 62, N/A, 109.84, 83|1, 59, N/A, 109.09, 54|2, 63, N/A, 140.56, 84|3, 36, N/A, 26.35, 0|4, 37, N/A, 27.09, 0|5, 38, N/A, 26.36, 0|6, 35, N/A, 27.56, 0|
16:20:23 0, 62, N/A, 123.52, 95|1, 59, N/A, 137.11, 66|2, 63, N/A, 169.31, 66|3, 36, N/A, 26.35, 0|4, 37, N/A, 27.33, 0|5, 38, N/A, 26.36, 0|6, 35, N/A, 27.56, 0|
16:20:25 0, 63, N/A, 172.48, 79|1, 60, N/A, 179.08, 86|2, 63, N/A, 210.48, 68|3, 36, N/A, 26.35, 0|4, 37, N/A, 27.33, 0|5, 38, N/A, 26.36, 0|6, 35, N/A, 27.56, 0|
16:20:27 0, 62, N/A, 178.87, 73|1, 60, N/A, 85.30, 66|2, 64, N/A, 95.13, 82|3, 36, N/A, 26.35, 0|4, 37, N/A, 27.33, 0|5, 38, N/A, 26.36, 0|6, 35, N/A, 27.56, 0|
16:20:30 0, 63, N/A, 94.59, 77|1, 60, N/A, 130.24, 66|2, 64, N/A, 163.43, 65|3, 36, N/A, 26.35, 0|4, 37, N/A, 27.33, 0|5, 38, N/A, 26.36, 0|6, 35, N/A, 27.81, 0|
16:20:32 0, 64, N/A, 117.31, 95|1, 60, N/A, 125.41, 69|2, 64, N/A, 153.54, 87|3, 36, N/A, 26.35, 0|4, 37, N/A, 27.09, 0|5, 38, N/A, 26.36, 0|6, 35, N/A, 27.56, 0|
16:20:34 0, 63, N/A, 113.69, 95|1, 61, N/A, 149.62, 66|2, 64, N/A, 140.88, 74|3, 36, N/A, 26.35, 0|4, 37, N/A, 27.33, 0|5, 38, N/A, 26.36, 0|6, 35, N/A, 27.56, 0|
16:20:36 0, 64, N/A, 112.28, 96|1, 60, N/A, 125.96, 66|2, 64, N/A, 150.12, 84|3, 36, N/A, 26.35, 0|4, 37, N/A, 27.35, 0|5, 38, N/A, 26.36, 0|6, 35, N/A, 27.56, 0|
16:20:38 0, 63, N/A, 134.48, 93|1, 61, N/A, 126.70, 65|2, 64, N/A, 136.21, 67|3, 36, N/A, 26.35, 0|4, 37, N/A, 27.33, 0|5, 38, N/A, 26.36, 0|6, 35, N/A, 27.56, 0|
16:20:40 0, 63, N/A, 90.23, 77|1, 61, N/A, 122.22, 66|2, 65, N/A, 146.86, 67|3, 36, N/A, 26.35, 0|4, 37, N/A, 27.33, 0|5, 38, N/A, 26.36, 0|6, 35, N/A, 27.56, 0|
16:20:42 0, 63, N/A, 105.15, 76|1, 61, N/A, 131.12, 64|2, 65, N/A, 160.10, 67|3, 36, N/A, 26.59, 0|4, 37, N/A, 27.33, 0|5, 38, N/A, 26.36, 0|6, 35, N/A, 27.56, 0|
16:20:44 0, 64, N/A, 105.40, 77|1, 61, N/A, 109.33, 67|2, 66, N/A, 142.70, 67|3, 36, N/A, 26.59, 0|4, 37, N/A, 27.33, 0|5, 38, N/A, 26.36, 0|6, 35, N/A, 27.56, 0|
16:20:46 0, 64, N/A, 155.29, 84|1, 61, N/A, 82.65, 65|2, 65, N/A, 103.20, 75|3, 36, N/A, 26.59, 0|4, 37, N/A, 27.33, 0|5, 38, N/A, 26.61, 0|6, 35, N/A, 27.56, 0|
16:20:48 0, 64, N/A, 98.27, 77|1, 61, N/A, 129.58, 65|2, 66, N/A, 138.61, 67|3, 36, N/A, 26.59, 0|4, 37, N/A, 27.35, 0|5, 38, N/A, 26.61, 0|6, 35, N/A, 27.56, 0|
16:20:50 0, 64, N/A, 180.19, 72|1, 62, N/A, 90.47, 65|2, 66, N/A, 99.27, 83|3, 36, N/A, 26.59, 0|4, 37, N/A, 27.33, 0|5, 38, N/A, 26.36, 0|6, 35, N/A, 27.56, 0|
16:20:52 0, 64, N/A, 117.93, 96|1, 61, N/A, 136.69, 63|2, 66, N/A, 160.82, 66|3, 36, N/A, 26.59, 0|4, 37, N/A, 27.33, 0|5, 38, N/A, 26.36, 0|6, 35, N/A, 27.56, 0|
16:20:54 0, 64, N/A, 137.91, 56|1, 62, N/A, 120.07, 62|2, 66, N/A, 129.27, 71|3, 36, N/A, 26.35, 0|4, 37, N/A, 27.33, 0|5, 38, N/A, 26.36, 0|6, 35, N/A, 27.56, 0|
16:20:57 0, 64, N/A, 108.59, 91|1, 62, N/A, 123.20, 63|2, 66, N/A, 154.71, 65|3, 36, N/A, 26.59, 0|4, 37, N/A, 27.33, 0|5, 38, N/A, 26.36, 0|6, 35, N/A, 27.56, 0|
16:20:59 0, 64, N/A, 124.99, 76|1, 62, N/A, 134.00, 72|2, 66, N/A, 134.42, 66|3, 36, N/A, 26.35, 0|4, 37, N/A, 27.33, 0|5, 38, N/A, 26.61, 0|6, 35, N/A, 27.56, 0|
16:21:01 0, 65, N/A, 152.07, 55|1, 62, N/A, 126.14, 53|2, 66, N/A, 218.93, 67|3, 36, N/A, 26.35, 0|4, 37, N/A, 27.33, 0|5, 38, N/A, 26.61, 0|6, 35, N/A, 27.56, 0|
16:21:03 0, 64, N/A, 156.00, 94|1, 62, N/A, 169.13, 64|2, 66, N/A, 200.20, 66|3, 36, N/A, 26.59, 0|4, 37, N/A, 27.33, 0|5, 38, N/A, 26.36, 0|6, 35, N/A, 27.56, 0|
16:21:05 0, 64, N/A, 105.65, 75|1, 62, N/A, 129.09, 65|2, 66, N/A, 165.63, 66|3, 36, N/A, 26.35, 0|4, 37, N/A, 27.33, 0|5, 38, N/A, 26.36, 0|6, 35, N/A, 27.56, 0|
16:21:07 0, 63, N/A, 52.42, 56|1, 61, N/A, 79.85, 70|2, 66, N/A, 165.88, 71|3, 36, N/A, 26.35, 0|4, 37, N/A, 27.33, 0|5, 38, N/A, 26.36, 0|6, 35, N/A, 27.56, 0|
16:21:09 0, 64, N/A, 177.62, 96|1, 61, N/A, 188.28, 66|2, 65, N/A, 163.93, 62|3, 36, N/A, 26.59, 0|4, 37, N/A, 27.33, 0|5, 38, N/A, 26.36, 0|6, 35, N/A, 27.56, 0|
16:21:11 0, 63, N/A, 121.31, 95|1, 61, N/A, 140.30, 91|2, 65, N/A, 166.12, 75|3, 36, N/A, 26.59, 0|4, 37, N/A, 27.33, 0|5, 38, N/A, 26.36, 0|6, 35, N/A, 27.81, 0|
16:21:13 0, 64, N/A, 54.67, 76|1, 61, N/A, 56.36, 47|2, 66, N/A, 156.93, 74|3, 36, N/A, 26.59, 0|4, 37, N/A, 27.33, 0|5, 38, N/A, 26.36, 0|6, 35, N/A, 27.56, 0|
16:21:15 0, 63, N/A, 166.22, 97|1, 60, N/A, 177.38, 61|2, 65, N/A, 207.78, 65|3, 36, N/A, 26.35, 0|4, 37, N/A, 27.33, 0|5, 38, N/A, 26.36, 0|6, 35, N/A, 27.56, 0|
16:21:17 0, 63, N/A, 118.36, 75|1, 61, N/A, 117.86, 68|2, 64, N/A, 146.20, 67|3, 36, N/A, 26.59, 0|4, 37, N/A, 27.35, 0|5, 38, N/A, 26.36, 0|6, 35, N/A, 27.56, 0|
16:21:20 0, 63, N/A, 174.93, 56|1, 60, N/A, 184.47, 66|2, 65, N/A, 214.53, 73|3, 36, N/A, 26.59, 0|4, 37, N/A, 27.33, 0|5, 38, N/A, 26.36, 0|6, 35, N/A, 27.56, 0|
16:21:22 0, 63, N/A, 120.82, 95|1, 60, N/A, 122.03, 65|2, 64, N/A, 155.17, 65|3, 36, N/A, 26.35, 0|4, 37, N/A, 27.33, 0|5, 38, N/A, 26.36, 0|6, 35, N/A, 27.56, 0|
16:21:24 0, 63, N/A, 83.87, 95|1, 60, N/A, 190.76, 65|2, 64, N/A, 86.77, 65|3, 36, N/A, 26.59, 0|4, 37, N/A, 27.33, 0|5, 38, N/A, 26.36, 0|6, 35, N/A, 27.56, 0|
16:21:26 0, 62, N/A, 102.20, 54|1, 59, N/A, 120.25, 60|2, 64, N/A, 152.23, 74|3, 36, N/A, 26.35, 0|4, 37, N/A, 27.08, 0|5, 38, N/A, 26.36, 0|6, 35, N/A, 27.56, 0|
16:21:28 0, 63, N/A, 180.21, 71|1, 60, N/A, 57.62, 66|2, 64, N/A, 67.19, 83|3, 36, N/A, 26.59, 0|4, 37, N/A, 27.33, 0|5, 38, N/A, 26.36, 0|6, 35, N/A, 27.56, 0|
16:21:30 0, 62, N/A, 113.27, 70|1, 59, N/A, 114.18, 65|2, 64, N/A, 154.46, 83|3, 36, N/A, 26.35, 0|4, 37, N/A, 27.09, 0|5, 38, N/A, 26.36, 0|6, 35, N/A, 27.56, 0|
16:21:32 0, 62, N/A, 50.72, 74|1, 59, N/A, 81.37, 90|2, 64, N/A, 164.93, 64|3, 36, N/A, 26.35, 0|4, 37, N/A, 27.09, 0|5, 38, N/A, 26.36, 0|6, 35, N/A, 27.56, 0|
16:21:34 0, 62, N/A, 111.29, 74|1, 59, N/A, 126.39, 64|2, 63, N/A, 159.26, 62|3, 36, N/A, 26.35, 0|4, 37, N/A, 27.09, 0|5, 38, N/A, 26.36, 0|6, 35, N/A, 27.56, 0|
16:21:36 0, 62, N/A, 162.53, 71|1, 59, N/A, 179.25, 64|2, 63, N/A, 206.95, 88|3, 36, N/A, 26.35, 0|4, 37, N/A, 27.08, 0|5, 38, N/A, 26.36, 0|6, 35, N/A, 27.56, 0|
16:21:38 0, 62, N/A, 117.93, 95|1, 59, N/A, 116.07, 88|2, 63, N/A, 143.99, 62|3, 36, N/A, 26.35, 0|4, 37, N/A, 27.33, 0|5, 38, N/A, 26.36, 0|6, 35, N/A, 27.56, 0|
16:21:40 0, 61, N/A, 138.16, 74|1, 59, N/A, 119.58, 86|2, 63, N/A, 133.69, 67|3, 36, N/A, 26.35, 0|4, 37, N/A, 27.33, 0|5, 38, N/A, 26.36, 0|6, 35, N/A, 27.56, 0|
16:21:42 0, 62, N/A, 97.59, 75|1, 59, N/A, 81.91, 86|2, 63, N/A, 218.10, 65|3, 36, N/A, 26.35, 0|4, 37, N/A, 27.09, 0|5, 38, N/A, 26.36, 0|6, 35, N/A, 27.56, 0|
16:21:45 0, 62, N/A, 132.54, 96|1, 59, N/A, 100.49, 77|2, 63, N/A, 143.75, 63|3, 36, N/A, 26.35, 0|4, 37, N/A, 27.08, 0|5, 38, N/A, 26.36, 0|6, 35, N/A, 27.56, 0|
16:21:47 0, 62, N/A, 134.26, 94|1, 58, N/A, 120.32, 62|2, 63, N/A, 137.86, 64|3, 36, N/A, 26.35, 0|4, 37, N/A, 27.33, 0|5, 38, N/A, 26.36, 0|6, 35, N/A, 27.56, 0|
16:21:49 0, 62, N/A, 166.19, 94|1, 58, N/A, 187.79, 65|2, 63, N/A, 144.23, 68|3, 36, N/A, 26.35, 0|4, 37, N/A, 27.33, 0|5, 38, N/A, 26.36, 0|6, 35, N/A, 27.56, 0|
16:21:51 0, 61, N/A, 107.85, 73|1, 58, N/A, 134.73, 65|2, 63, N/A, 161.79, 71|3, 36, N/A, 26.35, 0|4, 37, N/A, 27.09, 0|5, 38, N/A, 26.36, 0|6, 35, N/A, 27.56, 0|
16:21:53 0, 61, N/A, 105.40, 71|1, 59, N/A, 115.89, 70|2, 63, N/A, 142.70, 89|3, 36, N/A, 26.35, 0|4, 37, N/A, 27.33, 0|5, 38, N/A, 26.36, 0|6, 35, N/A, 27.56, 0|
16:21:55 0, 61, N/A, 135.72, 74|1, 59, N/A, 113.19, 65|2, 63, N/A, 130.08, 87|3, 36, N/A, 26.35, 0|4, 37, N/A, 27.33, 0|5, 38, N/A, 26.36, 0|6, 35, N/A, 27.56, 0|
16:21:57 0, 62, N/A, 134.24, 94|1, 60, N/A, 189.14, 62|2, 64, N/A, 111.74, 80|3, 36, N/A, 26.35, 0|4, 37, N/A, 27.33, 0|5, 38, N/A, 26.36, 0|6, 35, N/A, 27.56, 0|
16:21:59 0, 61, N/A, 110.07, 77|1, 59, N/A, 112.95, 49|2, 63, N/A, 144.73, 87|3, 36, N/A, 26.59, 0|4, 37, N/A, 27.09, 0|5, 38, N/A, 26.36, 0|6, 35, N/A, 27.56, 0|
16:22:01 0, 62, N/A, 132.11, 95|1, 59, N/A, 149.85, 65|2, 64, N/A, 177.55, 74|3, 36, N/A, 26.35, 0|4, 37, N/A, 27.33, 0|5, 38, N/A, 26.36, 0|6, 35, N/A, 27.56, 0|
16:22:03 0, 62, N/A, 124.12, 75|1, 59, N/A, 129.58, 72|2, 64, N/A, 152.92, 72|3, 36, N/A, 26.35, 0|4, 37, N/A, 27.33, 0|5, 38, N/A, 26.36, 0|6, 35, N/A, 27.81, 0|
16:22:05 0, 62, N/A, 125.67, 75|1, 60, N/A, 141.92, 72|2, 64, N/A, 162.14, 72|3, 36, N/A, 26.59, 0|4, 37, N/A, 27.33, 0|5, 38, N/A, 26.36, 0|6, 35, N/A, 27.56, 0|
16:22:07 0, 63, N/A, 125.73, 75|1, 60, N/A, 131.96, 72|2, 64, N/A, 151.50, 72|3, 36, N/A, 26.35, 0|4, 37, N/A, 27.33, 0|5, 38, N/A, 26.61, 0|6, 35, N/A, 27.56, 0|
16:22:10 0, 63, N/A, 125.13, 75|1, 60, N/A, 131.19, 72|2, 64, N/A, 158.12, 72|3, 36, N/A, 26.33, 0|4, 37, N/A, 27.07, 0|5, 38, N/A, 26.35, 0|6, 35, N/A, 27.54, 0|
16:22:12 0, 63, N/A, 129.24, 75|1, 60, N/A, 132.49, 72|2, 65, N/A, 162.99, 72|3, 36, N/A, 26.33, 0|4, 37, N/A, 27.31, 0|5, 38, N/A, 26.35, 0|6, 35, N/A, 27.54, 0|
16:22:14 0, 63, N/A, 124.09, 75|1, 60, N/A, 133.40, 72|2, 65, N/A, 153.60, 71|3, 36, N/A, 26.57, 0|4, 37, N/A, 27.31, 0|5, 38, N/A, 26.35, 0|6, 35, N/A, 27.77, 0|
16:22:16 0, 63, N/A, 123.17, 75|1, 60, N/A, 128.81, 72|2, 65, N/A, 152.05, 72|3, 36, N/A, 26.33, 0|4, 37, N/A, 27.30, 0|5, 38, N/A, 26.33, 0|6, 35, N/A, 27.54, 0|
16:22:18 0, 63, N/A, 120.86, 68|1, 60, N/A, 127.46, 56|2, 65, N/A, 147.32, 57|3, 36, N/A, 26.58, 0|4, 37, N/A, 27.32, 0|5, 38, N/A, 26.35, 0|6, 35, N/A, 27.77, 0|
16:22:20 0, 63, N/A, 121.94, 75|1, 61, N/A, 132.12, 72|2, 65, N/A, 150.32, 72|3, 36, N/A, 26.31, 0|4, 37, N/A, 27.07, 0|5, 38, N/A, 26.59, 0|6, 35, N/A, 27.79, 0|
16:22:22 0, 63, N/A, 122.70, 75|1, 61, N/A, 127.78, 72|2, 65, N/A, 154.75, 72|3, 36, N/A, 26.31, 0|4, 37, N/A, 27.32, 0|5, 38, N/A, 26.35, 0|6, 35, N/A, 27.54, 0|
16:22:24 0, 64, N/A, 124.65, 75|1, 61, N/A, 133.40, 72|2, 66, N/A, 150.75, 72|3, 36, N/A, 26.31, 0|4, 37, N/A, 27.31, 0|5, 38, N/A, 26.35, 0|6, 35, N/A, 27.54, 0|
16:22:26 0, 64, N/A, 120.29, 75|1, 61, N/A, 132.68, 72|2, 66, N/A, 148.58, 72|3, 36, N/A, 26.33, 0|4, 37, N/A, 27.32, 0|5, 38, N/A, 26.58, 0|6, 35, N/A, 27.79, 0|
16:22:28 0, 64, N/A, 127.53, 75|1, 61, N/A, 129.90, 72|2, 66, N/A, 149.37, 72|3, 36, N/A, 26.56, 0|4, 37, N/A, 27.31, 0|5, 38, N/A, 26.33, 0|6, 35, N/A, 27.53, 0|
16:22:30 0, 64, N/A, 121.46, 75|1, 61, N/A, 128.76, 72|2, 65, N/A, 154.67, 72|3, 36, N/A, 26.58, 0|4, 37, N/A, 27.31, 0|5, 38, N/A, 26.35, 0|6, 35, N/A, 27.79, 0|
16:22:32 0, 63, N/A, 120.96, 75|1, 61, N/A, 131.14, 72|2, 65, N/A, 158.12, 72|3, 36, N/A, 26.31, 0|4, 37, N/A, 27.07, 0|5, 38, N/A, 26.59, 0|6, 35, N/A, 27.54, 0|
16:22:34 0, 63, N/A, 122.49, 75|1, 61, N/A, 131.19, 57|2, 65, N/A, 153.28, 72|3, 36, N/A, 26.56, 0|4, 37, N/A, 27.30, 0|5, 38, N/A, 26.33, 0|6, 35, N/A, 27.54, 0|
16:22:37 0, 63, N/A, 125.50, 75|1, 60, N/A, 131.26, 72|2, 65, N/A, 159.04, 72|3, 36, N/A, 26.31, 0|4, 37, N/A, 27.07, 0|5, 38, N/A, 26.33, 0|6, 35, N/A, 27.53, 0|
16:22:39 0, 63, N/A, 122.38, 75|1, 60, N/A, 131.46, 72|2, 65, N/A, 150.51, 72|3, 36, N/A, 26.31, 0|4, 37, N/A, 27.31, 0|5, 38, N/A, 26.33, 0|6, 35, N/A, 27.53, 0|
16:22:41 0, 63, N/A, 124.36, 75|1, 60, N/A, 131.38, 72|2, 65, N/A, 149.85, 72|3, 36, N/A, 26.56, 0|4, 37, N/A, 27.31, 0|5, 38, N/A, 26.33, 0|6, 35, N/A, 27.54, 0|
16:22:43 0, 62, N/A, 124.20, 75|1, 60, N/A, 142.81, 72|2, 64, N/A, 160.32, 72|3, 36, N/A, 26.33, 0|4, 37, N/A, 27.05, 0|5, 38, N/A, 26.33, 0|6, 35, N/A, 27.53, 0|
16:22:45 0, 62, N/A, 122.39, 75|1, 60, N/A, 128.76, 72|2, 64, N/A, 151.64, 72|3, 36, N/A, 26.31, 0|4, 37, N/A, 27.32, 0|5, 38, N/A, 26.35, 0|6, 35, N/A, 27.54, 0|
16:22:47 0, 62, N/A, 126.07, 75|1, 60, N/A, 129.48, 72|2, 64, N/A, 151.73, 72|3, 36, N/A, 26.33, 0|4, 37, N/A, 27.32, 0|5, 38, N/A, 26.35, 0|6, 35, N/A, 27.54, 0|
16:22:49 0, 62, N/A, 125.52, 75|1, 59, N/A, 135.10, 72|2, 64, N/A, 160.39, 72|3, 36, N/A, 26.33, 0|4, 37, N/A, 27.31, 0|5, 38, N/A, 26.33, 0|6, 35, N/A, 27.53, 0|
16:22:51 0, 62, N/A, 120.43, 75|1, 59, N/A, 128.26, 72|2, 64, N/A, 154.83, 72|3, 36, N/A, 26.58, 0|4, 37, N/A, 27.32, 0|5, 38, N/A, 26.35, 0|6, 35, N/A, 27.53, 0|
16:22:53 0, 62, N/A, 128.12, 76|1, 59, N/A, 132.85, 72|2, 63, N/A, 153.10, 72|3, 36, N/A, 26.33, 0|4, 37, N/A, 27.31, 0|5, 38, N/A, 26.35, 0|6, 35, N/A, 27.79, 0|
16:22:55 0, 62, N/A, 122.86, 75|1, 59, N/A, 125.00, 72|2, 63, N/A, 149.71, 72|3, 36, N/A, 26.31, 0|4, 37, N/A, 27.30, 0|5, 38, N/A, 26.33, 0|6, 35, N/A, 27.53, 0|
16:22:57 0, 62, N/A, 127.59, 75|1, 59, N/A, 130.83, 72|2, 63, N/A, 156.39, 72|3, 36, N/A, 26.31, 0|4, 37, N/A, 27.31, 0|5, 38, N/A, 26.35, 0|6, 35, N/A, 27.53, 0|
16:22:59 0, 62, N/A, 126.36, 75|1, 59, N/A, 127.10, 72|2, 63, N/A, 146.37, 72|3, 36, N/A, 26.58, 0|4, 37, N/A, 27.07, 0|5, 38, N/A, 26.35, 0|6, 35, N/A, 27.79, 0|
16:23:02 0, 62, N/A, 122.19, 75|1, 59, N/A, 127.95, 72|2, 63, N/A, 154.09, 72|3, 36, N/A, 26.33, 0|4, 37, N/A, 27.31, 0|5, 38, N/A, 26.35, 0|6, 35, N/A, 27.54, 0|
16:23:04 0, 61, N/A, 125.62, 75|1, 59, N/A, 135.63, 72|2, 63, N/A, 156.08, 72|3, 36, N/A, 26.56, 0|4, 37, N/A, 27.07, 0|5, 38, N/A, 26.35, 0|6, 35, N/A, 27.54, 0|
16:23:06 0, 61, N/A, 123.66, 75|1, 58, N/A, 128.19, 72|2, 63, N/A, 149.09, 72|3, 36, N/A, 26.31, 0|4, 37, N/A, 27.31, 0|5, 38, N/A, 26.35, 0|6, 35, N/A, 27.77, 0|
16:23:08 0, 60, N/A, 125.81, 77|1, 57, N/A, 134.79, 60|2, 62, N/A, 159.48, 87|3, 36, N/A, 26.33, 0|4, 37, N/A, 27.07, 0|5, 38, N/A, 26.35, 0|6, 35, N/A, 27.54, 0|
16:23:10 0, 61, N/A, 105.81, 94|1, 58, N/A, 189.17, 62|2, 63, N/A, 103.80, 63|3, 36, N/A, 26.33, 0|4, 37, N/A, 27.32, 0|5, 38, N/A, 26.35, 0|6, 35, N/A, 27.54, 0|
16:23:12 0, 61, N/A, 61.98, 95|1, 59, N/A, 189.29, 62|2, 62, N/A, 70.31, 58|3, 36, N/A, 26.58, 0|4, 37, N/A, 27.07, 0|5, 38, N/A, 26.35, 0|6, 35, N/A, 27.54, 0|
16:23:14 0, 61, N/A, 55.13, 70|1, 58, N/A, 57.10, 78|2, 63, N/A, 68.87, 63|3, 36, N/A, 26.35, 0|4, 37, N/A, 27.09, 0|5, 38, N/A, 26.35, 0|6, 35, N/A, 27.55, 0|
16:23:16 0, 60, N/A, 124.17, 90|1, 58, N/A, 112.40, 88|2, 62, N/A, 149.78, 89|3, 36, N/A, 26.33, 0|4, 37, N/A, 27.09, 0|5, 38, N/A, 26.35, 0|6, 35, N/A, 27.54, 0|
16:23:18 0, 60, N/A, 111.78, 69|1, 58, N/A, 117.56, 62|2, 62, N/A, 145.05, 60|3, 36, N/A, 26.59, 0|4, 37, N/A, 27.09, 0|5, 38, N/A, 26.36, 0|6, 35, N/A, 27.81, 0|
16:23:20 0, 61, N/A, 124.50, 98|1, 58, N/A, 138.41, 78|2, 62, N/A, 161.06, 63|3, 36, N/A, 26.35, 0|4, 36, N/A, 27.33, 0|5, 38, N/A, 26.36, 0|6, 35, N/A, 27.56, 0|
16:23:22 0, 61, N/A, 125.73, 81|1, 58, N/A, 122.03, 65|2, 62, N/A, 133.20, 76|3, 36, N/A, 26.35, 0|4, 36, N/A, 27.09, 0|5, 38, N/A, 26.36, 0|6, 35, N/A, 27.56, 0|
16:23:24 0, 60, N/A, 108.12, 97|1, 58, N/A, 125.65, 77|2, 62, N/A, 139.41, 63|3, 36, N/A, 26.35, 0|4, 36, N/A, 27.09, 0|5, 38, N/A, 26.36, 0|6, 35, N/A, 27.56, 0|
16:23:27 0, 60, N/A, 145.28, 83|1, 58, N/A, 163.41, 89|2, 61, N/A, 182.18, 64|3, 36, N/A, 26.35, 0|4, 37, N/A, 27.08, 0|5, 38, N/A, 26.36, 0|6, 35, N/A, 27.56, 0|
16:23:29 0, 60, N/A, 137.93, 72|1, 58, N/A, 126.94, 90|2, 61, N/A, 138.60, 65|3, 36, N/A, 26.10, 0|4, 36, N/A, 27.08, 0|5, 38, N/A, 26.36, 0|6, 35, N/A, 27.56, 0|
16:23:31 0, 60, N/A, 115.90, 71|1, 57, N/A, 136.20, 42|2, 62, N/A, 148.65, 79|3, 36, N/A, 26.35, 0|4, 36, N/A, 27.09, 0|5, 38, N/A, 26.36, 0|6, 35, N/A, 27.56, 0|
16:23:33 0, 60, N/A, 118.11, 69|1, 58, N/A, 142.26, 62|2, 62, N/A, 164.75, 84|3, 36, N/A, 26.35, 0|4, 36, N/A, 27.08, 0|5, 38, N/A, 26.36, 0|6, 35, N/A, 27.56, 0|
16:23:35 0, 61, N/A, 130.56, 84|1, 58, N/A, 114.68, 61|2, 62, N/A, 125.67, 89|3, 36, N/A, 26.59, 0|4, 37, N/A, 27.09, 0|5, 38, N/A, 26.36, 0|6, 35, N/A, 27.56, 0|
16:23:37 0, 61, N/A, 133.75, 96|1, 58, N/A, 148.39, 63|2, 63, N/A, 145.30, 82|3, 36, N/A, 26.10, 0|4, 37, N/A, 27.09, 0|5, 38, N/A, 26.36, 0|6, 35, N/A, 27.56, 0|
16:23:39 0, 61, N/A, 128.85, 95|1, 58, N/A, 121.54, 64|2, 63, N/A, 140.39, 63|3, 36, N/A, 26.59, 0|4, 37, N/A, 27.09, 0|5, 38, N/A, 26.36, 0|6, 35, N/A, 27.56, 0|
16:23:41 0, 62, N/A, 100.73, 96|1, 58, N/A, 129.83, 70|2, 63, N/A, 160.32, 85|3, 36, N/A, 26.59, 0|4, 37, N/A, 27.09, 0|5, 38, N/A, 26.36, 0|6, 35, N/A, 27.56, 0|
16:23:43 0, 61, N/A, 114.49, 90|1, 59, N/A, 110.98, 57|2, 63, N/A, 140.56, 63|3, 36, N/A, 26.59, 0|4, 37, N/A, 27.09, 0|5, 38, N/A, 26.36, 0|6, 35, N/A, 27.56, 0|
16:23:45 0, 61, N/A, 118.11, 72|1, 60, N/A, 143.32, 83|2, 63, N/A, 114.43, 63|3, 36, N/A, 26.59, 0|4, 37, N/A, 27.33, 0|5, 38, N/A, 26.36, 0|6, 35, N/A, 27.56, 0|
16:23:47 0, 62, N/A, 102.94, 78|1, 59, N/A, 127.36, 89|2, 65, N/A, 164.75, 85|3, 36, N/A, 26.35, 0|4, 37, N/A, 27.33, 0|5, 38, N/A, 26.36, 0|6, 35, N/A, 27.56, 0|
16:23:49 0, 63, N/A, 105.40, 73|1, 60, N/A, 92.67, 86|2, 64, N/A, 218.97, 63|3, 36, N/A, 26.35, 0|4, 37, N/A, 27.33, 0|5, 38, N/A, 26.36, 0|6, 35, N/A, 27.56, 0|
16:23:52 0, 62, N/A, 120.32, 72|1, 60, N/A, 143.98, 90|2, 64, N/A, 154.68, 65|3, 36, N/A, 26.35, 0|4, 37, N/A, 27.33, 0|5, 38, N/A, 26.36, 0|6, 35, N/A, 27.56, 0|
16:23:54 0, 62, N/A, 134.98, 90|1, 60, N/A, 146.19, 60|2, 65, N/A, 141.37, 87|3, 36, N/A, 26.59, 0|4, 37, N/A, 27.33, 0|5, 38, N/A, 26.36, 0|6, 35, N/A, 27.56, 0|
16:23:56 0, 62, N/A, 126.22, 75|1, 60, N/A, 114.18, 86|2, 65, N/A, 139.09, 87|3, 36, N/A, 26.35, 0|4, 37, N/A, 27.33, 0|5, 38, N/A, 26.36, 0|6, 35, N/A, 27.56, 0|
16:23:58 0, 63, N/A, 54.17, 48|1, 60, N/A, 56.11, 71|2, 65, N/A, 210.02, 65|3, 36, N/A, 26.35, 0|4, 37, N/A, 27.35, 0|5, 38, N/A, 26.36, 0|6, 35, N/A, 27.56, 0|
16:24:00 0, 63, N/A, 180.68, 78|1, 61, N/A, 91.45, 61|2, 65, N/A, 101.23, 80|3, 36, N/A, 26.35, 0|4, 37, N/A, 27.33, 0|5, 38, N/A, 26.36, 0|6, 35, N/A, 27.56, 0|
16:24:02 0, 63, N/A, 123.76, 74|1, 60, N/A, 136.21, 58|2, 65, N/A, 158.85, 89|3, 36, N/A, 26.35, 0|4, 37, N/A, 27.33, 0|5, 38, N/A, 26.36, 0|6, 35, N/A, 27.56, 0|
16:24:04 0, 63, N/A, 140.63, 97|1, 60, N/A, 110.57, 63|2, 65, N/A, 134.50, 62|3, 36, N/A, 26.35, 0|4, 37, N/A, 27.33, 0|5, 38, N/A, 26.36, 0|6, 35, N/A, 27.56, 0|
16:24:06 0, 64, N/A, 142.11, 66|1, 60, N/A, 109.08, 60|2, 65, N/A, 129.84, 83|3, 36, N/A, 26.35, 0|4, 37, N/A, 27.33, 0|5, 38, N/A, 26.36, 0|6, 35, N/A, 27.56, 0|
16:24:08 0, 63, N/A, 161.06, 66|1, 61, N/A, 178.10, 62|2, 66, N/A, 206.46, 83|3, 36, N/A, 26.35, 0|4, 37, N/A, 27.33, 0|5, 38, N/A, 26.36, 0|6, 35, N/A, 27.56, 0|
16:24:10 0, 64, N/A, 121.55, 96|1, 61, N/A, 129.16, 73|2, 66, N/A, 120.76, 62|3, 36, N/A, 26.35, 0|4, 37, N/A, 27.33, 0|5, 38, N/A, 26.36, 0|6, 35, N/A, 27.56, 0|
16:24:12 0, 64, N/A, 167.95, 96|1, 61, N/A, 53.43, 70|2, 66, N/A, 101.71, 90|3, 36, N/A, 26.35, 0|4, 37, N/A, 27.33, 0|5, 38, N/A, 26.36, 0|6, 35, N/A, 27.56, 0|
16:24:14 0, 64, N/A, 176.98, 96|1, 61, N/A, 191.50, 61|2, 66, N/A, 154.70, 58|3, 36, N/A, 26.35, 0|4, 37, N/A, 27.33, 0|5, 38, N/A, 26.36, 0|6, 35, N/A, 27.56, 0|
16:24:17 0, 64, N/A, 118.36, 96|1, 61, N/A, 106.19, 62|2, 66, N/A, 129.68, 83|3, 36, N/A, 26.35, 0|4, 37, N/A, 27.33, 0|5, 38, N/A, 26.36, 0|6, 35, N/A, 27.56, 0|
16:24:19 0, 64, N/A, 181.07, 67|1, 62, N/A, 95.62, 62|2, 67, N/A, 105.65, 83|3, 36, N/A, 26.35, 0|4, 37, N/A, 27.33, 0|5, 38, N/A, 26.36, 0|6, 35, N/A, 27.56, 0|
16:24:21 0, 64, N/A, 124.99, 94|1, 61, N/A, 129.58, 60|2, 66, N/A, 152.00, 65|3, 36, N/A, 26.35, 0|4, 37, N/A, 27.33, 0|5, 38, N/A, 26.36, 0|6, 35, N/A, 27.56, 0|
16:24:23 0, 64, N/A, 145.78, 90|1, 61, N/A, 114.91, 57|2, 66, N/A, 132.62, 72|3, 36, N/A, 26.35, 0|4, 37, N/A, 27.09, 0|5, 38, N/A, 26.36, 0|6, 35, N/A, 27.56, 0|
16:24:25 0, 64, N/A, 124.73, 98|1, 61, N/A, 192.23, 66|2, 66, N/A, 106.39, 62|3, 36, N/A, 26.35, 0|4, 37, N/A, 27.33, 0|5, 38, N/A, 26.36, 0|6, 35, N/A, 27.56, 0|
16:24:27 0, 63, N/A, 105.40, 97|1, 60, N/A, 123.26, 83|2, 65, N/A, 155.42, 61|3, 36, N/A, 26.35, 0|4, 37, N/A, 27.33, 0|5, 38, N/A, 26.36, 0|6, 35, N/A, 27.56, 0|
16:24:29 0, 63, N/A, 180.09, 68|1, 61, N/A, 112.03, 68|2, 66, N/A, 123.04, 90|3, 36, N/A, 26.35, 0|4, 37, N/A, 27.33, 0|5, 38, N/A, 26.36, 0|6, 35, N/A, 27.56, 0|
16:24:31 0, 63, N/A, 119.65, 96|1, 60, N/A, 128.91, 68|2, 65, N/A, 146.20, 61|3, 36, N/A, 26.59, 0|4, 37, N/A, 27.33, 0|5, 38, N/A, 26.36, 0|6, 35, N/A, 27.56, 0|
16:24:33 0, 63, N/A, 181.56, 66|1, 60, N/A, 63.49, 84|2, 65, N/A, 73.55, 89|3, 36, N/A, 26.35, 0|4, 37, N/A, 27.09, 0|5, 38, N/A, 26.36, 0|6, 35, N/A, 27.56, 0|
16:24:35 0, 63, N/A, 134.74, 96|1, 60, N/A, 146.66, 60|2, 65, N/A, 160.81, 59|3, 36, N/A, 26.35, 0|4, 37, N/A, 27.33, 0|5, 38, N/A, 26.36, 0|6, 35, N/A, 27.56, 0|
16:24:37 0, 63, N/A, 181.56, 66|1, 60, N/A, 62.02, 78|2, 64, N/A, 72.56, 85|3, 36, N/A, 26.35, 0|4, 37, N/A, 27.33, 0|5, 38, N/A, 26.36, 0|6, 35, N/A, 27.56, 0|
16:24:40 0, 62, N/A, 112.22, 68|1, 59, N/A, 117.61, 73|2, 65, N/A, 147.76, 90|3, 36, N/A, 26.59, 0|4, 37, N/A, 27.33, 0|5, 38, N/A, 26.36, 0|6, 35, N/A, 27.56, 0|
16:24:42 0, 63, N/A, 181.07, 65|1, 60, N/A, 71.33, 78|2, 64, N/A, 81.91, 85|3, 36, N/A, 26.59, 0|4, 37, N/A, 27.09, 0|5, 38, N/A, 26.36, 0|6, 35, N/A, 27.56, 0|
16:24:44 0, 61, N/A, 120.82, 68|1, 59, N/A, 145.19, 78|2, 65, N/A, 162.13, 58|3, 36, N/A, 26.35, 0|4, 37, N/A, 27.33, 0|5, 38, N/A, 26.36, 0|6, 35, N/A, 27.56, 0|
16:24:46 0, 62, N/A, 179.59, 65|1, 60, N/A, 148.88, 63|2, 64, N/A, 162.05, 85|3, 36, N/A, 26.35, 0|4, 37, N/A, 27.33, 0|5, 38, N/A, 26.36, 0|6, 35, N/A, 27.56, 0|
16:24:48 0, 62, N/A, 110.75, 68|1, 59, N/A, 128.85, 81|2, 64, N/A, 140.81, 60|3, 36, N/A, 26.35, 0|4, 36, N/A, 27.33, 0|5, 38, N/A, 26.36, 0|6, 35, N/A, 27.56, 0|
16:24:50 0, 61, N/A, 112.29, 60|1, 59, N/A, 129.08, 60|2, 63, N/A, 137.61, 72|3, 36, N/A, 26.35, 0|4, 36, N/A, 27.33, 0|5, 38, N/A, 26.36, 0|6, 35, N/A, 27.56, 0|
16:24:52 0, 61, N/A, 52.45, 79|1, 59, N/A, 54.88, 86|2, 64, N/A, 213.94, 61|3, 36, N/A, 26.35, 0|4, 37, N/A, 27.35, 0|5, 38, N/A, 26.36, 0|6, 35, N/A, 27.56, 0|
16:24:54 0, 61, N/A, 125.65, 94|1, 59, N/A, 145.21, 59|2, 63, N/A, 149.65, 66|3, 36, N/A, 26.35, 0|4, 36, N/A, 27.09, 0|5, 38, N/A, 26.36, 0|6, 35, N/A, 27.56, 0|
16:24:56 0, 61, N/A, 173.71, 83|1, 59, N/A, 186.81, 88|2, 63, N/A, 214.04, 63|3, 36, N/A, 26.35, 0|4, 37, N/A, 27.33, 0|5, 38, N/A, 26.36, 0|6, 35, N/A, 27.56, 0|
16:24:58 0, 61, N/A, 54.91, 95|1, 59, N/A, 189.91, 58|2, 63, N/A, 65.68, 78|3, 36, N/A, 26.35, 0|4, 36, N/A, 27.35, 0|5, 38, N/A, 26.38, 0|6, 35, N/A, 27.58, 0|
16:25:00 0, 61, N/A, 129.16, 94|1, 59, N/A, 114.18, 94|2, 63, N/A, 143.18, 75|3, 36, N/A, 26.35, 0|4, 36, N/A, 27.09, 0|5, 38, N/A, 26.36, 0|6, 35, N/A, 27.56, 0|
16:25:02 0, 61, N/A, 142.58, 96|1, 58, N/A, 156.63, 61|2, 63, N/A, 186.58, 55|3, 36, N/A, 26.35, 0|4, 36, N/A, 27.33, 0|5, 38, N/A, 26.36, 0|6, 35, N/A, 27.56, 0|
16:25:05 0, 61, N/A, 179.34, 66|1, 59, N/A, 116.64, 71|2, 63, N/A, 123.95, 90|3, 36, N/A, 26.35, 0|4, 37, N/A, 27.09, 0|5, 38, N/A, 26.36, 0|6, 35, N/A, 27.56, 0|
16:25:07 0, 61, N/A, 126.39, 97|1, 58, N/A, 128.60, 81|2, 63, N/A, 134.26, 59|3, 36, N/A, 26.35, 0|4, 36, N/A, 27.33, 0|5, 38, N/A, 26.36, 0|6, 35, N/A, 27.56, 0|
16:25:09 0, 61, N/A, 107.36, 88|1, 58, N/A, 134.24, 58|2, 63, N/A, 126.89, 89|3, 36, N/A, 26.35, 0|4, 36, N/A, 27.09, 0|5, 38, N/A, 26.36, 0|6, 35, N/A, 27.56, 0|
16:25:11 0, 61, N/A, 179.85, 75|1, 59, N/A, 102.45, 57|2, 63, N/A, 111.74, 84|3, 36, N/A, 26.35, 0|4, 36, N/A, 27.09, 0|5, 38, N/A, 26.36, 0|6, 35, N/A, 27.56, 0|
16:25:13 0, 60, N/A, 48.51, 66|1, 58, N/A, 51.44, 65|2, 63, N/A, 193.73, 59|3, 36, N/A, 26.10, 0|4, 36, N/A, 27.09, 0|5, 38, N/A, 26.36, 0|6, 35, N/A, 27.56, 0|
16:25:15 0, 60, N/A, 53.90, 63|1, 58, N/A, 80.93, 63|2, 62, N/A, 119.53, 74|3, 36, N/A, 26.35, 0|4, 36, N/A, 27.33, 0|5, 38, N/A, 26.36, 0|6, 35, N/A, 27.56, 0|
16:25:17 0, 60, N/A, 124.50, 75|1, 58, N/A, 139.56, 88|2, 62, N/A, 161.22, 60|3, 36, N/A, 26.35, 0|4, 36, N/A, 27.09, 0|5, 38, N/A, 26.36, 0|6, 35, N/A, 27.56, 0|
16:25:19 0, 61, N/A, 140.79, 95|1, 57, N/A, 156.14, 61|2, 62, N/A, 185.36, 74|3, 36, N/A, 26.35, 0|4, 36, N/A, 27.08, 0|5, 38, N/A, 26.36, 0|6, 35, N/A, 27.56, 0|
16:25:21 0, 61, N/A, 62.02, 96|1, 58, N/A, 190.15, 61|2, 62, N/A, 70.35, 62|3, 36, N/A, 26.59, 0|4, 36, N/A, 27.09, 0|5, 38, N/A, 26.36, 0|6, 35, N/A, 27.56, 0|
16:25:23 0, 61, N/A, 179.47, 97|1, 58, N/A, 52.45, 74|2, 62, N/A, 61.77, 90|3, 36, N/A, 26.35, 0|4, 36, N/A, 27.09, 0|5, 38, N/A, 26.36, 0|6, 34, N/A, 27.56, 0|
16:25:25 0, 61, N/A, 135.96, 95|1, 57, N/A, 127.93, 65|2, 62, N/A, 129.59, 58|3, 36, N/A, 26.35, 0|4, 36, N/A, 27.09, 0|5, 38, N/A, 26.36, 0|6, 35, N/A, 27.56, 0|
16:25:27 0, 60, N/A, 113.45, 68|1, 57, N/A, 114.18, 61|2, 62, N/A, 146.28, 81|3, 36, N/A, 26.35, 0|4, 36, N/A, 27.09, 0|5, 38, N/A, 26.36, 0|6, 35, N/A, 27.56, 0|
16:25:30 0, 60, N/A, 111.80, 56|1, 57, N/A, 104.42, 61|2, 62, N/A, 146.93, 71|3, 36, N/A, 26.35, 0|4, 36, N/A, 27.09, 0|5, 38, N/A, 26.36, 0|6, 34, N/A, 27.56, 0|
16:25:32 0, 60, N/A, 115.96, 82|1, 58, N/A, 134.74, 89|2, 62, N/A, 147.90, 59|3, 36, N/A, 26.35, 0|4, 36, N/A, 27.08, 0|5, 38, N/A, 26.36, 0|6, 34, N/A, 27.56, 0|
16:25:34 0, 60, N/A, 142.59, 96|1, 57, N/A, 117.87, 61|2, 62, N/A, 134.99, 56|3, 36, N/A, 26.35, 0|4, 36, N/A, 27.09, 0|5, 38, N/A, 26.36, 0|6, 34, N/A, 27.56, 0|
16:25:36 0, 61, N/A, 178.36, 98|1, 58, N/A, 188.04, 72|2, 63, N/A, 212.59, 60|3, 36, N/A, 26.35, 0|4, 36, N/A, 27.08, 0|5, 38, N/A, 26.36, 0|6, 35, N/A, 27.56, 0|
16:25:38 0, 61, N/A, 174.44, 63|1, 58, N/A, 186.08, 59|2, 63, N/A, 214.78, 83|3, 36, N/A, 26.33, 0|4, 36, N/A, 27.08, 0|5, 38, N/A, 26.36, 0|6, 35, N/A, 27.56, 0|
16:25:40 0, 62, N/A, 181.07, 62|1, 58, N/A, 57.83, 75|2, 63, N/A, 67.64, 85|3, 36, N/A, 26.35, 0|4, 36, N/A, 27.09, 0|5, 38, N/A, 26.36, 0|6, 35, N/A, 27.56, 0|
16:25:42 0, 62, N/A, 77.48, 87|1, 59, N/A, 72.31, 88|2, 64, N/A, 219.21, 87|3, 36, N/A, 26.35, 0|4, 37, N/A, 27.09, 0|5, 38, N/A, 26.36, 0|6, 35, N/A, 27.56, 0|
16:25:44 0, 61, N/A, 47.03, 65|1, 58, N/A, 50.94, 92|2, 64, N/A, 162.79, 76|3, 36, N/A, 26.35, 0|4, 36, N/A, 27.33, 0|5, 38, N/A, 26.36, 0|6, 35, N/A, 27.56, 0|
16:25:46 0, 62, N/A, 56.35, 89|1, 59, N/A, 190.76, 65|2, 63, N/A, 67.15, 60|3, 36, N/A, 26.35, 0|4, 36, N/A, 27.33, 0|5, 38, N/A, 26.36, 0|6, 35, N/A, 27.56, 0|
16:25:48 0, 62, N/A, 180.46, 61|1, 59, N/A, 75.47, 59|2, 65, N/A, 84.56, 83|3, 36, N/A, 26.33, 0|4, 37, N/A, 27.32, 0|5, 38, N/A, 26.35, 0|6, 35, N/A, 27.54, 0|
16:25:50 0, 63, N/A, 180.46, 63|1, 59, N/A, 52.63, 81|2, 64, N/A, 62.72, 90|3, 36, N/A, 26.58, 0|4, 37, N/A, 27.32, 0|5, 38, N/A, 26.35, 0|6, 35, N/A, 27.54, 0|
16:25:52 0, 63, N/A, 79.59, 65|1, 60, N/A, 73.94, 92|2, 65, N/A, 220.01, 74|3, 36, N/A, 26.33, 0|4, 37, N/A, 27.32, 0|5, 38, N/A, 26.59, 0|6, 35, N/A, 27.54, 0|
16:25:55 0, 63, N/A, 52.38, 65|1, 60, N/A, 55.09, 82|2, 65, N/A, 220.54, 56|3, 36, N/A, 26.33, 0|4, 37, N/A, 27.32, 0|5, 38, N/A, 26.35, 0|6, 35, N/A, 27.54, 0|
16:25:57 0, 63, N/A, 148.54, 95|1, 60, N/A, 190.88, 57|2, 65, N/A, 124.59, 73|3, 36, N/A, 26.58, 0|4, 37, N/A, 27.32, 0|5, 38, N/A, 26.35, 0|6, 35, N/A, 27.54, 0|
16:25:59 0, 63, N/A, 84.56, 96|1, 60, N/A, 192.44, 84|2, 65, N/A, 87.71, 56|3, 36, N/A, 26.33, 0|4, 37, N/A, 27.33, 0|5, 38, N/A, 26.35, 0|6, 35, N/A, 27.54, 0|
16:26:01 0, 63, N/A, 172.61, 60|1, 60, N/A, 186.20, 59|2, 65, N/A, 214.85, 83|3, 36, N/A, 26.31, 0|4, 37, N/A, 27.30, 0|5, 38, N/A, 26.33, 0|6, 35, N/A, 27.52, 0|
16:26:03 0, 63, N/A, 138.73, 63|1, 60, N/A, 134.16, 55|2, 65, N/A, 132.70, 75|3, 36, N/A, 26.58, 0|4, 37, N/A, 27.31, 0|5, 38, N/A, 26.35, 0|6, 35, N/A, 27.54, 0|
16:26:05 0, 63, N/A, 142.65, 64|1, 60, N/A, 121.71, 96|2, 65, N/A, 134.34, 54|3, 36, N/A, 26.33, 0|4, 37, N/A, 27.31, 0|5, 38, N/A, 26.35, 0|6, 35, N/A, 27.54, 0|
16:26:07 0, 63, N/A, 104.36, 94|1, 60, N/A, 118.94, 55|2, 65, N/A, 154.83, 61|3, 36, N/A, 26.33, 0|4, 37, N/A, 27.32, 0|5, 38, N/A, 26.35, 0|6, 35, N/A, 27.54, 0|
16:26:09 0, 64, N/A, 112.15, 97|1, 61, N/A, 125.32, 62|2, 66, N/A, 155.32, 83|3, 36, N/A, 26.33, 0|4, 37, N/A, 27.32, 0|5, 38, N/A, 26.35, 0|6, 35, N/A, 27.79, 0|
16:26:11 0, 63, N/A, 115.83, 81|1, 61, N/A, 105.82, 89|2, 67, N/A, 137.52, 87|3, 36, N/A, 26.33, 0|4, 37, N/A, 27.32, 0|5, 38, N/A, 26.35, 0|6, 35, N/A, 27.79, 0|
16:26:13 0, 63, N/A, 114.11, 64|1, 61, N/A, 122.69, 82|2, 67, N/A, 151.02, 53|3, 36, N/A, 26.58, 0|4, 37, N/A, 27.32, 0|5, 38, N/A, 26.35, 0|6, 35, N/A, 27.79, 0|
16:26:15 0, 64, N/A, 121.22, 95|1, 61, N/A, 192.10, 59|2, 67, N/A, 116.82, 63|3, 36, N/A, 26.33, 0|4, 37, N/A, 27.32, 0|5, 38, N/A, 26.35, 0|6, 35, N/A, 27.54, 0|
16:26:17 0, 64, N/A, 181.92, 98|1, 61, N/A, 192.07, 59|2, 67, N/A, 165.62, 58|3, 36, N/A, 26.33, 0|4, 37, N/A, 27.32, 0|5, 38, N/A, 26.35, 0|6, 35, N/A, 27.56, 0|
16:26:20 0, 64, N/A, 135.14, 62|1, 61, N/A, 146.32, 64|2, 67, N/A, 150.03, 90|3, 36, N/A, 26.33, 0|4, 37, N/A, 27.32, 0|5, 38, N/A, 26.35, 0|6, 35, N/A, 27.54, 0|
16:26:22 0, 63, N/A, 124.35, 94|1, 61, N/A, 117.78, 47|2, 66, N/A, 124.85, 89|3, 36, N/A, 26.58, 0|4, 37, N/A, 27.32, 0|5, 38, N/A, 26.35, 0|6, 35, N/A, 27.54, 0|
16:26:24 0, 63, N/A, 102.88, 87|1, 62, N/A, 124.35, 70|2, 66, N/A, 142.82, 61|3, 36, N/A, 26.58, 0|4, 37, N/A, 27.31, 0|5, 38, N/A, 26.35, 0|6, 35, N/A, 27.54, 0|
16:26:26 0, 64, N/A, 181.93, 61|1, 61, N/A, 77.67, 81|2, 67, N/A, 89.42, 90|3, 36, N/A, 26.58, 0|4, 37, N/A, 27.32, 0|5, 38, N/A, 26.35, 0|6, 35, N/A, 27.54, 0|
16:26:28 0, 63, N/A, 179.96, 61|1, 61, N/A, 191.10, 57|2, 67, N/A, 218.77, 83|3, 36, N/A, 26.31, 0|4, 37, N/A, 27.32, 0|5, 38, N/A, 26.35, 0|6, 35, N/A, 27.54, 0|
16:26:30 0, 63, N/A, 123.91, 91|1, 61, N/A, 120.98, 91|2, 65, N/A, 117.98, 59|3, 36, N/A, 26.33, 0|4, 37, N/A, 27.31, 0|5, 38, N/A, 26.33, 0|6, 35, N/A, 27.54, 0|
16:26:32 0, 63, N/A, 118.76, 66|1, 61, N/A, 101.34, 89|2, 65, N/A, 139.23, 59|3, 36, N/A, 26.58, 0|4, 37, N/A, 27.07, 0|5, 38, N/A, 26.35, 0|6, 35, N/A, 27.54, 0|
16:26:34 0, 63, N/A, 182.42, 59|1, 60, N/A, 57.80, 75|2, 66, N/A, 68.58, 83|3, 36, N/A, 26.33, 0|4, 37, N/A, 27.32, 0|5, 38, N/A, 26.35, 0|6, 35, N/A, 27.54, 0|
16:26:36 0, 63, N/A, 181.92, 85|1, 61, N/A, 140.69, 51|2, 66, N/A, 153.69, 93|3, 36, N/A, 26.33, 0|4, 37, N/A, 27.32, 0|5, 38, N/A, 26.59, 0|6, 35, N/A, 27.54, 0|
16:26:38 0, 62, N/A, 111.66, 75|1, 60, N/A, 129.99, 83|2, 65, N/A, 138.51, 58|3, 36, N/A, 26.33, 0|4, 37, N/A, 27.32, 0|5, 38, N/A, 26.35, 0|6, 35, N/A, 27.54, 0|
16:26:40 0, 62, N/A, 115.57, 64|1, 61, N/A, 120.42, 90|2, 64, N/A, 149.28, 63|3, 36, N/A, 26.33, 0|4, 37, N/A, 27.32, 0|5, 38, N/A, 26.35, 0|6, 35, N/A, 27.77, 0|
16:26:42 0, 63, N/A, 181.69, 59|1, 60, N/A, 88.68, 57|2, 65, N/A, 99.20, 83|3, 36, N/A, 26.33, 0|4, 37, N/A, 27.32, 0|5, 38, N/A, 26.35, 0|6, 35, N/A, 27.79, 0|
16:26:45 0, 62, N/A, 116.55, 55|1, 59, N/A, 140.37, 34|2, 64, N/A, 132.21, 91|3, 36, N/A, 26.58, 0|4, 37, N/A, 27.32, 0|5, 38, N/A, 26.33, 0|6, 35, N/A, 27.53, 0|
16:26:47 0, 62, N/A, 108.47, 89|1, 60, N/A, 140.93, 68|2, 64, N/A, 157.45, 64|3, 36, N/A, 26.58, 0|4, 37, N/A, 27.32, 0|5, 38, N/A, 26.35, 0|6, 35, N/A, 27.54, 0|
16:26:49 0, 62, N/A, 179.22, 62|1, 60, N/A, 189.87, 60|2, 65, N/A, 218.65, 92|3, 36, N/A, 26.58, 0|4, 37, N/A, 27.31, 0|5, 38, N/A, 26.35, 0|6, 35, N/A, 27.54, 0|
16:26:51 0, 62, N/A, 134.64, 60|1, 59, N/A, 145.84, 61|2, 64, N/A, 143.32, 90|3, 36, N/A, 26.33, 0|4, 37, N/A, 27.31, 0|5, 38, N/A, 26.35, 0|6, 35, N/A, 27.53, 0|
16:26:53 0, 62, N/A, 47.25, 96|1, 60, N/A, 169.88, 89|2, 64, N/A, 74.69, 62|3, 36, N/A, 26.33, 0|4, 37, N/A, 27.32, 0|5, 38, N/A, 26.35, 0|6, 35, N/A, 27.54, 0|
16:26:55 0, 62, N/A, 179.47, 95|1, 59, N/A, 189.38, 56|2, 64, N/A, 219.14, 76|3, 36, N/A, 26.31, 0|4, 37, N/A, 27.30, 0|5, 38, N/A, 26.35, 0|6, 35, N/A, 27.54, 0|
16:26:57 0, 61, N/A, 128.76, 91|1, 59, N/A, 117.54, 58|2, 64, N/A, 145.34, 87|3, 36, N/A, 26.33, 0|4, 37, N/A, 27.32, 0|5, 38, N/A, 26.35, 0|6, 35, N/A, 27.54, 0|
16:26:59 0, 61, N/A, 48.69, 90|1, 59, N/A, 51.89, 85|2, 64, N/A, 211.35, 89|3, 36, N/A, 26.33, 0|4, 37, N/A, 27.32, 0|5, 38, N/A, 26.35, 0|6, 35, N/A, 27.54, 0|
16:27:01 0, 62, N/A, 124.83, 98|1, 58, N/A, 119.75, 50|2, 63, N/A, 114.77, 56|3, 36, N/A, 26.56, 0|4, 37, N/A, 27.31, 0|5, 38, N/A, 26.33, 0|6, 35, N/A, 27.54, 0|
16:27:03 0, 62, N/A, 115.58, 99|1, 59, N/A, 125.56, 82|2, 63, N/A, 151.48, 58|3, 36, N/A, 26.58, 0|4, 37, N/A, 27.07, 0|5, 38, N/A, 26.35, 0|6, 35, N/A, 27.54, 0|
16:27:05 0, 61, N/A, 161.43, 64|1, 59, N/A, 177.01, 90|2, 63, N/A, 201.04, 57|3, 36, N/A, 26.31, 0|4, 36, N/A, 27.30, 0|5, 38, N/A, 26.33, 0|6, 35, N/A, 27.52, 0|
16:27:07 0, 61, N/A, 130.55, 63|1, 59, N/A, 99.44, 92|2, 63, N/A, 133.36, 71|3, 36, N/A, 26.33, 0|4, 36, N/A, 27.32, 0|5, 38, N/A, 26.35, 0|6, 35, N/A, 27.54, 0|
16:27:10 0, 61, N/A, 177.75, 58|1, 59, N/A, 188.40, 59|2, 64, N/A, 217.67, 85|3, 36, N/A, 26.31, 0|4, 37, N/A, 27.07, 0|5, 38, N/A, 26.35, 0|6, 35, N/A, 27.54, 0|
16:27:12 0, 60, N/A, 85.30, 38|1, 58, N/A, 82.55, 57|2, 63, N/A, 114.62, 85|3, 36, N/A, 26.33, 0|4, 37, N/A, 27.32, 0|5, 38, N/A, 26.35, 0|6, 35, N/A, 27.54, 0|
16:27:14 0, 62, N/A, 132.51, 95|1, 59, N/A, 189.66, 57|2, 63, N/A, 122.22, 66|3, 36, N/A, 26.58, 0|4, 37, N/A, 27.07, 0|5, 38, N/A, 26.35, 0|6, 35, N/A, 27.54, 0|
16:27:16 0, 60, N/A, 106.01, 70|1, 58, N/A, 135.06, 61|2, 64, N/A, 165.04, 78|3, 36, N/A, 26.33, 0|4, 36, N/A, 27.07, 0|5, 38, N/A, 26.35, 0|6, 35, N/A, 27.54, 0|
16:27:18 0, 61, N/A, 86.96, 67|1, 58, N/A, 79.59, 91|2, 63, N/A, 219.07, 81|3, 36, N/A, 26.33, 0|4, 36, N/A, 27.32, 0|5, 38, N/A, 26.35, 0|6, 35, N/A, 27.54, 0|
16:27:20 0, 61, N/A, 112.64, 80|1, 57, N/A, 131.21, 57|2, 62, N/A, 153.38, 85|3, 36, N/A, 26.58, 0|4, 36, N/A, 27.07, 0|5, 38, N/A, 26.35, 0|6, 35, N/A, 27.54, 0|
16:27:22 0, 61, N/A, 180.20, 74|1, 58, N/A, 117.79, 51|2, 63, N/A, 127.55, 83|3, 36, N/A, 26.33, 0|4, 36, N/A, 27.07, 0|5, 38, N/A, 26.35, 0|6, 35, N/A, 27.54, 0|
16:27:24 0, 60, N/A, 122.70, 95|1, 59, N/A, 126.38, 97|2, 62, N/A, 133.60, 85|3, 36, N/A, 26.33, 0|4, 37, N/A, 27.07, 0|5, 38, N/A, 26.35, 0|6, 35, N/A, 27.54, 0|
16:27:26 0, 62, N/A, 179.22, 95|1, 59, N/A, 189.14, 52|2, 63, N/A, 218.04, 80|3, 36, N/A, 26.31, 0|4, 36, N/A, 27.31, 0|5, 38, N/A, 26.35, 0|6, 35, N/A, 27.54, 0|
16:27:28 0, 61, N/A, 79.10, 74|1, 58, N/A, 105.02, 56|2, 64, N/A, 171.16, 83|3, 36, N/A, 26.58, 0|4, 37, N/A, 27.07, 0|5, 38, N/A, 26.35, 0|6, 35, N/A, 27.54, 0|
16:27:30 0, 61, N/A, 174.33, 64|1, 59, N/A, 186.20, 92|2, 63, N/A, 213.41, 73|3, 36, N/A, 26.33, 0|4, 36, N/A, 27.31, 0|5, 38, N/A, 26.35, 0|6, 35, N/A, 27.54, 0|
16:27:32 0, 62, N/A, 181.23, 64|1, 59, N/A, 52.91, 53|2, 64, N/A, 62.97, 83|3, 36, N/A, 26.33, 0|4, 37, N/A, 27.32, 0|5, 38, N/A, 26.35, 0|6, 35, N/A, 27.54, 0|
16:27:35 0, 61, N/A, 129.25, 57|1, 59, N/A, 145.09, 56|2, 64, N/A, 163.57, 89|3, 36, N/A, 26.33, 0|4, 36, N/A, 27.31, 0|5, 38, N/A, 26.35, 0|6, 35, N/A, 27.54, 0|
16:27:37 0, 63, N/A, 178.82, 96|1, 60, N/A, 190.64, 56|2, 65, N/A, 165.13, 58|3, 36, N/A, 26.33, 0|4, 37, N/A, 27.08, 0|5, 38, N/A, 26.35, 0|6, 35, N/A, 27.54, 0|
16:27:39 0, 62, N/A, 114.36, 96|1, 59, N/A, 117.85, 56|2, 64, N/A, 143.42, 84|3, 36, N/A, 26.33, 0|4, 37, N/A, 27.32, 0|5, 38, N/A, 26.35, 0|6, 35, N/A, 27.54, 0|
16:27:41 0, 62, N/A, 137.01, 61|1, 60, N/A, 158.98, 95|2, 64, N/A, 174.96, 52|3, 36, N/A, 26.58, 0|4, 37, N/A, 27.31, 0|5, 38, N/A, 26.35, 0|6, 35, N/A, 27.54, 0|
16:27:43 0, 62, N/A, 47.99, 96|1, 61, N/A, 163.66, 90|2, 64, N/A, 120.92, 60|3, 36, N/A, 26.33, 0|4, 37, N/A, 27.07, 0|5, 38, N/A, 26.35, 0|6, 35, N/A, 27.54, 0|
16:27:45 0, 62, N/A, 117.11, 60|1, 60, N/A, 107.48, 78|2, 65, N/A, 136.62, 92|3, 36, N/A, 26.33, 0|4, 37, N/A, 27.32, 0|5, 38, N/A, 26.35, 0|6, 35, N/A, 27.54, 0|
16:27:47 0, 63, N/A, 68.86, 61|1, 61, N/A, 67.36, 86|2, 66, N/A, 222.01, 54|3, 36, N/A, 26.33, 0|4, 37, N/A, 27.33, 0|5, 38, N/A, 26.35, 0|6, 35, N/A, 27.56, 0|
16:27:49 0, 64, N/A, 142.51, 95|1, 60, N/A, 123.67, 67|2, 65, N/A, 148.31, 67|3, 36, N/A, 26.33, 0|4, 37, N/A, 27.32, 0|5, 38, N/A, 26.35, 0|6, 35, N/A, 27.54, 0|
16:27:51 0, 62, N/A, 117.06, 73|1, 60, N/A, 126.55, 29|2, 65, N/A, 166.75, 93|3, 36, N/A, 26.33, 0|4, 37, N/A, 27.32, 0|5, 38, N/A, 26.35, 0|6, 35, N/A, 27.54, 0|
16:27:53 0, 64, N/A, 160.77, 95|1, 61, N/A, 191.58, 51|2, 66, N/A, 144.38, 74|3, 36, N/A, 26.58, 0|4, 37, N/A, 27.32, 0|5, 38, N/A, 26.35, 0|6, 35, N/A, 27.54, 0|
16:27:55 0, 63, N/A, 48.48, 60|1, 60, N/A, 51.89, 74|2, 67, N/A, 213.06, 60|3, 36, N/A, 26.58, 0|4, 37, N/A, 27.32, 0|5, 38, N/A, 26.35, 0|6, 35, N/A, 27.54, 0|
16:27:57 0, 63, N/A, 116.32, 61|1, 61, N/A, 120.97, 92|2, 66, N/A, 155.09, 53|3, 36, N/A, 26.58, 0|4, 37, N/A, 27.32, 0|5, 38, N/A, 26.35, 0|6, 35, N/A, 27.79, 0|
16:28:00 0, 63, N/A, 152.45, 59|1, 61, N/A, 173.10, 56|2, 67, N/A, 200.80, 94|3, 36, N/A, 26.33, 0|4, 37, N/A, 27.31, 0|5, 38, N/A, 26.33, 0|6, 35, N/A, 27.54, 0|
16:28:02 0, 63, N/A, 48.23, 88|1, 61, N/A, 52.14, 86|2, 67, N/A, 209.40, 93|3, 36, N/A, 26.33, 0|4, 37, N/A, 27.32, 0|5, 38, N/A, 26.35, 0|6, 35, N/A, 27.54, 0|
16:28:04 0, 64, N/A, 121.72, 93|1, 60, N/A, 133.00, 56|2, 66, N/A, 142.93, 79|3, 36, N/A, 26.58, 0|4, 37, N/A, 27.32, 0|5, 38, N/A, 26.35, 0|6, 35, N/A, 27.54, 0|
16:28:06 0, 63, N/A, 114.85, 56|1, 60, N/A, 137.59, 55|2, 66, N/A, 158.91, 89|3, 36, N/A, 26.31, 0|4, 37, N/A, 27.31, 0|5, 38, N/A, 26.33, 0|6, 35, N/A, 27.77, 0|
16:28:08 0, 63, N/A, 175.06, 96|1, 60, N/A, 185.71, 57|2, 66, N/A, 215.33, 49|3, 36, N/A, 26.31, 0|4, 37, N/A, 27.30, 0|5, 38, N/A, 26.33, 0|6, 35, N/A, 27.77, 0|
16:28:10 0, 63, N/A, 174.21, 99|1, 60, N/A, 50.94, 84|2, 65, N/A, 61.49, 85|3, 36, N/A, 26.33, 0|4, 37, N/A, 27.32, 0|5, 38, N/A, 26.35, 0|6, 35, N/A, 27.79, 0|
16:28:12 0, 62, N/A, 91.39, 93|1, 60, N/A, 131.95, 68|2, 65, N/A, 144.13, 68|3, 36, N/A, 26.33, 0|4, 37, N/A, 27.31, 0|5, 38, N/A, 26.35, 0|6, 35, N/A, 27.79, 0|
16:28:14 0, 63, N/A, 137.26, 95|1, 60, N/A, 119.44, 53|2, 65, N/A, 157.93, 65|3, 36, N/A, 26.56, 0|4, 36, N/A, 27.30, 0|5, 38, N/A, 26.33, 0|6, 35, N/A, 27.77, 0|
16:28:16 0, 62, N/A, 173.84, 59|1, 60, N/A, 185.96, 98|2, 64, N/A, 212.79, 49|3, 36, N/A, 26.31, 0|4, 37, N/A, 27.30, 0|5, 38, N/A, 26.33, 0|6, 35, N/A, 27.52, 0|
16:28:18 0, 62, N/A, 51.41, 96|1, 60, N/A, 192.10, 85|2, 64, N/A, 64.16, 48|3, 36, N/A, 26.33, 0|4, 37, N/A, 27.32, 0|5, 38, N/A, 26.35, 0|6, 35, N/A, 27.79, 0|
16:28:20 0, 62, N/A, 46.26, 95|1, 59, N/A, 50.20, 86|2, 65, N/A, 151.75, 89|3, 36, N/A, 26.58, 0|4, 37, N/A, 27.32, 0|5, 38, N/A, 26.35, 0|6, 35, N/A, 27.54, 0|
16:28:22 0, 62, N/A, 123.61, 94|1, 60, N/A, 139.22, 96|2, 64, N/A, 164.55, 72|3, 36, N/A, 26.33, 0|4, 37, N/A, 27.32, 0|5, 38, N/A, 26.35, 0|6, 35, N/A, 27.54, 0|
16:28:25 0, 61, N/A, 130.48, 58|1, 59, N/A, 103.06, 69|2, 65, N/A, 140.94, 92|3, 36, N/A, 26.58, 0|4, 37, N/A, 27.32, 0|5, 38, N/A, 26.35, 0|6, 35, N/A, 27.54, 0|
16:28:27 0, 62, N/A, 176.77, 61|1, 60, N/A, 188.40, 87|2, 64, N/A, 216.45, 54|3, 36, N/A, 26.31, 0|4, 37, N/A, 27.30, 0|5, 38, N/A, 26.35, 0|6, 35, N/A, 27.54, 0|
16:28:29 0, 62, N/A, 178.73, 69|1, 59, N/A, 189.38, 48|2, 65, N/A, 219.14, 83|3, 36, N/A, 26.31, 0|4, 37, N/A, 27.31, 0|5, 38, N/A, 26.33, 0|6, 35, N/A, 27.54, 0|
16:28:31 0, 61, N/A, 47.96, 61|1, 59, N/A, 51.40, 65|2, 65, N/A, 219.07, 71|3, 36, N/A, 26.33, 0|4, 37, N/A, 27.32, 0|5, 38, N/A, 26.35, 0|6, 35, N/A, 27.54, 0|
16:28:33 0, 62, N/A, 180.34, 97|1, 59, N/A, 50.94, 77|2, 64, N/A, 61.24, 62|3, 36, N/A, 26.33, 0|4, 37, N/A, 27.07, 0|5, 38, N/A, 26.35, 0|6, 35, N/A, 27.79, 0|
16:28:35 0, 61, N/A, 130.97, 91|1, 59, N/A, 121.22, 53|2, 64, N/A, 125.83, 91|3, 36, N/A, 26.33, 0|4, 36, N/A, 27.32, 0|5, 38, N/A, 26.35, 0|6, 35, N/A, 27.54, 0|
16:28:37 0, 62, N/A, 110.00, 99|1, 59, N/A, 124.33, 66|2, 63, N/A, 153.36, 52|3, 36, N/A, 26.33, 0|4, 37, N/A, 27.07, 0|5, 38, N/A, 26.35, 0|6, 35, N/A, 27.54, 0|
16:28:39 0, 61, N/A, 140.20, 58|1, 58, N/A, 123.86, 75|2, 64, N/A, 125.09, 94|3, 36, N/A, 26.58, 0|4, 37, N/A, 27.07, 0|5, 38, N/A, 26.35, 0|6, 35, N/A, 27.54, 0|
16:28:41 0, 61, N/A, 133.16, 96|1, 58, N/A, 144.36, 54|2, 63, N/A, 138.07, 73|3, 36, N/A, 26.33, 0|4, 37, N/A, 27.31, 0|5, 38, N/A, 26.33, 0|6, 35, N/A, 27.52, 0|
16:28:43 0, 61, N/A, 178.00, 54|1, 59, N/A, 188.65, 55|2, 64, N/A, 218.27, 85|3, 36, N/A, 26.31, 0|4, 37, N/A, 27.30, 0|5, 38, N/A, 26.33, 0|6, 35, N/A, 27.54, 0|
16:28:45 0, 61, N/A, 177.26, 95|1, 58, N/A, 187.67, 45|2, 63, N/A, 217.06, 55|3, 36, N/A, 26.57, 0|4, 37, N/A, 27.07, 0|5, 38, N/A, 26.35, 0|6, 35, N/A, 27.54, 0|
16:28:47 0, 62, N/A, 181.20, 66|1, 59, N/A, 60.01, 51|2, 63, N/A, 70.31, 82|3, 36, N/A, 26.33, 0|4, 36, N/A, 27.07, 0|5, 38, N/A, 26.35, 0|6, 35, N/A, 27.79, 0|
16:28:50 0, 62, N/A, 82.54, 91|1, 59, N/A, 190.49, 68|2, 64, N/A, 85.50, 51|3, 36, N/A, 26.58, 0|4, 36, N/A, 27.07, 0|5, 38, N/A, 26.35, 0|6, 35, N/A, 27.54, 0|
16:28:52 0, 62, N/A, 179.47, 92|1, 58, N/A, 49.99, 53|2, 62, N/A, 60.05, 82|3, 36, N/A, 26.35, 0|4, 36, N/A, 27.09, 0|5, 38, N/A, 26.36, 0|6, 35, N/A, 27.56, 0|
16:28:54 0, 61, N/A, 53.19, 96|1, 59, N/A, 190.61, 85|2, 63, N/A, 63.71, 47|3, 36, N/A, 26.35, 0|4, 36, N/A, 27.10, 0|5, 38, N/A, 26.36, 0|6, 35, N/A, 27.56, 0|
16:28:56 0, 62, N/A, 132.60, 95|1, 58, N/A, 83.09, 69|2, 62, N/A, 109.76, 70|3, 36, N/A, 26.35, 0|4, 36, N/A, 27.09, 0|5, 38, N/A, 26.36, 0|6, 35, N/A, 27.56, 0|
16:28:58 0, 61, N/A, 47.03, 96|1, 59, N/A, 188.44, 89|2, 62, N/A, 59.80, 56|3, 36, N/A, 26.10, 0|4, 36, N/A, 27.10, 0|5, 38, N/A, 26.36, 0|6, 35, N/A, 27.56, 0|
16:29:00 0, 61, N/A, 148.22, 97|1, 58, N/A, 105.15, 78|2, 62, N/A, 125.41, 62|3, 36, N/A, 26.10, 0|4, 36, N/A, 27.09, 0|5, 38, N/A, 26.36, 0|6, 35, N/A, 27.81, 0|
16:29:02 0, 61, N/A, 47.28, 95|1, 59, N/A, 188.68, 90|2, 62, N/A, 60.02, 61|3, 36, N/A, 26.35, 0|4, 36, N/A, 27.09, 0|5, 38, N/A, 26.36, 0|6, 35, N/A, 27.56, 0|
16:29:04 0, 62, N/A, 140.31, 97|1, 58, N/A, 121.05, 81|2, 62, N/A, 143.01, 56|3, 36, N/A, 26.10, 0|4, 37, N/A, 27.09, 0|5, 38, N/A, 26.36, 0|6, 35, N/A, 27.56, 0|
16:29:06 0, 62, N/A, 49.00, 95|1, 59, N/A, 190.40, 89|2, 63, N/A, 61.25, 69|3, 36, N/A, 26.35, 0|4, 37, N/A, 27.10, 0|5, 38, N/A, 26.36, 0|6, 35, N/A, 27.58, 0|
16:29:08 0, 62, N/A, 143.09, 97|1, 58, N/A, 76.99, 81|2, 63, N/A, 99.03, 55|3, 36, N/A, 26.59, 0|4, 37, N/A, 27.09, 0|5, 38, N/A, 26.36, 0|6, 35, N/A, 27.56, 0|
16:29:10 0, 62, N/A, 54.17, 95|1, 60, N/A, 190.89, 90|2, 64, N/A, 65.18, 67|3, 36, N/A, 26.35, 0|4, 36, N/A, 27.10, 0|5, 38, N/A, 26.36, 0|6, 35, N/A, 27.56, 0|
16:29:12 0, 63, N/A, 181.92, 97|1, 59, N/A, 51.22, 81|2, 64, N/A, 61.53, 89|3, 36, N/A, 26.35, 0|4, 37, N/A, 27.10, 0|5, 38, N/A, 26.36, 0|6, 35, N/A, 27.56, 0|
16:29:15 0, 63, N/A, 142.34, 95|1, 60, N/A, 191.01, 52|2, 65, N/A, 125.42, 59|3, 36, N/A, 26.59, 0|4, 37, N/A, 27.33, 0|5, 38, N/A, 26.36, 0|6, 35, N/A, 27.56, 0|
16:29:17 0, 63, N/A, 181.56, 97|1, 60, N/A, 79.70, 72|2, 65, N/A, 88.99, 91|3, 36, N/A, 26.59, 0|4, 37, N/A, 27.33, 0|5, 38, N/A, 26.36, 0|6, 35, N/A, 27.56, 0|
16:29:19 0, 63, N/A, 176.65, 96|1, 59, N/A, 186.57, 53|2, 65, N/A, 216.72, 49|3, 36, N/A, 26.33, 0|4, 37, N/A, 27.33, 0|5, 38, N/A, 26.36, 0|6, 35, N/A, 27.56, 0|
16:29:21 0, 62, N/A, 178.85, 56|1, 60, N/A, 189.90, 57|2, 65, N/A, 220.26, 94|3, 36, N/A, 26.33, 0|4, 37, N/A, 27.32, 0|5, 38, N/A, 26.36, 0|6, 35, N/A, 27.56, 0|
16:29:23 0, 63, N/A, 142.09, 97|1, 60, N/A, 117.61, 58|2, 65, N/A, 137.37, 48|3, 36, N/A, 26.35, 0|4, 37, N/A, 27.33, 0|5, 38, N/A, 26.36, 0|6, 35, N/A, 27.56, 0|
16:29:25 0, 62, N/A, 126.39, 72|1, 60, N/A, 154.43, 44|2, 65, N/A, 181.20, 96|3, 36, N/A, 26.59, 0|4, 37, N/A, 27.33, 0|5, 38, N/A, 26.36, 0|6, 35, N/A, 27.56, 0|
16:29:27 0, 63, N/A, 129.66, 99|1, 60, N/A, 97.84, 76|2, 65, N/A, 137.37, 52|3, 36, N/A, 26.35, 0|4, 37, N/A, 27.09, 0|5, 38, N/A, 26.36, 0|6, 35, N/A, 27.56, 0|
16:29:29 0, 62, N/A, 110.80, 95|1, 60, N/A, 104.67, 51|2, 66, N/A, 140.31, 91|3, 36, N/A, 26.59, 0|4, 37, N/A, 27.09, 0|5, 38, N/A, 26.36, 0|6, 35, N/A, 27.56, 0|
16:29:31 0, 64, N/A, 141.85, 96|1, 60, N/A, 121.54, 78|2, 65, N/A, 146.28, 56|3, 36, N/A, 26.59, 0|4, 37, N/A, 27.33, 0|5, 38, N/A, 26.36, 0|6, 35, N/A, 27.56, 0|
16:29:33 0, 62, N/A, 97.29, 79|1, 60, N/A, 122.71, 58|2, 67, N/A, 175.92, 85|3, 36, N/A, 26.59, 0|4, 37, N/A, 27.33, 0|5, 38, N/A, 26.36, 0|6, 35, N/A, 27.56, 0|
16:29:35 0, 64, N/A, 182.54, 92|1, 61, N/A, 76.99, 52|2, 67, N/A, 88.26, 85|3, 36, N/A, 26.35, 0|4, 37, N/A, 27.33, 0|5, 38, N/A, 26.36, 0|6, 35, N/A, 27.56, 0|
16:29:38 0, 64, N/A, 110.79, 55|1, 62, N/A, 95.08, 86|2, 67, N/A, 223.58, 51|3, 36, N/A, 26.35, 0|4, 37, N/A, 27.33, 0|5, 38, N/A, 26.36, 0|6, 35, N/A, 27.56, 0|
16:29:40 0, 63, N/A, 116.39, 52|1, 61, N/A, 133.43, 51|2, 66, N/A, 160.49, 83|3, 36, N/A, 26.59, 0|4, 37, N/A, 27.33, 0|5, 38, N/A, 26.36, 0|6, 35, N/A, 27.56, 0|
16:29:42 0, 63, N/A, 126.71, 61|1, 61, N/A, 138.34, 90|2, 66, N/A, 164.49, 55|3, 36, N/A, 26.59, 0|4, 37, N/A, 27.09, 0|5, 38, N/A, 26.36, 0|6, 35, N/A, 27.56, 0|
16:29:44 0, 62, N/A, 100.05, 55|1, 60, N/A, 132.77, 73|2, 66, N/A, 163.85, 65|3, 36, N/A, 26.35, 0|4, 37, N/A, 27.09, 0|5, 38, N/A, 26.36, 0|6, 35, N/A, 27.56, 0|
16:29:46 0, 63, N/A, 103.43, 95|1, 61, N/A, 163.28, 55|2, 65, N/A, 128.12, 81|3, 36, N/A, 26.35, 0|4, 37, N/A, 27.09, 0|5, 38, N/A, 26.36, 0|6, 35, N/A, 27.56, 0|
16:29:48 0, 63, N/A, 147.17, 95|1, 61, N/A, 124.17, 86|2, 66, N/A, 221.63, 53|3, 36, N/A, 26.35, 0|4, 37, N/A, 27.33, 0|5, 38, N/A, 26.36, 0|6, 35, N/A, 27.56, 0|
16:29:50 0, 63, N/A, 180.57, 96|1, 60, N/A, 190.49, 53|2, 66, N/A, 220.38, 57|3, 36, N/A, 26.33, 0|4, 37, N/A, 27.33, 0|5, 38, N/A, 26.36, 0|6, 35, N/A, 27.56, 0|
16:29:52 0, 62, N/A, 123.27, 54|1, 60, N/A, 112.95, 98|2, 65, N/A, 147.08, 72|3, 36, N/A, 26.35, 0|4, 37, N/A, 27.09, 0|5, 38, N/A, 26.36, 0|6, 35, N/A, 27.56, 0|
16:29:54 0, 63, N/A, 113.20, 99|1, 59, N/A, 109.57, 88|2, 65, N/A, 132.78, 53|3, 36, N/A, 26.35, 0|4, 37, N/A, 27.33, 0|5, 38, N/A, 26.36, 0|6, 35, N/A, 27.56, 0|
16:29:56 0, 62, N/A, 49.25, 95|1, 60, N/A, 191.38, 88|2, 64, N/A, 62.23, 55|3, 36, N/A, 26.35, 0|4, 37, N/A, 27.33, 0|5, 38, N/A, 26.36, 0|6, 35, N/A, 27.81, 0|
16:29:58 0, 63, N/A, 181.56, 82|1, 60, N/A, 70.39, 43|2, 65, N/A, 81.17, 85|3, 36, N/A, 26.35, 0|4, 36, N/A, 27.33, 0|5, 38, N/A, 26.36, 0|6, 35, N/A, 27.56, 0|
16:30:00 0, 62, N/A, 124.74, 99|1, 59, N/A, 129.09, 42|2, 64, N/A, 150.54, 52|3, 36, N/A, 26.59, 0|4, 37, N/A, 27.09, 0|5, 38, N/A, 26.36, 0|6, 35, N/A, 27.56, 0|
16:30:03 0, 61, N/A, 111.48, 54|1, 59, N/A, 131.71, 64|2, 65, N/A, 138.12, 92|3, 36, N/A, 26.35, 0|4, 37, N/A, 27.33, 0|5, 38, N/A, 26.36, 0|6, 35, N/A, 27.56, 0|
16:30:05 0, 63, N/A, 168.29, 65|1, 59, N/A, 49.74, 70|2, 64, N/A, 60.30, 83|3, 36, N/A, 26.35, 0|4, 36, N/A, 27.09, 0|5, 38, N/A, 26.36, 0|6, 35, N/A, 27.56, 0|
16:30:07 0, 62, N/A, 61.27, 94|1, 60, N/A, 61.49, 88|2, 65, N/A, 221.17, 88|3, 36, N/A, 26.35, 0|4, 37, N/A, 27.09, 0|5, 38, N/A, 26.36, 0|6, 35, N/A, 27.56, 0|
16:30:09 0, 61, N/A, 133.01, 63|1, 59, N/A, 146.19, 45|2, 64, N/A, 148.49, 96|3, 36, N/A, 26.35, 0|4, 37, N/A, 27.09, 0|5, 38, N/A, 26.36, 0|6, 35, N/A, 27.56, 0|
16:30:11 0, 61, N/A, 108.84, 57|1, 59, N/A, 117.61, 95|2, 63, N/A, 143.50, 49|3, 36, N/A, 26.35, 0|4, 37, N/A, 27.08, 0|5, 38, N/A, 26.36, 0|6, 35, N/A, 27.81, 0|
16:30:13 0, 61, N/A, 56.12, 68|1, 59, N/A, 55.87, 74|2, 64, N/A, 221.17, 70|3, 36, N/A, 26.35, 0|4, 36, N/A, 27.09, 0|5, 38, N/A, 26.36, 0|6, 35, N/A, 27.56, 0|
16:30:15 0, 62, N/A, 179.59, 95|1, 59, N/A, 189.26, 42|2, 64, N/A, 219.04, 53|3, 36, N/A, 26.33, 0|4, 36, N/A, 27.08, 0|5, 38, N/A, 26.36, 0|6, 35, N/A, 27.56, 0|
16:30:17 0, 60, N/A, 116.39, 54|1, 58, N/A, 107.36, 69|2, 63, N/A, 134.26, 78|3, 36, N/A, 26.35, 0|4, 36, N/A, 27.33, 0|5, 38, N/A, 26.36, 0|6, 35, N/A, 27.56, 0|
16:30:19 0, 62, N/A, 160.19, 99|1, 58, N/A, 83.34, 81|2, 63, N/A, 102.89, 83|3, 36, N/A, 26.33, 0|4, 37, N/A, 27.08, 0|5, 38, N/A, 26.36, 0|6, 35, N/A, 27.56, 0|
16:30:21 0, 62, N/A, 60.50, 70|1, 59, N/A, 60.99, 91|2, 64, N/A, 220.40, 79|3, 36, N/A, 26.35, 0|4, 36, N/A, 27.09, 0|5, 38, N/A, 26.36, 0|6, 35, N/A, 27.56, 0|
16:30:23 0, 61, N/A, 119.02, 94|1, 58, N/A, 136.59, 49|2, 63, N/A, 122.21, 91|3, 36, N/A, 26.33, 0|4, 36, N/A, 27.07, 0|5, 38, N/A, 26.35, 0|6, 35, N/A, 27.54, 0|
16:30:25 0, 60, N/A, 91.09, 83|1, 59, N/A, 127.54, 84|2, 63, N/A, 140.45, 59|3, 36, N/A, 26.33, 0|4, 36, N/A, 27.07, 0|5, 38, N/A, 26.35, 0|6, 35, N/A, 27.54, 0|
16:30:28 0, 61, N/A, 179.11, 56|1, 59, N/A, 189.87, 87|2, 63, N/A, 217.92, 51|3, 36, N/A, 26.31, 0|4, 36, N/A, 27.05, 0|5, 38, N/A, 26.33, 0|6, 35, N/A, 27.53, 0|
16:30:30 0, 61, N/A, 132.43, 97|1, 58, N/A, 145.84, 60|2, 63, N/A, 156.05, 45|3, 36, N/A, 26.33, 0|4, 36, N/A, 27.07, 0|5, 38, N/A, 26.35, 0|6, 35, N/A, 27.53, 0|
16:30:32 0, 61, N/A, 47.00, 95|1, 59, N/A, 189.54, 90|2, 63, N/A, 60.01, 63|3, 36, N/A, 26.33, 0|4, 36, N/A, 27.09, 0|5, 38, N/A, 26.36, 0|6, 35, N/A, 27.56, 0|
16:30:34 0, 61, N/A, 179.83, 69|1, 58, N/A, 190.00, 42|2, 64, N/A, 220.14, 82|3, 36, N/A, 26.33, 0|4, 36, N/A, 27.08, 0|5, 38, N/A, 26.36, 0|6, 35, N/A, 27.56, 0|
16:30:36 0, 61, N/A, 128.43, 94|1, 58, N/A, 118.60, 51|2, 63, N/A, 134.42, 73|3, 36, N/A, 26.35, 0|4, 36, N/A, 27.09, 0|5, 38, N/A, 26.36, 0|6, 35, N/A, 27.56, 0|
16:30:38 0, 60, N/A, 46.05, 89|1, 58, N/A, 49.71, 86|2, 63, N/A, 210.27, 93|3, 36, N/A, 26.35, 0|4, 36, N/A, 27.10, 0|5, 38, N/A, 26.36, 0|6, 35, N/A, 27.56, 0|
16:30:40 0, 60, N/A, 124.25, 54|1, 58, N/A, 131.29, 50|2, 63, N/A, 148.07, 96|3, 36, N/A, 26.10, 0|4, 36, N/A, 27.08, 0|5, 38, N/A, 26.36, 0|6, 34, N/A, 27.56, 0|
16:30:42 0, 60, N/A, 131.30, 56|1, 58, N/A, 132.53, 92|2, 62, N/A, 133.76, 51|3, 36, N/A, 26.35, 0|4, 36, N/A, 27.09, 0|5, 38, N/A, 26.36, 0|6, 35, N/A, 27.56, 0|
16:30:44 0, 61, N/A, 179.10, 52|1, 59, N/A, 189.26, 87|2, 63, N/A, 217.47, 44|3, 36, N/A, 26.08, 0|4, 36, N/A, 27.08, 0|5, 38, N/A, 26.35, 0|6, 34, N/A, 27.56, 0|
16:30:46 0, 61, N/A, 123.74, 96|1, 58, N/A, 127.19, 52|2, 62, N/A, 116.95, 81|3, 36, N/A, 26.35, 0|4, 36, N/A, 27.09, 0|5, 37, N/A, 26.36, 0|6, 34, N/A, 27.56, 0|
16:30:48 0, 61, N/A, 64.72, 95|1, 58, N/A, 190.27, 46|2, 63, N/A, 72.52, 71|3, 36, N/A, 26.10, 0|4, 36, N/A, 27.09, 0|5, 38, N/A, 26.36, 0|6, 35, N/A, 27.56, 0|
16:30:50 0, 60, N/A, 155.90, 66|1, 58, N/A, 174.92, 43|2, 62, N/A, 201.18, 95|3, 36, N/A, 26.33, 0|4, 36, N/A, 27.07, 0|5, 38, N/A, 26.35, 0|6, 34, N/A, 27.54, 0|
16:30:53 0, 61, N/A, 178.87, 91|1, 57, N/A, 49.49, 51|2, 62, N/A, 59.06, 87|3, 36, N/A, 26.35, 0|4, 36, N/A, 27.09, 0|5, 38, N/A, 26.36, 0|6, 35, N/A, 27.56, 0|
16:30:55 0, 61, N/A, 176.89, 89|1, 58, N/A, 188.04, 87|2, 62, N/A, 215.74, 52|3, 36, N/A, 26.33, 0|4, 36, N/A, 27.07, 0|5, 38, N/A, 26.35, 0|6, 34, N/A, 27.54, 0|
16:30:57 0, 59, N/A, 112.47, 95|1, 57, N/A, 120.32, 68|2, 63, N/A, 147.19, 93|3, 36, N/A, 26.10, 0|4, 36, N/A, 27.09, 0|5, 37, N/A, 26.36, 0|6, 35, N/A, 27.56, 0|
16:30:59 0, 61, N/A, 179.59, 95|1, 58, N/A, 189.26, 65|2, 63, N/A, 186.60, 46|3, 36, N/A, 26.10, 0|4, 36, N/A, 27.09, 0|5, 37, N/A, 26.36, 0|6, 34, N/A, 27.56, 0|
16:31:01 0, 59, N/A, 79.94, 52|1, 57, N/A, 94.39, 70|2, 62, N/A, 121.31, 77|3, 36, N/A, 26.10, 0|4, 36, N/A, 27.09, 0|5, 38, N/A, 26.36, 0|6, 34, N/A, 27.56, 0|
16:31:03 0, 60, N/A, 180.34, 49|1, 58, N/A, 94.15, 81|2, 63, N/A, 93.66, 90|3, 36, N/A, 26.35, 0|4, 36, N/A, 27.09, 0|5, 38, N/A, 26.36, 0|6, 34, N/A, 27.56, 0|
16:31:05 0, 60, N/A, 127.13, 53|1, 58, N/A, 140.05, 97|2, 62, N/A, 162.53, 45|3, 35, N/A, 26.10, 0|4, 36, N/A, 27.09, 0|5, 37, N/A, 26.36, 0|6, 34, N/A, 27.56, 0|
16:31:07 0, 61, N/A, 86.53, 52|1, 58, N/A, 79.65, 86|2, 63, N/A, 218.73, 45|3, 36, N/A, 26.35, 0|4, 36, N/A, 27.09, 0|5, 37, N/A, 26.36, 0|6, 35, N/A, 27.56, 0|
16:31:09 0, 61, N/A, 119.34, 97|1, 58, N/A, 135.47, 54|2, 62, N/A, 150.27, 44|3, 36, N/A, 26.10, 0|4, 36, N/A, 27.09, 0|5, 38, N/A, 26.36, 0|6, 35, N/A, 27.56, 0|
16:31:11 0, 60, N/A, 157.13, 52|1, 58, N/A, 176.15, 56|2, 63, N/A, 202.40, 94|3, 36, N/A, 26.35, 0|4, 36, N/A, 27.08, 0|5, 38, N/A, 26.36, 0|6, 35, N/A, 27.56, 0|
16:31:13 0, 60, N/A, 125.79, 62|1, 59, N/A, 140.95, 90|2, 62, N/A, 130.08, 52|3, 36, N/A, 26.35, 0|4, 36, N/A, 27.09, 0|5, 38, N/A, 26.36, 0|6, 35, N/A, 27.56, 0|
16:31:15 0, 61, N/A, 127.94, 72|1, 58, N/A, 124.61, 69|2, 63, N/A, 147.12, 70|3, 36, N/A, 26.35, 0|4, 36, N/A, 27.08, 0|5, 38, N/A, 26.36, 0|6, 35, N/A, 27.56, 0|
16:31:18 0, 61, N/A, 116.15, 72|1, 58, N/A, 128.35, 69|2, 63, N/A, 150.12, 70|3, 36, N/A, 26.35, 0|4, 36, N/A, 27.33, 0|5, 38, N/A, 26.36, 0|6, 35, N/A, 27.56, 0|
16:31:20 0, 61, N/A, 127.18, 72|1, 58, N/A, 123.20, 70|2, 63, N/A, 140.15, 70|3, 36, N/A, 26.59, 0|4, 36, N/A, 27.33, 0|5, 38, N/A, 26.36, 0|6, 35, N/A, 27.56, 0|
16:31:22 0, 61, N/A, 117.32, 72|1, 59, N/A, 128.60, 70|2, 64, N/A, 154.77, 70|3, 36, N/A, 26.33, 0|4, 37, N/A, 27.09, 0|5, 38, N/A, 26.36, 0|6, 35, N/A, 27.56, 0|
16:31:24 0, 62, N/A, 122.84, 72|1, 59, N/A, 124.92, 70|2, 64, N/A, 146.68, 70|3, 36, N/A, 26.35, 0|4, 37, N/A, 27.09, 0|5, 38, N/A, 26.36, 0|6, 35, N/A, 27.56, 0|
16:31:26 0, 62, N/A, 127.94, 72|1, 59, N/A, 131.68, 69|2, 64, N/A, 148.10, 70|3, 36, N/A, 26.08, 0|4, 37, N/A, 27.09, 0|5, 38, N/A, 26.36, 0|6, 35, N/A, 27.56, 0|
16:31:28 0, 62, N/A, 118.17, 73|1, 59, N/A, 122.29, 69|2, 64, N/A, 150.18, 70|3, 36, N/A, 26.35, 0|4, 37, N/A, 27.09, 0|5, 38, N/A, 26.36, 0|6, 35, N/A, 27.56, 0|
16:31:30 0, 62, N/A, 120.51, 72|1, 59, N/A, 126.14, 69|2, 64, N/A, 156.67, 70|3, 36, N/A, 26.35, 0|4, 37, N/A, 27.33, 0|5, 38, N/A, 26.36, 0|6, 35, N/A, 27.56, 0|
16:31:32 0, 62, N/A, 123.70, 72|1, 60, N/A, 130.98, 69|2, 65, N/A, 156.75, 70|3, 36, N/A, 26.35, 0|4, 37, N/A, 27.09, 0|5, 38, N/A, 26.36, 0|6, 35, N/A, 27.56, 0|
16:31:34 0, 62, N/A, 115.17, 73|1, 60, N/A, 124.67, 69|2, 65, N/A, 156.91, 70|3, 36, N/A, 26.59, 0|4, 37, N/A, 27.33, 0|5, 38, N/A, 26.36, 0|6, 35, N/A, 27.56, 0|
16:31:36 0, 62, N/A, 122.10, 72|1, 60, N/A, 125.41, 69|2, 65, N/A, 149.82, 70|3, 36, N/A, 26.59, 0|4, 37, N/A, 27.33, 0|5, 38, N/A, 26.35, 0|6, 35, N/A, 27.54, 0|
16:31:38 0, 62, N/A, 131.13, 72|1, 60, N/A, 131.90, 70|2, 65, N/A, 149.62, 70|3, 36, N/A, 26.35, 0|4, 37, N/A, 27.08, 0|5, 38, N/A, 26.36, 0|6, 35, N/A, 27.56, 0|
16:31:40 0, 63, N/A, 122.53, 73|1, 60, N/A, 125.16, 70|2, 65, N/A, 154.77, 70|3, 36, N/A, 26.35, 0|4, 37, N/A, 27.33, 0|5, 38, N/A, 26.36, 0|6, 35, N/A, 27.56, 0|
16:31:43 0, 63, N/A, 129.39, 72|1, 60, N/A, 127.30, 69|2, 65, N/A, 143.85, 70|3, 36, N/A, 26.35, 0|4, 37, N/A, 27.33, 0|5, 38, N/A, 26.36, 0|6, 35, N/A, 27.56, 0|
16:31:45 0, 63, N/A, 119.81, 73|1, 60, N/A, 125.96, 69|2, 65, N/A, 152.67, 70|3, 36, N/A, 26.35, 0|4, 37, N/A, 27.33, 0|5, 38, N/A, 26.36, 0|6, 35, N/A, 27.56, 0|
16:31:47 0, 63, N/A, 126.44, 72|1, 60, N/A, 127.68, 69|2, 66, N/A, 143.24, 70|3, 36, N/A, 26.35, 0|4, 37, N/A, 27.09, 0|5, 38, N/A, 26.36, 0|6, 35, N/A, 27.56, 0|
16:31:49 0, 63, N/A, 133.34, 72|1, 61, N/A, 132.26, 69|2, 66, N/A, 150.52, 71|3, 36, N/A, 26.59, 0|4, 37, N/A, 27.33, 0|5, 38, N/A, 26.36, 0|6, 35, N/A, 27.56, 0|
16:31:51 0, 63, N/A, 119.59, 72|1, 61, N/A, 130.32, 69|2, 66, N/A, 150.11, 70|3, 36, N/A, 26.35, 0|4, 37, N/A, 27.33, 0|5, 38, N/A, 26.36, 0|6, 35, N/A, 27.56, 0|
16:31:53 0, 63, N/A, 124.37, 72|1, 61, N/A, 125.10, 69|2, 66, N/A, 143.93, 70|3, 36, N/A, 26.35, 0|4, 37, N/A, 27.08, 0|5, 38, N/A, 26.36, 0|6, 35, N/A, 27.81, 0|
16:31:55 0, 63, N/A, 117.86, 72|1, 61, N/A, 123.39, 69|2, 66, N/A, 151.69, 70|3, 36, N/A, 26.35, 0|4, 37, N/A, 27.33, 0|5, 38, N/A, 26.36, 0|6, 35, N/A, 27.81, 0|
16:31:57 0, 63, N/A, 124.42, 72|1, 60, N/A, 132.75, 70|2, 66, N/A, 161.07, 70|3, 36, N/A, 26.59, 0|4, 37, N/A, 27.09, 0|5, 38, N/A, 26.36, 0|6, 35, N/A, 27.56, 0|
16:31:59 0, 63, N/A, 127.13, 72|1, 60, N/A, 134.41, 70|2, 65, N/A, 151.42, 70|3, 36, N/A, 26.35, 0|4, 37, N/A, 27.33, 0|5, 38, N/A, 26.36, 0|6, 35, N/A, 27.56, 0|
16:32:01 0, 63, N/A, 129.88, 72|1, 60, N/A, 133.56, 70|2, 65, N/A, 153.40, 70|3, 36, N/A, 26.35, 0|4, 37, N/A, 27.33, 0|5, 38, N/A, 26.36, 0|6, 35, N/A, 27.56, 0|
16:32:03 0, 62, N/A, 114.62, 72|1, 60, N/A, 128.91, 69|2, 65, N/A, 152.92, 71|3, 36, N/A, 26.35, 0|4, 37, N/A, 27.35, 0|5, 38, N/A, 26.36, 0|6, 35, N/A, 27.56, 0|
16:32:05 0, 62, N/A, 120.51, 72|1, 60, N/A, 122.21, 70|2, 65, N/A, 150.86, 70|3, 36, N/A, 26.35, 0|4, 37, N/A, 27.09, 0|5, 38, N/A, 26.36, 0|6, 35, N/A, 27.56, 0|
16:32:08 0, 62, N/A, 116.28, 72|1, 60, N/A, 122.71, 69|2, 65, N/A, 149.57, 70|3, 36, N/A, 26.35, 0|4, 37, N/A, 27.08, 0|5, 38, N/A, 26.36, 0|6, 35, N/A, 27.56, 0|
16:32:10 0, 62, N/A, 124.72, 72|1, 60, N/A, 129.75, 69|2, 64, N/A, 154.39, 70|3, 36, N/A, 26.35, 0|4, 37, N/A, 27.33, 0|5, 38, N/A, 26.36, 0|6, 35, N/A, 27.79, 0|
16:32:12 0, 62, N/A, 124.17, 72|1, 59, N/A, 129.15, 70|2, 64, N/A, 146.62, 70|3, 36, N/A, 26.35, 0|4, 36, N/A, 27.09, 0|5, 38, N/A, 26.36, 0|6, 35, N/A, 27.56, 0|
16:32:14 0, 62, N/A, 118.16, 72|1, 59, N/A, 128.17, 70|2, 64, N/A, 151.26, 70|3, 36, N/A, 26.35, 0|4, 37, N/A, 27.09, 0|5, 38, N/A, 26.36, 0|6, 35, N/A, 27.56, 0|
16:32:16 0, 61, N/A, 121.00, 72|1, 59, N/A, 128.61, 55|2, 64, N/A, 155.27, 70|3, 36, N/A, 26.35, 0|4, 37, N/A, 27.09, 0|5, 38, N/A, 26.36, 0|6, 35, N/A, 27.56, 0|
16:32:18 0, 61, N/A, 115.41, 72|1, 59, N/A, 127.68, 69|2, 64, N/A, 144.15, 70|3, 36, N/A, 26.35, 0|4, 37, N/A, 27.33, 0|5, 38, N/A, 26.36, 0|6, 35, N/A, 27.56, 0|
16:32:20 0, 61, N/A, 124.60, 72|1, 59, N/A, 132.26, 70|2, 64, N/A, 143.42, 70|3, 36, N/A, 26.59, 0|4, 37, N/A, 27.33, 0|5, 38, N/A, 26.35, 0|6, 35, N/A, 27.54, 0|
16:32:22 0, 61, N/A, 118.16, 72|1, 59, N/A, 129.92, 70|2, 64, N/A, 148.79, 70|3, 36, N/A, 26.33, 0|4, 37, N/A, 27.32, 0|5, 38, N/A, 26.35, 0|6, 35, N/A, 27.54, 0|
16:32:24 0, 61, N/A, 117.47, 72|1, 59, N/A, 121.34, 70|2, 63, N/A, 151.19, 70|3, 36, N/A, 26.58, 0|4, 37, N/A, 27.31, 0|5, 38, N/A, 26.33, 0|6, 35, N/A, 27.79, 0|
16:32:26 0, 61, N/A, 121.64, 72|1, 59, N/A, 132.26, 69|2, 63, N/A, 149.39, 70|3, 36, N/A, 26.33, 0|4, 36, N/A, 27.31, 0|5, 38, N/A, 26.33, 0|6, 35, N/A, 27.77, 0|
16:32:28 0, 61, N/A, 119.80, 72|1, 58, N/A, 129.55, 69|2, 63, N/A, 149.95, 70|3, 36, N/A, 26.33, 0|4, 37, N/A, 27.07, 0|5, 38, N/A, 26.33, 0|6, 35, N/A, 27.79, 0|
16:32:30 0, 61, N/A, 114.49, 72|1, 58, N/A, 125.39, 70|2, 63, N/A, 151.40, 70|3, 36, N/A, 26.31, 0|4, 37, N/A, 27.07, 0|5, 38, N/A, 26.35, 0|6, 35, N/A, 27.79, 0|
16:32:33 0, 61, N/A, 119.62, 72|1, 58, N/A, 134.70, 70|2, 63, N/A, 152.08, 70|3, 36, N/A, 26.08, 0|4, 37, N/A, 27.32, 0|5, 38, N/A, 26.33, 0|6, 35, N/A, 27.54, 0|
16:32:35 0, 61, N/A, 126.00, 72|1, 58, N/A, 129.66, 70|2, 63, N/A, 146.77, 70|3, 36, N/A, 26.33, 0|4, 36, N/A, 27.07, 0|5, 38, N/A, 26.35, 0|6, 35, N/A, 27.53, 0|
16:32:37 0, 61, N/A, 120.41, 72|1, 58, N/A, 124.82, 70|2, 63, N/A, 157.54, 70|3, 36, N/A, 26.31, 0|4, 36, N/A, 27.07, 0|5, 38, N/A, 26.35, 0|6, 35, N/A, 27.79, 0|
16:32:39 0, 57, N/A, 41.59, 0|1, 55, N/A, 44.54, 0|2, 59, N/A, 54.36, 0|3, 36, N/A, 26.33, 0|4, 36, N/A, 27.07, 0|5, 38, N/A, 26.35, 0|6, 35, N/A, 27.54, 0|
16:32:41 0, 56, N/A, 36.69, 8|1, 53, N/A, 39.15, 3|2, 57, N/A, 43.32, 7|3, 36, N/A, 26.09, 0|4, 36, N/A, 27.09, 0|5, 38, N/A, 26.36, 0|6, 35, N/A, 27.55, 0|
16:32:43 0, 55, N/A, 36.44, 9|1, 53, N/A, 38.91, 11|2, 56, N/A, 42.82, 10|3, 36, N/A, 26.33, 0|4, 36, N/A, 27.09, 0|5, 38, N/A, 26.36, 0|6, 35, N/A, 27.55, 0|
16:32:45 0, 57, N/A, 128.27, 88|1, 54, N/A, 92.08, 49|2, 58, N/A, 113.87, 79|3, 36, N/A, 26.33, 0|4, 36, N/A, 27.07, 0|5, 38, N/A, 26.35, 0|6, 35, N/A, 27.54, 0|
16:32:47 0, 58, N/A, 116.32, 34|1, 55, N/A, 120.97, 38|2, 59, N/A, 135.25, 28|3, 36, N/A, 26.33, 0|4, 37, N/A, 27.31, 0|5, 38, N/A, 26.35, 0|6, 35, N/A, 27.54, 0|
16:32:49 0, 59, N/A, 122.19, 79|1, 57, N/A, 131.28, 75|2, 61, N/A, 145.76, 74|3, 36, N/A, 26.56, 0|4, 37, N/A, 27.07, 0|5, 38, N/A, 26.35, 0|6, 35, N/A, 27.54, 0|
16:32:51 0, 60, N/A, 129.30, 90|1, 57, N/A, 122.21, 74|2, 61, N/A, 123.62, 79|3, 36, N/A, 26.33, 0|4, 37, N/A, 27.07, 0|5, 38, N/A, 26.35, 0|6, 35, N/A, 27.54, 0|
16:32:53 0, 60, N/A, 129.08, 89|1, 57, N/A, 109.19, 77|2, 62, N/A, 138.50, 78|3, 36, N/A, 26.33, 0|4, 37, N/A, 27.32, 0|5, 38, N/A, 26.35, 0|6, 35, N/A, 27.54, 0|
16:32:55 0, 60, N/A, 126.05, 93|1, 58, N/A, 128.52, 76|2, 62, N/A, 149.44, 75|3, 36, N/A, 26.33, 0|4, 37, N/A, 27.32, 0|5, 38, N/A, 26.35, 0|6, 35, N/A, 27.54, 0|
16:32:58 0, 60, N/A, 123.50, 88|1, 58, N/A, 127.29, 80|2, 62, N/A, 137.27, 79|3, 36, N/A, 26.33, 0|4, 37, N/A, 27.32, 0|5, 38, N/A, 26.35, 0|6, 35, N/A, 27.54, 0|
16:33:00 0, 61, N/A, 121.39, 79|1, 58, N/A, 127.76, 75|2, 63, N/A, 148.55, 74|3, 36, N/A, 26.56, 0|4, 37, N/A, 27.31, 0|5, 38, N/A, 26.35, 0|6, 35, N/A, 27.54, 0|
16:33:02 0, 60, N/A, 107.73, 29|1, 58, N/A, 118.71, 53|2, 62, N/A, 143.80, 28|3, 36, N/A, 26.33, 0|4, 37, N/A, 27.32, 0|5, 38, N/A, 26.35, 0|6, 35, N/A, 27.54, 0|
16:33:04 0, 61, N/A, 126.55, 93|1, 58, N/A, 130.23, 68|2, 63, N/A, 131.96, 76|3, 36, N/A, 26.58, 0|4, 37, N/A, 27.32, 0|5, 38, N/A, 26.35, 0|6, 35, N/A, 27.54, 0|
16:33:06 0, 61, N/A, 92.81, 83|1, 58, N/A, 96.74, 81|2, 63, N/A, 112.39, 74|3, 36, N/A, 26.33, 0|4, 37, N/A, 27.32, 0|5, 38, N/A, 26.35, 0|6, 35, N/A, 27.54, 0|
16:33:08 0, 61, N/A, 96.54, 90|1, 58, N/A, 87.22, 78|2, 63, N/A, 99.94, 76|3, 36, N/A, 26.58, 0|4, 37, N/A, 27.32, 0|5, 38, N/A, 26.35, 0|6, 35, N/A, 27.54, 0|
16:33:10 0, 61, N/A, 120.67, 93|1, 59, N/A, 129.32, 80|2, 63, N/A, 165.39, 74|3, 36, N/A, 26.33, 0|4, 37, N/A, 27.32, 0|5, 38, N/A, 26.35, 0|6, 35, N/A, 27.54, 0|
16:33:12 0, 62, N/A, 137.75, 92|1, 59, N/A, 121.22, 75|2, 64, N/A, 135.88, 78|3, 36, N/A, 26.33, 0|4, 37, N/A, 27.31, 0|5, 38, N/A, 26.59, 0|6, 35, N/A, 27.54, 0|
16:33:14 0, 62, N/A, 120.47, 89|1, 59, N/A, 149.02, 77|2, 64, N/A, 149.03, 76|3, 36, N/A, 26.33, 0|4, 37, N/A, 27.31, 0|5, 38, N/A, 26.35, 0|6, 35, N/A, 27.54, 0|
16:33:16 0, 62, N/A, 129.57, 91|1, 59, N/A, 128.03, 76|2, 63, N/A, 143.40, 76|3, 36, N/A, 26.33, 0|4, 37, N/A, 27.32, 0|5, 38, N/A, 26.35, 0|6, 35, N/A, 27.54, 0|
16:33:18 0, 62, N/A, 96.79, 87|1, 59, N/A, 122.20, 73|2, 63, N/A, 137.77, 79|3, 36, N/A, 26.33, 0|4, 37, N/A, 27.31, 0|5, 38, N/A, 26.35, 0|6, 35, N/A, 27.54, 0|
16:33:20 0, 62, N/A, 128.10, 88|1, 59, N/A, 127.35, 84|2, 64, N/A, 139.71, 79|3, 36, N/A, 26.33, 0|4, 37, N/A, 27.31, 0|5, 38, N/A, 26.35, 0|6, 35, N/A, 27.54, 0|
16:33:23 0, 62, N/A, 131.20, 92|1, 60, N/A, 112.88, 80|2, 64, N/A, 141.38, 76|3, 36, N/A, 26.33, 0|4, 37, N/A, 27.32, 0|5, 38, N/A, 26.35, 0|6, 35, N/A, 27.54, 0|
16:33:25 0, 62, N/A, 119.25, 92|1, 60, N/A, 114.10, 74|2, 64, N/A, 129.75, 77|3, 36, N/A, 26.33, 0|4, 37, N/A, 27.32, 0|5, 38, N/A, 26.35, 0|6, 35, N/A, 27.54, 0|
16:33:27 0, 62, N/A, 123.13, 89|1, 60, N/A, 125.57, 74|2, 64, N/A, 109.45, 75|3, 36, N/A, 26.33, 0|4, 37, N/A, 27.31, 0|5, 38, N/A, 26.35, 0|6, 35, N/A, 27.54, 0|
16:33:29 0, 62, N/A, 121.21, 89|1, 60, N/A, 144.36, 77|2, 64, N/A, 146.76, 79|3, 36, N/A, 26.58, 0|4, 37, N/A, 27.32, 0|5, 38, N/A, 26.35, 0|6, 35, N/A, 27.79, 0|
16:33:31 0, 63, N/A, 95.26, 91|1, 60, N/A, 125.08, 78|2, 64, N/A, 161.44, 76|3, 36, N/A, 26.33, 0|4, 37, N/A, 27.32, 0|5, 38, N/A, 26.35, 0|6, 35, N/A, 27.54, 0|
16:33:33 0, 63, N/A, 139.54, 90|1, 60, N/A, 140.78, 75|2, 64, N/A, 138.27, 78|3, 36, N/A, 26.58, 0|4, 37, N/A, 27.32, 0|5, 38, N/A, 26.35, 0|6, 35, N/A, 27.54, 0|
16:33:35 0, 63, N/A, 141.50, 87|1, 60, N/A, 118.52, 76|2, 64, N/A, 143.80, 74|3, 36, N/A, 26.33, 0|4, 37, N/A, 27.32, 0|5, 38, N/A, 26.35, 0|6, 35, N/A, 27.79, 0|
16:33:37 0, 63, N/A, 128.20, 78|1, 60, N/A, 128.69, 74|2, 65, N/A, 153.60, 73|3, 36, N/A, 26.31, 0|4, 37, N/A, 27.31, 0|5, 38, N/A, 26.33, 0|6, 35, N/A, 27.79, 0|
16:33:39 0, 62, N/A, 47.96, 51|1, 60, N/A, 52.14, 36|2, 64, N/A, 61.70, 37|3, 36, N/A, 26.33, 0|4, 37, N/A, 27.32, 0|5, 38, N/A, 26.35, 0|6, 35, N/A, 27.79, 0|
16:33:41 0, 60, N/A, 42.33, 0|1, 57, N/A, 46.02, 0|2, 61, N/A, 56.08, 0|3, 36, N/A, 26.33, 0|4, 37, N/A, 27.32, 0|5, 39, N/A, 26.35, 0|6, 35, N/A, 27.54, 0|
