16:33:43 0, 58, N/A, 30.29, 0|1, 56, N/A, 35.21, 0|2, 60, N/A, 36.42, 0|3, 36, N/A, 26.58, 0|4, 37, N/A, 27.32, 0|5, 38, N/A, 26.35, 0|6, 35, N/A, 27.55, 0|
16:33:45 0, 58, N/A, 37.41, 0|1, 56, N/A, 40.11, 0|2, 59, N/A, 44.30, 0|3, 37, N/A, 31.74, 0|4, 37, N/A, 27.32, 0|5, 38, N/A, 26.35, 0|6, 35, N/A, 27.54, 0|
16:33:48 0, 58, N/A, 37.18, 15|1, 55, N/A, 40.11, 16|2, 59, N/A, 44.30, 14|3, 37, N/A, 31.74, 15|4, 37, N/A, 27.33, 0|5, 39, N/A, 26.59, 0|6, 35, N/A, 27.55, 0|
16:33:50 0, 57, N/A, 36.42, 15|1, 55, N/A, 40.14, 16|2, 58, N/A, 44.05, 17|3, 37, N/A, 31.99, 16|4, 37, N/A, 27.32, 0|5, 39, N/A, 26.35, 0|6, 35, N/A, 27.54, 0|
16:33:52 0, 57, N/A, 36.67, 0|1, 54, N/A, 39.62, 3|2, 58, N/A, 43.56, 0|3, 37, N/A, 31.73, 0|4, 37, N/A, 27.32, 0|5, 38, N/A, 26.35, 0|6, 35, N/A, 27.54, 0|
16:33:54 0, 56, N/A, 36.67, 0|1, 54, N/A, 44.30, 0|2, 58, N/A, 46.02, 0|3, 37, N/A, 31.74, 0|4, 37, N/A, 27.32, 0|5, 39, N/A, 26.35, 0|6, 35, N/A, 27.55, 0|
16:33:56 0, 59, N/A, 104.79, 60|1, 56, N/A, 101.60, 60|2, 60, N/A, 120.98, 60|3, 39, N/A, 92.31, 58|4, 37, N/A, 27.30, 0|5, 38, N/A, 26.35, 0|6, 36, N/A, 28.28, 0|
16:33:58 0, 59, N/A, 102.19, 61|1, 56, N/A, 97.61, 60|2, 60, N/A, 113.09, 60|3, 40, N/A, 86.41, 58|4, 37, N/A, 27.29, 0|5, 38, N/A, 26.61, 0|6, 36, N/A, 27.52, 0|
16:34:00 0, 59, N/A, 101.69, 60|1, 57, N/A, 107.40, 60|2, 60, N/A, 114.13, 60|3, 40, N/A, 84.40, 58|4, 37, N/A, 27.07, 0|5, 38, N/A, 26.59, 0|6, 36, N/A, 27.54, 0|
16:34:02 0, 59, N/A, 97.33, 61|1, 57, N/A, 88.14, 60|2, 60, N/A, 114.79, 60|3, 41, N/A, 85.34, 58|4, 37, N/A, 27.07, 0|5, 39, N/A, 26.78, 0|6, 36, N/A, 27.54, 0|
16:34:04 0, 59, N/A, 97.38, 61|1, 57, N/A, 95.90, 61|2, 60, N/A, 114.47, 60|3, 41, N/A, 86.61, 58|4, 37, N/A, 27.28, 0|5, 38, N/A, 26.35, 0|6, 36, N/A, 27.53, 0|
16:34:06 0, 59, N/A, 91.01, 60|1, 57, N/A, 91.41, 60|2, 61, N/A, 112.53, 60|3, 41, N/A, 84.89, 57|4, 37, N/A, 27.56, 0|5, 38, N/A, 26.35, 0|6, 36, N/A, 27.53, 0|
16:34:08 0, 59, N/A, 95.17, 61|1, 57, N/A, 105.43, 60|2, 60, N/A, 120.00, 60|3, 42, N/A, 87.58, 58|4, 37, N/A, 27.30, 0|5, 39, N/A, 26.33, 0|6, 36, N/A, 27.79, 0|
16:34:10 0, 59, N/A, 94.41, 60|1, 57, N/A, 111.16, 60|2, 61, N/A, 136.22, 59|3, 42, N/A, 93.71, 58|4, 37, N/A, 27.56, 0|5, 39, N/A, 26.59, 0|6, 36, N/A, 28.02, 0|
16:34:13 0, 59, N/A, 88.21, 60|1, 57, N/A, 95.36, 60|2, 61, N/A, 113.02, 59|3, 42, N/A, 81.25, 58|4, 37, N/A, 27.56, 0|5, 39, N/A, 26.54, 0|6, 36, N/A, 27.53, 0|
16:34:15 0, 59, N/A, 92.19, 60|1, 57, N/A, 96.61, 60|2, 61, N/A, 110.47, 59|3, 43, N/A, 85.46, 58|4, 37, N/A, 27.28, 0|5, 39, N/A, 26.81, 0|6, 36, N/A, 27.75, 0|
16:34:17 0, 59, N/A, 100.41, 59|1, 57, N/A, 98.34, 59|2, 61, N/A, 118.38, 59|3, 43, N/A, 89.01, 57|4, 37, N/A, 27.31, 0|5, 39, N/A, 26.10, 0|6, 36, N/A, 28.02, 0|
16:34:19 0, 59, N/A, 92.85, 60|1, 57, N/A, 105.59, 60|2, 61, N/A, 115.70, 59|3, 43, N/A, 97.82, 58|4, 37, N/A, 27.33, 0|5, 39, N/A, 26.10, 0|6, 36, N/A, 27.53, 0|
16:34:21 0, 59, N/A, 97.12, 61|1, 57, N/A, 107.24, 60|2, 61, N/A, 121.94, 60|3, 44, N/A, 90.89, 58|4, 37, N/A, 27.30, 0|5, 39, N/A, 26.33, 0|6, 35, N/A, 27.79, 0|
16:34:23 0, 59, N/A, 96.13, 61|1, 57, N/A, 93.15, 61|2, 61, N/A, 114.37, 60|3, 44, N/A, 89.06, 58|4, 37, N/A, 27.31, 0|5, 39, N/A, 27.09, 0|6, 36, N/A, 27.54, 0|
16:34:25 0, 59, N/A, 109.51, 60|1, 57, N/A, 104.34, 60|2, 61, N/A, 119.81, 59|3, 44, N/A, 90.20, 58|4, 37, N/A, 27.06, 0|5, 39, N/A, 26.33, 0|6, 36, N/A, 27.53, 0|
16:34:27 0, 59, N/A, 92.06, 61|1, 57, N/A, 101.59, 60|2, 61, N/A, 119.75, 60|3, 45, N/A, 95.50, 58|4, 37, N/A, 27.31, 0|5, 39, N/A, 26.10, 0|6, 36, N/A, 27.75, 0|
16:34:29 0, 59, N/A, 90.48, 61|1, 57, N/A, 95.11, 60|2, 61, N/A, 114.07, 59|3, 45, N/A, 89.07, 58|4, 37, N/A, 27.07, 0|5, 39, N/A, 26.10, 0|6, 36, N/A, 27.54, 0|
16:34:31 0, 59, N/A, 99.96, 61|1, 57, N/A, 95.07, 60|2, 61, N/A, 130.34, 60|3, 45, N/A, 83.65, 58|4, 37, N/A, 27.31, 0|5, 39, N/A, 26.32, 0|6, 36, N/A, 27.54, 0|
16:34:33 0, 60, N/A, 87.21, 60|1, 57, N/A, 99.88, 60|2, 61, N/A, 111.17, 59|3, 45, N/A, 90.58, 57|4, 37, N/A, 27.07, 0|5, 39, N/A, 26.34, 0|6, 36, N/A, 27.77, 0|
16:34:36 0, 60, N/A, 99.97, 61|1, 57, N/A, 104.69, 60|2, 61, N/A, 119.31, 60|3, 46, N/A, 88.57, 58|4, 37, N/A, 27.56, 0|5, 39, N/A, 26.56, 0|6, 36, N/A, 28.03, 0|
16:34:38 0, 59, N/A, 97.81, 60|1, 57, N/A, 95.27, 60|2, 61, N/A, 119.20, 59|3, 46, N/A, 101.02, 58|4, 37, N/A, 27.28, 0|5, 39, N/A, 26.34, 0|6, 36, N/A, 28.03, 0|
16:34:40 0, 60, N/A, 98.86, 60|1, 57, N/A, 104.02, 60|2, 61, N/A, 111.30, 60|3, 46, N/A, 90.74, 58|4, 37, N/A, 27.08, 0|5, 39, N/A, 26.84, 0|6, 36, N/A, 28.03, 0|
16:34:42 0, 60, N/A, 88.47, 61|1, 57, N/A, 99.58, 60|2, 61, N/A, 110.34, 59|3, 46, N/A, 84.68, 58|4, 37, N/A, 27.31, 0|5, 39, N/A, 26.12, 0|6, 36, N/A, 27.77, 0|
16:34:44 0, 59, N/A, 102.65, 60|1, 57, N/A, 108.78, 60|2, 61, N/A, 135.02, 59|3, 47, N/A, 90.77, 58|4, 37, N/A, 27.07, 0|5, 39, N/A, 26.59, 0|6, 36, N/A, 27.79, 0|
16:34:46 0, 59, N/A, 95.99, 61|1, 57, N/A, 104.90, 61|2, 61, N/A, 112.86, 60|3, 47, N/A, 100.52, 58|4, 37, N/A, 27.05, 0|5, 39, N/A, 26.61, 0|6, 36, N/A, 28.28, 0|
16:34:48 0, 59, N/A, 92.72, 61|1, 57, N/A, 102.37, 60|2, 61, N/A, 123.93, 60|3, 47, N/A, 95.88, 58|4, 37, N/A, 27.28, 0|5, 38, N/A, 26.58, 0|6, 36, N/A, 27.30, 0|
16:34:50 0, 58, N/A, 60.99, 82|1, 56, N/A, 60.50, 83|2, 60, N/A, 91.35, 82|3, 46, N/A, 92.25, 65|4, 37, N/A, 27.31, 0|5, 39, N/A, 26.35, 0|6, 36, N/A, 27.79, 0|
16:34:52 0, 59, N/A, 100.11, 81|1, 57, N/A, 90.65, 77|2, 60, N/A, 93.61, 79|3, 47, N/A, 75.57, 64|4, 37, N/A, 27.30, 0|5, 39, N/A, 26.58, 0|6, 36, N/A, 28.02, 0|
16:34:54 0, 59, N/A, 96.44, 92|1, 57, N/A, 125.80, 88|2, 60, N/A, 128.01, 88|3, 47, N/A, 84.94, 71|4, 38, N/A, 27.32, 0|5, 39, N/A, 26.33, 0|6, 36, N/A, 27.79, 0|
16:34:56 0, 59, N/A, 80.14, 93|1, 57, N/A, 90.36, 87|2, 60, N/A, 129.06, 89|3, 47, N/A, 85.43, 73|4, 37, N/A, 27.32, 0|5, 39, N/A, 26.35, 0|6, 36, N/A, 27.79, 0|
16:34:58 0, 59, N/A, 77.68, 93|1, 57, N/A, 97.47, 87|2, 61, N/A, 111.18, 89|3, 48, N/A, 73.66, 72|4, 37, N/A, 27.32, 0|5, 39, N/A, 26.33, 0|6, 36, N/A, 27.77, 0|
16:35:01 0, 59, N/A, 113.60, 93|1, 57, N/A, 98.70, 88|2, 60, N/A, 98.22, 89|3, 48, N/A, 83.42, 71|4, 37, N/A, 27.31, 0|5, 39, N/A, 26.59, 0|6, 36, N/A, 27.54, 0|
16:35:03 0, 59, N/A, 93.78, 93|1, 57, N/A, 90.40, 88|2, 60, N/A, 88.39, 88|3, 48, N/A, 89.74, 72|4, 37, N/A, 27.30, 0|5, 39, N/A, 26.33, 0|6, 36, N/A, 27.79, 0|
16:35:05 0, 59, N/A, 90.65, 92|1, 56, N/A, 82.55, 87|2, 60, N/A, 88.19, 89|3, 48, N/A, 96.37, 72|4, 37, N/A, 27.30, 0|5, 39, N/A, 26.33, 0|6, 36, N/A, 27.79, 0|
16:35:07 0, 59, N/A, 116.00, 93|1, 57, N/A, 123.37, 88|2, 61, N/A, 121.72, 89|3, 49, N/A, 76.35, 71|4, 37, N/A, 27.32, 0|5, 39, N/A, 26.33, 0|6, 36, N/A, 27.54, 0|
16:35:09 0, 59, N/A, 96.00, 93|1, 57, N/A, 88.19, 87|2, 60, N/A, 91.65, 89|3, 48, N/A, 78.27, 72|4, 37, N/A, 27.30, 0|5, 39, N/A, 26.58, 0|6, 36, N/A, 27.79, 0|
16:35:11 0, 59, N/A, 120.90, 92|1, 57, N/A, 102.14, 87|2, 61, N/A, 102.40, 89|3, 49, N/A, 77.78, 72|4, 37, N/A, 27.30, 0|5, 39, N/A, 26.59, 0|6, 36, N/A, 27.79, 0|
16:35:13 0, 59, N/A, 92.12, 81|1, 57, N/A, 86.48, 76|2, 61, N/A, 111.41, 83|3, 49, N/A, 96.62, 64|4, 37, N/A, 27.32, 0|5, 39, N/A, 26.84, 0|6, 36, N/A, 27.79, 0|
16:35:15 0, 59, N/A, 83.48, 93|1, 57, N/A, 76.16, 88|2, 61, N/A, 103.25, 89|3, 49, N/A, 108.39, 72|4, 37, N/A, 27.31, 0|5, 39, N/A, 26.35, 0|6, 36, N/A, 27.79, 0|
16:35:17 0, 59, N/A, 85.74, 93|1, 57, N/A, 78.13, 88|2, 60, N/A, 97.92, 89|3, 49, N/A, 102.69, 72|4, 37, N/A, 27.30, 0|5, 39, N/A, 26.58, 0|6, 36, N/A, 28.03, 0|
16:35:19 0, 59, N/A, 96.24, 93|1, 57, N/A, 125.32, 88|2, 60, N/A, 134.39, 89|3, 50, N/A, 77.33, 73|4, 37, N/A, 27.31, 0|5, 39, N/A, 26.58, 0|6, 36, N/A, 27.79, 0|
16:35:21 0, 59, N/A, 76.94, 93|1, 57, N/A, 91.58, 88|2, 61, N/A, 133.84, 89|3, 50, N/A, 112.49, 73|4, 37, N/A, 27.32, 0|5, 39, N/A, 26.35, 0|6, 36, N/A, 27.77, 0|
16:35:24 0, 59, N/A, 97.77, 92|1, 57, N/A, 87.70, 89|2, 60, N/A, 89.43, 90|3, 50, N/A, 86.82, 74|4, 37, N/A, 27.30, 0|5, 39, N/A, 26.35, 0|6, 36, N/A, 27.54, 0|
16:35:26 0, 59, N/A, 83.77, 93|1, 57, N/A, 85.24, 88|2, 60, N/A, 129.50, 89|3, 50, N/A, 90.10, 73|4, 37, N/A, 27.32, 0|5, 39, N/A, 26.59, 0|6, 36, N/A, 28.03, 0|
16:35:28 0, 59, N/A, 104.77, 93|1, 57, N/A, 128.74, 88|2, 60, N/A, 122.39, 90|3, 50, N/A, 78.07, 74|4, 37, N/A, 27.32, 0|5, 39, N/A, 26.33, 0|6, 36, N/A, 28.02, 0|
16:35:30 0, 59, N/A, 95.75, 93|1, 57, N/A, 121.63, 88|2, 60, N/A, 143.15, 89|3, 50, N/A, 95.94, 73|4, 38, N/A, 27.32, 0|5, 39, N/A, 26.35, 0|6, 36, N/A, 27.77, 0|
16:35:32 0, 59, N/A, 87.70, 80|1, 57, N/A, 87.70, 88|2, 61, N/A, 136.53, 77|3, 50, N/A, 119.59, 64|4, 37, N/A, 27.30, 0|5, 39, N/A, 26.84, 0|6, 36, N/A, 27.79, 0|
16:35:34 0, 59, N/A, 72.03, 93|1, 57, N/A, 115.33, 88|2, 61, N/A, 147.32, 89|3, 51, N/A, 95.19, 73|4, 37, N/A, 27.32, 0|5, 39, N/A, 26.59, 0|6, 36, N/A, 28.03, 0|
16:35:36 0, 59, N/A, 76.89, 92|1, 57, N/A, 105.76, 87|2, 61, N/A, 104.05, 89|3, 51, N/A, 68.04, 73|4, 37, N/A, 27.32, 0|5, 39, N/A, 26.58, 0|6, 36, N/A, 28.03, 0|
16:35:38 0, 59, N/A, 71.78, 93|1, 57, N/A, 112.14, 88|2, 61, N/A, 144.62, 90|3, 51, N/A, 97.16, 73|4, 37, N/A, 27.32, 0|5, 39, N/A, 26.59, 0|6, 36, N/A, 27.54, 0|
16:35:40 0, 59, N/A, 119.68, 93|1, 57, N/A, 112.20, 87|2, 61, N/A, 112.15, 90|3, 51, N/A, 73.40, 74|4, 37, N/A, 27.32, 0|5, 39, N/A, 26.58, 0|6, 36, N/A, 28.03, 0|
16:35:42 0, 59, N/A, 113.42, 93|1, 57, N/A, 93.85, 88|2, 61, N/A, 95.51, 90|3, 51, N/A, 95.19, 72|4, 37, N/A, 27.32, 0|5, 39, N/A, 26.59, 0|6, 36, N/A, 28.03, 0|
16:35:44 0, 59, N/A, 119.49, 93|1, 57, N/A, 109.94, 88|2, 61, N/A, 108.22, 89|3, 51, N/A, 74.88, 74|4, 37, N/A, 27.30, 0|5, 39, N/A, 26.58, 0|6, 36, N/A, 27.79, 0|
16:35:46 0, 59, N/A, 101.35, 93|1, 57, N/A, 126.80, 89|2, 61, N/A, 121.47, 89|3, 51, N/A, 78.57, 73|4, 37, N/A, 27.32, 0|5, 39, N/A, 26.58, 0|6, 36, N/A, 28.03, 0|
16:35:49 0, 59, N/A, 74.39, 80|1, 57, N/A, 106.74, 76|2, 61, N/A, 145.03, 84|3, 51, N/A, 97.64, 64|4, 37, N/A, 27.32, 0|5, 39, N/A, 26.59, 0|6, 36, N/A, 27.77, 0|
16:35:51 0, 59, N/A, 82.30, 93|1, 57, N/A, 94.03, 88|2, 61, N/A, 128.95, 89|3, 52, N/A, 80.77, 73|4, 38, N/A, 27.32, 0|5, 39, N/A, 26.58, 0|6, 36, N/A, 27.77, 0|
16:35:53 0, 59, N/A, 109.18, 93|1, 57, N/A, 121.88, 87|2, 61, N/A, 118.77, 89|3, 52, N/A, 75.62, 75|4, 37, N/A, 27.32, 0|5, 39, N/A, 26.58, 0|6, 36, N/A, 27.79, 0|
16:35:55 0, 59, N/A, 79.59, 93|1, 57, N/A, 76.20, 89|2, 61, N/A, 109.89, 90|3, 52, N/A, 110.04, 74|4, 37, N/A, 27.31, 0|5, 39, N/A, 26.59, 0|6, 36, N/A, 28.03, 0|
16:35:57 0, 59, N/A, 101.15, 93|1, 57, N/A, 88.19, 88|2, 61, N/A, 104.79, 89|3, 52, N/A, 98.77, 73|4, 38, N/A, 27.31, 0|5, 39, N/A, 26.58, 0|6, 36, N/A, 27.79, 0|
16:35:59 0, 59, N/A, 82.05, 93|1, 57, N/A, 93.30, 89|2, 61, N/A, 130.47, 90|3, 52, N/A, 118.31, 75|4, 37, N/A, 27.30, 0|5, 39, N/A, 26.58, 0|6, 36, N/A, 27.53, 0|
16:36:01 0, 59, N/A, 79.84, 93|1, 57, N/A, 94.28, 88|2, 61, N/A, 128.20, 89|3, 52, N/A, 85.88, 74|4, 38, N/A, 27.32, 0|5, 39, N/A, 26.33, 0|6, 36, N/A, 27.77, 0|
16:36:03 0, 59, N/A, 100.95, 48|1, 57, N/A, 102.03, 62|2, 61, N/A, 125.71, 61|3, 52, N/A, 90.63, 60|4, 38, N/A, 27.31, 0|5, 39, N/A, 26.82, 0|6, 36, N/A, 27.79, 0|
16:36:05 0, 60, N/A, 99.47, 62|1, 57, N/A, 100.07, 62|2, 61, N/A, 113.16, 62|3, 53, N/A, 96.14, 60|4, 37, N/A, 27.56, 0|5, 39, N/A, 26.35, 0|6, 36, N/A, 27.77, 0|
16:36:07 0, 60, N/A, 95.22, 62|1, 57, N/A, 104.54, 62|2, 61, N/A, 121.00, 62|3, 53, N/A, 105.01, 61|4, 37, N/A, 27.56, 0|5, 39, N/A, 26.33, 0|6, 36, N/A, 28.03, 0|
16:36:09 0, 60, N/A, 104.36, 62|1, 57, N/A, 116.63, 62|2, 61, N/A, 127.57, 61|3, 53, N/A, 95.30, 60|4, 37, N/A, 27.30, 0|5, 39, N/A, 26.56, 0|6, 36, N/A, 27.77, 0|
16:36:12 0, 60, N/A, 105.89, 63|1, 57, N/A, 105.23, 62|2, 61, N/A, 115.46, 62|3, 53, N/A, 110.85, 60|4, 38, N/A, 27.31, 0|5, 39, N/A, 26.33, 0|6, 36, N/A, 27.54, 0|
16:36:14 0, 60, N/A, 89.86, 62|1, 57, N/A, 105.92, 62|2, 61, N/A, 143.63, 62|3, 53, N/A, 105.86, 60|4, 37, N/A, 27.32, 0|5, 39, N/A, 26.58, 0|6, 36, N/A, 27.77, 0|
16:36:16 0, 60, N/A, 102.76, 62|1, 57, N/A, 115.06, 62|2, 61, N/A, 120.26, 62|3, 53, N/A, 94.01, 60|4, 38, N/A, 27.28, 0|5, 39, N/A, 26.82, 0|6, 36, N/A, 27.79, 0|
16:36:18 0, 60, N/A, 105.37, 62|1, 57, N/A, 106.27, 62|2, 61, N/A, 123.38, 62|3, 53, N/A, 102.86, 60|4, 37, N/A, 26.84, 0|5, 39, N/A, 26.56, 0|6, 36, N/A, 27.75, 0|
16:36:20 0, 60, N/A, 106.07, 62|1, 57, N/A, 107.19, 63|2, 61, N/A, 121.64, 62|3, 54, N/A, 104.34, 60|4, 37, N/A, 27.54, 0|5, 39, N/A, 26.56, 0|6, 36, N/A, 28.02, 0|
16:36:22 0, 60, N/A, 91.42, 62|1, 57, N/A, 105.37, 62|2, 61, N/A, 120.33, 62|3, 54, N/A, 94.51, 60|4, 38, N/A, 27.30, 0|5, 39, N/A, 26.82, 0|6, 36, N/A, 27.77, 0|
16:36:24 0, 60, N/A, 102.59, 62|1, 58, N/A, 116.81, 63|2, 61, N/A, 127.05, 62|3, 54, N/A, 100.05, 60|4, 38, N/A, 27.54, 0|5, 39, N/A, 26.59, 0|6, 36, N/A, 27.77, 0|
16:36:26 0, 60, N/A, 103.31, 63|1, 58, N/A, 112.69, 62|2, 61, N/A, 120.37, 62|3, 54, N/A, 95.58, 61|4, 38, N/A, 27.07, 0|5, 39, N/A, 26.82, 0|6, 36, N/A, 27.56, 0|
16:36:28 0, 60, N/A, 102.42, 62|1, 57, N/A, 104.63, 62|2, 61, N/A, 119.06, 62|3, 54, N/A, 93.28, 60|4, 37, N/A, 27.32, 0|5, 39, N/A, 26.35, 0|6, 36, N/A, 28.02, 0|
16:36:30 0, 60, N/A, 98.20, 63|1, 58, N/A, 107.59, 63|2, 61, N/A, 118.07, 62|3, 54, N/A, 96.48, 61|4, 37, N/A, 27.30, 0|5, 39, N/A, 26.79, 0|6, 36, N/A, 27.77, 0|
16:36:32 0, 60, N/A, 92.11, 63|1, 58, N/A, 94.04, 63|2, 61, N/A, 109.57, 62|3, 54, N/A, 107.59, 61|4, 38, N/A, 27.54, 0|5, 39, N/A, 26.84, 0|6, 36, N/A, 27.77, 0|
16:36:34 0, 60, N/A, 89.92, 63|1, 58, N/A, 126.53, 62|2, 62, N/A, 127.47, 62|3, 54, N/A, 91.64, 61|4, 37, N/A, 27.56, 0|5, 39, N/A, 26.59, 0|6, 36, N/A, 27.79, 0|
16:36:37 0, 60, N/A, 95.57, 62|1, 58, N/A, 116.98, 62|2, 62, N/A, 130.67, 62|3, 54, N/A, 99.77, 60|4, 38, N/A, 27.28, 0|5, 39, N/A, 26.58, 0|6, 36, N/A, 27.53, 0|
16:36:39 0, 60, N/A, 101.15, 63|1, 58, N/A, 107.43, 62|2, 62, N/A, 123.88, 62|3, 55, N/A, 97.70, 60|4, 38, N/A, 27.32, 0|5, 39, N/A, 26.33, 0|6, 36, N/A, 27.75, 0|
16:36:41 0, 60, N/A, 103.31, 63|1, 58, N/A, 114.34, 63|2, 62, N/A, 116.00, 62|3, 55, N/A, 92.94, 61|4, 38, N/A, 27.30, 0|5, 39, N/A, 26.59, 0|6, 36, N/A, 28.00, 0|
16:36:43 0, 60, N/A, 102.37, 63|1, 58, N/A, 107.88, 62|2, 62, N/A, 116.77, 63|3, 55, N/A, 96.28, 61|4, 38, N/A, 27.56, 0|5, 39, N/A, 26.84, 0|6, 36, N/A, 27.77, 0|
16:36:45 0, 60, N/A, 100.51, 63|1, 58, N/A, 108.72, 63|2, 62, N/A, 117.94, 62|3, 55, N/A, 89.79, 61|4, 37, N/A, 27.07, 0|5, 39, N/A, 26.35, 0|6, 36, N/A, 27.81, 0|
16:36:47 0, 60, N/A, 99.02, 63|1, 58, N/A, 102.47, 62|2, 62, N/A, 108.22, 62|3, 55, N/A, 91.74, 61|4, 38, N/A, 27.56, 0|5, 39, N/A, 26.59, 0|6, 36, N/A, 27.77, 0|
16:36:49 0, 60, N/A, 111.05, 62|1, 58, N/A, 101.15, 63|2, 62, N/A, 127.36, 62|3, 55, N/A, 94.65, 60|4, 37, N/A, 27.56, 0|5, 39, N/A, 26.58, 0|6, 36, N/A, 28.03, 0|
16:36:51 0, 60, N/A, 99.66, 63|1, 58, N/A, 115.75, 63|2, 62, N/A, 122.82, 62|3, 55, N/A, 101.39, 61|4, 37, N/A, 27.31, 0|5, 39, N/A, 26.82, 0|6, 36, N/A, 28.03, 0|
16:36:53 0, 60, N/A, 99.30, 62|1, 58, N/A, 104.21, 63|2, 62, N/A, 117.93, 62|3, 55, N/A, 89.71, 61|4, 38, N/A, 27.56, 0|5, 39, N/A, 26.59, 0|6, 36, N/A, 27.79, 0|
16:36:55 0, 60, N/A, 104.59, 63|1, 58, N/A, 108.32, 62|2, 62, N/A, 121.08, 63|3, 55, N/A, 96.72, 61|4, 38, N/A, 27.32, 0|5, 39, N/A, 26.58, 0|6, 36, N/A, 28.03, 0|
16:36:57 0, 60, N/A, 102.73, 63|1, 58, N/A, 108.19, 63|2, 62, N/A, 118.75, 62|3, 56, N/A, 86.35, 61|4, 38, N/A, 27.31, 0|5, 39, N/A, 26.35, 0|6, 36, N/A, 27.77, 0|
16:36:59 0, 60, N/A, 133.35, 93|1, 58, N/A, 138.96, 88|2, 61, N/A, 135.38, 89|3, 56, N/A, 85.64, 73|4, 38, N/A, 27.30, 0|5, 39, N/A, 26.33, 0|6, 36, N/A, 27.77, 0|
16:37:02 0, 60, N/A, 105.32, 93|1, 58, N/A, 93.60, 88|2, 62, N/A, 94.53, 89|3, 55, N/A, 89.50, 74|4, 38, N/A, 27.30, 0|5, 39, N/A, 26.33, 0|6, 36, N/A, 28.02, 0|
16:37:04 0, 60, N/A, 85.98, 93|1, 58, N/A, 77.93, 88|2, 62, N/A, 103.02, 90|3, 55, N/A, 112.06, 74|4, 38, N/A, 27.30, 0|5, 39, N/A, 26.58, 0|6, 36, N/A, 28.03, 0|
16:37:06 0, 60, N/A, 116.73, 93|1, 58, N/A, 111.89, 88|2, 62, N/A, 112.95, 89|3, 56, N/A, 77.13, 73|4, 38, N/A, 27.32, 0|5, 39, N/A, 26.35, 0|6, 36, N/A, 27.79, 0|
16:37:08 0, 60, N/A, 117.28, 93|1, 58, N/A, 104.84, 88|2, 62, N/A, 102.14, 75|3, 55, N/A, 79.99, 74|4, 38, N/A, 27.56, 0|5, 39, N/A, 26.59, 0|6, 36, N/A, 27.79, 0|
16:37:10 0, 60, N/A, 116.49, 94|1, 58, N/A, 115.09, 89|2, 62, N/A, 115.09, 88|3, 56, N/A, 79.05, 74|4, 37, N/A, 27.32, 0|5, 39, N/A, 26.33, 0|6, 36, N/A, 27.79, 0|
16:37:12 0, 60, N/A, 83.77, 93|1, 58, N/A, 113.42, 88|2, 62, N/A, 116.88, 89|3, 56, N/A, 74.15, 73|4, 38, N/A, 27.30, 0|5, 39, N/A, 26.58, 0|6, 36, N/A, 27.79, 0|
16:37:14 0, 60, N/A, 139.94, 93|1, 58, N/A, 138.32, 88|2, 62, N/A, 132.13, 90|3, 56, N/A, 89.61, 75|4, 38, N/A, 27.30, 0|5, 39, N/A, 26.82, 0|6, 36, N/A, 28.03, 0|
16:37:16 0, 60, N/A, 90.60, 93|1, 58, N/A, 113.38, 88|2, 62, N/A, 104.11, 90|3, 56, N/A, 72.71, 74|4, 37, N/A, 27.32, 0|5, 39, N/A, 26.58, 0|6, 36, N/A, 28.02, 0|
16:37:18 0, 60, N/A, 99.92, 93|1, 58, N/A, 89.67, 90|2, 62, N/A, 103.80, 90|3, 56, N/A, 99.81, 75|4, 38, N/A, 27.31, 0|5, 39, N/A, 26.82, 0|6, 36, N/A, 27.79, 0|
16:37:20 0, 60, N/A, 93.60, 93|1, 58, N/A, 118.69, 89|2, 62, N/A, 157.68, 90|3, 56, N/A, 101.52, 74|4, 38, N/A, 27.32, 0|5, 39, N/A, 26.58, 0|6, 36, N/A, 27.77, 0|
16:37:22 0, 60, N/A, 96.98, 93|1, 58, N/A, 126.06, 74|2, 62, N/A, 125.83, 76|3, 56, N/A, 86.42, 75|4, 37, N/A, 27.32, 0|5, 39, N/A, 26.58, 0|6, 36, N/A, 28.02, 0|
16:37:24 0, 60, N/A, 94.58, 93|1, 58, N/A, 91.82, 88|2, 62, N/A, 115.82, 89|3, 56, N/A, 78.57, 74|4, 38, N/A, 27.32, 0|5, 39, N/A, 26.59, 0|6, 36, N/A, 27.77, 0|
16:37:27 0, 61, N/A, 100.86, 93|1, 58, N/A, 129.23, 89|2, 62, N/A, 127.55, 90|3, 56, N/A, 85.43, 75|4, 37, N/A, 27.32, 0|5, 39, N/A, 26.82, 0|6, 36, N/A, 28.03, 0|
16:37:29 0, 60, N/A, 102.63, 93|1, 58, N/A, 134.80, 89|2, 62, N/A, 169.18, 90|3, 56, N/A, 144.10, 74|4, 38, N/A, 27.30, 0|5, 39, N/A, 26.58, 0|6, 36, N/A, 28.03, 0|
16:37:31 0, 60, N/A, 95.75, 93|1, 58, N/A, 100.91, 89|2, 62, N/A, 105.83, 90|3, 56, N/A, 70.99, 74|4, 38, N/A, 27.30, 0|5, 39, N/A, 26.58, 0|6, 36, N/A, 27.77, 0|
16:37:33 0, 60, N/A, 120.17, 93|1, 58, N/A, 103.86, 89|2, 62, N/A, 130.16, 90|3, 57, N/A, 121.97, 75|4, 37, N/A, 27.30, 0|5, 39, N/A, 26.58, 0|6, 36, N/A, 28.03, 0|
16:37:35 0, 61, N/A, 94.78, 93|1, 58, N/A, 127.28, 89|2, 62, N/A, 124.11, 90|3, 57, N/A, 79.50, 74|4, 37, N/A, 27.30, 0|5, 39, N/A, 26.59, 0|6, 36, N/A, 27.79, 0|
16:37:37 0, 61, N/A, 63.45, 94|1, 58, N/A, 62.72, 89|2, 62, N/A, 70.06, 90|3, 57, N/A, 51.13, 74|4, 37, N/A, 27.32, 0|5, 39, N/A, 26.59, 0|6, 36, N/A, 28.02, 0|
16:37:39 0, 60, N/A, 109.68, 94|1, 58, N/A, 127.02, 89|2, 62, N/A, 122.46, 90|3, 57, N/A, 80.52, 74|4, 38, N/A, 27.32, 0|5, 39, N/A, 26.82, 0|6, 36, N/A, 27.77, 0|
16:37:41 0, 61, N/A, 81.37, 94|1, 58, N/A, 99.68, 89|2, 62, N/A, 128.04, 90|3, 57, N/A, 84.21, 75|4, 38, N/A, 27.32, 0|5, 39, N/A, 26.35, 0|6, 36, N/A, 27.77, 0|
16:37:43 0, 60, N/A, 95.51, 93|1, 58, N/A, 121.63, 89|2, 62, N/A, 163.31, 89|3, 57, N/A, 144.10, 75|4, 38, N/A, 27.30, 0|5, 39, N/A, 26.59, 0|6, 36, N/A, 27.77, 0|
16:37:45 0, 60, N/A, 79.89, 94|1, 58, N/A, 116.12, 89|2, 62, N/A, 109.20, 90|3, 57, N/A, 74.68, 75|4, 38, N/A, 27.32, 0|5, 39, N/A, 26.58, 0|6, 36, N/A, 27.79, 0|
16:37:47 0, 60, N/A, 80.33, 93|1, 58, N/A, 97.96, 89|2, 62, N/A, 137.76, 90|3, 57, N/A, 129.32, 74|4, 37, N/A, 27.30, 0|5, 39, N/A, 26.58, 0|6, 36, N/A, 28.02, 0|
16:37:50 0, 61, N/A, 77.63, 78|1, 58, N/A, 99.68, 74|2, 62, N/A, 137.93, 74|3, 57, N/A, 112.79, 63|4, 38, N/A, 27.31, 0|5, 39, N/A, 26.58, 0|6, 36, N/A, 27.77, 0|
16:37:52 0, 60, N/A, 103.07, 93|1, 58, N/A, 129.23, 89|2, 62, N/A, 165.02, 90|3, 57, N/A, 141.98, 75|4, 37, N/A, 27.30, 0|5, 39, N/A, 26.58, 0|6, 36, N/A, 28.02, 0|
16:37:54 0, 61, N/A, 102.64, 94|1, 58, N/A, 88.68, 89|2, 62, N/A, 113.13, 90|3, 57, N/A, 101.32, 76|4, 38, N/A, 27.32, 0|5, 39, N/A, 26.58, 0|6, 36, N/A, 27.77, 0|
16:37:56 0, 60, N/A, 96.24, 93|1, 58, N/A, 127.78, 88|2, 62, N/A, 122.21, 90|3, 57, N/A, 83.22, 76|4, 37, N/A, 27.32, 0|5, 39, N/A, 26.84, 0|6, 36, N/A, 27.77, 0|
16:37:58 0, 61, N/A, 110.92, 94|1, 59, N/A, 97.28, 89|2, 63, N/A, 121.88, 90|3, 57, N/A, 97.35, 77|4, 38, N/A, 27.56, 0|5, 39, N/A, 26.58, 0|6, 36, N/A, 28.02, 0|
16:38:00 0, 61, N/A, 104.09, 94|1, 58, N/A, 88.44, 89|2, 63, N/A, 104.79, 90|3, 57, N/A, 105.74, 75|4, 38, N/A, 27.32, 0|5, 39, N/A, 26.59, 0|6, 36, N/A, 27.79, 0|
16:38:02 0, 60, N/A, 141.83, 94|1, 58, N/A, 158.72, 89|2, 62, N/A, 187.33, 77|3, 57, N/A, 122.71, 74|4, 38, N/A, 27.30, 0|5, 39, N/A, 26.82, 0|6, 36, N/A, 27.77, 0|
16:38:04 0, 61, N/A, 91.33, 93|1, 59, N/A, 127.28, 89|2, 63, N/A, 124.60, 90|3, 58, N/A, 81.51, 76|4, 38, N/A, 27.31, 0|5, 39, N/A, 26.58, 0|6, 36, N/A, 27.79, 0|
16:38:06 0, 61, N/A, 147.22, 94|1, 59, N/A, 163.54, 89|2, 63, N/A, 173.10, 90|3, 58, N/A, 114.45, 76|4, 38, N/A, 27.31, 0|5, 39, N/A, 26.82, 0|6, 36, N/A, 28.02, 0|
16:38:08 0, 61, N/A, 107.72, 94|1, 59, N/A, 100.66, 89|2, 63, N/A, 96.30, 89|3, 58, N/A, 107.35, 74|4, 38, N/A, 27.31, 0|5, 39, N/A, 26.58, 0|6, 36, N/A, 28.03, 0|
16:38:10 0, 61, N/A, 103.61, 93|1, 58, N/A, 94.03, 89|2, 63, N/A, 106.75, 90|3, 58, N/A, 91.27, 75|4, 38, N/A, 27.30, 0|5, 39, N/A, 26.84, 0|6, 36, N/A, 27.77, 0|
16:38:13 0, 61, N/A, 98.94, 94|1, 59, N/A, 124.58, 90|2, 62, N/A, 160.62, 91|3, 58, N/A, 140.27, 76|4, 38, N/A, 27.30, 0|5, 39, N/A, 26.58, 0|6, 36, N/A, 28.02, 0|
16:38:15 0, 61, N/A, 107.04, 94|1, 59, N/A, 96.05, 89|2, 63, N/A, 137.66, 86|3, 58, N/A, 87.14, 77|4, 38, N/A, 27.32, 0|5, 39, N/A, 26.58, 0|6, 36, N/A, 27.77, 0|
16:38:17 0, 61, N/A, 73.24, 94|1, 59, N/A, 101.83, 89|2, 63, N/A, 142.41, 90|3, 58, N/A, 105.93, 77|4, 38, N/A, 27.32, 0|5, 39, N/A, 26.84, 0|6, 36, N/A, 28.02, 0|
16:38:19 0, 61, N/A, 90.11, 94|1, 59, N/A, 84.30, 89|2, 63, N/A, 119.19, 91|3, 58, N/A, 120.51, 75|4, 38, N/A, 27.56, 0|5, 39, N/A, 26.59, 0|6, 36, N/A, 28.03, 0|
16:38:21 0, 60, N/A, 44.79, 94|1, 58, N/A, 48.97, 67|2, 62, N/A, 58.04, 82|3, 58, N/A, 43.78, 77|4, 38, N/A, 27.32, 0|5, 39, N/A, 26.59, 0|6, 36, N/A, 27.79, 0|
16:38:23 0, 61, N/A, 108.70, 66|1, 59, N/A, 108.65, 66|2, 63, N/A, 129.73, 66|3, 58, N/A, 107.46, 64|4, 38, N/A, 27.53, 0|5, 39, N/A, 26.56, 0|6, 36, N/A, 28.02, 0|
16:38:25 0, 61, N/A, 102.02, 66|1, 59, N/A, 112.62, 66|2, 63, N/A, 126.17, 66|3, 58, N/A, 112.49, 64|4, 38, N/A, 27.31, 0|5, 39, N/A, 26.58, 0|6, 36, N/A, 27.79, 0|
16:38:27 0, 61, N/A, 106.79, 66|1, 59, N/A, 114.17, 66|2, 63, N/A, 128.46, 66|3, 58, N/A, 99.01, 64|4, 38, N/A, 27.30, 0|5, 39, N/A, 26.58, 0|6, 36, N/A, 28.02, 0|
16:38:29 0, 61, N/A, 106.01, 66|1, 59, N/A, 110.61, 66|2, 63, N/A, 129.73, 66|3, 58, N/A, 103.47, 64|4, 38, N/A, 27.56, 0|5, 39, N/A, 26.58, 0|6, 36, N/A, 28.28, 0|
16:38:31 0, 61, N/A, 106.75, 66|1, 59, N/A, 114.09, 66|2, 63, N/A, 127.40, 65|3, 58, N/A, 99.74, 64|4, 38, N/A, 27.30, 0|5, 39, N/A, 27.07, 0|6, 36, N/A, 27.77, 0|
16:38:33 0, 61, N/A, 112.62, 66|1, 59, N/A, 112.98, 66|2, 63, N/A, 135.13, 65|3, 59, N/A, 107.00, 64|4, 38, N/A, 27.30, 0|5, 39, N/A, 26.81, 0|6, 36, N/A, 27.77, 0|
16:38:35 0, 61, N/A, 99.43, 67|1, 59, N/A, 114.26, 66|2, 63, N/A, 147.37, 66|3, 59, N/A, 105.83, 65|4, 38, N/A, 27.54, 0|5, 39, N/A, 26.81, 0|6, 36, N/A, 27.77, 0|
16:38:38 0, 61, N/A, 105.62, 66|1, 59, N/A, 113.59, 66|2, 63, N/A, 141.51, 65|3, 59, N/A, 111.22, 64|4, 38, N/A, 27.30, 0|5, 39, N/A, 26.81, 0|6, 36, N/A, 28.02, 0|
16:38:40 0, 61, N/A, 109.98, 66|1, 59, N/A, 110.18, 66|2, 63, N/A, 129.62, 66|3, 59, N/A, 100.10, 65|4, 38, N/A, 27.30, 0|5, 39, N/A, 26.58, 0|6, 36, N/A, 28.26, 0|
16:38:42 0, 61, N/A, 101.01, 66|1, 59, N/A, 111.91, 66|2, 63, N/A, 119.71, 65|3, 59, N/A, 101.36, 64|4, 38, N/A, 27.32, 0|5, 39, N/A, 26.59, 0|6, 36, N/A, 27.77, 0|
16:38:44 0, 61, N/A, 105.57, 66|1, 59, N/A, 113.18, 66|2, 63, N/A, 129.75, 65|3, 59, N/A, 103.97, 64|4, 38, N/A, 27.56, 0|5, 39, N/A, 26.58, 0|6, 36, N/A, 28.03, 0|
16:38:46 0, 61, N/A, 106.75, 66|1, 59, N/A, 111.68, 66|2, 63, N/A, 134.40, 66|3, 59, N/A, 109.24, 64|4, 38, N/A, 27.30, 0|5, 39, N/A, 26.59, 0|6, 36, N/A, 28.02, 0|
16:38:48 0, 62, N/A, 107.73, 66|1, 59, N/A, 111.32, 66|2, 63, N/A, 127.49, 66|3, 59, N/A, 114.52, 65|4, 38, N/A, 27.32, 0|5, 39, N/A, 26.84, 0|6, 36, N/A, 27.79, 0|
16:38:50 0, 61, N/A, 102.09, 65|1, 59, N/A, 110.97, 66|2, 63, N/A, 128.77, 65|3, 59, N/A, 97.50, 63|4, 38, N/A, 27.32, 0|5, 39, N/A, 26.59, 0|6, 36, N/A, 28.02, 0|
16:38:52 0, 61, N/A, 53.65, 67|1, 59, N/A, 70.09, 53|2, 63, N/A, 95.95, 64|3, 59, N/A, 80.03, 65|4, 38, N/A, 27.31, 0|5, 39, N/A, 26.82, 0|6, 36, N/A, 28.03, 0|
16:38:54 0, 61, N/A, 107.49, 65|1, 59, N/A, 109.74, 66|2, 64, N/A, 127.83, 66|3, 59, N/A, 101.72, 63|4, 38, N/A, 27.30, 0|5, 39, N/A, 26.82, 0|6, 36, N/A, 27.77, 0|
16:38:56 0, 62, N/A, 107.28, 66|1, 59, N/A, 109.93, 65|2, 63, N/A, 128.01, 65|3, 59, N/A, 106.29, 64|4, 38, N/A, 27.30, 0|5, 39, N/A, 26.84, 0|6, 36, N/A, 27.77, 0|
16:38:58 0, 62, N/A, 106.06, 65|1, 59, N/A, 114.84, 66|2, 64, N/A, 126.37, 65|3, 59, N/A, 102.55, 63|4, 38, N/A, 27.32, 0|5, 39, N/A, 26.58, 0|6, 36, N/A, 27.79, 0|
16:39:00 0, 61, N/A, 102.28, 66|1, 59, N/A, 105.35, 65|2, 64, N/A, 122.56, 65|3, 59, N/A, 102.64, 64|4, 38, N/A, 27.31, 0|5, 39, N/A, 26.84, 0|6, 36, N/A, 27.77, 0|
16:39:03 0, 62, N/A, 103.55, 65|1, 59, N/A, 110.22, 66|2, 64, N/A, 124.71, 65|3, 60, N/A, 99.01, 63|4, 38, N/A, 27.30, 0|5, 39, N/A, 26.58, 0|6, 36, N/A, 27.77, 0|
16:39:05 0, 62, N/A, 108.27, 66|1, 59, N/A, 111.16, 66|2, 64, N/A, 126.74, 65|3, 60, N/A, 99.07, 64|4, 38, N/A, 27.54, 0|5, 39, N/A, 26.35, 0|6, 36, N/A, 27.77, 0|
16:39:07 0, 62, N/A, 105.30, 66|1, 59, N/A, 112.63, 66|2, 64, N/A, 129.13, 65|3, 60, N/A, 94.10, 64|4, 38, N/A, 27.30, 0|5, 39, N/A, 26.57, 0|6, 36, N/A, 28.02, 0|
16:39:09 0, 62, N/A, 105.52, 66|1, 59, N/A, 111.68, 66|2, 64, N/A, 120.67, 65|3, 60, N/A, 101.02, 64|4, 38, N/A, 27.30, 0|5, 39, N/A, 26.58, 0|6, 36, N/A, 27.77, 0|
16:39:11 0, 62, N/A, 105.79, 66|1, 60, N/A, 107.42, 66|2, 64, N/A, 132.62, 66|3, 60, N/A, 113.49, 64|4, 38, N/A, 27.54, 0|5, 39, N/A, 26.33, 0|6, 36, N/A, 28.02, 0|
16:39:13 0, 62, N/A, 105.57, 66|1, 59, N/A, 114.35, 66|2, 64, N/A, 129.01, 66|3, 60, N/A, 99.17, 64|4, 38, N/A, 27.56, 0|5, 39, N/A, 26.59, 0|6, 36, N/A, 28.02, 0|
16:39:15 0, 62, N/A, 101.01, 66|1, 60, N/A, 105.84, 66|2, 64, N/A, 142.25, 65|3, 60, N/A, 108.62, 64|4, 38, N/A, 27.56, 0|5, 39, N/A, 26.56, 0|6, 36, N/A, 28.03, 0|
16:39:17 0, 61, N/A, 76.65, 94|1, 59, N/A, 75.42, 90|2, 64, N/A, 119.62, 90|3, 59, N/A, 116.72, 76|4, 38, N/A, 27.32, 0|5, 39, N/A, 26.59, 0|6, 36, N/A, 28.03, 0|
16:39:19 0, 62, N/A, 158.90, 78|1, 59, N/A, 125.62, 90|2, 64, N/A, 129.73, 89|3, 60, N/A, 124.66, 64|4, 38, N/A, 27.30, 0|5, 39, N/A, 26.82, 0|6, 36, N/A, 28.03, 0|
16:39:21 0, 62, N/A, 84.26, 94|1, 60, N/A, 78.91, 90|2, 64, N/A, 112.64, 90|3, 60, N/A, 116.17, 76|4, 38, N/A, 27.31, 0|5, 39, N/A, 26.59, 0|6, 36, N/A, 28.03, 0|
16:39:23 0, 62, N/A, 100.67, 94|1, 59, N/A, 94.82, 89|2, 64, N/A, 96.25, 90|3, 60, N/A, 92.95, 77|4, 38, N/A, 27.31, 0|5, 39, N/A, 26.58, 0|6, 36, N/A, 27.77, 0|
16:39:25 0, 62, N/A, 151.38, 94|1, 59, N/A, 168.68, 90|2, 64, N/A, 152.62, 91|3, 60, N/A, 99.86, 76|4, 38, N/A, 27.30, 0|5, 39, N/A, 26.58, 0|6, 36, N/A, 27.77, 0|
16:39:28 0, 62, N/A, 99.19, 93|1, 60, N/A, 123.49, 89|2, 64, N/A, 118.03, 90|3, 60, N/A, 80.27, 76|4, 38, N/A, 27.30, 0|5, 39, N/A, 26.58, 0|6, 36, N/A, 28.02, 0|
16:39:30 0, 62, N/A, 103.85, 93|1, 59, N/A, 94.09, 89|2, 64, N/A, 113.38, 91|3, 60, N/A, 102.99, 75|4, 38, N/A, 27.32, 0|5, 39, N/A, 26.84, 0|6, 36, N/A, 28.03, 0|
16:39:32 0, 62, N/A, 113.30, 76|1, 59, N/A, 125.08, 86|2, 64, N/A, 121.72, 76|3, 60, N/A, 79.99, 62|4, 38, N/A, 27.31, 0|5, 39, N/A, 26.59, 0|6, 36, N/A, 27.79, 0|
16:39:34 0, 62, N/A, 143.06, 93|1, 59, N/A, 160.93, 89|2, 64, N/A, 192.22, 89|3, 60, N/A, 158.68, 75|4, 38, N/A, 27.54, 0|5, 39, N/A, 26.82, 0|6, 36, N/A, 27.79, 0|
16:39:36 0, 62, N/A, 100.18, 94|1, 60, N/A, 130.88, 89|2, 64, N/A, 167.55, 90|3, 60, N/A, 101.34, 76|4, 38, N/A, 27.32, 0|5, 39, N/A, 26.59, 0|6, 36, N/A, 28.03, 0|
16:39:38 0, 62, N/A, 117.10, 94|1, 60, N/A, 104.41, 89|2, 64, N/A, 99.44, 90|3, 60, N/A, 84.15, 78|4, 38, N/A, 27.30, 0|5, 39, N/A, 26.58, 0|6, 36, N/A, 28.02, 0|
16:39:40 0, 62, N/A, 89.61, 94|1, 60, N/A, 119.68, 89|2, 64, N/A, 149.01, 91|3, 60, N/A, 102.01, 76|4, 38, N/A, 27.31, 0|5, 39, N/A, 26.58, 0|6, 36, N/A, 28.02, 0|
16:39:42 0, 62, N/A, 95.81, 94|1, 60, N/A, 96.00, 90|2, 64, N/A, 119.50, 90|3, 60, N/A, 85.88, 77|4, 38, N/A, 27.32, 0|5, 39, N/A, 26.84, 0|6, 36, N/A, 28.02, 0|
16:39:44 0, 62, N/A, 95.50, 94|1, 60, N/A, 106.75, 73|2, 64, N/A, 107.55, 82|3, 60, N/A, 71.44, 78|4, 38, N/A, 27.30, 0|5, 39, N/A, 26.58, 0|6, 36, N/A, 27.77, 0|
16:39:46 0, 62, N/A, 91.88, 94|1, 60, N/A, 124.82, 89|2, 64, N/A, 139.30, 91|3, 60, N/A, 96.93, 75|4, 38, N/A, 27.32, 0|5, 39, N/A, 26.59, 0|6, 36, N/A, 28.02, 0|
16:39:48 0, 62, N/A, 83.03, 94|1, 60, N/A, 98.45, 90|2, 64, N/A, 153.62, 90|3, 61, N/A, 143.21, 76|4, 38, N/A, 27.30, 0|5, 39, N/A, 26.58, 0|6, 36, N/A, 28.02, 0|
16:39:51 0, 62, N/A, 83.77, 94|1, 60, N/A, 86.67, 90|2, 64, N/A, 125.99, 91|3, 60, N/A, 117.64, 76|4, 38, N/A, 27.30, 0|5, 39, N/A, 26.58, 0|6, 36, N/A, 28.02, 0|
16:39:53 0, 62, N/A, 77.87, 94|1, 60, N/A, 106.25, 90|2, 64, N/A, 146.76, 91|3, 61, N/A, 129.50, 76|4, 38, N/A, 27.30, 0|5, 39, N/A, 26.57, 0|6, 36, N/A, 28.00, 0|
16:39:55 0, 62, N/A, 79.84, 94|1, 60, N/A, 110.91, 84|2, 64, N/A, 147.23, 76|3, 61, N/A, 135.44, 76|4, 38, N/A, 27.30, 0|5, 39, N/A, 26.82, 0|6, 36, N/A, 28.02, 0|
16:39:57 0, 62, N/A, 165.08, 94|1, 60, N/A, 140.20, 90|2, 64, N/A, 135.31, 90|3, 61, N/A, 110.04, 76|4, 38, N/A, 27.30, 0|5, 39, N/A, 26.82, 0|6, 36, N/A, 28.02, 0|
16:39:59 0, 62, N/A, 106.07, 94|1, 60, N/A, 123.66, 90|2, 65, N/A, 166.82, 90|3, 61, N/A, 108.63, 76|4, 38, N/A, 27.31, 0|5, 39, N/A, 26.58, 0|6, 36, N/A, 27.77, 0|
16:40:01 0, 62, N/A, 163.28, 94|1, 60, N/A, 175.67, 91|2, 64, N/A, 168.70, 90|3, 61, N/A, 101.03, 76|4, 38, N/A, 27.30, 0|5, 39, N/A, 26.82, 0|6, 36, N/A, 27.77, 0|
16:40:03 0, 62, N/A, 143.79, 94|1, 60, N/A, 160.85, 89|2, 64, N/A, 198.96, 90|3, 61, N/A, 165.77, 78|4, 38, N/A, 27.30, 0|5, 39, N/A, 26.82, 0|6, 36, N/A, 27.77, 0|
16:40:05 0, 62, N/A, 97.97, 94|1, 60, N/A, 87.95, 90|2, 64, N/A, 116.32, 91|3, 61, N/A, 110.29, 76|4, 37, N/A, 27.30, 0|5, 39, N/A, 26.58, 0|6, 36, N/A, 28.02, 0|
16:40:07 0, 62, N/A, 166.22, 94|1, 60, N/A, 160.94, 90|2, 64, N/A, 153.59, 91|3, 61, N/A, 104.71, 79|4, 38, N/A, 27.30, 0|5, 39, N/A, 26.58, 0|6, 36, N/A, 28.02, 0|
16:40:09 0, 62, N/A, 149.92, 94|1, 60, N/A, 165.99, 91|2, 65, N/A, 201.65, 90|3, 61, N/A, 141.98, 76|4, 38, N/A, 27.32, 0|5, 39, N/A, 26.58, 0|6, 36, N/A, 28.02, 0|
16:40:11 0, 62, N/A, 83.52, 94|1, 60, N/A, 91.09, 89|2, 65, N/A, 129.18, 90|3, 61, N/A, 119.53, 77|4, 38, N/A, 27.30, 0|5, 39, N/A, 26.58, 0|6, 36, N/A, 28.02, 0|
16:40:14 0, 62, N/A, 104.10, 94|1, 60, N/A, 101.95, 89|2, 65, N/A, 100.18, 91|3, 61, N/A, 81.71, 75|4, 38, N/A, 27.31, 0|5, 39, N/A, 26.58, 0|6, 36, N/A, 28.03, 0|
16:40:16 0, 62, N/A, 122.86, 94|1, 60, N/A, 104.05, 90|2, 65, N/A, 105.83, 92|3, 61, N/A, 91.27, 76|4, 38, N/A, 27.31, 0|5, 39, N/A, 26.59, 0|6, 36, N/A, 27.79, 0|
16:40:18 0, 62, N/A, 108.20, 94|1, 60, N/A, 119.44, 71|2, 64, N/A, 118.53, 72|3, 61, N/A, 81.01, 77|4, 38, N/A, 27.32, 0|5, 39, N/A, 26.58, 0|6, 36, N/A, 28.02, 0|
16:40:20 0, 62, N/A, 61.24, 94|1, 60, N/A, 78.65, 91|2, 65, N/A, 120.98, 91|3, 61, N/A, 79.79, 76|4, 38, N/A, 27.32, 0|5, 39, N/A, 26.84, 0|6, 36, N/A, 28.02, 0|
16:40:22 0, 63, N/A, 115.08, 94|1, 60, N/A, 106.12, 90|2, 65, N/A, 106.07, 90|3, 62, N/A, 99.99, 77|4, 38, N/A, 27.30, 0|5, 39, N/A, 26.58, 0|6, 36, N/A, 28.03, 0|
16:40:24 0, 62, N/A, 147.71, 94|1, 60, N/A, 164.52, 89|2, 65, N/A, 201.89, 91|3, 61, N/A, 166.02, 78|4, 38, N/A, 27.30, 0|5, 39, N/A, 26.58, 0|6, 36, N/A, 28.03, 0|
16:40:26 0, 63, N/A, 95.21, 93|1, 60, N/A, 107.60, 91|2, 65, N/A, 110.00, 90|3, 61, N/A, 72.42, 76|4, 37, N/A, 27.31, 0|5, 39, N/A, 26.58, 0|6, 36, N/A, 27.77, 0|
16:40:28 0, 62, N/A, 90.16, 94|1, 60, N/A, 91.82, 88|2, 65, N/A, 133.85, 90|3, 61, N/A, 85.48, 76|4, 38, N/A, 27.32, 0|5, 39, N/A, 26.82, 0|6, 36, N/A, 27.77, 0|
16:40:30 0, 63, N/A, 60.99, 94|1, 60, N/A, 81.56, 89|2, 65, N/A, 114.61, 90|3, 61, N/A, 78.57, 76|4, 38, N/A, 27.32, 0|5, 39, N/A, 26.59, 0|6, 36, N/A, 28.02, 0|
16:40:32 0, 63, N/A, 100.61, 94|1, 60, N/A, 147.72, 90|2, 65, N/A, 141.43, 91|3, 62, N/A, 94.95, 77|4, 38, N/A, 27.30, 0|5, 39, N/A, 26.84, 0|6, 36, N/A, 28.03, 0|
16:40:34 0, 62, N/A, 99.93, 94|1, 60, N/A, 87.70, 90|2, 65, N/A, 114.53, 91|3, 61, N/A, 108.57, 77|4, 38, N/A, 27.30, 0|5, 39, N/A, 26.58, 0|6, 36, N/A, 28.02, 0|
16:40:36 0, 63, N/A, 90.16, 94|1, 61, N/A, 82.30, 91|2, 65, N/A, 119.88, 91|3, 62, N/A, 120.75, 76|4, 38, N/A, 27.30, 0|5, 39, N/A, 26.58, 0|6, 36, N/A, 28.03, 0|
16:40:39 0, 62, N/A, 48.72, 94|1, 60, N/A, 52.14, 90|2, 65, N/A, 62.23, 76|3, 61, N/A, 53.58, 77|4, 38, N/A, 27.56, 0|5, 39, N/A, 26.59, 0|6, 36, N/A, 28.03, 0|
16:40:41 0, 63, N/A, 102.58, 94|1, 61, N/A, 135.05, 90|2, 66, N/A, 163.14, 90|3, 62, N/A, 110.59, 77|4, 38, N/A, 27.32, 0|5, 39, N/A, 26.58, 0|6, 36, N/A, 27.77, 0|
16:40:43 0, 63, N/A, 85.04, 94|1, 60, N/A, 80.34, 90|2, 65, N/A, 113.31, 90|3, 62, N/A, 115.92, 77|4, 38, N/A, 27.32, 0|5, 39, N/A, 26.59, 0|6, 36, N/A, 27.77, 0|
16:40:45 0, 63, N/A, 100.60, 94|1, 61, N/A, 131.93, 91|2, 65, N/A, 131.63, 90|3, 62, N/A, 87.85, 76|4, 38, N/A, 27.31, 0|5, 39, N/A, 26.58, 0|6, 36, N/A, 28.02, 0|
16:40:47 0, 63, N/A, 151.88, 95|1, 61, N/A, 167.95, 90|2, 65, N/A, 200.78, 91|3, 62, N/A, 164.79, 78|4, 38, N/A, 27.30, 0|5, 39, N/A, 26.58, 0|6, 36, N/A, 28.02, 0|
16:40:49 0, 63, N/A, 87.40, 95|1, 61, N/A, 130.47, 90|2, 65, N/A, 127.77, 90|3, 62, N/A, 83.67, 78|4, 38, N/A, 27.30, 0|5, 39, N/A, 26.58, 0|6, 36, N/A, 28.02, 0|
16:40:51 0, 63, N/A, 94.53, 94|1, 61, N/A, 93.54, 90|2, 66, N/A, 136.84, 91|3, 62, N/A, 93.04, 77|4, 38, N/A, 27.32, 0|5, 39, N/A, 26.58, 0|6, 36, N/A, 27.77, 0|
16:40:53 0, 63, N/A, 160.83, 95|1, 61, N/A, 174.93, 90|2, 65, N/A, 207.27, 91|3, 62, N/A, 168.13, 77|4, 38, N/A, 27.30, 0|5, 39, N/A, 26.58, 0|6, 36, N/A, 27.77, 0|
16:40:55 0, 63, N/A, 85.00, 94|1, 61, N/A, 83.04, 90|2, 66, N/A, 120.92, 91|3, 62, N/A, 119.11, 77|4, 38, N/A, 27.56, 0|5, 39, N/A, 26.58, 0|6, 36, N/A, 28.03, 0|
16:40:57 0, 63, N/A, 167.69, 85|1, 61, N/A, 181.29, 90|2, 66, N/A, 205.19, 91|3, 62, N/A, 134.46, 74|4, 38, N/A, 27.30, 0|5, 39, N/A, 26.33, 0|6, 36, N/A, 27.77, 0|
16:40:59 0, 63, N/A, 124.83, 94|1, 61, N/A, 109.20, 89|2, 66, N/A, 109.02, 91|3, 62, N/A, 89.07, 77|4, 38, N/A, 27.31, 0|5, 39, N/A, 26.58, 0|6, 36, N/A, 27.77, 0|
16:41:02 0, 63, N/A, 119.92, 94|1, 61, N/A, 104.35, 90|2, 66, N/A, 104.60, 91|3, 62, N/A, 94.46, 78|4, 38, N/A, 27.30, 0|5, 39, N/A, 26.58, 0|6, 36, N/A, 28.03, 0|
16:41:04 0, 63, N/A, 114.60, 94|1, 61, N/A, 104.59, 90|2, 66, N/A, 110.62, 91|3, 62, N/A, 107.35, 78|4, 38, N/A, 27.30, 0|5, 39, N/A, 26.58, 0|6, 36, N/A, 28.02, 0|
16:41:06 0, 63, N/A, 95.56, 94|1, 61, N/A, 104.78, 90|2, 66, N/A, 143.15, 92|3, 62, N/A, 95.89, 77|4, 38, N/A, 27.31, 0|5, 39, N/A, 26.58, 0|6, 36, N/A, 28.02, 0|
16:41:08 0, 63, N/A, 87.21, 73|1, 61, N/A, 95.02, 90|2, 65, N/A, 129.42, 91|3, 62, N/A, 92.95, 63|4, 38, N/A, 27.32, 0|5, 39, N/A, 26.58, 0|6, 36, N/A, 27.77, 0|
16:41:10 0, 63, N/A, 122.38, 94|1, 61, N/A, 107.05, 90|2, 65, N/A, 102.64, 91|3, 62, N/A, 65.10, 78|4, 38, N/A, 27.32, 0|5, 39, N/A, 26.33, 0|6, 36, N/A, 28.03, 0|
16:41:12 0, 62, N/A, 103.60, 95|1, 60, N/A, 89.91, 91|2, 65, N/A, 118.96, 91|3, 61, N/A, 111.76, 78|4, 38, N/A, 27.30, 0|5, 39, N/A, 26.58, 0|6, 36, N/A, 28.02, 0|
16:41:14 0, 63, N/A, 111.15, 94|1, 60, N/A, 149.66, 90|2, 65, N/A, 147.48, 91|3, 62, N/A, 102.26, 77|4, 38, N/A, 27.30, 0|5, 39, N/A, 26.33, 0|6, 36, N/A, 27.77, 0|
16:41:16 0, 62, N/A, 98.71, 94|1, 60, N/A, 93.79, 90|2, 64, N/A, 94.78, 90|3, 61, N/A, 100.79, 77|4, 38, N/A, 27.30, 0|5, 39, N/A, 26.58, 0|6, 36, N/A, 27.79, 0|
16:41:18 0, 62, N/A, 167.20, 94|1, 60, N/A, 180.07, 90|2, 64, N/A, 211.29, 91|3, 61, N/A, 133.97, 77|4, 37, N/A, 27.30, 0|5, 39, N/A, 26.58, 0|6, 36, N/A, 27.77, 0|
16:41:20 0, 62, N/A, 96.48, 94|1, 59, N/A, 111.66, 90|2, 64, N/A, 111.18, 91|3, 61, N/A, 78.81, 77|4, 37, N/A, 27.31, 0|5, 39, N/A, 26.33, 0|6, 36, N/A, 28.02, 0|
16:41:22 0, 61, N/A, 80.82, 94|1, 59, N/A, 77.38, 91|2, 63, N/A, 113.30, 91|3, 61, N/A, 120.02, 78|4, 38, N/A, 27.30, 0|5, 39, N/A, 26.82, 0|6, 36, N/A, 28.03, 0|
16:41:25 0, 61, N/A, 157.19, 94|1, 59, N/A, 171.13, 90|2, 63, N/A, 201.65, 91|3, 61, N/A, 166.75, 78|4, 37, N/A, 27.30, 0|5, 39, N/A, 26.56, 0|6, 36, N/A, 27.77, 0|
16:41:27 0, 61, N/A, 50.69, 94|1, 59, N/A, 53.86, 91|2, 63, N/A, 62.97, 91|3, 60, N/A, 47.71, 77|4, 37, N/A, 27.32, 0|5, 39, N/A, 26.35, 0|6, 36, N/A, 27.79, 0|
16:41:29 0, 61, N/A, 89.91, 94|1, 58, N/A, 79.89, 90|2, 63, N/A, 91.83, 91|3, 60, N/A, 106.42, 78|4, 37, N/A, 27.32, 0|5, 39, N/A, 26.59, 0|6, 36, N/A, 27.79, 0|
16:41:31 0, 60, N/A, 124.83, 95|1, 58, N/A, 145.74, 91|2, 62, N/A, 182.07, 91|3, 60, N/A, 153.79, 78|4, 37, N/A, 27.30, 0|5, 39, N/A, 26.58, 0|6, 36, N/A, 28.02, 0|
16:41:33 0, 60, N/A, 171.60, 94|1, 58, N/A, 183.98, 90|2, 63, N/A, 166.25, 91|3, 60, N/A, 106.12, 78|4, 37, N/A, 27.30, 0|5, 39, N/A, 26.58, 0|6, 36, N/A, 27.79, 0|
16:41:35 0, 61, N/A, 91.39, 72|1, 58, N/A, 107.72, 76|2, 62, N/A, 129.56, 73|3, 60, N/A, 87.85, 60|4, 37, N/A, 27.32, 0|5, 39, N/A, 26.58, 0|6, 35, N/A, 28.02, 0|
16:41:37 0, 60, N/A, 87.40, 94|1, 57, N/A, 107.73, 90|2, 62, N/A, 110.25, 91|3, 59, N/A, 71.94, 76|4, 37, N/A, 27.30, 0|5, 39, N/A, 26.58, 0|6, 35, N/A, 28.02, 0|
16:41:39 0, 60, N/A, 123.29, 94|1, 57, N/A, 145.34, 90|2, 62, N/A, 175.55, 91|3, 59, N/A, 150.71, 78|4, 37, N/A, 27.30, 0|5, 39, N/A, 26.56, 0|6, 35, N/A, 27.77, 0|
16:41:41 0, 60, N/A, 158.88, 94|1, 58, N/A, 173.09, 90|2, 61, N/A, 202.74, 91|3, 59, N/A, 167.48, 78|4, 37, N/A, 27.30, 0|5, 39, N/A, 26.31, 0|6, 35, N/A, 28.02, 0|
16:41:43 0, 60, N/A, 160.34, 94|1, 57, N/A, 173.33, 91|2, 61, N/A, 203.11, 91|3, 59, N/A, 167.73, 78|4, 37, N/A, 27.30, 0|5, 38, N/A, 26.33, 0|6, 36, N/A, 27.52, 0|
16:41:45 0, 60, N/A, 116.86, 94|1, 58, N/A, 104.41, 90|2, 61, N/A, 101.90, 91|3, 60, N/A, 88.03, 76|4, 37, N/A, 27.30, 0|5, 38, N/A, 26.33, 0|6, 35, N/A, 27.54, 0|
16:41:47 0, 60, N/A, 103.17, 94|1, 58, N/A, 90.84, 91|2, 62, N/A, 95.33, 91|3, 59, N/A, 94.41, 78|4, 37, N/A, 27.30, 0|5, 39, N/A, 26.33, 0|6, 35, N/A, 27.79, 0|
16:41:50 0, 60, N/A, 95.94, 94|1, 58, N/A, 129.48, 91|2, 62, N/A, 125.32, 91|3, 60, N/A, 86.17, 79|4, 37, N/A, 27.31, 0|5, 39, N/A, 26.59, 0|6, 35, N/A, 27.77, 0|
16:41:52 0, 60, N/A, 95.51, 95|1, 58, N/A, 100.61, 91|2, 62, N/A, 122.14, 91|3, 60, N/A, 85.88, 78|4, 37, N/A, 27.32, 0|5, 39, N/A, 26.58, 0|6, 36, N/A, 27.53, 0|
16:41:54 0, 60, N/A, 134.38, 94|1, 58, N/A, 152.84, 91|2, 62, N/A, 185.50, 92|3, 60, N/A, 159.67, 75|4, 37, N/A, 27.30, 0|5, 39, N/A, 26.58, 0|6, 36, N/A, 27.52, 0|
16:41:56 0, 61, N/A, 165.97, 94|1, 58, N/A, 178.60, 90|2, 62, N/A, 210.45, 91|3, 60, N/A, 170.17, 78|4, 37, N/A, 27.30, 0|5, 39, N/A, 26.58, 0|6, 35, N/A, 27.53, 0|
16:41:58 0, 60, N/A, 166.46, 94|1, 58, N/A, 178.60, 90|2, 63, N/A, 208.25, 91|3, 60, N/A, 171.07, 78|4, 37, N/A, 27.30, 0|5, 39, N/A, 26.58, 0|6, 36, N/A, 27.77, 0|
16:42:00 0, 61, N/A, 165.73, 94|1, 59, N/A, 178.86, 90|2, 62, N/A, 208.00, 91|3, 60, N/A, 170.66, 78|4, 37, N/A, 27.30, 0|5, 39, N/A, 26.33, 0|6, 35, N/A, 27.79, 0|
16:42:02 0, 61, N/A, 118.70, 94|1, 58, N/A, 108.52, 91|2, 63, N/A, 107.06, 91|3, 60, N/A, 94.95, 78|4, 37, N/A, 27.32, 0|5, 39, N/A, 26.59, 0|6, 36, N/A, 27.54, 0|
16:42:04 0, 61, N/A, 99.37, 95|1, 58, N/A, 128.99, 91|2, 63, N/A, 128.53, 91|3, 60, N/A, 80.28, 79|4, 37, N/A, 27.31, 0|5, 39, N/A, 26.58, 0|6, 36, N/A, 28.02, 0|
16:42:06 0, 61, N/A, 109.64, 56|1, 58, N/A, 118.03, 71|2, 63, N/A, 132.92, 67|3, 60, N/A, 107.68, 54|4, 37, N/A, 27.31, 0|5, 39, N/A, 26.35, 0|6, 36, N/A, 28.03, 0|
16:42:08 0, 61, N/A, 116.84, 72|1, 59, N/A, 120.49, 72|2, 63, N/A, 154.09, 72|3, 61, N/A, 108.55, 71|4, 37, N/A, 27.30, 0|5, 39, N/A, 26.56, 0|6, 36, N/A, 27.54, 0|
16:42:10 0, 61, N/A, 116.55, 72|1, 59, N/A, 120.90, 72|2, 63, N/A, 136.39, 72|3, 61, N/A, 115.37, 71|4, 37, N/A, 27.30, 0|5, 39, N/A, 26.56, 0|6, 36, N/A, 27.77, 0|
16:42:12 0, 61, N/A, 112.86, 72|1, 59, N/A, 118.21, 72|2, 63, N/A, 135.96, 72|3, 61, N/A, 119.06, 71|4, 37, N/A, 27.30, 0|5, 39, N/A, 26.57, 0|6, 36, N/A, 28.02, 0|
16:42:15 0, 61, N/A, 119.80, 72|1, 59, N/A, 119.69, 72|2, 63, N/A, 139.56, 72|3, 61, N/A, 122.50, 71|4, 37, N/A, 27.30, 0|5, 39, N/A, 26.58, 0|6, 36, N/A, 27.77, 0|
16:42:17 0, 62, N/A, 115.83, 72|1, 59, N/A, 122.19, 72|2, 63, N/A, 133.15, 72|3, 61, N/A, 118.80, 71|4, 37, N/A, 27.30, 0|5, 39, N/A, 26.58, 0|6, 36, N/A, 27.77, 0|
16:42:19 0, 62, N/A, 114.02, 72|1, 59, N/A, 124.02, 72|2, 64, N/A, 146.96, 72|3, 61, N/A, 117.38, 71|4, 37, N/A, 27.05, 0|5, 39, N/A, 26.33, 0|6, 36, N/A, 27.77, 0|
16:42:21 0, 62, N/A, 116.86, 72|1, 59, N/A, 125.75, 72|2, 64, N/A, 139.14, 72|3, 61, N/A, 126.45, 71|4, 37, N/A, 27.30, 0|5, 39, N/A, 26.33, 0|6, 36, N/A, 28.02, 0|
16:42:23 0, 62, N/A, 115.81, 72|1, 59, N/A, 121.75, 73|2, 64, N/A, 138.74, 72|3, 61, N/A, 110.60, 71|4, 37, N/A, 27.30, 0|5, 39, N/A, 26.58, 0|6, 36, N/A, 27.77, 0|
16:42:25 0, 62, N/A, 116.80, 72|1, 60, N/A, 117.16, 72|2, 64, N/A, 138.74, 72|3, 61, N/A, 107.89, 71|4, 37, N/A, 27.30, 0|5, 39, N/A, 26.58, 0|6, 36, N/A, 28.02, 0|
16:42:27 0, 62, N/A, 114.04, 72|1, 60, N/A, 120.83, 72|2, 64, N/A, 143.20, 72|3, 62, N/A, 119.17, 71|4, 37, N/A, 27.31, 0|5, 39, N/A, 26.58, 0|6, 36, N/A, 27.77, 0|
16:42:29 0, 62, N/A, 114.57, 72|1, 60, N/A, 121.71, 72|2, 64, N/A, 134.26, 72|3, 62, N/A, 109.35, 71|4, 37, N/A, 27.30, 0|5, 39, N/A, 26.33, 0|6, 36, N/A, 27.77, 0|
16:42:31 0, 62, N/A, 115.51, 73|1, 60, N/A, 118.26, 72|2, 64, N/A, 138.26, 72|3, 62, N/A, 119.73, 71|4, 37, N/A, 27.30, 0|5, 39, N/A, 26.58, 0|6, 36, N/A, 28.02, 0|
16:42:33 0, 62, N/A, 125.01, 72|1, 60, N/A, 120.41, 72|2, 64, N/A, 143.22, 72|3, 62, N/A, 112.00, 71|4, 37, N/A, 27.54, 0|5, 39, N/A, 26.58, 0|6, 36, N/A, 27.79, 0|
16:42:35 0, 62, N/A, 112.58, 72|1, 60, N/A, 126.41, 73|2, 64, N/A, 151.54, 72|3, 62, N/A, 117.88, 71|4, 37, N/A, 27.56, 0|5, 39, N/A, 26.33, 0|6, 36, N/A, 28.03, 0|
16:42:37 0, 62, N/A, 112.65, 72|1, 60, N/A, 117.65, 72|2, 64, N/A, 136.96, 72|3, 62, N/A, 120.95, 71|4, 37, N/A, 27.30, 0|5, 39, N/A, 26.33, 0|6, 36, N/A, 27.77, 0|
16:42:40 0, 62, N/A, 112.02, 72|1, 60, N/A, 118.63, 72|2, 64, N/A, 138.25, 72|3, 62, N/A, 110.77, 71|4, 37, N/A, 27.30, 0|5, 39, N/A, 26.33, 0|6, 36, N/A, 28.02, 0|
16:42:42 0, 62, N/A, 113.85, 72|1, 60, N/A, 121.45, 71|2, 65, N/A, 138.66, 71|3, 62, N/A, 115.12, 71|4, 37, N/A, 27.30, 0|5, 39, N/A, 26.58, 0|6, 36, N/A, 28.02, 0|
16:42:44 0, 63, N/A, 110.62, 72|1, 60, N/A, 118.59, 72|2, 65, N/A, 136.04, 72|3, 62, N/A, 115.24, 71|4, 37, N/A, 27.30, 0|5, 39, N/A, 26.58, 0|6, 36, N/A, 27.77, 0|
16:42:46 0, 63, N/A, 117.91, 72|1, 60, N/A, 115.76, 71|2, 65, N/A, 139.24, 71|3, 62, N/A, 108.46, 71|4, 37, N/A, 27.32, 0|5, 39, N/A, 26.58, 0|6, 36, N/A, 27.79, 0|
16:42:48 0, 63, N/A, 115.80, 53|1, 60, N/A, 128.13, 60|2, 65, N/A, 139.70, 55|3, 62, N/A, 111.94, 53|4, 37, N/A, 27.31, 0|5, 39, N/A, 26.58, 0|6, 36, N/A, 28.02, 0|
16:42:50 0, 63, N/A, 113.85, 72|1, 60, N/A, 116.72, 72|2, 65, N/A, 138.98, 71|3, 62, N/A, 112.18, 71|4, 37, N/A, 27.30, 0|5, 39, N/A, 26.58, 0|6, 36, N/A, 27.52, 0|
16:42:52 0, 63, N/A, 112.62, 72|1, 60, N/A, 118.64, 73|2, 65, N/A, 138.98, 72|3, 62, N/A, 116.53, 71|4, 38, N/A, 27.30, 0|5, 39, N/A, 26.58, 0|6, 36, N/A, 28.02, 0|
16:42:54 0, 63, N/A, 112.39, 72|1, 61, N/A, 121.45, 73|2, 65, N/A, 137.76, 72|3, 62, N/A, 108.60, 71|4, 37, N/A, 27.30, 0|5, 39, N/A, 26.58, 0|6, 36, N/A, 28.02, 0|
16:42:56 0, 63, N/A, 122.64, 72|1, 60, N/A, 121.45, 72|2, 65, N/A, 140.92, 72|3, 62, N/A, 110.22, 71|4, 37, N/A, 27.56, 0|5, 39, N/A, 26.33, 0|6, 36, N/A, 27.79, 0|
16:42:58 0, 63, N/A, 120.79, 72|1, 61, N/A, 120.84, 72|2, 65, N/A, 140.68, 72|3, 63, N/A, 120.94, 71|4, 37, N/A, 27.30, 0|5, 39, N/A, 26.58, 0|6, 36, N/A, 27.77, 0|
16:43:00 0, 63, N/A, 115.12, 72|1, 61, N/A, 117.67, 72|2, 65, N/A, 150.47, 72|3, 63, N/A, 117.13, 71|4, 38, N/A, 27.54, 0|5, 39, N/A, 26.58, 0|6, 36, N/A, 27.77, 0|
16:43:02 0, 62, N/A, 87.16, 95|1, 60, N/A, 113.80, 91|2, 65, N/A, 115.10, 91|3, 62, N/A, 80.77, 79|4, 37, N/A, 27.30, 0|5, 39, N/A, 26.58, 0|6, 36, N/A, 28.02, 0|
16:43:05 0, 63, N/A, 119.68, 93|1, 61, N/A, 125.07, 89|2, 65, N/A, 121.66, 90|3, 63, N/A, 82.20, 74|4, 37, N/A, 27.30, 0|5, 39, N/A, 26.58, 0|6, 36, N/A, 28.02, 0|
16:43:07 0, 63, N/A, 116.49, 94|1, 60, N/A, 119.25, 91|2, 65, N/A, 118.47, 91|3, 62, N/A, 81.01, 79|4, 37, N/A, 27.30, 0|5, 39, N/A, 26.58, 0|6, 36, N/A, 28.02, 0|
16:43:09 0, 63, N/A, 105.02, 94|1, 61, N/A, 99.19, 91|2, 65, N/A, 96.25, 91|3, 63, N/A, 87.55, 79|4, 37, N/A, 27.30, 0|5, 39, N/A, 26.58, 0|6, 36, N/A, 27.79, 0|
16:43:11 0, 63, N/A, 118.52, 95|1, 61, N/A, 105.82, 91|2, 65, N/A, 106.75, 91|3, 62, N/A, 93.47, 78|4, 38, N/A, 27.30, 0|5, 39, N/A, 26.58, 0|6, 36, N/A, 28.02, 0|
16:43:13 0, 63, N/A, 73.99, 94|1, 60, N/A, 109.63, 90|2, 65, N/A, 151.48, 91|3, 62, N/A, 103.79, 75|4, 38, N/A, 27.32, 0|5, 39, N/A, 26.59, 0|6, 36, N/A, 27.79, 0|
16:43:15 0, 63, N/A, 107.79, 95|1, 60, N/A, 96.01, 91|2, 65, N/A, 98.75, 91|3, 62, N/A, 81.71, 78|4, 38, N/A, 27.30, 0|5, 39, N/A, 26.58, 0|6, 36, N/A, 28.03, 0|
16:43:17 0, 62, N/A, 94.03, 95|1, 60, N/A, 128.43, 91|2, 64, N/A, 135.88, 91|3, 62, N/A, 92.01, 79|4, 38, N/A, 27.32, 0|5, 39, N/A, 26.33, 0|6, 36, N/A, 28.03, 0|
16:43:19 0, 62, N/A, 123.36, 94|1, 60, N/A, 113.92, 91|2, 64, N/A, 110.18, 92|3, 62, N/A, 90.78, 79|4, 37, N/A, 27.31, 0|5, 39, N/A, 26.33, 0|6, 36, N/A, 28.03, 0|
16:43:21 0, 62, N/A, 112.64, 94|1, 60, N/A, 98.45, 89|2, 64, N/A, 100.97, 91|3, 62, N/A, 80.23, 77|4, 37, N/A, 27.30, 0|5, 39, N/A, 26.33, 0|6, 36, N/A, 28.03, 0|
16:43:23 0, 62, N/A, 125.07, 94|1, 60, N/A, 113.60, 91|2, 64, N/A, 109.69, 91|3, 62, N/A, 88.03, 78|4, 37, N/A, 27.30, 0|5, 39, N/A, 26.59, 0|6, 35, N/A, 28.02, 0|
16:43:25 0, 62, N/A, 116.73, 95|1, 59, N/A, 145.75, 91|2, 64, N/A, 163.55, 92|3, 61, N/A, 112.07, 78|4, 37, N/A, 27.30, 0|5, 39, N/A, 26.58, 0|6, 36, N/A, 27.53, 0|
16:43:28 0, 61, N/A, 154.82, 95|1, 59, N/A, 169.17, 91|2, 63, N/A, 201.16, 91|3, 61, N/A, 166.26, 79|4, 37, N/A, 27.30, 0|5, 39, N/A, 26.33, 0|6, 36, N/A, 28.02, 0|
16:43:30 0, 61, N/A, 164.99, 95|1, 59, N/A, 177.87, 90|2, 63, N/A, 208.49, 92|3, 60, N/A, 171.07, 78|4, 37, N/A, 27.30, 0|5, 39, N/A, 26.31, 0|6, 35, N/A, 27.77, 0|
16:43:32 0, 61, N/A, 79.84, 94|1, 58, N/A, 116.23, 91|2, 63, N/A, 142.90, 91|3, 61, N/A, 100.29, 79|4, 37, N/A, 27.32, 0|5, 39, N/A, 26.33, 0|6, 35, N/A, 27.77, 0|
16:43:34 0, 61, N/A, 105.27, 95|1, 58, N/A, 97.72, 90|2, 63, N/A, 96.74, 91|3, 61, N/A, 113.90, 78|4, 37, N/A, 27.30, 0|5, 39, N/A, 26.58, 0|6, 35, N/A, 28.03, 0|
16:43:36 0, 61, N/A, 141.83, 69|1, 58, N/A, 116.55, 68|2, 63, N/A, 111.90, 85|3, 61, N/A, 101.22, 55|4, 37, N/A, 27.31, 0|5, 39, N/A, 26.35, 0|6, 35, N/A, 27.54, 0|
16:43:38 0, 61, N/A, 90.11, 95|1, 59, N/A, 111.15, 91|2, 63, N/A, 125.38, 91|3, 60, N/A, 84.65, 79|4, 37, N/A, 27.30, 0|5, 38, N/A, 26.33, 0|6, 35, N/A, 27.77, 0|
16:43:40 0, 60, N/A, 145.51, 95|1, 58, N/A, 162.56, 90|2, 62, N/A, 193.45, 91|3, 60, N/A, 161.86, 78|4, 37, N/A, 27.30, 0|5, 38, N/A, 26.31, 0|6, 35, N/A, 27.77, 0|
16:43:42 0, 60, N/A, 99.44, 95|1, 58, N/A, 88.44, 90|2, 62, N/A, 119.00, 91|3, 60, N/A, 98.58, 79|4, 37, N/A, 27.30, 0|5, 38, N/A, 26.35, 0|6, 35, N/A, 27.53, 0|
16:43:44 0, 60, N/A, 58.51, 95|1, 57, N/A, 88.63, 70|2, 61, N/A, 91.34, 75|3, 59, N/A, 67.06, 79|4, 37, N/A, 27.32, 0|5, 38, N/A, 26.58, 0|6, 35, N/A, 27.79, 0|
16:43:46 0, 60, N/A, 90.89, 95|1, 58, N/A, 105.26, 91|2, 62, N/A, 135.15, 91|3, 60, N/A, 92.50, 79|4, 37, N/A, 27.32, 0|5, 38, N/A, 26.33, 0|6, 35, N/A, 27.77, 0|
16:43:48 0, 60, N/A, 101.41, 95|1, 57, N/A, 87.70, 92|2, 61, N/A, 107.49, 92|3, 60, N/A, 101.22, 79|4, 37, N/A, 27.30, 0|5, 38, N/A, 26.33, 0|6, 35, N/A, 27.52, 0|
16:43:51 0, 60, N/A, 99.20, 94|1, 58, N/A, 89.42, 91|2, 62, N/A, 117.98, 91|3, 60, N/A, 104.71, 80|4, 37, N/A, 27.32, 0|5, 38, N/A, 26.35, 0|6, 35, N/A, 27.77, 0|
16:43:53 0, 61, N/A, 91.34, 95|1, 58, N/A, 84.02, 91|2, 62, N/A, 124.78, 92|3, 60, N/A, 125.40, 79|4, 37, N/A, 27.30, 0|5, 38, N/A, 26.33, 0|6, 35, N/A, 27.54, 0|
16:43:55 0, 60, N/A, 172.74, 95|1, 58, N/A, 183.98, 91|2, 63, N/A, 213.61, 92|3, 60, N/A, 157.79, 79|4, 37, N/A, 27.30, 0|5, 38, N/A, 26.33, 0|6, 35, N/A, 27.52, 0|
16:43:57 0, 60, N/A, 122.68, 95|1, 58, N/A, 108.76, 91|2, 62, N/A, 106.75, 92|3, 60, N/A, 89.25, 79|4, 37, N/A, 27.30, 0|5, 38, N/A, 26.33, 0|6, 35, N/A, 27.54, 0|
16:43:59 0, 61, N/A, 176.26, 95|1, 59, N/A, 145.59, 91|2, 63, N/A, 136.85, 92|3, 61, N/A, 111.27, 79|4, 37, N/A, 27.30, 0|5, 39, N/A, 26.33, 0|6, 35, N/A, 27.53, 0|
16:44:01 0, 61, N/A, 157.19, 95|1, 58, N/A, 171.37, 92|2, 63, N/A, 201.89, 91|3, 60, N/A, 167.24, 78|4, 37, N/A, 27.30, 0|5, 39, N/A, 26.31, 0|6, 35, N/A, 27.77, 0|
16:44:03 0, 61, N/A, 124.36, 95|1, 59, N/A, 110.97, 91|2, 63, N/A, 109.02, 92|3, 61, N/A, 85.39, 78|4, 37, N/A, 27.05, 0|5, 39, N/A, 26.35, 0|6, 35, N/A, 27.54, 0|
16:44:05 0, 61, N/A, 176.66, 94|1, 59, N/A, 186.92, 91|2, 63, N/A, 170.16, 91|3, 61, N/A, 111.33, 79|4, 37, N/A, 27.30, 0|5, 39, N/A, 26.58, 0|6, 35, N/A, 27.77, 0|
16:44:07 0, 61, N/A, 115.82, 95|1, 58, N/A, 104.16, 67|2, 63, N/A, 100.18, 68|3, 61, N/A, 89.56, 79|4, 37, N/A, 27.30, 0|5, 39, N/A, 26.35, 0|6, 35, N/A, 27.54, 0|
16:44:09 0, 61, N/A, 88.44, 95|1, 59, N/A, 101.15, 92|2, 63, N/A, 131.03, 91|3, 61, N/A, 91.07, 79|4, 37, N/A, 27.32, 0|5, 39, N/A, 26.59, 0|6, 35, N/A, 27.77, 0|
16:44:11 0, 61, N/A, 134.55, 95|1, 59, N/A, 152.35, 91|2, 63, N/A, 184.90, 92|3, 61, N/A, 156.24, 79|4, 37, N/A, 27.30, 0|5, 39, N/A, 26.31, 0|6, 35, N/A, 27.52, 0|
16:44:14 0, 62, N/A, 104.29, 95|1, 60, N/A, 95.75, 91|2, 63, N/A, 99.00, 91|3, 62, N/A, 103.96, 79|4, 37, N/A, 27.30, 0|5, 39, N/A, 26.58, 0|6, 35, N/A, 27.79, 0|
16:44:16 0, 62, N/A, 173.72, 95|1, 60, N/A, 185.21, 91|2, 64, N/A, 214.97, 92|3, 62, N/A, 175.22, 80|4, 37, N/A, 27.30, 0|5, 39, N/A, 26.58, 0|6, 36, N/A, 27.53, 0|
16:44:18 0, 62, N/A, 88.93, 94|1, 59, N/A, 80.82, 90|2, 64, N/A, 127.70, 92|3, 62, N/A, 123.68, 79|4, 37, N/A, 27.31, 0|5, 39, N/A, 26.35, 0|6, 36, N/A, 27.54, 0|
16:44:20 0, 62, N/A, 115.26, 94|1, 59, N/A, 137.01, 91|2, 64, N/A, 171.54, 93|3, 61, N/A, 147.77, 79|4, 37, N/A, 27.30, 0|5, 39, N/A, 26.81, 0|6, 36, N/A, 27.77, 0|
16:44:22 0, 62, N/A, 101.64, 95|1, 60, N/A, 98.21, 64|2, 64, N/A, 137.51, 65|3, 62, N/A, 99.12, 79|4, 37, N/A, 27.31, 0|5, 39, N/A, 26.59, 0|6, 35, N/A, 27.53, 0|
16:44:24 0, 62, N/A, 172.58, 94|1, 60, N/A, 184.47, 91|2, 64, N/A, 214.48, 91|3, 62, N/A, 175.22, 80|4, 37, N/A, 27.30, 0|5, 39, N/A, 26.58, 0|6, 35, N/A, 27.77, 0|
16:44:26 0, 62, N/A, 126.54, 95|1, 60, N/A, 112.93, 90|2, 65, N/A, 111.17, 91|3, 62, N/A, 110.53, 80|4, 37, N/A, 27.31, 0|5, 39, N/A, 26.58, 0|6, 35, N/A, 27.53, 0|
16:44:28 0, 62, N/A, 72.75, 95|1, 60, N/A, 107.91, 91|2, 64, N/A, 147.24, 92|3, 62, N/A, 104.22, 80|4, 37, N/A, 27.32, 0|5, 39, N/A, 26.58, 0|6, 36, N/A, 27.77, 0|
16:44:30 0, 63, N/A, 126.12, 95|1, 60, N/A, 112.64, 91|2, 65, N/A, 111.41, 91|3, 62, N/A, 94.70, 79|4, 37, N/A, 27.30, 0|5, 39, N/A, 26.58, 0|6, 35, N/A, 27.79, 0|
16:44:32 0, 62, N/A, 101.46, 95|1, 60, N/A, 87.95, 92|2, 65, N/A, 110.18, 92|3, 62, N/A, 120.82, 80|4, 37, N/A, 27.30, 0|5, 39, N/A, 26.33, 0|6, 36, N/A, 27.52, 0|
16:44:34 0, 62, N/A, 177.15, 94|1, 60, N/A, 188.14, 91|2, 65, N/A, 218.12, 92|3, 62, N/A, 148.84, 79|4, 37, N/A, 27.30, 0|5, 39, N/A, 26.58, 0|6, 36, N/A, 27.52, 0|
16:44:36 0, 63, N/A, 96.01, 68|1, 60, N/A, 85.44, 91|2, 65, N/A, 119.44, 92|3, 62, N/A, 120.50, 63|4, 37, N/A, 27.30, 0|5, 39, N/A, 26.33, 0|6, 36, N/A, 27.54, 0|
16:44:39 0, 63, N/A, 169.16, 95|1, 60, N/A, 184.47, 91|2, 65, N/A, 214.95, 92|3, 63, N/A, 174.98, 79|4, 37, N/A, 27.30, 0|5, 39, N/A, 26.56, 0|6, 36, N/A, 27.77, 0|
16:44:41 0, 63, N/A, 105.01, 95|1, 61, N/A, 104.34, 91|2, 65, N/A, 104.36, 92|3, 63, N/A, 89.55, 78|4, 37, N/A, 27.30, 0|5, 39, N/A, 26.58, 0|6, 36, N/A, 28.02, 0|
16:44:43 0, 63, N/A, 89.18, 94|1, 61, N/A, 122.12, 91|2, 65, N/A, 152.71, 91|3, 62, N/A, 101.82, 80|4, 37, N/A, 27.32, 0|5, 39, N/A, 26.58, 0|6, 36, N/A, 27.77, 0|
16:44:45 0, 63, N/A, 153.19, 94|1, 61, N/A, 136.60, 91|2, 66, N/A, 133.90, 91|3, 63, N/A, 125.89, 78|4, 37, N/A, 27.30, 0|5, 39, N/A, 26.58, 0|6, 36, N/A, 27.79, 0|
16:44:47 0, 63, N/A, 104.85, 95|1, 61, N/A, 92.37, 91|2, 66, N/A, 119.70, 91|3, 63, N/A, 107.41, 79|4, 38, N/A, 27.31, 0|5, 39, N/A, 26.33, 0|6, 36, N/A, 27.53, 0|
16:44:49 0, 63, N/A, 99.44, 95|1, 61, N/A, 90.17, 91|2, 65, N/A, 121.66, 92|3, 63, N/A, 105.94, 80|4, 37, N/A, 27.32, 0|5, 39, N/A, 26.35, 0|6, 36, N/A, 27.53, 0|
16:44:51 0, 63, N/A, 120.90, 80|1, 60, N/A, 139.46, 65|2, 65, N/A, 175.45, 65|3, 62, N/A, 149.98, 65|4, 37, N/A, 27.30, 0|5, 39, N/A, 26.58, 0|6, 36, N/A, 27.77, 0|
16:44:53 0, 63, N/A, 87.70, 95|1, 61, N/A, 82.55, 92|2, 66, N/A, 117.71, 92|3, 63, N/A, 118.35, 79|4, 38, N/A, 27.30, 0|5, 39, N/A, 26.58, 0|6, 36, N/A, 27.77, 0|
16:44:55 0, 63, N/A, 98.45, 94|1, 61, N/A, 92.33, 91|2, 66, N/A, 95.77, 92|3, 63, N/A, 98.82, 78|4, 37, N/A, 27.30, 0|5, 39, N/A, 26.58, 0|6, 36, N/A, 28.03, 0|
16:44:57 0, 63, N/A, 123.85, 95|1, 61, N/A, 145.09, 91|2, 66, N/A, 180.10, 92|3, 63, N/A, 151.43, 79|4, 37, N/A, 27.30, 0|5, 39, N/A, 26.82, 0|6, 36, N/A, 27.77, 0|
16:44:59 0, 64, N/A, 89.12, 94|1, 61, N/A, 126.04, 91|2, 66, N/A, 152.39, 91|3, 63, N/A, 101.52, 77|4, 37, N/A, 27.32, 0|5, 39, N/A, 26.58, 0|6, 36, N/A, 28.02, 0|
16:45:01 0, 63, N/A, 84.51, 95|1, 61, N/A, 104.53, 91|2, 66, N/A, 118.72, 91|3, 63, N/A, 81.76, 80|4, 37, N/A, 27.32, 0|5, 39, N/A, 26.82, 0|6, 36, N/A, 27.77, 0|
16:45:04 0, 63, N/A, 79.59, 95|1, 61, N/A, 99.13, 92|2, 65, N/A, 157.19, 92|3, 63, N/A, 137.09, 81|4, 37, N/A, 27.30, 0|5, 39, N/A, 26.33, 0|6, 36, N/A, 28.02, 0|
16:45:06 0, 63, N/A, 66.13, 95|1, 61, N/A, 64.68, 91|2, 66, N/A, 72.76, 92|3, 63, N/A, 53.58, 81|4, 37, N/A, 27.32, 0|5, 39, N/A, 26.35, 0|6, 36, N/A, 27.79, 0|
16:45:08 0, 63, N/A, 85.98, 95|1, 60, N/A, 119.93, 92|2, 65, N/A, 149.68, 92|3, 63, N/A, 99.32, 79|4, 37, N/A, 27.32, 0|5, 39, N/A, 26.58, 0|6, 35, N/A, 27.77, 0|
16:45:10 0, 63, N/A, 84.95, 95|1, 60, N/A, 111.94, 91|2, 65, N/A, 115.58, 91|3, 62, N/A, 77.33, 80|4, 37, N/A, 27.30, 0|5, 39, N/A, 26.33, 0|6, 36, N/A, 27.77, 0|
16:45:12 0, 62, N/A, 88.19, 83|1, 60, N/A, 81.32, 91|2, 65, N/A, 120.43, 92|3, 62, N/A, 121.74, 75|4, 37, N/A, 27.31, 0|5, 39, N/A, 26.58, 0|6, 35, N/A, 27.53, 0|
16:45:14 0, 63, N/A, 96.24, 95|1, 60, N/A, 107.23, 91|2, 65, N/A, 141.61, 92|3, 62, N/A, 95.39, 81|4, 37, N/A, 27.32, 0|5, 39, N/A, 26.33, 0|6, 35, N/A, 27.77, 0|
16:45:16 0, 62, N/A, 83.24, 95|1, 60, N/A, 99.38, 91|2, 64, N/A, 140.70, 92|3, 62, N/A, 122.96, 81|4, 37, N/A, 27.30, 0|5, 39, N/A, 26.58, 0|6, 35, N/A, 27.77, 0|
16:45:18 0, 62, N/A, 101.88, 95|1, 59, N/A, 91.63, 92|2, 64, N/A, 117.49, 92|3, 62, N/A, 109.56, 80|4, 37, N/A, 27.30, 0|5, 39, N/A, 26.33, 0|6, 35, N/A, 27.53, 0|
16:45:20 0, 62, N/A, 93.54, 95|1, 59, N/A, 117.04, 91|2, 64, N/A, 154.32, 92|3, 61, N/A, 137.08, 79|4, 37, N/A, 27.30, 0|5, 38, N/A, 26.58, 0|6, 35, N/A, 27.77, 0|
16:45:22 0, 61, N/A, 167.20, 95|1, 59, N/A, 179.58, 91|2, 64, N/A, 209.71, 92|3, 61, N/A, 172.29, 78|4, 37, N/A, 27.28, 0|5, 39, N/A, 26.31, 0|6, 35, N/A, 27.75, 0|
16:45:24 0, 61, N/A, 160.59, 95|1, 59, N/A, 174.44, 91|2, 63, N/A, 204.82, 92|3, 61, N/A, 168.62, 81|4, 37, N/A, 27.28, 0|5, 38, N/A, 26.31, 0|6, 35, N/A, 27.77, 0|
16:45:27 0, 61, N/A, 65.39, 95|1, 59, N/A, 65.14, 92|2, 63, N/A, 72.52, 92|3, 61, N/A, 54.32, 78|4, 37, N/A, 27.32, 0|5, 38, N/A, 26.59, 0|6, 35, N/A, 27.79, 0|
16:45:29 0, 61, N/A, 105.81, 95|1, 59, N/A, 90.89, 92|2, 63, N/A, 116.07, 92|3, 61, N/A, 110.36, 79|4, 37, N/A, 27.31, 0|5, 38, N/A, 26.33, 0|6, 35, N/A, 27.54, 0|
16:45:31 0, 61, N/A, 111.17, 95|1, 59, N/A, 102.63, 91|2, 63, N/A, 103.13, 91|3, 61, N/A, 102.99, 81|4, 37, N/A, 27.32, 0|5, 38, N/A, 26.35, 0|6, 35, N/A, 27.54, 0|
16:45:33 0, 61, N/A, 100.43, 77|1, 59, N/A, 87.95, 92|2, 63, N/A, 121.11, 92|3, 61, N/A, 102.31, 73|4, 37, N/A, 27.32, 0|5, 39, N/A, 26.59, 0|6, 35, N/A, 27.53, 0|
16:45:35 0, 60, N/A, 96.74, 95|1, 58, N/A, 116.55, 91|2, 62, N/A, 154.60, 92|3, 61, N/A, 137.08, 78|4, 37, N/A, 27.30, 0|5, 38, N/A, 26.33, 0|6, 35, N/A, 27.52, 0|
16:45:37 0, 60, N/A, 86.72, 95|1, 58, N/A, 94.53, 92|2, 62, N/A, 128.93, 92|3, 60, N/A, 118.86, 81|4, 37, N/A, 27.30, 0|5, 38, N/A, 26.33, 0|6, 35, N/A, 27.77, 0|
16:45:39 0, 60, N/A, 87.46, 95|1, 58, N/A, 87.95, 92|2, 62, N/A, 128.26, 92|3, 60, N/A, 119.29, 79|4, 37, N/A, 27.30, 0|5, 38, N/A, 26.33, 0|6, 35, N/A, 27.52, 0|
16:45:41 0, 61, N/A, 177.88, 94|1, 58, N/A, 188.04, 92|2, 62, N/A, 216.57, 91|3, 61, N/A, 134.23, 77|4, 37, N/A, 27.31, 0|5, 39, N/A, 26.33, 0|6, 35, N/A, 27.52, 0|
16:45:43 0, 61, N/A, 175.68, 95|1, 58, N/A, 148.03, 92|2, 63, N/A, 141.19, 92|3, 61, N/A, 113.90, 81|4, 37, N/A, 27.30, 0|5, 38, N/A, 26.33, 0|6, 35, N/A, 27.54, 0|
16:45:45 0, 60, N/A, 175.19, 95|1, 58, N/A, 185.59, 92|2, 62, N/A, 214.49, 91|3, 60, N/A, 175.22, 81|4, 37, N/A, 27.30, 0|5, 38, N/A, 26.57, 0|6, 35, N/A, 27.77, 0|
16:45:47 0, 60, N/A, 92.12, 95|1, 58, N/A, 110.67, 91|2, 62, N/A, 132.26, 91|3, 60, N/A, 84.41, 81|4, 37, N/A, 27.32, 0|5, 38, N/A, 26.33, 0|6, 35, N/A, 27.53, 0|
16:45:49 0, 60, N/A, 118.76, 95|1, 58, N/A, 102.63, 92|2, 62, N/A, 122.39, 93|3, 60, N/A, 111.27, 78|4, 37, N/A, 27.07, 0|5, 38, N/A, 26.35, 0|6, 35, N/A, 27.53, 0|
16:45:52 0, 60, N/A, 178.13, 95|1, 58, N/A, 171.62, 91|2, 62, N/A, 140.96, 93|3, 61, N/A, 110.78, 82|4, 36, N/A, 27.05, 0|5, 38, N/A, 26.33, 0|6, 35, N/A, 27.54, 0|
16:45:54 0, 61, N/A, 58.53, 96|1, 58, N/A, 60.01, 92|2, 62, N/A, 67.36, 92|3, 60, N/A, 50.88, 81|4, 37, N/A, 27.32, 0|5, 38, N/A, 26.35, 0|6, 35, N/A, 27.54, 0|
16:45:56 0, 61, N/A, 90.84, 95|1, 59, N/A, 111.34, 90|2, 63, N/A, 122.70, 91|3, 61, N/A, 86.13, 81|4, 37, N/A, 27.32, 0|5, 38, N/A, 26.33, 0|6, 35, N/A, 27.54, 0|
16:45:58 0, 61, N/A, 178.62, 95|1, 59, N/A, 188.63, 92|2, 63, N/A, 177.75, 92|3, 61, N/A, 106.18, 79|4, 37, N/A, 27.30, 0|5, 38, N/A, 26.58, 0|6, 35, N/A, 27.77, 0|
16:46:00 0, 60, N/A, 168.18, 66|1, 58, N/A, 180.07, 61|2, 62, N/A, 209.22, 61|3, 61, N/A, 172.53, 60|4, 37, N/A, 27.30, 0|5, 38, N/A, 26.33, 0|6, 35, N/A, 27.77, 0|
16:46:02 0, 62, N/A, 113.61, 95|1, 59, N/A, 98.21, 92|2, 63, N/A, 122.39, 93|3, 61, N/A, 112.99, 81|4, 37, N/A, 27.31, 0|5, 38, N/A, 26.35, 0|6, 35, N/A, 27.54, 0|
16:46:04 0, 61, N/A, 177.64, 95|1, 59, N/A, 188.04, 91|2, 63, N/A, 216.90, 91|3, 62, N/A, 176.69, 81|4, 37, N/A, 27.30, 0|5, 39, N/A, 26.33, 0|6, 35, N/A, 27.53, 0|
16:46:06 0, 61, N/A, 135.13, 95|1, 59, N/A, 152.60, 92|2, 63, N/A, 185.50, 93|3, 61, N/A, 156.09, 78|4, 37, N/A, 27.30, 0|5, 38, N/A, 26.33, 0|6, 35, N/A, 27.52, 0|
16:46:08 0, 62, N/A, 129.90, 95|1, 60, N/A, 115.57, 91|2, 64, N/A, 150.83, 92|3, 62, N/A, 140.01, 81|4, 37, N/A, 27.30, 0|5, 38, N/A, 26.33, 0|6, 35, N/A, 27.54, 0|
16:46:10 0, 61, N/A, 152.37, 94|1, 59, N/A, 167.70, 92|2, 63, N/A, 200.05, 92|3, 62, N/A, 165.28, 78|4, 37, N/A, 27.30, 0|5, 38, N/A, 26.33, 0|6, 35, N/A, 27.52, 0|
16:46:12 0, 62, N/A, 93.60, 95|1, 59, N/A, 83.82, 92|2, 64, N/A, 109.64, 93|3, 62, N/A, 114.45, 81|4, 37, N/A, 27.31, 0|5, 38, N/A, 26.59, 0|6, 35, N/A, 27.79, 0|
16:46:14 0, 61, N/A, 89.13, 95|1, 59, N/A, 82.79, 92|2, 63, N/A, 119.70, 92|3, 61, N/A, 114.14, 81|4, 37, N/A, 27.30, 0|5, 38, N/A, 26.33, 0|6, 35, N/A, 27.52, 0|
16:46:17 0, 62, N/A, 87.40, 95|1, 60, N/A, 114.78, 91|2, 64, N/A, 116.07, 92|3, 62, N/A, 78.81, 82|4, 37, N/A, 27.32, 0|5, 38, N/A, 26.33, 0|6, 35, N/A, 27.53, 0|
16:46:19 0, 62, N/A, 104.52, 95|1, 60, N/A, 130.64, 91|2, 64, N/A, 129.73, 91|3, 62, N/A, 86.91, 81|4, 37, N/A, 27.30, 0|5, 39, N/A, 26.33, 0|6, 35, N/A, 27.53, 0|
16:46:21 0, 62, N/A, 91.82, 95|1, 60, N/A, 117.47, 91|2, 64, N/A, 111.18, 93|3, 62, N/A, 78.36, 79|4, 37, N/A, 27.30, 0|5, 38, N/A, 26.33, 0|6, 35, N/A, 27.53, 0|
16:46:23 0, 63, N/A, 89.42, 95|1, 60, N/A, 111.22, 91|2, 65, N/A, 130.40, 91|3, 63, N/A, 93.68, 82|4, 37, N/A, 27.32, 0|5, 39, N/A, 26.33, 0|6, 35, N/A, 27.77, 0|
16:46:25 0, 62, N/A, 170.38, 95|1, 60, N/A, 182.52, 92|2, 65, N/A, 212.65, 92|3, 62, N/A, 173.51, 81|4, 37, N/A, 27.30, 0|5, 39, N/A, 26.31, 0|6, 35, N/A, 27.77, 0|
16:46:27 0, 62, N/A, 174.21, 95|1, 60, N/A, 185.70, 92|2, 65, N/A, 217.41, 93|3, 63, N/A, 176.93, 82|4, 37, N/A, 27.30, 0|5, 39, N/A, 26.31, 0|6, 35, N/A, 27.77, 0|
16:46:29 0, 62, N/A, 123.85, 96|1, 60, N/A, 112.20, 91|2, 65, N/A, 107.06, 91|3, 62, N/A, 84.66, 81|4, 37, N/A, 27.31, 0|5, 39, N/A, 26.33, 0|6, 35, N/A, 27.77, 0|
16:46:31 0, 63, N/A, 89.18, 95|1, 60, N/A, 100.91, 92|2, 65, N/A, 137.85, 93|3, 63, N/A, 93.24, 80|4, 37, N/A, 27.32, 0|5, 38, N/A, 26.58, 0|6, 36, N/A, 27.77, 0|
16:46:33 0, 63, N/A, 94.77, 95|1, 61, N/A, 116.98, 91|2, 65, N/A, 116.00, 92|3, 63, N/A, 79.34, 81|4, 37, N/A, 27.31, 0|5, 39, N/A, 26.58, 0|6, 35, N/A, 27.77, 0|
16:46:35 0, 64, N/A, 146.07, 95|1, 61, N/A, 123.17, 91|2, 66, N/A, 120.90, 92|3, 63, N/A, 101.28, 82|4, 37, N/A, 27.30, 0|5, 39, N/A, 26.33, 0|6, 36, N/A, 27.77, 0|
16:46:37 0, 63, N/A, 144.77, 95|1, 61, N/A, 161.58, 92|2, 65, N/A, 194.43, 93|3, 63, N/A, 161.62, 81|4, 37, N/A, 27.30, 0|5, 39, N/A, 26.31, 0|6, 35, N/A, 27.75, 0|
16:46:40 0, 63, N/A, 143.06, 95|1, 61, N/A, 160.85, 92|2, 66, N/A, 193.20, 93|3, 63, N/A, 162.10, 82|4, 37, N/A, 27.30, 0|5, 39, N/A, 26.56, 0|6, 36, N/A, 27.77, 0|
16:46:42 0, 63, N/A, 111.40, 95|1, 61, N/A, 98.45, 91|2, 66, N/A, 105.77, 91|3, 63, N/A, 106.17, 81|4, 37, N/A, 27.30, 0|5, 39, N/A, 26.59, 0|6, 35, N/A, 27.79, 0|
16:46:44 0, 64, N/A, 126.24, 96|1, 62, N/A, 151.21, 92|2, 66, N/A, 129.99, 92|3, 64, N/A, 91.22, 82|4, 37, N/A, 27.31, 0|5, 39, N/A, 26.59, 0|6, 35, N/A, 27.79, 0|
16:46:46 0, 64, N/A, 111.46, 95|1, 62, N/A, 135.29, 93|2, 66, N/A, 178.14, 92|3, 64, N/A, 122.05, 82|4, 37, N/A, 27.32, 0|5, 39, N/A, 26.35, 0|6, 36, N/A, 27.79, 0|
16:46:48 0, 63, N/A, 130.65, 95|1, 61, N/A, 150.88, 92|2, 66, N/A, 184.90, 92|3, 63, N/A, 155.36, 83|4, 37, N/A, 27.30, 0|5, 39, N/A, 26.56, 0|6, 35, N/A, 27.77, 0|
16:46:50 0, 64, N/A, 128.75, 95|1, 62, N/A, 111.41, 91|2, 66, N/A, 111.66, 91|3, 63, N/A, 105.92, 83|4, 37, N/A, 27.31, 0|5, 39, N/A, 26.58, 0|6, 36, N/A, 27.54, 0|
16:46:52 0, 64, N/A, 66.41, 95|1, 62, N/A, 66.37, 93|2, 66, N/A, 75.71, 92|3, 64, N/A, 55.30, 79|4, 37, N/A, 27.32, 0|5, 39, N/A, 26.35, 0|6, 36, N/A, 27.79, 0|
16:46:54 0, 63, N/A, 172.50, 95|1, 62, N/A, 185.45, 93|2, 66, N/A, 216.43, 93|3, 64, N/A, 175.71, 79|4, 37, N/A, 27.30, 0|5, 39, N/A, 26.56, 0|6, 36, N/A, 27.75, 0|
16:46:56 0, 63, N/A, 87.41, 95|1, 61, N/A, 84.02, 93|2, 66, N/A, 151.07, 93|3, 63, N/A, 104.71, 82|4, 37, N/A, 27.32, 0|5, 39, N/A, 26.58, 0|6, 35, N/A, 28.02, 0|
16:46:58 0, 63, N/A, 53.86, 96|1, 61, N/A, 57.30, 91|2, 66, N/A, 65.92, 92|3, 63, N/A, 49.16, 82|4, 37, N/A, 27.32, 0|5, 38, N/A, 26.59, 0|6, 35, N/A, 27.79, 0|
16:47:00 0, 63, N/A, 179.11, 96|1, 61, N/A, 189.99, 93|2, 66, N/A, 219.85, 91|3, 63, N/A, 178.15, 82|4, 37, N/A, 27.30, 0|5, 39, N/A, 26.57, 0|6, 36, N/A, 27.77, 0|
16:47:02 0, 63, N/A, 124.65, 95|1, 61, N/A, 107.05, 93|2, 65, N/A, 106.56, 93|3, 63, N/A, 87.10, 79|4, 37, N/A, 27.31, 0|5, 39, N/A, 26.59, 0|6, 36, N/A, 27.54, 0|
16:47:05 0, 63, N/A, 47.22, 96|1, 60, N/A, 51.43, 92|2, 64, N/A, 61.73, 78|3, 62, N/A, 47.19, 82|4, 37, N/A, 27.32, 0|5, 38, N/A, 26.35, 0|6, 35, N/A, 27.54, 0|
16:47:07 0, 63, N/A, 180.33, 96|1, 61, N/A, 183.49, 92|2, 65, N/A, 173.84, 93|3, 63, N/A, 111.02, 82|4, 37, N/A, 27.30, 0|5, 38, N/A, 26.56, 0|6, 35, N/A, 27.77, 0|
16:47:09 0, 62, N/A, 94.78, 95|1, 60, N/A, 90.66, 92|2, 65, N/A, 122.86, 92|3, 62, N/A, 96.37, 83|4, 37, N/A, 27.32, 0|5, 38, N/A, 26.35, 0|6, 35, N/A, 27.53, 0|
16:47:11 0, 62, N/A, 49.22, 95|1, 60, N/A, 52.63, 92|2, 64, N/A, 62.47, 91|3, 62, N/A, 47.19, 82|4, 37, N/A, 27.32, 0|5, 39, N/A, 26.35, 0|6, 35, N/A, 27.79, 0|
16:47:13 0, 62, N/A, 176.41, 95|1, 60, N/A, 187.65, 93|2, 65, N/A, 217.41, 92|3, 62, N/A, 176.93, 81|4, 37, N/A, 27.30, 0|5, 39, N/A, 26.31, 0|6, 35, N/A, 27.52, 0|
16:47:15 0, 62, N/A, 94.03, 95|1, 60, N/A, 117.28, 92|2, 64, N/A, 116.32, 92|3, 62, N/A, 80.08, 81|4, 37, N/A, 27.30, 0|5, 38, N/A, 26.33, 0|6, 35, N/A, 27.52, 0|
16:47:17 0, 62, N/A, 88.68, 95|1, 60, N/A, 84.51, 92|2, 64, N/A, 91.14, 92|3, 62, N/A, 65.59, 79|4, 37, N/A, 27.32, 0|5, 38, N/A, 26.35, 0|6, 35, N/A, 27.79, 0|
16:47:19 0, 61, N/A, 84.27, 96|1, 59, N/A, 105.82, 93|2, 64, N/A, 144.54, 93|3, 62, N/A, 131.28, 82|4, 37, N/A, 27.30, 0|5, 38, N/A, 26.58, 0|6, 35, N/A, 27.52, 0|
16:47:21 0, 62, N/A, 123.92, 95|1, 59, N/A, 114.11, 93|2, 64, N/A, 160.11, 93|3, 62, N/A, 140.75, 78|4, 37, N/A, 27.30, 0|5, 38, N/A, 26.33, 0|6, 35, N/A, 27.77, 0|
16:47:23 0, 62, N/A, 168.42, 95|1, 59, N/A, 180.80, 92|2, 63, N/A, 210.93, 93|3, 62, N/A, 172.78, 83|4, 37, N/A, 27.30, 0|5, 38, N/A, 26.31, 0|6, 35, N/A, 27.52, 0|
16:47:25 0, 61, N/A, 115.57, 95|1, 59, N/A, 103.61, 91|2, 63, N/A, 104.79, 92|3, 61, N/A, 96.38, 83|4, 37, N/A, 27.32, 0|5, 38, N/A, 26.59, 0|6, 35, N/A, 27.54, 0|
16:47:28 0, 61, N/A, 89.93, 96|1, 59, N/A, 85.50, 93|2, 63, N/A, 119.70, 93|3, 61, N/A, 115.43, 84|4, 37, N/A, 27.31, 0|5, 38, N/A, 26.33, 0|6, 35, N/A, 27.52, 0|
16:47:30 0, 61, N/A, 110.92, 96|1, 59, N/A, 133.65, 91|2, 63, N/A, 127.30, 91|3, 61, N/A, 87.16, 82|4, 37, N/A, 27.07, 0|5, 38, N/A, 26.58, 0|6, 35, N/A, 27.79, 0|
16:47:32 0, 61, N/A, 175.19, 96|1, 58, N/A, 186.08, 91|2, 63, N/A, 216.19, 92|3, 62, N/A, 176.44, 83|4, 37, N/A, 27.30, 0|5, 38, N/A, 26.31, 0|6, 35, N/A, 27.77, 0|
16:47:34 0, 61, N/A, 123.92, 95|1, 59, N/A, 110.18, 92|2, 63, N/A, 108.28, 92|3, 61, N/A, 93.98, 83|4, 37, N/A, 27.07, 0|5, 38, N/A, 26.33, 0|6, 35, N/A, 27.54, 0|
16:47:36 0, 61, N/A, 180.33, 96|1, 59, N/A, 170.40, 91|2, 63, N/A, 163.39, 91|3, 61, N/A, 109.12, 82|4, 37, N/A, 27.30, 0|5, 38, N/A, 26.33, 0|6, 35, N/A, 27.53, 0|
16:47:38 0, 61, N/A, 125.07, 96|1, 58, N/A, 109.26, 91|2, 62, N/A, 106.32, 91|3, 61, N/A, 91.76, 83|4, 37, N/A, 27.05, 0|5, 38, N/A, 26.35, 0|6, 35, N/A, 27.54, 0|
16:47:40 0, 60, N/A, 159.88, 96|1, 58, N/A, 177.64, 91|2, 62, N/A, 206.78, 92|3, 60, N/A, 170.07, 83|4, 37, N/A, 27.30, 0|5, 38, N/A, 26.33, 0|6, 35, N/A, 27.52, 0|
16:47:42 0, 60, N/A, 99.62, 96|1, 58, N/A, 105.39, 92|2, 62, N/A, 100.67, 91|3, 60, N/A, 72.91, 83|4, 37, N/A, 27.30, 0|5, 38, N/A, 26.33, 0|6, 35, N/A, 27.54, 0|
16:47:44 0, 61, N/A, 178.13, 96|1, 59, N/A, 188.63, 91|2, 63, N/A, 217.43, 91|3, 61, N/A, 177.18, 83|4, 37, N/A, 27.05, 0|5, 38, N/A, 26.33, 0|6, 35, N/A, 27.53, 0|
16:47:46 0, 61, N/A, 125.07, 96|1, 58, N/A, 103.36, 91|2, 62, N/A, 103.13, 91|3, 61, N/A, 98.82, 82|4, 37, N/A, 27.31, 0|5, 38, N/A, 26.35, 0|6, 35, N/A, 27.53, 0|
16:47:48 0, 61, N/A, 178.86, 95|1, 58, N/A, 189.12, 91|2, 62, N/A, 217.92, 90|3, 61, N/A, 177.66, 77|4, 37, N/A, 27.05, 0|5, 38, N/A, 26.33, 0|6, 35, N/A, 27.54, 0|
16:47:50 0, 60, N/A, 104.04, 96|1, 58, N/A, 101.46, 91|2, 62, N/A, 99.74, 91|3, 60, N/A, 91.03, 83|4, 37, N/A, 27.30, 0|5, 38, N/A, 26.33, 0|6, 35, N/A, 27.54, 0|
16:47:53 0, 60, N/A, 124.40, 96|1, 57, N/A, 111.47, 92|2, 62, N/A, 106.81, 93|3, 60, N/A, 90.78, 82|4, 37, N/A, 27.07, 0|5, 38, N/A, 26.33, 0|6, 35, N/A, 27.52, 0|
16:47:55 0, 60, N/A, 68.09, 96|1, 58, N/A, 86.23, 92|2, 62, N/A, 122.46, 91|3, 60, N/A, 77.58, 82|4, 37, N/A, 27.07, 0|5, 38, N/A, 26.35, 0|6, 35, N/A, 27.54, 0|
16:47:57 0, 60, N/A, 84.02, 96|1, 58, N/A, 120.40, 92|2, 62, N/A, 155.06, 92|3, 60, N/A, 136.34, 83|4, 37, N/A, 27.30, 0|5, 38, N/A, 26.33, 0|6, 35, N/A, 27.52, 0|
16:47:59 0, 61, N/A, 176.66, 96|1, 58, N/A, 187.55, 93|2, 63, N/A, 216.57, 93|3, 61, N/A, 176.44, 83|4, 37, N/A, 27.30, 0|5, 38, N/A, 26.31, 0|6, 35, N/A, 27.51, 0|
16:48:01 0, 61, N/A, 106.07, 96|1, 58, N/A, 92.61, 91|2, 63, N/A, 110.92, 92|3, 61, N/A, 106.61, 83|4, 37, N/A, 27.30, 0|5, 38, N/A, 26.33, 0|6, 35, N/A, 27.52, 0|
16:48:03 0, 61, N/A, 169.40, 96|1, 59, N/A, 181.29, 93|2, 63, N/A, 211.67, 93|3, 61, N/A, 173.51, 84|4, 37, N/A, 27.30, 0|5, 38, N/A, 26.33, 0|6, 35, N/A, 27.52, 0|
16:48:05 0, 61, N/A, 180.08, 63|1, 59, N/A, 177.74, 61|2, 64, N/A, 157.02, 93|3, 61, N/A, 107.16, 62|4, 37, N/A, 27.05, 0|5, 38, N/A, 26.33, 0|6, 35, N/A, 27.53, 0|
16:48:07 0, 61, N/A, 150.40, 96|1, 59, N/A, 166.72, 93|2, 63, N/A, 198.58, 93|3, 61, N/A, 164.79, 83|4, 37, N/A, 27.30, 0|5, 38, N/A, 26.31, 0|6, 35, N/A, 27.52, 0|
16:48:09 0, 62, N/A, 178.86, 95|1, 60, N/A, 189.50, 93|2, 64, N/A, 218.65, 92|3, 62, N/A, 178.40, 78|4, 37, N/A, 27.30, 0|5, 38, N/A, 26.58, 0|6, 35, N/A, 27.53, 0|
16:48:11 0, 61, N/A, 45.04, 95|1, 59, N/A, 49.22, 92|2, 63, N/A, 66.86, 94|3, 61, N/A, 82.93, 79|4, 37, N/A, 27.32, 0|5, 38, N/A, 26.35, 0|6, 35, N/A, 27.54, 0|
16:48:13 0, 62, N/A, 167.20, 96|1, 59, N/A, 180.07, 93|2, 64, N/A, 210.81, 91|3, 62, N/A, 173.51, 83|4, 37, N/A, 27.30, 0|5, 38, N/A, 26.31, 0|6, 35, N/A, 27.51, 0|
16:48:16 0, 62, N/A, 180.08, 96|1, 60, N/A, 190.48, 92|2, 65, N/A, 219.61, 93|3, 63, N/A, 150.31, 84|4, 37, N/A, 27.31, 0|5, 39, N/A, 26.33, 0|6, 35, N/A, 27.77, 0|
16:48:18 0, 62, N/A, 100.85, 96|1, 60, N/A, 91.88, 91|2, 64, N/A, 100.86, 93|3, 62, N/A, 109.55, 83|4, 37, N/A, 27.30, 0|5, 38, N/A, 26.33, 0|6, 35, N/A, 27.77, 0|
16:48:20 0, 62, N/A, 162.06, 96|1, 60, N/A, 175.93, 92|2, 64, N/A, 207.02, 93|3, 63, N/A, 170.07, 83|4, 37, N/A, 27.30, 0|5, 38, N/A, 26.31, 0|6, 35, N/A, 27.51, 0|
16:48:22 0, 63, N/A, 179.11, 95|1, 60, N/A, 189.50, 93|2, 65, N/A, 218.88, 92|3, 63, N/A, 177.66, 79|4, 37, N/A, 27.30, 0|5, 38, N/A, 26.56, 0|6, 35, N/A, 27.51, 0|
16:48:24 0, 63, N/A, 96.93, 93|1, 60, N/A, 131.13, 92|2, 65, N/A, 121.64, 92|3, 62, N/A, 95.88, 74|4, 37, N/A, 27.30, 0|5, 38, N/A, 26.35, 0|6, 35, N/A, 27.54, 0|
16:48:26 0, 63, N/A, 85.98, 96|1, 60, N/A, 107.54, 92|2, 65, N/A, 147.00, 92|3, 62, N/A, 136.84, 83|4, 37, N/A, 27.30, 0|5, 38, N/A, 26.58, 0|6, 35, N/A, 27.52, 0|
16:48:28 0, 62, N/A, 166.46, 96|1, 60, N/A, 180.31, 93|2, 65, N/A, 210.55, 93|3, 63, N/A, 171.54, 84|4, 37, N/A, 27.30, 0|5, 38, N/A, 26.31, 0|6, 35, N/A, 27.75, 0|
16:48:30 0, 63, N/A, 100.46, 96|1, 61, N/A, 82.58, 91|2, 66, N/A, 81.86, 92|3, 63, N/A, 58.50, 83|4, 37, N/A, 27.32, 0|5, 39, N/A, 26.33, 0|6, 35, N/A, 27.54, 0|
16:48:32 0, 63, N/A, 97.48, 95|1, 61, N/A, 88.20, 93|2, 66, N/A, 111.35, 93|3, 63, N/A, 113.72, 81|4, 37, N/A, 27.30, 0|5, 38, N/A, 26.33, 0|6, 35, N/A, 27.54, 0|
16:48:34 0, 63, N/A, 128.26, 96|1, 61, N/A, 110.97, 85|2, 65, N/A, 110.19, 77|3, 63, N/A, 89.79, 84|4, 37, N/A, 27.30, 0|5, 39, N/A, 26.33, 0|6, 35, N/A, 27.52, 0|
16:48:36 0, 64, N/A, 102.86, 96|1, 62, N/A, 118.10, 92|2, 66, N/A, 108.97, 92|3, 64, N/A, 97.90, 82|4, 37, N/A, 27.31, 0|5, 38, N/A, 26.82, 0|6, 35, N/A, 27.79, 0|
16:48:38 0, 64, N/A, 98.40, 96|1, 61, N/A, 125.07, 92|2, 66, N/A, 149.94, 93|3, 64, N/A, 102.50, 84|4, 37, N/A, 27.32, 0|5, 39, N/A, 26.33, 0|6, 35, N/A, 27.77, 0|
16:48:41 0, 63, N/A, 82.74, 96|1, 61, N/A, 109.14, 66|2, 66, N/A, 117.60, 73|3, 63, N/A, 79.79, 83|4, 37, N/A, 27.31, 0|5, 39, N/A, 26.33, 0|6, 35, N/A, 27.77, 0|
16:48:43 0, 64, N/A, 176.90, 95|1, 62, N/A, 189.50, 93|2, 67, N/A, 220.32, 94|3, 64, N/A, 178.29, 79|4, 37, N/A, 27.28, 0|5, 39, N/A, 26.31, 0|6, 35, N/A, 27.75, 0|
16:48:45 0, 64, N/A, 178.86, 96|1, 61, N/A, 190.48, 91|2, 66, N/A, 220.10, 92|3, 64, N/A, 178.40, 84|4, 37, N/A, 27.30, 0|5, 38, N/A, 26.56, 0|6, 35, N/A, 27.75, 0|
16:48:47 0, 64, N/A, 83.52, 96|1, 61, N/A, 115.33, 91|2, 66, N/A, 115.64, 91|3, 63, N/A, 76.60, 84|4, 37, N/A, 27.30, 0|5, 39, N/A, 26.33, 0|6, 35, N/A, 27.77, 0|
16:48:49 0, 63, N/A, 103.62, 96|1, 61, N/A, 92.61, 93|2, 66, N/A, 118.22, 94|3, 63, N/A, 108.32, 84|4, 37, N/A, 27.30, 0|5, 38, N/A, 26.35, 0|6, 35, N/A, 27.54, 0|
16:48:51 0, 63, N/A, 101.40, 96|1, 61, N/A, 89.61, 92|2, 65, N/A, 123.36, 93|3, 63, N/A, 103.18, 84|4, 37, N/A, 27.32, 0|5, 38, N/A, 26.33, 0|6, 35, N/A, 27.53, 0|
16:48:53 0, 63, N/A, 176.90, 96|1, 61, N/A, 188.88, 89|2, 66, N/A, 219.59, 89|3, 63, N/A, 177.66, 81|4, 37, N/A, 27.30, 0|5, 38, N/A, 26.31, 0|6, 35, N/A, 27.75, 0|
16:48:55 0, 63, N/A, 180.82, 95|1, 61, N/A, 191.21, 93|2, 65, N/A, 221.32, 94|3, 63, N/A, 178.89, 83|4, 37, N/A, 27.30, 0|5, 38, N/A, 26.58, 0|6, 35, N/A, 27.52, 0|
16:48:57 0, 62, N/A, 178.86, 96|1, 60, N/A, 189.75, 91|2, 65, N/A, 219.61, 91|3, 63, N/A, 178.40, 83|4, 37, N/A, 27.30, 0|5, 38, N/A, 26.31, 0|6, 35, N/A, 27.52, 0|
16:48:59 0, 62, N/A, 88.64, 96|1, 60, N/A, 82.30, 92|2, 65, N/A, 138.49, 92|3, 63, N/A, 116.90, 81|4, 37, N/A, 27.30, 0|5, 38, N/A, 26.58, 0|6, 35, N/A, 27.53, 0|
16:49:01 0, 62, N/A, 114.40, 96|1, 60, N/A, 101.15, 93|2, 65, N/A, 100.18, 93|3, 62, N/A, 96.12, 83|4, 37, N/A, 27.30, 0|5, 38, N/A, 26.33, 0|6, 35, N/A, 27.79, 0|
16:49:04 0, 61, N/A, 99.38, 95|1, 59, N/A, 100.66, 84|2, 64, N/A, 94.79, 86|3, 62, N/A, 100.24, 83|4, 37, N/A, 27.30, 0|5, 38, N/A, 26.33, 0|6, 35, N/A, 27.54, 0|
16:49:06 0, 62, N/A, 168.91, 96|1, 60, N/A, 182.52, 91|2, 64, N/A, 212.26, 91|3, 62, N/A, 173.75, 84|4, 37, N/A, 27.30, 0|5, 38, N/A, 26.56, 0|6, 35, N/A, 27.51, 0|
16:49:08 0, 62, N/A, 131.20, 95|1, 59, N/A, 158.97, 93|2, 64, N/A, 191.00, 93|3, 62, N/A, 159.66, 82|4, 37, N/A, 27.30, 0|5, 38, N/A, 26.33, 0|6, 35, N/A, 27.52, 0|
16:49:10 0, 62, N/A, 181.31, 95|1, 60, N/A, 190.84, 93|2, 65, N/A, 177.02, 94|3, 62, N/A, 113.54, 79|4, 37, N/A, 27.30, 0|5, 38, N/A, 26.33, 0|6, 35, N/A, 27.52, 0|
16:49:12 0, 62, N/A, 107.48, 96|1, 60, N/A, 132.35, 91|2, 64, N/A, 173.25, 92|3, 62, N/A, 120.65, 84|4, 37, N/A, 27.31, 0|5, 38, N/A, 26.33, 0|6, 35, N/A, 27.53, 0|
16:49:14 0, 62, N/A, 180.08, 95|1, 60, N/A, 191.81, 93|2, 64, N/A, 177.75, 93|3, 62, N/A, 113.78, 79|4, 37, N/A, 27.30, 0|5, 38, N/A, 26.58, 0|6, 35, N/A, 27.52, 0|
16:49:16 0, 61, N/A, 71.29, 95|1, 59, N/A, 69.82, 93|2, 63, N/A, 72.76, 93|3, 61, N/A, 92.45, 79|4, 37, N/A, 27.31, 0|5, 38, N/A, 26.35, 0|6, 35, N/A, 27.54, 0|
16:49:18 0, 61, N/A, 98.94, 96|1, 59, N/A, 94.54, 92|2, 63, N/A, 95.27, 93|3, 61, N/A, 97.84, 84|4, 37, N/A, 27.30, 0|5, 38, N/A, 26.33, 0|6, 35, N/A, 27.79, 0|
16:49:20 0, 62, N/A, 98.70, 58|1, 59, N/A, 129.41, 81|2, 63, N/A, 136.29, 74|3, 61, N/A, 91.28, 47|4, 37, N/A, 27.32, 0|5, 38, N/A, 26.33, 0|6, 35, N/A, 27.79, 0|
16:49:22 0, 61, N/A, 96.01, 96|1, 59, N/A, 87.70, 91|2, 63, N/A, 119.43, 92|3, 61, N/A, 114.45, 85|4, 37, N/A, 27.30, 0|5, 38, N/A, 26.33, 0|6, 35, N/A, 27.52, 0|
16:49:24 0, 61, N/A, 179.84, 96|1, 59, N/A, 189.75, 92|2, 63, N/A, 218.63, 93|3, 61, N/A, 177.66, 85|4, 37, N/A, 27.30, 0|5, 38, N/A, 26.33, 0|6, 35, N/A, 27.77, 0|
16:49:26 0, 61, N/A, 79.35, 96|1, 59, N/A, 112.32, 91|2, 63, N/A, 154.57, 93|3, 61, N/A, 108.63, 83|4, 37, N/A, 27.31, 0|5, 38, N/A, 26.35, 0|6, 35, N/A, 27.53, 0|
16:49:29 0, 61, N/A, 127.44, 81|1, 59, N/A, 137.32, 83|2, 63, N/A, 157.51, 81|3, 61, N/A, 129.24, 81|4, 37, N/A, 27.30, 0|5, 38, N/A, 26.33, 0|6, 35, N/A, 27.53, 0|
16:49:31 0, 61, N/A, 124.09, 82|1, 59, N/A, 133.40, 82|2, 63, N/A, 154.32, 81|3, 61, N/A, 127.60, 81|4, 37, N/A, 27.05, 0|5, 38, N/A, 26.33, 0|6, 35, N/A, 27.52, 0|
16:49:33 0, 61, N/A, 129.48, 82|1, 59, N/A, 137.31, 82|2, 63, N/A, 150.43, 82|3, 61, N/A, 122.28, 81|4, 37, N/A, 27.05, 0|5, 38, N/A, 26.31, 0|6, 35, N/A, 27.52, 0|
16:49:35 0, 61, N/A, 127.22, 81|1, 58, N/A, 134.38, 82|2, 62, N/A, 155.90, 81|3, 61, N/A, 124.66, 81|4, 37, N/A, 27.05, 0|5, 38, N/A, 26.33, 0|6, 35, N/A, 27.52, 0|
16:49:37 0, 61, N/A, 128.93, 82|1, 58, N/A, 135.27, 82|2, 63, N/A, 149.43, 82|3, 61, N/A, 121.98, 81|4, 36, N/A, 27.05, 0|5, 38, N/A, 26.33, 0|6, 35, N/A, 27.53, 0|
16:49:39 0, 61, N/A, 128.51, 81|1, 58, N/A, 132.43, 82|2, 62, N/A, 154.82, 81|3, 61, N/A, 126.38, 81|4, 37, N/A, 27.05, 0|5, 38, N/A, 26.33, 0|6, 35, N/A, 27.52, 0|
16:49:41 0, 61, N/A, 124.39, 81|1, 58, N/A, 130.70, 82|2, 62, N/A, 150.66, 82|3, 60, N/A, 124.92, 82|4, 36, N/A, 27.05, 0|5, 38, N/A, 26.33, 0|6, 35, N/A, 27.52, 0|
16:49:43 0, 61, N/A, 128.26, 82|1, 58, N/A, 135.52, 82|2, 62, N/A, 152.62, 83|3, 60, N/A, 126.06, 82|4, 37, N/A, 27.30, 0|5, 38, N/A, 26.33, 0|6, 35, N/A, 27.52, 0|
16:49:45 0, 61, N/A, 122.31, 82|1, 58, N/A, 129.47, 82|2, 62, N/A, 151.56, 83|3, 60, N/A, 122.71, 82|4, 37, N/A, 27.05, 0|5, 38, N/A, 26.33, 0|6, 35, N/A, 27.53, 0|
16:49:47 0, 61, N/A, 127.53, 82|1, 59, N/A, 136.59, 82|2, 62, N/A, 157.52, 82|3, 61, N/A, 126.07, 81|4, 37, N/A, 27.05, 0|5, 38, N/A, 26.33, 0|6, 35, N/A, 27.52, 0|
16:49:49 0, 61, N/A, 134.06, 82|1, 59, N/A, 129.41, 82|2, 63, N/A, 151.40, 82|3, 61, N/A, 121.49, 81|4, 37, N/A, 27.30, 0|5, 38, N/A, 26.58, 0|6, 35, N/A, 27.53, 0|
16:49:51 0, 61, N/A, 127.77, 82|1, 59, N/A, 134.56, 82|2, 63, N/A, 156.05, 81|3, 61, N/A, 127.11, 81|4, 37, N/A, 27.30, 0|5, 38, N/A, 26.33, 0|6, 35, N/A, 27.53, 0|
16:49:54 0, 62, N/A, 132.35, 81|1, 59, N/A, 136.93, 82|2, 63, N/A, 146.31, 82|3, 61, N/A, 120.75, 81|4, 37, N/A, 27.05, 0|5, 38, N/A, 26.33, 0|6, 35, N/A, 27.53, 0|
16:49:56 0, 62, N/A, 123.60, 82|1, 59, N/A, 132.35, 82|2, 64, N/A, 152.85, 82|3, 62, N/A, 125.15, 81|4, 37, N/A, 27.30, 0|5, 38, N/A, 26.33, 0|6, 35, N/A, 27.52, 0|
16:49:58 0, 62, N/A, 135.47, 82|1, 60, N/A, 130.88, 82|2, 64, N/A, 149.50, 83|3, 62, N/A, 121.66, 81|4, 37, N/A, 27.30, 0|5, 38, N/A, 26.56, 0|6, 35, N/A, 27.52, 0|
16:50:00 0, 62, N/A, 127.03, 82|1, 60, N/A, 135.12, 82|2, 64, N/A, 156.04, 83|3, 62, N/A, 127.54, 82|4, 37, N/A, 27.05, 0|5, 38, N/A, 26.33, 0|6, 35, N/A, 27.52, 0|
16:50:02 0, 62, N/A, 128.44, 83|1, 60, N/A, 135.29, 82|2, 64, N/A, 157.51, 82|3, 62, N/A, 129.57, 82|4, 37, N/A, 27.05, 0|5, 38, N/A, 26.33, 0|6, 35, N/A, 27.52, 0|
16:50:04 0, 63, N/A, 126.61, 82|1, 60, N/A, 130.95, 82|2, 64, N/A, 151.08, 82|3, 62, N/A, 123.94, 82|4, 37, N/A, 27.30, 0|5, 38, N/A, 26.33, 0|6, 35, N/A, 27.52, 0|
16:50:06 0, 63, N/A, 127.94, 82|1, 60, N/A, 134.80, 82|2, 65, N/A, 156.53, 81|3, 62, N/A, 126.31, 81|4, 37, N/A, 27.05, 0|5, 38, N/A, 26.33, 0|6, 35, N/A, 27.52, 0|
16:50:08 0, 63, N/A, 132.29, 83|1, 60, N/A, 126.72, 82|2, 65, N/A, 147.41, 82|3, 63, N/A, 121.91, 82|4, 37, N/A, 27.30, 0|5, 38, N/A, 26.33, 0|6, 35, N/A, 27.52, 0|
16:50:10 0, 63, N/A, 126.48, 82|1, 61, N/A, 134.07, 82|2, 65, N/A, 155.82, 81|3, 63, N/A, 125.57, 81|4, 37, N/A, 27.30, 0|5, 38, N/A, 26.33, 0|6, 35, N/A, 27.77, 0|
16:50:12 0, 63, N/A, 124.63, 81|1, 60, N/A, 130.39, 82|2, 65, N/A, 152.68, 82|3, 63, N/A, 122.95, 81|4, 37, N/A, 27.30, 0|5, 38, N/A, 26.58, 0|6, 35, N/A, 27.77, 0|
16:50:14 0, 63, N/A, 128.67, 82|1, 61, N/A, 133.65, 82|2, 65, N/A, 157.02, 82|3, 63, N/A, 127.53, 81|4, 37, N/A, 27.30, 0|5, 38, N/A, 26.31, 0|6, 35, N/A, 27.52, 0|
16:50:16 0, 63, N/A, 132.34, 82|1, 61, N/A, 138.40, 83|2, 66, N/A, 161.26, 82|3, 63, N/A, 121.00, 81|4, 37, N/A, 27.30, 0|5, 38, N/A, 26.33, 0|6, 35, N/A, 27.77, 0|
16:50:19 0, 64, N/A, 125.50, 81|1, 61, N/A, 130.39, 81|2, 66, N/A, 156.77, 82|3, 63, N/A, 125.82, 81|4, 37, N/A, 27.30, 0|5, 38, N/A, 26.33, 0|6, 35, N/A, 27.52, 0|
16:50:21 0, 64, N/A, 129.18, 81|1, 61, N/A, 136.69, 82|2, 66, N/A, 160.20, 81|3, 63, N/A, 129.56, 81|4, 37, N/A, 27.30, 0|5, 38, N/A, 26.58, 0|6, 35, N/A, 28.02, 0|
16:50:23 0, 63, N/A, 132.10, 82|1, 61, N/A, 140.35, 82|2, 66, N/A, 152.68, 82|3, 63, N/A, 121.72, 81|4, 37, N/A, 27.30, 0|5, 38, N/A, 26.33, 0|6, 35, N/A, 27.52, 0|
16:50:25 0, 63, N/A, 126.30, 81|1, 61, N/A, 134.63, 82|2, 65, N/A, 155.23, 81|3, 63, N/A, 125.65, 81|4, 37, N/A, 27.30, 0|5, 38, N/A, 26.33, 0|6, 35, N/A, 27.52, 0|
16:50:27 0, 60, N/A, 44.05, 0|1, 58, N/A, 47.99, 0|2, 62, N/A, 57.06, 0|3, 60, N/A, 44.27, 0|4, 37, N/A, 27.32, 0|5, 38, N/A, 26.35, 0|6, 35, N/A, 27.54, 0|
16:50:29 0, 59, N/A, 37.43, 0|1, 56, N/A, 40.14, 0|2, 61, N/A, 44.79, 0|3, 59, N/A, 37.88, 0|4, 37, N/A, 27.32, 0|5, 38, N/A, 26.35, 0|6, 35, N/A, 27.54, 0|
16:50:31 0, 58, N/A, 36.92, 4|1, 55, N/A, 39.87, 5|2, 59, N/A, 44.30, 3|3, 58, N/A, 37.38, 3|4, 37, N/A, 27.32, 0|5, 38, N/A, 26.35, 0|6, 35, N/A, 27.54, 0|
16:50:33 0, 57, N/A, 37.18, 3|1, 54, N/A, 39.62, 8|2, 58, N/A, 43.81, 8|3, 57, N/A, 37.16, 5|4, 37, N/A, 27.07, 0|5, 38, N/A, 26.35, 0|6, 35, N/A, 27.55, 0|
16:50:35 0, 58, N/A, 105.01, 93|1, 56, N/A, 124.59, 88|2, 60, N/A, 115.64, 88|3, 58, N/A, 83.96, 74|4, 37, N/A, 27.31, 0|5, 38, N/A, 26.33, 0|6, 35, N/A, 27.79, 0|
16:50:37 0, 59, N/A, 124.34, 64|1, 56, N/A, 112.20, 24|2, 60, N/A, 100.61, 27|3, 59, N/A, 75.37, 49|4, 37, N/A, 27.32, 0|5, 38, N/A, 26.35, 0|6, 35, N/A, 27.54, 0|
16:50:39 0, 60, N/A, 96.14, 60|1, 57, N/A, 102.49, 60|2, 61, N/A, 111.46, 59|3, 60, N/A, 93.83, 57|4, 37, N/A, 27.30, 0|5, 38, N/A, 26.35, 0|6, 35, N/A, 27.54, 0|
16:50:41 0, 60, N/A, 89.12, 93|1, 57, N/A, 121.45, 87|2, 61, N/A, 139.05, 88|3, 60, N/A, 95.70, 72|4, 37, N/A, 27.32, 0|5, 38, N/A, 26.35, 0|6, 35, N/A, 27.79, 0|
16:50:44 0, 60, N/A, 70.31, 92|1, 57, N/A, 83.48, 87|2, 62, N/A, 130.47, 89|3, 60, N/A, 116.48, 72|4, 37, N/A, 27.31, 0|5, 38, N/A, 26.35, 0|6, 35, N/A, 27.79, 0|
16:50:46 0, 60, N/A, 103.86, 81|1, 58, N/A, 93.07, 88|2, 62, N/A, 103.31, 88|3, 60, N/A, 99.37, 65|4, 37, N/A, 27.32, 0|5, 38, N/A, 26.35, 0|6, 35, N/A, 27.54, 0|
16:50:48 0, 60, N/A, 83.07, 84|1, 57, N/A, 77.19, 31|2, 62, N/A, 108.69, 28|3, 60, N/A, 121.56, 66|4, 37, N/A, 27.31, 0|5, 39, N/A, 26.35, 0|6, 35, N/A, 27.54, 0|
16:50:50 0, 60, N/A, 95.32, 93|1, 57, N/A, 85.00, 87|2, 62, N/A, 90.90, 89|3, 60, N/A, 92.46, 71|4, 37, N/A, 27.30, 0|5, 39, N/A, 26.58, 0|6, 35, N/A, 27.79, 0|
16:50:52 0, 60, N/A, 95.01, 60|1, 58, N/A, 101.10, 60|2, 62, N/A, 117.22, 59|3, 60, N/A, 96.19, 58|4, 37, N/A, 27.31, 0|5, 39, N/A, 26.58, 0|6, 35, N/A, 27.53, 0|
16:50:54 0, 60, N/A, 96.25, 93|1, 57, N/A, 87.46, 88|2, 62, N/A, 114.11, 89|3, 60, N/A, 115.86, 73|4, 37, N/A, 27.32, 0|5, 39, N/A, 26.59, 0|6, 35, N/A, 27.53, 0|
16:50:56 0, 60, N/A, 96.74, 92|1, 57, N/A, 85.00, 77|2, 62, N/A, 119.94, 78|3, 60, N/A, 90.54, 71|4, 37, N/A, 27.32, 0|5, 39, N/A, 26.59, 0|6, 35, N/A, 27.79, 0|
16:50:58 0, 60, N/A, 51.16, 92|1, 57, N/A, 70.79, 88|2, 61, N/A, 106.32, 89|3, 60, N/A, 77.87, 72|4, 37, N/A, 27.32, 0|5, 39, N/A, 26.35, 0|6, 35, N/A, 27.53, 0|
16:51:00 0, 60, N/A, 72.47, 92|1, 57, N/A, 117.04, 88|2, 61, N/A, 139.72, 89|3, 60, N/A, 96.93, 73|4, 37, N/A, 27.32, 0|5, 39, N/A, 26.33, 0|6, 35, N/A, 27.79, 0|
16:51:02 0, 60, N/A, 71.81, 93|1, 58, N/A, 73.74, 88|2, 62, N/A, 125.99, 89|3, 60, N/A, 105.02, 72|4, 37, N/A, 27.32, 0|5, 39, N/A, 26.35, 0|6, 35, N/A, 27.79, 0|
16:51:04 0, 60, N/A, 93.31, 93|1, 57, N/A, 87.99, 88|2, 61, N/A, 108.22, 89|3, 60, N/A, 113.23, 72|4, 37, N/A, 27.32, 0|5, 39, N/A, 26.58, 0|6, 35, N/A, 27.79, 0|
16:51:06 0, 60, N/A, 81.85, 93|1, 57, N/A, 94.53, 88|2, 61, N/A, 126.73, 89|3, 60, N/A, 82.73, 73|4, 37, N/A, 27.32, 0|5, 39, N/A, 26.59, 0|6, 35, N/A, 27.77, 0|
16:51:09 0, 60, N/A, 73.21, 92|1, 57, N/A, 110.90, 87|2, 61, N/A, 135.62, 89|3, 60, N/A, 95.94, 72|4, 37, N/A, 27.32, 0|5, 39, N/A, 26.59, 0|6, 35, N/A, 27.53, 0|
16:51:11 0, 60, N/A, 94.09, 92|1, 57, N/A, 83.33, 88|2, 61, N/A, 111.17, 89|3, 60, N/A, 110.59, 73|4, 37, N/A, 27.32, 0|5, 39, N/A, 26.35, 0|6, 35, N/A, 27.79, 0|
16:51:13 0, 60, N/A, 82.83, 92|1, 57, N/A, 92.86, 88|2, 61, N/A, 128.26, 89|3, 60, N/A, 90.30, 73|4, 37, N/A, 27.32, 0|5, 39, N/A, 26.33, 0|6, 35, N/A, 27.77, 0|
16:51:15 0, 60, N/A, 93.31, 92|1, 58, N/A, 74.97, 87|2, 61, N/A, 124.78, 89|3, 60, N/A, 118.80, 71|4, 37, N/A, 27.31, 0|5, 39, N/A, 26.33, 0|6, 35, N/A, 27.79, 0|
16:51:17 0, 60, N/A, 104.34, 93|1, 57, N/A, 96.30, 76|2, 61, N/A, 97.00, 77|3, 60, N/A, 92.21, 73|4, 37, N/A, 27.30, 0|5, 39, N/A, 26.58, 0|6, 36, N/A, 27.54, 0|
16:51:19 0, 60, N/A, 62.47, 93|1, 57, N/A, 62.47, 88|2, 61, N/A, 68.58, 89|3, 60, N/A, 52.35, 72|4, 37, N/A, 27.32, 0|5, 39, N/A, 26.33, 0|6, 35, N/A, 27.79, 0|
16:51:21 0, 59, N/A, 92.86, 92|1, 57, N/A, 79.59, 87|2, 61, N/A, 87.42, 88|3, 60, N/A, 98.03, 72|4, 37, N/A, 27.30, 0|5, 39, N/A, 26.33, 0|6, 35, N/A, 28.02, 0|
16:51:23 0, 59, N/A, 77.18, 93|1, 57, N/A, 79.80, 87|2, 61, N/A, 122.81, 89|3, 59, N/A, 121.25, 73|4, 37, N/A, 27.31, 0|5, 39, N/A, 26.33, 0|6, 36, N/A, 27.79, 0|
16:51:25 0, 60, N/A, 121.39, 93|1, 57, N/A, 108.03, 88|2, 61, N/A, 104.11, 89|3, 60, N/A, 84.40, 73|4, 37, N/A, 27.30, 0|5, 39, N/A, 26.33, 0|6, 36, N/A, 27.77, 0|
16:51:27 0, 60, N/A, 85.44, 91|1, 57, N/A, 113.61, 88|2, 61, N/A, 131.38, 89|3, 60, N/A, 91.27, 74|4, 37, N/A, 27.32, 0|5, 39, N/A, 26.33, 0|6, 35, N/A, 27.53, 0|
16:51:29 0, 59, N/A, 93.84, 93|1, 57, N/A, 84.75, 88|2, 61, N/A, 114.85, 89|3, 60, N/A, 96.62, 72|4, 37, N/A, 27.32, 0|5, 39, N/A, 26.35, 0|6, 35, N/A, 27.79, 0|
16:51:32 0, 60, N/A, 94.72, 61|1, 57, N/A, 106.36, 60|2, 61, N/A, 119.12, 60|3, 60, N/A, 99.06, 58|4, 37, N/A, 27.53, 0|5, 39, N/A, 26.35, 0|6, 36, N/A, 28.02, 0|
16:51:34 0, 60, N/A, 102.63, 61|1, 57, N/A, 106.80, 61|2, 62, N/A, 108.61, 60|3, 60, N/A, 92.81, 59|4, 37, N/A, 27.31, 0|5, 39, N/A, 26.84, 0|6, 35, N/A, 27.77, 0|
16:51:36 0, 58, N/A, 42.82, 0|1, 55, N/A, 46.02, 0|2, 59, N/A, 54.36, 0|3, 58, N/A, 43.04, 0|4, 37, N/A, 27.32, 0|5, 39, N/A, 26.59, 0|6, 36, N/A, 27.54, 0|
