16:51:38 0, 57, N/A, 30.04, 0|1, 54, N/A, 39.13, 0|2, 58, N/A, 35.71, 0|3, 57, N/A, 30.76, 0|4, 37, N/A, 27.32, 0|5, 39, N/A, 26.35, 0|6, 35, N/A, 27.79, 0|
16:51:40 0, 56, N/A, 36.42, 0|1, 54, N/A, 39.38, 0|2, 57, N/A, 43.07, 0|3, 56, N/A, 36.89, 0|4, 38, N/A, 32.98, 0|5, 39, N/A, 26.59, 0|6, 36, N/A, 27.79, 0|
16:51:42 0, 56, N/A, 36.42, 12|1, 53, N/A, 39.38, 12|2, 57, N/A, 43.07, 11|3, 56, N/A, 36.65, 12|4, 38, N/A, 32.98, 10|5, 39, N/A, 26.35, 0|6, 35, N/A, 27.79, 0|
16:51:44 0, 55, N/A, 36.42, 13|1, 53, N/A, 39.13, 13|2, 57, N/A, 42.82, 11|3, 56, N/A, 36.65, 11|4, 38, N/A, 32.98, 10|5, 39, N/A, 26.59, 0|6, 36, N/A, 27.79, 0|
16:51:46 0, 55, N/A, 36.20, 11|1, 53, N/A, 38.88, 12|2, 56, N/A, 42.33, 12|3, 55, N/A, 36.40, 12|4, 38, N/A, 32.98, 14|5, 39, N/A, 26.59, 0|6, 35, N/A, 27.79, 0|
16:51:48 0, 55, N/A, 39.13, 0|1, 52, N/A, 38.66, 0|2, 56, N/A, 47.74, 0|3, 55, N/A, 38.61, 0|4, 38, N/A, 33.22, 0|5, 39, N/A, 26.59, 0|6, 36, N/A, 27.79, 0|
16:51:50 0, 57, N/A, 84.68, 56|1, 54, N/A, 97.92, 53|2, 58, N/A, 106.50, 53|3, 57, N/A, 88.08, 52|4, 40, N/A, 81.76, 48|5, 39, N/A, 26.59, 0|6, 36, N/A, 27.54, 0|
16:51:52 0, 57, N/A, 87.17, 56|1, 55, N/A, 96.50, 53|2, 59, N/A, 101.29, 53|3, 57, N/A, 85.00, 52|4, 41, N/A, 81.84, 48|5, 39, N/A, 26.58, 0|6, 36, N/A, 27.79, 0|
16:51:54 0, 57, N/A, 89.16, 56|1, 55, N/A, 94.77, 53|2, 59, N/A, 108.52, 53|3, 57, N/A, 92.85, 52|4, 41, N/A, 75.62, 47|5, 39, N/A, 27.07, 0|6, 36, N/A, 27.77, 0|
16:51:57 0, 58, N/A, 87.01, 56|1, 55, N/A, 91.92, 53|2, 59, N/A, 101.66, 52|3, 58, N/A, 79.57, 52|4, 42, N/A, 79.12, 47|5, 39, N/A, 26.34, 0|6, 36, N/A, 27.76, 0|
16:51:59 0, 58, N/A, 84.03, 57|1, 55, N/A, 91.84, 53|2, 59, N/A, 101.82, 53|3, 58, N/A, 91.39, 53|4, 42, N/A, 82.88, 48|5, 39, N/A, 26.87, 0|6, 36, N/A, 27.83, 0|
16:52:01 0, 58, N/A, 85.39, 56|1, 56, N/A, 92.49, 53|2, 59, N/A, 102.36, 52|3, 58, N/A, 84.80, 52|4, 42, N/A, 80.70, 47|5, 39, N/A, 27.35, 0|6, 36, N/A, 27.33, 0|
16:52:03 0, 58, N/A, 79.86, 57|1, 56, N/A, 87.89, 53|2, 60, N/A, 97.90, 52|3, 58, N/A, 89.47, 52|4, 43, N/A, 80.43, 47|5, 39, N/A, 27.04, 0|6, 36, N/A, 28.55, 0|
16:52:05 0, 58, N/A, 79.61, 57|1, 56, N/A, 91.45, 53|2, 60, N/A, 112.90, 53|3, 59, N/A, 83.37, 52|4, 43, N/A, 80.86, 48|5, 39, N/A, 26.40, 0|6, 36, N/A, 28.55, 0|
16:52:07 0, 59, N/A, 88.10, 56|1, 56, N/A, 87.23, 53|2, 60, N/A, 98.99, 53|3, 59, N/A, 83.74, 52|4, 43, N/A, 86.04, 48|5, 39, N/A, 25.90, 0|6, 36, N/A, 27.79, 0|
16:52:09 0, 59, N/A, 81.09, 56|1, 56, N/A, 87.06, 53|2, 60, N/A, 101.48, 53|3, 59, N/A, 83.33, 52|4, 44, N/A, 84.31, 48|5, 39, N/A, 26.61, 0|6, 36, N/A, 28.05, 0|
16:52:11 0, 59, N/A, 92.58, 56|1, 57, N/A, 98.49, 52|2, 60, N/A, 96.30, 52|3, 59, N/A, 83.93, 52|4, 44, N/A, 75.66, 47|5, 39, N/A, 25.89, 0|6, 36, N/A, 28.56, 0|
16:52:13 0, 59, N/A, 82.88, 56|1, 57, N/A, 86.21, 53|2, 61, N/A, 100.58, 52|3, 59, N/A, 78.95, 52|4, 44, N/A, 80.88, 47|5, 39, N/A, 27.06, 0|6, 36, N/A, 27.79, 0|
16:52:15 0, 59, N/A, 81.38, 56|1, 57, N/A, 91.95, 52|2, 61, N/A, 95.84, 52|3, 59, N/A, 85.05, 52|4, 45, N/A, 83.25, 47|5, 39, N/A, 27.84, 0|6, 36, N/A, 27.55, 0|
16:52:17 0, 59, N/A, 82.61, 56|1, 57, N/A, 81.22, 53|2, 61, N/A, 105.00, 53|3, 59, N/A, 86.97, 52|4, 45, N/A, 93.39, 48|5, 39, N/A, 26.63, 0|6, 36, N/A, 28.09, 0|
16:52:19 0, 59, N/A, 88.07, 55|1, 57, N/A, 89.31, 52|2, 61, N/A, 92.30, 52|3, 59, N/A, 80.58, 51|4, 45, N/A, 86.58, 47|5, 39, N/A, 27.35, 0|6, 36, N/A, 28.05, 0|
16:52:22 0, 59, N/A, 84.69, 56|1, 57, N/A, 87.48, 53|2, 61, N/A, 108.93, 52|3, 59, N/A, 85.98, 51|4, 46, N/A, 88.30, 47|5, 40, N/A, 26.63, 0|6, 36, N/A, 27.82, 0|
16:52:24 0, 59, N/A, 83.12, 56|1, 58, N/A, 93.02, 53|2, 61, N/A, 101.75, 52|3, 60, N/A, 80.94, 52|4, 46, N/A, 87.76, 47|5, 39, N/A, 26.15, 0|6, 36, N/A, 27.81, 0|
16:52:26 0, 59, N/A, 80.14, 57|1, 57, N/A, 81.66, 53|2, 61, N/A, 96.02, 53|3, 59, N/A, 88.69, 52|4, 46, N/A, 94.56, 48|5, 40, N/A, 27.09, 0|6, 36, N/A, 27.81, 0|
16:52:28 0, 59, N/A, 79.86, 56|1, 57, N/A, 99.42, 53|2, 61, N/A, 114.14, 52|3, 59, N/A, 80.54, 52|4, 46, N/A, 96.29, 47|5, 40, N/A, 26.38, 0|6, 36, N/A, 27.83, 0|
16:52:30 0, 59, N/A, 93.03, 56|1, 57, N/A, 82.45, 53|2, 61, N/A, 98.86, 52|3, 59, N/A, 81.55, 52|4, 46, N/A, 78.37, 47|5, 40, N/A, 27.60, 0|6, 36, N/A, 27.79, 0|
16:52:32 0, 59, N/A, 85.68, 56|1, 57, N/A, 91.09, 53|2, 61, N/A, 103.76, 53|3, 59, N/A, 88.20, 52|4, 47, N/A, 74.96, 47|5, 40, N/A, 27.04, 0|6, 36, N/A, 28.32, 0|
16:52:34 0, 59, N/A, 90.96, 57|1, 57, N/A, 93.26, 54|2, 61, N/A, 116.60, 53|3, 59, N/A, 86.23, 52|4, 47, N/A, 89.54, 48|5, 40, N/A, 26.61, 0|6, 36, N/A, 27.81, 0|
16:52:36 0, 59, N/A, 87.03, 57|1, 57, N/A, 90.85, 53|2, 61, N/A, 114.33, 53|3, 59, N/A, 84.59, 52|4, 47, N/A, 83.43, 48|5, 39, N/A, 26.81, 0|6, 36, N/A, 27.81, 0|
16:52:38 0, 59, N/A, 82.81, 56|1, 57, N/A, 80.47, 53|2, 61, N/A, 107.14, 52|3, 59, N/A, 79.39, 52|4, 47, N/A, 79.63, 47|5, 39, N/A, 25.87, 0|6, 36, N/A, 28.05, 0|
16:52:40 0, 59, N/A, 85.35, 57|1, 57, N/A, 95.89, 53|2, 60, N/A, 102.61, 53|3, 59, N/A, 88.94, 52|4, 47, N/A, 80.62, 48|5, 39, N/A, 27.35, 0|6, 36, N/A, 27.56, 0|
16:52:42 0, 59, N/A, 82.88, 56|1, 57, N/A, 90.95, 53|2, 61, N/A, 103.44, 53|3, 59, N/A, 88.18, 52|4, 48, N/A, 86.28, 48|5, 39, N/A, 26.83, 0|6, 36, N/A, 27.81, 0|
16:52:44 0, 57, N/A, 43.12, 2|1, 55, N/A, 46.57, 4|2, 59, N/A, 54.67, 3|3, 58, N/A, 43.34, 1|4, 46, N/A, 40.88, 3|5, 39, N/A, 26.63, 0|6, 36, N/A, 28.07, 0|
16:52:47 0, 58, N/A, 64.20, 88|1, 56, N/A, 110.31, 73|2, 60, N/A, 98.33, 74|3, 58, N/A, 68.09, 66|4, 47, N/A, 61.49, 39|5, 39, N/A, 26.61, 0|6, 36, N/A, 28.05, 0|
16:52:49 0, 58, N/A, 60.26, 90|1, 56, N/A, 107.12, 71|2, 60, N/A, 104.13, 72|3, 58, N/A, 82.79, 64|4, 47, N/A, 65.15, 41|5, 40, N/A, 26.61, 0|6, 36, N/A, 28.04, 0|
16:52:51 0, 58, N/A, 65.96, 91|1, 56, N/A, 97.04, 74|2, 60, N/A, 126.94, 70|3, 58, N/A, 86.96, 64|4, 47, N/A, 72.27, 39|5, 40, N/A, 26.61, 0|6, 36, N/A, 28.05, 0|
16:52:53 0, 58, N/A, 66.69, 88|1, 56, N/A, 64.97, 73|2, 59, N/A, 104.72, 73|3, 58, N/A, 79.10, 63|4, 48, N/A, 73.26, 42|5, 40, N/A, 26.61, 0|6, 36, N/A, 28.05, 0|
16:52:55 0, 58, N/A, 72.77, 91|1, 56, N/A, 100.79, 73|2, 59, N/A, 100.49, 72|3, 58, N/A, 74.97, 62|4, 47, N/A, 47.25, 39|5, 39, N/A, 26.86, 0|6, 36, N/A, 28.03, 0|
16:52:57 0, 58, N/A, 58.62, 88|1, 55, N/A, 92.63, 73|2, 59, N/A, 122.06, 71|3, 58, N/A, 88.89, 64|4, 48, N/A, 81.33, 40|5, 40, N/A, 26.86, 0|6, 36, N/A, 28.07, 0|
16:52:59 0, 58, N/A, 102.20, 90|1, 55, N/A, 92.92, 73|2, 59, N/A, 92.44, 68|3, 58, N/A, 65.43, 66|4, 48, N/A, 65.18, 39|5, 39, N/A, 26.61, 0|6, 36, N/A, 27.81, 0|
16:53:01 0, 58, N/A, 67.89, 91|1, 56, N/A, 82.40, 73|2, 59, N/A, 99.08, 71|3, 58, N/A, 62.47, 62|4, 48, N/A, 65.68, 36|5, 40, N/A, 26.61, 0|6, 36, N/A, 27.79, 0|
16:53:03 0, 58, N/A, 67.92, 87|1, 55, N/A, 85.31, 73|2, 59, N/A, 134.08, 73|3, 58, N/A, 84.26, 63|4, 48, N/A, 81.37, 40|5, 40, N/A, 26.61, 0|6, 36, N/A, 27.81, 0|
16:53:05 0, 57, N/A, 83.09, 90|1, 55, N/A, 91.45, 73|2, 59, N/A, 79.94, 74|3, 58, N/A, 64.40, 61|4, 48, N/A, 78.58, 36|5, 39, N/A, 26.61, 0|6, 36, N/A, 28.05, 0|
16:53:07 0, 57, N/A, 72.81, 87|1, 55, N/A, 65.92, 74|2, 59, N/A, 122.21, 74|3, 58, N/A, 97.72, 63|4, 48, N/A, 88.65, 41|5, 40, N/A, 26.61, 0|6, 36, N/A, 27.81, 0|
16:53:09 0, 57, N/A, 109.33, 91|1, 55, N/A, 87.03, 70|2, 59, N/A, 92.44, 69|3, 57, N/A, 63.21, 66|4, 48, N/A, 77.64, 40|5, 39, N/A, 26.61, 0|6, 36, N/A, 28.05, 0|
16:53:12 0, 57, N/A, 88.02, 90|1, 55, N/A, 69.40, 75|2, 59, N/A, 94.89, 74|3, 58, N/A, 96.05, 64|4, 48, N/A, 69.82, 35|5, 40, N/A, 26.86, 0|6, 36, N/A, 28.07, 0|
16:53:14 0, 57, N/A, 81.61, 89|1, 55, N/A, 88.75, 68|2, 59, N/A, 78.71, 73|3, 57, N/A, 62.72, 66|4, 49, N/A, 52.67, 42|5, 39, N/A, 26.86, 0|6, 36, N/A, 27.81, 0|
16:53:16 0, 57, N/A, 61.28, 90|1, 55, N/A, 77.72, 75|2, 59, N/A, 119.10, 73|3, 57, N/A, 93.74, 66|4, 48, N/A, 89.44, 41|5, 39, N/A, 26.61, 0|6, 36, N/A, 28.05, 0|
16:53:18 0, 57, N/A, 73.79, 86|1, 55, N/A, 66.69, 74|2, 58, N/A, 127.64, 72|3, 57, N/A, 90.40, 67|4, 48, N/A, 85.26, 42|5, 39, N/A, 26.61, 0|6, 36, N/A, 27.81, 0|
16:53:20 0, 57, N/A, 87.56, 90|1, 55, N/A, 67.18, 73|2, 58, N/A, 78.71, 69|3, 57, N/A, 76.65, 64|4, 49, N/A, 94.97, 40|5, 40, N/A, 26.84, 0|6, 36, N/A, 27.81, 0|
16:53:22 0, 57, N/A, 79.20, 90|1, 55, N/A, 72.07, 74|2, 59, N/A, 96.32, 74|3, 57, N/A, 77.34, 62|4, 49, N/A, 82.26, 37|5, 39, N/A, 26.61, 0|6, 36, N/A, 27.81, 0|
16:53:24 0, 57, N/A, 90.66, 78|1, 55, N/A, 51.46, 75|2, 58, N/A, 110.50, 73|3, 57, N/A, 109.87, 57|4, 49, N/A, 100.19, 42|5, 39, N/A, 26.61, 0|6, 36, N/A, 27.81, 0|
16:53:26 0, 57, N/A, 97.59, 91|1, 54, N/A, 94.89, 73|2, 58, N/A, 101.54, 74|3, 57, N/A, 71.33, 61|4, 49, N/A, 64.20, 40|5, 39, N/A, 26.85, 0|6, 36, N/A, 28.05, 0|
16:53:28 0, 57, N/A, 67.15, 91|1, 55, N/A, 107.56, 74|2, 58, N/A, 107.39, 73|3, 57, N/A, 73.25, 67|4, 49, N/A, 63.22, 44|5, 39, N/A, 26.61, 0|6, 36, N/A, 28.05, 0|
16:53:30 0, 57, N/A, 72.60, 90|1, 55, N/A, 68.87, 67|2, 58, N/A, 117.75, 68|3, 57, N/A, 98.21, 65|4, 49, N/A, 83.04, 42|5, 39, N/A, 26.86, 0|6, 36, N/A, 28.05, 0|
16:53:32 0, 57, N/A, 76.25, 91|1, 55, N/A, 67.15, 74|2, 58, N/A, 111.48, 73|3, 57, N/A, 108.40, 63|4, 49, N/A, 53.62, 43|5, 40, N/A, 26.85, 0|6, 36, N/A, 28.05, 0|
16:53:35 0, 57, N/A, 86.04, 81|1, 55, N/A, 64.44, 62|2, 58, N/A, 78.43, 73|3, 57, N/A, 83.44, 62|4, 49, N/A, 99.14, 41|5, 39, N/A, 26.84, 0|6, 36, N/A, 28.03, 0|
16:53:37 0, 57, N/A, 61.28, 91|1, 54, N/A, 79.11, 73|2, 58, N/A, 121.30, 68|3, 57, N/A, 88.39, 67|4, 49, N/A, 77.88, 44|5, 39, N/A, 26.59, 0|6, 36, N/A, 27.81, 0|
16:53:39 0, 57, N/A, 57.54, 91|1, 54, N/A, 117.55, 74|2, 58, N/A, 116.63, 75|3, 57, N/A, 74.92, 67|4, 50, N/A, 69.03, 41|5, 40, N/A, 26.82, 0|6, 36, N/A, 28.02, 0|
16:53:41 0, 57, N/A, 98.83, 84|1, 54, N/A, 95.26, 68|2, 58, N/A, 92.81, 71|3, 57, N/A, 66.04, 67|4, 50, N/A, 60.19, 42|5, 39, N/A, 26.58, 0|6, 36, N/A, 28.02, 0|
16:53:43 0, 57, N/A, 80.38, 91|1, 54, N/A, 70.31, 74|2, 58, N/A, 97.72, 68|3, 57, N/A, 75.38, 66|4, 50, N/A, 60.93, 41|5, 39, N/A, 26.58, 0|6, 36, N/A, 28.02, 0|
16:53:45 0, 57, N/A, 61.21, 85|1, 54, N/A, 110.71, 63|2, 58, N/A, 104.41, 61|3, 57, N/A, 79.30, 66|4, 50, N/A, 63.17, 39|5, 40, N/A, 26.58, 0|6, 36, N/A, 28.02, 0|
16:53:47 0, 57, N/A, 58.53, 91|1, 54, N/A, 82.78, 68|2, 58, N/A, 117.17, 66|3, 57, N/A, 92.69, 66|4, 50, N/A, 86.91, 43|5, 39, N/A, 26.58, 0|6, 36, N/A, 28.03, 0|
16:53:49 0, 57, N/A, 78.61, 91|1, 54, N/A, 118.51, 74|2, 58, N/A, 123.86, 73|3, 57, N/A, 89.07, 59|4, 49, N/A, 63.87, 42|5, 39, N/A, 26.82, 0|6, 36, N/A, 28.02, 0|
16:53:51 0, 56, N/A, 96.48, 84|1, 54, N/A, 92.61, 74|2, 58, N/A, 98.46, 73|3, 57, N/A, 70.46, 66|4, 50, N/A, 61.91, 42|5, 39, N/A, 26.58, 0|6, 36, N/A, 28.02, 0|
16:53:53 0, 57, N/A, 77.87, 90|1, 54, N/A, 116.73, 67|2, 58, N/A, 99.69, 72|3, 57, N/A, 82.88, 65|4, 50, N/A, 74.15, 43|5, 39, N/A, 26.84, 0|6, 36, N/A, 28.02, 0|
16:53:55 0, 57, N/A, 84.22, 89|1, 54, N/A, 73.00, 77|2, 58, N/A, 92.27, 71|3, 57, N/A, 104.58, 68|4, 50, N/A, 93.44, 41|5, 39, N/A, 26.82, 0|6, 36, N/A, 28.03, 0|
16:53:58 0, 57, N/A, 83.77, 84|1, 54, N/A, 60.99, 75|2, 58, N/A, 107.73, 73|3, 57, N/A, 89.56, 66|4, 50, N/A, 79.06, 43|5, 39, N/A, 26.58, 0|6, 36, N/A, 27.77, 0|
16:54:00 0, 56, N/A, 84.02, 91|1, 54, N/A, 63.45, 68|2, 58, N/A, 78.38, 65|3, 56, N/A, 89.30, 68|4, 50, N/A, 109.12, 43|5, 39, N/A, 26.82, 0|6, 36, N/A, 28.03, 0|
16:54:02 0, 57, N/A, 69.57, 91|1, 54, N/A, 87.16, 77|2, 58, N/A, 87.47, 75|3, 56, N/A, 68.75, 60|4, 50, N/A, 55.27, 34|5, 39, N/A, 26.82, 0|6, 36, N/A, 28.02, 0|
16:54:04 0, 57, N/A, 76.65, 83|1, 54, N/A, 76.89, 74|2, 58, N/A, 117.31, 72|3, 57, N/A, 71.19, 67|4, 51, N/A, 72.67, 45|5, 39, N/A, 26.58, 0|6, 36, N/A, 28.02, 0|
16:54:06 0, 56, N/A, 84.47, 92|1, 54, N/A, 70.05, 76|2, 57, N/A, 87.22, 74|3, 56, N/A, 60.92, 66|4, 50, N/A, 53.52, 44|5, 39, N/A, 26.58, 0|6, 36, N/A, 28.02, 0|
16:54:08 0, 57, N/A, 90.19, 58|1, 54, N/A, 90.72, 55|2, 58, N/A, 110.28, 55|3, 57, N/A, 81.83, 54|4, 51, N/A, 90.50, 49|5, 39, N/A, 26.35, 0|6, 36, N/A, 27.77, 0|
16:54:10 0, 57, N/A, 92.13, 57|1, 54, N/A, 89.98, 55|2, 58, N/A, 109.88, 54|3, 57, N/A, 93.83, 54|4, 51, N/A, 87.35, 49|5, 39, N/A, 26.84, 0|6, 36, N/A, 27.77, 0|
16:54:12 0, 57, N/A, 86.30, 57|1, 54, N/A, 91.71, 55|2, 58, N/A, 100.41, 55|3, 57, N/A, 84.17, 53|4, 51, N/A, 88.09, 49|5, 39, N/A, 26.58, 0|6, 36, N/A, 27.77, 0|
16:54:14 0, 57, N/A, 84.30, 57|1, 54, N/A, 85.62, 55|2, 58, N/A, 99.52, 54|3, 57, N/A, 96.54, 53|4, 51, N/A, 81.67, 49|5, 39, N/A, 26.59, 0|6, 36, N/A, 28.03, 0|
16:54:16 0, 57, N/A, 92.61, 58|1, 54, N/A, 98.76, 55|2, 58, N/A, 106.12, 54|3, 57, N/A, 86.99, 54|4, 51, N/A, 90.36, 49|5, 39, N/A, 26.81, 0|6, 36, N/A, 28.03, 0|
16:54:18 0, 57, N/A, 82.68, 57|1, 54, N/A, 95.15, 55|2, 58, N/A, 103.89, 55|3, 57, N/A, 89.72, 53|4, 52, N/A, 86.44, 50|5, 40, N/A, 26.88, 0|6, 36, N/A, 28.05, 0|
16:54:20 0, 57, N/A, 84.45, 58|1, 55, N/A, 91.62, 54|2, 58, N/A, 105.32, 54|3, 57, N/A, 82.54, 54|4, 52, N/A, 81.51, 49|5, 39, N/A, 26.61, 0|6, 36, N/A, 27.56, 0|
16:54:23 0, 57, N/A, 92.47, 57|1, 54, N/A, 90.83, 54|2, 58, N/A, 106.54, 54|3, 57, N/A, 90.66, 53|4, 52, N/A, 88.87, 49|5, 39, N/A, 26.12, 0|6, 36, N/A, 27.81, 0|
16:54:25 0, 57, N/A, 84.49, 58|1, 54, N/A, 89.60, 55|2, 58, N/A, 109.06, 55|3, 57, N/A, 80.37, 53|4, 52, N/A, 87.14, 49|5, 39, N/A, 26.61, 0|6, 36, N/A, 28.06, 0|
16:54:27 0, 57, N/A, 94.95, 58|1, 54, N/A, 87.35, 54|2, 58, N/A, 112.46, 55|3, 57, N/A, 100.59, 54|4, 52, N/A, 94.55, 50|5, 39, N/A, 26.37, 0|6, 36, N/A, 27.83, 0|
16:54:29 0, 57, N/A, 90.31, 58|1, 54, N/A, 103.22, 55|2, 58, N/A, 96.38, 54|3, 57, N/A, 84.51, 54|4, 52, N/A, 88.82, 49|5, 39, N/A, 26.81, 0|6, 36, N/A, 27.81, 0|
16:54:31 0, 57, N/A, 92.09, 58|1, 55, N/A, 92.72, 54|2, 58, N/A, 99.22, 54|3, 57, N/A, 82.29, 54|4, 52, N/A, 90.36, 49|5, 39, N/A, 27.35, 0|6, 36, N/A, 28.04, 0|
16:54:33 0, 57, N/A, 90.66, 58|1, 55, N/A, 95.63, 55|2, 58, N/A, 115.54, 55|3, 57, N/A, 85.02, 54|4, 52, N/A, 85.74, 49|5, 39, N/A, 26.36, 0|6, 36, N/A, 28.30, 0|
16:54:35 0, 57, N/A, 81.75, 58|1, 55, N/A, 85.18, 55|2, 58, N/A, 102.77, 54|3, 57, N/A, 84.75, 54|4, 52, N/A, 89.47, 49|5, 39, N/A, 26.62, 0|6, 36, N/A, 27.81, 0|
16:54:37 0, 57, N/A, 85.30, 58|1, 54, N/A, 91.07, 55|2, 58, N/A, 116.23, 55|3, 57, N/A, 86.42, 54|4, 52, N/A, 91.39, 49|5, 39, N/A, 27.33, 0|6, 36, N/A, 27.79, 0|
16:54:39 0, 57, N/A, 84.88, 57|1, 54, N/A, 90.86, 55|2, 58, N/A, 102.60, 54|3, 57, N/A, 80.93, 53|4, 52, N/A, 88.16, 49|5, 39, N/A, 26.84, 0|6, 36, N/A, 27.79, 0|
16:54:41 0, 57, N/A, 101.10, 58|1, 54, N/A, 94.89, 55|2, 58, N/A, 102.67, 55|3, 57, N/A, 88.84, 54|4, 53, N/A, 90.85, 49|5, 39, N/A, 26.61, 0|6, 36, N/A, 27.81, 0|
16:54:43 0, 57, N/A, 87.06, 58|1, 55, N/A, 91.04, 55|2, 58, N/A, 106.12, 55|3, 57, N/A, 84.87, 54|4, 53, N/A, 91.89, 49|5, 40, N/A, 26.61, 0|6, 36, N/A, 28.04, 0|
16:54:45 0, 57, N/A, 85.31, 58|1, 55, N/A, 89.36, 55|2, 58, N/A, 105.03, 55|3, 57, N/A, 80.37, 54|4, 53, N/A, 95.24, 49|5, 39, N/A, 27.11, 0|6, 36, N/A, 27.81, 0|
16:54:48 0, 57, N/A, 90.10, 58|1, 55, N/A, 96.50, 55|2, 58, N/A, 108.99, 55|3, 57, N/A, 80.74, 53|4, 53, N/A, 84.23, 49|5, 39, N/A, 26.36, 0|6, 36, N/A, 27.81, 0|
16:54:50 0, 57, N/A, 92.24, 58|1, 55, N/A, 95.58, 55|2, 58, N/A, 102.56, 55|3, 57, N/A, 92.41, 54|4, 53, N/A, 89.88, 50|5, 39, N/A, 26.61, 0|6, 36, N/A, 28.04, 0|
16:54:52 0, 57, N/A, 79.96, 44|1, 54, N/A, 87.63, 39|2, 58, N/A, 105.88, 38|3, 57, N/A, 84.34, 47|4, 53, N/A, 93.70, 35|5, 39, N/A, 26.63, 0|6, 36, N/A, 28.05, 0|
16:54:54 0, 57, N/A, 85.23, 58|1, 55, N/A, 92.21, 55|2, 58, N/A, 101.07, 55|3, 57, N/A, 82.57, 54|4, 53, N/A, 89.65, 49|5, 39, N/A, 26.40, 0|6, 36, N/A, 27.84, 0|
16:54:56 0, 57, N/A, 88.66, 58|1, 55, N/A, 93.57, 55|2, 58, N/A, 115.89, 55|3, 57, N/A, 93.96, 54|4, 53, N/A, 85.70, 50|5, 40, N/A, 26.38, 0|6, 36, N/A, 28.04, 0|
16:54:58 0, 57, N/A, 90.73, 58|1, 55, N/A, 99.33, 55|2, 58, N/A, 104.15, 54|3, 57, N/A, 90.17, 54|4, 53, N/A, 91.07, 49|5, 40, N/A, 26.38, 0|6, 36, N/A, 28.05, 0|
16:55:00 0, 57, N/A, 88.34, 58|1, 55, N/A, 81.62, 55|2, 58, N/A, 103.98, 54|3, 57, N/A, 83.39, 54|4, 53, N/A, 91.39, 49|5, 40, N/A, 27.12, 0|6, 36, N/A, 28.30, 0|
16:55:02 0, 56, N/A, 42.38, 0|1, 54, N/A, 45.80, 0|2, 57, N/A, 53.19, 0|3, 56, N/A, 42.58, 0|4, 52, N/A, 43.10, 0|5, 39, N/A, 26.61, 0|6, 36, N/A, 28.06, 0|
16:55:04 0, 57, N/A, 76.01, 84|1, 54, N/A, 59.31, 67|2, 58, N/A, 112.29, 73|3, 57, N/A, 98.64, 67|4, 53, N/A, 98.96, 45|5, 39, N/A, 26.86, 0|6, 36, N/A, 28.05, 0|
16:55:06 0, 57, N/A, 65.96, 91|1, 54, N/A, 86.78, 68|2, 58, N/A, 109.34, 74|3, 57, N/A, 67.35, 67|4, 53, N/A, 71.79, 44|5, 39, N/A, 26.61, 0|6, 36, N/A, 28.05, 0|
16:55:08 0, 57, N/A, 134.71, 91|1, 54, N/A, 108.84, 75|2, 58, N/A, 104.91, 74|3, 57, N/A, 90.55, 59|4, 53, N/A, 82.75, 44|5, 39, N/A, 26.85, 0|6, 36, N/A, 28.05, 0|
16:55:10 0, 56, N/A, 91.14, 83|1, 54, N/A, 74.23, 61|2, 58, N/A, 87.47, 59|3, 57, N/A, 63.62, 66|4, 53, N/A, 98.34, 39|5, 39, N/A, 26.58, 0|6, 36, N/A, 28.02, 0|
16:55:13 0, 57, N/A, 84.26, 90|1, 54, N/A, 95.51, 72|2, 58, N/A, 134.08, 66|3, 56, N/A, 86.36, 68|4, 53, N/A, 94.46, 44|5, 39, N/A, 26.82, 0|6, 36, N/A, 28.03, 0|
16:55:15 0, 57, N/A, 86.72, 90|1, 54, N/A, 81.81, 75|2, 58, N/A, 78.41, 74|3, 57, N/A, 76.06, 68|4, 53, N/A, 90.98, 43|5, 39, N/A, 26.82, 0|6, 36, N/A, 28.02, 0|
16:55:17 0, 57, N/A, 67.83, 82|1, 54, N/A, 65.63, 76|2, 57, N/A, 89.92, 74|3, 56, N/A, 101.27, 68|4, 53, N/A, 106.00, 42|5, 39, N/A, 26.82, 0|6, 36, N/A, 28.02, 0|
16:55:19 0, 57, N/A, 106.92, 91|1, 54, N/A, 107.54, 65|2, 57, N/A, 89.38, 74|3, 57, N/A, 71.69, 65|4, 53, N/A, 74.64, 46|5, 39, N/A, 26.82, 0|6, 36, N/A, 28.02, 0|
16:55:21 0, 57, N/A, 85.74, 89|1, 54, N/A, 68.12, 75|2, 57, N/A, 98.47, 75|3, 56, N/A, 88.33, 67|4, 53, N/A, 65.11, 37|5, 39, N/A, 26.84, 0|6, 36, N/A, 28.02, 0|
16:55:23 0, 56, N/A, 125.08, 84|1, 54, N/A, 50.69, 75|2, 58, N/A, 94.33, 74|3, 56, N/A, 114.40, 67|4, 53, N/A, 108.84, 44|5, 40, N/A, 26.82, 0|6, 36, N/A, 28.03, 0|
16:55:25 0, 56, N/A, 90.65, 91|1, 54, N/A, 72.52, 76|2, 57, N/A, 87.95, 66|3, 57, N/A, 100.16, 66|4, 53, N/A, 87.36, 45|5, 39, N/A, 26.82, 0|6, 36, N/A, 28.03, 0|
16:55:27 0, 57, N/A, 81.81, 91|1, 54, N/A, 76.44, 74|2, 58, N/A, 90.36, 73|3, 56, N/A, 63.62, 58|4, 53, N/A, 59.42, 45|5, 39, N/A, 26.82, 0|6, 36, N/A, 28.02, 0|
16:55:29 0, 56, N/A, 48.45, 65|1, 54, N/A, 103.36, 58|2, 58, N/A, 100.18, 58|3, 57, N/A, 97.05, 57|4, 53, N/A, 116.67, 35|5, 39, N/A, 26.58, 0|6, 36, N/A, 27.77, 0|
16:55:31 0, 57, N/A, 74.15, 91|1, 55, N/A, 109.43, 70|2, 58, N/A, 100.67, 69|3, 57, N/A, 78.07, 67|4, 54, N/A, 72.72, 45|5, 40, N/A, 26.82, 0|6, 36, N/A, 28.02, 0|
16:55:33 0, 57, N/A, 108.69, 91|1, 55, N/A, 86.47, 76|2, 58, N/A, 91.39, 74|3, 57, N/A, 65.10, 58|4, 54, N/A, 62.40, 44|5, 39, N/A, 26.82, 0|6, 36, N/A, 28.02, 0|
16:55:36 0, 57, N/A, 47.47, 90|1, 55, N/A, 111.39, 74|2, 59, N/A, 142.24, 75|3, 57, N/A, 88.33, 69|4, 54, N/A, 81.02, 35|5, 39, N/A, 26.82, 0|6, 36, N/A, 28.03, 0|
16:55:38 0, 57, N/A, 108.40, 81|1, 55, N/A, 92.37, 64|2, 59, N/A, 100.72, 74|3, 57, N/A, 65.59, 67|4, 54, N/A, 71.20, 45|5, 40, N/A, 26.58, 0|6, 36, N/A, 28.03, 0|
16:55:40 0, 57, N/A, 71.24, 91|1, 55, N/A, 61.49, 75|2, 59, N/A, 106.50, 73|3, 57, N/A, 96.42, 60|4, 54, N/A, 83.23, 46|5, 40, N/A, 26.82, 0|6, 36, N/A, 28.03, 0|
16:55:42 0, 57, N/A, 48.69, 91|1, 56, N/A, 87.95, 75|2, 59, N/A, 125.99, 75|3, 58, N/A, 121.06, 67|4, 55, N/A, 107.66, 41|5, 40, N/A, 26.82, 0|6, 37, N/A, 27.77, 0|
16:55:44 0, 58, N/A, 105.63, 81|1, 56, N/A, 71.78, 75|2, 59, N/A, 88.74, 74|3, 58, N/A, 77.33, 67|4, 55, N/A, 95.89, 44|5, 40, N/A, 26.82, 0|6, 36, N/A, 28.03, 0|
16:55:46 0, 58, N/A, 73.45, 91|1, 56, N/A, 70.80, 76|2, 59, N/A, 69.57, 65|3, 58, N/A, 91.17, 66|4, 55, N/A, 111.08, 44|5, 40, N/A, 26.82, 0|6, 37, N/A, 28.03, 0|
16:55:48 0, 58, N/A, 84.26, 90|1, 56, N/A, 72.75, 77|2, 59, N/A, 94.28, 73|3, 58, N/A, 97.34, 69|4, 55, N/A, 109.07, 34|5, 40, N/A, 26.82, 0|6, 37, N/A, 28.02, 0|
16:55:50 0, 58, N/A, 122.38, 81|1, 56, N/A, 53.61, 69|2, 59, N/A, 147.30, 73|3, 58, N/A, 110.84, 67|4, 55, N/A, 103.01, 44|5, 40, N/A, 26.58, 0|6, 37, N/A, 28.02, 0|
16:55:52 0, 58, N/A, 93.79, 91|1, 56, N/A, 126.30, 64|2, 60, N/A, 95.07, 74|3, 59, N/A, 73.90, 69|4, 56, N/A, 71.00, 47|5, 40, N/A, 26.82, 0|6, 37, N/A, 28.28, 0|
16:55:54 0, 59, N/A, 74.23, 92|1, 56, N/A, 96.43, 76|2, 60, N/A, 92.61, 74|3, 58, N/A, 75.13, 68|4, 56, N/A, 63.63, 46|5, 40, N/A, 26.82, 0|6, 37, N/A, 28.02, 0|
16:55:56 0, 58, N/A, 70.75, 91|1, 56, N/A, 76.44, 76|2, 60, N/A, 80.83, 75|3, 58, N/A, 59.69, 68|4, 56, N/A, 58.92, 44|5, 40, N/A, 26.58, 0|6, 37, N/A, 28.02, 0|
16:55:58 0, 59, N/A, 69.32, 91|1, 56, N/A, 78.85, 76|2, 60, N/A, 117.96, 76|3, 59, N/A, 94.46, 66|4, 56, N/A, 84.21, 47|5, 40, N/A, 26.59, 0|6, 37, N/A, 28.03, 0|
16:56:01 0, 59, N/A, 69.31, 91|1, 57, N/A, 111.66, 77|2, 60, N/A, 104.79, 65|3, 59, N/A, 80.52, 67|4, 56, N/A, 73.91, 46|5, 40, N/A, 26.59, 0|6, 37, N/A, 27.77, 0|
16:56:03 0, 59, N/A, 87.66, 92|1, 57, N/A, 84.55, 75|2, 60, N/A, 85.54, 64|3, 59, N/A, 74.14, 57|4, 56, N/A, 84.46, 47|5, 40, N/A, 26.84, 0|6, 37, N/A, 28.28, 0|
16:56:05 0, 59, N/A, 92.56, 81|1, 57, N/A, 81.57, 60|2, 60, N/A, 73.22, 59|3, 59, N/A, 62.64, 69|4, 56, N/A, 82.94, 39|5, 40, N/A, 26.82, 0|6, 37, N/A, 28.02, 0|
16:56:07 0, 59, N/A, 148.94, 91|1, 57, N/A, 128.01, 64|2, 61, N/A, 61.45, 73|3, 59, N/A, 86.62, 68|4, 57, N/A, 91.96, 47|5, 40, N/A, 26.58, 0|6, 37, N/A, 28.28, 0|
16:56:09 0, 59, N/A, 99.37, 91|1, 57, N/A, 121.94, 75|2, 61, N/A, 111.97, 63|3, 59, N/A, 63.87, 69|4, 57, N/A, 79.01, 47|5, 40, N/A, 26.82, 0|6, 37, N/A, 28.03, 0|
16:56:11 0, 59, N/A, 87.64, 91|1, 57, N/A, 96.05, 75|2, 60, N/A, 85.26, 74|3, 59, N/A, 66.81, 57|4, 56, N/A, 62.89, 45|5, 40, N/A, 26.82, 0|6, 37, N/A, 28.26, 0|
16:56:13 0, 58, N/A, 72.47, 61|1, 57, N/A, 103.61, 57|2, 60, N/A, 104.16, 59|3, 59, N/A, 65.10, 56|4, 56, N/A, 77.34, 32|5, 40, N/A, 26.82, 0|6, 37, N/A, 28.02, 0|
16:56:15 0, 59, N/A, 67.36, 91|1, 57, N/A, 103.38, 64|2, 60, N/A, 81.12, 75|3, 59, N/A, 64.60, 67|4, 56, N/A, 62.16, 48|5, 40, N/A, 26.82, 0|6, 37, N/A, 28.28, 0|
16:56:17 0, 59, N/A, 70.80, 92|1, 57, N/A, 84.51, 75|2, 60, N/A, 110.44, 74|3, 58, N/A, 68.29, 69|4, 56, N/A, 76.65, 46|5, 40, N/A, 26.84, 0|6, 37, N/A, 28.03, 0|
16:56:19 0, 59, N/A, 71.77, 91|1, 57, N/A, 72.03, 75|2, 60, N/A, 110.18, 75|3, 59, N/A, 72.46, 69|4, 56, N/A, 83.49, 47|5, 40, N/A, 26.84, 0|6, 37, N/A, 28.28, 0|
16:56:21 0, 58, N/A, 78.61, 62|1, 56, N/A, 73.50, 67|2, 60, N/A, 101.35, 65|3, 58, N/A, 90.54, 55|4, 56, N/A, 72.96, 42|5, 40, N/A, 26.84, 0|6, 37, N/A, 28.02, 0|
16:56:24 0, 58, N/A, 67.10, 92|1, 56, N/A, 86.47, 63|2, 60, N/A, 109.21, 77|3, 58, N/A, 67.80, 69|4, 56, N/A, 76.15, 48|5, 40, N/A, 26.82, 0|6, 37, N/A, 28.02, 0|
16:56:26 0, 58, N/A, 90.65, 92|1, 56, N/A, 83.52, 77|2, 60, N/A, 93.54, 74|3, 58, N/A, 95.14, 69|4, 56, N/A, 75.13, 45|5, 40, N/A, 26.58, 0|6, 37, N/A, 28.02, 0|
16:56:28 0, 58, N/A, 80.12, 91|1, 56, N/A, 61.49, 77|2, 60, N/A, 101.35, 77|3, 58, N/A, 104.95, 69|4, 56, N/A, 98.85, 48|5, 40, N/A, 26.82, 0|6, 37, N/A, 28.02, 0|
16:56:30 0, 58, N/A, 84.70, 61|1, 56, N/A, 76.44, 69|2, 60, N/A, 77.18, 68|3, 58, N/A, 90.23, 60|4, 56, N/A, 79.55, 45|5, 40, N/A, 26.82, 0|6, 37, N/A, 28.02, 0|
16:56:32 0, 58, N/A, 78.12, 92|1, 56, N/A, 80.32, 63|2, 59, N/A, 102.82, 75|3, 58, N/A, 87.06, 67|4, 56, N/A, 80.53, 48|5, 40, N/A, 26.82, 0|6, 37, N/A, 28.03, 0|
16:56:34 0, 58, N/A, 70.29, 90|1, 56, N/A, 87.17, 77|2, 60, N/A, 115.63, 75|3, 58, N/A, 69.27, 57|4, 56, N/A, 72.92, 33|5, 40, N/A, 26.59, 0|6, 37, N/A, 27.77, 0|
16:56:36 0, 58, N/A, 90.55, 60|1, 56, N/A, 93.36, 57|2, 60, N/A, 125.04, 57|3, 58, N/A, 92.11, 56|4, 56, N/A, 90.74, 52|5, 40, N/A, 26.59, 0|6, 37, N/A, 28.02, 0|
16:56:38 0, 58, N/A, 90.99, 61|1, 56, N/A, 94.10, 58|2, 60, N/A, 110.56, 58|3, 58, N/A, 89.85, 57|4, 56, N/A, 97.04, 52|5, 40, N/A, 26.84, 0|6, 37, N/A, 27.81, 0|
16:56:40 0, 58, N/A, 91.00, 61|1, 56, N/A, 99.26, 57|2, 60, N/A, 116.03, 57|3, 58, N/A, 87.98, 57|4, 56, N/A, 94.83, 52|5, 40, N/A, 26.82, 0|6, 37, N/A, 28.03, 0|
16:56:42 0, 58, N/A, 94.93, 60|1, 56, N/A, 101.28, 58|2, 60, N/A, 108.69, 57|3, 58, N/A, 89.96, 56|4, 56, N/A, 94.98, 52|5, 40, N/A, 27.07, 0|6, 37, N/A, 28.30, 0|
16:56:44 0, 58, N/A, 86.45, 61|1, 56, N/A, 100.34, 57|2, 60, N/A, 115.79, 57|3, 58, N/A, 89.70, 57|4, 56, N/A, 93.30, 52|5, 40, N/A, 26.61, 0|6, 37, N/A, 28.04, 0|
16:56:46 0, 58, N/A, 91.94, 60|1, 56, N/A, 97.84, 58|2, 60, N/A, 108.15, 57|3, 58, N/A, 86.86, 56|4, 56, N/A, 95.28, 52|5, 40, N/A, 26.61, 0|6, 37, N/A, 28.05, 0|
16:56:49 0, 58, N/A, 91.94, 61|1, 56, N/A, 97.30, 58|2, 60, N/A, 103.79, 58|3, 58, N/A, 84.63, 57|4, 57, N/A, 94.65, 52|5, 40, N/A, 26.85, 0|6, 37, N/A, 28.05, 0|
16:56:51 0, 58, N/A, 95.14, 60|1, 56, N/A, 98.09, 58|2, 60, N/A, 107.61, 57|3, 58, N/A, 105.57, 56|4, 56, N/A, 98.27, 52|5, 40, N/A, 26.84, 0|6, 37, N/A, 28.05, 0|
16:56:53 0, 58, N/A, 86.89, 61|1, 56, N/A, 98.83, 58|2, 60, N/A, 110.06, 58|3, 59, N/A, 95.62, 57|4, 57, N/A, 97.04, 52|5, 40, N/A, 26.86, 0|6, 37, N/A, 28.03, 0|
16:56:55 0, 58, N/A, 93.90, 61|1, 56, N/A, 95.82, 58|2, 60, N/A, 105.88, 58|3, 59, N/A, 91.82, 57|4, 57, N/A, 96.39, 52|5, 40, N/A, 26.85, 0|6, 37, N/A, 27.79, 0|
16:56:57 0, 58, N/A, 101.53, 60|1, 56, N/A, 108.40, 58|2, 60, N/A, 111.26, 57|3, 58, N/A, 94.82, 57|4, 56, N/A, 96.70, 52|5, 40, N/A, 26.85, 0|6, 37, N/A, 28.05, 0|
16:56:59 0, 58, N/A, 92.62, 60|1, 56, N/A, 94.64, 57|2, 60, N/A, 120.76, 57|3, 58, N/A, 92.07, 56|4, 57, N/A, 98.46, 51|5, 40, N/A, 27.07, 0|6, 37, N/A, 28.03, 0|
16:57:01 0, 58, N/A, 91.68, 60|1, 56, N/A, 98.15, 57|2, 60, N/A, 116.53, 57|3, 59, N/A, 89.08, 56|4, 57, N/A, 98.53, 52|5, 40, N/A, 26.63, 0|6, 37, N/A, 28.05, 0|
16:57:03 0, 58, N/A, 94.44, 61|1, 56, N/A, 99.83, 58|2, 60, N/A, 115.95, 57|3, 58, N/A, 92.76, 57|4, 57, N/A, 93.07, 52|5, 40, N/A, 26.61, 0|6, 37, N/A, 27.81, 0|
16:57:05 0, 58, N/A, 98.38, 60|1, 56, N/A, 100.55, 57|2, 60, N/A, 111.80, 57|3, 58, N/A, 89.29, 57|4, 57, N/A, 97.25, 52|5, 40, N/A, 26.87, 0|6, 37, N/A, 27.79, 0|
16:57:07 0, 58, N/A, 94.69, 60|1, 57, N/A, 94.49, 58|2, 60, N/A, 114.80, 57|3, 59, N/A, 91.15, 56|4, 57, N/A, 94.26, 52|5, 40, N/A, 26.85, 0|6, 37, N/A, 28.04, 0|
16:57:09 0, 58, N/A, 93.86, 61|1, 56, N/A, 96.81, 58|2, 60, N/A, 115.97, 58|3, 59, N/A, 94.09, 57|4, 57, N/A, 99.65, 53|5, 40, N/A, 26.61, 0|6, 37, N/A, 28.05, 0|
16:57:11 0, 58, N/A, 87.79, 60|1, 56, N/A, 92.52, 58|2, 60, N/A, 108.94, 58|3, 59, N/A, 87.00, 57|4, 57, N/A, 95.27, 53|5, 40, N/A, 26.84, 0|6, 37, N/A, 28.30, 0|
16:57:14 0, 58, N/A, 91.74, 61|1, 56, N/A, 96.07, 57|2, 60, N/A, 117.43, 57|3, 59, N/A, 90.80, 57|4, 57, N/A, 96.45, 52|5, 40, N/A, 26.85, 0|6, 37, N/A, 27.81, 0|
16:57:16 0, 58, N/A, 87.59, 60|1, 56, N/A, 98.11, 58|2, 60, N/A, 127.58, 57|3, 59, N/A, 89.85, 57|4, 57, N/A, 98.27, 52|5, 40, N/A, 26.85, 0|6, 37, N/A, 28.05, 0|
16:57:18 0, 58, N/A, 87.23, 60|1, 56, N/A, 93.17, 58|2, 60, N/A, 109.34, 57|3, 59, N/A, 90.06, 56|4, 57, N/A, 94.54, 52|5, 40, N/A, 26.84, 0|6, 37, N/A, 28.28, 0|
16:57:20 0, 58, N/A, 86.04, 60|1, 56, N/A, 98.29, 57|2, 60, N/A, 115.61, 57|3, 59, N/A, 85.43, 57|4, 57, N/A, 93.32, 52|5, 40, N/A, 26.61, 0|6, 37, N/A, 28.32, 0|
16:57:22 0, 58, N/A, 92.64, 60|1, 56, N/A, 97.59, 58|2, 60, N/A, 111.29, 57|3, 59, N/A, 94.58, 57|4, 57, N/A, 93.66, 52|5, 40, N/A, 26.88, 0|6, 37, N/A, 27.81, 0|
16:57:24 0, 58, N/A, 89.13, 61|1, 56, N/A, 100.03, 58|2, 60, N/A, 105.73, 57|3, 58, N/A, 94.33, 57|4, 57, N/A, 95.06, 52|5, 40, N/A, 26.60, 0|6, 37, N/A, 28.03, 0|
16:57:26 0, 58, N/A, 91.68, 60|1, 56, N/A, 96.64, 58|2, 60, N/A, 111.83, 57|3, 59, N/A, 99.19, 57|4, 57, N/A, 101.52, 52|5, 40, N/A, 26.82, 0|6, 37, N/A, 28.28, 0|
16:57:28 0, 58, N/A, 95.14, 61|1, 56, N/A, 96.15, 58|2, 60, N/A, 109.14, 58|3, 59, N/A, 89.67, 57|4, 57, N/A, 94.59, 53|5, 40, N/A, 27.10, 0|6, 37, N/A, 28.05, 0|
16:57:30 0, 57, N/A, 42.85, 0|1, 55, N/A, 46.30, 0|2, 59, N/A, 54.42, 0|3, 57, N/A, 43.07, 0|4, 56, N/A, 44.31, 0|5, 40, N/A, 26.86, 0|6, 37, N/A, 28.05, 0|
16:57:32 0, 58, N/A, 73.01, 91|1, 56, N/A, 80.62, 75|2, 60, N/A, 99.74, 74|3, 58, N/A, 77.09, 70|4, 57, N/A, 73.70, 48|5, 40, N/A, 26.84, 0|6, 36, N/A, 28.03, 0|
16:57:34 0, 58, N/A, 73.75, 91|1, 56, N/A, 66.16, 76|2, 59, N/A, 122.38, 76|3, 58, N/A, 91.76, 67|4, 57, N/A, 82.50, 45|5, 40, N/A, 26.82, 0|6, 37, N/A, 28.03, 0|
16:57:37 0, 58, N/A, 77.14, 92|1, 56, N/A, 71.04, 75|2, 59, N/A, 101.90, 62|3, 58, N/A, 87.84, 69|4, 57, N/A, 84.70, 48|5, 40, N/A, 26.82, 0|6, 37, N/A, 28.03, 0|
16:57:39 0, 58, N/A, 94.29, 90|1, 56, N/A, 69.80, 77|2, 59, N/A, 80.58, 74|3, 58, N/A, 96.12, 69|4, 56, N/A, 112.99, 46|5, 40, N/A, 26.58, 0|6, 37, N/A, 28.02, 0|
16:57:41 0, 58, N/A, 102.08, 92|1, 56, N/A, 96.24, 77|2, 59, N/A, 96.01, 76|3, 58, N/A, 64.36, 69|4, 57, N/A, 72.18, 46|5, 40, N/A, 26.82, 0|6, 37, N/A, 28.02, 0|
16:57:43 0, 58, N/A, 119.92, 88|1, 56, N/A, 81.85, 77|2, 60, N/A, 97.77, 76|3, 59, N/A, 81.21, 67|4, 57, N/A, 102.01, 48|5, 40, N/A, 26.84, 0|6, 37, N/A, 28.02, 0|
16:57:45 0, 58, N/A, 115.26, 91|1, 56, N/A, 142.88, 61|2, 59, N/A, 62.92, 76|3, 58, N/A, 154.61, 68|4, 57, N/A, 155.87, 46|5, 40, N/A, 26.82, 0|6, 36, N/A, 28.02, 0|
16:57:47 0, 58, N/A, 157.73, 90|1, 56, N/A, 118.26, 75|2, 60, N/A, 115.59, 75|3, 58, N/A, 118.85, 57|4, 56, N/A, 99.81, 45|5, 40, N/A, 26.58, 0|6, 37, N/A, 28.02, 0|
16:57:49 0, 58, N/A, 58.00, 91|1, 56, N/A, 137.24, 76|2, 59, N/A, 169.18, 76|3, 58, N/A, 146.55, 70|4, 57, N/A, 157.50, 35|5, 40, N/A, 26.82, 0|6, 37, N/A, 28.02, 0|
16:57:51 0, 58, N/A, 66.33, 77|1, 56, N/A, 69.56, 76|2, 59, N/A, 91.33, 76|3, 58, N/A, 107.83, 70|4, 56, N/A, 107.42, 41|5, 40, N/A, 26.82, 0|6, 37, N/A, 28.02, 0|
16:57:53 0, 58, N/A, 75.95, 77|1, 56, N/A, 68.05, 60|2, 59, N/A, 117.04, 75|3, 58, N/A, 96.17, 68|4, 56, N/A, 82.99, 47|5, 40, N/A, 26.82, 0|6, 37, N/A, 28.03, 0|
16:57:55 0, 58, N/A, 58.04, 91|1, 56, N/A, 76.68, 75|2, 59, N/A, 119.15, 61|3, 58, N/A, 92.99, 54|4, 57, N/A, 94.53, 48|5, 40, N/A, 26.82, 0|6, 36, N/A, 28.03, 0|
16:57:57 0, 58, N/A, 64.15, 91|1, 56, N/A, 88.68, 78|2, 59, N/A, 124.52, 77|3, 58, N/A, 97.41, 54|4, 56, N/A, 87.40, 35|5, 40, N/A, 26.82, 0|6, 36, N/A, 28.02, 0|
16:57:59 0, 58, N/A, 47.43, 91|1, 56, N/A, 138.07, 76|2, 59, N/A, 115.59, 76|3, 58, N/A, 95.14, 70|4, 57, N/A, 117.82, 35|5, 40, N/A, 26.82, 0|6, 36, N/A, 28.02, 0|
16:58:02 0, 57, N/A, 57.55, 74|1, 56, N/A, 92.32, 76|2, 59, N/A, 123.85, 75|3, 58, N/A, 89.75, 63|4, 57, N/A, 86.63, 49|5, 40, N/A, 26.59, 0|6, 36, N/A, 28.03, 0|
16:58:04 0, 58, N/A, 86.66, 92|1, 56, N/A, 67.83, 74|2, 59, N/A, 80.08, 65|3, 58, N/A, 77.74, 68|4, 57, N/A, 106.18, 47|5, 40, N/A, 26.82, 0|6, 37, N/A, 28.02, 0|
16:58:06 0, 58, N/A, 80.58, 92|1, 56, N/A, 92.56, 75|2, 59, N/A, 95.76, 76|3, 58, N/A, 59.20, 68|4, 57, N/A, 65.13, 47|5, 40, N/A, 26.82, 0|6, 36, N/A, 28.02, 0|
16:58:08 0, 58, N/A, 104.09, 91|1, 56, N/A, 82.79, 77|2, 60, N/A, 109.69, 75|3, 58, N/A, 103.48, 68|4, 56, N/A, 86.18, 49|5, 40, N/A, 26.58, 0|6, 37, N/A, 27.79, 0|
16:58:10 0, 58, N/A, 83.03, 55|1, 55, N/A, 72.76, 57|2, 59, N/A, 98.95, 57|3, 58, N/A, 101.77, 57|4, 57, N/A, 133.74, 42|5, 40, N/A, 26.82, 0|6, 37, N/A, 28.00, 0|
16:58:12 0, 58, N/A, 101.58, 91|1, 56, N/A, 87.46, 60|2, 59, N/A, 83.77, 75|3, 58, N/A, 68.74, 69|4, 57, N/A, 85.15, 49|5, 40, N/A, 26.58, 0|6, 37, N/A, 28.02, 0|
16:58:14 0, 58, N/A, 73.94, 91|1, 56, N/A, 100.23, 79|2, 59, N/A, 86.72, 60|3, 58, N/A, 75.17, 69|4, 57, N/A, 67.56, 47|5, 40, N/A, 26.82, 0|6, 37, N/A, 27.77, 0|
16:58:16 0, 58, N/A, 143.13, 92|1, 56, N/A, 115.75, 77|2, 59, N/A, 108.41, 62|3, 58, N/A, 80.68, 66|4, 57, N/A, 129.10, 51|5, 40, N/A, 26.82, 0|6, 37, N/A, 28.02, 0|
16:58:18 0, 58, N/A, 60.22, 91|1, 56, N/A, 131.45, 76|2, 59, N/A, 163.80, 76|3, 58, N/A, 145.33, 69|4, 56, N/A, 156.12, 34|5, 40, N/A, 26.81, 0|6, 37, N/A, 28.00, 0|
16:58:20 0, 57, N/A, 88.63, 76|1, 55, N/A, 101.88, 76|2, 59, N/A, 109.00, 75|3, 58, N/A, 76.10, 70|4, 57, N/A, 68.79, 33|5, 40, N/A, 26.82, 0|6, 36, N/A, 28.02, 0|
16:58:22 0, 58, N/A, 116.24, 76|1, 55, N/A, 76.65, 63|2, 59, N/A, 95.56, 77|3, 58, N/A, 88.08, 71|4, 57, N/A, 103.19, 46|5, 40, N/A, 26.82, 0|6, 36, N/A, 28.02, 0|
16:58:25 0, 58, N/A, 58.53, 75|1, 55, N/A, 93.74, 60|2, 59, N/A, 131.52, 75|3, 58, N/A, 83.95, 69|4, 57, N/A, 86.91, 48|5, 40, N/A, 26.59, 0|6, 37, N/A, 28.02, 0|
16:58:27 0, 58, N/A, 77.14, 92|1, 55, N/A, 70.80, 77|2, 59, N/A, 116.75, 77|3, 58, N/A, 74.88, 53|4, 57, N/A, 62.43, 47|5, 40, N/A, 26.82, 0|6, 37, N/A, 27.77, 0|
16:58:29 0, 58, N/A, 67.10, 91|1, 56, N/A, 107.54, 79|2, 59, N/A, 101.65, 75|3, 58, N/A, 76.60, 71|4, 57, N/A, 72.23, 51|5, 40, N/A, 26.82, 0|6, 37, N/A, 28.03, 0|
16:58:31 0, 57, N/A, 67.59, 91|1, 55, N/A, 91.33, 78|2, 59, N/A, 125.56, 76|3, 58, N/A, 119.03, 70|4, 57, N/A, 133.67, 36|5, 40, N/A, 26.56, 0|6, 37, N/A, 27.75, 0|
16:58:33 0, 57, N/A, 65.13, 75|1, 56, N/A, 85.49, 56|2, 59, N/A, 103.37, 55|3, 58, N/A, 72.18, 70|4, 57, N/A, 61.46, 34|5, 40, N/A, 26.84, 0|6, 37, N/A, 27.77, 0|
16:58:35 0, 58, N/A, 82.74, 91|1, 56, N/A, 86.21, 76|2, 59, N/A, 96.25, 61|3, 58, N/A, 69.52, 70|4, 57, N/A, 98.29, 49|5, 40, N/A, 26.58, 0|6, 37, N/A, 27.77, 0|
16:58:37 0, 57, N/A, 74.43, 92|1, 55, N/A, 108.02, 78|2, 59, N/A, 112.38, 59|3, 58, N/A, 77.09, 70|4, 57, N/A, 78.07, 48|5, 40, N/A, 26.58, 0|6, 37, N/A, 28.02, 0|
16:58:39 0, 58, N/A, 95.25, 92|1, 56, N/A, 84.02, 75|2, 59, N/A, 75.95, 76|3, 58, N/A, 81.65, 71|4, 57, N/A, 101.03, 48|5, 40, N/A, 26.82, 0|6, 37, N/A, 28.02, 0|
16:58:41 0, 58, N/A, 47.68, 79|1, 55, N/A, 172.60, 78|2, 59, N/A, 185.59, 78|3, 58, N/A, 122.78, 69|4, 57, N/A, 112.32, 34|5, 40, N/A, 26.82, 0|6, 36, N/A, 28.02, 0|
16:58:43 0, 57, N/A, 103.06, 75|1, 56, N/A, 90.65, 77|2, 59, N/A, 98.51, 75|3, 58, N/A, 79.54, 69|4, 57, N/A, 94.03, 48|5, 39, N/A, 26.58, 0|6, 37, N/A, 28.03, 0|
16:58:45 0, 58, N/A, 111.18, 90|1, 55, N/A, 59.97, 77|2, 59, N/A, 145.36, 75|3, 58, N/A, 110.53, 69|4, 57, N/A, 107.12, 49|5, 40, N/A, 26.58, 0|6, 36, N/A, 28.03, 0|
16:58:48 0, 58, N/A, 87.40, 90|1, 55, N/A, 104.34, 59|2, 59, N/A, 99.69, 76|3, 58, N/A, 75.37, 70|4, 57, N/A, 67.07, 49|5, 40, N/A, 26.58, 0|6, 36, N/A, 28.02, 0|
16:58:50 0, 58, N/A, 71.00, 92|1, 56, N/A, 68.82, 76|2, 59, N/A, 114.55, 61|3, 58, N/A, 100.05, 52|4, 57, N/A, 86.38, 48|5, 39, N/A, 26.58, 0|6, 37, N/A, 27.79, 0|
16:58:52 0, 58, N/A, 67.10, 91|1, 55, N/A, 109.74, 78|2, 59, N/A, 111.65, 74|3, 58, N/A, 80.47, 53|4, 56, N/A, 72.96, 49|5, 40, N/A, 26.82, 0|6, 37, N/A, 28.02, 0|
16:58:54 0, 58, N/A, 109.39, 92|1, 56, N/A, 89.18, 78|2, 59, N/A, 95.32, 76|3, 58, N/A, 92.39, 71|4, 56, N/A, 92.96, 49|5, 40, N/A, 26.58, 0|6, 37, N/A, 28.03, 0|
16:58:56 0, 57, N/A, 67.07, 69|1, 55, N/A, 109.92, 60|2, 59, N/A, 111.16, 57|3, 58, N/A, 80.03, 69|4, 57, N/A, 76.60, 43|5, 40, N/A, 26.82, 0|6, 37, N/A, 28.02, 0|
16:58:58 0, 58, N/A, 90.11, 92|1, 55, N/A, 64.68, 78|2, 59, N/A, 138.32, 75|3, 58, N/A, 91.51, 71|4, 57, N/A, 91.58, 49|5, 40, N/A, 26.82, 0|6, 37, N/A, 28.02, 0|
16:59:00 0, 58, N/A, 65.39, 91|1, 55, N/A, 67.85, 59|2, 59, N/A, 123.17, 76|3, 58, N/A, 91.03, 68|4, 57, N/A, 90.80, 51|5, 40, N/A, 26.58, 0|6, 37, N/A, 28.03, 0|
16:59:02 0, 58, N/A, 96.50, 91|1, 56, N/A, 122.13, 59|2, 59, N/A, 113.67, 76|3, 58, N/A, 99.01, 67|4, 57, N/A, 92.27, 52|5, 40, N/A, 26.82, 0|6, 37, N/A, 28.02, 0|
16:59:04 0, 58, N/A, 72.50, 92|1, 55, N/A, 68.05, 77|2, 59, N/A, 119.19, 75|3, 58, N/A, 101.77, 52|4, 57, N/A, 87.36, 47|5, 40, N/A, 26.82, 0|6, 37, N/A, 27.77, 0|
16:59:06 0, 58, N/A, 120.40, 91|1, 56, N/A, 115.32, 78|2, 59, N/A, 114.86, 78|3, 58, N/A, 77.34, 61|4, 56, N/A, 75.87, 52|5, 40, N/A, 26.82, 0|6, 36, N/A, 28.02, 0|
16:59:08 0, 58, N/A, 84.51, 92|1, 56, N/A, 69.80, 78|2, 59, N/A, 82.10, 79|3, 58, N/A, 73.90, 53|4, 57, N/A, 99.07, 31|5, 40, N/A, 26.82, 0|6, 37, N/A, 28.03, 0|
16:59:11 0, 57, N/A, 61.20, 54|1, 55, N/A, 105.20, 73|2, 59, N/A, 108.40, 75|3, 58, N/A, 81.94, 53|4, 57, N/A, 73.90, 49|5, 40, N/A, 26.82, 0|6, 37, N/A, 28.02, 0|
16:59:13 0, 58, N/A, 76.20, 73|1, 55, N/A, 85.74, 58|2, 59, N/A, 96.79, 76|3, 58, N/A, 81.75, 70|4, 57, N/A, 66.86, 50|5, 40, N/A, 26.59, 0|6, 37, N/A, 28.03, 0|
16:59:15 0, 58, N/A, 68.33, 91|1, 55, N/A, 69.36, 71|2, 59, N/A, 91.84, 74|3, 58, N/A, 99.26, 71|4, 57, N/A, 106.98, 46|5, 40, N/A, 26.58, 0|6, 36, N/A, 28.03, 0|
16:59:17 0, 58, N/A, 145.26, 92|1, 56, N/A, 163.62, 58|2, 59, N/A, 59.47, 77|3, 58, N/A, 162.01, 70|4, 57, N/A, 172.30, 50|5, 40, N/A, 26.81, 0|6, 37, N/A, 28.02, 0|
16:59:19 0, 58, N/A, 60.72, 92|1, 56, N/A, 67.35, 78|2, 59, N/A, 114.09, 60|3, 58, N/A, 91.47, 52|4, 57, N/A, 93.99, 53|5, 40, N/A, 26.58, 0|6, 36, N/A, 28.03, 0|
16:59:21 0, 58, N/A, 71.03, 92|1, 55, N/A, 84.02, 78|2, 59, N/A, 121.47, 79|3, 58, N/A, 128.26, 51|4, 57, N/A, 51.83, 50|5, 40, N/A, 26.58, 0|6, 36, N/A, 28.02, 0|
16:59:23 0, 58, N/A, 133.40, 92|1, 56, N/A, 106.99, 78|2, 59, N/A, 140.21, 77|3, 59, N/A, 129.73, 55|4, 57, N/A, 88.14, 51|5, 40, N/A, 26.82, 0|6, 36, N/A, 28.02, 0|
16:59:25 0, 57, N/A, 72.22, 87|1, 55, N/A, 73.73, 73|2, 59, N/A, 75.43, 72|3, 58, N/A, 57.76, 71|4, 57, N/A, 72.92, 51|5, 40, N/A, 26.82, 0|6, 36, N/A, 28.02, 0|
16:59:27 0, 58, N/A, 63.45, 72|1, 55, N/A, 64.18, 79|2, 59, N/A, 157.54, 77|3, 58, N/A, 133.65, 71|4, 57, N/A, 144.85, 51|5, 40, N/A, 26.56, 0|6, 37, N/A, 28.00, 0|
16:59:29 0, 58, N/A, 137.24, 72|1, 55, N/A, 48.20, 77|2, 60, N/A, 125.01, 75|3, 59, N/A, 124.42, 71|4, 58, N/A, 119.86, 50|5, 39, N/A, 26.58, 0|6, 36, N/A, 28.02, 0|
16:59:31 0, 58, N/A, 77.87, 90|1, 55, N/A, 82.05, 78|2, 59, N/A, 105.09, 75|3, 58, N/A, 64.60, 70|4, 57, N/A, 80.24, 52|5, 39, N/A, 26.58, 0|6, 37, N/A, 27.77, 0|
16:59:34 0, 58, N/A, 104.28, 92|1, 56, N/A, 94.03, 77|2, 59, N/A, 101.16, 56|3, 58, N/A, 66.57, 69|4, 57, N/A, 68.01, 52|5, 40, N/A, 26.82, 0|6, 36, N/A, 28.02, 0|
16:59:36 0, 58, N/A, 124.08, 93|1, 56, N/A, 151.62, 79|2, 59, N/A, 184.24, 57|3, 58, N/A, 47.40, 70|4, 57, N/A, 167.66, 51|5, 40, N/A, 26.81, 0|6, 36, N/A, 28.00, 0|
16:59:38 0, 58, N/A, 168.83, 92|1, 56, N/A, 152.60, 76|2, 59, N/A, 143.65, 63|3, 58, N/A, 44.98, 71|4, 57, N/A, 101.47, 53|5, 40, N/A, 26.58, 0|6, 37, N/A, 28.02, 0|
16:59:40 0, 58, N/A, 86.18, 91|1, 56, N/A, 80.63, 77|2, 59, N/A, 94.04, 74|3, 58, N/A, 59.69, 71|4, 57, N/A, 70.46, 46|5, 40, N/A, 26.82, 0|6, 36, N/A, 28.02, 0|
16:59:42 0, 58, N/A, 67.59, 92|1, 56, N/A, 105.08, 79|2, 59, N/A, 86.72, 78|3, 58, N/A, 73.41, 71|4, 57, N/A, 60.68, 30|5, 40, N/A, 26.84, 0|6, 36, N/A, 28.02, 0|
16:59:44 0, 58, N/A, 62.46, 92|1, 56, N/A, 110.18, 79|2, 59, N/A, 106.81, 80|3, 58, N/A, 80.78, 72|4, 57, N/A, 72.72, 32|5, 40, N/A, 26.84, 0|6, 36, N/A, 28.03, 0|
16:59:46 0, 58, N/A, 63.90, 45|1, 55, N/A, 98.94, 52|2, 59, N/A, 132.37, 51|3, 58, N/A, 125.33, 55|4, 57, N/A, 136.37, 35|5, 39, N/A, 26.56, 0|6, 36, N/A, 28.00, 0|
16:59:48 0, 58, N/A, 94.53, 92|1, 55, N/A, 64.92, 77|2, 60, N/A, 101.11, 76|3, 59, N/A, 100.03, 70|4, 58, N/A, 116.73, 52|5, 40, N/A, 26.58, 0|6, 37, N/A, 28.03, 0|
16:59:50 0, 58, N/A, 109.38, 74|1, 55, N/A, 95.26, 57|2, 59, N/A, 100.87, 76|3, 58, N/A, 67.06, 71|4, 58, N/A, 78.04, 53|5, 39, N/A, 26.82, 0|6, 36, N/A, 28.03, 0|
16:59:52 0, 58, N/A, 74.19, 92|1, 55, N/A, 89.37, 76|2, 59, N/A, 96.25, 74|3, 58, N/A, 77.29, 71|4, 58, N/A, 66.82, 53|5, 39, N/A, 26.82, 0|6, 37, N/A, 28.02, 0|
16:59:54 0, 58, N/A, 79.61, 92|1, 55, N/A, 69.36, 77|2, 59, N/A, 103.61, 55|3, 58, N/A, 58.99, 72|4, 57, N/A, 118.38, 53|5, 40, N/A, 26.58, 0|6, 36, N/A, 28.02, 0|
16:59:56 0, 58, N/A, 68.09, 91|1, 56, N/A, 96.24, 80|2, 59, N/A, 134.33, 57|3, 58, N/A, 54.31, 70|4, 57, N/A, 139.06, 51|5, 39, N/A, 26.82, 0|6, 36, N/A, 28.02, 0|
16:59:59 0, 58, N/A, 66.11, 92|1, 56, N/A, 97.96, 78|2, 59, N/A, 138.00, 60|3, 58, N/A, 52.81, 72|4, 57, N/A, 138.81, 54|5, 40, N/A, 26.82, 0|6, 36, N/A, 28.02, 0|
17:00:01 0, 58, N/A, 106.56, 92|1, 56, N/A, 122.36, 78|2, 60, N/A, 152.70, 79|3, 59, N/A, 107.16, 71|4, 57, N/A, 77.58, 49|5, 39, N/A, 26.84, 0|6, 37, N/A, 28.03, 0|
17:00:03 0, 58, N/A, 92.86, 92|1, 56, N/A, 100.42, 79|2, 60, N/A, 88.19, 80|3, 58, N/A, 71.93, 53|4, 57, N/A, 68.54, 30|5, 40, N/A, 26.58, 0|6, 37, N/A, 28.02, 0|
17:00:05 0, 58, N/A, 85.00, 93|1, 56, N/A, 94.97, 79|2, 60, N/A, 104.11, 78|3, 58, N/A, 86.32, 72|4, 57, N/A, 71.49, 52|5, 40, N/A, 26.82, 0|6, 37, N/A, 28.02, 0|
17:00:07 0, 57, N/A, 43.56, 71|1, 56, N/A, 47.99, 78|2, 59, N/A, 55.83, 59|3, 58, N/A, 59.94, 73|4, 57, N/A, 86.96, 47|5, 40, N/A, 26.84, 0|6, 36, N/A, 28.03, 0|
17:00:09 0, 58, N/A, 65.87, 92|1, 56, N/A, 96.49, 78|2, 60, N/A, 126.29, 77|3, 58, N/A, 88.77, 73|4, 58, N/A, 82.21, 52|5, 39, N/A, 26.82, 0|6, 37, N/A, 28.02, 0|
17:00:11 0, 58, N/A, 85.45, 70|1, 56, N/A, 65.39, 78|2, 60, N/A, 102.58, 78|3, 58, N/A, 109.06, 72|4, 58, N/A, 98.64, 54|5, 39, N/A, 26.58, 0|6, 37, N/A, 28.02, 0|
17:00:13 0, 57, N/A, 90.60, 64|1, 56, N/A, 77.91, 72|2, 59, N/A, 94.82, 68|3, 58, N/A, 64.11, 72|4, 58, N/A, 61.63, 44|5, 40, N/A, 26.82, 0|6, 37, N/A, 28.02, 0|
17:00:15 0, 58, N/A, 57.05, 92|1, 56, N/A, 106.00, 71|2, 60, N/A, 97.72, 77|3, 58, N/A, 63.38, 71|4, 58, N/A, 71.45, 52|5, 40, N/A, 26.82, 0|6, 36, N/A, 28.00, 0|
17:00:17 0, 58, N/A, 66.61, 89|1, 56, N/A, 69.07, 55|2, 60, N/A, 86.97, 77|3, 58, N/A, 95.63, 68|4, 57, N/A, 110.07, 54|5, 40, N/A, 26.82, 0|6, 37, N/A, 27.77, 0|
17:00:19 0, 58, N/A, 81.56, 92|1, 56, N/A, 70.55, 78|2, 59, N/A, 99.44, 77|3, 58, N/A, 77.33, 71|4, 58, N/A, 87.65, 54|5, 39, N/A, 26.82, 0|6, 37, N/A, 28.03, 0|
17:00:22 0, 58, N/A, 89.12, 92|1, 56, N/A, 121.14, 79|2, 59, N/A, 168.70, 55|3, 58, N/A, 50.11, 72|4, 58, N/A, 159.21, 54|5, 39, N/A, 26.82, 0|6, 37, N/A, 28.02, 0|
17:00:24 0, 58, N/A, 80.53, 92|1, 56, N/A, 105.08, 65|2, 59, N/A, 112.94, 68|3, 58, N/A, 74.63, 72|4, 58, N/A, 76.16, 55|5, 40, N/A, 26.82, 0|6, 36, N/A, 28.02, 0|
17:00:26 0, 58, N/A, 69.31, 92|1, 56, N/A, 82.34, 80|2, 59, N/A, 101.41, 56|3, 58, N/A, 61.41, 68|4, 58, N/A, 65.63, 54|5, 40, N/A, 26.82, 0|6, 36, N/A, 28.02, 0|
17:00:28 0, 58, N/A, 72.50, 91|1, 56, N/A, 84.51, 76|2, 59, N/A, 124.28, 78|3, 58, N/A, 117.56, 49|4, 58, N/A, 55.02, 38|5, 39, N/A, 26.81, 0|6, 36, N/A, 28.02, 0|
17:00:30 0, 58, N/A, 67.31, 92|1, 56, N/A, 109.01, 79|2, 59, N/A, 113.91, 78|3, 58, N/A, 81.25, 55|4, 58, N/A, 67.81, 53|5, 40, N/A, 26.82, 0|6, 36, N/A, 28.02, 0|
17:00:32 0, 58, N/A, 82.24, 93|1, 56, N/A, 108.27, 78|2, 59, N/A, 104.54, 55|3, 58, N/A, 70.70, 49|4, 58, N/A, 70.76, 54|5, 39, N/A, 26.58, 0|6, 37, N/A, 28.02, 0|
17:00:34 0, 58, N/A, 81.26, 92|1, 56, N/A, 107.47, 79|2, 60, N/A, 102.64, 79|3, 58, N/A, 76.60, 69|4, 57, N/A, 67.76, 30|5, 39, N/A, 26.82, 0|6, 37, N/A, 28.02, 0|
17:00:36 0, 58, N/A, 71.03, 82|1, 57, N/A, 86.67, 80|2, 60, N/A, 130.04, 80|3, 59, N/A, 76.83, 71|4, 58, N/A, 85.64, 54|5, 39, N/A, 26.84, 0|6, 37, N/A, 28.02, 0|
17:00:38 0, 58, N/A, 106.99, 28|1, 56, N/A, 99.68, 20|2, 60, N/A, 103.91, 20|3, 58, N/A, 70.74, 47|4, 58, N/A, 65.63, 15|5, 40, N/A, 26.84, 0|6, 37, N/A, 28.03, 0|
17:00:40 0, 58, N/A, 101.19, 65|1, 56, N/A, 102.99, 63|2, 60, N/A, 121.20, 63|3, 59, N/A, 97.36, 62|4, 58, N/A, 102.81, 57|5, 40, N/A, 26.82, 0|6, 36, N/A, 28.02, 0|
17:00:42 0, 58, N/A, 106.30, 65|1, 56, N/A, 107.54, 63|2, 60, N/A, 120.98, 62|3, 59, N/A, 101.87, 62|4, 58, N/A, 103.99, 57|5, 40, N/A, 26.84, 0|6, 36, N/A, 28.02, 0|
17:00:44 0, 58, N/A, 93.78, 65|1, 56, N/A, 102.14, 62|2, 60, N/A, 118.67, 62|3, 59, N/A, 95.58, 62|4, 58, N/A, 103.93, 57|5, 40, N/A, 26.58, 0|6, 37, N/A, 28.02, 0|
17:00:47 0, 59, N/A, 100.57, 65|1, 57, N/A, 104.48, 63|2, 60, N/A, 122.32, 63|3, 59, N/A, 102.06, 62|4, 58, N/A, 105.45, 57|5, 40, N/A, 26.58, 0|6, 37, N/A, 28.03, 0|
17:00:49 0, 59, N/A, 103.36, 65|1, 57, N/A, 114.57, 63|2, 60, N/A, 120.00, 63|3, 59, N/A, 98.33, 62|4, 58, N/A, 103.80, 58|5, 40, N/A, 26.58, 0|6, 37, N/A, 28.02, 0|
17:00:51 0, 59, N/A, 99.26, 65|1, 57, N/A, 101.11, 63|2, 60, N/A, 120.02, 62|3, 59, N/A, 96.52, 62|4, 58, N/A, 103.07, 57|5, 40, N/A, 26.59, 0|6, 36, N/A, 27.79, 0|
17:00:53 0, 59, N/A, 96.85, 65|1, 57, N/A, 101.90, 63|2, 60, N/A, 121.55, 63|3, 59, N/A, 101.39, 62|4, 58, N/A, 104.99, 57|5, 40, N/A, 26.84, 0|6, 37, N/A, 27.81, 0|
17:00:55 0, 59, N/A, 92.62, 65|1, 57, N/A, 102.75, 63|2, 60, N/A, 113.94, 63|3, 59, N/A, 94.96, 62|4, 58, N/A, 96.50, 58|5, 40, N/A, 26.86, 0|6, 37, N/A, 28.05, 0|
17:00:57 0, 59, N/A, 95.29, 65|1, 57, N/A, 101.43, 63|2, 60, N/A, 117.67, 63|3, 59, N/A, 95.45, 62|4, 58, N/A, 102.14, 58|5, 39, N/A, 26.61, 0|6, 37, N/A, 27.81, 0|
17:00:59 0, 59, N/A, 97.88, 65|1, 57, N/A, 98.71, 63|2, 60, N/A, 115.16, 63|3, 59, N/A, 94.43, 62|4, 58, N/A, 100.86, 58|5, 39, N/A, 26.59, 0|6, 37, N/A, 28.03, 0|
17:01:01 0, 59, N/A, 100.72, 63|1, 57, N/A, 110.11, 61|2, 60, N/A, 123.19, 60|3, 59, N/A, 102.32, 61|4, 59, N/A, 103.62, 55|5, 40, N/A, 26.84, 0|6, 36, N/A, 28.03, 0|
17:01:03 0, 59, N/A, 93.41, 65|1, 57, N/A, 99.44, 63|2, 60, N/A, 115.95, 62|3, 59, N/A, 98.56, 62|4, 59, N/A, 99.93, 57|5, 40, N/A, 26.61, 0|6, 37, N/A, 28.05, 0|
17:01:05 0, 59, N/A, 95.14, 65|1, 57, N/A, 101.23, 63|2, 60, N/A, 118.13, 63|3, 59, N/A, 93.54, 62|4, 59, N/A, 99.95, 58|5, 39, N/A, 26.84, 0|6, 37, N/A, 28.05, 0|
17:01:07 0, 59, N/A, 100.05, 65|1, 57, N/A, 108.70, 63|2, 60, N/A, 123.16, 63|3, 59, N/A, 102.68, 62|4, 59, N/A, 103.19, 57|5, 40, N/A, 26.59, 0|6, 36, N/A, 28.05, 0|
17:01:09 0, 59, N/A, 93.41, 65|1, 57, N/A, 104.23, 63|2, 61, N/A, 118.48, 63|3, 59, N/A, 98.70, 62|4, 59, N/A, 103.37, 58|5, 40, N/A, 26.61, 0|6, 37, N/A, 28.05, 0|
17:01:12 0, 59, N/A, 97.24, 65|1, 57, N/A, 100.74, 63|2, 61, N/A, 117.44, 63|3, 59, N/A, 97.76, 62|4, 59, N/A, 100.43, 58|5, 39, N/A, 26.86, 0|6, 37, N/A, 28.05, 0|
17:01:14 0, 59, N/A, 99.71, 65|1, 57, N/A, 106.91, 63|2, 60, N/A, 123.10, 63|3, 59, N/A, 101.09, 62|4, 59, N/A, 106.56, 57|5, 40, N/A, 26.84, 0|6, 36, N/A, 28.05, 0|
17:01:16 0, 59, N/A, 92.82, 65|1, 57, N/A, 100.67, 63|2, 61, N/A, 116.58, 63|3, 59, N/A, 97.36, 62|4, 59, N/A, 102.83, 58|5, 39, N/A, 26.84, 0|6, 37, N/A, 28.03, 0|
17:01:18 0, 59, N/A, 94.79, 65|1, 57, N/A, 103.19, 63|2, 61, N/A, 116.36, 62|3, 59, N/A, 97.66, 62|4, 59, N/A, 102.90, 57|5, 39, N/A, 26.61, 0|6, 36, N/A, 28.05, 0|
17:01:20 0, 59, N/A, 98.78, 65|1, 57, N/A, 103.82, 63|2, 61, N/A, 122.25, 62|3, 59, N/A, 107.35, 62|4, 59, N/A, 100.83, 57|5, 39, N/A, 26.85, 0|6, 37, N/A, 27.81, 0|
17:01:22 0, 59, N/A, 91.84, 65|1, 57, N/A, 102.21, 63|2, 61, N/A, 114.68, 63|3, 59, N/A, 95.50, 62|4, 59, N/A, 100.87, 57|5, 40, N/A, 26.61, 0|6, 37, N/A, 28.05, 0|
17:01:24 0, 59, N/A, 95.87, 65|1, 57, N/A, 102.45, 63|2, 61, N/A, 115.41, 63|3, 59, N/A, 94.95, 63|4, 59, N/A, 99.35, 58|5, 40, N/A, 26.61, 0|6, 37, N/A, 28.05, 0|
17:01:26 0, 59, N/A, 106.57, 65|1, 57, N/A, 108.41, 63|2, 61, N/A, 121.87, 63|3, 60, N/A, 102.93, 62|4, 59, N/A, 104.06, 57|5, 39, N/A, 26.86, 0|6, 37, N/A, 28.05, 0|
17:01:28 0, 59, N/A, 99.27, 65|1, 57, N/A, 103.68, 63|2, 61, N/A, 124.58, 63|3, 59, N/A, 103.42, 62|4, 59, N/A, 104.90, 58|5, 40, N/A, 26.61, 0|6, 36, N/A, 27.81, 0|
17:01:30 0, 59, N/A, 101.97, 65|1, 57, N/A, 104.86, 62|2, 61, N/A, 118.57, 62|3, 60, N/A, 104.16, 62|4, 59, N/A, 107.27, 57|5, 39, N/A, 26.61, 0|6, 36, N/A, 28.05, 0|
17:01:32 0, 59, N/A, 101.73, 65|1, 57, N/A, 106.13, 63|2, 61, N/A, 123.03, 63|3, 60, N/A, 100.57, 63|4, 59, N/A, 105.83, 58|5, 40, N/A, 26.85, 0|6, 36, N/A, 28.05, 0|
17:01:34 0, 58, N/A, 43.10, 0|1, 56, N/A, 47.31, 0|2, 60, N/A, 55.16, 0|3, 58, N/A, 43.59, 0|4, 58, N/A, 45.31, 4|5, 40, N/A, 26.63, 0|6, 36, N/A, 27.83, 0|
17:01:37 0, 59, N/A, 134.23, 92|1, 57, N/A, 154.75, 78|2, 60, N/A, 185.86, 55|3, 59, N/A, 47.95, 72|4, 59, N/A, 168.86, 54|5, 40, N/A, 26.59, 0|6, 37, N/A, 27.79, 0|
17:01:39 0, 59, N/A, 95.82, 92|1, 57, N/A, 75.27, 78|2, 60, N/A, 83.63, 57|3, 59, N/A, 63.63, 73|4, 59, N/A, 99.65, 46|5, 40, N/A, 26.85, 0|6, 36, N/A, 27.81, 0|
17:01:41 0, 59, N/A, 96.12, 92|1, 57, N/A, 80.42, 81|2, 60, N/A, 85.81, 77|3, 59, N/A, 83.97, 47|4, 58, N/A, 61.46, 51|5, 39, N/A, 26.84, 0|6, 36, N/A, 28.03, 0|
17:01:43 0, 59, N/A, 67.68, 92|1, 57, N/A, 80.19, 76|2, 60, N/A, 116.96, 79|3, 59, N/A, 82.83, 48|4, 59, N/A, 65.92, 48|5, 39, N/A, 26.86, 0|6, 36, N/A, 28.05, 0|
17:01:45 0, 59, N/A, 93.41, 92|1, 57, N/A, 80.93, 78|2, 61, N/A, 81.17, 78|3, 59, N/A, 81.81, 70|4, 59, N/A, 99.75, 53|5, 39, N/A, 26.86, 0|6, 37, N/A, 27.81, 0|
17:01:47 0, 59, N/A, 71.09, 91|1, 57, N/A, 89.23, 76|2, 61, N/A, 114.00, 74|3, 59, N/A, 70.30, 71|4, 58, N/A, 75.68, 48|5, 40, N/A, 26.86, 0|6, 36, N/A, 27.79, 0|
17:01:49 0, 60, N/A, 83.63, 92|1, 57, N/A, 101.47, 80|2, 61, N/A, 100.98, 81|3, 60, N/A, 81.81, 47|4, 58, N/A, 73.51, 34|5, 39, N/A, 26.86, 0|6, 36, N/A, 28.05, 0|
17:01:51 0, 59, N/A, 172.70, 91|1, 57, N/A, 157.22, 79|2, 61, N/A, 152.81, 79|3, 60, N/A, 98.71, 61|4, 58, N/A, 54.57, 54|5, 40, N/A, 26.59, 0|6, 37, N/A, 28.05, 0|
17:01:53 0, 58, N/A, 46.76, 92|1, 58, N/A, 134.47, 77|2, 61, N/A, 124.75, 77|3, 60, N/A, 87.95, 73|4, 59, N/A, 81.82, 34|5, 39, N/A, 26.61, 0|6, 37, N/A, 27.81, 0|
17:01:55 0, 59, N/A, 49.95, 91|1, 57, N/A, 169.53, 80|2, 60, N/A, 198.50, 80|3, 59, N/A, 167.35, 74|4, 59, N/A, 176.44, 30|5, 39, N/A, 26.84, 0|6, 36, N/A, 28.03, 0|
17:01:57 0, 59, N/A, 83.14, 93|1, 57, N/A, 70.63, 80|2, 60, N/A, 94.84, 80|3, 59, N/A, 93.55, 71|4, 59, N/A, 73.75, 29|5, 40, N/A, 26.86, 0|6, 36, N/A, 28.05, 0|
17:02:00 0, 58, N/A, 58.36, 41|1, 57, N/A, 73.79, 79|2, 60, N/A, 118.59, 78|3, 59, N/A, 93.78, 59|4, 58, N/A, 90.90, 43|5, 40, N/A, 26.86, 0|6, 36, N/A, 27.81, 0|
17:02:02 0, 59, N/A, 74.53, 88|1, 57, N/A, 83.59, 79|2, 61, N/A, 123.95, 78|3, 60, N/A, 86.43, 70|4, 59, N/A, 72.28, 53|5, 39, N/A, 26.61, 0|6, 36, N/A, 28.05, 0|
17:02:04 0, 58, N/A, 45.49, 77|1, 57, N/A, 182.24, 78|2, 61, N/A, 173.95, 80|3, 59, N/A, 119.86, 70|4, 59, N/A, 110.93, 30|5, 40, N/A, 26.59, 0|6, 37, N/A, 28.03, 0|
17:02:06 0, 59, N/A, 69.86, 40|1, 57, N/A, 66.20, 50|2, 60, N/A, 102.64, 50|3, 59, N/A, 104.04, 57|4, 58, N/A, 91.84, 40|5, 39, N/A, 26.85, 0|6, 36, N/A, 28.05, 0|
17:02:08 0, 59, N/A, 89.48, 85|1, 57, N/A, 101.22, 79|2, 61, N/A, 97.79, 80|3, 59, N/A, 71.77, 72|4, 59, N/A, 70.56, 53|5, 39, N/A, 26.86, 0|6, 37, N/A, 27.79, 0|
17:02:10 0, 58, N/A, 98.71, 78|1, 57, N/A, 94.83, 80|2, 61, N/A, 94.39, 79|3, 59, N/A, 65.63, 69|4, 59, N/A, 79.85, 52|5, 40, N/A, 26.59, 0|6, 36, N/A, 28.05, 0|
17:02:12 0, 58, N/A, 45.74, 47|1, 57, N/A, 180.68, 54|2, 61, N/A, 208.64, 50|3, 59, N/A, 172.16, 61|4, 59, N/A, 171.04, 43|5, 39, N/A, 26.84, 0|6, 36, N/A, 28.03, 0|
17:02:14 0, 59, N/A, 172.12, 66|1, 57, N/A, 48.44, 63|2, 61, N/A, 165.62, 80|3, 60, N/A, 120.10, 73|4, 60, N/A, 117.00, 48|5, 40, N/A, 26.58, 0|6, 36, N/A, 27.77, 0|
17:02:16 0, 58, N/A, 67.57, 91|1, 57, N/A, 66.37, 79|2, 61, N/A, 93.78, 80|3, 59, N/A, 109.06, 73|4, 59, N/A, 103.31, 55|5, 39, N/A, 26.82, 0|6, 37, N/A, 27.79, 0|
17:02:18 0, 58, N/A, 64.36, 62|1, 57, N/A, 116.00, 79|2, 61, N/A, 116.31, 79|3, 60, N/A, 78.81, 54|4, 59, N/A, 80.53, 57|5, 39, N/A, 26.82, 0|6, 36, N/A, 28.02, 0|
17:02:20 0, 59, N/A, 108.70, 67|1, 57, N/A, 86.96, 72|2, 61, N/A, 92.61, 74|3, 60, N/A, 74.34, 72|4, 59, N/A, 88.10, 53|5, 39, N/A, 26.82, 0|6, 36, N/A, 28.02, 0|
17:02:22 0, 58, N/A, 65.10, 66|1, 57, N/A, 60.71, 77|2, 60, N/A, 155.57, 74|3, 59, N/A, 132.19, 74|4, 59, N/A, 143.22, 55|5, 40, N/A, 26.81, 0|6, 37, N/A, 27.75, 0|
17:02:25 0, 58, N/A, 79.59, 58|1, 57, N/A, 83.28, 65|2, 61, N/A, 103.62, 69|3, 59, N/A, 68.25, 72|4, 59, N/A, 64.08, 36|5, 39, N/A, 26.82, 0|6, 36, N/A, 27.77, 0|
17:02:27 0, 59, N/A, 91.34, 91|1, 57, N/A, 73.49, 53|2, 61, N/A, 101.59, 78|3, 60, N/A, 93.67, 69|4, 59, N/A, 76.36, 57|5, 39, N/A, 26.58, 0|6, 37, N/A, 27.79, 0|
17:02:29 0, 58, N/A, 118.93, 66|1, 57, N/A, 55.05, 82|2, 61, N/A, 183.79, 79|3, 59, N/A, 151.84, 75|4, 59, N/A, 166.68, 57|5, 39, N/A, 26.81, 0|6, 37, N/A, 28.00, 0|
17:02:31 0, 58, N/A, 84.95, 67|1, 57, N/A, 81.07, 49|2, 61, N/A, 101.70, 49|3, 60, N/A, 66.08, 73|4, 59, N/A, 63.87, 56|5, 39, N/A, 26.82, 0|6, 36, N/A, 27.77, 0|
17:02:33 0, 59, N/A, 76.89, 66|1, 57, N/A, 88.93, 63|2, 61, N/A, 100.18, 79|3, 60, N/A, 82.45, 72|4, 59, N/A, 69.53, 46|5, 39, N/A, 26.84, 0|6, 37, N/A, 27.77, 0|
17:02:35 0, 58, N/A, 157.43, 65|1, 57, N/A, 50.65, 79|2, 61, N/A, 204.94, 78|3, 60, N/A, 168.12, 73|4, 59, N/A, 178.41, 49|5, 39, N/A, 26.81, 0|6, 37, N/A, 28.00, 0|
17:02:37 0, 58, N/A, 94.03, 60|1, 57, N/A, 78.86, 74|2, 61, N/A, 93.06, 79|3, 59, N/A, 65.59, 44|4, 59, N/A, 76.59, 50|5, 39, N/A, 26.82, 0|6, 36, N/A, 28.02, 0|
17:02:39 0, 59, N/A, 84.26, 92|1, 57, N/A, 71.00, 81|2, 61, N/A, 109.69, 79|3, 60, N/A, 88.08, 73|4, 59, N/A, 74.43, 58|5, 39, N/A, 26.84, 0|6, 36, N/A, 28.03, 0|
17:02:41 0, 59, N/A, 62.89, 66|1, 57, N/A, 63.66, 81|2, 61, N/A, 152.15, 79|3, 59, N/A, 129.25, 74|4, 59, N/A, 140.94, 54|5, 39, N/A, 26.81, 0|6, 36, N/A, 28.00, 0|
17:02:43 0, 58, N/A, 60.46, 63|1, 57, N/A, 98.82, 48|2, 61, N/A, 123.31, 50|3, 60, N/A, 84.40, 68|4, 59, N/A, 85.93, 58|5, 40, N/A, 26.82, 0|6, 36, N/A, 27.77, 0|
17:02:45 0, 59, N/A, 106.00, 66|1, 57, N/A, 70.79, 66|2, 61, N/A, 111.47, 77|3, 60, N/A, 83.66, 74|4, 59, N/A, 95.95, 48|5, 39, N/A, 26.82, 0|6, 36, N/A, 28.02, 0|
17:02:48 0, 59, N/A, 69.03, 65|1, 57, N/A, 97.71, 77|2, 61, N/A, 89.67, 76|3, 59, N/A, 75.38, 75|4, 59, N/A, 66.09, 58|5, 39, N/A, 26.82, 0|6, 37, N/A, 28.02, 0|
17:02:50 0, 58, N/A, 44.75, 46|1, 57, N/A, 104.59, 55|2, 61, N/A, 135.72, 58|3, 60, N/A, 128.03, 51|4, 60, N/A, 115.70, 30|5, 39, N/A, 26.82, 0|6, 37, N/A, 28.02, 0|
17:02:52 0, 59, N/A, 166.38, 79|1, 57, N/A, 49.39, 80|2, 61, N/A, 209.97, 80|3, 60, N/A, 172.04, 70|4, 60, N/A, 181.26, 55|5, 39, N/A, 26.81, 0|6, 37, N/A, 28.02, 0|
17:02:54 0, 59, N/A, 80.82, 85|1, 57, N/A, 83.03, 79|2, 61, N/A, 98.22, 81|3, 60, N/A, 67.76, 71|4, 59, N/A, 85.11, 55|5, 39, N/A, 26.82, 0|6, 36, N/A, 27.77, 0|
17:02:56 0, 58, N/A, 55.79, 60|1, 57, N/A, 149.90, 58|2, 60, N/A, 180.36, 55|3, 59, N/A, 154.52, 44|4, 59, N/A, 165.07, 47|5, 39, N/A, 26.81, 0|6, 36, N/A, 28.00, 0|
17:02:58 0, 59, N/A, 61.24, 66|1, 57, N/A, 78.40, 81|2, 61, N/A, 118.39, 80|3, 59, N/A, 96.17, 74|4, 59, N/A, 90.31, 55|5, 39, N/A, 26.84, 0|6, 36, N/A, 28.03, 0|
17:03:00 0, 58, N/A, 46.23, 71|1, 58, N/A, 137.49, 79|2, 62, N/A, 133.40, 80|3, 60, N/A, 96.62, 72|4, 59, N/A, 87.85, 27|5, 39, N/A, 26.58, 0|6, 36, N/A, 28.02, 0|
17:03:02 0, 58, N/A, 95.21, 61|1, 57, N/A, 99.18, 56|2, 61, N/A, 105.09, 52|3, 59, N/A, 69.27, 70|4, 59, N/A, 68.54, 46|5, 39, N/A, 26.82, 0|6, 37, N/A, 27.77, 0|
17:03:04 0, 59, N/A, 95.99, 65|1, 58, N/A, 89.37, 80|2, 61, N/A, 90.16, 76|3, 60, N/A, 79.99, 74|4, 59, N/A, 88.10, 29|5, 39, N/A, 26.82, 0|6, 36, N/A, 28.03, 0|
17:03:06 0, 59, N/A, 107.66, 93|1, 57, N/A, 92.86, 79|2, 61, N/A, 86.47, 81|3, 59, N/A, 65.34, 75|4, 59, N/A, 81.02, 29|5, 39, N/A, 26.82, 0|6, 36, N/A, 28.02, 0|
17:03:08 0, 58, N/A, 44.54, 57|1, 57, N/A, 48.97, 77|2, 61, N/A, 57.80, 76|3, 59, N/A, 44.98, 68|4, 59, N/A, 47.22, 33|5, 39, N/A, 26.82, 0|6, 36, N/A, 27.79, 0|
17:03:10 0, 59, N/A, 60.46, 93|1, 57, N/A, 134.64, 79|2, 61, N/A, 167.96, 77|3, 60, N/A, 146.54, 74|4, 59, N/A, 156.74, 28|5, 39, N/A, 26.56, 0|6, 36, N/A, 28.00, 0|
17:03:13 0, 60, N/A, 109.43, 93|1, 58, N/A, 134.37, 80|2, 62, N/A, 133.41, 81|3, 60, N/A, 87.10, 75|4, 59, N/A, 79.01, 56|5, 39, N/A, 26.58, 0|6, 36, N/A, 27.77, 0|
17:03:15 0, 59, N/A, 55.79, 93|1, 57, N/A, 155.78, 79|2, 61, N/A, 186.35, 76|3, 60, N/A, 157.46, 74|4, 59, N/A, 169.22, 29|5, 39, N/A, 26.56, 0|6, 36, N/A, 28.00, 0|
17:03:17 0, 60, N/A, 86.42, 93|1, 58, N/A, 113.18, 77|2, 61, N/A, 104.85, 76|3, 60, N/A, 78.32, 74|4, 59, N/A, 73.17, 54|5, 39, N/A, 26.82, 0|6, 36, N/A, 28.02, 0|
17:03:19 0, 59, N/A, 67.36, 93|1, 57, N/A, 90.40, 82|2, 61, N/A, 113.92, 81|3, 59, N/A, 76.60, 46|4, 59, N/A, 63.63, 58|5, 39, N/A, 26.59, 0|6, 36, N/A, 28.02, 0|
17:03:21 0, 60, N/A, 80.58, 92|1, 58, N/A, 73.24, 74|2, 61, N/A, 111.09, 75|3, 60, N/A, 112.24, 74|4, 59, N/A, 97.90, 42|5, 39, N/A, 26.82, 0|6, 36, N/A, 28.02, 0|
17:03:23 0, 59, N/A, 65.85, 93|1, 57, N/A, 96.48, 82|2, 61, N/A, 128.69, 78|3, 59, N/A, 87.85, 46|4, 59, N/A, 77.58, 57|5, 39, N/A, 26.82, 0|6, 36, N/A, 28.02, 0|
17:03:25 0, 59, N/A, 167.85, 93|1, 57, N/A, 180.80, 80|2, 61, N/A, 209.45, 49|3, 59, N/A, 45.19, 53|4, 60, N/A, 181.74, 56|5, 39, N/A, 26.56, 0|6, 37, N/A, 28.00, 0|
17:03:27 0, 59, N/A, 69.06, 93|1, 57, N/A, 78.86, 82|2, 61, N/A, 117.72, 78|3, 59, N/A, 81.95, 46|4, 59, N/A, 68.79, 54|5, 39, N/A, 26.59, 0|6, 36, N/A, 28.03, 0|
17:03:29 0, 59, N/A, 167.93, 93|1, 57, N/A, 180.80, 81|2, 61, N/A, 209.49, 49|3, 59, N/A, 45.44, 52|4, 60, N/A, 182.97, 60|5, 39, N/A, 26.56, 0|6, 36, N/A, 28.00, 0|
17:03:31 0, 60, N/A, 116.25, 92|1, 58, N/A, 100.17, 49|2, 61, N/A, 80.82, 80|3, 60, N/A, 90.72, 67|4, 60, N/A, 89.76, 56|5, 39, N/A, 26.58, 0|6, 36, N/A, 27.77, 0|
17:03:33 0, 59, N/A, 147.96, 93|1, 57, N/A, 165.01, 82|2, 61, N/A, 194.91, 49|3, 59, N/A, 47.15, 73|4, 59, N/A, 176.21, 57|5, 39, N/A, 26.56, 0|6, 36, N/A, 28.00, 0|
17:03:36 0, 60, N/A, 97.72, 92|1, 58, N/A, 124.76, 50|2, 61, N/A, 111.70, 78|3, 61, N/A, 103.97, 68|4, 60, N/A, 92.56, 56|5, 39, N/A, 26.82, 0|6, 36, N/A, 27.77, 0|
17:03:38 0, 59, N/A, 107.89, 63|1, 57, N/A, 96.97, 57|2, 61, N/A, 106.74, 80|3, 60, N/A, 69.23, 75|4, 60, N/A, 79.50, 49|5, 39, N/A, 26.82, 0|6, 36, N/A, 28.02, 0|
17:03:40 0, 60, N/A, 173.97, 92|1, 57, N/A, 185.45, 50|2, 61, N/A, 57.25, 80|3, 61, N/A, 156.99, 72|4, 60, N/A, 145.91, 57|5, 39, N/A, 26.82, 0|6, 36, N/A, 28.02, 0|
17:03:42 0, 60, N/A, 100.12, 62|1, 57, N/A, 68.83, 62|2, 62, N/A, 93.01, 80|3, 60, N/A, 101.46, 73|4, 60, N/A, 116.67, 48|5, 39, N/A, 26.82, 0|6, 36, N/A, 28.02, 0|
17:03:44 0, 59, N/A, 90.59, 63|1, 58, N/A, 76.93, 49|2, 61, N/A, 84.51, 55|3, 60, N/A, 83.13, 74|4, 59, N/A, 90.50, 60|5, 39, N/A, 26.82, 0|6, 36, N/A, 28.03, 0|
17:03:46 0, 60, N/A, 84.26, 62|1, 57, N/A, 81.07, 76|2, 62, N/A, 105.34, 74|3, 60, N/A, 64.85, 76|4, 60, N/A, 82.94, 50|5, 39, N/A, 26.82, 0|6, 36, N/A, 28.02, 0|
17:03:48 0, 59, N/A, 69.61, 63|1, 58, N/A, 92.81, 80|2, 61, N/A, 111.89, 81|3, 60, N/A, 78.32, 74|4, 59, N/A, 66.13, 60|5, 39, N/A, 26.59, 0|6, 36, N/A, 27.77, 0|
17:03:50 0, 59, N/A, 84.02, 63|1, 57, N/A, 71.53, 58|2, 61, N/A, 100.18, 55|3, 59, N/A, 80.49, 42|4, 59, N/A, 65.84, 47|5, 39, N/A, 26.84, 0|6, 36, N/A, 27.77, 0|
17:03:52 0, 59, N/A, 85.49, 88|1, 58, N/A, 98.02, 81|2, 62, N/A, 96.31, 81|3, 60, N/A, 90.29, 71|4, 60, N/A, 104.74, 56|5, 39, N/A, 26.84, 0|6, 37, N/A, 27.79, 0|
17:03:54 0, 60, N/A, 78.37, 93|1, 58, N/A, 120.74, 78|2, 61, N/A, 110.19, 79|3, 60, N/A, 84.95, 76|4, 59, N/A, 77.88, 43|5, 39, N/A, 26.59, 0|6, 37, N/A, 28.03, 0|
17:03:56 0, 59, N/A, 63.21, 93|1, 57, N/A, 125.39, 80|2, 61, N/A, 160.72, 81|3, 60, N/A, 141.26, 74|4, 59, N/A, 160.29, 33|5, 39, N/A, 26.58, 0|6, 36, N/A, 28.03, 0|
17:03:59 0, 60, N/A, 176.37, 94|1, 58, N/A, 170.84, 80|2, 62, N/A, 160.82, 78|3, 61, N/A, 101.64, 45|4, 59, N/A, 51.65, 57|5, 39, N/A, 26.84, 0|6, 36, N/A, 27.79, 0|
17:04:01 0, 60, N/A, 100.31, 92|1, 58, N/A, 126.69, 80|2, 62, N/A, 152.07, 51|3, 59, N/A, 78.37, 61|4, 60, N/A, 97.31, 57|5, 39, N/A, 26.61, 0|6, 36, N/A, 27.81, 0|
17:04:03 0, 59, N/A, 74.29, 93|1, 58, N/A, 76.54, 81|2, 61, N/A, 82.66, 79|3, 60, N/A, 85.70, 46|4, 59, N/A, 92.57, 57|5, 40, N/A, 26.61, 0|6, 36, N/A, 27.81, 0|
17:04:05 0, 59, N/A, 150.58, 94|1, 57, N/A, 166.91, 81|2, 61, N/A, 196.64, 48|3, 60, N/A, 46.72, 75|4, 60, N/A, 175.95, 49|5, 40, N/A, 26.84, 0|6, 37, N/A, 27.79, 0|
17:04:07 0, 59, N/A, 157.15, 93|1, 57, N/A, 173.31, 49|2, 61, N/A, 59.55, 78|3, 60, N/A, 167.85, 75|4, 60, N/A, 178.16, 60|5, 39, N/A, 26.84, 0|6, 36, N/A, 28.03, 0|
17:04:09 0, 60, N/A, 72.56, 93|1, 57, N/A, 72.36, 56|2, 61, N/A, 84.58, 74|3, 60, N/A, 106.99, 75|4, 60, N/A, 110.26, 57|5, 39, N/A, 26.61, 0|6, 36, N/A, 28.05, 0|
17:04:11 0, 59, N/A, 72.85, 90|1, 57, N/A, 84.12, 47|2, 62, N/A, 120.15, 80|3, 60, N/A, 71.29, 68|4, 60, N/A, 81.62, 58|5, 39, N/A, 26.87, 0|6, 36, N/A, 27.81, 0|
17:04:13 0, 59, N/A, 64.20, 61|1, 58, N/A, 66.69, 70|2, 62, N/A, 95.29, 72|3, 60, N/A, 110.42, 75|4, 59, N/A, 96.99, 55|5, 39, N/A, 26.61, 0|6, 36, N/A, 27.81, 0|
17:04:15 0, 60, N/A, 82.10, 61|1, 57, N/A, 88.78, 61|2, 62, N/A, 119.35, 78|3, 61, N/A, 73.25, 76|4, 60, N/A, 83.54, 50|5, 39, N/A, 26.86, 0|6, 36, N/A, 28.03, 0|
17:04:17 0, 59, N/A, 83.09, 64|1, 58, N/A, 97.88, 80|2, 62, N/A, 98.34, 83|3, 60, N/A, 63.21, 74|4, 60, N/A, 81.08, 27|5, 39, N/A, 26.59, 0|6, 36, N/A, 28.05, 0|
17:04:19 0, 59, N/A, 72.81, 62|1, 57, N/A, 73.09, 72|2, 61, N/A, 78.96, 69|3, 60, N/A, 73.70, 75|4, 59, N/A, 96.69, 55|5, 39, N/A, 26.61, 0|6, 36, N/A, 28.05, 0|
17:04:21 0, 59, N/A, 93.90, 93|1, 57, N/A, 76.50, 81|2, 61, N/A, 83.59, 83|3, 60, N/A, 91.78, 75|4, 59, N/A, 105.78, 29|5, 39, N/A, 26.59, 0|6, 36, N/A, 27.79, 0|
17:04:24 0, 59, N/A, 86.32, 93|1, 58, N/A, 70.88, 83|2, 61, N/A, 101.73, 81|3, 60, N/A, 101.60, 41|4, 59, N/A, 58.53, 59|5, 39, N/A, 26.59, 0|6, 37, N/A, 27.79, 0|
17:04:26 0, 60, N/A, 122.77, 93|1, 58, N/A, 101.77, 82|2, 62, N/A, 103.51, 78|3, 60, N/A, 92.08, 72|4, 59, N/A, 100.87, 56|5, 39, N/A, 26.86, 0|6, 36, N/A, 28.05, 0|
17:04:28 0, 60, N/A, 90.48, 93|1, 58, N/A, 78.75, 81|2, 62, N/A, 108.85, 81|3, 60, N/A, 105.70, 74|4, 60, N/A, 91.35, 57|5, 39, N/A, 26.86, 0|6, 36, N/A, 27.81, 0|
17:04:30 0, 60, N/A, 94.41, 93|1, 58, N/A, 69.89, 48|2, 61, N/A, 103.63, 79|3, 61, N/A, 114.59, 75|4, 60, N/A, 100.19, 61|5, 40, N/A, 26.61, 0|6, 36, N/A, 28.05, 0|
17:04:32 0, 59, N/A, 85.26, 93|1, 58, N/A, 68.17, 81|2, 61, N/A, 108.59, 48|3, 60, N/A, 57.03, 76|4, 60, N/A, 122.39, 61|5, 39, N/A, 26.59, 0|6, 36, N/A, 28.03, 0|
17:04:34 0, 60, N/A, 89.43, 93|1, 57, N/A, 80.91, 48|2, 62, N/A, 86.53, 80|3, 60, N/A, 82.74, 76|4, 60, N/A, 100.56, 60|5, 39, N/A, 26.58, 0|6, 37, N/A, 28.02, 0|
17:04:36 0, 59, N/A, 66.86, 61|1, 58, N/A, 111.17, 80|2, 61, N/A, 99.02, 81|3, 60, N/A, 68.33, 76|4, 59, N/A, 64.90, 58|5, 39, N/A, 26.59, 0|6, 36, N/A, 28.03, 0|
17:04:38 0, 60, N/A, 110.07, 91|1, 57, N/A, 79.19, 80|2, 62, N/A, 158.21, 82|3, 61, N/A, 103.80, 72|4, 60, N/A, 104.61, 58|5, 39, N/A, 26.85, 0|6, 36, N/A, 27.81, 0|
17:04:40 0, 59, N/A, 45.03, 93|1, 58, N/A, 105.15, 79|2, 62, N/A, 141.28, 77|3, 61, N/A, 130.63, 75|4, 60, N/A, 115.58, 44|5, 39, N/A, 26.84, 0|6, 37, N/A, 28.05, 0|
17:04:42 0, 59, N/A, 44.33, 45|1, 58, N/A, 49.01, 78|2, 61, N/A, 57.84, 78|3, 60, N/A, 45.28, 63|4, 59, N/A, 47.26, 38|5, 39, N/A, 26.86, 0|6, 36, N/A, 28.05, 0|
17:04:44 0, 60, N/A, 71.87, 93|1, 58, N/A, 105.15, 81|2, 62, N/A, 126.45, 83|3, 60, N/A, 82.75, 74|4, 59, N/A, 86.98, 25|5, 39, N/A, 26.86, 0|6, 37, N/A, 27.81, 0|
17:04:47 0, 60, N/A, 77.98, 94|1, 58, N/A, 93.61, 75|2, 62, N/A, 118.61, 79|3, 60, N/A, 72.02, 43|4, 60, N/A, 80.39, 49|5, 40, N/A, 26.61, 0|6, 36, N/A, 27.81, 0|
17:04:49 0, 59, N/A, 66.91, 94|1, 58, N/A, 82.11, 81|2, 62, N/A, 132.27, 75|3, 60, N/A, 92.81, 42|4, 60, N/A, 83.54, 57|5, 39, N/A, 26.86, 0|6, 37, N/A, 27.81, 0|
17:04:51 0, 60, N/A, 103.61, 93|1, 58, N/A, 93.91, 82|2, 61, N/A, 99.08, 47|3, 60, N/A, 66.65, 75|4, 60, N/A, 73.75, 60|5, 39, N/A, 26.86, 0|6, 36, N/A, 28.05, 0|
17:04:53 0, 59, N/A, 74.04, 93|1, 57, N/A, 75.06, 47|2, 62, N/A, 105.06, 82|3, 60, N/A, 99.08, 76|4, 60, N/A, 87.22, 60|5, 39, N/A, 26.61, 0|6, 36, N/A, 28.05, 0|
17:04:55 0, 60, N/A, 176.89, 93|1, 58, N/A, 187.65, 47|2, 62, N/A, 57.58, 82|3, 61, N/A, 131.69, 71|4, 61, N/A, 123.88, 61|5, 39, N/A, 26.86, 0|6, 36, N/A, 28.05, 0|
17:04:57 0, 59, N/A, 152.22, 59|1, 58, N/A, 51.67, 71|2, 62, N/A, 203.62, 75|3, 60, N/A, 167.10, 77|4, 60, N/A, 176.60, 54|5, 39, N/A, 26.58, 0|6, 36, N/A, 28.02, 0|
17:04:59 0, 59, N/A, 84.07, 56|1, 58, N/A, 73.55, 50|2, 61, N/A, 109.27, 48|3, 60, N/A, 110.60, 47|4, 59, N/A, 122.32, 49|5, 39, N/A, 26.59, 0|6, 36, N/A, 28.03, 0|
17:05:01 0, 59, N/A, 44.76, 93|1, 59, N/A, 158.18, 81|2, 63, N/A, 152.09, 80|3, 61, N/A, 101.15, 77|4, 60, N/A, 100.31, 51|5, 39, N/A, 26.59, 0|6, 36, N/A, 28.03, 0|
17:05:03 0, 60, N/A, 170.49, 94|1, 58, N/A, 183.14, 83|2, 62, N/A, 212.54, 82|3, 61, N/A, 173.87, 71|4, 59, N/A, 47.22, 60|5, 39, N/A, 26.59, 0|6, 36, N/A, 28.03, 0|
17:05:05 0, 61, N/A, 106.62, 91|1, 58, N/A, 83.88, 83|2, 62, N/A, 117.13, 84|3, 61, N/A, 99.63, 64|4, 59, N/A, 89.43, 25|5, 39, N/A, 26.86, 0|6, 36, N/A, 28.05, 0|
17:05:07 0, 61, N/A, 97.79, 94|1, 58, N/A, 127.80, 79|2, 63, N/A, 142.02, 57|3, 60, N/A, 78.12, 41|4, 61, N/A, 95.32, 62|5, 39, N/A, 26.61, 0|6, 36, N/A, 28.05, 0|
17:05:09 0, 59, N/A, 171.50, 93|1, 58, N/A, 184.23, 79|2, 61, N/A, 58.32, 80|3, 61, N/A, 174.23, 75|4, 61, N/A, 183.21, 49|5, 39, N/A, 26.84, 0|6, 36, N/A, 28.03, 0|
17:05:12 0, 60, N/A, 107.42, 94|1, 58, N/A, 72.60, 71|2, 62, N/A, 97.80, 62|3, 61, N/A, 109.88, 77|4, 60, N/A, 97.73, 48|5, 39, N/A, 26.86, 0|6, 36, N/A, 28.05, 0|
17:05:14 0, 60, N/A, 177.03, 73|1, 58, N/A, 48.97, 48|2, 63, N/A, 128.68, 80|3, 61, N/A, 113.30, 72|4, 61, N/A, 135.31, 58|5, 40, N/A, 26.59, 0|6, 36, N/A, 28.03, 0|
17:05:16 0, 59, N/A, 47.24, 29|1, 58, N/A, 181.29, 44|2, 62, N/A, 210.21, 44|3, 61, N/A, 172.65, 66|4, 60, N/A, 183.70, 34|5, 39, N/A, 26.59, 0|6, 36, N/A, 28.03, 0|
17:05:18 0, 59, N/A, 70.64, 81|1, 59, N/A, 94.39, 83|2, 63, N/A, 134.26, 82|3, 61, N/A, 75.46, 70|4, 60, N/A, 82.56, 59|5, 39, N/A, 26.61, 0|6, 36, N/A, 28.05, 0|
17:05:20 0, 60, N/A, 176.13, 94|1, 58, N/A, 187.30, 81|2, 63, N/A, 216.09, 79|3, 61, N/A, 157.68, 76|4, 60, N/A, 47.01, 61|5, 40, N/A, 26.61, 0|6, 36, N/A, 27.81, 0|
17:05:22 0, 61, N/A, 104.67, 90|1, 59, N/A, 87.02, 83|2, 63, N/A, 116.89, 80|3, 61, N/A, 92.08, 66|4, 60, N/A, 81.57, 22|5, 39, N/A, 26.61, 0|6, 36, N/A, 27.81, 0|
17:05:24 0, 61, N/A, 178.60, 93|1, 59, N/A, 148.87, 79|2, 63, N/A, 130.89, 56|3, 60, N/A, 58.53, 40|4, 61, N/A, 136.79, 61|5, 39, N/A, 26.61, 0|6, 36, N/A, 28.05, 0|
17:05:26 0, 60, N/A, 142.26, 94|1, 58, N/A, 163.24, 72|2, 62, N/A, 61.97, 64|3, 61, N/A, 162.47, 76|4, 60, N/A, 172.28, 50|5, 39, N/A, 26.59, 0|6, 36, N/A, 28.03, 0|
17:05:28 0, 61, N/A, 129.56, 94|1, 59, N/A, 107.85, 59|2, 62, N/A, 85.79, 75|3, 61, N/A, 88.38, 75|4, 61, N/A, 89.38, 58|5, 39, N/A, 26.59, 0|6, 36, N/A, 28.05, 0|
17:05:30 0, 59, N/A, 166.25, 60|1, 58, N/A, 50.16, 60|2, 63, N/A, 211.33, 83|3, 61, N/A, 172.53, 76|4, 61, N/A, 181.86, 48|5, 39, N/A, 26.56, 0|6, 36, N/A, 28.02, 0|
17:05:32 0, 59, N/A, 94.33, 44|1, 58, N/A, 83.33, 50|2, 62, N/A, 84.07, 45|3, 60, N/A, 81.46, 65|4, 60, N/A, 89.08, 47|5, 39, N/A, 26.82, 0|6, 36, N/A, 28.02, 0|
17:05:35 0, 60, N/A, 45.96, 92|1, 59, N/A, 184.72, 82|2, 63, N/A, 213.40, 83|3, 61, N/A, 175.46, 75|4, 61, N/A, 184.68, 54|5, 39, N/A, 26.81, 0|6, 36, N/A, 28.00, 0|
17:05:37 0, 60, N/A, 104.04, 94|1, 58, N/A, 91.63, 82|2, 62, N/A, 92.14, 82|3, 60, N/A, 70.70, 45|4, 60, N/A, 61.91, 62|5, 39, N/A, 26.58, 0|6, 36, N/A, 28.02, 0|
17:05:39 0, 60, N/A, 89.86, 92|1, 58, N/A, 121.38, 81|2, 62, N/A, 159.15, 81|3, 60, N/A, 143.60, 42|4, 60, N/A, 52.56, 37|5, 39, N/A, 26.56, 0|6, 36, N/A, 28.00, 0|
17:05:41 0, 60, N/A, 73.45, 92|1, 58, N/A, 63.67, 83|2, 62, N/A, 136.60, 47|3, 61, N/A, 88.08, 69|4, 60, N/A, 82.25, 61|5, 39, N/A, 26.59, 0|6, 36, N/A, 27.77, 0|
17:05:43 0, 60, N/A, 86.91, 93|1, 58, N/A, 73.99, 80|2, 63, N/A, 103.32, 78|3, 61, N/A, 94.46, 76|4, 61, N/A, 77.63, 63|5, 39, N/A, 26.58, 0|6, 36, N/A, 28.03, 0|
17:05:45 0, 60, N/A, 78.12, 90|1, 58, N/A, 102.69, 44|2, 62, N/A, 100.97, 80|3, 61, N/A, 64.36, 68|4, 60, N/A, 70.02, 63|5, 39, N/A, 26.58, 0|6, 36, N/A, 27.77, 0|
17:05:47 0, 59, N/A, 68.57, 59|1, 59, N/A, 76.70, 82|2, 63, N/A, 119.00, 82|3, 61, N/A, 103.66, 77|4, 61, N/A, 97.85, 61|5, 39, N/A, 26.82, 0|6, 36, N/A, 28.02, 0|
17:05:49 0, 59, N/A, 47.00, 91|1, 59, N/A, 52.88, 82|2, 62, N/A, 61.24, 82|3, 61, N/A, 46.95, 74|4, 60, N/A, 48.45, 54|5, 39, N/A, 26.84, 0|6, 36, N/A, 27.79, 0|
17:05:51 0, 61, N/A, 119.19, 92|1, 59, N/A, 125.79, 83|2, 63, N/A, 127.29, 82|3, 61, N/A, 87.10, 73|4, 60, N/A, 67.52, 25|5, 39, N/A, 26.82, 0|6, 36, N/A, 27.77, 0|
17:05:53 0, 60, N/A, 148.69, 94|1, 58, N/A, 166.70, 82|2, 62, N/A, 197.60, 52|3, 61, N/A, 46.91, 78|4, 60, N/A, 178.17, 63|5, 39, N/A, 26.81, 0|6, 37, N/A, 28.00, 0|
17:05:55 0, 61, N/A, 177.39, 92|1, 59, N/A, 188.28, 82|2, 63, N/A, 216.92, 45|3, 60, N/A, 44.94, 60|4, 61, N/A, 172.90, 62|5, 39, N/A, 26.58, 0|6, 36, N/A, 27.77, 0|
17:05:58 0, 60, N/A, 76.15, 93|1, 58, N/A, 117.28, 45|2, 63, N/A, 115.82, 81|3, 61, N/A, 79.05, 78|4, 60, N/A, 77.58, 64|5, 39, N/A, 26.58, 0|6, 36, N/A, 28.02, 0|
17:06:00 0, 59, N/A, 104.77, 57|1, 59, N/A, 98.94, 51|2, 63, N/A, 102.10, 56|3, 61, N/A, 68.25, 78|4, 61, N/A, 83.93, 32|5, 39, N/A, 26.58, 0|6, 36, N/A, 28.03, 0|
17:06:02 0, 59, N/A, 114.28, 65|1, 58, N/A, 94.82, 84|2, 63, N/A, 91.34, 81|3, 61, N/A, 88.81, 74|4, 60, N/A, 97.23, 63|5, 39, N/A, 26.82, 0|6, 36, N/A, 28.02, 0|
17:06:04 0, 61, N/A, 112.38, 93|1, 59, N/A, 88.19, 83|2, 63, N/A, 107.23, 80|3, 61, N/A, 106.61, 76|4, 60, N/A, 91.04, 62|5, 39, N/A, 26.82, 0|6, 36, N/A, 28.02, 0|
17:06:06 0, 61, N/A, 91.08, 90|1, 59, N/A, 98.94, 84|2, 63, N/A, 88.44, 82|3, 61, N/A, 70.21, 56|4, 60, N/A, 87.35, 28|5, 39, N/A, 26.58, 0|6, 36, N/A, 27.77, 0|
17:06:08 0, 60, N/A, 175.19, 92|1, 59, N/A, 186.81, 82|2, 63, N/A, 215.46, 45|3, 60, N/A, 45.19, 62|4, 61, N/A, 186.14, 61|5, 39, N/A, 26.56, 0|6, 36, N/A, 27.77, 0|
17:06:10 0, 60, N/A, 77.14, 93|1, 58, N/A, 104.59, 44|2, 63, N/A, 102.88, 82|3, 61, N/A, 62.88, 77|4, 60, N/A, 66.82, 64|5, 39, N/A, 26.58, 0|6, 36, N/A, 27.77, 0|
17:06:12 0, 60, N/A, 83.24, 93|1, 58, N/A, 73.50, 46|2, 63, N/A, 81.31, 81|3, 61, N/A, 109.31, 73|4, 60, N/A, 126.65, 63|5, 39, N/A, 26.81, 0|6, 36, N/A, 28.00, 0|
17:06:14 0, 60, N/A, 98.45, 76|1, 59, N/A, 94.03, 82|2, 63, N/A, 93.80, 83|3, 61, N/A, 84.40, 71|4, 61, N/A, 88.57, 63|5, 39, N/A, 26.58, 0|6, 36, N/A, 27.77, 0|
17:06:16 0, 59, N/A, 45.77, 53|1, 58, N/A, 51.65, 78|2, 63, N/A, 60.75, 78|3, 61, N/A, 46.24, 73|4, 60, N/A, 47.96, 32|5, 39, N/A, 26.84, 0|6, 36, N/A, 28.03, 0|
17:06:18 0, 61, N/A, 178.37, 93|1, 59, N/A, 169.17, 80|2, 63, N/A, 146.09, 82|3, 62, N/A, 100.79, 42|4, 60, N/A, 68.00, 37|5, 39, N/A, 26.58, 0|6, 36, N/A, 28.02, 0|
17:06:20 0, 60, N/A, 73.49, 94|1, 58, N/A, 72.47, 85|2, 62, N/A, 130.22, 46|3, 61, N/A, 83.42, 78|4, 61, N/A, 86.18, 62|5, 39, N/A, 26.82, 0|6, 37, N/A, 27.77, 0|
17:06:23 0, 60, N/A, 72.22, 94|1, 58, N/A, 106.73, 79|2, 62, N/A, 149.45, 55|3, 61, N/A, 54.04, 77|4, 61, N/A, 146.32, 63|5, 39, N/A, 26.58, 0|6, 36, N/A, 27.77, 0|
17:06:25 0, 60, N/A, 85.94, 55|1, 58, N/A, 64.43, 68|2, 63, N/A, 138.97, 75|3, 61, N/A, 90.98, 78|4, 61, N/A, 83.68, 51|5, 39, N/A, 26.58, 0|6, 36, N/A, 28.02, 0|
17:06:27 0, 59, N/A, 46.44, 51|1, 58, N/A, 181.05, 62|2, 63, N/A, 193.45, 64|3, 61, N/A, 173.51, 38|4, 61, N/A, 182.72, 35|5, 39, N/A, 26.81, 0|6, 36, N/A, 28.00, 0|
17:06:29 0, 60, N/A, 45.71, 94|1, 59, N/A, 185.96, 82|2, 63, N/A, 202.25, 83|3, 61, N/A, 175.95, 73|4, 61, N/A, 185.29, 25|5, 39, N/A, 26.82, 0|6, 36, N/A, 28.02, 0|
17:06:31 0, 60, N/A, 64.93, 94|1, 59, N/A, 71.53, 84|2, 62, N/A, 119.75, 82|3, 61, N/A, 94.91, 39|4, 61, N/A, 96.20, 64|5, 40, N/A, 26.84, 0|6, 36, N/A, 28.03, 0|
17:06:33 0, 60, N/A, 50.91, 92|1, 58, N/A, 94.96, 82|2, 62, N/A, 113.61, 81|3, 60, N/A, 81.99, 44|4, 60, N/A, 82.99, 63|5, 39, N/A, 26.84, 0|6, 36, N/A, 28.02, 0|
17:06:35 0, 61, N/A, 111.40, 92|1, 59, N/A, 112.38, 84|2, 62, N/A, 104.04, 81|3, 62, N/A, 113.54, 68|4, 62, N/A, 102.76, 58|5, 39, N/A, 26.82, 0|6, 36, N/A, 28.02, 0|
17:06:37 0, 60, N/A, 62.44, 61|1, 59, N/A, 66.13, 83|2, 62, N/A, 107.05, 83|3, 61, N/A, 109.11, 60|4, 60, N/A, 99.39, 61|5, 39, N/A, 26.58, 0|6, 36, N/A, 27.79, 0|
17:06:39 0, 60, N/A, 92.02, 54|1, 59, N/A, 89.91, 80|2, 62, N/A, 81.56, 78|3, 61, N/A, 80.77, 80|4, 60, N/A, 75.09, 64|5, 39, N/A, 26.82, 0|6, 36, N/A, 28.02, 0|
17:06:41 0, 61, N/A, 101.15, 94|1, 60, N/A, 84.26, 77|2, 63, N/A, 108.71, 76|3, 62, N/A, 103.24, 78|4, 60, N/A, 87.85, 51|5, 39, N/A, 26.58, 0|6, 36, N/A, 28.02, 0|
17:06:43 0, 61, N/A, 139.22, 90|1, 60, N/A, 111.95, 85|2, 63, N/A, 140.61, 83|3, 62, N/A, 124.25, 63|4, 60, N/A, 84.46, 23|5, 39, N/A, 26.58, 0|6, 37, N/A, 28.02, 0|
17:06:46 0, 60, N/A, 88.93, 93|1, 59, N/A, 72.76, 83|2, 62, N/A, 100.86, 43|3, 61, N/A, 59.20, 72|4, 61, N/A, 118.82, 64|5, 39, N/A, 26.58, 0|6, 36, N/A, 28.02, 0|
17:06:48 0, 61, N/A, 88.39, 91|1, 58, N/A, 79.10, 83|2, 63, N/A, 117.97, 82|3, 62, N/A, 78.80, 70|4, 62, N/A, 86.63, 64|5, 39, N/A, 26.82, 0|6, 36, N/A, 28.02, 0|
17:06:50 0, 61, N/A, 127.28, 54|1, 58, N/A, 80.58, 66|2, 63, N/A, 96.07, 75|3, 62, N/A, 91.02, 78|4, 62, N/A, 110.55, 51|5, 39, N/A, 26.82, 0|6, 36, N/A, 27.79, 0|
17:06:52 0, 60, N/A, 69.81, 94|1, 59, N/A, 74.89, 79|2, 62, N/A, 112.33, 79|3, 61, N/A, 101.71, 78|4, 60, N/A, 80.53, 27|5, 39, N/A, 26.82, 0|6, 36, N/A, 28.02, 0|
17:06:54 0, 61, N/A, 92.31, 90|1, 59, N/A, 74.19, 85|2, 63, N/A, 101.11, 82|3, 61, N/A, 93.96, 67|4, 60, N/A, 74.64, 22|5, 39, N/A, 26.82, 0|6, 36, N/A, 28.02, 0|
17:06:56 0, 61, N/A, 177.64, 92|1, 59, N/A, 142.88, 83|2, 63, N/A, 129.01, 43|3, 61, N/A, 49.40, 66|4, 62, N/A, 112.94, 61|5, 39, N/A, 26.82, 0|6, 37, N/A, 28.02, 0|
17:06:58 0, 60, N/A, 86.12, 86|1, 58, N/A, 106.24, 42|2, 62, N/A, 97.97, 82|3, 61, N/A, 77.29, 69|4, 61, N/A, 71.73, 61|5, 39, N/A, 26.58, 0|6, 36, N/A, 28.02, 0|
17:07:00 0, 61, N/A, 81.07, 94|1, 59, N/A, 119.02, 77|2, 63, N/A, 104.53, 75|3, 61, N/A, 84.45, 77|4, 61, N/A, 76.60, 67|5, 39, N/A, 26.59, 0|6, 36, N/A, 28.02, 0|
17:07:02 0, 60, N/A, 48.17, 94|1, 59, N/A, 176.89, 83|2, 63, N/A, 193.94, 80|3, 61, N/A, 170.58, 78|4, 61, N/A, 180.37, 24|5, 39, N/A, 26.81, 0|6, 36, N/A, 28.00, 0|
17:07:04 0, 61, N/A, 98.20, 94|1, 59, N/A, 80.08, 82|2, 62, N/A, 78.42, 84|3, 61, N/A, 88.52, 79|4, 60, N/A, 98.59, 33|5, 39, N/A, 26.82, 0|6, 36, N/A, 28.02, 0|
17:07:06 0, 61, N/A, 82.54, 94|1, 59, N/A, 101.64, 79|2, 63, N/A, 96.25, 82|3, 61, N/A, 79.30, 79|4, 62, N/A, 70.51, 50|5, 40, N/A, 26.58, 0|6, 36, N/A, 28.02, 0|
17:07:08 0, 60, N/A, 64.90, 94|1, 59, N/A, 74.19, 53|2, 62, N/A, 114.10, 82|3, 61, N/A, 95.88, 76|4, 61, N/A, 94.97, 57|5, 39, N/A, 26.84, 0|6, 36, N/A, 28.03, 0|
17:07:11 0, 61, N/A, 74.43, 92|1, 59, N/A, 95.26, 42|2, 62, N/A, 106.25, 81|3, 61, N/A, 72.66, 73|4, 61, N/A, 73.41, 65|5, 39, N/A, 26.58, 0|6, 36, N/A, 28.02, 0|
17:07:13 0, 60, N/A, 45.70, 89|1, 60, N/A, 187.41, 85|2, 63, N/A, 203.10, 83|3, 62, N/A, 176.57, 73|4, 61, N/A, 186.14, 22|5, 39, N/A, 26.81, 0|6, 37, N/A, 28.00, 0|
17:07:15 0, 61, N/A, 60.95, 94|1, 59, N/A, 137.49, 83|2, 62, N/A, 160.62, 81|3, 61, N/A, 146.80, 80|4, 60, N/A, 158.23, 23|5, 39, N/A, 26.81, 0|6, 36, N/A, 28.00, 0|
17:07:17 0, 61, N/A, 79.34, 94|1, 60, N/A, 109.68, 79|2, 63, N/A, 95.25, 53|3, 61, N/A, 77.05, 38|4, 61, N/A, 66.33, 66|5, 39, N/A, 26.58, 0|6, 36, N/A, 28.02, 0|
17:07:19 0, 60, N/A, 74.73, 93|1, 59, N/A, 87.46, 40|2, 62, N/A, 103.37, 82|3, 61, N/A, 68.53, 78|4, 61, N/A, 75.88, 66|5, 39, N/A, 26.84, 0|6, 36, N/A, 28.03, 0|
17:07:21 0, 61, N/A, 82.54, 94|1, 59, N/A, 72.03, 62|2, 63, N/A, 101.82, 79|3, 62, N/A, 108.74, 78|4, 61, N/A, 95.64, 49|5, 39, N/A, 26.58, 0|6, 37, N/A, 28.02, 0|
17:07:23 0, 61, N/A, 62.40, 94|1, 59, N/A, 127.28, 81|2, 62, N/A, 150.40, 78|3, 61, N/A, 142.39, 80|4, 61, N/A, 158.95, 25|5, 39, N/A, 26.81, 0|6, 36, N/A, 28.00, 0|
17:07:25 0, 61, N/A, 77.87, 94|1, 59, N/A, 87.40, 81|2, 62, N/A, 91.59, 83|3, 61, N/A, 80.24, 79|4, 60, N/A, 66.82, 29|5, 39, N/A, 26.82, 0|6, 36, N/A, 28.02, 0|
17:07:27 0, 61, N/A, 176.90, 95|1, 59, N/A, 187.65, 76|2, 63, N/A, 202.99, 77|3, 61, N/A, 45.44, 79|4, 62, N/A, 186.63, 51|5, 39, N/A, 26.56, 0|6, 36, N/A, 28.00, 0|
17:07:29 0, 61, N/A, 88.38, 94|1, 59, N/A, 75.45, 78|2, 63, N/A, 91.39, 75|3, 62, N/A, 75.62, 78|4, 61, N/A, 109.07, 57|5, 39, N/A, 26.82, 0|6, 36, N/A, 28.02, 0|
17:07:31 0, 61, N/A, 179.35, 60|1, 59, N/A, 49.43, 54|2, 63, N/A, 147.06, 81|3, 62, N/A, 113.47, 77|4, 62, N/A, 107.42, 50|5, 39, N/A, 26.31, 0|6, 36, N/A, 28.02, 0|
17:07:34 0, 61, N/A, 75.42, 94|1, 59, N/A, 84.75, 77|2, 62, N/A, 102.08, 79|3, 62, N/A, 69.48, 81|4, 61, N/A, 77.87, 46|5, 39, N/A, 26.58, 0|6, 36, N/A, 28.02, 0|
17:07:36 0, 62, N/A, 155.79, 91|1, 60, N/A, 119.00, 82|2, 63, N/A, 128.44, 80|3, 62, N/A, 130.23, 53|4, 60, N/A, 93.73, 32|5, 39, N/A, 26.82, 0|6, 36, N/A, 28.02, 0|
17:07:38 0, 61, N/A, 103.31, 95|1, 59, N/A, 96.74, 82|2, 62, N/A, 89.18, 46|3, 62, N/A, 70.46, 80|4, 61, N/A, 72.43, 52|5, 39, N/A, 26.82, 0|6, 36, N/A, 27.77, 0|
17:07:40 0, 60, N/A, 65.13, 52|1, 59, N/A, 65.87, 79|2, 62, N/A, 132.18, 79|3, 61, N/A, 123.44, 78|4, 61, N/A, 131.53, 66|5, 39, N/A, 26.56, 0|6, 36, N/A, 28.00, 0|
17:07:42 0, 60, N/A, 74.47, 90|1, 59, N/A, 93.54, 84|2, 62, N/A, 94.78, 85|3, 62, N/A, 83.68, 79|4, 61, N/A, 80.29, 55|5, 40, N/A, 26.82, 0|6, 36, N/A, 28.02, 0|
17:07:44 0, 61, N/A, 142.32, 94|1, 59, N/A, 163.05, 78|2, 62, N/A, 183.66, 77|3, 61, N/A, 163.82, 36|4, 61, N/A, 49.86, 59|5, 39, N/A, 26.81, 0|6, 36, N/A, 28.00, 0|
17:07:46 0, 61, N/A, 92.55, 92|1, 59, N/A, 85.49, 84|2, 62, N/A, 83.97, 85|3, 61, N/A, 94.36, 44|4, 61, N/A, 78.81, 66|5, 39, N/A, 26.82, 0|6, 36, N/A, 28.03, 0|
17:07:48 0, 61, N/A, 170.30, 95|1, 59, N/A, 183.49, 70|2, 62, N/A, 56.76, 60|3, 62, N/A, 174.98, 78|4, 62, N/A, 184.43, 49|5, 40, N/A, 26.81, 0|6, 36, N/A, 28.00, 0|
17:07:50 0, 60, N/A, 86.12, 45|1, 60, N/A, 119.00, 47|2, 63, N/A, 110.91, 55|3, 62, N/A, 80.03, 80|4, 62, N/A, 86.62, 32|5, 39, N/A, 26.58, 0|6, 36, N/A, 28.03, 0|
17:07:52 0, 61, N/A, 45.70, 94|1, 60, N/A, 187.16, 79|2, 62, N/A, 202.62, 80|3, 62, N/A, 176.93, 78|4, 61, N/A, 186.14, 46|5, 39, N/A, 26.56, 0|6, 36, N/A, 28.00, 0|
17:07:54 0, 62, N/A, 95.56, 94|1, 60, N/A, 95.26, 76|2, 62, N/A, 101.90, 73|3, 61, N/A, 83.43, 35|4, 62, N/A, 75.42, 54|5, 39, N/A, 26.84, 0|6, 36, N/A, 28.02, 0|
17:07:56 0, 61, N/A, 178.00, 94|1, 60, N/A, 189.38, 84|2, 63, N/A, 203.72, 41|3, 61, N/A, 45.47, 78|4, 62, N/A, 187.49, 51|5, 39, N/A, 26.58, 0|6, 37, N/A, 28.02, 0|
17:07:59 0, 62, N/A, 116.07, 51|1, 59, N/A, 95.81, 68|2, 63, N/A, 120.50, 75|3, 63, N/A, 87.90, 80|4, 62, N/A, 87.22, 53|5, 39, N/A, 26.84, 0|6, 36, N/A, 28.03, 0|
17:08:01 0, 60, N/A, 88.74, 25|1, 59, N/A, 81.42, 85|2, 62, N/A, 90.47, 83|3, 61, N/A, 81.32, 63|4, 61, N/A, 96.80, 35|5, 40, N/A, 26.86, 0|6, 36, N/A, 28.05, 0|
17:08:03 0, 62, N/A, 180.05, 94|1, 60, N/A, 167.01, 77|2, 63, N/A, 138.42, 76|3, 63, N/A, 102.33, 36|4, 61, N/A, 68.30, 56|5, 39, N/A, 26.84, 0|6, 36, N/A, 28.05, 0|
17:08:05 0, 61, N/A, 94.16, 94|1, 59, N/A, 70.39, 44|2, 62, N/A, 102.90, 79|3, 62, N/A, 114.04, 76|4, 62, N/A, 96.80, 66|5, 39, N/A, 26.61, 0|6, 36, N/A, 28.05, 0|
17:08:07 0, 62, N/A, 178.24, 94|1, 59, N/A, 189.25, 55|2, 62, N/A, 55.58, 74|3, 62, N/A, 178.51, 79|4, 62, N/A, 187.97, 65|5, 39, N/A, 26.58, 0|6, 36, N/A, 28.03, 0|
17:08:09 0, 60, N/A, 45.53, 69|1, 60, N/A, 106.13, 83|2, 63, N/A, 145.43, 84|3, 63, N/A, 109.62, 73|4, 62, N/A, 102.34, 65|5, 39, N/A, 26.84, 0|6, 36, N/A, 27.79, 0|
17:08:11 0, 61, N/A, 78.96, 94|1, 59, N/A, 78.18, 83|2, 62, N/A, 106.57, 84|3, 62, N/A, 122.06, 80|4, 61, N/A, 133.11, 22|5, 39, N/A, 26.59, 0|6, 36, N/A, 28.03, 0|
17:08:13 0, 61, N/A, 174.68, 92|1, 60, N/A, 186.43, 84|2, 63, N/A, 201.40, 40|3, 62, N/A, 45.99, 69|4, 62, N/A, 186.38, 67|5, 40, N/A, 26.59, 0|6, 36, N/A, 28.03, 0|
17:08:15 0, 61, N/A, 178.26, 51|1, 59, N/A, 49.21, 64|2, 63, N/A, 204.59, 78|3, 63, N/A, 178.27, 79|4, 62, N/A, 187.61, 50|5, 39, N/A, 26.59, 0|6, 36, N/A, 28.03, 0|
17:08:17 0, 61, N/A, 83.39, 57|1, 60, N/A, 74.57, 84|2, 62, N/A, 92.20, 83|3, 62, N/A, 84.96, 77|4, 62, N/A, 100.87, 65|5, 40, N/A, 26.59, 0|6, 36, N/A, 28.03, 0|
17:08:19 0, 61, N/A, 147.14, 95|1, 59, N/A, 166.91, 80|2, 62, N/A, 185.37, 78|3, 61, N/A, 164.67, 34|4, 61, N/A, 49.68, 63|5, 39, N/A, 26.84, 0|6, 36, N/A, 28.03, 0|
17:08:22 0, 61, N/A, 69.86, 95|1, 59, N/A, 75.27, 79|2, 62, N/A, 75.02, 82|3, 61, N/A, 53.13, 37|4, 62, N/A, 59.28, 50|5, 39, N/A, 26.61, 0|6, 36, N/A, 28.05, 0|
17:08:24 0, 61, N/A, 66.94, 94|1, 59, N/A, 71.37, 38|2, 62, N/A, 105.15, 85|3, 62, N/A, 101.78, 79|4, 62, N/A, 102.15, 67|5, 39, N/A, 26.61, 0|6, 36, N/A, 28.05, 0|
17:08:26 0, 60, N/A, 65.43, 55|1, 59, N/A, 117.54, 45|2, 62, N/A, 141.43, 42|3, 61, N/A, 139.86, 45|4, 61, N/A, 155.98, 51|5, 39, N/A, 26.59, 0|6, 37, N/A, 28.02, 0|
17:08:28 0, 62, N/A, 86.05, 94|1, 60, N/A, 67.68, 84|2, 63, N/A, 105.60, 85|3, 62, N/A, 105.02, 74|4, 61, N/A, 105.59, 22|5, 39, N/A, 26.61, 0|6, 36, N/A, 28.05, 0|
17:08:30 0, 61, N/A, 178.99, 49|1, 59, N/A, 49.46, 83|2, 63, N/A, 126.70, 79|3, 63, N/A, 99.20, 76|4, 62, N/A, 113.80, 65|5, 39, N/A, 26.84, 0|6, 36, N/A, 28.03, 0|
17:08:32 0, 61, N/A, 69.86, 49|1, 60, N/A, 70.60, 81|2, 62, N/A, 115.90, 78|3, 62, N/A, 103.80, 81|4, 61, N/A, 117.48, 66|5, 39, N/A, 26.59, 0|6, 36, N/A, 28.03, 0|
17:08:34 0, 61, N/A, 105.77, 69|1, 60, N/A, 116.13, 67|2, 63, N/A, 132.76, 67|3, 62, N/A, 110.16, 65|4, 62, N/A, 116.74, 61|5, 39, N/A, 26.84, 0|6, 36, N/A, 28.02, 0|
17:08:36 0, 61, N/A, 108.52, 68|1, 60, N/A, 113.14, 66|2, 63, N/A, 129.10, 66|3, 62, N/A, 105.94, 66|4, 62, N/A, 116.74, 61|5, 39, N/A, 26.84, 0|6, 36, N/A, 28.03, 0|
17:08:38 0, 61, N/A, 104.85, 69|1, 60, N/A, 110.98, 67|2, 63, N/A, 132.52, 67|3, 62, N/A, 108.65, 66|4, 62, N/A, 115.35, 61|5, 39, N/A, 26.61, 0|6, 36, N/A, 28.05, 0|
17:08:40 0, 61, N/A, 100.47, 69|1, 60, N/A, 108.10, 66|2, 63, N/A, 126.16, 66|3, 62, N/A, 101.83, 65|4, 62, N/A, 108.12, 61|5, 39, N/A, 26.59, 0|6, 36, N/A, 28.05, 0|
17:08:42 0, 61, N/A, 93.11, 69|1, 60, N/A, 102.20, 67|2, 63, N/A, 120.62, 66|3, 62, N/A, 99.92, 65|4, 62, N/A, 103.31, 61|5, 39, N/A, 26.59, 0|6, 36, N/A, 28.03, 0|
17:08:44 0, 61, N/A, 108.22, 68|1, 60, N/A, 115.10, 66|2, 63, N/A, 131.23, 66|3, 62, N/A, 106.00, 65|4, 62, N/A, 109.94, 61|5, 39, N/A, 26.59, 0|6, 36, N/A, 28.03, 0|
17:08:47 0, 61, N/A, 104.05, 69|1, 60, N/A, 107.29, 67|2, 63, N/A, 127.12, 66|3, 62, N/A, 105.21, 66|4, 62, N/A, 113.07, 61|5, 39, N/A, 26.82, 0|6, 36, N/A, 27.77, 0|
17:08:49 0, 61, N/A, 104.34, 69|1, 60, N/A, 113.61, 66|2, 63, N/A, 132.01, 66|3, 62, N/A, 111.08, 66|4, 62, N/A, 114.17, 62|5, 39, N/A, 26.58, 0|6, 36, N/A, 28.02, 0|
17:08:51 0, 61, N/A, 101.19, 68|1, 60, N/A, 114.37, 66|2, 63, N/A, 133.55, 67|3, 62, N/A, 110.34, 67|4, 62, N/A, 115.99, 62|5, 39, N/A, 26.58, 0|6, 36, N/A, 27.77, 0|
17:08:53 0, 61, N/A, 105.07, 67|1, 60, N/A, 111.15, 66|2, 63, N/A, 127.22, 66|3, 62, N/A, 106.66, 66|4, 62, N/A, 111.77, 62|5, 39, N/A, 26.81, 0|6, 36, N/A, 28.02, 0|
17:08:55 0, 61, N/A, 110.18, 68|1, 60, N/A, 121.28, 67|2, 63, N/A, 137.42, 66|3, 62, N/A, 101.81, 66|4, 62, N/A, 106.86, 61|5, 39, N/A, 26.82, 0|6, 36, N/A, 28.00, 0|
17:08:57 0, 62, N/A, 106.98, 68|1, 60, N/A, 116.72, 66|2, 63, N/A, 134.15, 66|3, 62, N/A, 108.26, 66|4, 62, N/A, 109.32, 61|5, 39, N/A, 26.82, 0|6, 36, N/A, 28.02, 0|
17:08:59 0, 61, N/A, 104.79, 67|1, 60, N/A, 113.56, 66|2, 63, N/A, 135.37, 66|3, 62, N/A, 111.76, 66|4, 62, N/A, 114.73, 61|5, 39, N/A, 26.82, 0|6, 36, N/A, 27.77, 0|
17:09:01 0, 61, N/A, 98.25, 68|1, 60, N/A, 108.76, 66|2, 63, N/A, 129.72, 66|3, 62, N/A, 104.40, 67|4, 62, N/A, 111.08, 61|5, 40, N/A, 26.58, 0|6, 36, N/A, 28.25, 0|
17:09:03 0, 62, N/A, 104.34, 67|1, 60, N/A, 112.15, 66|2, 63, N/A, 132.88, 66|3, 62, N/A, 110.59, 66|4, 62, N/A, 114.97, 62|5, 39, N/A, 26.59, 0|6, 36, N/A, 28.02, 0|
17:09:05 0, 61, N/A, 101.11, 68|1, 60, N/A, 108.45, 66|2, 63, N/A, 125.56, 67|3, 62, N/A, 100.67, 65|4, 62, N/A, 109.08, 61|5, 39, N/A, 26.58, 0|6, 36, N/A, 27.77, 0|
17:09:07 0, 61, N/A, 109.74, 67|1, 60, N/A, 114.29, 66|2, 64, N/A, 133.59, 67|3, 62, N/A, 109.54, 65|4, 62, N/A, 110.07, 61|5, 39, N/A, 26.82, 0|6, 36, N/A, 27.79, 0|
17:09:09 0, 62, N/A, 100.36, 68|1, 60, N/A, 108.16, 66|2, 63, N/A, 124.82, 67|3, 63, N/A, 104.94, 66|4, 62, N/A, 108.29, 62|5, 39, N/A, 26.58, 0|6, 36, N/A, 27.77, 0|
17:09:12 0, 61, N/A, 109.43, 67|1, 60, N/A, 113.85, 66|2, 63, N/A, 133.71, 66|3, 63, N/A, 109.04, 65|4, 62, N/A, 111.28, 61|5, 39, N/A, 26.56, 0|6, 36, N/A, 27.77, 0|
17:09:14 0, 61, N/A, 110.85, 68|1, 60, N/A, 116.18, 66|2, 64, N/A, 137.09, 66|3, 62, N/A, 108.08, 66|4, 62, N/A, 102.74, 61|5, 39, N/A, 26.58, 0|6, 36, N/A, 28.02, 0|
17:09:16 0, 61, N/A, 100.92, 67|1, 60, N/A, 111.71, 66|2, 64, N/A, 130.31, 66|3, 63, N/A, 104.47, 65|4, 62, N/A, 110.12, 61|5, 39, N/A, 26.59, 0|6, 36, N/A, 28.03, 0|
17:09:18 0, 61, N/A, 108.69, 68|1, 60, N/A, 116.57, 66|2, 64, N/A, 134.35, 67|3, 63, N/A, 111.32, 65|4, 62, N/A, 112.81, 61|5, 39, N/A, 26.82, 0|6, 36, N/A, 27.77, 0|
17:09:20 0, 62, N/A, 104.05, 69|1, 60, N/A, 110.90, 50|2, 64, N/A, 127.71, 50|3, 63, N/A, 106.36, 62|4, 62, N/A, 113.31, 46|5, 39, N/A, 26.58, 0|6, 36, N/A, 28.02, 0|
17:09:22 0, 62, N/A, 109.87, 69|1, 60, N/A, 116.97, 67|2, 64, N/A, 136.29, 67|3, 62, N/A, 110.52, 65|4, 62, N/A, 117.65, 62|5, 39, N/A, 26.82, 0|6, 36, N/A, 27.77, 0|
17:09:24 0, 61, N/A, 107.28, 68|1, 60, N/A, 112.38, 66|2, 64, N/A, 129.24, 66|3, 63, N/A, 107.09, 65|4, 62, N/A, 114.04, 61|5, 39, N/A, 26.58, 0|6, 36, N/A, 28.02, 0|
17:09:26 0, 62, N/A, 103.80, 69|1, 60, N/A, 115.07, 67|2, 64, N/A, 133.90, 66|3, 63, N/A, 111.31, 66|4, 62, N/A, 115.75, 61|5, 39, N/A, 26.82, 0|6, 36, N/A, 28.02, 0|
17:09:28 0, 62, N/A, 101.97, 67|1, 60, N/A, 113.31, 67|2, 64, N/A, 131.09, 67|3, 63, N/A, 110.35, 65|4, 62, N/A, 115.39, 61|5, 39, N/A, 26.58, 0|6, 36, N/A, 28.02, 0|
17:09:30 0, 62, N/A, 110.59, 68|1, 60, N/A, 110.43, 66|2, 64, N/A, 129.00, 67|3, 63, N/A, 108.13, 65|4, 62, N/A, 111.77, 62|5, 39, N/A, 26.33, 0|6, 36, N/A, 27.54, 0|
17:09:32 0, 62, N/A, 107.55, 68|1, 60, N/A, 117.31, 66|2, 64, N/A, 136.62, 66|3, 63, N/A, 111.09, 66|4, 62, N/A, 114.47, 61|5, 39, N/A, 26.35, 0|6, 36, N/A, 28.03, 0|
17:09:34 0, 62, N/A, 103.78, 67|1, 60, N/A, 109.68, 66|2, 64, N/A, 127.95, 66|3, 63, N/A, 103.96, 66|4, 62, N/A, 112.79, 61|5, 39, N/A, 26.81, 0|6, 36, N/A, 28.00, 0|
17:09:37 0, 60, N/A, 43.80, 0|1, 58, N/A, 47.74, 0|2, 62, N/A, 56.57, 0|3, 61, N/A, 44.51, 0|4, 60, N/A, 46.49, 0|5, 39, N/A, 26.59, 0|6, 36, N/A, 28.03, 0|
17:09:39 0, 58, N/A, 37.41, 0|1, 57, N/A, 40.85, 0|2, 60, N/A, 44.79, 0|3, 60, N/A, 38.12, 0|4, 59, N/A, 39.60, 0|5, 39, N/A, 26.59, 0|6, 36, N/A, 28.03, 0|
17:09:41 0, 58, N/A, 37.16, 3|1, 56, N/A, 40.36, 3|2, 60, N/A, 44.30, 4|3, 59, N/A, 37.88, 7|4, 58, N/A, 39.11, 1|5, 39, N/A, 26.59, 0|6, 36, N/A, 28.03, 0|
17:09:43 0, 57, N/A, 36.92, 5|1, 56, N/A, 40.36, 3|2, 59, N/A, 44.30, 4|3, 59, N/A, 37.63, 5|4, 58, N/A, 38.88, 3|5, 39, N/A, 26.84, 0|6, 36, N/A, 28.03, 0|
17:09:45 0, 58, N/A, 100.85, 88|1, 56, N/A, 97.77, 71|2, 60, N/A, 86.96, 71|3, 59, N/A, 68.53, 65|4, 59, N/A, 65.35, 42|5, 39, N/A, 26.82, 0|6, 36, N/A, 28.02, 0|
17:09:47 0, 59, N/A, 64.90, 90|1, 57, N/A, 117.04, 75|2, 60, N/A, 97.23, 72|3, 60, N/A, 76.84, 65|4, 59, N/A, 72.22, 37|5, 39, N/A, 26.58, 0|6, 36, N/A, 28.03, 0|
17:09:49 0, 59, N/A, 78.53, 56|1, 57, N/A, 90.37, 53|2, 60, N/A, 101.30, 52|3, 60, N/A, 80.26, 52|4, 59, N/A, 87.00, 47|5, 39, N/A, 27.33, 0|6, 36, N/A, 27.79, 0|
17:09:51 0, 59, N/A, 82.84, 89|1, 57, N/A, 73.09, 72|2, 61, N/A, 95.33, 72|3, 60, N/A, 105.82, 63|4, 59, N/A, 81.37, 41|5, 39, N/A, 26.61, 0|6, 36, N/A, 27.81, 0|
17:09:53 0, 59, N/A, 91.20, 90|1, 57, N/A, 81.95, 75|2, 60, N/A, 72.85, 72|3, 60, N/A, 74.44, 63|4, 59, N/A, 87.41, 39|5, 39, N/A, 26.61, 0|6, 36, N/A, 28.05, 0|
17:09:55 0, 58, N/A, 60.30, 90|1, 57, N/A, 71.05, 73|2, 60, N/A, 117.75, 72|3, 59, N/A, 92.32, 65|4, 59, N/A, 86.68, 40|5, 39, N/A, 26.61, 0|6, 36, N/A, 28.04, 0|
17:09:57 0, 58, N/A, 64.94, 89|1, 57, N/A, 89.67, 73|2, 60, N/A, 104.86, 72|3, 59, N/A, 67.60, 66|4, 59, N/A, 70.80, 37|5, 39, N/A, 26.59, 0|6, 36, N/A, 28.03, 0|
17:10:00 0, 58, N/A, 101.10, 90|1, 56, N/A, 90.89, 71|2, 60, N/A, 81.81, 73|3, 59, N/A, 64.36, 65|4, 58, N/A, 75.62, 42|5, 39, N/A, 26.84, 0|6, 36, N/A, 28.03, 0|
17:10:02 0, 58, N/A, 94.65, 56|1, 56, N/A, 96.87, 52|2, 60, N/A, 109.41, 52|3, 59, N/A, 86.90, 51|4, 59, N/A, 96.55, 47|5, 39, N/A, 26.12, 0|6, 36, N/A, 27.77, 0|
17:10:04 0, 58, N/A, 85.06, 56|1, 56, N/A, 80.57, 52|2, 60, N/A, 117.17, 52|3, 59, N/A, 89.54, 52|4, 59, N/A, 95.66, 47|5, 39, N/A, 27.05, 0|6, 36, N/A, 27.79, 0|
17:10:06 0, 58, N/A, 107.22, 88|1, 56, N/A, 89.42, 71|2, 60, N/A, 87.46, 72|3, 59, N/A, 66.81, 65|4, 58, N/A, 85.64, 43|5, 39, N/A, 26.59, 0|6, 36, N/A, 28.03, 0|
17:10:08 0, 58, N/A, 65.62, 90|1, 56, N/A, 86.67, 72|2, 59, N/A, 110.68, 70|3, 59, N/A, 73.90, 64|4, 58, N/A, 63.13, 42|5, 39, N/A, 26.58, 0|6, 36, N/A, 28.02, 0|
17:10:10 0, 58, N/A, 71.00, 76|1, 56, N/A, 76.44, 74|2, 59, N/A, 70.80, 71|3, 59, N/A, 107.64, 55|4, 58, N/A, 104.18, 39|5, 39, N/A, 26.58, 0|6, 36, N/A, 27.77, 0|
17:10:12 0, 58, N/A, 70.29, 90|1, 56, N/A, 89.37, 72|2, 59, N/A, 112.63, 73|3, 59, N/A, 79.99, 62|4, 58, N/A, 53.34, 40|5, 39, N/A, 26.58, 0|6, 36, N/A, 28.02, 0|
17:10:14 0, 58, N/A, 60.71, 88|1, 56, N/A, 64.64, 73|2, 59, N/A, 101.65, 73|3, 59, N/A, 77.13, 65|4, 58, N/A, 75.42, 41|5, 39, N/A, 26.82, 0|6, 36, N/A, 28.02, 0|
17:10:16 0, 58, N/A, 73.21, 90|1, 56, N/A, 104.79, 71|2, 59, N/A, 104.36, 71|3, 59, N/A, 53.09, 65|4, 58, N/A, 71.20, 40|5, 40, N/A, 26.58, 0|6, 36, N/A, 28.02, 0|
17:10:18 0, 58, N/A, 75.71, 90|1, 56, N/A, 69.56, 73|2, 59, N/A, 103.56, 75|3, 58, N/A, 87.83, 67|4, 58, N/A, 85.93, 38|5, 39, N/A, 26.58, 0|6, 36, N/A, 28.02, 0|
17:10:20 0, 57, N/A, 97.17, 90|1, 56, N/A, 89.18, 74|2, 59, N/A, 82.09, 71|3, 58, N/A, 64.32, 64|4, 58, N/A, 81.71, 42|5, 39, N/A, 26.58, 0|6, 36, N/A, 28.02, 0|
17:10:22 0, 58, N/A, 76.15, 90|1, 56, N/A, 72.52, 72|2, 59, N/A, 99.88, 74|3, 58, N/A, 86.86, 66|4, 58, N/A, 81.02, 39|5, 39, N/A, 26.82, 0|6, 37, N/A, 28.02, 0|
17:10:25 0, 57, N/A, 81.07, 90|1, 55, N/A, 74.23, 72|2, 58, N/A, 74.23, 73|3, 58, N/A, 92.69, 65|4, 58, N/A, 105.70, 43|5, 39, N/A, 26.82, 0|6, 36, N/A, 28.02, 0|
17:10:27 0, 57, N/A, 87.41, 91|1, 55, N/A, 70.54, 74|2, 58, N/A, 73.99, 72|3, 58, N/A, 80.97, 65|4, 58, N/A, 91.24, 42|5, 39, N/A, 26.58, 0|6, 36, N/A, 28.26, 0|
17:10:29 0, 57, N/A, 85.74, 87|1, 55, N/A, 70.55, 73|2, 58, N/A, 93.54, 72|3, 58, N/A, 91.96, 66|4, 57, N/A, 88.10, 43|5, 39, N/A, 26.58, 0|6, 36, N/A, 28.02, 0|
17:10:31 0, 57, N/A, 82.24, 90|1, 55, N/A, 87.40, 73|2, 58, N/A, 74.97, 68|3, 58, N/A, 65.34, 65|4, 57, N/A, 63.38, 40|5, 39, N/A, 26.56, 0|6, 36, N/A, 28.02, 0|
17:10:33 0, 57, N/A, 88.88, 77|1, 55, N/A, 95.02, 73|2, 58, N/A, 86.47, 75|3, 58, N/A, 66.32, 64|4, 57, N/A, 70.46, 36|5, 39, N/A, 26.58, 0|6, 36, N/A, 28.03, 0|
17:10:35 0, 57, N/A, 97.90, 90|1, 55, N/A, 90.84, 74|2, 58, N/A, 93.31, 70|3, 58, N/A, 69.23, 65|4, 57, N/A, 64.61, 41|5, 39, N/A, 26.58, 0|6, 36, N/A, 28.02, 0|
17:10:37 0, 57, N/A, 75.42, 90|1, 55, N/A, 81.80, 74|2, 58, N/A, 93.29, 72|3, 58, N/A, 84.69, 62|4, 57, N/A, 78.57, 38|5, 39, N/A, 26.58, 0|6, 36, N/A, 28.02, 0|
17:10:39 0, 57, N/A, 107.97, 86|1, 55, N/A, 54.10, 75|2, 58, N/A, 80.82, 71|3, 58, N/A, 77.57, 65|4, 57, N/A, 102.21, 40|5, 39, N/A, 26.58, 0|6, 36, N/A, 28.02, 0|
17:10:41 0, 57, N/A, 75.91, 89|1, 55, N/A, 78.40, 75|2, 58, N/A, 87.70, 69|3, 58, N/A, 64.81, 63|4, 57, N/A, 73.17, 42|5, 39, N/A, 26.58, 0|6, 36, N/A, 28.02, 0|
17:10:43 0, 57, N/A, 97.16, 90|1, 55, N/A, 95.02, 69|2, 58, N/A, 91.63, 73|3, 58, N/A, 64.85, 66|4, 57, N/A, 70.96, 44|5, 39, N/A, 26.82, 0|6, 36, N/A, 28.02, 0|
17:10:45 0, 57, N/A, 77.63, 90|1, 55, N/A, 79.10, 75|2, 57, N/A, 96.25, 72|3, 58, N/A, 84.61, 65|4, 57, N/A, 67.76, 37|5, 39, N/A, 26.58, 0|6, 36, N/A, 28.02, 0|
17:10:48 0, 57, N/A, 86.75, 57|1, 55, N/A, 96.61, 54|2, 58, N/A, 106.69, 54|3, 58, N/A, 88.91, 53|4, 57, N/A, 90.54, 48|5, 39, N/A, 27.32, 0|6, 36, N/A, 27.54, 0|
17:10:50 0, 56, N/A, 42.33, 64|1, 54, N/A, 46.02, 68|2, 57, N/A, 53.16, 85|3, 57, N/A, 42.79, 79|4, 56, N/A, 44.52, 53|5, 39, N/A, 26.84, 0|6, 36, N/A, 28.03, 0|
17:10:52 0, 55, N/A, 40.61, 0|1, 53, N/A, 44.30, 0|2, 56, N/A, 52.15, 0|3, 56, N/A, 41.07, 0|4, 55, N/A, 43.53, 0|5, 39, N/A, 26.59, 0|6, 36, N/A, 28.03, 0|
