14:34:14 0, 79, N/A, 39.78, 0|1, 77, N/A, 41.98, 0|2, 72, N/A, 58.85, 0|3, 63, N/A, 45.67, 0|
14:34:16 0, 79, N/A, 40.48, 4|1, 77, N/A, 52.13, 5|2, 72, N/A, 58.77, 13|3, 63, N/A, 45.63, 9|
14:34:18 0, 79, N/A, 40.23, 9|1, 77, N/A, 52.13, 9|2, 72, N/A, 58.77, 8|3, 63, N/A, 45.63, 9|
14:34:20 0, 79, N/A, 39.99, 0|1, 77, N/A, 51.92, 0|2, 71, N/A, 58.32, 0|3, 63, N/A, 45.39, 0|
14:34:22 0, 79, N/A, 40.02, 6|1, 77, N/A, 60.42, 3|2, 72, N/A, 62.22, 2|3, 63, N/A, 47.37, 2|
14:34:24 0, 79, N/A, 40.02, 0|1, 77, N/A, 60.17, 0|2, 72, N/A, 62.22, 0|3, 63, N/A, 47.12, 0|
14:34:26 0, 79, N/A, 56.36, 98|1, 78, N/A, 89.38, 96|2, 73, N/A, 93.01, 88|3, 64, N/A, 68.21, 87|
14:34:28 0, 79, N/A, 39.99, 0|1, 78, N/A, 60.62, 0|2, 72, N/A, 63.89, 0|3, 63, N/A, 48.07, 0|
14:34:30 0, 79, N/A, 60.45, 100|1, 79, N/A, 82.28, 100|2, 73, N/A, 80.05, 100|3, 64, N/A, 61.10, 100|
14:34:32 0, 80, N/A, 55.80, 100|1, 79, N/A, 114.14, 100|2, 74, N/A, 105.74, 88|3, 64, N/A, 81.39, 88|
14:34:35 0, 80, N/A, 57.78, 100|1, 79, N/A, 126.17, 100|2, 74, N/A, 109.61, 100|3, 65, N/A, 83.04, 100|
14:34:37 0, 80, N/A, 60.01, 100|1, 79, N/A, 108.40, 95|2, 74, N/A, 97.61, 100|3, 65, N/A, 76.09, 100|
14:34:39 0, 80, N/A, 59.80, 100|1, 79, N/A, 70.96, 100|2, 74, N/A, 123.09, 100|3, 65, N/A, 122.10, 100|
14:34:41 0, 80, N/A, 57.82, 100|1, 79, N/A, 81.01, 100|2, 74, N/A, 86.32, 100|3, 65, N/A, 60.40, 100|
14:34:43 0, 80, N/A, 64.54, 100|1, 79, N/A, 64.19, 100|2, 74, N/A, 92.28, 100|3, 65, N/A, 72.74, 100|
14:34:45 0, 80, N/A, 58.13, 100|1, 79, N/A, 85.28, 100|2, 74, N/A, 95.42, 100|3, 65, N/A, 65.72, 100|
14:34:47 0, 80, N/A, 65.26, 100|1, 79, N/A, 61.51, 100|2, 74, N/A, 89.71, 100|3, 65, N/A, 102.28, 100|
14:34:50 0, 80, N/A, 61.79, 100|1, 79, N/A, 63.46, 100|2, 74, N/A, 136.54, 100|3, 65, N/A, 105.66, 100|
14:34:52 0, 80, N/A, 63.85, 100|1, 79, N/A, 68.76, 100|2, 74, N/A, 91.35, 100|3, 65, N/A, 82.13, 100|
14:34:54 0, 80, N/A, 60.01, 100|1, 79, N/A, 61.72, 100|2, 74, N/A, 78.54, 100|3, 65, N/A, 101.62, 100|
14:34:56 0, 80, N/A, 60.29, 100|1, 78, N/A, 61.76, 100|2, 74, N/A, 131.40, 100|3, 65, N/A, 90.82, 100|
14:34:58 0, 80, N/A, 61.34, 100|1, 78, N/A, 65.23, 100|2, 74, N/A, 98.59, 100|3, 65, N/A, 74.15, 100|
14:35:00 0, 80, N/A, 64.54, 100|1, 79, N/A, 61.51, 100|2, 74, N/A, 88.93, 100|3, 65, N/A, 115.81, 100|
14:35:02 0, 80, N/A, 64.38, 100|1, 79, N/A, 93.06, 100|2, 74, N/A, 83.40, 100|3, 64, N/A, 64.74, 100|
14:35:05 0, 80, N/A, 66.08, 100|1, 79, N/A, 62.49, 100|2, 74, N/A, 96.34, 100|3, 65, N/A, 98.79, 100|
14:35:07 0, 80, N/A, 61.83, 100|1, 79, N/A, 69.21, 100|2, 74, N/A, 81.98, 100|3, 65, N/A, 62.60, 100|
14:35:09 0, 80, N/A, 63.65, 100|1, 79, N/A, 71.84, 100|2, 74, N/A, 111.20, 100|3, 65, N/A, 90.28, 100|
14:35:11 0, 80, N/A, 62.23, 100|1, 79, N/A, 69.69, 100|2, 74, N/A, 121.94, 100|3, 64, N/A, 121.61, 100|
14:35:13 0, 80, N/A, 67.29, 100|1, 79, N/A, 71.83, 100|2, 74, N/A, 92.81, 100|3, 65, N/A, 64.26, 100|
14:35:15 0, 80, N/A, 57.85, 100|1, 79, N/A, 67.70, 100|2, 74, N/A, 90.88, 100|3, 65, N/A, 70.07, 100|
14:35:17 0, 80, N/A, 66.08, 100|1, 79, N/A, 90.78, 100|2, 74, N/A, 81.01, 100|3, 65, N/A, 83.74, 100|
14:35:20 0, 80, N/A, 63.36, 100|1, 79, N/A, 63.67, 100|2, 75, N/A, 77.16, 100|3, 65, N/A, 58.21, 100|
14:35:22 0, 80, N/A, 63.89, 100|1, 79, N/A, 56.17, 100|2, 74, N/A, 97.86, 100|3, 65, N/A, 91.00, 100|
14:35:24 0, 80, N/A, 64.62, 100|1, 79, N/A, 59.08, 100|2, 74, N/A, 74.49, 100|3, 65, N/A, 75.85, 100|
14:35:26 0, 80, N/A, 64.34, 100|1, 79, N/A, 68.72, 100|2, 75, N/A, 82.46, 100|3, 64, N/A, 63.05, 100|
14:35:28 0, 80, N/A, 58.75, 100|1, 79, N/A, 69.00, 100|2, 74, N/A, 81.74, 100|3, 64, N/A, 78.67, 100|
14:35:30 0, 80, N/A, 56.71, 75|1, 79, N/A, 63.10, 97|2, 74, N/A, 130.01, 88|3, 64, N/A, 111.17, 88|
14:35:32 0, 80, N/A, 62.71, 100|1, 79, N/A, 75.23, 100|2, 75, N/A, 88.49, 100|3, 64, N/A, 67.63, 100|
14:35:34 0, 80, N/A, 40.70, 63|1, 79, N/A, 52.86, 85|2, 74, N/A, 66.05, 85|3, 64, N/A, 49.02, 51|
14:35:37 0, 80, N/A, 56.12, 99|1, 79, N/A, 66.74, 88|2, 74, N/A, 91.37, 87|3, 64, N/A, 75.33, 87|
14:35:39 0, 79, N/A, 54.96, 99|1, 79, N/A, 80.73, 79|2, 74, N/A, 88.25, 85|3, 64, N/A, 72.69, 92|
14:35:41 0, 80, N/A, 63.03, 100|1, 79, N/A, 69.45, 100|2, 74, N/A, 81.01, 100|3, 64, N/A, 62.07, 100|
14:35:43 0, 79, N/A, 60.78, 100|1, 79, N/A, 76.44, 100|2, 74, N/A, 87.76, 100|3, 64, N/A, 66.65, 100|
14:35:45 0, 80, N/A, 62.15, 100|1, 79, N/A, 66.34, 100|2, 74, N/A, 78.33, 100|3, 64, N/A, 58.94, 100|
14:35:47 0, 80, N/A, 64.86, 100|1, 79, N/A, 66.09, 100|2, 75, N/A, 90.14, 100|3, 64, N/A, 96.22, 100|
14:35:49 0, 80, N/A, 65.79, 100|1, 79, N/A, 66.98, 100|2, 74, N/A, 88.93, 100|3, 64, N/A, 66.45, 100|
14:35:52 0, 79, N/A, 61.22, 100|1, 79, N/A, 60.74, 100|2, 75, N/A, 114.47, 100|3, 64, N/A, 86.69, 100|
14:35:54 0, 80, N/A, 57.40, 100|1, 79, N/A, 67.46, 100|2, 74, N/A, 77.11, 100|3, 64, N/A, 57.97, 100|
14:35:56 0, 79, N/A, 59.76, 100|1, 79, N/A, 65.96, 100|2, 75, N/A, 88.93, 100|3, 64, N/A, 67.38, 100|
14:35:58 0, 79, N/A, 62.47, 100|1, 79, N/A, 63.66, 100|2, 75, N/A, 126.62, 100|3, 64, N/A, 118.62, 100|
14:36:00 0, 79, N/A, 63.04, 100|1, 78, N/A, 69.45, 100|2, 75, N/A, 104.35, 100|3, 64, N/A, 79.74, 100|
14:36:02 0, 79, N/A, 62.31, 100|1, 79, N/A, 65.61, 100|2, 75, N/A, 78.38, 100|3, 64, N/A, 81.35, 100|
14:36:04 0, 79, N/A, 65.35, 100|1, 79, N/A, 68.76, 100|2, 75, N/A, 112.72, 100|3, 64, N/A, 81.64, 100|
14:36:06 0, 79, N/A, 57.40, 100|1, 78, N/A, 64.50, 100|2, 75, N/A, 102.70, 100|3, 65, N/A, 75.12, 100|
14:36:09 0, 79, N/A, 64.29, 100|1, 79, N/A, 65.12, 100|2, 75, N/A, 77.84, 100|3, 64, N/A, 58.70, 100|
14:36:11 0, 79, N/A, 59.03, 100|1, 80, N/A, 69.50, 100|2, 75, N/A, 77.12, 100|3, 65, N/A, 57.72, 100|
14:36:13 0, 79, N/A, 45.91, 100|1, 79, N/A, 112.67, 76|2, 75, N/A, 112.64, 69|3, 65, N/A, 73.17, 69|
14:36:15 0, 79, N/A, 61.10, 100|1, 79, N/A, 71.15, 100|2, 75, N/A, 84.41, 100|3, 64, N/A, 86.39, 100|
14:36:17 0, 79, N/A, 61.42, 100|1, 79, N/A, 82.90, 100|2, 75, N/A, 108.42, 100|3, 65, N/A, 71.24, 100|
14:36:19 0, 79, N/A, 58.11, 100|1, 79, N/A, 91.51, 100|2, 75, N/A, 104.11, 100|3, 65, N/A, 74.39, 100|
14:36:21 0, 79, N/A, 64.33, 100|1, 79, N/A, 59.32, 100|2, 75, N/A, 69.66, 100|3, 65, N/A, 80.17, 100|
14:36:24 0, 79, N/A, 59.24, 100|1, 79, N/A, 64.19, 100|2, 75, N/A, 134.45, 100|3, 65, N/A, 73.66, 100|
14:36:26 0, 79, N/A, 59.80, 87|1, 79, N/A, 104.69, 86|2, 75, N/A, 137.24, 85|3, 65, N/A, 108.94, 85|
14:36:28 0, 79, N/A, 59.57, 100|1, 79, N/A, 78.35, 100|2, 75, N/A, 84.31, 100|3, 65, N/A, 65.68, 100|
14:36:30 0, 79, N/A, 51.32, 73|1, 79, N/A, 120.52, 77|2, 75, N/A, 93.54, 78|3, 65, N/A, 70.54, 79|
14:36:32 0, 79, N/A, 61.58, 100|1, 79, N/A, 96.41, 100|2, 75, N/A, 126.43, 100|3, 65, N/A, 93.91, 100|
14:36:34 0, 79, N/A, 64.58, 100|1, 79, N/A, 63.90, 100|2, 75, N/A, 76.38, 100|3, 65, N/A, 90.28, 100|
14:36:36 0, 79, N/A, 63.32, 100|1, 79, N/A, 69.21, 100|2, 75, N/A, 76.87, 100|3, 65, N/A, 68.80, 100|
14:36:39 0, 79, N/A, 65.59, 100|1, 79, N/A, 62.73, 100|2, 75, N/A, 128.94, 100|3, 64, N/A, 81.39, 100|
14:36:41 0, 79, N/A, 60.08, 100|1, 79, N/A, 70.42, 100|2, 75, N/A, 81.25, 100|3, 65, N/A, 61.10, 100|
14:36:43 0, 79, N/A, 65.22, 94|1, 79, N/A, 71.15, 93|2, 75, N/A, 77.84, 84|3, 64, N/A, 58.94, 77|
14:36:45 0, 79, N/A, 64.09, 100|1, 79, N/A, 65.81, 100|2, 75, N/A, 133.97, 100|3, 64, N/A, 114.02, 100|
14:36:47 0, 79, N/A, 67.05, 100|1, 79, N/A, 94.79, 100|2, 75, N/A, 81.45, 100|3, 64, N/A, 61.33, 100|
14:36:49 0, 79, N/A, 56.84, 98|1, 79, N/A, 86.42, 88|2, 75, N/A, 91.00, 87|3, 64, N/A, 72.68, 99|
14:36:51 0, 79, N/A, 57.05, 98|1, 79, N/A, 85.84, 88|2, 75, N/A, 91.30, 88|3, 64, N/A, 75.76, 87|
14:36:53 0, 78, N/A, 39.78, 0|1, 79, N/A, 60.67, 0|2, 74, N/A, 65.61, 0|3, 63, N/A, 48.32, 0|
14:36:56 0, 79, N/A, 54.60, 0|1, 78, N/A, 59.69, 0|2, 73, N/A, 60.00, 0|3, 63, N/A, 47.58, 0|
