14:36:58 0, 78, N/A, 46.12, 0|1, 77, N/A, 43.20, 0|2, 72, N/A, 43.74, 0|3, 62, N/A, 32.27, 0|
14:37:00 0, 78, N/A, 48.28, 0|1, 77, N/A, 52.40, 0|2, 72, N/A, 43.46, 0|3, 61, N/A, 32.25, 0|
14:37:02 0, 78, N/A, 49.26, 39|1, 77, N/A, 52.16, 0|2, 72, N/A, 43.22, 0|3, 61, N/A, 32.25, 0|
14:37:04 0, 78, N/A, 48.28, 0|1, 77, N/A, 52.89, 39|2, 71, N/A, 43.22, 0|3, 61, N/A, 32.00, 0|
14:37:06 0, 78, N/A, 48.32, 1|1, 77, N/A, 60.01, 6|2, 71, N/A, 43.00, 0|3, 61, N/A, 32.27, 0|
14:37:08 0, 78, N/A, 47.80, 0|1, 77, N/A, 59.72, 0|2, 71, N/A, 42.98, 0|3, 61, N/A, 32.25, 0|
14:37:10 0, 78, N/A, 78.01, 53|1, 78, N/A, 54.74, 47|2, 71, N/A, 42.92, 0|3, 61, N/A, 32.45, 0|
14:37:12 0, 79, N/A, 115.16, 100|1, 77, N/A, 52.09, 0|2, 71, N/A, 42.92, 0|3, 61, N/A, 31.96, 0|
14:37:15 0, 79, N/A, 65.49, 100|1, 77, N/A, 51.92, 0|2, 71, N/A, 42.73, 0|3, 61, N/A, 32.23, 0|
14:37:17 0, 78, N/A, 48.16, 68|1, 78, N/A, 154.97, 42|2, 71, N/A, 42.40, 0|3, 61, N/A, 31.94, 0|
14:37:19 0, 79, N/A, 70.11, 100|1, 78, N/A, 53.10, 0|2, 71, N/A, 42.48, 0|3, 61, N/A, 31.99, 0|
14:37:21 0, 79, N/A, 63.08, 100|1, 77, N/A, 51.92, 0|2, 71, N/A, 42.49, 0|3, 61, N/A, 32.25, 0|
14:37:23 0, 79, N/A, 89.00, 100|1, 79, N/A, 128.91, 100|2, 71, N/A, 42.62, 0|3, 61, N/A, 31.92, 0|
14:37:25 0, 79, N/A, 64.31, 100|1, 77, N/A, 52.16, 0|2, 71, N/A, 42.48, 0|3, 61, N/A, 31.99, 0|
14:37:27 0, 79, N/A, 49.13, 2|1, 79, N/A, 163.96, 55|2, 71, N/A, 42.38, 0|3, 61, N/A, 32.17, 0|
14:37:29 0, 79, N/A, 63.33, 100|1, 78, N/A, 53.13, 0|2, 71, N/A, 42.49, 0|3, 61, N/A, 32.01, 0|
14:37:32 0, 79, N/A, 65.27, 100|1, 77, N/A, 51.92, 0|2, 71, N/A, 42.49, 0|3, 61, N/A, 32.01, 0|
14:37:34 0, 78, N/A, 48.40, 0|1, 79, N/A, 176.90, 100|2, 71, N/A, 42.38, 0|3, 61, N/A, 32.15, 0|
14:37:36 0, 80, N/A, 129.57, 100|1, 78, N/A, 52.76, 0|2, 71, N/A, 42.65, 0|3, 61, N/A, 32.17, 0|
14:37:38 0, 79, N/A, 58.01, 100|1, 76, N/A, 51.68, 0|2, 71, N/A, 42.24, 0|3, 61, N/A, 32.25, 0|
14:37:40 0, 78, N/A, 40.18, 30|1, 77, N/A, 150.72, 29|2, 71, N/A, 42.18, 0|3, 61, N/A, 32.19, 0|
14:37:42 0, 79, N/A, 105.33, 100|1, 78, N/A, 58.63, 0|2, 71, N/A, 42.43, 0|3, 61, N/A, 32.21, 0|
14:37:44 0, 79, N/A, 61.62, 100|1, 77, N/A, 57.25, 0|2, 70, N/A, 42.24, 0|3, 61, N/A, 32.25, 0|
14:37:46 0, 79, N/A, 154.10, 0|1, 79, N/A, 192.11, 100|2, 71, N/A, 42.32, 0|3, 61, N/A, 32.10, 0|
14:37:48 0, 79, N/A, 58.95, 100|1, 77, N/A, 57.98, 0|2, 70, N/A, 42.24, 0|3, 61, N/A, 32.25, 0|
14:37:50 0, 78, N/A, 65.48, 100|1, 76, N/A, 57.49, 0|2, 71, N/A, 42.24, 0|3, 61, N/A, 31.99, 0|
14:37:53 0, 79, N/A, 64.62, 100|1, 79, N/A, 134.34, 100|2, 71, N/A, 42.16, 0|3, 61, N/A, 32.17, 0|
14:37:55 0, 78, N/A, 56.54, 100|1, 76, N/A, 51.67, 0|2, 71, N/A, 42.27, 0|3, 61, N/A, 32.25, 0|
14:37:57 0, 78, N/A, 48.64, 0|1, 80, N/A, 169.28, 100|2, 71, N/A, 42.14, 0|3, 61, N/A, 32.15, 0|
14:37:59 0, 80, N/A, 96.17, 100|1, 77, N/A, 52.34, 0|2, 71, N/A, 42.22, 0|3, 61, N/A, 32.23, 0|
14:38:01 0, 78, N/A, 69.38, 100|1, 76, N/A, 51.40, 0|2, 71, N/A, 42.24, 0|3, 61, N/A, 32.23, 0|
14:38:03 0, 79, N/A, 111.45, 72|1, 80, N/A, 176.82, 100|2, 70, N/A, 42.08, 0|3, 61, N/A, 32.10, 0|
14:38:05 0, 79, N/A, 62.84, 100|1, 76, N/A, 53.62, 0|2, 70, N/A, 42.24, 0|3, 61, N/A, 32.25, 0|
14:38:07 0, 79, N/A, 100.01, 100|1, 76, N/A, 53.07, 0|2, 70, N/A, 42.21, 0|3, 61, N/A, 32.21, 0|
14:38:10 0, 79, N/A, 59.22, 100|1, 78, N/A, 56.03, 23|2, 70, N/A, 42.24, 0|3, 61, N/A, 32.25, 0|
14:38:12 0, 79, N/A, 68.40, 100|1, 76, N/A, 52.65, 0|2, 70, N/A, 42.24, 0|3, 61, N/A, 32.23, 0|
14:38:14 0, 78, N/A, 48.61, 0|1, 78, N/A, 186.11, 100|2, 70, N/A, 42.13, 0|3, 61, N/A, 32.15, 0|
14:38:16 0, 79, N/A, 61.63, 100|1, 77, N/A, 52.40, 0|2, 70, N/A, 42.24, 0|3, 61, N/A, 32.25, 0|
14:38:18 0, 79, N/A, 100.74, 100|1, 76, N/A, 51.12, 0|2, 70, N/A, 42.19, 0|3, 61, N/A, 32.21, 0|
14:38:20 0, 78, N/A, 48.40, 0|1, 79, N/A, 161.63, 100|2, 70, N/A, 42.16, 0|3, 61, N/A, 32.19, 0|
14:38:22 0, 78, N/A, 65.48, 100|1, 76, N/A, 57.01, 0|2, 70, N/A, 42.24, 0|3, 61, N/A, 32.25, 0|
14:38:24 0, 79, N/A, 49.13, 0|1, 78, N/A, 170.97, 100|2, 70, N/A, 42.13, 0|3, 61, N/A, 32.15, 0|
14:38:26 0, 79, N/A, 66.45, 100|1, 77, N/A, 52.62, 0|2, 70, N/A, 42.24, 0|3, 61, N/A, 32.23, 0|
14:38:28 0, 79, N/A, 93.80, 100|1, 76, N/A, 51.40, 0|2, 70, N/A, 42.22, 0|3, 61, N/A, 32.23, 0|
14:38:30 0, 79, N/A, 64.86, 100|1, 80, N/A, 145.30, 100|2, 70, N/A, 42.16, 0|3, 61, N/A, 32.17, 0|
14:38:33 0, 78, N/A, 48.40, 0|1, 79, N/A, 167.59, 100|2, 70, N/A, 42.13, 0|3, 61, N/A, 32.17, 0|
14:38:35 0, 79, N/A, 63.82, 100|1, 76, N/A, 51.67, 0|2, 70, N/A, 42.24, 0|3, 61, N/A, 32.25, 0|
14:38:37 0, 78, N/A, 66.22, 100|1, 75, N/A, 50.94, 0|2, 70, N/A, 42.24, 0|3, 61, N/A, 32.23, 0|
14:38:39 0, 78, N/A, 48.13, 0|1, 79, N/A, 170.97, 100|2, 70, N/A, 42.16, 0|3, 61, N/A, 32.19, 0|
14:38:41 0, 79, N/A, 68.89, 61|1, 78, N/A, 54.81, 52|2, 70, N/A, 42.24, 0|3, 61, N/A, 32.25, 0|
14:38:43 0, 79, N/A, 136.41, 42|1, 79, N/A, 65.36, 57|2, 70, N/A, 41.94, 0|3, 61, N/A, 32.19, 0|
14:38:45 0, 79, N/A, 63.78, 100|1, 76, N/A, 59.92, 0|2, 70, N/A, 42.24, 0|3, 61, N/A, 32.23, 0|
14:38:47 0, 79, N/A, 49.10, 0|1, 78, N/A, 178.01, 100|2, 70, N/A, 42.13, 0|3, 62, N/A, 32.17, 0|
14:38:49 0, 79, N/A, 66.45, 100|1, 77, N/A, 52.38, 0|2, 70, N/A, 42.24, 0|3, 61, N/A, 32.25, 0|
14:38:52 0, 79, N/A, 92.04, 100|1, 76, N/A, 51.12, 0|2, 70, N/A, 42.19, 0|3, 61, N/A, 32.21, 0|
14:38:54 0, 79, N/A, 63.53, 100|1, 78, N/A, 57.97, 47|2, 70, N/A, 42.00, 0|3, 62, N/A, 32.23, 0|
14:38:56 0, 79, N/A, 105.28, 100|1, 76, N/A, 57.18, 0|2, 70, N/A, 42.19, 0|3, 62, N/A, 32.21, 0|
14:38:58 0, 79, N/A, 66.70, 100|1, 78, N/A, 53.38, 19|2, 70, N/A, 42.00, 0|3, 62, N/A, 32.25, 0|
14:39:00 0, 79, N/A, 105.03, 100|1, 76, N/A, 50.88, 0|2, 70, N/A, 41.97, 0|3, 62, N/A, 32.21, 0|
14:39:02 0, 78, N/A, 48.25, 0|1, 79, N/A, 65.73, 100|2, 70, N/A, 42.00, 0|3, 62, N/A, 32.25, 0|
14:39:04 0, 79, N/A, 66.00, 100|1, 76, N/A, 51.19, 0|2, 70, N/A, 42.00, 0|3, 61, N/A, 32.25, 0|
14:39:06 0, 79, N/A, 111.20, 100|1, 80, N/A, 194.15, 100|2, 70, N/A, 41.81, 0|3, 62, N/A, 32.33, 0|
14:39:09 0, 78, N/A, 66.00, 100|1, 76, N/A, 51.43, 0|2, 70, N/A, 42.00, 0|3, 62, N/A, 32.25, 0|
14:39:11 0, 78, N/A, 48.64, 0|1, 78, N/A, 163.80, 100|2, 70, N/A, 41.91, 0|3, 62, N/A, 32.43, 0|
14:39:13 0, 79, N/A, 92.58, 100|1, 77, N/A, 56.75, 0|2, 70, N/A, 42.00, 0|3, 62, N/A, 32.23, 0|
14:39:15 0, 80, N/A, 112.57, 100|1, 79, N/A, 138.51, 100|2, 70, N/A, 41.88, 0|3, 62, N/A, 32.39, 0|
14:39:17 0, 78, N/A, 67.43, 100|1, 77, N/A, 57.49, 0|2, 70, N/A, 41.97, 0|3, 62, N/A, 32.23, 0|
14:39:19 0, 78, N/A, 48.40, 0|1, 80, N/A, 173.68, 100|2, 70, N/A, 42.13, 0|3, 62, N/A, 32.17, 0|
14:39:21 0, 79, N/A, 61.63, 100|1, 77, N/A, 51.67, 0|2, 70, N/A, 42.00, 0|3, 62, N/A, 32.25, 0|
14:39:23 0, 79, N/A, 64.06, 100|1, 76, N/A, 51.19, 0|2, 70, N/A, 42.00, 0|3, 62, N/A, 32.49, 0|
14:39:25 0, 79, N/A, 112.60, 100|1, 80, N/A, 143.66, 100|2, 70, N/A, 41.86, 0|3, 62, N/A, 32.10, 0|
14:39:28 0, 79, N/A, 92.10, 100|1, 76, N/A, 51.88, 0|2, 70, N/A, 41.97, 0|3, 62, N/A, 32.45, 0|
14:39:30 0, 80, N/A, 102.42, 100|1, 78, N/A, 53.80, 100|2, 70, N/A, 41.94, 0|3, 62, N/A, 32.45, 0|
14:39:32 0, 79, N/A, 101.69, 100|1, 76, N/A, 51.12, 0|2, 70, N/A, 41.97, 0|3, 62, N/A, 32.45, 0|
14:39:34 0, 79, N/A, 92.04, 100|1, 78, N/A, 58.19, 47|2, 70, N/A, 41.97, 0|3, 62, N/A, 32.46, 0|
14:39:36 0, 79, N/A, 107.22, 100|1, 76, N/A, 56.96, 0|2, 70, N/A, 41.94, 0|3, 62, N/A, 32.45, 0|
14:39:38 0, 78, N/A, 48.25, 0|1, 78, N/A, 71.06, 100|2, 70, N/A, 42.02, 0|3, 62, N/A, 32.25, 0|
14:39:40 0, 78, N/A, 65.27, 100|1, 76, N/A, 54.57, 0|2, 70, N/A, 42.00, 0|3, 62, N/A, 32.49, 0|
14:39:42 0, 78, N/A, 137.49, 0|1, 79, N/A, 178.50, 100|2, 70, N/A, 41.76, 0|3, 62, N/A, 32.55, 0|
14:39:44 0, 79, N/A, 95.92, 100|1, 76, N/A, 58.18, 0|2, 70, N/A, 41.97, 0|3, 62, N/A, 32.45, 0|
14:39:47 0, 79, N/A, 96.22, 100|1, 79, N/A, 150.43, 100|2, 70, N/A, 41.86, 0|3, 62, N/A, 32.39, 0|
14:39:49 0, 78, N/A, 76.14, 100|1, 76, N/A, 57.94, 0|2, 70, N/A, 41.97, 0|3, 62, N/A, 32.47, 0|
14:39:51 0, 79, N/A, 148.67, 84|1, 78, N/A, 56.40, 0|2, 70, N/A, 41.92, 0|3, 62, N/A, 32.43, 0|
14:39:53 0, 79, N/A, 66.70, 100|1, 76, N/A, 54.57, 0|2, 70, N/A, 42.00, 0|3, 62, N/A, 32.49, 0|
14:39:55 0, 78, N/A, 48.37, 0|1, 79, N/A, 194.90, 100|2, 70, N/A, 41.86, 0|3, 62, N/A, 32.63, 0|
14:39:57 0, 79, N/A, 171.75, 46|1, 78, N/A, 54.42, 62|2, 70, N/A, 41.89, 0|3, 62, N/A, 32.65, 0|
14:39:59 0, 80, N/A, 93.01, 45|1, 78, N/A, 104.73, 61|2, 70, N/A, 41.92, 0|3, 62, N/A, 32.65, 0|
14:40:02 0, 78, N/A, 54.88, 0|1, 76, N/A, 58.06, 0|2, 70, N/A, 41.78, 0|3, 62, N/A, 32.52, 0|
