14:31:17 0, 79, N/A, 55.32, 0|1, 73, N/A, 55.54, 0|2, 65, N/A, 53.44, 0|3, 59, N/A, 43.22, 0|
14:31:19 0, 79, N/A, 55.57, 0|1, 73, N/A, 55.54, 0|2, 66, N/A, 52.95, 0|3, 59, N/A, 42.97, 0|
14:31:21 0, 79, N/A, 48.77, 0|1, 73, N/A, 49.27, 40|2, 65, N/A, 46.64, 0|3, 59, N/A, 38.36, 0|
14:31:23 0, 79, N/A, 48.53, 0|1, 73, N/A, 48.29, 0|2, 65, N/A, 46.64, 0|3, 59, N/A, 39.09, 39|
14:31:25 0, 79, N/A, 48.56, 0|1, 72, N/A, 48.30, 1|2, 65, N/A, 47.16, 0|3, 59, N/A, 38.61, 6|
14:31:27 0, 79, N/A, 48.56, 0|1, 72, N/A, 48.05, 0|2, 65, N/A, 47.13, 0|3, 59, N/A, 38.36, 0|
14:31:29 0, 79, N/A, 47.67, 19|1, 74, N/A, 52.51, 26|2, 67, N/A, 82.94, 19|3, 60, N/A, 142.13, 42|
14:31:31 0, 79, N/A, 69.86, 100|1, 73, N/A, 48.50, 0|2, 66, N/A, 49.29, 0|3, 60, N/A, 44.66, 0|
14:31:34 0, 79, N/A, 57.52, 100|1, 72, N/A, 48.26, 0|2, 66, N/A, 49.29, 0|3, 60, N/A, 44.68, 0|
14:31:36 0, 79, N/A, 39.67, 0|1, 74, N/A, 57.62, 0|2, 70, N/A, 163.22, 100|3, 60, N/A, 44.81, 0|
14:31:38 0, 79, N/A, 67.18, 100|1, 74, N/A, 57.24, 0|2, 67, N/A, 56.12, 0|3, 61, N/A, 45.39, 0|
14:31:40 0, 80, N/A, 58.54, 100|1, 77, N/A, 187.68, 100|2, 67, N/A, 55.94, 0|3, 60, N/A, 45.00, 0|
14:31:42 0, 80, N/A, 61.46, 100|1, 74, N/A, 57.90, 0|2, 68, N/A, 57.00, 0|3, 64, N/A, 73.27, 100|
14:31:44 0, 80, N/A, 71.05, 100|1, 76, N/A, 59.94, 0|2, 69, N/A, 192.30, 100|3, 61, N/A, 45.24, 0|
14:31:46 0, 80, N/A, 65.72, 100|1, 75, N/A, 58.19, 0|2, 68, N/A, 56.82, 0|3, 61, N/A, 45.85, 0|
14:31:48 0, 79, N/A, 40.13, 0|1, 75, N/A, 58.76, 0|2, 71, N/A, 207.41, 100|3, 61, N/A, 45.51, 0|
14:31:50 0, 80, N/A, 64.75, 100|1, 75, N/A, 58.67, 0|2, 68, N/A, 57.06, 0|3, 62, N/A, 46.12, 0|
14:31:52 0, 80, N/A, 60.61, 100|1, 75, N/A, 58.43, 0|2, 68, N/A, 56.82, 0|3, 61, N/A, 45.63, 0|
14:31:55 0, 80, N/A, 66.96, 100|1, 76, N/A, 59.73, 0|2, 71, N/A, 191.45, 100|3, 61, N/A, 45.48, 0|
14:31:57 0, 81, N/A, 64.74, 100|1, 78, N/A, 189.96, 73|2, 68, N/A, 57.40, 0|3, 62, N/A, 45.97, 0|
14:31:59 0, 80, N/A, 66.48, 100|1, 76, N/A, 58.28, 0|2, 70, N/A, 59.35, 0|3, 64, N/A, 153.75, 100|
14:32:01 0, 81, N/A, 67.21, 100|1, 80, N/A, 180.78, 100|2, 69, N/A, 57.65, 0|3, 62, N/A, 45.97, 0|
14:32:03 0, 81, N/A, 69.57, 100|1, 76, N/A, 55.75, 0|2, 70, N/A, 58.77, 0|3, 64, N/A, 47.80, 90|
14:32:05 0, 80, N/A, 40.64, 0|1, 78, N/A, 58.80, 0|2, 71, N/A, 166.35, 100|3, 62, N/A, 46.00, 0|
14:32:07 0, 80, N/A, 64.50, 100|1, 77, N/A, 57.21, 0|2, 70, N/A, 58.77, 0|3, 64, N/A, 47.31, 0|
14:32:09 0, 80, N/A, 73.18, 100|1, 76, N/A, 51.40, 0|2, 69, N/A, 58.28, 0|3, 63, N/A, 46.12, 0|
14:32:11 0, 81, N/A, 57.53, 100|1, 79, N/A, 56.33, 100|2, 70, N/A, 173.65, 0|3, 62, N/A, 46.00, 0|
14:32:13 0, 81, N/A, 64.02, 100|1, 77, N/A, 51.64, 0|2, 70, N/A, 59.26, 0|3, 64, N/A, 47.55, 0|
14:32:16 0, 81, N/A, 60.41, 100|1, 78, N/A, 52.69, 0|2, 73, N/A, 178.40, 100|3, 63, N/A, 46.21, 0|
14:32:18 0, 81, N/A, 71.28, 100|1, 77, N/A, 51.64, 0|2, 70, N/A, 59.26, 0|3, 63, N/A, 45.87, 0|
14:32:20 0, 81, N/A, 63.08, 100|1, 78, N/A, 52.93, 0|2, 74, N/A, 160.20, 100|3, 63, N/A, 45.51, 0|
14:32:22 0, 81, N/A, 41.10, 0|1, 79, N/A, 170.37, 100|2, 70, N/A, 57.90, 0|3, 63, N/A, 46.03, 0|
14:32:24 0, 80, N/A, 40.59, 0|1, 78, N/A, 52.02, 0|2, 72, N/A, 61.05, 0|3, 65, N/A, 175.33, 100|
14:32:26 0, 81, N/A, 60.12, 100|1, 77, N/A, 51.88, 0|2, 70, N/A, 58.97, 0|3, 63, N/A, 46.34, 0|
14:32:28 0, 81, N/A, 63.77, 100|1, 77, N/A, 51.88, 0|2, 70, N/A, 58.77, 0|3, 62, N/A, 45.63, 0|
14:32:30 0, 81, N/A, 65.51, 100|1, 78, N/A, 58.76, 0|2, 73, N/A, 159.46, 100|3, 62, N/A, 45.48, 0|
14:32:32 0, 81, N/A, 65.75, 100|1, 79, N/A, 155.73, 63|2, 70, N/A, 59.32, 0|3, 63, N/A, 45.97, 0|
14:32:34 0, 81, N/A, 41.51, 100|1, 79, N/A, 153.34, 0|2, 72, N/A, 62.15, 100|3, 64, N/A, 158.29, 78|
14:32:37 0, 81, N/A, 67.87, 100|1, 78, N/A, 56.00, 0|2, 71, N/A, 59.96, 0|3, 64, N/A, 47.31, 0|
14:32:39 0, 81, N/A, 64.99, 100|1, 78, N/A, 55.75, 0|2, 70, N/A, 59.50, 0|3, 62, N/A, 46.09, 0|
14:32:41 0, 81, N/A, 40.88, 0|1, 81, N/A, 134.80, 100|2, 70, N/A, 58.90, 0|3, 62, N/A, 45.79, 0|
14:32:43 0, 80, N/A, 40.64, 0|1, 78, N/A, 52.51, 0|2, 72, N/A, 60.60, 0|3, 66, N/A, 149.74, 100|
14:32:45 0, 81, N/A, 62.31, 30|1, 78, N/A, 52.61, 19|2, 71, N/A, 62.39, 19|3, 64, N/A, 48.04, 13|
14:32:47 0, 80, N/A, 40.72, 0|1, 78, N/A, 52.38, 0|2, 71, N/A, 61.94, 0|3, 64, N/A, 47.34, 0|
14:32:49 0, 81, N/A, 68.11, 100|1, 77, N/A, 52.37, 0|2, 71, N/A, 62.18, 0|3, 64, N/A, 47.31, 0|
14:32:51 0, 81, N/A, 68.64, 100|1, 77, N/A, 52.13, 0|2, 71, N/A, 50.76, 0|3, 63, N/A, 39.53, 0|
14:32:53 0, 81, N/A, 64.82, 100|1, 79, N/A, 60.22, 67|2, 72, N/A, 184.90, 93|3, 63, N/A, 40.13, 0|
14:32:55 0, 81, N/A, 68.11, 100|1, 78, N/A, 58.18, 0|2, 72, N/A, 60.44, 0|3, 64, N/A, 46.82, 0|
14:32:58 0, 81, N/A, 58.02, 100|1, 78, N/A, 52.93, 0|2, 75, N/A, 189.40, 100|3, 63, N/A, 46.19, 0|
14:33:00 0, 81, N/A, 63.56, 100|1, 80, N/A, 145.44, 100|2, 72, N/A, 60.57, 0|3, 64, N/A, 46.49, 0|
14:33:02 0, 81, N/A, 57.78, 100|1, 78, N/A, 52.65, 0|2, 73, N/A, 62.92, 30|3, 65, N/A, 173.06, 62|
14:33:04 0, 81, N/A, 40.94, 0|1, 80, N/A, 71.73, 100|2, 72, N/A, 60.72, 0|3, 64, N/A, 46.58, 0|
14:33:06 0, 81, N/A, 57.99, 39|1, 78, N/A, 52.47, 0|2, 72, N/A, 61.02, 0|3, 67, N/A, 135.43, 100|
14:33:08 0, 81, N/A, 58.42, 100|1, 78, N/A, 52.34, 0|2, 72, N/A, 60.44, 0|3, 64, N/A, 47.06, 0|
14:33:10 0, 81, N/A, 64.38, 100|1, 80, N/A, 110.25, 100|2, 71, N/A, 60.37, 0|3, 63, N/A, 46.79, 0|
14:33:12 0, 81, N/A, 64.01, 100|1, 78, N/A, 52.58, 0|2, 72, N/A, 61.17, 0|3, 65, N/A, 48.77, 32|
14:33:15 0, 81, N/A, 69.34, 100|1, 79, N/A, 53.17, 32|2, 74, N/A, 182.73, 81|3, 63, N/A, 46.94, 0|
14:33:17 0, 81, N/A, 64.46, 100|1, 78, N/A, 52.58, 0|2, 72, N/A, 61.17, 0|3, 64, N/A, 47.55, 0|
14:33:19 0, 81, N/A, 59.72, 100|1, 78, N/A, 52.20, 12|2, 74, N/A, 173.64, 96|3, 63, N/A, 46.67, 0|
14:33:21 0, 81, N/A, 41.13, 0|1, 80, N/A, 107.15, 100|2, 72, N/A, 61.10, 0|3, 65, N/A, 47.76, 0|
14:33:23 0, 81, N/A, 40.86, 0|1, 78, N/A, 52.72, 0|2, 76, N/A, 176.32, 100|3, 63, N/A, 46.70, 0|
14:33:25 0, 81, N/A, 64.46, 100|1, 78, N/A, 52.58, 0|2, 72, N/A, 61.17, 0|3, 64, N/A, 47.55, 0|
14:33:27 0, 81, N/A, 69.53, 100|1, 78, N/A, 52.33, 0|2, 72, N/A, 60.44, 0|3, 63, N/A, 46.82, 0|
14:33:29 0, 81, N/A, 72.45, 100|1, 79, N/A, 52.68, 38|2, 74, N/A, 154.87, 66|3, 63, N/A, 46.70, 0|
14:33:31 0, 81, N/A, 65.68, 100|1, 78, N/A, 52.58, 0|2, 72, N/A, 61.17, 0|3, 64, N/A, 47.55, 0|
14:33:34 0, 81, N/A, 66.68, 100|1, 78, N/A, 53.14, 0|2, 76, N/A, 197.00, 100|3, 63, N/A, 46.67, 0|
14:33:36 0, 81, N/A, 72.74, 100|1, 80, N/A, 152.83, 100|2, 72, N/A, 61.09, 0|3, 64, N/A, 46.98, 0|
14:33:38 0, 81, N/A, 65.26, 100|1, 78, N/A, 52.72, 0|2, 73, N/A, 62.48, 0|3, 66, N/A, 161.80, 100|
14:33:40 0, 80, N/A, 40.97, 0|1, 79, N/A, 75.14, 100|2, 72, N/A, 61.18, 0|3, 64, N/A, 46.34, 0|
14:33:42 0, 80, N/A, 40.59, 0|1, 78, N/A, 52.72, 0|2, 75, N/A, 64.21, 32|3, 65, N/A, 148.27, 54|
14:33:44 0, 81, N/A, 73.66, 100|1, 78, N/A, 52.33, 0|2, 73, N/A, 61.42, 0|3, 64, N/A, 46.82, 0|
14:33:46 0, 81, N/A, 57.20, 100|1, 78, N/A, 52.13, 0|2, 72, N/A, 61.18, 0|3, 64, N/A, 46.58, 0|
14:33:48 0, 81, N/A, 59.44, 100|1, 78, N/A, 52.93, 0|2, 76, N/A, 168.82, 100|3, 63, N/A, 46.21, 0|
14:33:50 0, 81, N/A, 70.26, 100|1, 78, N/A, 52.58, 0|2, 73, N/A, 61.42, 0|3, 64, N/A, 46.82, 0|
14:33:53 0, 81, N/A, 65.02, 100|1, 78, N/A, 52.68, 0|2, 76, N/A, 198.21, 100|3, 63, N/A, 46.18, 0|
14:33:55 0, 80, N/A, 40.91, 0|1, 79, N/A, 108.60, 100|2, 72, N/A, 61.37, 0|3, 64, N/A, 46.54, 0|
14:33:57 0, 80, N/A, 66.89, 100|1, 78, N/A, 52.58, 0|2, 73, N/A, 61.90, 0|3, 65, N/A, 47.55, 0|
14:33:59 0, 81, N/A, 68.11, 100|1, 78, N/A, 52.58, 0|2, 72, N/A, 61.17, 0|3, 63, N/A, 46.34, 0|
14:34:01 0, 80, N/A, 40.67, 0|1, 80, N/A, 111.95, 100|2, 72, N/A, 60.88, 0|3, 63, N/A, 46.30, 0|
14:34:03 0, 80, N/A, 40.56, 0|1, 78, N/A, 52.44, 0|2, 73, N/A, 62.23, 0|3, 66, N/A, 166.50, 100|
14:34:05 0, 80, N/A, 51.81, 65|1, 78, N/A, 53.03, 19|2, 73, N/A, 64.54, 0|3, 65, N/A, 67.96, 31|
14:34:07 0, 80, N/A, 49.62, 30|1, 78, N/A, 53.03, 19|2, 73, N/A, 64.78, 13|3, 65, N/A, 68.69, 0|
14:34:09 0, 80, N/A, 40.61, 81|1, 78, N/A, 53.03, 1|2, 73, N/A, 65.03, 19|3, 66, N/A, 77.16, 25|
14:34:12 0, 80, N/A, 40.26, 0|1, 78, N/A, 59.73, 0|2, 73, N/A, 63.20, 0|3, 63, N/A, 47.13, 0|
